copying Registry/Registry.EM_CHEM to Registry/Registry
 
============================================================================================== 
 
V4.6.1
git commit d66e442fccc04111067e29274c9f9eaccc3cef28
 
Compiling: WRF_EM_CORE  
 
Linux bsces110911 6.8.0-52-generic #53~22.04.1-Ubuntu SMP PREEMPT_DYNAMIC Wed Jan 15 19:18:46 UTC 2 x86_64 x86_64 x86_64 GNU/Linux
 
GNU Fortran (Ubuntu 11.4.0-1ubuntu1~22.04) 11.4.0
Copyright (C) 2021 Free Software Foundation, Inc.
This is free software; see the source for copying conditions.  There is NO
warranty; not even for MERCHANTABILITY or FITNESS FOR A PARTICULAR PURPOSE.

 
============================================================================================== 
 
setting parallel make -j 2
 
============================================================================================== 
 
The following indicate the compilers selected to build the WRF system
 
Serial Fortran compiler (mostly for tool generation):
which SFC
/usr/bin/gfortran
 
Serial C compiler (mostly for tool generation):
which SCC
/usr/bin/gcc
 
Fortran compiler for the model source code:
which FC
/home/hnavarro/Desktop/WRF/Install-WRF-Chem/LIBRARIES/mpich/bin/mpif90
Will use 'time' to report timing information
 
C compiler for the model source code:
which CC
/home/hnavarro/Desktop/WRF/Install-WRF-Chem/LIBRARIES/mpich/bin/mpicc
 
============================================================================================== 
 
make -i -r MODULE_DIRS="-I../dyn_em  -I/home/hnavarro/Desktop/WRF/BUILD_WRF/WRF/external/esmf_time_f90  -I/home/hnavarro/Desktop/WRF/BUILD_WRF/WRF/main -I/home/hnavarro/Desktop/WRF/BUILD_WRF/WRF/external/io_netcdf -I/home/hnavarro/Desktop/WRF/BUILD_WRF/WRF/external/io_int -I/home/hnavarro/Desktop/WRF/BUILD_WRF/WRF/frame -I/home/hnavarro/Desktop/WRF/BUILD_WRF/WRF/share -I/home/hnavarro/Desktop/WRF/BUILD_WRF/WRF/phys -I/home/hnavarro/Desktop/WRF/BUILD_WRF/WRF/wrftladj -I/home/hnavarro/Desktop/WRF/BUILD_WRF/WRF/chem -I/home/hnavarro/Desktop/WRF/BUILD_WRF/WRF/inc -I/home/hnavarro/Desktop/WRF/Install-WRF-Chem/LIBRARIES/netcdf/include " ext
make[1]: Entering directory '/home/hnavarro/Desktop/WRF/BUILD_WRF/WRF'
--------------------------------------
if [ 0 -eq 0 ] ; then \
  ( cd frame ; make -i -r externals ) ; \
else \
  ( cd frame ; make -i -r PLUSFLAG="-DWRFPLUS=1" externals ) ; \
fi
make[2]: Entering directory '/home/hnavarro/Desktop/WRF/BUILD_WRF/WRF/frame'
( cd /home/hnavarro/Desktop/WRF/BUILD_WRF/WRF/external/esmf_time_f90 ; \
          make -j 2 FC="gfortran   -w -ffree-form -ffree-line-length-none -fconvert=big-endian -frecord-marker=4 -fallow-argument-mismatch -fallow-invalid-boz " RANLIB="ranlib" \
          CPP="/lib/cpp -P -nostdinc -I/home/hnavarro/Desktop/WRF/BUILD_WRF/WRF/inc -I. -DEM_CORE=1 -DNMM_CORE=0 -DNMM_MAX_DIM=2600 -DDA_CORE=0 -DWRFPLUS=0 -DIWORDSIZE=4 -DDWORDSIZE=8 -DRWORDSIZE=4 -DLWORDSIZE=4 -DNONSTANDARD_SYSTEM_SUBR  -DWRF_USE_CLM  -DDM_PARALLEL -DNETCDF -DLANDREAD_STUB=1 -DUSE_ALLOCATABLES -Dwrfmodel -DGRIB1 -DINTIO -DKEEP_INT_AROUND -DLIMIT_ARGS -DBUILD_RRTMG_FAST=0 -DBUILD_RRTMK=0 -DBUILD_SBM_FAST=1 -DSHOW_ALL_VARS_USED=0 -DCONFIG_BUF_LEN=65536 -DMAX_DOMAINS_F=21 -DMAX_HISTORY=25 -DNMM_NEST=0 -traditional-cpp" AR="ar" ARFLAGS="ru" )
make[3]: Entering directory '/home/hnavarro/Desktop/WRF/BUILD_WRF/WRF/external/esmf_time_f90'
/bin/rm -f ESMF_Base.o
/bin/rm -f ESMF_Fraction.o
sed -e "/\!.*'/s/'//g" ESMF_Base.F90 > ESMF_Base.b
sed -e "/\!.*'/s/'//g" ESMF_Fraction.F90 > ESMF_Fraction.b
/lib/cpp -P -nostdinc -I/home/hnavarro/Desktop/WRF/BUILD_WRF/WRF/inc -I. -DEM_CORE=1 -DNMM_CORE=0 -DNMM_MAX_DIM=2600 -DDA_CORE=0 -DWRFPLUS=0 -DIWORDSIZE=4 -DDWORDSIZE=8 -DRWORDSIZE=4 -DLWORDSIZE=4 -DNONSTANDARD_SYSTEM_SUBR  -DWRF_USE_CLM  -DDM_PARALLEL -DNETCDF -DLANDREAD_STUB=1 -DUSE_ALLOCATABLES -Dwrfmodel -DGRIB1 -DINTIO -DKEEP_INT_AROUND -DLIMIT_ARGS -DBUILD_RRTMG_FAST=0 -DBUILD_RRTMK=0 -DBUILD_SBM_FAST=1 -DSHOW_ALL_VARS_USED=0 -DCONFIG_BUF_LEN=65536 -DMAX_DOMAINS_F=21 -DMAX_HISTORY=25 -DNMM_NEST=0 -traditional-cpp -I. ESMF_Fraction.b > ESMF_Fraction.f
/lib/cpp -P -nostdinc -I/home/hnavarro/Desktop/WRF/BUILD_WRF/WRF/inc -I. -DEM_CORE=1 -DNMM_CORE=0 -DNMM_MAX_DIM=2600 -DDA_CORE=0 -DWRFPLUS=0 -DIWORDSIZE=4 -DDWORDSIZE=8 -DRWORDSIZE=4 -DLWORDSIZE=4 -DNONSTANDARD_SYSTEM_SUBR  -DWRF_USE_CLM  -DDM_PARALLEL -DNETCDF -DLANDREAD_STUB=1 -DUSE_ALLOCATABLES -Dwrfmodel -DGRIB1 -DINTIO -DKEEP_INT_AROUND -DLIMIT_ARGS -DBUILD_RRTMG_FAST=0 -DBUILD_RRTMK=0 -DBUILD_SBM_FAST=1 -DSHOW_ALL_VARS_USED=0 -DCONFIG_BUF_LEN=65536 -DMAX_DOMAINS_F=21 -DMAX_HISTORY=25 -DNMM_NEST=0 -traditional-cpp -I. ESMF_Base.b > ESMF_Base.f
/bin/rm -f ESMF_Base.b
/bin/rm -f ESMF_Fraction.b
gfortran   -w -ffree-form -ffree-line-length-none -fconvert=big-endian -frecord-marker=4 -fallow-argument-mismatch -fallow-invalid-boz  -o ESMF_Base.o -c ESMF_Base.f
gfortran   -w -ffree-form -ffree-line-length-none -fconvert=big-endian -frecord-marker=4 -fallow-argument-mismatch -fallow-invalid-boz  -o ESMF_Fraction.o -c ESMF_Fraction.f
/bin/rm -f ESMF_BaseTime.o
sed -e "/\!.*'/s/'//g" ESMF_BaseTime.F90 > ESMF_BaseTime.b
/lib/cpp -P -nostdinc -I/home/hnavarro/Desktop/WRF/BUILD_WRF/WRF/inc -I. -DEM_CORE=1 -DNMM_CORE=0 -DNMM_MAX_DIM=2600 -DDA_CORE=0 -DWRFPLUS=0 -DIWORDSIZE=4 -DDWORDSIZE=8 -DRWORDSIZE=4 -DLWORDSIZE=4 -DNONSTANDARD_SYSTEM_SUBR  -DWRF_USE_CLM  -DDM_PARALLEL -DNETCDF -DLANDREAD_STUB=1 -DUSE_ALLOCATABLES -Dwrfmodel -DGRIB1 -DINTIO -DKEEP_INT_AROUND -DLIMIT_ARGS -DBUILD_RRTMG_FAST=0 -DBUILD_RRTMK=0 -DBUILD_SBM_FAST=1 -DSHOW_ALL_VARS_USED=0 -DCONFIG_BUF_LEN=65536 -DMAX_DOMAINS_F=21 -DMAX_HISTORY=25 -DNMM_NEST=0 -traditional-cpp -I. ESMF_BaseTime.b > ESMF_BaseTime.f
/bin/rm -f ESMF_BaseTime.b
gfortran   -w -ffree-form -ffree-line-length-none -fconvert=big-endian -frecord-marker=4 -fallow-argument-mismatch -fallow-invalid-boz  -o ESMF_BaseTime.o -c ESMF_BaseTime.f
/bin/rm -f ESMF_Calendar.o
sed -e "/\!.*'/s/'//g" ESMF_Calendar.F90 > ESMF_Calendar.b
/lib/cpp -P -nostdinc -I/home/hnavarro/Desktop/WRF/BUILD_WRF/WRF/inc -I. -DEM_CORE=1 -DNMM_CORE=0 -DNMM_MAX_DIM=2600 -DDA_CORE=0 -DWRFPLUS=0 -DIWORDSIZE=4 -DDWORDSIZE=8 -DRWORDSIZE=4 -DLWORDSIZE=4 -DNONSTANDARD_SYSTEM_SUBR  -DWRF_USE_CLM  -DDM_PARALLEL -DNETCDF -DLANDREAD_STUB=1 -DUSE_ALLOCATABLES -Dwrfmodel -DGRIB1 -DINTIO -DKEEP_INT_AROUND -DLIMIT_ARGS -DBUILD_RRTMG_FAST=0 -DBUILD_RRTMK=0 -DBUILD_SBM_FAST=1 -DSHOW_ALL_VARS_USED=0 -DCONFIG_BUF_LEN=65536 -DMAX_DOMAINS_F=21 -DMAX_HISTORY=25 -DNMM_NEST=0 -traditional-cpp -I. ESMF_Calendar.b > ESMF_Calendar.f
/bin/rm -f ESMF_Calendar.b
gfortran   -w -ffree-form -ffree-line-length-none -fconvert=big-endian -frecord-marker=4 -fallow-argument-mismatch -fallow-invalid-boz  -o ESMF_Calendar.o -c ESMF_Calendar.f
/bin/rm -f ESMF_TimeInterval.o
/bin/rm -f ESMF_Stubs.o
sed -e "/\!.*'/s/'//g" ESMF_TimeInterval.F90 > ESMF_TimeInterval.b
sed -e "/\!.*'/s/'//g" ESMF_Stubs.F90 > ESMF_Stubs.b
/lib/cpp -P -nostdinc -I/home/hnavarro/Desktop/WRF/BUILD_WRF/WRF/inc -I. -DEM_CORE=1 -DNMM_CORE=0 -DNMM_MAX_DIM=2600 -DDA_CORE=0 -DWRFPLUS=0 -DIWORDSIZE=4 -DDWORDSIZE=8 -DRWORDSIZE=4 -DLWORDSIZE=4 -DNONSTANDARD_SYSTEM_SUBR  -DWRF_USE_CLM  -DDM_PARALLEL -DNETCDF -DLANDREAD_STUB=1 -DUSE_ALLOCATABLES -Dwrfmodel -DGRIB1 -DINTIO -DKEEP_INT_AROUND -DLIMIT_ARGS -DBUILD_RRTMG_FAST=0 -DBUILD_RRTMK=0 -DBUILD_SBM_FAST=1 -DSHOW_ALL_VARS_USED=0 -DCONFIG_BUF_LEN=65536 -DMAX_DOMAINS_F=21 -DMAX_HISTORY=25 -DNMM_NEST=0 -traditional-cpp -I. ESMF_TimeInterval.b > ESMF_TimeInterval.f
/lib/cpp -P -nostdinc -I/home/hnavarro/Desktop/WRF/BUILD_WRF/WRF/inc -I. -DEM_CORE=1 -DNMM_CORE=0 -DNMM_MAX_DIM=2600 -DDA_CORE=0 -DWRFPLUS=0 -DIWORDSIZE=4 -DDWORDSIZE=8 -DRWORDSIZE=4 -DLWORDSIZE=4 -DNONSTANDARD_SYSTEM_SUBR  -DWRF_USE_CLM  -DDM_PARALLEL -DNETCDF -DLANDREAD_STUB=1 -DUSE_ALLOCATABLES -Dwrfmodel -DGRIB1 -DINTIO -DKEEP_INT_AROUND -DLIMIT_ARGS -DBUILD_RRTMG_FAST=0 -DBUILD_RRTMK=0 -DBUILD_SBM_FAST=1 -DSHOW_ALL_VARS_USED=0 -DCONFIG_BUF_LEN=65536 -DMAX_DOMAINS_F=21 -DMAX_HISTORY=25 -DNMM_NEST=0 -traditional-cpp -I. ESMF_Stubs.b > ESMF_Stubs.f
/bin/rm -f ESMF_Stubs.b
/bin/rm -f ESMF_TimeInterval.b
gfortran   -w -ffree-form -ffree-line-length-none -fconvert=big-endian -frecord-marker=4 -fallow-argument-mismatch -fallow-invalid-boz  -o ESMF_Stubs.o -c ESMF_Stubs.f
gfortran   -w -ffree-form -ffree-line-length-none -fconvert=big-endian -frecord-marker=4 -fallow-argument-mismatch -fallow-invalid-boz  -o ESMF_TimeInterval.o -c ESMF_TimeInterval.f
/bin/rm -f ESMF_Time.o
sed -e "/\!.*'/s/'//g" ESMF_Time.F90 > ESMF_Time.b
/lib/cpp -P -nostdinc -I/home/hnavarro/Desktop/WRF/BUILD_WRF/WRF/inc -I. -DEM_CORE=1 -DNMM_CORE=0 -DNMM_MAX_DIM=2600 -DDA_CORE=0 -DWRFPLUS=0 -DIWORDSIZE=4 -DDWORDSIZE=8 -DRWORDSIZE=4 -DLWORDSIZE=4 -DNONSTANDARD_SYSTEM_SUBR  -DWRF_USE_CLM  -DDM_PARALLEL -DNETCDF -DLANDREAD_STUB=1 -DUSE_ALLOCATABLES -Dwrfmodel -DGRIB1 -DINTIO -DKEEP_INT_AROUND -DLIMIT_ARGS -DBUILD_RRTMG_FAST=0 -DBUILD_RRTMK=0 -DBUILD_SBM_FAST=1 -DSHOW_ALL_VARS_USED=0 -DCONFIG_BUF_LEN=65536 -DMAX_DOMAINS_F=21 -DMAX_HISTORY=25 -DNMM_NEST=0 -traditional-cpp -I. ESMF_Time.b > ESMF_Time.f
/bin/rm -f ESMF_Time.b
gfortran   -w -ffree-form -ffree-line-length-none -fconvert=big-endian -frecord-marker=4 -fallow-argument-mismatch -fallow-invalid-boz  -o ESMF_Time.o -c ESMF_Time.f
/bin/rm -f ESMF_Alarm.o
sed -e "/\!.*'/s/'//g" ESMF_Alarm.F90 > ESMF_Alarm.b
/lib/cpp -P -nostdinc -I/home/hnavarro/Desktop/WRF/BUILD_WRF/WRF/inc -I. -DEM_CORE=1 -DNMM_CORE=0 -DNMM_MAX_DIM=2600 -DDA_CORE=0 -DWRFPLUS=0 -DIWORDSIZE=4 -DDWORDSIZE=8 -DRWORDSIZE=4 -DLWORDSIZE=4 -DNONSTANDARD_SYSTEM_SUBR  -DWRF_USE_CLM  -DDM_PARALLEL -DNETCDF -DLANDREAD_STUB=1 -DUSE_ALLOCATABLES -Dwrfmodel -DGRIB1 -DINTIO -DKEEP_INT_AROUND -DLIMIT_ARGS -DBUILD_RRTMG_FAST=0 -DBUILD_RRTMK=0 -DBUILD_SBM_FAST=1 -DSHOW_ALL_VARS_USED=0 -DCONFIG_BUF_LEN=65536 -DMAX_DOMAINS_F=21 -DMAX_HISTORY=25 -DNMM_NEST=0 -traditional-cpp -I. ESMF_Alarm.b > ESMF_Alarm.f
/bin/rm -f ESMF_Alarm.b
gfortran   -w -ffree-form -ffree-line-length-none -fconvert=big-endian -frecord-marker=4 -fallow-argument-mismatch -fallow-invalid-boz  -o ESMF_Alarm.o -c ESMF_Alarm.f
/bin/rm -f ESMF_Clock.o
sed -e "/\!.*'/s/'//g" ESMF_Clock.F90 > ESMF_Clock.b
/lib/cpp -P -nostdinc -I/home/hnavarro/Desktop/WRF/BUILD_WRF/WRF/inc -I. -DEM_CORE=1 -DNMM_CORE=0 -DNMM_MAX_DIM=2600 -DDA_CORE=0 -DWRFPLUS=0 -DIWORDSIZE=4 -DDWORDSIZE=8 -DRWORDSIZE=4 -DLWORDSIZE=4 -DNONSTANDARD_SYSTEM_SUBR  -DWRF_USE_CLM  -DDM_PARALLEL -DNETCDF -DLANDREAD_STUB=1 -DUSE_ALLOCATABLES -Dwrfmodel -DGRIB1 -DINTIO -DKEEP_INT_AROUND -DLIMIT_ARGS -DBUILD_RRTMG_FAST=0 -DBUILD_RRTMK=0 -DBUILD_SBM_FAST=1 -DSHOW_ALL_VARS_USED=0 -DCONFIG_BUF_LEN=65536 -DMAX_DOMAINS_F=21 -DMAX_HISTORY=25 -DNMM_NEST=0 -traditional-cpp -I. ESMF_Clock.b > ESMF_Clock.f
/bin/rm -f ESMF_Clock.b
gfortran   -w -ffree-form -ffree-line-length-none -fconvert=big-endian -frecord-marker=4 -fallow-argument-mismatch -fallow-invalid-boz  -o ESMF_Clock.o -c ESMF_Clock.f
/bin/rm -f Meat.o
/bin/rm -f ESMF_AlarmClock.o
sed -e "/\!.*'/s/'//g" Meat.F90 > Meat.b
sed -e "/\!.*'/s/'//g" ESMF_AlarmClock.F90 > ESMF_AlarmClock.b
/lib/cpp -P -nostdinc -I/home/hnavarro/Desktop/WRF/BUILD_WRF/WRF/inc -I. -DEM_CORE=1 -DNMM_CORE=0 -DNMM_MAX_DIM=2600 -DDA_CORE=0 -DWRFPLUS=0 -DIWORDSIZE=4 -DDWORDSIZE=8 -DRWORDSIZE=4 -DLWORDSIZE=4 -DNONSTANDARD_SYSTEM_SUBR  -DWRF_USE_CLM  -DDM_PARALLEL -DNETCDF -DLANDREAD_STUB=1 -DUSE_ALLOCATABLES -Dwrfmodel -DGRIB1 -DINTIO -DKEEP_INT_AROUND -DLIMIT_ARGS -DBUILD_RRTMG_FAST=0 -DBUILD_RRTMK=0 -DBUILD_SBM_FAST=1 -DSHOW_ALL_VARS_USED=0 -DCONFIG_BUF_LEN=65536 -DMAX_DOMAINS_F=21 -DMAX_HISTORY=25 -DNMM_NEST=0 -traditional-cpp -I. ESMF_AlarmClock.b > ESMF_AlarmClock.f
/lib/cpp -P -nostdinc -I/home/hnavarro/Desktop/WRF/BUILD_WRF/WRF/inc -I. -DEM_CORE=1 -DNMM_CORE=0 -DNMM_MAX_DIM=2600 -DDA_CORE=0 -DWRFPLUS=0 -DIWORDSIZE=4 -DDWORDSIZE=8 -DRWORDSIZE=4 -DLWORDSIZE=4 -DNONSTANDARD_SYSTEM_SUBR  -DWRF_USE_CLM  -DDM_PARALLEL -DNETCDF -DLANDREAD_STUB=1 -DUSE_ALLOCATABLES -Dwrfmodel -DGRIB1 -DINTIO -DKEEP_INT_AROUND -DLIMIT_ARGS -DBUILD_RRTMG_FAST=0 -DBUILD_RRTMK=0 -DBUILD_SBM_FAST=1 -DSHOW_ALL_VARS_USED=0 -DCONFIG_BUF_LEN=65536 -DMAX_DOMAINS_F=21 -DMAX_HISTORY=25 -DNMM_NEST=0 -traditional-cpp -I. Meat.b > Meat.f
/bin/rm -f Meat.b
/bin/rm -f ESMF_AlarmClock.b
gfortran   -w -ffree-form -ffree-line-length-none -fconvert=big-endian -frecord-marker=4 -fallow-argument-mismatch -fallow-invalid-boz  -o Meat.o -c Meat.f
gfortran   -w -ffree-form -ffree-line-length-none -fconvert=big-endian -frecord-marker=4 -fallow-argument-mismatch -fallow-invalid-boz  -o ESMF_AlarmClock.o -c ESMF_AlarmClock.f
/bin/rm -f ESMF_Mod.o
sed -e "/\!.*'/s/'//g" ESMF_Mod.F90 > ESMF_Mod.b
/lib/cpp -P -nostdinc -I/home/hnavarro/Desktop/WRF/BUILD_WRF/WRF/inc -I. -DEM_CORE=1 -DNMM_CORE=0 -DNMM_MAX_DIM=2600 -DDA_CORE=0 -DWRFPLUS=0 -DIWORDSIZE=4 -DDWORDSIZE=8 -DRWORDSIZE=4 -DLWORDSIZE=4 -DNONSTANDARD_SYSTEM_SUBR  -DWRF_USE_CLM  -DDM_PARALLEL -DNETCDF -DLANDREAD_STUB=1 -DUSE_ALLOCATABLES -Dwrfmodel -DGRIB1 -DINTIO -DKEEP_INT_AROUND -DLIMIT_ARGS -DBUILD_RRTMG_FAST=0 -DBUILD_RRTMK=0 -DBUILD_SBM_FAST=1 -DSHOW_ALL_VARS_USED=0 -DCONFIG_BUF_LEN=65536 -DMAX_DOMAINS_F=21 -DMAX_HISTORY=25 -DNMM_NEST=0 -traditional-cpp -I. ESMF_Mod.b > ESMF_Mod.f
/bin/rm -f ESMF_Mod.b
gfortran   -w -ffree-form -ffree-line-length-none -fconvert=big-endian -frecord-marker=4 -fallow-argument-mismatch -fallow-invalid-boz  -o ESMF_Mod.o -c ESMF_Mod.f
/bin/rm -f module_symbols_util.o
sed -e "/\!.*'/s/'//g" module_symbols_util.F90 > module_symbols_util.b
/lib/cpp -P -nostdinc -I/home/hnavarro/Desktop/WRF/BUILD_WRF/WRF/inc -I. -DEM_CORE=1 -DNMM_CORE=0 -DNMM_MAX_DIM=2600 -DDA_CORE=0 -DWRFPLUS=0 -DIWORDSIZE=4 -DDWORDSIZE=8 -DRWORDSIZE=4 -DLWORDSIZE=4 -DNONSTANDARD_SYSTEM_SUBR  -DWRF_USE_CLM  -DDM_PARALLEL -DNETCDF -DLANDREAD_STUB=1 -DUSE_ALLOCATABLES -Dwrfmodel -DGRIB1 -DINTIO -DKEEP_INT_AROUND -DLIMIT_ARGS -DBUILD_RRTMG_FAST=0 -DBUILD_RRTMK=0 -DBUILD_SBM_FAST=1 -DSHOW_ALL_VARS_USED=0 -DCONFIG_BUF_LEN=65536 -DMAX_DOMAINS_F=21 -DMAX_HISTORY=25 -DNMM_NEST=0 -traditional-cpp -I. module_symbols_util.b > module_symbols_util.f
/bin/rm -f module_symbols_util.b
gfortran   -w -ffree-form -ffree-line-length-none -fconvert=big-endian -frecord-marker=4 -fallow-argument-mismatch -fallow-invalid-boz  -o module_symbols_util.o -c module_symbols_util.f
/bin/rm -f module_utility.o
sed -e "/\!.*'/s/'//g" module_utility.F90 > module_utility.b
/lib/cpp -P -nostdinc -I/home/hnavarro/Desktop/WRF/BUILD_WRF/WRF/inc -I. -DEM_CORE=1 -DNMM_CORE=0 -DNMM_MAX_DIM=2600 -DDA_CORE=0 -DWRFPLUS=0 -DIWORDSIZE=4 -DDWORDSIZE=8 -DRWORDSIZE=4 -DLWORDSIZE=4 -DNONSTANDARD_SYSTEM_SUBR  -DWRF_USE_CLM  -DDM_PARALLEL -DNETCDF -DLANDREAD_STUB=1 -DUSE_ALLOCATABLES -Dwrfmodel -DGRIB1 -DINTIO -DKEEP_INT_AROUND -DLIMIT_ARGS -DBUILD_RRTMG_FAST=0 -DBUILD_RRTMK=0 -DBUILD_SBM_FAST=1 -DSHOW_ALL_VARS_USED=0 -DCONFIG_BUF_LEN=65536 -DMAX_DOMAINS_F=21 -DMAX_HISTORY=25 -DNMM_NEST=0 -traditional-cpp -I. module_utility.b > module_utility.f
/bin/rm -f module_utility.b
gfortran   -w -ffree-form -ffree-line-length-none -fconvert=big-endian -frecord-marker=4 -fallow-argument-mismatch -fallow-invalid-boz  -o module_utility.o -c module_utility.f
/bin/rm -f libesmf_time.a
if [ "ar" != "lib.exe" ] ; then \
          ar ru libesmf_time.a ESMF_Alarm.o ESMF_BaseTime.o ESMF_Clock.o ESMF_Time.o Meat.o ESMF_Base.o ESMF_Calendar.o ESMF_Fraction.o ESMF_TimeInterval.o ESMF_Stubs.o ESMF_Mod.o module_symbols_util.o module_utility.o ESMF_AlarmClock.o ; \
        else \
          ar /out:libesmf_time.a ESMF_Alarm.o ESMF_BaseTime.o ESMF_Clock.o ESMF_Time.o Meat.o ESMF_Base.o ESMF_Calendar.o ESMF_Fraction.o ESMF_TimeInterval.o ESMF_Stubs.o ESMF_Mod.o module_symbols_util.o module_utility.o ESMF_AlarmClock.o ; \
        fi
ar: `u' modifier ignored since `D' is the default (see `U')
ar: creating libesmf_time.a
ranlib libesmf_time.a
make[3]: Leaving directory '/home/hnavarro/Desktop/WRF/BUILD_WRF/WRF/external/esmf_time_f90'
( cd /home/hnavarro/Desktop/WRF/BUILD_WRF/WRF/external/io_netcdf ; \
          make -j 2 NETCDFPATH="/home/hnavarro/Desktop/WRF/Install-WRF-Chem/LIBRARIES/netcdf" RANLIB="ranlib" CPP="/lib/cpp -P -nostdinc" \
          CC="gcc" CFLAGS="-w -O3 -c   -DDM_PARALLEL -DLANDREAD_STUB=1 -DMAX_HISTORY=25 -DNMM_CORE=0" NETCDF4_DEP_LIB="" \
          FC="gfortran   -O2 -ftree-vectorize -funroll-loops -w -ffree-form -ffree-line-length-none -fconvert=big-endian -frecord-marker=4 -fallow-argument-mismatch -fallow-invalid-boz " TRADFLAG="-traditional-cpp" AR="ar" ARFLAGS="ru" )
make[3]: Entering directory '/home/hnavarro/Desktop/WRF/BUILD_WRF/WRF/external/io_netcdf'
grep nf_format_64bit /home/hnavarro/Desktop/WRF/Install-WRF-Chem/LIBRARIES/netcdf/include/netcdf.inc ;\
                        a=$? ; export a ; \
		if [ $a -a "$WRFIO_NCD_LARGE_FILE_SUPPORT" = "1" ] ; then \
                          /lib/cpp -P -nostdinc -P -traditional-cpp -DWRFIO_NCD_LARGE_FILE_SUPPORT -I../ioapi_share wrf_io.F90 | m4 -Uinclude -Uindex -Ulen - > wrf_io.f ; \
                        else \
                          /lib/cpp -P -nostdinc -P -traditional-cpp -I../ioapi_share wrf_io.F90 | m4 -Uinclude -Uindex -Ulen - > wrf_io.f ; \
                        fi
/lib/cpp -P -nostdinc -P -traditional-cpp -I../ioapi_share module_wrfsi_static.F90 > module_wrfsi_static.f
      integer nf_format_64bit
      parameter (nf_format_64bit = 2)
gfortran   -O2 -ftree-vectorize -funroll-loops -w -ffree-form -ffree-line-length-none -fconvert=big-endian -frecord-marker=4 -fallow-argument-mismatch -fallow-invalid-boz  -o module_wrfsi_static.o  -I/home/hnavarro/Desktop/WRF/Install-WRF-Chem/LIBRARIES/netcdf/include -I../ioapi_share -c module_wrfsi_static.f
gfortran   -O2 -ftree-vectorize -funroll-loops -w -ffree-form -ffree-line-length-none -fconvert=big-endian -frecord-marker=4 -fallow-argument-mismatch -fallow-invalid-boz  -o wrf_io.o  -I/home/hnavarro/Desktop/WRF/Install-WRF-Chem/LIBRARIES/netcdf/include -I../ioapi_share -c wrf_io.f
/lib/cpp -P -nostdinc -P -traditional-cpp -I../ioapi_share field_routines.F90 > field_routines.f
gfortran   -O2 -ftree-vectorize -funroll-loops -w -ffree-form -ffree-line-length-none -fconvert=big-endian -frecord-marker=4 -fallow-argument-mismatch -fallow-invalid-boz  -o field_routines.o  -I/home/hnavarro/Desktop/WRF/Install-WRF-Chem/LIBRARIES/netcdf/include -I../ioapi_share -c field_routines.f
/bin/rm -f libwrfio_nf.a
if [ "ar" != "lib.exe" ] ; then \
                          ar cr libwrfio_nf.a wrf_io.o field_routines.o module_wrfsi_static.o ; \
                        else \
                          ar /out:libwrfio_nf.a wrf_io.o field_routines.o module_wrfsi_static.o ; \
                        fi
ranlib libwrfio_nf.a
make[3]: Leaving directory '/home/hnavarro/Desktop/WRF/BUILD_WRF/WRF/external/io_netcdf'
( cd /home/hnavarro/Desktop/WRF/BUILD_WRF/WRF/external/ioapi_share ; \
          make -i -r NATIVE_RWORDSIZE="4" RWORDSIZE="4" AR="ar" ARFLAGS="ru" )
make[3]: Entering directory '/home/hnavarro/Desktop/WRF/BUILD_WRF/WRF/external/ioapi_share'
( /bin/rm -f ../../inc/wrf_io_flags.h foo_io_flags.h; \
/bin/cp wrf_io_flags.h foo_io_flags.h; \
if [ 4 -ne 4 ] ; then \
  /bin/rm -f foo_io_flags.h; \
  sed -e 's/104/105/' wrf_io_flags.h > foo_io_flags.h ;\
fi ; \
/bin/mv foo_io_flags.h ../../inc/wrf_io_flags.h )
/bin/rm -f ../../inc/wrf_status_codes.h
/bin/cp wrf_status_codes.h ../../inc
make[3]: Leaving directory '/home/hnavarro/Desktop/WRF/BUILD_WRF/WRF/external/ioapi_share'
( cd /home/hnavarro/Desktop/WRF/BUILD_WRF/WRF/external/io_grib_share ; \
          make -j 2 CC="gcc" CFLAGS="-w -O3 -c   -DDM_PARALLEL -DLANDREAD_STUB=1 -DMAX_HISTORY=25 -DNMM_CORE=0" RM="rm -f" RANLIB="ranlib" CPP="/lib/cpp -P -nostdinc" \
          FC="gfortran  -I.  -w -ffree-form -ffree-line-length-none -fconvert=big-endian -frecord-marker=4 -fallow-argument-mismatch -fallow-invalid-boz  " TRADFLAG="-traditional-cpp" AR="ar" ARFLAGS="ru" archive)
make[3]: Entering directory '/home/hnavarro/Desktop/WRF/BUILD_WRF/WRF/external/io_grib_share'
make[4]: Entering directory '/home/hnavarro/Desktop/WRF/BUILD_WRF/WRF/external/io_grib_share'
rm -f io_grib_share.o
gcc  -I. -I../ioapi_share -w -O3 -c   -DDM_PARALLEL -DLANDREAD_STUB=1 -DMAX_HISTORY=25 -DNMM_CORE=0   -c get_region_center.c
/lib/cpp -P -nostdinc -DEM_CORE=1 -DNMM_CORE=0 -DNMM_MAX_DIM=2600 -DDA_CORE=0 -DWRFPLUS=0 -DIWORDSIZE=4 -DDWORDSIZE=8 -DRWORDSIZE=4 -DLWORDSIZE=4 -DNONSTANDARD_SYSTEM_SUBR  -DWRF_USE_CLM  -DDM_PARALLEL -DNETCDF -DLANDREAD_STUB=1 -DUSE_ALLOCATABLES -Dwrfmodel -DGRIB1 -DINTIO -DKEEP_INT_AROUND -DLIMIT_ARGS -DBUILD_RRTMG_FAST=0 -DBUILD_RRTMK=0 -DBUILD_SBM_FAST=1 -DSHOW_ALL_VARS_USED=0 -DCONFIG_BUF_LEN=65536 -DMAX_DOMAINS_F=21 -DMAX_HISTORY=25 -DNMM_NEST=0 -DWRF_CHEM -DBUILD_CHEM=1 -I. -traditional-cpp  -traditional-cpp  -I. -I../ioapi_share io_grib_share.F > io_grib_share.f90
gfortran  -I.  -w -ffree-form -ffree-line-length-none -fconvert=big-endian -frecord-marker=4 -fallow-argument-mismatch -fallow-invalid-boz     -I. -I../ioapi_share     -c io_grib_share.f90
gcc  -I. -I../ioapi_share -w -O3 -c   -DDM_PARALLEL -DLANDREAD_STUB=1 -DMAX_HISTORY=25 -DNMM_CORE=0   -c gridnav.c
gcc  -I. -I../ioapi_share -w -O3 -c   -DDM_PARALLEL -DLANDREAD_STUB=1 -DMAX_HISTORY=25 -DNMM_CORE=0   -c open_file.c
ar ru ./libio_grib_share.a io_grib_share.o get_region_center.o gridnav.o open_file.o
ar: `u' modifier ignored since `D' is the default (see `U')
ar: creating ./libio_grib_share.a
ranlib ./libio_grib_share.a
make[4]: Leaving directory '/home/hnavarro/Desktop/WRF/BUILD_WRF/WRF/external/io_grib_share'
make[3]: Leaving directory '/home/hnavarro/Desktop/WRF/BUILD_WRF/WRF/external/io_grib_share'
( cd /home/hnavarro/Desktop/WRF/BUILD_WRF/WRF/external/io_grib1 ; \
          make -j 2 CC="gcc" CFLAGS="-w -O3 -c   -DDM_PARALLEL -DLANDREAD_STUB=1 -DMAX_HISTORY=25 -DNMM_CORE=0" RM="rm -f" RANLIB="ranlib" CPP="/lib/cpp -P -nostdinc" \
          FC="gfortran  -I.  -w -ffree-form -ffree-line-length-none -fconvert=big-endian -frecord-marker=4 -fallow-argument-mismatch -fallow-invalid-boz  " TRADFLAG="-traditional-cpp" AR="ar" ARFLAGS="ru" archive)
make[3]: Entering directory '/home/hnavarro/Desktop/WRF/BUILD_WRF/WRF/external/io_grib1'
        Doing make archive on library subdirectory MEL_grib1
make[4]: Entering directory '/home/hnavarro/Desktop/WRF/BUILD_WRF/WRF/external/io_grib1/MEL_grib1'
make[5]: Entering directory '/home/hnavarro/Desktop/WRF/BUILD_WRF/WRF/external/io_grib1/MEL_grib1'
gcc  -I. -w -O3 -c   -DDM_PARALLEL -DLANDREAD_STUB=1 -DMAX_HISTORY=25 -DNMM_CORE=0   -c FTP_getfile.c
gcc  -I. -w -O3 -c   -DDM_PARALLEL -DLANDREAD_STUB=1 -DMAX_HISTORY=25 -DNMM_CORE=0   -c apply_bitmap.c
gcc  -I. -w -O3 -c   -DDM_PARALLEL -DLANDREAD_STUB=1 -DMAX_HISTORY=25 -DNMM_CORE=0   -c display_gribhdr.c
gcc  -I. -w -O3 -c   -DDM_PARALLEL -DLANDREAD_STUB=1 -DMAX_HISTORY=25 -DNMM_CORE=0   -c gbyte.c
gcc  -I. -w -O3 -c   -DDM_PARALLEL -DLANDREAD_STUB=1 -DMAX_HISTORY=25 -DNMM_CORE=0   -c grib_dec.c
gcc  -I. -w -O3 -c   -DDM_PARALLEL -DLANDREAD_STUB=1 -DMAX_HISTORY=25 -DNMM_CORE=0   -c grib_enc.c
gcc  -I. -w -O3 -c   -DDM_PARALLEL -DLANDREAD_STUB=1 -DMAX_HISTORY=25 -DNMM_CORE=0   -c grib_seek.c
gcc  -I. -w -O3 -c   -DDM_PARALLEL -DLANDREAD_STUB=1 -DMAX_HISTORY=25 -DNMM_CORE=0   -c gribgetbds.c
gcc  -I. -w -O3 -c   -DDM_PARALLEL -DLANDREAD_STUB=1 -DMAX_HISTORY=25 -DNMM_CORE=0   -c gribgetbms.c
gcc  -I. -w -O3 -c   -DDM_PARALLEL -DLANDREAD_STUB=1 -DMAX_HISTORY=25 -DNMM_CORE=0   -c gribgetgds.c
gcc  -I. -w -O3 -c   -DDM_PARALLEL -DLANDREAD_STUB=1 -DMAX_HISTORY=25 -DNMM_CORE=0   -c gribgetpds.c
gcc  -I. -w -O3 -c   -DDM_PARALLEL -DLANDREAD_STUB=1 -DMAX_HISTORY=25 -DNMM_CORE=0   -c gribhdr2file.c
gcc  -I. -w -O3 -c   -DDM_PARALLEL -DLANDREAD_STUB=1 -DMAX_HISTORY=25 -DNMM_CORE=0   -c gribputbds.c
gcc  -I. -w -O3 -c   -DDM_PARALLEL -DLANDREAD_STUB=1 -DMAX_HISTORY=25 -DNMM_CORE=0   -c gribputgds.c
gcc  -I. -w -O3 -c   -DDM_PARALLEL -DLANDREAD_STUB=1 -DMAX_HISTORY=25 -DNMM_CORE=0   -c gribputpds.c
gcc  -I. -w -O3 -c   -DDM_PARALLEL -DLANDREAD_STUB=1 -DMAX_HISTORY=25 -DNMM_CORE=0   -c hdr_print.c
gcc  -I. -w -O3 -c   -DDM_PARALLEL -DLANDREAD_STUB=1 -DMAX_HISTORY=25 -DNMM_CORE=0   -c init_dec_struct.c
gcc  -I. -w -O3 -c   -DDM_PARALLEL -DLANDREAD_STUB=1 -DMAX_HISTORY=25 -DNMM_CORE=0   -c init_enc_struct.c
gcc  -I. -w -O3 -c   -DDM_PARALLEL -DLANDREAD_STUB=1 -DMAX_HISTORY=25 -DNMM_CORE=0   -c init_gribhdr.c
gcc  -I. -w -O3 -c   -DDM_PARALLEL -DLANDREAD_STUB=1 -DMAX_HISTORY=25 -DNMM_CORE=0   -c init_struct.c
gcc  -I. -w -O3 -c   -DDM_PARALLEL -DLANDREAD_STUB=1 -DMAX_HISTORY=25 -DNMM_CORE=0   -c ld_dec_lookup.c
gcc  -I. -w -O3 -c   -DDM_PARALLEL -DLANDREAD_STUB=1 -DMAX_HISTORY=25 -DNMM_CORE=0   -c ld_enc_input.c
gcc  -I. -w -O3 -c   -DDM_PARALLEL -DLANDREAD_STUB=1 -DMAX_HISTORY=25 -DNMM_CORE=0   -c ld_enc_lookup.c
gcc  -I. -w -O3 -c   -DDM_PARALLEL -DLANDREAD_STUB=1 -DMAX_HISTORY=25 -DNMM_CORE=0   -c ld_grib_origctrs.c
gcc  -I. -w -O3 -c   -DDM_PARALLEL -DLANDREAD_STUB=1 -DMAX_HISTORY=25 -DNMM_CORE=0   -c make_default_grbfn.c
gcc  -I. -w -O3 -c   -DDM_PARALLEL -DLANDREAD_STUB=1 -DMAX_HISTORY=25 -DNMM_CORE=0   -c make_grib_log.c
gcc  -I. -w -O3 -c   -DDM_PARALLEL -DLANDREAD_STUB=1 -DMAX_HISTORY=25 -DNMM_CORE=0   -c map_lvl.c
gcc  -I. -w -O3 -c   -DDM_PARALLEL -DLANDREAD_STUB=1 -DMAX_HISTORY=25 -DNMM_CORE=0   -c map_parm.c
gcc  -I. -w -O3 -c   -DDM_PARALLEL -DLANDREAD_STUB=1 -DMAX_HISTORY=25 -DNMM_CORE=0   -c pack_spatial.c
gcc  -I. -w -O3 -c   -DDM_PARALLEL -DLANDREAD_STUB=1 -DMAX_HISTORY=25 -DNMM_CORE=0   -c prt_inp_struct.c
gcc  -I. -w -O3 -c   -DDM_PARALLEL -DLANDREAD_STUB=1 -DMAX_HISTORY=25 -DNMM_CORE=0   -c upd_child_errmsg.c
gcc  -I. -w -O3 -c   -DDM_PARALLEL -DLANDREAD_STUB=1 -DMAX_HISTORY=25 -DNMM_CORE=0   -c prt_badmsg.c
gcc  -I. -w -O3 -c   -DDM_PARALLEL -DLANDREAD_STUB=1 -DMAX_HISTORY=25 -DNMM_CORE=0   -c swap.c
gcc  -I. -w -O3 -c   -DDM_PARALLEL -DLANDREAD_STUB=1 -DMAX_HISTORY=25 -DNMM_CORE=0   -c grib_uthin.c
gcc  -I. -w -O3 -c   -DDM_PARALLEL -DLANDREAD_STUB=1 -DMAX_HISTORY=25 -DNMM_CORE=0   -c set_bytes.c
ar ru ../libio_grib1.a FTP_getfile.o apply_bitmap.o display_gribhdr.o gbyte.o grib_dec.o grib_enc.o grib_seek.o gribgetbds.o gribgetbms.o gribgetgds.o gribgetpds.o gribhdr2file.o gribputbds.o gribputgds.o gribputpds.o hdr_print.o init_dec_struct.o init_enc_struct.o init_gribhdr.o init_struct.o ld_dec_lookup.o ld_enc_input.o ld_enc_lookup.o ld_grib_origctrs.o make_default_grbfn.o make_grib_log.o map_lvl.o map_parm.o pack_spatial.o prt_inp_struct.o upd_child_errmsg.o prt_badmsg.o swap.o grib_uthin.o set_bytes.o
ar: `u' modifier ignored since `D' is the default (see `U')
ar: creating ../libio_grib1.a
ranlib ../libio_grib1.a
make[5]: Leaving directory '/home/hnavarro/Desktop/WRF/BUILD_WRF/WRF/external/io_grib1/MEL_grib1'
make[4]: Leaving directory '/home/hnavarro/Desktop/WRF/BUILD_WRF/WRF/external/io_grib1/MEL_grib1'
        Doing make archive on library subdirectory grib1_util
make[4]: Entering directory '/home/hnavarro/Desktop/WRF/BUILD_WRF/WRF/external/io_grib1/grib1_util'
make[5]: Entering directory '/home/hnavarro/Desktop/WRF/BUILD_WRF/WRF/external/io_grib1/grib1_util'
gcc  -I. -I../MEL_grib1 -w -O3 -c   -DDM_PARALLEL -DLANDREAD_STUB=1 -DMAX_HISTORY=25 -DNMM_CORE=0   -c alloc_2d.c
gcc  -I. -I../MEL_grib1 -w -O3 -c   -DDM_PARALLEL -DLANDREAD_STUB=1 -DMAX_HISTORY=25 -DNMM_CORE=0   -c read_grib.c
gcc  -I. -I../MEL_grib1 -w -O3 -c   -DDM_PARALLEL -DLANDREAD_STUB=1 -DMAX_HISTORY=25 -DNMM_CORE=0   -c write_grib.c
ar ru ../libio_grib1.a alloc_2d.o read_grib.o write_grib.o
ar: `u' modifier ignored since `D' is the default (see `U')
ranlib ../libio_grib1.a
make[5]: Leaving directory '/home/hnavarro/Desktop/WRF/BUILD_WRF/WRF/external/io_grib1/grib1_util'
make[4]: Leaving directory '/home/hnavarro/Desktop/WRF/BUILD_WRF/WRF/external/io_grib1/grib1_util'
        Doing make archive on library subdirectory WGRIB
make[4]: Entering directory '/home/hnavarro/Desktop/WRF/BUILD_WRF/WRF/external/io_grib1/WGRIB'
gcc -c -O wgrib_main.c
gcc -c -O seekgrib.c
gcc -c -O ibm2flt.c
gcc -c -O readgrib.c
gcc -c -O intpower.c
gcc -c -O cnames.c
gcc -c -O BDSunpk.c
gcc -c -O flt2ieee.c
gcc -c -O wrtieee.c
gcc -c -O levels.c
gcc -c -O PDStimes.c
gcc -c -O missing.c
gcc -c -O nceptable_reanal.c
gcc -c -O nceptable_opn.c
gcc -c -O ensemble.c
gcc -c -O ombtable.c
gcc -c -O ec_ext.c
gcc -c -O gribtable.c
gcc -c -O gds_grid.c
gcc -c -O PDS_date.c
gcc -c -O ectable_128.c
gcc -c -O ectable_129.c
gcc -c -O ectable_130.c
gcc -c -O ectable_131.c
gcc -c -O ectable_140.c
gcc -c -O ectable_150.c
gcc -c -O ectable_151.c
gcc -c -O ectable_160.c
gcc -c -O ectable_170.c
gcc -c -O ectable_180.c
gcc -c -O nceptab_129.c
gcc -c -O dwdtable_002.c
gcc -c -O dwdtable_201.c
gcc -c -O dwdtable_202.c
gcc -c -O dwdtable_203.c
gcc -c -O cptectable_254.c
gcc -c -O nceptab_130.c
gcc -c -O nceptab_131.c
gcc -o wgrib.exe wgrib_main.o seekgrib.o ibm2flt.o readgrib.o intpower.o cnames.o BDSunpk.o flt2ieee.o wrtieee.o levels.o PDStimes.o missing.o nceptable_reanal.o nceptable_opn.o ensemble.o ombtable.o ec_ext.o gribtable.o gds_grid.o PDS_date.o ectable_128.o ectable_129.o ectable_130.o ectable_131.o ectable_140.o ectable_150.o ectable_151.o ectable_160.o ectable_170.o ectable_180.o nceptab_129.o dwdtable_002.o dwdtable_201.o dwdtable_202.o dwdtable_203.o cptectable_254.o nceptab_130.o nceptab_131.o #-lm
( cd .. ; \rm -f wgrib.exe ; \ln -sf WGRIB/wgrib.exe wgrib.exe ; cd WGRIB )
make[4]: Leaving directory '/home/hnavarro/Desktop/WRF/BUILD_WRF/WRF/external/io_grib1/WGRIB'
make[4]: Entering directory '/home/hnavarro/Desktop/WRF/BUILD_WRF/WRF/external/io_grib1'
gcc  -I. -I./MEL_grib1 -Igrib1_util -I../io_grib_share -I../ -I../ioapi_share -w -O3 -c   -DDM_PARALLEL -DLANDREAD_STUB=1 -DMAX_HISTORY=25 -DNMM_CORE=0   -c grib1_routines.c
gcc  -I. -I./MEL_grib1 -Igrib1_util -I../io_grib_share -I../ -I../ioapi_share -w -O3 -c   -DDM_PARALLEL -DLANDREAD_STUB=1 -DMAX_HISTORY=25 -DNMM_CORE=0   -c gribmap.c
rm -f io_grib1.o
/lib/cpp -P -nostdinc -DEM_CORE=1 -DNMM_CORE=0 -DNMM_MAX_DIM=2600 -DDA_CORE=0 -DWRFPLUS=0 -DIWORDSIZE=4 -DDWORDSIZE=8 -DRWORDSIZE=4 -DLWORDSIZE=4 -DNONSTANDARD_SYSTEM_SUBR  -DWRF_USE_CLM  -DDM_PARALLEL -DNETCDF -DLANDREAD_STUB=1 -DUSE_ALLOCATABLES -Dwrfmodel -DGRIB1 -DINTIO -DKEEP_INT_AROUND -DLIMIT_ARGS -DBUILD_RRTMG_FAST=0 -DBUILD_RRTMK=0 -DBUILD_SBM_FAST=1 -DSHOW_ALL_VARS_USED=0 -DCONFIG_BUF_LEN=65536 -DMAX_DOMAINS_F=21 -DMAX_HISTORY=25 -DNMM_NEST=0 -DWRF_CHEM -DBUILD_CHEM=1 -I. -traditional-cpp  -traditional-cpp  -I. -I./MEL_grib1 -Igrib1_util -I../io_grib_share -I../ -I../ioapi_share io_grib1.F > io_grib1.f90
gfortran  -I.  -w -ffree-form -ffree-line-length-none -fconvert=big-endian -frecord-marker=4 -fallow-argument-mismatch -fallow-invalid-boz     -I. -I./MEL_grib1 -Igrib1_util -I../io_grib_share -I../ -I../ioapi_share     -c io_grib1.f90
gcc  -I. -I./MEL_grib1 -Igrib1_util -I../io_grib_share -I../ -I../ioapi_share -w -O3 -c   -DDM_PARALLEL -DLANDREAD_STUB=1 -DMAX_HISTORY=25 -DNMM_CORE=0   -c trim.c
ar ru ./libio_grib1.a grib1_routines.o gribmap.o io_grib1.o trim.o
ar: `u' modifier ignored since `D' is the default (see `U')
ranlib ./libio_grib1.a
make[4]: Leaving directory '/home/hnavarro/Desktop/WRF/BUILD_WRF/WRF/external/io_grib1'
make[3]: Leaving directory '/home/hnavarro/Desktop/WRF/BUILD_WRF/WRF/external/io_grib1'
( cd /home/hnavarro/Desktop/WRF/BUILD_WRF/WRF/external/io_int ; \
          make -j 2 CC="mpicc -cc=gcc -DFSEEKO64_OK " CFLAGS_LOCAL="-w -O3 -c  " RM="rm -f" RANLIB="ranlib" CPP="/lib/cpp -P -nostdinc" \
          FC="time mpif90 -f90=gfortran   -w -ffree-form -ffree-line-length-none -fconvert=big-endian -frecord-marker=4 -fallow-argument-mismatch -fallow-invalid-boz  " FGREP="fgrep -iq" \
          TRADFLAG="-traditional-cpp" AR="ar" ARFLAGS="ru" ARCHFLAGS="-DEM_CORE=1 -DNMM_CORE=0 -DNMM_MAX_DIM=2600 -DDA_CORE=0 -DWRFPLUS=0 -DIWORDSIZE=4 -DDWORDSIZE=8 -DRWORDSIZE=4 -DLWORDSIZE=4 -DNONSTANDARD_SYSTEM_SUBR  -DWRF_USE_CLM  -DDM_PARALLEL -DNETCDF -DLANDREAD_STUB=1 -DUSE_ALLOCATABLES -Dwrfmodel -DGRIB1 -DINTIO -DKEEP_INT_AROUND -DLIMIT_ARGS -DBUILD_RRTMG_FAST=0 -DBUILD_RRTMK=0 -DBUILD_SBM_FAST=1 -DSHOW_ALL_VARS_USED=0 -DCONFIG_BUF_LEN=65536 -DMAX_DOMAINS_F=21 -DMAX_HISTORY=25 -DNMM_NEST=0" all )
make[3]: Entering directory '/home/hnavarro/Desktop/WRF/BUILD_WRF/WRF/external/io_int'
rm -f module_internal_header_util.f
mpicc -cc=gcc -DFSEEKO64_OK  -I../../inc -o io_int_idx.o -c -w -O3 -c   io_int_idx.c
cp ../../frame/module_internal_header_util.F mod_int_hdr_util.b
/lib/cpp -P -nostdinc -traditional-cpp -DEM_CORE=1 -DNMM_CORE=0 -DNMM_MAX_DIM=2600 -DDA_CORE=0 -DWRFPLUS=0 -DIWORDSIZE=4 -DDWORDSIZE=8 -DRWORDSIZE=4 -DLWORDSIZE=4 -DNONSTANDARD_SYSTEM_SUBR  -DWRF_USE_CLM  -DDM_PARALLEL -DNETCDF -DLANDREAD_STUB=1 -DUSE_ALLOCATABLES -Dwrfmodel -DGRIB1 -DINTIO -DKEEP_INT_AROUND -DLIMIT_ARGS -DBUILD_RRTMG_FAST=0 -DBUILD_RRTMK=0 -DBUILD_SBM_FAST=1 -DSHOW_ALL_VARS_USED=0 -DCONFIG_BUF_LEN=65536 -DMAX_DOMAINS_F=21 -DMAX_HISTORY=25 -DNMM_NEST=0 -I../../inc -I../ioapi_share mod_int_hdr_util.b > module_internal_header_util.f
rm -f mod_int_hdr_util.b
/lib/cpp -P -nostdinc -traditional-cpp -DEM_CORE=1 -DNMM_CORE=0 -DNMM_MAX_DIM=2600 -DDA_CORE=0 -DWRFPLUS=0 -DIWORDSIZE=4 -DDWORDSIZE=8 -DRWORDSIZE=4 -DLWORDSIZE=4 -DNONSTANDARD_SYSTEM_SUBR  -DWRF_USE_CLM  -DDM_PARALLEL -DNETCDF -DLANDREAD_STUB=1 -DUSE_ALLOCATABLES -Dwrfmodel -DGRIB1 -DINTIO -DKEEP_INT_AROUND -DLIMIT_ARGS -DBUILD_RRTMG_FAST=0 -DBUILD_RRTMK=0 -DBUILD_SBM_FAST=1 -DSHOW_ALL_VARS_USED=0 -DCONFIG_BUF_LEN=65536 -DMAX_DOMAINS_F=21 -DMAX_HISTORY=25 -DNMM_NEST=0 module_io_int_idx.F90 > module_io_int_idx.f
/lib/cpp -P -nostdinc -traditional-cpp -DEM_CORE=1 -DNMM_CORE=0 -DNMM_MAX_DIM=2600 -DDA_CORE=0 -DWRFPLUS=0 -DIWORDSIZE=4 -DDWORDSIZE=8 -DRWORDSIZE=4 -DLWORDSIZE=4 -DNONSTANDARD_SYSTEM_SUBR  -DWRF_USE_CLM  -DDM_PARALLEL -DNETCDF -DLANDREAD_STUB=1 -DUSE_ALLOCATABLES -Dwrfmodel -DGRIB1 -DINTIO -DKEEP_INT_AROUND -DLIMIT_ARGS -DBUILD_RRTMG_FAST=0 -DBUILD_RRTMK=0 -DBUILD_SBM_FAST=1 -DSHOW_ALL_VARS_USED=0 -DCONFIG_BUF_LEN=65536 -DMAX_DOMAINS_F=21 -DMAX_HISTORY=25 -DNMM_NEST=0 -DEM_CORE=1 -DNMM_CORE=0 -DNMM_MAX_DIM=2600 -DDA_CORE=0 -DWRFPLUS=0 -DIWORDSIZE=4 -DDWORDSIZE=8 -DRWORDSIZE=4 -DLWORDSIZE=4 -DNONSTANDARD_SYSTEM_SUBR  -DWRF_USE_CLM  -DDM_PARALLEL -DNETCDF -DLANDREAD_STUB=1 -DUSE_ALLOCATABLES -Dwrfmodel -DGRIB1 -DINTIO -DKEEP_INT_AROUND -DLIMIT_ARGS -DBUILD_RRTMG_FAST=0 -DBUILD_RRTMK=0 -DBUILD_SBM_FAST=1 -DSHOW_ALL_VARS_USED=0 -DCONFIG_BUF_LEN=65536 -DMAX_DOMAINS_F=21 -DMAX_HISTORY=25 -DNMM_NEST=0 module_io_int_read.F90 > module_io_int_read.f
Diffwrf io_int will be built later on in this compile. No need to rerun compile. 
Diffwrf io_int will be built later on in this compile. No need to rerun compile. 
Diffwrf io_int will be built later on in this compile. No need to rerun compile. 
Diffwrf io_int will be built later on in this compile. No need to rerun compile. 
Diffwrf io_int will be built later on in this compile. No need to rerun compile. 
Diffwrf io_int will be built later on in this compile. No need to rerun compile. 
/lib/cpp -P -nostdinc -traditional-cpp -DEM_CORE=1 -DNMM_CORE=0 -DNMM_MAX_DIM=2600 -DDA_CORE=0 -DWRFPLUS=0 -DIWORDSIZE=4 -DDWORDSIZE=8 -DRWORDSIZE=4 -DLWORDSIZE=4 -DNONSTANDARD_SYSTEM_SUBR  -DWRF_USE_CLM  -DDM_PARALLEL -DNETCDF -DLANDREAD_STUB=1 -DUSE_ALLOCATABLES -Dwrfmodel -DGRIB1 -DINTIO -DKEEP_INT_AROUND -DLIMIT_ARGS -DBUILD_RRTMG_FAST=0 -DBUILD_RRTMK=0 -DBUILD_SBM_FAST=1 -DSHOW_ALL_VARS_USED=0 -DCONFIG_BUF_LEN=65536 -DMAX_DOMAINS_F=21 -DMAX_HISTORY=25 -DNMM_NEST=0 test_io_idx.F90 > test_io_idx.f
time mpif90 -f90=gfortran   -w -ffree-form -ffree-line-length-none -fconvert=big-endian -frecord-marker=4 -fallow-argument-mismatch -fallow-invalid-boz    -o module_internal_header_util.o -c module_internal_header_util.f
time mpif90 -f90=gfortran   -w -ffree-form -ffree-line-length-none -fconvert=big-endian -frecord-marker=4 -fallow-argument-mismatch -fallow-invalid-boz    -o module_io_int_idx.o -c module_io_int_idx.f
0.04user 0.02system 0:00.07elapsed 98%CPU (0avgtext+0avgdata 26112maxresident)k
0inputs+160outputs (0major+5533minor)pagefaults 0swaps
/lib/cpp -P -nostdinc -traditional-cpp -DEM_CORE=1 -DNMM_CORE=0 -DNMM_MAX_DIM=2600 -DDA_CORE=0 -DWRFPLUS=0 -DIWORDSIZE=4 -DDWORDSIZE=8 -DRWORDSIZE=4 -DLWORDSIZE=4 -DNONSTANDARD_SYSTEM_SUBR  -DWRF_USE_CLM  -DDM_PARALLEL -DNETCDF -DLANDREAD_STUB=1 -DUSE_ALLOCATABLES -Dwrfmodel -DGRIB1 -DINTIO -DKEEP_INT_AROUND -DLIMIT_ARGS -DBUILD_RRTMG_FAST=0 -DBUILD_RRTMK=0 -DBUILD_SBM_FAST=1 -DSHOW_ALL_VARS_USED=0 -DCONFIG_BUF_LEN=65536 -DMAX_DOMAINS_F=21 -DMAX_HISTORY=25 -DNMM_NEST=0  -I../../inc -I../ioapi_share io_int.F90 | m4 -Uinclude -Uindex -Ulen - > io_int.f
time mpif90 -f90=gfortran   -w -ffree-form -ffree-line-length-none -fconvert=big-endian -frecord-marker=4 -fallow-argument-mismatch -fallow-invalid-boz    -I../../inc -I../ioapi_share -o io_int.o -c io_int.f
0.02user 0.02system 0:00.05elapsed 100%CPU (0avgtext+0avgdata 24448maxresident)k
0inputs+48outputs (0major+4954minor)pagefaults 0swaps
time mpif90 -f90=gfortran   -w -ffree-form -ffree-line-length-none -fconvert=big-endian -frecord-marker=4 -fallow-argument-mismatch -fallow-invalid-boz    -I../../frame -o module_io_int_read.o -c module_io_int_read.f
0.05user 0.02system 0:00.07elapsed 100%CPU (0avgtext+0avgdata 28800maxresident)k
0inputs+232outputs (0major+6168minor)pagefaults 0swaps
0.13user 0.03system 0:00.17elapsed 100%CPU (0avgtext+0avgdata 39040maxresident)k
0inputs+432outputs (0major+9319minor)pagefaults 0swaps
rm -f libwrfio_int.a
if [ `echo "time mpif90 -f90=gfortran   -w -ffree-form -ffree-line-length-none -fconvert=big-endian -frecord-marker=4 -fallow-argument-mismatch -fallow-invalid-boz  " | awk '{print $1}'` = "gfortran" ] ; then \
	echo removing external declaration of iargc for gfortran ; \
	/lib/cpp -P -nostdinc -traditional-cpp -DEM_CORE=1 -DNMM_CORE=0 -DNMM_MAX_DIM=2600 -DDA_CORE=0 -DWRFPLUS=0 -DIWORDSIZE=4 -DDWORDSIZE=8 -DRWORDSIZE=4 -DLWORDSIZE=4 -DNONSTANDARD_SYSTEM_SUBR  -DWRF_USE_CLM  -DDM_PARALLEL -DNETCDF -DLANDREAD_STUB=1 -DUSE_ALLOCATABLES -Dwrfmodel -DGRIB1 -DINTIO -DKEEP_INT_AROUND -DLIMIT_ARGS -DBUILD_RRTMG_FAST=0 -DBUILD_RRTMK=0 -DBUILD_SBM_FAST=1 -DSHOW_ALL_VARS_USED=0 -DCONFIG_BUF_LEN=65536 -DMAX_DOMAINS_F=21 -DMAX_HISTORY=25 -DNMM_NEST=0  -I../ioapi_share diffwrf.F90 | \
	sed '/integer *, *external.*iargc/d' > diffwrf.f  ; \
else \
	/lib/cpp -P -nostdinc -traditional-cpp -DEM_CORE=1 -DNMM_CORE=0 -DNMM_MAX_DIM=2600 -DDA_CORE=0 -DWRFPLUS=0 -DIWORDSIZE=4 -DDWORDSIZE=8 -DRWORDSIZE=4 -DLWORDSIZE=4 -DNONSTANDARD_SYSTEM_SUBR  -DWRF_USE_CLM  -DDM_PARALLEL -DNETCDF -DLANDREAD_STUB=1 -DUSE_ALLOCATABLES -Dwrfmodel -DGRIB1 -DINTIO -DKEEP_INT_AROUND -DLIMIT_ARGS -DBUILD_RRTMG_FAST=0 -DBUILD_RRTMK=0 -DBUILD_SBM_FAST=1 -DSHOW_ALL_VARS_USED=0 -DCONFIG_BUF_LEN=65536 -DMAX_DOMAINS_F=21 -DMAX_HISTORY=25 -DNMM_NEST=0  -I../ioapi_share diffwrf.F90 > diffwrf.f  ; \
fi ; \
time mpif90 -f90=gfortran   -w -ffree-form -ffree-line-length-none -fconvert=big-endian -frecord-marker=4 -fallow-argument-mismatch -fallow-invalid-boz   -c  -I../ioapi_share diffwrf.f ; \

ar ru libwrfio_int.a io_int.o io_int_idx.o module_io_int_idx.o module_io_int_read.o
ar: `u' modifier ignored since `D' is the default (see `U')
ar: creating libwrfio_int.a
ranlib libwrfio_int.a
time mpif90 -f90=gfortran   -w -ffree-form -ffree-line-length-none -fconvert=big-endian -frecord-marker=4 -fallow-argument-mismatch -fallow-invalid-boz     -O2 -ftree-vectorize -funroll-loops -w -ffree-form -ffree-line-length-none -fconvert=big-endian -frecord-marker=4 -fallow-argument-mismatch -fallow-invalid-boz    -o test_io_idx test_io_idx.f -L. -lwrfio_int
0.04user 0.02system 0:00.07elapsed 97%CPU (0avgtext+0avgdata 31956maxresident)k
0inputs+232outputs (4major+6459minor)pagefaults 0swaps
if [ -f ../../frame/pack_utils.o -a -f ../../frame/clog.o ] ; then \
  time mpif90 -f90=gfortran   -w -ffree-form -ffree-line-length-none -fconvert=big-endian -frecord-marker=4 -fallow-argument-mismatch -fallow-invalid-boz     -O2 -ftree-vectorize -funroll-loops -w -ffree-form -ffree-line-length-none -fconvert=big-endian -frecord-marker=4 -fallow-argument-mismatch -fallow-invalid-boz    -I../ioapi_share -o diffwrf diffwrf.f \
	../../frame/pack_utils.o ../../frame/module_internal_header_util.o ../../frame/module_driver_constants.o ../../frame/module_machine.o ../../frame/module_wrf_error.o ../../frame/wrf_debug.o  libwrfio_int.a ; \
fi
0.05user 0.03system 0:00.08elapsed 101%CPU (0avgtext+0avgdata 28160maxresident)k
0inputs+88outputs (3major+10545minor)pagefaults 0swaps
make[3]: Leaving directory '/home/hnavarro/Desktop/WRF/BUILD_WRF/WRF/external/io_int'
( cd /home/hnavarro/Desktop/WRF/BUILD_WRF/WRF/external/fftpack/fftpack5 ; \
          make -j 2 FC="gfortran" FFLAGS="  -w -ffree-form -ffree-line-length-none -fconvert=big-endian -frecord-marker=4 -fallow-argument-mismatch -fallow-invalid-boz " RANLIB="ranlib" AR="ar" \
          ARFLAGS="ru" CPP="/lib/cpp -P -nostdinc" CPPFLAGS="-DEM_CORE=1 -DNMM_CORE=0 -DNMM_MAX_DIM=2600 -DDA_CORE=0 -DWRFPLUS=0 -DIWORDSIZE=4 -DDWORDSIZE=8 -DRWORDSIZE=4 -DLWORDSIZE=4 -DNONSTANDARD_SYSTEM_SUBR  -DWRF_USE_CLM  -DDM_PARALLEL -DNETCDF -DLANDREAD_STUB=1 -DUSE_ALLOCATABLES -Dwrfmodel -DGRIB1 -DINTIO -DKEEP_INT_AROUND -DLIMIT_ARGS -DBUILD_RRTMG_FAST=0 -DBUILD_RRTMK=0 -DBUILD_SBM_FAST=1 -DSHOW_ALL_VARS_USED=0 -DCONFIG_BUF_LEN=65536 -DMAX_DOMAINS_F=21 -DMAX_HISTORY=25 -DNMM_NEST=0 -DWRF_CHEM -DBUILD_CHEM=1 -I. -traditional-cpp " RM="rm -f" )
make[3]: Entering directory '/home/hnavarro/Desktop/WRF/BUILD_WRF/WRF/external/fftpack/fftpack5'
/lib/cpp -P -nostdinc -DEM_CORE=1 -DNMM_CORE=0 -DNMM_MAX_DIM=2600 -DDA_CORE=0 -DWRFPLUS=0 -DIWORDSIZE=4 -DDWORDSIZE=8 -DRWORDSIZE=4 -DLWORDSIZE=4 -DNONSTANDARD_SYSTEM_SUBR  -DWRF_USE_CLM  -DDM_PARALLEL -DNETCDF -DLANDREAD_STUB=1 -DUSE_ALLOCATABLES -Dwrfmodel -DGRIB1 -DINTIO -DKEEP_INT_AROUND -DLIMIT_ARGS -DBUILD_RRTMG_FAST=0 -DBUILD_RRTMK=0 -DBUILD_SBM_FAST=1 -DSHOW_ALL_VARS_USED=0 -DCONFIG_BUF_LEN=65536 -DMAX_DOMAINS_F=21 -DMAX_HISTORY=25 -DNMM_NEST=0 -DWRF_CHEM -DBUILD_CHEM=1 -I. -traditional-cpp  c1f2kb.F  > c1f2kb.f90
/lib/cpp -P -nostdinc -DEM_CORE=1 -DNMM_CORE=0 -DNMM_MAX_DIM=2600 -DDA_CORE=0 -DWRFPLUS=0 -DIWORDSIZE=4 -DDWORDSIZE=8 -DRWORDSIZE=4 -DLWORDSIZE=4 -DNONSTANDARD_SYSTEM_SUBR  -DWRF_USE_CLM  -DDM_PARALLEL -DNETCDF -DLANDREAD_STUB=1 -DUSE_ALLOCATABLES -Dwrfmodel -DGRIB1 -DINTIO -DKEEP_INT_AROUND -DLIMIT_ARGS -DBUILD_RRTMG_FAST=0 -DBUILD_RRTMK=0 -DBUILD_SBM_FAST=1 -DSHOW_ALL_VARS_USED=0 -DCONFIG_BUF_LEN=65536 -DMAX_DOMAINS_F=21 -DMAX_HISTORY=25 -DNMM_NEST=0 -DWRF_CHEM -DBUILD_CHEM=1 -I. -traditional-cpp  cfft1b.F  > cfft1b.f90
gfortran -c -w -ffree-form -ffree-line-length-none -fconvert=big-endian -frecord-marker=4 -fallow-argument-mismatch -fallow-invalid-boz  c1f2kb.f90
gfortran -c -w -ffree-form -ffree-line-length-none -fconvert=big-endian -frecord-marker=4 -fallow-argument-mismatch -fallow-invalid-boz  cfft1b.f90
rm -f -f cfft1b.f90
rm -f -f c1f2kb.f90
/lib/cpp -P -nostdinc -DEM_CORE=1 -DNMM_CORE=0 -DNMM_MAX_DIM=2600 -DDA_CORE=0 -DWRFPLUS=0 -DIWORDSIZE=4 -DDWORDSIZE=8 -DRWORDSIZE=4 -DLWORDSIZE=4 -DNONSTANDARD_SYSTEM_SUBR  -DWRF_USE_CLM  -DDM_PARALLEL -DNETCDF -DLANDREAD_STUB=1 -DUSE_ALLOCATABLES -Dwrfmodel -DGRIB1 -DINTIO -DKEEP_INT_AROUND -DLIMIT_ARGS -DBUILD_RRTMG_FAST=0 -DBUILD_RRTMK=0 -DBUILD_SBM_FAST=1 -DSHOW_ALL_VARS_USED=0 -DCONFIG_BUF_LEN=65536 -DMAX_DOMAINS_F=21 -DMAX_HISTORY=25 -DNMM_NEST=0 -DWRF_CHEM -DBUILD_CHEM=1 -I. -traditional-cpp  cmf3kf.F  > cmf3kf.f90
/lib/cpp -P -nostdinc -DEM_CORE=1 -DNMM_CORE=0 -DNMM_MAX_DIM=2600 -DDA_CORE=0 -DWRFPLUS=0 -DIWORDSIZE=4 -DDWORDSIZE=8 -DRWORDSIZE=4 -DLWORDSIZE=4 -DNONSTANDARD_SYSTEM_SUBR  -DWRF_USE_CLM  -DDM_PARALLEL -DNETCDF -DLANDREAD_STUB=1 -DUSE_ALLOCATABLES -Dwrfmodel -DGRIB1 -DINTIO -DKEEP_INT_AROUND -DLIMIT_ARGS -DBUILD_RRTMG_FAST=0 -DBUILD_RRTMK=0 -DBUILD_SBM_FAST=1 -DSHOW_ALL_VARS_USED=0 -DCONFIG_BUF_LEN=65536 -DMAX_DOMAINS_F=21 -DMAX_HISTORY=25 -DNMM_NEST=0 -DWRF_CHEM -DBUILD_CHEM=1 -I. -traditional-cpp  cosqb1.F  > cosqb1.f90
gfortran -c -w -ffree-form -ffree-line-length-none -fconvert=big-endian -frecord-marker=4 -fallow-argument-mismatch -fallow-invalid-boz  cosqb1.f90
gfortran -c -w -ffree-form -ffree-line-length-none -fconvert=big-endian -frecord-marker=4 -fallow-argument-mismatch -fallow-invalid-boz  cmf3kf.f90
rm -f -f cosqb1.f90
/lib/cpp -P -nostdinc -DEM_CORE=1 -DNMM_CORE=0 -DNMM_MAX_DIM=2600 -DDA_CORE=0 -DWRFPLUS=0 -DIWORDSIZE=4 -DDWORDSIZE=8 -DRWORDSIZE=4 -DLWORDSIZE=4 -DNONSTANDARD_SYSTEM_SUBR  -DWRF_USE_CLM  -DDM_PARALLEL -DNETCDF -DLANDREAD_STUB=1 -DUSE_ALLOCATABLES -Dwrfmodel -DGRIB1 -DINTIO -DKEEP_INT_AROUND -DLIMIT_ARGS -DBUILD_RRTMG_FAST=0 -DBUILD_RRTMK=0 -DBUILD_SBM_FAST=1 -DSHOW_ALL_VARS_USED=0 -DCONFIG_BUF_LEN=65536 -DMAX_DOMAINS_F=21 -DMAX_HISTORY=25 -DNMM_NEST=0 -DWRF_CHEM -DBUILD_CHEM=1 -I. -traditional-cpp  costmi.F  > costmi.f90
gfortran -c -w -ffree-form -ffree-line-length-none -fconvert=big-endian -frecord-marker=4 -fallow-argument-mismatch -fallow-invalid-boz  costmi.f90
rm -f -f cmf3kf.f90
/lib/cpp -P -nostdinc -DEM_CORE=1 -DNMM_CORE=0 -DNMM_MAX_DIM=2600 -DDA_CORE=0 -DWRFPLUS=0 -DIWORDSIZE=4 -DDWORDSIZE=8 -DRWORDSIZE=4 -DLWORDSIZE=4 -DNONSTANDARD_SYSTEM_SUBR  -DWRF_USE_CLM  -DDM_PARALLEL -DNETCDF -DLANDREAD_STUB=1 -DUSE_ALLOCATABLES -Dwrfmodel -DGRIB1 -DINTIO -DKEEP_INT_AROUND -DLIMIT_ARGS -DBUILD_RRTMG_FAST=0 -DBUILD_RRTMK=0 -DBUILD_SBM_FAST=1 -DSHOW_ALL_VARS_USED=0 -DCONFIG_BUF_LEN=65536 -DMAX_DOMAINS_F=21 -DMAX_HISTORY=25 -DNMM_NEST=0 -DWRF_CHEM -DBUILD_CHEM=1 -I. -traditional-cpp  dcosq1f.F  > dcosq1f.f90
gfortran -c -w -ffree-form -ffree-line-length-none -fconvert=big-endian -frecord-marker=4 -fallow-argument-mismatch -fallow-invalid-boz  dcosq1f.f90
rm -f -f costmi.f90
/lib/cpp -P -nostdinc -DEM_CORE=1 -DNMM_CORE=0 -DNMM_MAX_DIM=2600 -DDA_CORE=0 -DWRFPLUS=0 -DIWORDSIZE=4 -DDWORDSIZE=8 -DRWORDSIZE=4 -DLWORDSIZE=4 -DNONSTANDARD_SYSTEM_SUBR  -DWRF_USE_CLM  -DDM_PARALLEL -DNETCDF -DLANDREAD_STUB=1 -DUSE_ALLOCATABLES -Dwrfmodel -DGRIB1 -DINTIO -DKEEP_INT_AROUND -DLIMIT_ARGS -DBUILD_RRTMG_FAST=0 -DBUILD_RRTMK=0 -DBUILD_SBM_FAST=1 -DSHOW_ALL_VARS_USED=0 -DCONFIG_BUF_LEN=65536 -DMAX_DOMAINS_F=21 -DMAX_HISTORY=25 -DNMM_NEST=0 -DWRF_CHEM -DBUILD_CHEM=1 -I. -traditional-cpp  dfftb1.F  > dfftb1.f90
gfortran -c -w -ffree-form -ffree-line-length-none -fconvert=big-endian -frecord-marker=4 -fallow-argument-mismatch -fallow-invalid-boz  dfftb1.f90
rm -f -f dcosq1f.f90
/lib/cpp -P -nostdinc -DEM_CORE=1 -DNMM_CORE=0 -DNMM_MAX_DIM=2600 -DDA_CORE=0 -DWRFPLUS=0 -DIWORDSIZE=4 -DDWORDSIZE=8 -DRWORDSIZE=4 -DLWORDSIZE=4 -DNONSTANDARD_SYSTEM_SUBR  -DWRF_USE_CLM  -DDM_PARALLEL -DNETCDF -DLANDREAD_STUB=1 -DUSE_ALLOCATABLES -Dwrfmodel -DGRIB1 -DINTIO -DKEEP_INT_AROUND -DLIMIT_ARGS -DBUILD_RRTMG_FAST=0 -DBUILD_RRTMK=0 -DBUILD_SBM_FAST=1 -DSHOW_ALL_VARS_USED=0 -DCONFIG_BUF_LEN=65536 -DMAX_DOMAINS_F=21 -DMAX_HISTORY=25 -DNMM_NEST=0 -DWRF_CHEM -DBUILD_CHEM=1 -I. -traditional-cpp  mradb2.F  > mradb2.f90
gfortran -c -w -ffree-form -ffree-line-length-none -fconvert=big-endian -frecord-marker=4 -fallow-argument-mismatch -fallow-invalid-boz  mradb2.f90
rm -f -f dfftb1.f90
/lib/cpp -P -nostdinc -DEM_CORE=1 -DNMM_CORE=0 -DNMM_MAX_DIM=2600 -DDA_CORE=0 -DWRFPLUS=0 -DIWORDSIZE=4 -DDWORDSIZE=8 -DRWORDSIZE=4 -DLWORDSIZE=4 -DNONSTANDARD_SYSTEM_SUBR  -DWRF_USE_CLM  -DDM_PARALLEL -DNETCDF -DLANDREAD_STUB=1 -DUSE_ALLOCATABLES -Dwrfmodel -DGRIB1 -DINTIO -DKEEP_INT_AROUND -DLIMIT_ARGS -DBUILD_RRTMG_FAST=0 -DBUILD_RRTMK=0 -DBUILD_SBM_FAST=1 -DSHOW_ALL_VARS_USED=0 -DCONFIG_BUF_LEN=65536 -DMAX_DOMAINS_F=21 -DMAX_HISTORY=25 -DNMM_NEST=0 -DWRF_CHEM -DBUILD_CHEM=1 -I. -traditional-cpp  mrfti1.F  > mrfti1.f90
gfortran -c -w -ffree-form -ffree-line-length-none -fconvert=big-endian -frecord-marker=4 -fallow-argument-mismatch -fallow-invalid-boz  mrfti1.f90
rm -f -f mradb2.f90
/lib/cpp -P -nostdinc -DEM_CORE=1 -DNMM_CORE=0 -DNMM_MAX_DIM=2600 -DDA_CORE=0 -DWRFPLUS=0 -DIWORDSIZE=4 -DDWORDSIZE=8 -DRWORDSIZE=4 -DLWORDSIZE=4 -DNONSTANDARD_SYSTEM_SUBR  -DWRF_USE_CLM  -DDM_PARALLEL -DNETCDF -DLANDREAD_STUB=1 -DUSE_ALLOCATABLES -Dwrfmodel -DGRIB1 -DINTIO -DKEEP_INT_AROUND -DLIMIT_ARGS -DBUILD_RRTMG_FAST=0 -DBUILD_RRTMK=0 -DBUILD_SBM_FAST=1 -DSHOW_ALL_VARS_USED=0 -DCONFIG_BUF_LEN=65536 -DMAX_DOMAINS_F=21 -DMAX_HISTORY=25 -DNMM_NEST=0 -DWRF_CHEM -DBUILD_CHEM=1 -I. -traditional-cpp  r1fgkf.F  > r1fgkf.f90
gfortran -c -w -ffree-form -ffree-line-length-none -fconvert=big-endian -frecord-marker=4 -fallow-argument-mismatch -fallow-invalid-boz  r1fgkf.f90
rm -f -f mrfti1.f90
/lib/cpp -P -nostdinc -DEM_CORE=1 -DNMM_CORE=0 -DNMM_MAX_DIM=2600 -DDA_CORE=0 -DWRFPLUS=0 -DIWORDSIZE=4 -DDWORDSIZE=8 -DRWORDSIZE=4 -DLWORDSIZE=4 -DNONSTANDARD_SYSTEM_SUBR  -DWRF_USE_CLM  -DDM_PARALLEL -DNETCDF -DLANDREAD_STUB=1 -DUSE_ALLOCATABLES -Dwrfmodel -DGRIB1 -DINTIO -DKEEP_INT_AROUND -DLIMIT_ARGS -DBUILD_RRTMG_FAST=0 -DBUILD_RRTMK=0 -DBUILD_SBM_FAST=1 -DSHOW_ALL_VARS_USED=0 -DCONFIG_BUF_LEN=65536 -DMAX_DOMAINS_F=21 -DMAX_HISTORY=25 -DNMM_NEST=0 -DWRF_CHEM -DBUILD_CHEM=1 -I. -traditional-cpp  rfft2i.F  > rfft2i.f90
gfortran -c -w -ffree-form -ffree-line-length-none -fconvert=big-endian -frecord-marker=4 -fallow-argument-mismatch -fallow-invalid-boz  rfft2i.f90
rm -f -f rfft2i.f90
/lib/cpp -P -nostdinc -DEM_CORE=1 -DNMM_CORE=0 -DNMM_MAX_DIM=2600 -DDA_CORE=0 -DWRFPLUS=0 -DIWORDSIZE=4 -DDWORDSIZE=8 -DRWORDSIZE=4 -DLWORDSIZE=4 -DNONSTANDARD_SYSTEM_SUBR  -DWRF_USE_CLM  -DDM_PARALLEL -DNETCDF -DLANDREAD_STUB=1 -DUSE_ALLOCATABLES -Dwrfmodel -DGRIB1 -DINTIO -DKEEP_INT_AROUND -DLIMIT_ARGS -DBUILD_RRTMG_FAST=0 -DBUILD_RRTMK=0 -DBUILD_SBM_FAST=1 -DSHOW_ALL_VARS_USED=0 -DCONFIG_BUF_LEN=65536 -DMAX_DOMAINS_F=21 -DMAX_HISTORY=25 -DNMM_NEST=0 -DWRF_CHEM -DBUILD_CHEM=1 -I. -traditional-cpp  sinqmi.F  > sinqmi.f90
gfortran -c -w -ffree-form -ffree-line-length-none -fconvert=big-endian -frecord-marker=4 -fallow-argument-mismatch -fallow-invalid-boz  sinqmi.f90
rm -f -f sinqmi.f90
/lib/cpp -P -nostdinc -DEM_CORE=1 -DNMM_CORE=0 -DNMM_MAX_DIM=2600 -DDA_CORE=0 -DWRFPLUS=0 -DIWORDSIZE=4 -DDWORDSIZE=8 -DRWORDSIZE=4 -DLWORDSIZE=4 -DNONSTANDARD_SYSTEM_SUBR  -DWRF_USE_CLM  -DDM_PARALLEL -DNETCDF -DLANDREAD_STUB=1 -DUSE_ALLOCATABLES -Dwrfmodel -DGRIB1 -DINTIO -DKEEP_INT_AROUND -DLIMIT_ARGS -DBUILD_RRTMG_FAST=0 -DBUILD_RRTMK=0 -DBUILD_SBM_FAST=1 -DSHOW_ALL_VARS_USED=0 -DCONFIG_BUF_LEN=65536 -DMAX_DOMAINS_F=21 -DMAX_HISTORY=25 -DNMM_NEST=0 -DWRF_CHEM -DBUILD_CHEM=1 -I. -traditional-cpp  z1f2kf.F  > z1f2kf.f90
rm -f -f r1fgkf.f90
/lib/cpp -P -nostdinc -DEM_CORE=1 -DNMM_CORE=0 -DNMM_MAX_DIM=2600 -DDA_CORE=0 -DWRFPLUS=0 -DIWORDSIZE=4 -DDWORDSIZE=8 -DRWORDSIZE=4 -DLWORDSIZE=4 -DNONSTANDARD_SYSTEM_SUBR  -DWRF_USE_CLM  -DDM_PARALLEL -DNETCDF -DLANDREAD_STUB=1 -DUSE_ALLOCATABLES -Dwrfmodel -DGRIB1 -DINTIO -DKEEP_INT_AROUND -DLIMIT_ARGS -DBUILD_RRTMG_FAST=0 -DBUILD_RRTMK=0 -DBUILD_SBM_FAST=1 -DSHOW_ALL_VARS_USED=0 -DCONFIG_BUF_LEN=65536 -DMAX_DOMAINS_F=21 -DMAX_HISTORY=25 -DNMM_NEST=0 -DWRF_CHEM -DBUILD_CHEM=1 -I. -traditional-cpp  zfft1f.F  > zfft1f.f90
gfortran -c -w -ffree-form -ffree-line-length-none -fconvert=big-endian -frecord-marker=4 -fallow-argument-mismatch -fallow-invalid-boz  zfft1f.f90
gfortran -c -w -ffree-form -ffree-line-length-none -fconvert=big-endian -frecord-marker=4 -fallow-argument-mismatch -fallow-invalid-boz  z1f2kf.f90
rm -f -f zfft1f.f90
/lib/cpp -P -nostdinc -DEM_CORE=1 -DNMM_CORE=0 -DNMM_MAX_DIM=2600 -DDA_CORE=0 -DWRFPLUS=0 -DIWORDSIZE=4 -DDWORDSIZE=8 -DRWORDSIZE=4 -DLWORDSIZE=4 -DNONSTANDARD_SYSTEM_SUBR  -DWRF_USE_CLM  -DDM_PARALLEL -DNETCDF -DLANDREAD_STUB=1 -DUSE_ALLOCATABLES -Dwrfmodel -DGRIB1 -DINTIO -DKEEP_INT_AROUND -DLIMIT_ARGS -DBUILD_RRTMG_FAST=0 -DBUILD_RRTMK=0 -DBUILD_SBM_FAST=1 -DSHOW_ALL_VARS_USED=0 -DCONFIG_BUF_LEN=65536 -DMAX_DOMAINS_F=21 -DMAX_HISTORY=25 -DNMM_NEST=0 -DWRF_CHEM -DBUILD_CHEM=1 -I. -traditional-cpp  zmf4kb.F  > zmf4kb.f90
rm -f -f z1f2kf.f90
/lib/cpp -P -nostdinc -DEM_CORE=1 -DNMM_CORE=0 -DNMM_MAX_DIM=2600 -DDA_CORE=0 -DWRFPLUS=0 -DIWORDSIZE=4 -DDWORDSIZE=8 -DRWORDSIZE=4 -DLWORDSIZE=4 -DNONSTANDARD_SYSTEM_SUBR  -DWRF_USE_CLM  -DDM_PARALLEL -DNETCDF -DLANDREAD_STUB=1 -DUSE_ALLOCATABLES -Dwrfmodel -DGRIB1 -DINTIO -DKEEP_INT_AROUND -DLIMIT_ARGS -DBUILD_RRTMG_FAST=0 -DBUILD_RRTMK=0 -DBUILD_SBM_FAST=1 -DSHOW_ALL_VARS_USED=0 -DCONFIG_BUF_LEN=65536 -DMAX_DOMAINS_F=21 -DMAX_HISTORY=25 -DNMM_NEST=0 -DWRF_CHEM -DBUILD_CHEM=1 -I. -traditional-cpp  c1f2kf.F  > c1f2kf.f90
gfortran -c -w -ffree-form -ffree-line-length-none -fconvert=big-endian -frecord-marker=4 -fallow-argument-mismatch -fallow-invalid-boz  zmf4kb.f90
gfortran -c -w -ffree-form -ffree-line-length-none -fconvert=big-endian -frecord-marker=4 -fallow-argument-mismatch -fallow-invalid-boz  c1f2kf.f90
rm -f -f c1f2kf.f90
/lib/cpp -P -nostdinc -DEM_CORE=1 -DNMM_CORE=0 -DNMM_MAX_DIM=2600 -DDA_CORE=0 -DWRFPLUS=0 -DIWORDSIZE=4 -DDWORDSIZE=8 -DRWORDSIZE=4 -DLWORDSIZE=4 -DNONSTANDARD_SYSTEM_SUBR  -DWRF_USE_CLM  -DDM_PARALLEL -DNETCDF -DLANDREAD_STUB=1 -DUSE_ALLOCATABLES -Dwrfmodel -DGRIB1 -DINTIO -DKEEP_INT_AROUND -DLIMIT_ARGS -DBUILD_RRTMG_FAST=0 -DBUILD_RRTMK=0 -DBUILD_SBM_FAST=1 -DSHOW_ALL_VARS_USED=0 -DCONFIG_BUF_LEN=65536 -DMAX_DOMAINS_F=21 -DMAX_HISTORY=25 -DNMM_NEST=0 -DWRF_CHEM -DBUILD_CHEM=1 -I. -traditional-cpp  cfft1f.F  > cfft1f.f90
rm -f -f zmf4kb.f90
/lib/cpp -P -nostdinc -DEM_CORE=1 -DNMM_CORE=0 -DNMM_MAX_DIM=2600 -DDA_CORE=0 -DWRFPLUS=0 -DIWORDSIZE=4 -DDWORDSIZE=8 -DRWORDSIZE=4 -DLWORDSIZE=4 -DNONSTANDARD_SYSTEM_SUBR  -DWRF_USE_CLM  -DDM_PARALLEL -DNETCDF -DLANDREAD_STUB=1 -DUSE_ALLOCATABLES -Dwrfmodel -DGRIB1 -DINTIO -DKEEP_INT_AROUND -DLIMIT_ARGS -DBUILD_RRTMG_FAST=0 -DBUILD_RRTMK=0 -DBUILD_SBM_FAST=1 -DSHOW_ALL_VARS_USED=0 -DCONFIG_BUF_LEN=65536 -DMAX_DOMAINS_F=21 -DMAX_HISTORY=25 -DNMM_NEST=0 -DWRF_CHEM -DBUILD_CHEM=1 -I. -traditional-cpp  cmf4kb.F  > cmf4kb.f90
gfortran -c -w -ffree-form -ffree-line-length-none -fconvert=big-endian -frecord-marker=4 -fallow-argument-mismatch -fallow-invalid-boz  cfft1f.f90
gfortran -c -w -ffree-form -ffree-line-length-none -fconvert=big-endian -frecord-marker=4 -fallow-argument-mismatch -fallow-invalid-boz  cmf4kb.f90
rm -f -f cfft1f.f90
/lib/cpp -P -nostdinc -DEM_CORE=1 -DNMM_CORE=0 -DNMM_MAX_DIM=2600 -DDA_CORE=0 -DWRFPLUS=0 -DIWORDSIZE=4 -DDWORDSIZE=8 -DRWORDSIZE=4 -DLWORDSIZE=4 -DNONSTANDARD_SYSTEM_SUBR  -DWRF_USE_CLM  -DDM_PARALLEL -DNETCDF -DLANDREAD_STUB=1 -DUSE_ALLOCATABLES -Dwrfmodel -DGRIB1 -DINTIO -DKEEP_INT_AROUND -DLIMIT_ARGS -DBUILD_RRTMG_FAST=0 -DBUILD_RRTMK=0 -DBUILD_SBM_FAST=1 -DSHOW_ALL_VARS_USED=0 -DCONFIG_BUF_LEN=65536 -DMAX_DOMAINS_F=21 -DMAX_HISTORY=25 -DNMM_NEST=0 -DWRF_CHEM -DBUILD_CHEM=1 -I. -traditional-cpp  cosqf1.F  > cosqf1.f90
gfortran -c -w -ffree-form -ffree-line-length-none -fconvert=big-endian -frecord-marker=4 -fallow-argument-mismatch -fallow-invalid-boz  cosqf1.f90
rm -f -f cmf4kb.f90
/lib/cpp -P -nostdinc -DEM_CORE=1 -DNMM_CORE=0 -DNMM_MAX_DIM=2600 -DDA_CORE=0 -DWRFPLUS=0 -DIWORDSIZE=4 -DDWORDSIZE=8 -DRWORDSIZE=4 -DLWORDSIZE=4 -DNONSTANDARD_SYSTEM_SUBR  -DWRF_USE_CLM  -DDM_PARALLEL -DNETCDF -DLANDREAD_STUB=1 -DUSE_ALLOCATABLES -Dwrfmodel -DGRIB1 -DINTIO -DKEEP_INT_AROUND -DLIMIT_ARGS -DBUILD_RRTMG_FAST=0 -DBUILD_RRTMK=0 -DBUILD_SBM_FAST=1 -DSHOW_ALL_VARS_USED=0 -DCONFIG_BUF_LEN=65536 -DMAX_DOMAINS_F=21 -DMAX_HISTORY=25 -DNMM_NEST=0 -DWRF_CHEM -DBUILD_CHEM=1 -I. -traditional-cpp  d1f2kb.F  > d1f2kb.f90
gfortran -c -w -ffree-form -ffree-line-length-none -fconvert=big-endian -frecord-marker=4 -fallow-argument-mismatch -fallow-invalid-boz  d1f2kb.f90
rm -f -f cosqf1.f90
/lib/cpp -P -nostdinc -DEM_CORE=1 -DNMM_CORE=0 -DNMM_MAX_DIM=2600 -DDA_CORE=0 -DWRFPLUS=0 -DIWORDSIZE=4 -DDWORDSIZE=8 -DRWORDSIZE=4 -DLWORDSIZE=4 -DNONSTANDARD_SYSTEM_SUBR  -DWRF_USE_CLM  -DDM_PARALLEL -DNETCDF -DLANDREAD_STUB=1 -DUSE_ALLOCATABLES -Dwrfmodel -DGRIB1 -DINTIO -DKEEP_INT_AROUND -DLIMIT_ARGS -DBUILD_RRTMG_FAST=0 -DBUILD_RRTMK=0 -DBUILD_SBM_FAST=1 -DSHOW_ALL_VARS_USED=0 -DCONFIG_BUF_LEN=65536 -DMAX_DOMAINS_F=21 -DMAX_HISTORY=25 -DNMM_NEST=0 -DWRF_CHEM -DBUILD_CHEM=1 -I. -traditional-cpp  dcosq1i.F  > dcosq1i.f90
gfortran -c -w -ffree-form -ffree-line-length-none -fconvert=big-endian -frecord-marker=4 -fallow-argument-mismatch -fallow-invalid-boz  dcosq1i.f90
rm -f -f dcosq1i.f90
rm -f -f d1f2kb.f90
/lib/cpp -P -nostdinc -DEM_CORE=1 -DNMM_CORE=0 -DNMM_MAX_DIM=2600 -DDA_CORE=0 -DWRFPLUS=0 -DIWORDSIZE=4 -DDWORDSIZE=8 -DRWORDSIZE=4 -DLWORDSIZE=4 -DNONSTANDARD_SYSTEM_SUBR  -DWRF_USE_CLM  -DDM_PARALLEL -DNETCDF -DLANDREAD_STUB=1 -DUSE_ALLOCATABLES -Dwrfmodel -DGRIB1 -DINTIO -DKEEP_INT_AROUND -DLIMIT_ARGS -DBUILD_RRTMG_FAST=0 -DBUILD_RRTMK=0 -DBUILD_SBM_FAST=1 -DSHOW_ALL_VARS_USED=0 -DCONFIG_BUF_LEN=65536 -DMAX_DOMAINS_F=21 -DMAX_HISTORY=25 -DNMM_NEST=0 -DWRF_CHEM -DBUILD_CHEM=1 -I. -traditional-cpp  dfftf1.F  > dfftf1.f90
/lib/cpp -P -nostdinc -DEM_CORE=1 -DNMM_CORE=0 -DNMM_MAX_DIM=2600 -DDA_CORE=0 -DWRFPLUS=0 -DIWORDSIZE=4 -DDWORDSIZE=8 -DRWORDSIZE=4 -DLWORDSIZE=4 -DNONSTANDARD_SYSTEM_SUBR  -DWRF_USE_CLM  -DDM_PARALLEL -DNETCDF -DLANDREAD_STUB=1 -DUSE_ALLOCATABLES -Dwrfmodel -DGRIB1 -DINTIO -DKEEP_INT_AROUND -DLIMIT_ARGS -DBUILD_RRTMG_FAST=0 -DBUILD_RRTMK=0 -DBUILD_SBM_FAST=1 -DSHOW_ALL_VARS_USED=0 -DCONFIG_BUF_LEN=65536 -DMAX_DOMAINS_F=21 -DMAX_HISTORY=25 -DNMM_NEST=0 -DWRF_CHEM -DBUILD_CHEM=1 -I. -traditional-cpp  mradb3.F  > mradb3.f90
gfortran -c -w -ffree-form -ffree-line-length-none -fconvert=big-endian -frecord-marker=4 -fallow-argument-mismatch -fallow-invalid-boz  dfftf1.f90
gfortran -c -w -ffree-form -ffree-line-length-none -fconvert=big-endian -frecord-marker=4 -fallow-argument-mismatch -fallow-invalid-boz  mradb3.f90
rm -f -f dfftf1.f90
/lib/cpp -P -nostdinc -DEM_CORE=1 -DNMM_CORE=0 -DNMM_MAX_DIM=2600 -DDA_CORE=0 -DWRFPLUS=0 -DIWORDSIZE=4 -DDWORDSIZE=8 -DRWORDSIZE=4 -DLWORDSIZE=4 -DNONSTANDARD_SYSTEM_SUBR  -DWRF_USE_CLM  -DDM_PARALLEL -DNETCDF -DLANDREAD_STUB=1 -DUSE_ALLOCATABLES -Dwrfmodel -DGRIB1 -DINTIO -DKEEP_INT_AROUND -DLIMIT_ARGS -DBUILD_RRTMG_FAST=0 -DBUILD_RRTMK=0 -DBUILD_SBM_FAST=1 -DSHOW_ALL_VARS_USED=0 -DCONFIG_BUF_LEN=65536 -DMAX_DOMAINS_F=21 -DMAX_HISTORY=25 -DNMM_NEST=0 -DWRF_CHEM -DBUILD_CHEM=1 -I. -traditional-cpp  msntb1.F  > msntb1.f90
rm -f -f mradb3.f90
/lib/cpp -P -nostdinc -DEM_CORE=1 -DNMM_CORE=0 -DNMM_MAX_DIM=2600 -DDA_CORE=0 -DWRFPLUS=0 -DIWORDSIZE=4 -DDWORDSIZE=8 -DRWORDSIZE=4 -DLWORDSIZE=4 -DNONSTANDARD_SYSTEM_SUBR  -DWRF_USE_CLM  -DDM_PARALLEL -DNETCDF -DLANDREAD_STUB=1 -DUSE_ALLOCATABLES -Dwrfmodel -DGRIB1 -DINTIO -DKEEP_INT_AROUND -DLIMIT_ARGS -DBUILD_RRTMG_FAST=0 -DBUILD_RRTMK=0 -DBUILD_SBM_FAST=1 -DSHOW_ALL_VARS_USED=0 -DCONFIG_BUF_LEN=65536 -DMAX_DOMAINS_F=21 -DMAX_HISTORY=25 -DNMM_NEST=0 -DWRF_CHEM -DBUILD_CHEM=1 -I. -traditional-cpp  r4_factor.F  > r4_factor.f90
gfortran -c -w -ffree-form -ffree-line-length-none -fconvert=big-endian -frecord-marker=4 -fallow-argument-mismatch -fallow-invalid-boz  msntb1.f90
gfortran -c -w -ffree-form -ffree-line-length-none -fconvert=big-endian -frecord-marker=4 -fallow-argument-mismatch -fallow-invalid-boz  r4_factor.f90
rm -f -f r4_factor.f90
/lib/cpp -P -nostdinc -DEM_CORE=1 -DNMM_CORE=0 -DNMM_MAX_DIM=2600 -DDA_CORE=0 -DWRFPLUS=0 -DIWORDSIZE=4 -DDWORDSIZE=8 -DRWORDSIZE=4 -DLWORDSIZE=4 -DNONSTANDARD_SYSTEM_SUBR  -DWRF_USE_CLM  -DDM_PARALLEL -DNETCDF -DLANDREAD_STUB=1 -DUSE_ALLOCATABLES -Dwrfmodel -DGRIB1 -DINTIO -DKEEP_INT_AROUND -DLIMIT_ARGS -DBUILD_RRTMG_FAST=0 -DBUILD_RRTMK=0 -DBUILD_SBM_FAST=1 -DSHOW_ALL_VARS_USED=0 -DCONFIG_BUF_LEN=65536 -DMAX_DOMAINS_F=21 -DMAX_HISTORY=25 -DNMM_NEST=0 -DWRF_CHEM -DBUILD_CHEM=1 -I. -traditional-cpp  rfftb1.F  > rfftb1.f90
rm -f -f msntb1.f90
/lib/cpp -P -nostdinc -DEM_CORE=1 -DNMM_CORE=0 -DNMM_MAX_DIM=2600 -DDA_CORE=0 -DWRFPLUS=0 -DIWORDSIZE=4 -DDWORDSIZE=8 -DRWORDSIZE=4 -DLWORDSIZE=4 -DNONSTANDARD_SYSTEM_SUBR  -DWRF_USE_CLM  -DDM_PARALLEL -DNETCDF -DLANDREAD_STUB=1 -DUSE_ALLOCATABLES -Dwrfmodel -DGRIB1 -DINTIO -DKEEP_INT_AROUND -DLIMIT_ARGS -DBUILD_RRTMG_FAST=0 -DBUILD_RRTMK=0 -DBUILD_SBM_FAST=1 -DSHOW_ALL_VARS_USED=0 -DCONFIG_BUF_LEN=65536 -DMAX_DOMAINS_F=21 -DMAX_HISTORY=25 -DNMM_NEST=0 -DWRF_CHEM -DBUILD_CHEM=1 -I. -traditional-cpp  sint1b.F  > sint1b.f90
gfortran -c -w -ffree-form -ffree-line-length-none -fconvert=big-endian -frecord-marker=4 -fallow-argument-mismatch -fallow-invalid-boz  rfftb1.f90
gfortran -c -w -ffree-form -ffree-line-length-none -fconvert=big-endian -frecord-marker=4 -fallow-argument-mismatch -fallow-invalid-boz  sint1b.f90
rm -f -f sint1b.f90
/lib/cpp -P -nostdinc -DEM_CORE=1 -DNMM_CORE=0 -DNMM_MAX_DIM=2600 -DDA_CORE=0 -DWRFPLUS=0 -DIWORDSIZE=4 -DDWORDSIZE=8 -DRWORDSIZE=4 -DLWORDSIZE=4 -DNONSTANDARD_SYSTEM_SUBR  -DWRF_USE_CLM  -DDM_PARALLEL -DNETCDF -DLANDREAD_STUB=1 -DUSE_ALLOCATABLES -Dwrfmodel -DGRIB1 -DINTIO -DKEEP_INT_AROUND -DLIMIT_ARGS -DBUILD_RRTMG_FAST=0 -DBUILD_RRTMK=0 -DBUILD_SBM_FAST=1 -DSHOW_ALL_VARS_USED=0 -DCONFIG_BUF_LEN=65536 -DMAX_DOMAINS_F=21 -DMAX_HISTORY=25 -DNMM_NEST=0 -DWRF_CHEM -DBUILD_CHEM=1 -I. -traditional-cpp  z1f3kb.F  > z1f3kb.f90
rm -f -f rfftb1.f90
/lib/cpp -P -nostdinc -DEM_CORE=1 -DNMM_CORE=0 -DNMM_MAX_DIM=2600 -DDA_CORE=0 -DWRFPLUS=0 -DIWORDSIZE=4 -DDWORDSIZE=8 -DRWORDSIZE=4 -DLWORDSIZE=4 -DNONSTANDARD_SYSTEM_SUBR  -DWRF_USE_CLM  -DDM_PARALLEL -DNETCDF -DLANDREAD_STUB=1 -DUSE_ALLOCATABLES -Dwrfmodel -DGRIB1 -DINTIO -DKEEP_INT_AROUND -DLIMIT_ARGS -DBUILD_RRTMG_FAST=0 -DBUILD_RRTMK=0 -DBUILD_SBM_FAST=1 -DSHOW_ALL_VARS_USED=0 -DCONFIG_BUF_LEN=65536 -DMAX_DOMAINS_F=21 -DMAX_HISTORY=25 -DNMM_NEST=0 -DWRF_CHEM -DBUILD_CHEM=1 -I. -traditional-cpp  zfft1i.F  > zfft1i.f90
gfortran -c -w -ffree-form -ffree-line-length-none -fconvert=big-endian -frecord-marker=4 -fallow-argument-mismatch -fallow-invalid-boz  z1f3kb.f90
gfortran -c -w -ffree-form -ffree-line-length-none -fconvert=big-endian -frecord-marker=4 -fallow-argument-mismatch -fallow-invalid-boz  zfft1i.f90
rm -f -f zfft1i.f90
/lib/cpp -P -nostdinc -DEM_CORE=1 -DNMM_CORE=0 -DNMM_MAX_DIM=2600 -DDA_CORE=0 -DWRFPLUS=0 -DIWORDSIZE=4 -DDWORDSIZE=8 -DRWORDSIZE=4 -DLWORDSIZE=4 -DNONSTANDARD_SYSTEM_SUBR  -DWRF_USE_CLM  -DDM_PARALLEL -DNETCDF -DLANDREAD_STUB=1 -DUSE_ALLOCATABLES -Dwrfmodel -DGRIB1 -DINTIO -DKEEP_INT_AROUND -DLIMIT_ARGS -DBUILD_RRTMG_FAST=0 -DBUILD_RRTMK=0 -DBUILD_SBM_FAST=1 -DSHOW_ALL_VARS_USED=0 -DCONFIG_BUF_LEN=65536 -DMAX_DOMAINS_F=21 -DMAX_HISTORY=25 -DNMM_NEST=0 -DWRF_CHEM -DBUILD_CHEM=1 -I. -traditional-cpp  zmf4kf.F  > zmf4kf.f90
rm -f -f z1f3kb.f90
/lib/cpp -P -nostdinc -DEM_CORE=1 -DNMM_CORE=0 -DNMM_MAX_DIM=2600 -DDA_CORE=0 -DWRFPLUS=0 -DIWORDSIZE=4 -DDWORDSIZE=8 -DRWORDSIZE=4 -DLWORDSIZE=4 -DNONSTANDARD_SYSTEM_SUBR  -DWRF_USE_CLM  -DDM_PARALLEL -DNETCDF -DLANDREAD_STUB=1 -DUSE_ALLOCATABLES -Dwrfmodel -DGRIB1 -DINTIO -DKEEP_INT_AROUND -DLIMIT_ARGS -DBUILD_RRTMG_FAST=0 -DBUILD_RRTMK=0 -DBUILD_SBM_FAST=1 -DSHOW_ALL_VARS_USED=0 -DCONFIG_BUF_LEN=65536 -DMAX_DOMAINS_F=21 -DMAX_HISTORY=25 -DNMM_NEST=0 -DWRF_CHEM -DBUILD_CHEM=1 -I. -traditional-cpp  c1f3kb.F  > c1f3kb.f90
gfortran -c -w -ffree-form -ffree-line-length-none -fconvert=big-endian -frecord-marker=4 -fallow-argument-mismatch -fallow-invalid-boz  zmf4kf.f90
gfortran -c -w -ffree-form -ffree-line-length-none -fconvert=big-endian -frecord-marker=4 -fallow-argument-mismatch -fallow-invalid-boz  c1f3kb.f90
rm -f -f c1f3kb.f90
/lib/cpp -P -nostdinc -DEM_CORE=1 -DNMM_CORE=0 -DNMM_MAX_DIM=2600 -DDA_CORE=0 -DWRFPLUS=0 -DIWORDSIZE=4 -DDWORDSIZE=8 -DRWORDSIZE=4 -DLWORDSIZE=4 -DNONSTANDARD_SYSTEM_SUBR  -DWRF_USE_CLM  -DDM_PARALLEL -DNETCDF -DLANDREAD_STUB=1 -DUSE_ALLOCATABLES -Dwrfmodel -DGRIB1 -DINTIO -DKEEP_INT_AROUND -DLIMIT_ARGS -DBUILD_RRTMG_FAST=0 -DBUILD_RRTMK=0 -DBUILD_SBM_FAST=1 -DSHOW_ALL_VARS_USED=0 -DCONFIG_BUF_LEN=65536 -DMAX_DOMAINS_F=21 -DMAX_HISTORY=25 -DNMM_NEST=0 -DWRF_CHEM -DBUILD_CHEM=1 -I. -traditional-cpp  cfft1i.F  > cfft1i.f90
rm -f -f zmf4kf.f90
/lib/cpp -P -nostdinc -DEM_CORE=1 -DNMM_CORE=0 -DNMM_MAX_DIM=2600 -DDA_CORE=0 -DWRFPLUS=0 -DIWORDSIZE=4 -DDWORDSIZE=8 -DRWORDSIZE=4 -DLWORDSIZE=4 -DNONSTANDARD_SYSTEM_SUBR  -DWRF_USE_CLM  -DDM_PARALLEL -DNETCDF -DLANDREAD_STUB=1 -DUSE_ALLOCATABLES -Dwrfmodel -DGRIB1 -DINTIO -DKEEP_INT_AROUND -DLIMIT_ARGS -DBUILD_RRTMG_FAST=0 -DBUILD_RRTMK=0 -DBUILD_SBM_FAST=1 -DSHOW_ALL_VARS_USED=0 -DCONFIG_BUF_LEN=65536 -DMAX_DOMAINS_F=21 -DMAX_HISTORY=25 -DNMM_NEST=0 -DWRF_CHEM -DBUILD_CHEM=1 -I. -traditional-cpp  cmf4kf.F  > cmf4kf.f90
gfortran -c -w -ffree-form -ffree-line-length-none -fconvert=big-endian -frecord-marker=4 -fallow-argument-mismatch -fallow-invalid-boz  cfft1i.f90
gfortran -c -w -ffree-form -ffree-line-length-none -fconvert=big-endian -frecord-marker=4 -fallow-argument-mismatch -fallow-invalid-boz  cmf4kf.f90
rm -f -f cfft1i.f90
/lib/cpp -P -nostdinc -DEM_CORE=1 -DNMM_CORE=0 -DNMM_MAX_DIM=2600 -DDA_CORE=0 -DWRFPLUS=0 -DIWORDSIZE=4 -DDWORDSIZE=8 -DRWORDSIZE=4 -DLWORDSIZE=4 -DNONSTANDARD_SYSTEM_SUBR  -DWRF_USE_CLM  -DDM_PARALLEL -DNETCDF -DLANDREAD_STUB=1 -DUSE_ALLOCATABLES -Dwrfmodel -DGRIB1 -DINTIO -DKEEP_INT_AROUND -DLIMIT_ARGS -DBUILD_RRTMG_FAST=0 -DBUILD_RRTMK=0 -DBUILD_SBM_FAST=1 -DSHOW_ALL_VARS_USED=0 -DCONFIG_BUF_LEN=65536 -DMAX_DOMAINS_F=21 -DMAX_HISTORY=25 -DNMM_NEST=0 -DWRF_CHEM -DBUILD_CHEM=1 -I. -traditional-cpp  cosqmb.F  > cosqmb.f90
gfortran -c -w -ffree-form -ffree-line-length-none -fconvert=big-endian -frecord-marker=4 -fallow-argument-mismatch -fallow-invalid-boz  cosqmb.f90
rm -f -f cosqmb.f90
/lib/cpp -P -nostdinc -DEM_CORE=1 -DNMM_CORE=0 -DNMM_MAX_DIM=2600 -DDA_CORE=0 -DWRFPLUS=0 -DIWORDSIZE=4 -DDWORDSIZE=8 -DRWORDSIZE=4 -DLWORDSIZE=4 -DNONSTANDARD_SYSTEM_SUBR  -DWRF_USE_CLM  -DDM_PARALLEL -DNETCDF -DLANDREAD_STUB=1 -DUSE_ALLOCATABLES -Dwrfmodel -DGRIB1 -DINTIO -DKEEP_INT_AROUND -DLIMIT_ARGS -DBUILD_RRTMG_FAST=0 -DBUILD_RRTMK=0 -DBUILD_SBM_FAST=1 -DSHOW_ALL_VARS_USED=0 -DCONFIG_BUF_LEN=65536 -DMAX_DOMAINS_F=21 -DMAX_HISTORY=25 -DNMM_NEST=0 -DWRF_CHEM -DBUILD_CHEM=1 -I. -traditional-cpp  d1f2kf.F  > d1f2kf.f90
gfortran -c -w -ffree-form -ffree-line-length-none -fconvert=big-endian -frecord-marker=4 -fallow-argument-mismatch -fallow-invalid-boz  d1f2kf.f90
rm -f -f cmf4kf.f90
/lib/cpp -P -nostdinc -DEM_CORE=1 -DNMM_CORE=0 -DNMM_MAX_DIM=2600 -DDA_CORE=0 -DWRFPLUS=0 -DIWORDSIZE=4 -DDWORDSIZE=8 -DRWORDSIZE=4 -DLWORDSIZE=4 -DNONSTANDARD_SYSTEM_SUBR  -DWRF_USE_CLM  -DDM_PARALLEL -DNETCDF -DLANDREAD_STUB=1 -DUSE_ALLOCATABLES -Dwrfmodel -DGRIB1 -DINTIO -DKEEP_INT_AROUND -DLIMIT_ARGS -DBUILD_RRTMG_FAST=0 -DBUILD_RRTMK=0 -DBUILD_SBM_FAST=1 -DSHOW_ALL_VARS_USED=0 -DCONFIG_BUF_LEN=65536 -DMAX_DOMAINS_F=21 -DMAX_HISTORY=25 -DNMM_NEST=0 -DWRF_CHEM -DBUILD_CHEM=1 -I. -traditional-cpp  dcosqb1.F  > dcosqb1.f90
gfortran -c -w -ffree-form -ffree-line-length-none -fconvert=big-endian -frecord-marker=4 -fallow-argument-mismatch -fallow-invalid-boz  dcosqb1.f90
rm -f -f d1f2kf.f90
/lib/cpp -P -nostdinc -DEM_CORE=1 -DNMM_CORE=0 -DNMM_MAX_DIM=2600 -DDA_CORE=0 -DWRFPLUS=0 -DIWORDSIZE=4 -DDWORDSIZE=8 -DRWORDSIZE=4 -DLWORDSIZE=4 -DNONSTANDARD_SYSTEM_SUBR  -DWRF_USE_CLM  -DDM_PARALLEL -DNETCDF -DLANDREAD_STUB=1 -DUSE_ALLOCATABLES -Dwrfmodel -DGRIB1 -DINTIO -DKEEP_INT_AROUND -DLIMIT_ARGS -DBUILD_RRTMG_FAST=0 -DBUILD_RRTMK=0 -DBUILD_SBM_FAST=1 -DSHOW_ALL_VARS_USED=0 -DCONFIG_BUF_LEN=65536 -DMAX_DOMAINS_F=21 -DMAX_HISTORY=25 -DNMM_NEST=0 -DWRF_CHEM -DBUILD_CHEM=1 -I. -traditional-cpp  dffti1.F  > dffti1.f90
rm -f -f dcosqb1.f90
/lib/cpp -P -nostdinc -DEM_CORE=1 -DNMM_CORE=0 -DNMM_MAX_DIM=2600 -DDA_CORE=0 -DWRFPLUS=0 -DIWORDSIZE=4 -DDWORDSIZE=8 -DRWORDSIZE=4 -DLWORDSIZE=4 -DNONSTANDARD_SYSTEM_SUBR  -DWRF_USE_CLM  -DDM_PARALLEL -DNETCDF -DLANDREAD_STUB=1 -DUSE_ALLOCATABLES -Dwrfmodel -DGRIB1 -DINTIO -DKEEP_INT_AROUND -DLIMIT_ARGS -DBUILD_RRTMG_FAST=0 -DBUILD_RRTMK=0 -DBUILD_SBM_FAST=1 -DSHOW_ALL_VARS_USED=0 -DCONFIG_BUF_LEN=65536 -DMAX_DOMAINS_F=21 -DMAX_HISTORY=25 -DNMM_NEST=0 -DWRF_CHEM -DBUILD_CHEM=1 -I. -traditional-cpp  mradb4.F  > mradb4.f90
gfortran -c -w -ffree-form -ffree-line-length-none -fconvert=big-endian -frecord-marker=4 -fallow-argument-mismatch -fallow-invalid-boz  dffti1.f90
gfortran -c -w -ffree-form -ffree-line-length-none -fconvert=big-endian -frecord-marker=4 -fallow-argument-mismatch -fallow-invalid-boz  mradb4.f90
rm -f -f dffti1.f90
/lib/cpp -P -nostdinc -DEM_CORE=1 -DNMM_CORE=0 -DNMM_MAX_DIM=2600 -DDA_CORE=0 -DWRFPLUS=0 -DIWORDSIZE=4 -DDWORDSIZE=8 -DRWORDSIZE=4 -DLWORDSIZE=4 -DNONSTANDARD_SYSTEM_SUBR  -DWRF_USE_CLM  -DDM_PARALLEL -DNETCDF -DLANDREAD_STUB=1 -DUSE_ALLOCATABLES -Dwrfmodel -DGRIB1 -DINTIO -DKEEP_INT_AROUND -DLIMIT_ARGS -DBUILD_RRTMG_FAST=0 -DBUILD_RRTMK=0 -DBUILD_SBM_FAST=1 -DSHOW_ALL_VARS_USED=0 -DCONFIG_BUF_LEN=65536 -DMAX_DOMAINS_F=21 -DMAX_HISTORY=25 -DNMM_NEST=0 -DWRF_CHEM -DBUILD_CHEM=1 -I. -traditional-cpp  msntf1.F  > msntf1.f90
gfortran -c -w -ffree-form -ffree-line-length-none -fconvert=big-endian -frecord-marker=4 -fallow-argument-mismatch -fallow-invalid-boz  msntf1.f90
rm -f -f msntf1.f90
/lib/cpp -P -nostdinc -DEM_CORE=1 -DNMM_CORE=0 -DNMM_MAX_DIM=2600 -DDA_CORE=0 -DWRFPLUS=0 -DIWORDSIZE=4 -DDWORDSIZE=8 -DRWORDSIZE=4 -DLWORDSIZE=4 -DNONSTANDARD_SYSTEM_SUBR  -DWRF_USE_CLM  -DDM_PARALLEL -DNETCDF -DLANDREAD_STUB=1 -DUSE_ALLOCATABLES -Dwrfmodel -DGRIB1 -DINTIO -DKEEP_INT_AROUND -DLIMIT_ARGS -DBUILD_RRTMG_FAST=0 -DBUILD_RRTMK=0 -DBUILD_SBM_FAST=1 -DSHOW_ALL_VARS_USED=0 -DCONFIG_BUF_LEN=65536 -DMAX_DOMAINS_F=21 -DMAX_HISTORY=25 -DNMM_NEST=0 -DWRF_CHEM -DBUILD_CHEM=1 -I. -traditional-cpp  r4_mcfti1.F  > r4_mcfti1.f90
rm -f -f mradb4.f90
/lib/cpp -P -nostdinc -DEM_CORE=1 -DNMM_CORE=0 -DNMM_MAX_DIM=2600 -DDA_CORE=0 -DWRFPLUS=0 -DIWORDSIZE=4 -DDWORDSIZE=8 -DRWORDSIZE=4 -DLWORDSIZE=4 -DNONSTANDARD_SYSTEM_SUBR  -DWRF_USE_CLM  -DDM_PARALLEL -DNETCDF -DLANDREAD_STUB=1 -DUSE_ALLOCATABLES -Dwrfmodel -DGRIB1 -DINTIO -DKEEP_INT_AROUND -DLIMIT_ARGS -DBUILD_RRTMG_FAST=0 -DBUILD_RRTMK=0 -DBUILD_SBM_FAST=1 -DSHOW_ALL_VARS_USED=0 -DCONFIG_BUF_LEN=65536 -DMAX_DOMAINS_F=21 -DMAX_HISTORY=25 -DNMM_NEST=0 -DWRF_CHEM -DBUILD_CHEM=1 -I. -traditional-cpp  rfftf1.F  > rfftf1.f90
gfortran -c -w -ffree-form -ffree-line-length-none -fconvert=big-endian -frecord-marker=4 -fallow-argument-mismatch -fallow-invalid-boz  rfftf1.f90
gfortran -c -w -ffree-form -ffree-line-length-none -fconvert=big-endian -frecord-marker=4 -fallow-argument-mismatch -fallow-invalid-boz  r4_mcfti1.f90
rm -f -f r4_mcfti1.f90
/lib/cpp -P -nostdinc -DEM_CORE=1 -DNMM_CORE=0 -DNMM_MAX_DIM=2600 -DDA_CORE=0 -DWRFPLUS=0 -DIWORDSIZE=4 -DDWORDSIZE=8 -DRWORDSIZE=4 -DLWORDSIZE=4 -DNONSTANDARD_SYSTEM_SUBR  -DWRF_USE_CLM  -DDM_PARALLEL -DNETCDF -DLANDREAD_STUB=1 -DUSE_ALLOCATABLES -Dwrfmodel -DGRIB1 -DINTIO -DKEEP_INT_AROUND -DLIMIT_ARGS -DBUILD_RRTMG_FAST=0 -DBUILD_RRTMK=0 -DBUILD_SBM_FAST=1 -DSHOW_ALL_VARS_USED=0 -DCONFIG_BUF_LEN=65536 -DMAX_DOMAINS_F=21 -DMAX_HISTORY=25 -DNMM_NEST=0 -DWRF_CHEM -DBUILD_CHEM=1 -I. -traditional-cpp  sint1f.F  > sint1f.f90
rm -f -f rfftf1.f90
/lib/cpp -P -nostdinc -DEM_CORE=1 -DNMM_CORE=0 -DNMM_MAX_DIM=2600 -DDA_CORE=0 -DWRFPLUS=0 -DIWORDSIZE=4 -DDWORDSIZE=8 -DRWORDSIZE=4 -DLWORDSIZE=4 -DNONSTANDARD_SYSTEM_SUBR  -DWRF_USE_CLM  -DDM_PARALLEL -DNETCDF -DLANDREAD_STUB=1 -DUSE_ALLOCATABLES -Dwrfmodel -DGRIB1 -DINTIO -DKEEP_INT_AROUND -DLIMIT_ARGS -DBUILD_RRTMG_FAST=0 -DBUILD_RRTMK=0 -DBUILD_SBM_FAST=1 -DSHOW_ALL_VARS_USED=0 -DCONFIG_BUF_LEN=65536 -DMAX_DOMAINS_F=21 -DMAX_HISTORY=25 -DNMM_NEST=0 -DWRF_CHEM -DBUILD_CHEM=1 -I. -traditional-cpp  z1f3kf.F  > z1f3kf.f90
gfortran -c -w -ffree-form -ffree-line-length-none -fconvert=big-endian -frecord-marker=4 -fallow-argument-mismatch -fallow-invalid-boz  sint1f.f90
gfortran -c -w -ffree-form -ffree-line-length-none -fconvert=big-endian -frecord-marker=4 -fallow-argument-mismatch -fallow-invalid-boz  z1f3kf.f90
rm -f -f sint1f.f90
/lib/cpp -P -nostdinc -DEM_CORE=1 -DNMM_CORE=0 -DNMM_MAX_DIM=2600 -DDA_CORE=0 -DWRFPLUS=0 -DIWORDSIZE=4 -DDWORDSIZE=8 -DRWORDSIZE=4 -DLWORDSIZE=4 -DNONSTANDARD_SYSTEM_SUBR  -DWRF_USE_CLM  -DDM_PARALLEL -DNETCDF -DLANDREAD_STUB=1 -DUSE_ALLOCATABLES -Dwrfmodel -DGRIB1 -DINTIO -DKEEP_INT_AROUND -DLIMIT_ARGS -DBUILD_RRTMG_FAST=0 -DBUILD_RRTMK=0 -DBUILD_SBM_FAST=1 -DSHOW_ALL_VARS_USED=0 -DCONFIG_BUF_LEN=65536 -DMAX_DOMAINS_F=21 -DMAX_HISTORY=25 -DNMM_NEST=0 -DWRF_CHEM -DBUILD_CHEM=1 -I. -traditional-cpp  zfft2b.F  > zfft2b.f90
gfortran -c -w -ffree-form -ffree-line-length-none -fconvert=big-endian -frecord-marker=4 -fallow-argument-mismatch -fallow-invalid-boz  zfft2b.f90
rm -f -f z1f3kf.f90
/lib/cpp -P -nostdinc -DEM_CORE=1 -DNMM_CORE=0 -DNMM_MAX_DIM=2600 -DDA_CORE=0 -DWRFPLUS=0 -DIWORDSIZE=4 -DDWORDSIZE=8 -DRWORDSIZE=4 -DLWORDSIZE=4 -DNONSTANDARD_SYSTEM_SUBR  -DWRF_USE_CLM  -DDM_PARALLEL -DNETCDF -DLANDREAD_STUB=1 -DUSE_ALLOCATABLES -Dwrfmodel -DGRIB1 -DINTIO -DKEEP_INT_AROUND -DLIMIT_ARGS -DBUILD_RRTMG_FAST=0 -DBUILD_RRTMK=0 -DBUILD_SBM_FAST=1 -DSHOW_ALL_VARS_USED=0 -DCONFIG_BUF_LEN=65536 -DMAX_DOMAINS_F=21 -DMAX_HISTORY=25 -DNMM_NEST=0 -DWRF_CHEM -DBUILD_CHEM=1 -I. -traditional-cpp  zmf5kb.F  > zmf5kb.f90
rm -f -f zfft2b.f90
/lib/cpp -P -nostdinc -DEM_CORE=1 -DNMM_CORE=0 -DNMM_MAX_DIM=2600 -DDA_CORE=0 -DWRFPLUS=0 -DIWORDSIZE=4 -DDWORDSIZE=8 -DRWORDSIZE=4 -DLWORDSIZE=4 -DNONSTANDARD_SYSTEM_SUBR  -DWRF_USE_CLM  -DDM_PARALLEL -DNETCDF -DLANDREAD_STUB=1 -DUSE_ALLOCATABLES -Dwrfmodel -DGRIB1 -DINTIO -DKEEP_INT_AROUND -DLIMIT_ARGS -DBUILD_RRTMG_FAST=0 -DBUILD_RRTMK=0 -DBUILD_SBM_FAST=1 -DSHOW_ALL_VARS_USED=0 -DCONFIG_BUF_LEN=65536 -DMAX_DOMAINS_F=21 -DMAX_HISTORY=25 -DNMM_NEST=0 -DWRF_CHEM -DBUILD_CHEM=1 -I. -traditional-cpp  c1f3kf.F  > c1f3kf.f90
gfortran -c -w -ffree-form -ffree-line-length-none -fconvert=big-endian -frecord-marker=4 -fallow-argument-mismatch -fallow-invalid-boz  zmf5kb.f90
gfortran -c -w -ffree-form -ffree-line-length-none -fconvert=big-endian -frecord-marker=4 -fallow-argument-mismatch -fallow-invalid-boz  c1f3kf.f90
rm -f -f zmf5kb.f90
/lib/cpp -P -nostdinc -DEM_CORE=1 -DNMM_CORE=0 -DNMM_MAX_DIM=2600 -DDA_CORE=0 -DWRFPLUS=0 -DIWORDSIZE=4 -DDWORDSIZE=8 -DRWORDSIZE=4 -DLWORDSIZE=4 -DNONSTANDARD_SYSTEM_SUBR  -DWRF_USE_CLM  -DDM_PARALLEL -DNETCDF -DLANDREAD_STUB=1 -DUSE_ALLOCATABLES -Dwrfmodel -DGRIB1 -DINTIO -DKEEP_INT_AROUND -DLIMIT_ARGS -DBUILD_RRTMG_FAST=0 -DBUILD_RRTMK=0 -DBUILD_SBM_FAST=1 -DSHOW_ALL_VARS_USED=0 -DCONFIG_BUF_LEN=65536 -DMAX_DOMAINS_F=21 -DMAX_HISTORY=25 -DNMM_NEST=0 -DWRF_CHEM -DBUILD_CHEM=1 -I. -traditional-cpp  cfft2b.F  > cfft2b.f90
rm -f -f c1f3kf.f90
/lib/cpp -P -nostdinc -DEM_CORE=1 -DNMM_CORE=0 -DNMM_MAX_DIM=2600 -DDA_CORE=0 -DWRFPLUS=0 -DIWORDSIZE=4 -DDWORDSIZE=8 -DRWORDSIZE=4 -DLWORDSIZE=4 -DNONSTANDARD_SYSTEM_SUBR  -DWRF_USE_CLM  -DDM_PARALLEL -DNETCDF -DLANDREAD_STUB=1 -DUSE_ALLOCATABLES -Dwrfmodel -DGRIB1 -DINTIO -DKEEP_INT_AROUND -DLIMIT_ARGS -DBUILD_RRTMG_FAST=0 -DBUILD_RRTMK=0 -DBUILD_SBM_FAST=1 -DSHOW_ALL_VARS_USED=0 -DCONFIG_BUF_LEN=65536 -DMAX_DOMAINS_F=21 -DMAX_HISTORY=25 -DNMM_NEST=0 -DWRF_CHEM -DBUILD_CHEM=1 -I. -traditional-cpp  cmf5kb.F  > cmf5kb.f90
gfortran -c -w -ffree-form -ffree-line-length-none -fconvert=big-endian -frecord-marker=4 -fallow-argument-mismatch -fallow-invalid-boz  cfft2b.f90
gfortran -c -w -ffree-form -ffree-line-length-none -fconvert=big-endian -frecord-marker=4 -fallow-argument-mismatch -fallow-invalid-boz  cmf5kb.f90
rm -f -f cfft2b.f90
/lib/cpp -P -nostdinc -DEM_CORE=1 -DNMM_CORE=0 -DNMM_MAX_DIM=2600 -DDA_CORE=0 -DWRFPLUS=0 -DIWORDSIZE=4 -DDWORDSIZE=8 -DRWORDSIZE=4 -DLWORDSIZE=4 -DNONSTANDARD_SYSTEM_SUBR  -DWRF_USE_CLM  -DDM_PARALLEL -DNETCDF -DLANDREAD_STUB=1 -DUSE_ALLOCATABLES -Dwrfmodel -DGRIB1 -DINTIO -DKEEP_INT_AROUND -DLIMIT_ARGS -DBUILD_RRTMG_FAST=0 -DBUILD_RRTMK=0 -DBUILD_SBM_FAST=1 -DSHOW_ALL_VARS_USED=0 -DCONFIG_BUF_LEN=65536 -DMAX_DOMAINS_F=21 -DMAX_HISTORY=25 -DNMM_NEST=0 -DWRF_CHEM -DBUILD_CHEM=1 -I. -traditional-cpp  cosqmf.F  > cosqmf.f90
gfortran -c -w -ffree-form -ffree-line-length-none -fconvert=big-endian -frecord-marker=4 -fallow-argument-mismatch -fallow-invalid-boz  cosqmf.f90
rm -f -f cosqmf.f90
rm -f -f cmf5kb.f90
/lib/cpp -P -nostdinc -DEM_CORE=1 -DNMM_CORE=0 -DNMM_MAX_DIM=2600 -DDA_CORE=0 -DWRFPLUS=0 -DIWORDSIZE=4 -DDWORDSIZE=8 -DRWORDSIZE=4 -DLWORDSIZE=4 -DNONSTANDARD_SYSTEM_SUBR  -DWRF_USE_CLM  -DDM_PARALLEL -DNETCDF -DLANDREAD_STUB=1 -DUSE_ALLOCATABLES -Dwrfmodel -DGRIB1 -DINTIO -DKEEP_INT_AROUND -DLIMIT_ARGS -DBUILD_RRTMG_FAST=0 -DBUILD_RRTMK=0 -DBUILD_SBM_FAST=1 -DSHOW_ALL_VARS_USED=0 -DCONFIG_BUF_LEN=65536 -DMAX_DOMAINS_F=21 -DMAX_HISTORY=25 -DNMM_NEST=0 -DWRF_CHEM -DBUILD_CHEM=1 -I. -traditional-cpp  d1f3kb.F  > d1f3kb.f90
/lib/cpp -P -nostdinc -DEM_CORE=1 -DNMM_CORE=0 -DNMM_MAX_DIM=2600 -DDA_CORE=0 -DWRFPLUS=0 -DIWORDSIZE=4 -DDWORDSIZE=8 -DRWORDSIZE=4 -DLWORDSIZE=4 -DNONSTANDARD_SYSTEM_SUBR  -DWRF_USE_CLM  -DDM_PARALLEL -DNETCDF -DLANDREAD_STUB=1 -DUSE_ALLOCATABLES -Dwrfmodel -DGRIB1 -DINTIO -DKEEP_INT_AROUND -DLIMIT_ARGS -DBUILD_RRTMG_FAST=0 -DBUILD_RRTMK=0 -DBUILD_SBM_FAST=1 -DSHOW_ALL_VARS_USED=0 -DCONFIG_BUF_LEN=65536 -DMAX_DOMAINS_F=21 -DMAX_HISTORY=25 -DNMM_NEST=0 -DWRF_CHEM -DBUILD_CHEM=1 -I. -traditional-cpp  dcosqf1.F  > dcosqf1.f90
gfortran -c -w -ffree-form -ffree-line-length-none -fconvert=big-endian -frecord-marker=4 -fallow-argument-mismatch -fallow-invalid-boz  d1f3kb.f90
gfortran -c -w -ffree-form -ffree-line-length-none -fconvert=big-endian -frecord-marker=4 -fallow-argument-mismatch -fallow-invalid-boz  dcosqf1.f90
rm -f -f dcosqf1.f90
/lib/cpp -P -nostdinc -DEM_CORE=1 -DNMM_CORE=0 -DNMM_MAX_DIM=2600 -DDA_CORE=0 -DWRFPLUS=0 -DIWORDSIZE=4 -DDWORDSIZE=8 -DRWORDSIZE=4 -DLWORDSIZE=4 -DNONSTANDARD_SYSTEM_SUBR  -DWRF_USE_CLM  -DDM_PARALLEL -DNETCDF -DLANDREAD_STUB=1 -DUSE_ALLOCATABLES -Dwrfmodel -DGRIB1 -DINTIO -DKEEP_INT_AROUND -DLIMIT_ARGS -DBUILD_RRTMG_FAST=0 -DBUILD_RRTMK=0 -DBUILD_SBM_FAST=1 -DSHOW_ALL_VARS_USED=0 -DCONFIG_BUF_LEN=65536 -DMAX_DOMAINS_F=21 -DMAX_HISTORY=25 -DNMM_NEST=0 -DWRF_CHEM -DBUILD_CHEM=1 -I. -traditional-cpp  dsint1b.F  > dsint1b.f90
gfortran -c -w -ffree-form -ffree-line-length-none -fconvert=big-endian -frecord-marker=4 -fallow-argument-mismatch -fallow-invalid-boz  dsint1b.f90
rm -f -f d1f3kb.f90
/lib/cpp -P -nostdinc -DEM_CORE=1 -DNMM_CORE=0 -DNMM_MAX_DIM=2600 -DDA_CORE=0 -DWRFPLUS=0 -DIWORDSIZE=4 -DDWORDSIZE=8 -DRWORDSIZE=4 -DLWORDSIZE=4 -DNONSTANDARD_SYSTEM_SUBR  -DWRF_USE_CLM  -DDM_PARALLEL -DNETCDF -DLANDREAD_STUB=1 -DUSE_ALLOCATABLES -Dwrfmodel -DGRIB1 -DINTIO -DKEEP_INT_AROUND -DLIMIT_ARGS -DBUILD_RRTMG_FAST=0 -DBUILD_RRTMK=0 -DBUILD_SBM_FAST=1 -DSHOW_ALL_VARS_USED=0 -DCONFIG_BUF_LEN=65536 -DMAX_DOMAINS_F=21 -DMAX_HISTORY=25 -DNMM_NEST=0 -DWRF_CHEM -DBUILD_CHEM=1 -I. -traditional-cpp  mradb5.F  > mradb5.f90
gfortran -c -w -ffree-form -ffree-line-length-none -fconvert=big-endian -frecord-marker=4 -fallow-argument-mismatch -fallow-invalid-boz  mradb5.f90
rm -f -f dsint1b.f90
/lib/cpp -P -nostdinc -DEM_CORE=1 -DNMM_CORE=0 -DNMM_MAX_DIM=2600 -DDA_CORE=0 -DWRFPLUS=0 -DIWORDSIZE=4 -DDWORDSIZE=8 -DRWORDSIZE=4 -DLWORDSIZE=4 -DNONSTANDARD_SYSTEM_SUBR  -DWRF_USE_CLM  -DDM_PARALLEL -DNETCDF -DLANDREAD_STUB=1 -DUSE_ALLOCATABLES -Dwrfmodel -DGRIB1 -DINTIO -DKEEP_INT_AROUND -DLIMIT_ARGS -DBUILD_RRTMG_FAST=0 -DBUILD_RRTMK=0 -DBUILD_SBM_FAST=1 -DSHOW_ALL_VARS_USED=0 -DCONFIG_BUF_LEN=65536 -DMAX_DOMAINS_F=21 -DMAX_HISTORY=25 -DNMM_NEST=0 -DWRF_CHEM -DBUILD_CHEM=1 -I. -traditional-cpp  r1f2kb.F  > r1f2kb.f90
gfortran -c -w -ffree-form -ffree-line-length-none -fconvert=big-endian -frecord-marker=4 -fallow-argument-mismatch -fallow-invalid-boz  r1f2kb.f90
rm -f -f r1f2kb.f90
/lib/cpp -P -nostdinc -DEM_CORE=1 -DNMM_CORE=0 -DNMM_MAX_DIM=2600 -DDA_CORE=0 -DWRFPLUS=0 -DIWORDSIZE=4 -DDWORDSIZE=8 -DRWORDSIZE=4 -DLWORDSIZE=4 -DNONSTANDARD_SYSTEM_SUBR  -DWRF_USE_CLM  -DDM_PARALLEL -DNETCDF -DLANDREAD_STUB=1 -DUSE_ALLOCATABLES -Dwrfmodel -DGRIB1 -DINTIO -DKEEP_INT_AROUND -DLIMIT_ARGS -DBUILD_RRTMG_FAST=0 -DBUILD_RRTMK=0 -DBUILD_SBM_FAST=1 -DSHOW_ALL_VARS_USED=0 -DCONFIG_BUF_LEN=65536 -DMAX_DOMAINS_F=21 -DMAX_HISTORY=25 -DNMM_NEST=0 -DWRF_CHEM -DBUILD_CHEM=1 -I. -traditional-cpp  r4_tables.F  > r4_tables.f90
gfortran -c -w -ffree-form -ffree-line-length-none -fconvert=big-endian -frecord-marker=4 -fallow-argument-mismatch -fallow-invalid-boz  r4_tables.f90
rm -f -f r4_tables.f90
/lib/cpp -P -nostdinc -DEM_CORE=1 -DNMM_CORE=0 -DNMM_MAX_DIM=2600 -DDA_CORE=0 -DWRFPLUS=0 -DIWORDSIZE=4 -DDWORDSIZE=8 -DRWORDSIZE=4 -DLWORDSIZE=4 -DNONSTANDARD_SYSTEM_SUBR  -DWRF_USE_CLM  -DDM_PARALLEL -DNETCDF -DLANDREAD_STUB=1 -DUSE_ALLOCATABLES -Dwrfmodel -DGRIB1 -DINTIO -DKEEP_INT_AROUND -DLIMIT_ARGS -DBUILD_RRTMG_FAST=0 -DBUILD_RRTMK=0 -DBUILD_SBM_FAST=1 -DSHOW_ALL_VARS_USED=0 -DCONFIG_BUF_LEN=65536 -DMAX_DOMAINS_F=21 -DMAX_HISTORY=25 -DNMM_NEST=0 -DWRF_CHEM -DBUILD_CHEM=1 -I. -traditional-cpp  rffti1.F  > rffti1.f90
rm -f -f mradb5.f90
/lib/cpp -P -nostdinc -DEM_CORE=1 -DNMM_CORE=0 -DNMM_MAX_DIM=2600 -DDA_CORE=0 -DWRFPLUS=0 -DIWORDSIZE=4 -DDWORDSIZE=8 -DRWORDSIZE=4 -DLWORDSIZE=4 -DNONSTANDARD_SYSTEM_SUBR  -DWRF_USE_CLM  -DDM_PARALLEL -DNETCDF -DLANDREAD_STUB=1 -DUSE_ALLOCATABLES -Dwrfmodel -DGRIB1 -DINTIO -DKEEP_INT_AROUND -DLIMIT_ARGS -DBUILD_RRTMG_FAST=0 -DBUILD_RRTMK=0 -DBUILD_SBM_FAST=1 -DSHOW_ALL_VARS_USED=0 -DCONFIG_BUF_LEN=65536 -DMAX_DOMAINS_F=21 -DMAX_HISTORY=25 -DNMM_NEST=0 -DWRF_CHEM -DBUILD_CHEM=1 -I. -traditional-cpp  sint1i.F  > sint1i.f90
gfortran -c -w -ffree-form -ffree-line-length-none -fconvert=big-endian -frecord-marker=4 -fallow-argument-mismatch -fallow-invalid-boz  rffti1.f90
gfortran -c -w -ffree-form -ffree-line-length-none -fconvert=big-endian -frecord-marker=4 -fallow-argument-mismatch -fallow-invalid-boz  sint1i.f90
rm -f -f rffti1.f90
rm -f -f sint1i.f90
/lib/cpp -P -nostdinc -DEM_CORE=1 -DNMM_CORE=0 -DNMM_MAX_DIM=2600 -DDA_CORE=0 -DWRFPLUS=0 -DIWORDSIZE=4 -DDWORDSIZE=8 -DRWORDSIZE=4 -DLWORDSIZE=4 -DNONSTANDARD_SYSTEM_SUBR  -DWRF_USE_CLM  -DDM_PARALLEL -DNETCDF -DLANDREAD_STUB=1 -DUSE_ALLOCATABLES -Dwrfmodel -DGRIB1 -DINTIO -DKEEP_INT_AROUND -DLIMIT_ARGS -DBUILD_RRTMG_FAST=0 -DBUILD_RRTMK=0 -DBUILD_SBM_FAST=1 -DSHOW_ALL_VARS_USED=0 -DCONFIG_BUF_LEN=65536 -DMAX_DOMAINS_F=21 -DMAX_HISTORY=25 -DNMM_NEST=0 -DWRF_CHEM -DBUILD_CHEM=1 -I. -traditional-cpp  z1f4kb.F  > z1f4kb.f90
/lib/cpp -P -nostdinc -DEM_CORE=1 -DNMM_CORE=0 -DNMM_MAX_DIM=2600 -DDA_CORE=0 -DWRFPLUS=0 -DIWORDSIZE=4 -DDWORDSIZE=8 -DRWORDSIZE=4 -DLWORDSIZE=4 -DNONSTANDARD_SYSTEM_SUBR  -DWRF_USE_CLM  -DDM_PARALLEL -DNETCDF -DLANDREAD_STUB=1 -DUSE_ALLOCATABLES -Dwrfmodel -DGRIB1 -DINTIO -DKEEP_INT_AROUND -DLIMIT_ARGS -DBUILD_RRTMG_FAST=0 -DBUILD_RRTMK=0 -DBUILD_SBM_FAST=1 -DSHOW_ALL_VARS_USED=0 -DCONFIG_BUF_LEN=65536 -DMAX_DOMAINS_F=21 -DMAX_HISTORY=25 -DNMM_NEST=0 -DWRF_CHEM -DBUILD_CHEM=1 -I. -traditional-cpp  zfft2f.F  > zfft2f.f90
gfortran -c -w -ffree-form -ffree-line-length-none -fconvert=big-endian -frecord-marker=4 -fallow-argument-mismatch -fallow-invalid-boz  z1f4kb.f90
gfortran -c -w -ffree-form -ffree-line-length-none -fconvert=big-endian -frecord-marker=4 -fallow-argument-mismatch -fallow-invalid-boz  zfft2f.f90
rm -f -f zfft2f.f90
/lib/cpp -P -nostdinc -DEM_CORE=1 -DNMM_CORE=0 -DNMM_MAX_DIM=2600 -DDA_CORE=0 -DWRFPLUS=0 -DIWORDSIZE=4 -DDWORDSIZE=8 -DRWORDSIZE=4 -DLWORDSIZE=4 -DNONSTANDARD_SYSTEM_SUBR  -DWRF_USE_CLM  -DDM_PARALLEL -DNETCDF -DLANDREAD_STUB=1 -DUSE_ALLOCATABLES -Dwrfmodel -DGRIB1 -DINTIO -DKEEP_INT_AROUND -DLIMIT_ARGS -DBUILD_RRTMG_FAST=0 -DBUILD_RRTMK=0 -DBUILD_SBM_FAST=1 -DSHOW_ALL_VARS_USED=0 -DCONFIG_BUF_LEN=65536 -DMAX_DOMAINS_F=21 -DMAX_HISTORY=25 -DNMM_NEST=0 -DWRF_CHEM -DBUILD_CHEM=1 -I. -traditional-cpp  zmf5kf.F  > zmf5kf.f90
rm -f -f z1f4kb.f90
/lib/cpp -P -nostdinc -DEM_CORE=1 -DNMM_CORE=0 -DNMM_MAX_DIM=2600 -DDA_CORE=0 -DWRFPLUS=0 -DIWORDSIZE=4 -DDWORDSIZE=8 -DRWORDSIZE=4 -DLWORDSIZE=4 -DNONSTANDARD_SYSTEM_SUBR  -DWRF_USE_CLM  -DDM_PARALLEL -DNETCDF -DLANDREAD_STUB=1 -DUSE_ALLOCATABLES -Dwrfmodel -DGRIB1 -DINTIO -DKEEP_INT_AROUND -DLIMIT_ARGS -DBUILD_RRTMG_FAST=0 -DBUILD_RRTMK=0 -DBUILD_SBM_FAST=1 -DSHOW_ALL_VARS_USED=0 -DCONFIG_BUF_LEN=65536 -DMAX_DOMAINS_F=21 -DMAX_HISTORY=25 -DNMM_NEST=0 -DWRF_CHEM -DBUILD_CHEM=1 -I. -traditional-cpp  c1f4kb.F  > c1f4kb.f90
gfortran -c -w -ffree-form -ffree-line-length-none -fconvert=big-endian -frecord-marker=4 -fallow-argument-mismatch -fallow-invalid-boz  zmf5kf.f90
gfortran -c -w -ffree-form -ffree-line-length-none -fconvert=big-endian -frecord-marker=4 -fallow-argument-mismatch -fallow-invalid-boz  c1f4kb.f90
rm -f -f c1f4kb.f90
/lib/cpp -P -nostdinc -DEM_CORE=1 -DNMM_CORE=0 -DNMM_MAX_DIM=2600 -DDA_CORE=0 -DWRFPLUS=0 -DIWORDSIZE=4 -DDWORDSIZE=8 -DRWORDSIZE=4 -DLWORDSIZE=4 -DNONSTANDARD_SYSTEM_SUBR  -DWRF_USE_CLM  -DDM_PARALLEL -DNETCDF -DLANDREAD_STUB=1 -DUSE_ALLOCATABLES -Dwrfmodel -DGRIB1 -DINTIO -DKEEP_INT_AROUND -DLIMIT_ARGS -DBUILD_RRTMG_FAST=0 -DBUILD_RRTMK=0 -DBUILD_SBM_FAST=1 -DSHOW_ALL_VARS_USED=0 -DCONFIG_BUF_LEN=65536 -DMAX_DOMAINS_F=21 -DMAX_HISTORY=25 -DNMM_NEST=0 -DWRF_CHEM -DBUILD_CHEM=1 -I. -traditional-cpp  cfft2f.F  > cfft2f.f90
gfortran -c -w -ffree-form -ffree-line-length-none -fconvert=big-endian -frecord-marker=4 -fallow-argument-mismatch -fallow-invalid-boz  cfft2f.f90
rm -f -f zmf5kf.f90
/lib/cpp -P -nostdinc -DEM_CORE=1 -DNMM_CORE=0 -DNMM_MAX_DIM=2600 -DDA_CORE=0 -DWRFPLUS=0 -DIWORDSIZE=4 -DDWORDSIZE=8 -DRWORDSIZE=4 -DLWORDSIZE=4 -DNONSTANDARD_SYSTEM_SUBR  -DWRF_USE_CLM  -DDM_PARALLEL -DNETCDF -DLANDREAD_STUB=1 -DUSE_ALLOCATABLES -Dwrfmodel -DGRIB1 -DINTIO -DKEEP_INT_AROUND -DLIMIT_ARGS -DBUILD_RRTMG_FAST=0 -DBUILD_RRTMK=0 -DBUILD_SBM_FAST=1 -DSHOW_ALL_VARS_USED=0 -DCONFIG_BUF_LEN=65536 -DMAX_DOMAINS_F=21 -DMAX_HISTORY=25 -DNMM_NEST=0 -DWRF_CHEM -DBUILD_CHEM=1 -I. -traditional-cpp  cmf5kf.F  > cmf5kf.f90
gfortran -c -w -ffree-form -ffree-line-length-none -fconvert=big-endian -frecord-marker=4 -fallow-argument-mismatch -fallow-invalid-boz  cmf5kf.f90
rm -f -f cfft2f.f90
/lib/cpp -P -nostdinc -DEM_CORE=1 -DNMM_CORE=0 -DNMM_MAX_DIM=2600 -DDA_CORE=0 -DWRFPLUS=0 -DIWORDSIZE=4 -DDWORDSIZE=8 -DRWORDSIZE=4 -DLWORDSIZE=4 -DNONSTANDARD_SYSTEM_SUBR  -DWRF_USE_CLM  -DDM_PARALLEL -DNETCDF -DLANDREAD_STUB=1 -DUSE_ALLOCATABLES -Dwrfmodel -DGRIB1 -DINTIO -DKEEP_INT_AROUND -DLIMIT_ARGS -DBUILD_RRTMG_FAST=0 -DBUILD_RRTMK=0 -DBUILD_SBM_FAST=1 -DSHOW_ALL_VARS_USED=0 -DCONFIG_BUF_LEN=65536 -DMAX_DOMAINS_F=21 -DMAX_HISTORY=25 -DNMM_NEST=0 -DWRF_CHEM -DBUILD_CHEM=1 -I. -traditional-cpp  cosqmi.F  > cosqmi.f90
gfortran -c -w -ffree-form -ffree-line-length-none -fconvert=big-endian -frecord-marker=4 -fallow-argument-mismatch -fallow-invalid-boz  cosqmi.f90
rm -f -f cosqmi.f90
/lib/cpp -P -nostdinc -DEM_CORE=1 -DNMM_CORE=0 -DNMM_MAX_DIM=2600 -DDA_CORE=0 -DWRFPLUS=0 -DIWORDSIZE=4 -DDWORDSIZE=8 -DRWORDSIZE=4 -DLWORDSIZE=4 -DNONSTANDARD_SYSTEM_SUBR  -DWRF_USE_CLM  -DDM_PARALLEL -DNETCDF -DLANDREAD_STUB=1 -DUSE_ALLOCATABLES -Dwrfmodel -DGRIB1 -DINTIO -DKEEP_INT_AROUND -DLIMIT_ARGS -DBUILD_RRTMG_FAST=0 -DBUILD_RRTMK=0 -DBUILD_SBM_FAST=1 -DSHOW_ALL_VARS_USED=0 -DCONFIG_BUF_LEN=65536 -DMAX_DOMAINS_F=21 -DMAX_HISTORY=25 -DNMM_NEST=0 -DWRF_CHEM -DBUILD_CHEM=1 -I. -traditional-cpp  d1f3kf.F  > d1f3kf.f90
rm -f -f cmf5kf.f90
/lib/cpp -P -nostdinc -DEM_CORE=1 -DNMM_CORE=0 -DNMM_MAX_DIM=2600 -DDA_CORE=0 -DWRFPLUS=0 -DIWORDSIZE=4 -DDWORDSIZE=8 -DRWORDSIZE=4 -DLWORDSIZE=4 -DNONSTANDARD_SYSTEM_SUBR  -DWRF_USE_CLM  -DDM_PARALLEL -DNETCDF -DLANDREAD_STUB=1 -DUSE_ALLOCATABLES -Dwrfmodel -DGRIB1 -DINTIO -DKEEP_INT_AROUND -DLIMIT_ARGS -DBUILD_RRTMG_FAST=0 -DBUILD_RRTMK=0 -DBUILD_SBM_FAST=1 -DSHOW_ALL_VARS_USED=0 -DCONFIG_BUF_LEN=65536 -DMAX_DOMAINS_F=21 -DMAX_HISTORY=25 -DNMM_NEST=0 -DWRF_CHEM -DBUILD_CHEM=1 -I. -traditional-cpp  dcost1b.F  > dcost1b.f90
gfortran -c -w -ffree-form -ffree-line-length-none -fconvert=big-endian -frecord-marker=4 -fallow-argument-mismatch -fallow-invalid-boz  d1f3kf.f90
gfortran -c -w -ffree-form -ffree-line-length-none -fconvert=big-endian -frecord-marker=4 -fallow-argument-mismatch -fallow-invalid-boz  dcost1b.f90
rm -f -f d1f3kf.f90
rm -f -f dcost1b.f90
/lib/cpp -P -nostdinc -DEM_CORE=1 -DNMM_CORE=0 -DNMM_MAX_DIM=2600 -DDA_CORE=0 -DWRFPLUS=0 -DIWORDSIZE=4 -DDWORDSIZE=8 -DRWORDSIZE=4 -DLWORDSIZE=4 -DNONSTANDARD_SYSTEM_SUBR  -DWRF_USE_CLM  -DDM_PARALLEL -DNETCDF -DLANDREAD_STUB=1 -DUSE_ALLOCATABLES -Dwrfmodel -DGRIB1 -DINTIO -DKEEP_INT_AROUND -DLIMIT_ARGS -DBUILD_RRTMG_FAST=0 -DBUILD_RRTMK=0 -DBUILD_SBM_FAST=1 -DSHOW_ALL_VARS_USED=0 -DCONFIG_BUF_LEN=65536 -DMAX_DOMAINS_F=21 -DMAX_HISTORY=25 -DNMM_NEST=0 -DWRF_CHEM -DBUILD_CHEM=1 -I. -traditional-cpp  dsint1f.F  > dsint1f.f90
/lib/cpp -P -nostdinc -DEM_CORE=1 -DNMM_CORE=0 -DNMM_MAX_DIM=2600 -DDA_CORE=0 -DWRFPLUS=0 -DIWORDSIZE=4 -DDWORDSIZE=8 -DRWORDSIZE=4 -DLWORDSIZE=4 -DNONSTANDARD_SYSTEM_SUBR  -DWRF_USE_CLM  -DDM_PARALLEL -DNETCDF -DLANDREAD_STUB=1 -DUSE_ALLOCATABLES -Dwrfmodel -DGRIB1 -DINTIO -DKEEP_INT_AROUND -DLIMIT_ARGS -DBUILD_RRTMG_FAST=0 -DBUILD_RRTMK=0 -DBUILD_SBM_FAST=1 -DSHOW_ALL_VARS_USED=0 -DCONFIG_BUF_LEN=65536 -DMAX_DOMAINS_F=21 -DMAX_HISTORY=25 -DNMM_NEST=0 -DWRF_CHEM -DBUILD_CHEM=1 -I. -traditional-cpp  mradbg.F  > mradbg.f90
gfortran -c -w -ffree-form -ffree-line-length-none -fconvert=big-endian -frecord-marker=4 -fallow-argument-mismatch -fallow-invalid-boz  mradbg.f90
gfortran -c -w -ffree-form -ffree-line-length-none -fconvert=big-endian -frecord-marker=4 -fallow-argument-mismatch -fallow-invalid-boz  dsint1f.f90
rm -f -f dsint1f.f90
/lib/cpp -P -nostdinc -DEM_CORE=1 -DNMM_CORE=0 -DNMM_MAX_DIM=2600 -DDA_CORE=0 -DWRFPLUS=0 -DIWORDSIZE=4 -DDWORDSIZE=8 -DRWORDSIZE=4 -DLWORDSIZE=4 -DNONSTANDARD_SYSTEM_SUBR  -DWRF_USE_CLM  -DDM_PARALLEL -DNETCDF -DLANDREAD_STUB=1 -DUSE_ALLOCATABLES -Dwrfmodel -DGRIB1 -DINTIO -DKEEP_INT_AROUND -DLIMIT_ARGS -DBUILD_RRTMG_FAST=0 -DBUILD_RRTMK=0 -DBUILD_SBM_FAST=1 -DSHOW_ALL_VARS_USED=0 -DCONFIG_BUF_LEN=65536 -DMAX_DOMAINS_F=21 -DMAX_HISTORY=25 -DNMM_NEST=0 -DWRF_CHEM -DBUILD_CHEM=1 -I. -traditional-cpp  r1f2kf.F  > r1f2kf.f90
gfortran -c -w -ffree-form -ffree-line-length-none -fconvert=big-endian -frecord-marker=4 -fallow-argument-mismatch -fallow-invalid-boz  r1f2kf.f90
rm -f -f mradbg.f90
/lib/cpp -P -nostdinc -DEM_CORE=1 -DNMM_CORE=0 -DNMM_MAX_DIM=2600 -DDA_CORE=0 -DWRFPLUS=0 -DIWORDSIZE=4 -DDWORDSIZE=8 -DRWORDSIZE=4 -DLWORDSIZE=4 -DNONSTANDARD_SYSTEM_SUBR  -DWRF_USE_CLM  -DDM_PARALLEL -DNETCDF -DLANDREAD_STUB=1 -DUSE_ALLOCATABLES -Dwrfmodel -DGRIB1 -DINTIO -DKEEP_INT_AROUND -DLIMIT_ARGS -DBUILD_RRTMG_FAST=0 -DBUILD_RRTMK=0 -DBUILD_SBM_FAST=1 -DSHOW_ALL_VARS_USED=0 -DCONFIG_BUF_LEN=65536 -DMAX_DOMAINS_F=21 -DMAX_HISTORY=25 -DNMM_NEST=0 -DWRF_CHEM -DBUILD_CHEM=1 -I. -traditional-cpp  r8_factor.F  > r8_factor.f90
gfortran -c -w -ffree-form -ffree-line-length-none -fconvert=big-endian -frecord-marker=4 -fallow-argument-mismatch -fallow-invalid-boz  r8_factor.f90
rm -f -f r1f2kf.f90
/lib/cpp -P -nostdinc -DEM_CORE=1 -DNMM_CORE=0 -DNMM_MAX_DIM=2600 -DDA_CORE=0 -DWRFPLUS=0 -DIWORDSIZE=4 -DDWORDSIZE=8 -DRWORDSIZE=4 -DLWORDSIZE=4 -DNONSTANDARD_SYSTEM_SUBR  -DWRF_USE_CLM  -DDM_PARALLEL -DNETCDF -DLANDREAD_STUB=1 -DUSE_ALLOCATABLES -Dwrfmodel -DGRIB1 -DINTIO -DKEEP_INT_AROUND -DLIMIT_ARGS -DBUILD_RRTMG_FAST=0 -DBUILD_RRTMK=0 -DBUILD_SBM_FAST=1 -DSHOW_ALL_VARS_USED=0 -DCONFIG_BUF_LEN=65536 -DMAX_DOMAINS_F=21 -DMAX_HISTORY=25 -DNMM_NEST=0 -DWRF_CHEM -DBUILD_CHEM=1 -I. -traditional-cpp  rfftmb.F  > rfftmb.f90
gfortran -c -w -ffree-form -ffree-line-length-none -fconvert=big-endian -frecord-marker=4 -fallow-argument-mismatch -fallow-invalid-boz  rfftmb.f90
rm -f -f r8_factor.f90
/lib/cpp -P -nostdinc -DEM_CORE=1 -DNMM_CORE=0 -DNMM_MAX_DIM=2600 -DDA_CORE=0 -DWRFPLUS=0 -DIWORDSIZE=4 -DDWORDSIZE=8 -DRWORDSIZE=4 -DLWORDSIZE=4 -DNONSTANDARD_SYSTEM_SUBR  -DWRF_USE_CLM  -DDM_PARALLEL -DNETCDF -DLANDREAD_STUB=1 -DUSE_ALLOCATABLES -Dwrfmodel -DGRIB1 -DINTIO -DKEEP_INT_AROUND -DLIMIT_ARGS -DBUILD_RRTMG_FAST=0 -DBUILD_RRTMK=0 -DBUILD_SBM_FAST=1 -DSHOW_ALL_VARS_USED=0 -DCONFIG_BUF_LEN=65536 -DMAX_DOMAINS_F=21 -DMAX_HISTORY=25 -DNMM_NEST=0 -DWRF_CHEM -DBUILD_CHEM=1 -I. -traditional-cpp  sintb1.F  > sintb1.f90
rm -f -f rfftmb.f90
/lib/cpp -P -nostdinc -DEM_CORE=1 -DNMM_CORE=0 -DNMM_MAX_DIM=2600 -DDA_CORE=0 -DWRFPLUS=0 -DIWORDSIZE=4 -DDWORDSIZE=8 -DRWORDSIZE=4 -DLWORDSIZE=4 -DNONSTANDARD_SYSTEM_SUBR  -DWRF_USE_CLM  -DDM_PARALLEL -DNETCDF -DLANDREAD_STUB=1 -DUSE_ALLOCATABLES -Dwrfmodel -DGRIB1 -DINTIO -DKEEP_INT_AROUND -DLIMIT_ARGS -DBUILD_RRTMG_FAST=0 -DBUILD_RRTMK=0 -DBUILD_SBM_FAST=1 -DSHOW_ALL_VARS_USED=0 -DCONFIG_BUF_LEN=65536 -DMAX_DOMAINS_F=21 -DMAX_HISTORY=25 -DNMM_NEST=0 -DWRF_CHEM -DBUILD_CHEM=1 -I. -traditional-cpp  z1f4kf.F  > z1f4kf.f90
gfortran -c -w -ffree-form -ffree-line-length-none -fconvert=big-endian -frecord-marker=4 -fallow-argument-mismatch -fallow-invalid-boz  sintb1.f90
gfortran -c -w -ffree-form -ffree-line-length-none -fconvert=big-endian -frecord-marker=4 -fallow-argument-mismatch -fallow-invalid-boz  z1f4kf.f90
rm -f -f sintb1.f90
/lib/cpp -P -nostdinc -DEM_CORE=1 -DNMM_CORE=0 -DNMM_MAX_DIM=2600 -DDA_CORE=0 -DWRFPLUS=0 -DIWORDSIZE=4 -DDWORDSIZE=8 -DRWORDSIZE=4 -DLWORDSIZE=4 -DNONSTANDARD_SYSTEM_SUBR  -DWRF_USE_CLM  -DDM_PARALLEL -DNETCDF -DLANDREAD_STUB=1 -DUSE_ALLOCATABLES -Dwrfmodel -DGRIB1 -DINTIO -DKEEP_INT_AROUND -DLIMIT_ARGS -DBUILD_RRTMG_FAST=0 -DBUILD_RRTMK=0 -DBUILD_SBM_FAST=1 -DSHOW_ALL_VARS_USED=0 -DCONFIG_BUF_LEN=65536 -DMAX_DOMAINS_F=21 -DMAX_HISTORY=25 -DNMM_NEST=0 -DWRF_CHEM -DBUILD_CHEM=1 -I. -traditional-cpp  zfft2i.F  > zfft2i.f90
gfortran -c -w -ffree-form -ffree-line-length-none -fconvert=big-endian -frecord-marker=4 -fallow-argument-mismatch -fallow-invalid-boz  zfft2i.f90
rm -f -f z1f4kf.f90
/lib/cpp -P -nostdinc -DEM_CORE=1 -DNMM_CORE=0 -DNMM_MAX_DIM=2600 -DDA_CORE=0 -DWRFPLUS=0 -DIWORDSIZE=4 -DDWORDSIZE=8 -DRWORDSIZE=4 -DLWORDSIZE=4 -DNONSTANDARD_SYSTEM_SUBR  -DWRF_USE_CLM  -DDM_PARALLEL -DNETCDF -DLANDREAD_STUB=1 -DUSE_ALLOCATABLES -Dwrfmodel -DGRIB1 -DINTIO -DKEEP_INT_AROUND -DLIMIT_ARGS -DBUILD_RRTMG_FAST=0 -DBUILD_RRTMK=0 -DBUILD_SBM_FAST=1 -DSHOW_ALL_VARS_USED=0 -DCONFIG_BUF_LEN=65536 -DMAX_DOMAINS_F=21 -DMAX_HISTORY=25 -DNMM_NEST=0 -DWRF_CHEM -DBUILD_CHEM=1 -I. -traditional-cpp  zmfgkb.F  > zmfgkb.f90
gfortran -c -w -ffree-form -ffree-line-length-none -fconvert=big-endian -frecord-marker=4 -fallow-argument-mismatch -fallow-invalid-boz  zmfgkb.f90
rm -f -f zfft2i.f90
/lib/cpp -P -nostdinc -DEM_CORE=1 -DNMM_CORE=0 -DNMM_MAX_DIM=2600 -DDA_CORE=0 -DWRFPLUS=0 -DIWORDSIZE=4 -DDWORDSIZE=8 -DRWORDSIZE=4 -DLWORDSIZE=4 -DNONSTANDARD_SYSTEM_SUBR  -DWRF_USE_CLM  -DDM_PARALLEL -DNETCDF -DLANDREAD_STUB=1 -DUSE_ALLOCATABLES -Dwrfmodel -DGRIB1 -DINTIO -DKEEP_INT_AROUND -DLIMIT_ARGS -DBUILD_RRTMG_FAST=0 -DBUILD_RRTMK=0 -DBUILD_SBM_FAST=1 -DSHOW_ALL_VARS_USED=0 -DCONFIG_BUF_LEN=65536 -DMAX_DOMAINS_F=21 -DMAX_HISTORY=25 -DNMM_NEST=0 -DWRF_CHEM -DBUILD_CHEM=1 -I. -traditional-cpp  c1f4kf.F  > c1f4kf.f90
gfortran -c -w -ffree-form -ffree-line-length-none -fconvert=big-endian -frecord-marker=4 -fallow-argument-mismatch -fallow-invalid-boz  c1f4kf.f90
rm -f -f zmfgkb.f90
/lib/cpp -P -nostdinc -DEM_CORE=1 -DNMM_CORE=0 -DNMM_MAX_DIM=2600 -DDA_CORE=0 -DWRFPLUS=0 -DIWORDSIZE=4 -DDWORDSIZE=8 -DRWORDSIZE=4 -DLWORDSIZE=4 -DNONSTANDARD_SYSTEM_SUBR  -DWRF_USE_CLM  -DDM_PARALLEL -DNETCDF -DLANDREAD_STUB=1 -DUSE_ALLOCATABLES -Dwrfmodel -DGRIB1 -DINTIO -DKEEP_INT_AROUND -DLIMIT_ARGS -DBUILD_RRTMG_FAST=0 -DBUILD_RRTMK=0 -DBUILD_SBM_FAST=1 -DSHOW_ALL_VARS_USED=0 -DCONFIG_BUF_LEN=65536 -DMAX_DOMAINS_F=21 -DMAX_HISTORY=25 -DNMM_NEST=0 -DWRF_CHEM -DBUILD_CHEM=1 -I. -traditional-cpp  cfft2i.F  > cfft2i.f90
rm -f -f c1f4kf.f90
/lib/cpp -P -nostdinc -DEM_CORE=1 -DNMM_CORE=0 -DNMM_MAX_DIM=2600 -DDA_CORE=0 -DWRFPLUS=0 -DIWORDSIZE=4 -DDWORDSIZE=8 -DRWORDSIZE=4 -DLWORDSIZE=4 -DNONSTANDARD_SYSTEM_SUBR  -DWRF_USE_CLM  -DDM_PARALLEL -DNETCDF -DLANDREAD_STUB=1 -DUSE_ALLOCATABLES -Dwrfmodel -DGRIB1 -DINTIO -DKEEP_INT_AROUND -DLIMIT_ARGS -DBUILD_RRTMG_FAST=0 -DBUILD_RRTMK=0 -DBUILD_SBM_FAST=1 -DSHOW_ALL_VARS_USED=0 -DCONFIG_BUF_LEN=65536 -DMAX_DOMAINS_F=21 -DMAX_HISTORY=25 -DNMM_NEST=0 -DWRF_CHEM -DBUILD_CHEM=1 -I. -traditional-cpp  cmfgkb.F  > cmfgkb.f90
gfortran -c -w -ffree-form -ffree-line-length-none -fconvert=big-endian -frecord-marker=4 -fallow-argument-mismatch -fallow-invalid-boz  cfft2i.f90
gfortran -c -w -ffree-form -ffree-line-length-none -fconvert=big-endian -frecord-marker=4 -fallow-argument-mismatch -fallow-invalid-boz  cmfgkb.f90
rm -f -f cfft2i.f90
/lib/cpp -P -nostdinc -DEM_CORE=1 -DNMM_CORE=0 -DNMM_MAX_DIM=2600 -DDA_CORE=0 -DWRFPLUS=0 -DIWORDSIZE=4 -DDWORDSIZE=8 -DRWORDSIZE=4 -DLWORDSIZE=4 -DNONSTANDARD_SYSTEM_SUBR  -DWRF_USE_CLM  -DDM_PARALLEL -DNETCDF -DLANDREAD_STUB=1 -DUSE_ALLOCATABLES -Dwrfmodel -DGRIB1 -DINTIO -DKEEP_INT_AROUND -DLIMIT_ARGS -DBUILD_RRTMG_FAST=0 -DBUILD_RRTMK=0 -DBUILD_SBM_FAST=1 -DSHOW_ALL_VARS_USED=0 -DCONFIG_BUF_LEN=65536 -DMAX_DOMAINS_F=21 -DMAX_HISTORY=25 -DNMM_NEST=0 -DWRF_CHEM -DBUILD_CHEM=1 -I. -traditional-cpp  cost1b.F  > cost1b.f90
gfortran -c -w -ffree-form -ffree-line-length-none -fconvert=big-endian -frecord-marker=4 -fallow-argument-mismatch -fallow-invalid-boz  cost1b.f90
rm -f -f cmfgkb.f90
/lib/cpp -P -nostdinc -DEM_CORE=1 -DNMM_CORE=0 -DNMM_MAX_DIM=2600 -DDA_CORE=0 -DWRFPLUS=0 -DIWORDSIZE=4 -DDWORDSIZE=8 -DRWORDSIZE=4 -DLWORDSIZE=4 -DNONSTANDARD_SYSTEM_SUBR  -DWRF_USE_CLM  -DDM_PARALLEL -DNETCDF -DLANDREAD_STUB=1 -DUSE_ALLOCATABLES -Dwrfmodel -DGRIB1 -DINTIO -DKEEP_INT_AROUND -DLIMIT_ARGS -DBUILD_RRTMG_FAST=0 -DBUILD_RRTMK=0 -DBUILD_SBM_FAST=1 -DSHOW_ALL_VARS_USED=0 -DCONFIG_BUF_LEN=65536 -DMAX_DOMAINS_F=21 -DMAX_HISTORY=25 -DNMM_NEST=0 -DWRF_CHEM -DBUILD_CHEM=1 -I. -traditional-cpp  d1f4kb.F  > d1f4kb.f90
gfortran -c -w -ffree-form -ffree-line-length-none -fconvert=big-endian -frecord-marker=4 -fallow-argument-mismatch -fallow-invalid-boz  d1f4kb.f90
rm -f -f cost1b.f90
/lib/cpp -P -nostdinc -DEM_CORE=1 -DNMM_CORE=0 -DNMM_MAX_DIM=2600 -DDA_CORE=0 -DWRFPLUS=0 -DIWORDSIZE=4 -DDWORDSIZE=8 -DRWORDSIZE=4 -DLWORDSIZE=4 -DNONSTANDARD_SYSTEM_SUBR  -DWRF_USE_CLM  -DDM_PARALLEL -DNETCDF -DLANDREAD_STUB=1 -DUSE_ALLOCATABLES -Dwrfmodel -DGRIB1 -DINTIO -DKEEP_INT_AROUND -DLIMIT_ARGS -DBUILD_RRTMG_FAST=0 -DBUILD_RRTMK=0 -DBUILD_SBM_FAST=1 -DSHOW_ALL_VARS_USED=0 -DCONFIG_BUF_LEN=65536 -DMAX_DOMAINS_F=21 -DMAX_HISTORY=25 -DNMM_NEST=0 -DWRF_CHEM -DBUILD_CHEM=1 -I. -traditional-cpp  dcost1f.F  > dcost1f.f90
gfortran -c -w -ffree-form -ffree-line-length-none -fconvert=big-endian -frecord-marker=4 -fallow-argument-mismatch -fallow-invalid-boz  dcost1f.f90
rm -f -f dcost1f.f90
/lib/cpp -P -nostdinc -DEM_CORE=1 -DNMM_CORE=0 -DNMM_MAX_DIM=2600 -DDA_CORE=0 -DWRFPLUS=0 -DIWORDSIZE=4 -DDWORDSIZE=8 -DRWORDSIZE=4 -DLWORDSIZE=4 -DNONSTANDARD_SYSTEM_SUBR  -DWRF_USE_CLM  -DDM_PARALLEL -DNETCDF -DLANDREAD_STUB=1 -DUSE_ALLOCATABLES -Dwrfmodel -DGRIB1 -DINTIO -DKEEP_INT_AROUND -DLIMIT_ARGS -DBUILD_RRTMG_FAST=0 -DBUILD_RRTMK=0 -DBUILD_SBM_FAST=1 -DSHOW_ALL_VARS_USED=0 -DCONFIG_BUF_LEN=65536 -DMAX_DOMAINS_F=21 -DMAX_HISTORY=25 -DNMM_NEST=0 -DWRF_CHEM -DBUILD_CHEM=1 -I. -traditional-cpp  dsint1i.F  > dsint1i.f90
rm -f -f d1f4kb.f90
/lib/cpp -P -nostdinc -DEM_CORE=1 -DNMM_CORE=0 -DNMM_MAX_DIM=2600 -DDA_CORE=0 -DWRFPLUS=0 -DIWORDSIZE=4 -DDWORDSIZE=8 -DRWORDSIZE=4 -DLWORDSIZE=4 -DNONSTANDARD_SYSTEM_SUBR  -DWRF_USE_CLM  -DDM_PARALLEL -DNETCDF -DLANDREAD_STUB=1 -DUSE_ALLOCATABLES -Dwrfmodel -DGRIB1 -DINTIO -DKEEP_INT_AROUND -DLIMIT_ARGS -DBUILD_RRTMG_FAST=0 -DBUILD_RRTMK=0 -DBUILD_SBM_FAST=1 -DSHOW_ALL_VARS_USED=0 -DCONFIG_BUF_LEN=65536 -DMAX_DOMAINS_F=21 -DMAX_HISTORY=25 -DNMM_NEST=0 -DWRF_CHEM -DBUILD_CHEM=1 -I. -traditional-cpp  mradf2.F  > mradf2.f90
gfortran -c -w -ffree-form -ffree-line-length-none -fconvert=big-endian -frecord-marker=4 -fallow-argument-mismatch -fallow-invalid-boz  dsint1i.f90
gfortran -c -w -ffree-form -ffree-line-length-none -fconvert=big-endian -frecord-marker=4 -fallow-argument-mismatch -fallow-invalid-boz  mradf2.f90
rm -f -f dsint1i.f90
/lib/cpp -P -nostdinc -DEM_CORE=1 -DNMM_CORE=0 -DNMM_MAX_DIM=2600 -DDA_CORE=0 -DWRFPLUS=0 -DIWORDSIZE=4 -DDWORDSIZE=8 -DRWORDSIZE=4 -DLWORDSIZE=4 -DNONSTANDARD_SYSTEM_SUBR  -DWRF_USE_CLM  -DDM_PARALLEL -DNETCDF -DLANDREAD_STUB=1 -DUSE_ALLOCATABLES -Dwrfmodel -DGRIB1 -DINTIO -DKEEP_INT_AROUND -DLIMIT_ARGS -DBUILD_RRTMG_FAST=0 -DBUILD_RRTMK=0 -DBUILD_SBM_FAST=1 -DSHOW_ALL_VARS_USED=0 -DCONFIG_BUF_LEN=65536 -DMAX_DOMAINS_F=21 -DMAX_HISTORY=25 -DNMM_NEST=0 -DWRF_CHEM -DBUILD_CHEM=1 -I. -traditional-cpp  r1f3kb.F  > r1f3kb.f90
rm -f -f mradf2.f90
/lib/cpp -P -nostdinc -DEM_CORE=1 -DNMM_CORE=0 -DNMM_MAX_DIM=2600 -DDA_CORE=0 -DWRFPLUS=0 -DIWORDSIZE=4 -DDWORDSIZE=8 -DRWORDSIZE=4 -DLWORDSIZE=4 -DNONSTANDARD_SYSTEM_SUBR  -DWRF_USE_CLM  -DDM_PARALLEL -DNETCDF -DLANDREAD_STUB=1 -DUSE_ALLOCATABLES -Dwrfmodel -DGRIB1 -DINTIO -DKEEP_INT_AROUND -DLIMIT_ARGS -DBUILD_RRTMG_FAST=0 -DBUILD_RRTMK=0 -DBUILD_SBM_FAST=1 -DSHOW_ALL_VARS_USED=0 -DCONFIG_BUF_LEN=65536 -DMAX_DOMAINS_F=21 -DMAX_HISTORY=25 -DNMM_NEST=0 -DWRF_CHEM -DBUILD_CHEM=1 -I. -traditional-cpp  r8_mcfti1.F  > r8_mcfti1.f90
gfortran -c -w -ffree-form -ffree-line-length-none -fconvert=big-endian -frecord-marker=4 -fallow-argument-mismatch -fallow-invalid-boz  r1f3kb.f90
gfortran -c -w -ffree-form -ffree-line-length-none -fconvert=big-endian -frecord-marker=4 -fallow-argument-mismatch -fallow-invalid-boz  r8_mcfti1.f90
rm -f -f r1f3kb.f90
rm -f -f r8_mcfti1.f90
/lib/cpp -P -nostdinc -DEM_CORE=1 -DNMM_CORE=0 -DNMM_MAX_DIM=2600 -DDA_CORE=0 -DWRFPLUS=0 -DIWORDSIZE=4 -DDWORDSIZE=8 -DRWORDSIZE=4 -DLWORDSIZE=4 -DNONSTANDARD_SYSTEM_SUBR  -DWRF_USE_CLM  -DDM_PARALLEL -DNETCDF -DLANDREAD_STUB=1 -DUSE_ALLOCATABLES -Dwrfmodel -DGRIB1 -DINTIO -DKEEP_INT_AROUND -DLIMIT_ARGS -DBUILD_RRTMG_FAST=0 -DBUILD_RRTMK=0 -DBUILD_SBM_FAST=1 -DSHOW_ALL_VARS_USED=0 -DCONFIG_BUF_LEN=65536 -DMAX_DOMAINS_F=21 -DMAX_HISTORY=25 -DNMM_NEST=0 -DWRF_CHEM -DBUILD_CHEM=1 -I. -traditional-cpp  rfftmf.F  > rfftmf.f90
/lib/cpp -P -nostdinc -DEM_CORE=1 -DNMM_CORE=0 -DNMM_MAX_DIM=2600 -DDA_CORE=0 -DWRFPLUS=0 -DIWORDSIZE=4 -DDWORDSIZE=8 -DRWORDSIZE=4 -DLWORDSIZE=4 -DNONSTANDARD_SYSTEM_SUBR  -DWRF_USE_CLM  -DDM_PARALLEL -DNETCDF -DLANDREAD_STUB=1 -DUSE_ALLOCATABLES -Dwrfmodel -DGRIB1 -DINTIO -DKEEP_INT_AROUND -DLIMIT_ARGS -DBUILD_RRTMG_FAST=0 -DBUILD_RRTMK=0 -DBUILD_SBM_FAST=1 -DSHOW_ALL_VARS_USED=0 -DCONFIG_BUF_LEN=65536 -DMAX_DOMAINS_F=21 -DMAX_HISTORY=25 -DNMM_NEST=0 -DWRF_CHEM -DBUILD_CHEM=1 -I. -traditional-cpp  sintf1.F  > sintf1.f90
gfortran -c -w -ffree-form -ffree-line-length-none -fconvert=big-endian -frecord-marker=4 -fallow-argument-mismatch -fallow-invalid-boz  rfftmf.f90
gfortran -c -w -ffree-form -ffree-line-length-none -fconvert=big-endian -frecord-marker=4 -fallow-argument-mismatch -fallow-invalid-boz  sintf1.f90
rm -f -f rfftmf.f90
/lib/cpp -P -nostdinc -DEM_CORE=1 -DNMM_CORE=0 -DNMM_MAX_DIM=2600 -DDA_CORE=0 -DWRFPLUS=0 -DIWORDSIZE=4 -DDWORDSIZE=8 -DRWORDSIZE=4 -DLWORDSIZE=4 -DNONSTANDARD_SYSTEM_SUBR  -DWRF_USE_CLM  -DDM_PARALLEL -DNETCDF -DLANDREAD_STUB=1 -DUSE_ALLOCATABLES -Dwrfmodel -DGRIB1 -DINTIO -DKEEP_INT_AROUND -DLIMIT_ARGS -DBUILD_RRTMG_FAST=0 -DBUILD_RRTMK=0 -DBUILD_SBM_FAST=1 -DSHOW_ALL_VARS_USED=0 -DCONFIG_BUF_LEN=65536 -DMAX_DOMAINS_F=21 -DMAX_HISTORY=25 -DNMM_NEST=0 -DWRF_CHEM -DBUILD_CHEM=1 -I. -traditional-cpp  z1f5kb.F  > z1f5kb.f90
rm -f -f sintf1.f90
/lib/cpp -P -nostdinc -DEM_CORE=1 -DNMM_CORE=0 -DNMM_MAX_DIM=2600 -DDA_CORE=0 -DWRFPLUS=0 -DIWORDSIZE=4 -DDWORDSIZE=8 -DRWORDSIZE=4 -DLWORDSIZE=4 -DNONSTANDARD_SYSTEM_SUBR  -DWRF_USE_CLM  -DDM_PARALLEL -DNETCDF -DLANDREAD_STUB=1 -DUSE_ALLOCATABLES -Dwrfmodel -DGRIB1 -DINTIO -DKEEP_INT_AROUND -DLIMIT_ARGS -DBUILD_RRTMG_FAST=0 -DBUILD_RRTMK=0 -DBUILD_SBM_FAST=1 -DSHOW_ALL_VARS_USED=0 -DCONFIG_BUF_LEN=65536 -DMAX_DOMAINS_F=21 -DMAX_HISTORY=25 -DNMM_NEST=0 -DWRF_CHEM -DBUILD_CHEM=1 -I. -traditional-cpp  zfftmb.F  > zfftmb.f90
gfortran -c -w -ffree-form -ffree-line-length-none -fconvert=big-endian -frecord-marker=4 -fallow-argument-mismatch -fallow-invalid-boz  z1f5kb.f90
gfortran -c -w -ffree-form -ffree-line-length-none -fconvert=big-endian -frecord-marker=4 -fallow-argument-mismatch -fallow-invalid-boz  zfftmb.f90
rm -f -f zfftmb.f90
/lib/cpp -P -nostdinc -DEM_CORE=1 -DNMM_CORE=0 -DNMM_MAX_DIM=2600 -DDA_CORE=0 -DWRFPLUS=0 -DIWORDSIZE=4 -DDWORDSIZE=8 -DRWORDSIZE=4 -DLWORDSIZE=4 -DNONSTANDARD_SYSTEM_SUBR  -DWRF_USE_CLM  -DDM_PARALLEL -DNETCDF -DLANDREAD_STUB=1 -DUSE_ALLOCATABLES -Dwrfmodel -DGRIB1 -DINTIO -DKEEP_INT_AROUND -DLIMIT_ARGS -DBUILD_RRTMG_FAST=0 -DBUILD_RRTMK=0 -DBUILD_SBM_FAST=1 -DSHOW_ALL_VARS_USED=0 -DCONFIG_BUF_LEN=65536 -DMAX_DOMAINS_F=21 -DMAX_HISTORY=25 -DNMM_NEST=0 -DWRF_CHEM -DBUILD_CHEM=1 -I. -traditional-cpp  zmfgkf.F  > zmfgkf.f90
gfortran -c -w -ffree-form -ffree-line-length-none -fconvert=big-endian -frecord-marker=4 -fallow-argument-mismatch -fallow-invalid-boz  zmfgkf.f90
rm -f -f z1f5kb.f90
/lib/cpp -P -nostdinc -DEM_CORE=1 -DNMM_CORE=0 -DNMM_MAX_DIM=2600 -DDA_CORE=0 -DWRFPLUS=0 -DIWORDSIZE=4 -DDWORDSIZE=8 -DRWORDSIZE=4 -DLWORDSIZE=4 -DNONSTANDARD_SYSTEM_SUBR  -DWRF_USE_CLM  -DDM_PARALLEL -DNETCDF -DLANDREAD_STUB=1 -DUSE_ALLOCATABLES -Dwrfmodel -DGRIB1 -DINTIO -DKEEP_INT_AROUND -DLIMIT_ARGS -DBUILD_RRTMG_FAST=0 -DBUILD_RRTMK=0 -DBUILD_SBM_FAST=1 -DSHOW_ALL_VARS_USED=0 -DCONFIG_BUF_LEN=65536 -DMAX_DOMAINS_F=21 -DMAX_HISTORY=25 -DNMM_NEST=0 -DWRF_CHEM -DBUILD_CHEM=1 -I. -traditional-cpp  c1f5kb.F  > c1f5kb.f90
gfortran -c -w -ffree-form -ffree-line-length-none -fconvert=big-endian -frecord-marker=4 -fallow-argument-mismatch -fallow-invalid-boz  c1f5kb.f90
rm -f -f zmfgkf.f90
/lib/cpp -P -nostdinc -DEM_CORE=1 -DNMM_CORE=0 -DNMM_MAX_DIM=2600 -DDA_CORE=0 -DWRFPLUS=0 -DIWORDSIZE=4 -DDWORDSIZE=8 -DRWORDSIZE=4 -DLWORDSIZE=4 -DNONSTANDARD_SYSTEM_SUBR  -DWRF_USE_CLM  -DDM_PARALLEL -DNETCDF -DLANDREAD_STUB=1 -DUSE_ALLOCATABLES -Dwrfmodel -DGRIB1 -DINTIO -DKEEP_INT_AROUND -DLIMIT_ARGS -DBUILD_RRTMG_FAST=0 -DBUILD_RRTMK=0 -DBUILD_SBM_FAST=1 -DSHOW_ALL_VARS_USED=0 -DCONFIG_BUF_LEN=65536 -DMAX_DOMAINS_F=21 -DMAX_HISTORY=25 -DNMM_NEST=0 -DWRF_CHEM -DBUILD_CHEM=1 -I. -traditional-cpp  cfftmb.F  > cfftmb.f90
rm -f -f c1f5kb.f90
/lib/cpp -P -nostdinc -DEM_CORE=1 -DNMM_CORE=0 -DNMM_MAX_DIM=2600 -DDA_CORE=0 -DWRFPLUS=0 -DIWORDSIZE=4 -DDWORDSIZE=8 -DRWORDSIZE=4 -DLWORDSIZE=4 -DNONSTANDARD_SYSTEM_SUBR  -DWRF_USE_CLM  -DDM_PARALLEL -DNETCDF -DLANDREAD_STUB=1 -DUSE_ALLOCATABLES -Dwrfmodel -DGRIB1 -DINTIO -DKEEP_INT_AROUND -DLIMIT_ARGS -DBUILD_RRTMG_FAST=0 -DBUILD_RRTMK=0 -DBUILD_SBM_FAST=1 -DSHOW_ALL_VARS_USED=0 -DCONFIG_BUF_LEN=65536 -DMAX_DOMAINS_F=21 -DMAX_HISTORY=25 -DNMM_NEST=0 -DWRF_CHEM -DBUILD_CHEM=1 -I. -traditional-cpp  cmfgkf.F  > cmfgkf.f90
gfortran -c -w -ffree-form -ffree-line-length-none -fconvert=big-endian -frecord-marker=4 -fallow-argument-mismatch -fallow-invalid-boz  cfftmb.f90
gfortran -c -w -ffree-form -ffree-line-length-none -fconvert=big-endian -frecord-marker=4 -fallow-argument-mismatch -fallow-invalid-boz  cmfgkf.f90
rm -f -f cfftmb.f90
/lib/cpp -P -nostdinc -DEM_CORE=1 -DNMM_CORE=0 -DNMM_MAX_DIM=2600 -DDA_CORE=0 -DWRFPLUS=0 -DIWORDSIZE=4 -DDWORDSIZE=8 -DRWORDSIZE=4 -DLWORDSIZE=4 -DNONSTANDARD_SYSTEM_SUBR  -DWRF_USE_CLM  -DDM_PARALLEL -DNETCDF -DLANDREAD_STUB=1 -DUSE_ALLOCATABLES -Dwrfmodel -DGRIB1 -DINTIO -DKEEP_INT_AROUND -DLIMIT_ARGS -DBUILD_RRTMG_FAST=0 -DBUILD_RRTMK=0 -DBUILD_SBM_FAST=1 -DSHOW_ALL_VARS_USED=0 -DCONFIG_BUF_LEN=65536 -DMAX_DOMAINS_F=21 -DMAX_HISTORY=25 -DNMM_NEST=0 -DWRF_CHEM -DBUILD_CHEM=1 -I. -traditional-cpp  cost1f.F  > cost1f.f90
gfortran -c -w -ffree-form -ffree-line-length-none -fconvert=big-endian -frecord-marker=4 -fallow-argument-mismatch -fallow-invalid-boz  cost1f.f90
rm -f -f cmfgkf.f90
/lib/cpp -P -nostdinc -DEM_CORE=1 -DNMM_CORE=0 -DNMM_MAX_DIM=2600 -DDA_CORE=0 -DWRFPLUS=0 -DIWORDSIZE=4 -DDWORDSIZE=8 -DRWORDSIZE=4 -DLWORDSIZE=4 -DNONSTANDARD_SYSTEM_SUBR  -DWRF_USE_CLM  -DDM_PARALLEL -DNETCDF -DLANDREAD_STUB=1 -DUSE_ALLOCATABLES -Dwrfmodel -DGRIB1 -DINTIO -DKEEP_INT_AROUND -DLIMIT_ARGS -DBUILD_RRTMG_FAST=0 -DBUILD_RRTMK=0 -DBUILD_SBM_FAST=1 -DSHOW_ALL_VARS_USED=0 -DCONFIG_BUF_LEN=65536 -DMAX_DOMAINS_F=21 -DMAX_HISTORY=25 -DNMM_NEST=0 -DWRF_CHEM -DBUILD_CHEM=1 -I. -traditional-cpp  d1f4kf.F  > d1f4kf.f90
gfortran -c -w -ffree-form -ffree-line-length-none -fconvert=big-endian -frecord-marker=4 -fallow-argument-mismatch -fallow-invalid-boz  d1f4kf.f90
rm -f -f cost1f.f90
/lib/cpp -P -nostdinc -DEM_CORE=1 -DNMM_CORE=0 -DNMM_MAX_DIM=2600 -DDA_CORE=0 -DWRFPLUS=0 -DIWORDSIZE=4 -DDWORDSIZE=8 -DRWORDSIZE=4 -DLWORDSIZE=4 -DNONSTANDARD_SYSTEM_SUBR  -DWRF_USE_CLM  -DDM_PARALLEL -DNETCDF -DLANDREAD_STUB=1 -DUSE_ALLOCATABLES -Dwrfmodel -DGRIB1 -DINTIO -DKEEP_INT_AROUND -DLIMIT_ARGS -DBUILD_RRTMG_FAST=0 -DBUILD_RRTMK=0 -DBUILD_SBM_FAST=1 -DSHOW_ALL_VARS_USED=0 -DCONFIG_BUF_LEN=65536 -DMAX_DOMAINS_F=21 -DMAX_HISTORY=25 -DNMM_NEST=0 -DWRF_CHEM -DBUILD_CHEM=1 -I. -traditional-cpp  dcost1i.F  > dcost1i.f90
gfortran -c -w -ffree-form -ffree-line-length-none -fconvert=big-endian -frecord-marker=4 -fallow-argument-mismatch -fallow-invalid-boz  dcost1i.f90
rm -f -f d1f4kf.f90
/lib/cpp -P -nostdinc -DEM_CORE=1 -DNMM_CORE=0 -DNMM_MAX_DIM=2600 -DDA_CORE=0 -DWRFPLUS=0 -DIWORDSIZE=4 -DDWORDSIZE=8 -DRWORDSIZE=4 -DLWORDSIZE=4 -DNONSTANDARD_SYSTEM_SUBR  -DWRF_USE_CLM  -DDM_PARALLEL -DNETCDF -DLANDREAD_STUB=1 -DUSE_ALLOCATABLES -Dwrfmodel -DGRIB1 -DINTIO -DKEEP_INT_AROUND -DLIMIT_ARGS -DBUILD_RRTMG_FAST=0 -DBUILD_RRTMK=0 -DBUILD_SBM_FAST=1 -DSHOW_ALL_VARS_USED=0 -DCONFIG_BUF_LEN=65536 -DMAX_DOMAINS_F=21 -DMAX_HISTORY=25 -DNMM_NEST=0 -DWRF_CHEM -DBUILD_CHEM=1 -I. -traditional-cpp  dsintb1.F  > dsintb1.f90
rm -f -f dcost1i.f90
/lib/cpp -P -nostdinc -DEM_CORE=1 -DNMM_CORE=0 -DNMM_MAX_DIM=2600 -DDA_CORE=0 -DWRFPLUS=0 -DIWORDSIZE=4 -DDWORDSIZE=8 -DRWORDSIZE=4 -DLWORDSIZE=4 -DNONSTANDARD_SYSTEM_SUBR  -DWRF_USE_CLM  -DDM_PARALLEL -DNETCDF -DLANDREAD_STUB=1 -DUSE_ALLOCATABLES -Dwrfmodel -DGRIB1 -DINTIO -DKEEP_INT_AROUND -DLIMIT_ARGS -DBUILD_RRTMG_FAST=0 -DBUILD_RRTMK=0 -DBUILD_SBM_FAST=1 -DSHOW_ALL_VARS_USED=0 -DCONFIG_BUF_LEN=65536 -DMAX_DOMAINS_F=21 -DMAX_HISTORY=25 -DNMM_NEST=0 -DWRF_CHEM -DBUILD_CHEM=1 -I. -traditional-cpp  mradf3.F  > mradf3.f90
gfortran -c -w -ffree-form -ffree-line-length-none -fconvert=big-endian -frecord-marker=4 -fallow-argument-mismatch -fallow-invalid-boz  dsintb1.f90
gfortran -c -w -ffree-form -ffree-line-length-none -fconvert=big-endian -frecord-marker=4 -fallow-argument-mismatch -fallow-invalid-boz  mradf3.f90
rm -f -f dsintb1.f90
/lib/cpp -P -nostdinc -DEM_CORE=1 -DNMM_CORE=0 -DNMM_MAX_DIM=2600 -DDA_CORE=0 -DWRFPLUS=0 -DIWORDSIZE=4 -DDWORDSIZE=8 -DRWORDSIZE=4 -DLWORDSIZE=4 -DNONSTANDARD_SYSTEM_SUBR  -DWRF_USE_CLM  -DDM_PARALLEL -DNETCDF -DLANDREAD_STUB=1 -DUSE_ALLOCATABLES -Dwrfmodel -DGRIB1 -DINTIO -DKEEP_INT_AROUND -DLIMIT_ARGS -DBUILD_RRTMG_FAST=0 -DBUILD_RRTMK=0 -DBUILD_SBM_FAST=1 -DSHOW_ALL_VARS_USED=0 -DCONFIG_BUF_LEN=65536 -DMAX_DOMAINS_F=21 -DMAX_HISTORY=25 -DNMM_NEST=0 -DWRF_CHEM -DBUILD_CHEM=1 -I. -traditional-cpp  r1f3kf.F  > r1f3kf.f90
gfortran -c -w -ffree-form -ffree-line-length-none -fconvert=big-endian -frecord-marker=4 -fallow-argument-mismatch -fallow-invalid-boz  r1f3kf.f90
rm -f -f mradf3.f90
/lib/cpp -P -nostdinc -DEM_CORE=1 -DNMM_CORE=0 -DNMM_MAX_DIM=2600 -DDA_CORE=0 -DWRFPLUS=0 -DIWORDSIZE=4 -DDWORDSIZE=8 -DRWORDSIZE=4 -DLWORDSIZE=4 -DNONSTANDARD_SYSTEM_SUBR  -DWRF_USE_CLM  -DDM_PARALLEL -DNETCDF -DLANDREAD_STUB=1 -DUSE_ALLOCATABLES -Dwrfmodel -DGRIB1 -DINTIO -DKEEP_INT_AROUND -DLIMIT_ARGS -DBUILD_RRTMG_FAST=0 -DBUILD_RRTMK=0 -DBUILD_SBM_FAST=1 -DSHOW_ALL_VARS_USED=0 -DCONFIG_BUF_LEN=65536 -DMAX_DOMAINS_F=21 -DMAX_HISTORY=25 -DNMM_NEST=0 -DWRF_CHEM -DBUILD_CHEM=1 -I. -traditional-cpp  r8_tables.F  > r8_tables.f90
gfortran -c -w -ffree-form -ffree-line-length-none -fconvert=big-endian -frecord-marker=4 -fallow-argument-mismatch -fallow-invalid-boz  r8_tables.f90
rm -f -f r1f3kf.f90
/lib/cpp -P -nostdinc -DEM_CORE=1 -DNMM_CORE=0 -DNMM_MAX_DIM=2600 -DDA_CORE=0 -DWRFPLUS=0 -DIWORDSIZE=4 -DDWORDSIZE=8 -DRWORDSIZE=4 -DLWORDSIZE=4 -DNONSTANDARD_SYSTEM_SUBR  -DWRF_USE_CLM  -DDM_PARALLEL -DNETCDF -DLANDREAD_STUB=1 -DUSE_ALLOCATABLES -Dwrfmodel -DGRIB1 -DINTIO -DKEEP_INT_AROUND -DLIMIT_ARGS -DBUILD_RRTMG_FAST=0 -DBUILD_RRTMK=0 -DBUILD_SBM_FAST=1 -DSHOW_ALL_VARS_USED=0 -DCONFIG_BUF_LEN=65536 -DMAX_DOMAINS_F=21 -DMAX_HISTORY=25 -DNMM_NEST=0 -DWRF_CHEM -DBUILD_CHEM=1 -I. -traditional-cpp  rfftmi.F  > rfftmi.f90
rm -f -f r8_tables.f90
gfortran -c -w -ffree-form -ffree-line-length-none -fconvert=big-endian -frecord-marker=4 -fallow-argument-mismatch -fallow-invalid-boz  rfftmi.f90
/lib/cpp -P -nostdinc -DEM_CORE=1 -DNMM_CORE=0 -DNMM_MAX_DIM=2600 -DDA_CORE=0 -DWRFPLUS=0 -DIWORDSIZE=4 -DDWORDSIZE=8 -DRWORDSIZE=4 -DLWORDSIZE=4 -DNONSTANDARD_SYSTEM_SUBR  -DWRF_USE_CLM  -DDM_PARALLEL -DNETCDF -DLANDREAD_STUB=1 -DUSE_ALLOCATABLES -Dwrfmodel -DGRIB1 -DINTIO -DKEEP_INT_AROUND -DLIMIT_ARGS -DBUILD_RRTMG_FAST=0 -DBUILD_RRTMK=0 -DBUILD_SBM_FAST=1 -DSHOW_ALL_VARS_USED=0 -DCONFIG_BUF_LEN=65536 -DMAX_DOMAINS_F=21 -DMAX_HISTORY=25 -DNMM_NEST=0 -DWRF_CHEM -DBUILD_CHEM=1 -I. -traditional-cpp  sintmb.F  > sintmb.f90
gfortran -c -w -ffree-form -ffree-line-length-none -fconvert=big-endian -frecord-marker=4 -fallow-argument-mismatch -fallow-invalid-boz  sintmb.f90
rm -f -f rfftmi.f90
/lib/cpp -P -nostdinc -DEM_CORE=1 -DNMM_CORE=0 -DNMM_MAX_DIM=2600 -DDA_CORE=0 -DWRFPLUS=0 -DIWORDSIZE=4 -DDWORDSIZE=8 -DRWORDSIZE=4 -DLWORDSIZE=4 -DNONSTANDARD_SYSTEM_SUBR  -DWRF_USE_CLM  -DDM_PARALLEL -DNETCDF -DLANDREAD_STUB=1 -DUSE_ALLOCATABLES -Dwrfmodel -DGRIB1 -DINTIO -DKEEP_INT_AROUND -DLIMIT_ARGS -DBUILD_RRTMG_FAST=0 -DBUILD_RRTMK=0 -DBUILD_SBM_FAST=1 -DSHOW_ALL_VARS_USED=0 -DCONFIG_BUF_LEN=65536 -DMAX_DOMAINS_F=21 -DMAX_HISTORY=25 -DNMM_NEST=0 -DWRF_CHEM -DBUILD_CHEM=1 -I. -traditional-cpp  z1f5kf.F  > z1f5kf.f90
gfortran -c -w -ffree-form -ffree-line-length-none -fconvert=big-endian -frecord-marker=4 -fallow-argument-mismatch -fallow-invalid-boz  z1f5kf.f90
rm -f -f sintmb.f90
/lib/cpp -P -nostdinc -DEM_CORE=1 -DNMM_CORE=0 -DNMM_MAX_DIM=2600 -DDA_CORE=0 -DWRFPLUS=0 -DIWORDSIZE=4 -DDWORDSIZE=8 -DRWORDSIZE=4 -DLWORDSIZE=4 -DNONSTANDARD_SYSTEM_SUBR  -DWRF_USE_CLM  -DDM_PARALLEL -DNETCDF -DLANDREAD_STUB=1 -DUSE_ALLOCATABLES -Dwrfmodel -DGRIB1 -DINTIO -DKEEP_INT_AROUND -DLIMIT_ARGS -DBUILD_RRTMG_FAST=0 -DBUILD_RRTMK=0 -DBUILD_SBM_FAST=1 -DSHOW_ALL_VARS_USED=0 -DCONFIG_BUF_LEN=65536 -DMAX_DOMAINS_F=21 -DMAX_HISTORY=25 -DNMM_NEST=0 -DWRF_CHEM -DBUILD_CHEM=1 -I. -traditional-cpp  zfftmf.F  > zfftmf.f90
gfortran -c -w -ffree-form -ffree-line-length-none -fconvert=big-endian -frecord-marker=4 -fallow-argument-mismatch -fallow-invalid-boz  zfftmf.f90
rm -f -f zfftmf.f90
/lib/cpp -P -nostdinc -DEM_CORE=1 -DNMM_CORE=0 -DNMM_MAX_DIM=2600 -DDA_CORE=0 -DWRFPLUS=0 -DIWORDSIZE=4 -DDWORDSIZE=8 -DRWORDSIZE=4 -DLWORDSIZE=4 -DNONSTANDARD_SYSTEM_SUBR  -DWRF_USE_CLM  -DDM_PARALLEL -DNETCDF -DLANDREAD_STUB=1 -DUSE_ALLOCATABLES -Dwrfmodel -DGRIB1 -DINTIO -DKEEP_INT_AROUND -DLIMIT_ARGS -DBUILD_RRTMG_FAST=0 -DBUILD_RRTMK=0 -DBUILD_SBM_FAST=1 -DSHOW_ALL_VARS_USED=0 -DCONFIG_BUF_LEN=65536 -DMAX_DOMAINS_F=21 -DMAX_HISTORY=25 -DNMM_NEST=0 -DWRF_CHEM -DBUILD_CHEM=1 -I. -traditional-cpp  zmfm1b.F  > zmfm1b.f90
rm -f -f z1f5kf.f90
/lib/cpp -P -nostdinc -DEM_CORE=1 -DNMM_CORE=0 -DNMM_MAX_DIM=2600 -DDA_CORE=0 -DWRFPLUS=0 -DIWORDSIZE=4 -DDWORDSIZE=8 -DRWORDSIZE=4 -DLWORDSIZE=4 -DNONSTANDARD_SYSTEM_SUBR  -DWRF_USE_CLM  -DDM_PARALLEL -DNETCDF -DLANDREAD_STUB=1 -DUSE_ALLOCATABLES -Dwrfmodel -DGRIB1 -DINTIO -DKEEP_INT_AROUND -DLIMIT_ARGS -DBUILD_RRTMG_FAST=0 -DBUILD_RRTMK=0 -DBUILD_SBM_FAST=1 -DSHOW_ALL_VARS_USED=0 -DCONFIG_BUF_LEN=65536 -DMAX_DOMAINS_F=21 -DMAX_HISTORY=25 -DNMM_NEST=0 -DWRF_CHEM -DBUILD_CHEM=1 -I. -traditional-cpp  c1f5kf.F  > c1f5kf.f90
gfortran -c -w -ffree-form -ffree-line-length-none -fconvert=big-endian -frecord-marker=4 -fallow-argument-mismatch -fallow-invalid-boz  zmfm1b.f90
gfortran -c -w -ffree-form -ffree-line-length-none -fconvert=big-endian -frecord-marker=4 -fallow-argument-mismatch -fallow-invalid-boz  c1f5kf.f90
rm -f -f zmfm1b.f90
/lib/cpp -P -nostdinc -DEM_CORE=1 -DNMM_CORE=0 -DNMM_MAX_DIM=2600 -DDA_CORE=0 -DWRFPLUS=0 -DIWORDSIZE=4 -DDWORDSIZE=8 -DRWORDSIZE=4 -DLWORDSIZE=4 -DNONSTANDARD_SYSTEM_SUBR  -DWRF_USE_CLM  -DDM_PARALLEL -DNETCDF -DLANDREAD_STUB=1 -DUSE_ALLOCATABLES -Dwrfmodel -DGRIB1 -DINTIO -DKEEP_INT_AROUND -DLIMIT_ARGS -DBUILD_RRTMG_FAST=0 -DBUILD_RRTMK=0 -DBUILD_SBM_FAST=1 -DSHOW_ALL_VARS_USED=0 -DCONFIG_BUF_LEN=65536 -DMAX_DOMAINS_F=21 -DMAX_HISTORY=25 -DNMM_NEST=0 -DWRF_CHEM -DBUILD_CHEM=1 -I. -traditional-cpp  cfftmf.F  > cfftmf.f90
gfortran -c -w -ffree-form -ffree-line-length-none -fconvert=big-endian -frecord-marker=4 -fallow-argument-mismatch -fallow-invalid-boz  cfftmf.f90
rm -f -f c1f5kf.f90
/lib/cpp -P -nostdinc -DEM_CORE=1 -DNMM_CORE=0 -DNMM_MAX_DIM=2600 -DDA_CORE=0 -DWRFPLUS=0 -DIWORDSIZE=4 -DDWORDSIZE=8 -DRWORDSIZE=4 -DLWORDSIZE=4 -DNONSTANDARD_SYSTEM_SUBR  -DWRF_USE_CLM  -DDM_PARALLEL -DNETCDF -DLANDREAD_STUB=1 -DUSE_ALLOCATABLES -Dwrfmodel -DGRIB1 -DINTIO -DKEEP_INT_AROUND -DLIMIT_ARGS -DBUILD_RRTMG_FAST=0 -DBUILD_RRTMK=0 -DBUILD_SBM_FAST=1 -DSHOW_ALL_VARS_USED=0 -DCONFIG_BUF_LEN=65536 -DMAX_DOMAINS_F=21 -DMAX_HISTORY=25 -DNMM_NEST=0 -DWRF_CHEM -DBUILD_CHEM=1 -I. -traditional-cpp  cmfm1b.F  > cmfm1b.f90
gfortran -c -w -ffree-form -ffree-line-length-none -fconvert=big-endian -frecord-marker=4 -fallow-argument-mismatch -fallow-invalid-boz  cmfm1b.f90
rm -f -f cfftmf.f90
/lib/cpp -P -nostdinc -DEM_CORE=1 -DNMM_CORE=0 -DNMM_MAX_DIM=2600 -DDA_CORE=0 -DWRFPLUS=0 -DIWORDSIZE=4 -DDWORDSIZE=8 -DRWORDSIZE=4 -DLWORDSIZE=4 -DNONSTANDARD_SYSTEM_SUBR  -DWRF_USE_CLM  -DDM_PARALLEL -DNETCDF -DLANDREAD_STUB=1 -DUSE_ALLOCATABLES -Dwrfmodel -DGRIB1 -DINTIO -DKEEP_INT_AROUND -DLIMIT_ARGS -DBUILD_RRTMG_FAST=0 -DBUILD_RRTMK=0 -DBUILD_SBM_FAST=1 -DSHOW_ALL_VARS_USED=0 -DCONFIG_BUF_LEN=65536 -DMAX_DOMAINS_F=21 -DMAX_HISTORY=25 -DNMM_NEST=0 -DWRF_CHEM -DBUILD_CHEM=1 -I. -traditional-cpp  cost1i.F  > cost1i.f90
gfortran -c -w -ffree-form -ffree-line-length-none -fconvert=big-endian -frecord-marker=4 -fallow-argument-mismatch -fallow-invalid-boz  cost1i.f90
rm -f -f cmfm1b.f90
/lib/cpp -P -nostdinc -DEM_CORE=1 -DNMM_CORE=0 -DNMM_MAX_DIM=2600 -DDA_CORE=0 -DWRFPLUS=0 -DIWORDSIZE=4 -DDWORDSIZE=8 -DRWORDSIZE=4 -DLWORDSIZE=4 -DNONSTANDARD_SYSTEM_SUBR  -DWRF_USE_CLM  -DDM_PARALLEL -DNETCDF -DLANDREAD_STUB=1 -DUSE_ALLOCATABLES -Dwrfmodel -DGRIB1 -DINTIO -DKEEP_INT_AROUND -DLIMIT_ARGS -DBUILD_RRTMG_FAST=0 -DBUILD_RRTMK=0 -DBUILD_SBM_FAST=1 -DSHOW_ALL_VARS_USED=0 -DCONFIG_BUF_LEN=65536 -DMAX_DOMAINS_F=21 -DMAX_HISTORY=25 -DNMM_NEST=0 -DWRF_CHEM -DBUILD_CHEM=1 -I. -traditional-cpp  d1f5kb.F  > d1f5kb.f90
gfortran -c -w -ffree-form -ffree-line-length-none -fconvert=big-endian -frecord-marker=4 -fallow-argument-mismatch -fallow-invalid-boz  d1f5kb.f90
rm -f -f cost1i.f90
/lib/cpp -P -nostdinc -DEM_CORE=1 -DNMM_CORE=0 -DNMM_MAX_DIM=2600 -DDA_CORE=0 -DWRFPLUS=0 -DIWORDSIZE=4 -DDWORDSIZE=8 -DRWORDSIZE=4 -DLWORDSIZE=4 -DNONSTANDARD_SYSTEM_SUBR  -DWRF_USE_CLM  -DDM_PARALLEL -DNETCDF -DLANDREAD_STUB=1 -DUSE_ALLOCATABLES -Dwrfmodel -DGRIB1 -DINTIO -DKEEP_INT_AROUND -DLIMIT_ARGS -DBUILD_RRTMG_FAST=0 -DBUILD_RRTMK=0 -DBUILD_SBM_FAST=1 -DSHOW_ALL_VARS_USED=0 -DCONFIG_BUF_LEN=65536 -DMAX_DOMAINS_F=21 -DMAX_HISTORY=25 -DNMM_NEST=0 -DWRF_CHEM -DBUILD_CHEM=1 -I. -traditional-cpp  dcostb1.F  > dcostb1.f90
gfortran -c -w -ffree-form -ffree-line-length-none -fconvert=big-endian -frecord-marker=4 -fallow-argument-mismatch -fallow-invalid-boz  dcostb1.f90
rm -f -f dcostb1.f90
/lib/cpp -P -nostdinc -DEM_CORE=1 -DNMM_CORE=0 -DNMM_MAX_DIM=2600 -DDA_CORE=0 -DWRFPLUS=0 -DIWORDSIZE=4 -DDWORDSIZE=8 -DRWORDSIZE=4 -DLWORDSIZE=4 -DNONSTANDARD_SYSTEM_SUBR  -DWRF_USE_CLM  -DDM_PARALLEL -DNETCDF -DLANDREAD_STUB=1 -DUSE_ALLOCATABLES -Dwrfmodel -DGRIB1 -DINTIO -DKEEP_INT_AROUND -DLIMIT_ARGS -DBUILD_RRTMG_FAST=0 -DBUILD_RRTMK=0 -DBUILD_SBM_FAST=1 -DSHOW_ALL_VARS_USED=0 -DCONFIG_BUF_LEN=65536 -DMAX_DOMAINS_F=21 -DMAX_HISTORY=25 -DNMM_NEST=0 -DWRF_CHEM -DBUILD_CHEM=1 -I. -traditional-cpp  dsintf1.F  > dsintf1.f90
rm -f -f d1f5kb.f90
/lib/cpp -P -nostdinc -DEM_CORE=1 -DNMM_CORE=0 -DNMM_MAX_DIM=2600 -DDA_CORE=0 -DWRFPLUS=0 -DIWORDSIZE=4 -DDWORDSIZE=8 -DRWORDSIZE=4 -DLWORDSIZE=4 -DNONSTANDARD_SYSTEM_SUBR  -DWRF_USE_CLM  -DDM_PARALLEL -DNETCDF -DLANDREAD_STUB=1 -DUSE_ALLOCATABLES -Dwrfmodel -DGRIB1 -DINTIO -DKEEP_INT_AROUND -DLIMIT_ARGS -DBUILD_RRTMG_FAST=0 -DBUILD_RRTMK=0 -DBUILD_SBM_FAST=1 -DSHOW_ALL_VARS_USED=0 -DCONFIG_BUF_LEN=65536 -DMAX_DOMAINS_F=21 -DMAX_HISTORY=25 -DNMM_NEST=0 -DWRF_CHEM -DBUILD_CHEM=1 -I. -traditional-cpp  mradf4.F  > mradf4.f90
gfortran -c -w -ffree-form -ffree-line-length-none -fconvert=big-endian -frecord-marker=4 -fallow-argument-mismatch -fallow-invalid-boz  dsintf1.f90
gfortran -c -w -ffree-form -ffree-line-length-none -fconvert=big-endian -frecord-marker=4 -fallow-argument-mismatch -fallow-invalid-boz  mradf4.f90
rm -f -f dsintf1.f90
/lib/cpp -P -nostdinc -DEM_CORE=1 -DNMM_CORE=0 -DNMM_MAX_DIM=2600 -DDA_CORE=0 -DWRFPLUS=0 -DIWORDSIZE=4 -DDWORDSIZE=8 -DRWORDSIZE=4 -DLWORDSIZE=4 -DNONSTANDARD_SYSTEM_SUBR  -DWRF_USE_CLM  -DDM_PARALLEL -DNETCDF -DLANDREAD_STUB=1 -DUSE_ALLOCATABLES -Dwrfmodel -DGRIB1 -DINTIO -DKEEP_INT_AROUND -DLIMIT_ARGS -DBUILD_RRTMG_FAST=0 -DBUILD_RRTMK=0 -DBUILD_SBM_FAST=1 -DSHOW_ALL_VARS_USED=0 -DCONFIG_BUF_LEN=65536 -DMAX_DOMAINS_F=21 -DMAX_HISTORY=25 -DNMM_NEST=0 -DWRF_CHEM -DBUILD_CHEM=1 -I. -traditional-cpp  r1f4kb.F  > r1f4kb.f90
gfortran -c -w -ffree-form -ffree-line-length-none -fconvert=big-endian -frecord-marker=4 -fallow-argument-mismatch -fallow-invalid-boz  r1f4kb.f90
rm -f -f mradf4.f90
/lib/cpp -P -nostdinc -DEM_CORE=1 -DNMM_CORE=0 -DNMM_MAX_DIM=2600 -DDA_CORE=0 -DWRFPLUS=0 -DIWORDSIZE=4 -DDWORDSIZE=8 -DRWORDSIZE=4 -DLWORDSIZE=4 -DNONSTANDARD_SYSTEM_SUBR  -DWRF_USE_CLM  -DDM_PARALLEL -DNETCDF -DLANDREAD_STUB=1 -DUSE_ALLOCATABLES -Dwrfmodel -DGRIB1 -DINTIO -DKEEP_INT_AROUND -DLIMIT_ARGS -DBUILD_RRTMG_FAST=0 -DBUILD_RRTMK=0 -DBUILD_SBM_FAST=1 -DSHOW_ALL_VARS_USED=0 -DCONFIG_BUF_LEN=65536 -DMAX_DOMAINS_F=21 -DMAX_HISTORY=25 -DNMM_NEST=0 -DWRF_CHEM -DBUILD_CHEM=1 -I. -traditional-cpp  rfft1b.F  > rfft1b.f90
gfortran -c -w -ffree-form -ffree-line-length-none -fconvert=big-endian -frecord-marker=4 -fallow-argument-mismatch -fallow-invalid-boz  rfft1b.f90
rm -f -f rfft1b.f90
/lib/cpp -P -nostdinc -DEM_CORE=1 -DNMM_CORE=0 -DNMM_MAX_DIM=2600 -DDA_CORE=0 -DWRFPLUS=0 -DIWORDSIZE=4 -DDWORDSIZE=8 -DRWORDSIZE=4 -DLWORDSIZE=4 -DNONSTANDARD_SYSTEM_SUBR  -DWRF_USE_CLM  -DDM_PARALLEL -DNETCDF -DLANDREAD_STUB=1 -DUSE_ALLOCATABLES -Dwrfmodel -DGRIB1 -DINTIO -DKEEP_INT_AROUND -DLIMIT_ARGS -DBUILD_RRTMG_FAST=0 -DBUILD_RRTMK=0 -DBUILD_SBM_FAST=1 -DSHOW_ALL_VARS_USED=0 -DCONFIG_BUF_LEN=65536 -DMAX_DOMAINS_F=21 -DMAX_HISTORY=25 -DNMM_NEST=0 -DWRF_CHEM -DBUILD_CHEM=1 -I. -traditional-cpp  sinq1b.F  > sinq1b.f90
rm -f -f r1f4kb.f90
/lib/cpp -P -nostdinc -DEM_CORE=1 -DNMM_CORE=0 -DNMM_MAX_DIM=2600 -DDA_CORE=0 -DWRFPLUS=0 -DIWORDSIZE=4 -DDWORDSIZE=8 -DRWORDSIZE=4 -DLWORDSIZE=4 -DNONSTANDARD_SYSTEM_SUBR  -DWRF_USE_CLM  -DDM_PARALLEL -DNETCDF -DLANDREAD_STUB=1 -DUSE_ALLOCATABLES -Dwrfmodel -DGRIB1 -DINTIO -DKEEP_INT_AROUND -DLIMIT_ARGS -DBUILD_RRTMG_FAST=0 -DBUILD_RRTMK=0 -DBUILD_SBM_FAST=1 -DSHOW_ALL_VARS_USED=0 -DCONFIG_BUF_LEN=65536 -DMAX_DOMAINS_F=21 -DMAX_HISTORY=25 -DNMM_NEST=0 -DWRF_CHEM -DBUILD_CHEM=1 -I. -traditional-cpp  sintmf.F  > sintmf.f90
gfortran -c -w -ffree-form -ffree-line-length-none -fconvert=big-endian -frecord-marker=4 -fallow-argument-mismatch -fallow-invalid-boz  sinq1b.f90
gfortran -c -w -ffree-form -ffree-line-length-none -fconvert=big-endian -frecord-marker=4 -fallow-argument-mismatch -fallow-invalid-boz  sintmf.f90
rm -f -f sintmf.f90
rm -f -f sinq1b.f90
/lib/cpp -P -nostdinc -DEM_CORE=1 -DNMM_CORE=0 -DNMM_MAX_DIM=2600 -DDA_CORE=0 -DWRFPLUS=0 -DIWORDSIZE=4 -DDWORDSIZE=8 -DRWORDSIZE=4 -DLWORDSIZE=4 -DNONSTANDARD_SYSTEM_SUBR  -DWRF_USE_CLM  -DDM_PARALLEL -DNETCDF -DLANDREAD_STUB=1 -DUSE_ALLOCATABLES -Dwrfmodel -DGRIB1 -DINTIO -DKEEP_INT_AROUND -DLIMIT_ARGS -DBUILD_RRTMG_FAST=0 -DBUILD_RRTMK=0 -DBUILD_SBM_FAST=1 -DSHOW_ALL_VARS_USED=0 -DCONFIG_BUF_LEN=65536 -DMAX_DOMAINS_F=21 -DMAX_HISTORY=25 -DNMM_NEST=0 -DWRF_CHEM -DBUILD_CHEM=1 -I. -traditional-cpp  z1fgkb.F  > z1fgkb.f90
/lib/cpp -P -nostdinc -DEM_CORE=1 -DNMM_CORE=0 -DNMM_MAX_DIM=2600 -DDA_CORE=0 -DWRFPLUS=0 -DIWORDSIZE=4 -DDWORDSIZE=8 -DRWORDSIZE=4 -DLWORDSIZE=4 -DNONSTANDARD_SYSTEM_SUBR  -DWRF_USE_CLM  -DDM_PARALLEL -DNETCDF -DLANDREAD_STUB=1 -DUSE_ALLOCATABLES -Dwrfmodel -DGRIB1 -DINTIO -DKEEP_INT_AROUND -DLIMIT_ARGS -DBUILD_RRTMG_FAST=0 -DBUILD_RRTMK=0 -DBUILD_SBM_FAST=1 -DSHOW_ALL_VARS_USED=0 -DCONFIG_BUF_LEN=65536 -DMAX_DOMAINS_F=21 -DMAX_HISTORY=25 -DNMM_NEST=0 -DWRF_CHEM -DBUILD_CHEM=1 -I. -traditional-cpp  zfftmi.F  > zfftmi.f90
gfortran -c -w -ffree-form -ffree-line-length-none -fconvert=big-endian -frecord-marker=4 -fallow-argument-mismatch -fallow-invalid-boz  z1fgkb.f90
gfortran -c -w -ffree-form -ffree-line-length-none -fconvert=big-endian -frecord-marker=4 -fallow-argument-mismatch -fallow-invalid-boz  zfftmi.f90
rm -f -f zfftmi.f90
/lib/cpp -P -nostdinc -DEM_CORE=1 -DNMM_CORE=0 -DNMM_MAX_DIM=2600 -DDA_CORE=0 -DWRFPLUS=0 -DIWORDSIZE=4 -DDWORDSIZE=8 -DRWORDSIZE=4 -DLWORDSIZE=4 -DNONSTANDARD_SYSTEM_SUBR  -DWRF_USE_CLM  -DDM_PARALLEL -DNETCDF -DLANDREAD_STUB=1 -DUSE_ALLOCATABLES -Dwrfmodel -DGRIB1 -DINTIO -DKEEP_INT_AROUND -DLIMIT_ARGS -DBUILD_RRTMG_FAST=0 -DBUILD_RRTMK=0 -DBUILD_SBM_FAST=1 -DSHOW_ALL_VARS_USED=0 -DCONFIG_BUF_LEN=65536 -DMAX_DOMAINS_F=21 -DMAX_HISTORY=25 -DNMM_NEST=0 -DWRF_CHEM -DBUILD_CHEM=1 -I. -traditional-cpp  zmfm1f.F  > zmfm1f.f90
gfortran -c -w -ffree-form -ffree-line-length-none -fconvert=big-endian -frecord-marker=4 -fallow-argument-mismatch -fallow-invalid-boz  zmfm1f.f90
rm -f -f z1fgkb.f90
/lib/cpp -P -nostdinc -DEM_CORE=1 -DNMM_CORE=0 -DNMM_MAX_DIM=2600 -DDA_CORE=0 -DWRFPLUS=0 -DIWORDSIZE=4 -DDWORDSIZE=8 -DRWORDSIZE=4 -DLWORDSIZE=4 -DNONSTANDARD_SYSTEM_SUBR  -DWRF_USE_CLM  -DDM_PARALLEL -DNETCDF -DLANDREAD_STUB=1 -DUSE_ALLOCATABLES -Dwrfmodel -DGRIB1 -DINTIO -DKEEP_INT_AROUND -DLIMIT_ARGS -DBUILD_RRTMG_FAST=0 -DBUILD_RRTMK=0 -DBUILD_SBM_FAST=1 -DSHOW_ALL_VARS_USED=0 -DCONFIG_BUF_LEN=65536 -DMAX_DOMAINS_F=21 -DMAX_HISTORY=25 -DNMM_NEST=0 -DWRF_CHEM -DBUILD_CHEM=1 -I. -traditional-cpp  c1fgkb.F  > c1fgkb.f90
gfortran -c -w -ffree-form -ffree-line-length-none -fconvert=big-endian -frecord-marker=4 -fallow-argument-mismatch -fallow-invalid-boz  c1fgkb.f90
rm -f -f zmfm1f.f90
/lib/cpp -P -nostdinc -DEM_CORE=1 -DNMM_CORE=0 -DNMM_MAX_DIM=2600 -DDA_CORE=0 -DWRFPLUS=0 -DIWORDSIZE=4 -DDWORDSIZE=8 -DRWORDSIZE=4 -DLWORDSIZE=4 -DNONSTANDARD_SYSTEM_SUBR  -DWRF_USE_CLM  -DDM_PARALLEL -DNETCDF -DLANDREAD_STUB=1 -DUSE_ALLOCATABLES -Dwrfmodel -DGRIB1 -DINTIO -DKEEP_INT_AROUND -DLIMIT_ARGS -DBUILD_RRTMG_FAST=0 -DBUILD_RRTMK=0 -DBUILD_SBM_FAST=1 -DSHOW_ALL_VARS_USED=0 -DCONFIG_BUF_LEN=65536 -DMAX_DOMAINS_F=21 -DMAX_HISTORY=25 -DNMM_NEST=0 -DWRF_CHEM -DBUILD_CHEM=1 -I. -traditional-cpp  cfftmi.F  > cfftmi.f90
gfortran -c -w -ffree-form -ffree-line-length-none -fconvert=big-endian -frecord-marker=4 -fallow-argument-mismatch -fallow-invalid-boz  cfftmi.f90
rm -f -f cfftmi.f90
/lib/cpp -P -nostdinc -DEM_CORE=1 -DNMM_CORE=0 -DNMM_MAX_DIM=2600 -DDA_CORE=0 -DWRFPLUS=0 -DIWORDSIZE=4 -DDWORDSIZE=8 -DRWORDSIZE=4 -DLWORDSIZE=4 -DNONSTANDARD_SYSTEM_SUBR  -DWRF_USE_CLM  -DDM_PARALLEL -DNETCDF -DLANDREAD_STUB=1 -DUSE_ALLOCATABLES -Dwrfmodel -DGRIB1 -DINTIO -DKEEP_INT_AROUND -DLIMIT_ARGS -DBUILD_RRTMG_FAST=0 -DBUILD_RRTMK=0 -DBUILD_SBM_FAST=1 -DSHOW_ALL_VARS_USED=0 -DCONFIG_BUF_LEN=65536 -DMAX_DOMAINS_F=21 -DMAX_HISTORY=25 -DNMM_NEST=0 -DWRF_CHEM -DBUILD_CHEM=1 -I. -traditional-cpp  cmfm1f.F  > cmfm1f.f90
gfortran -c -w -ffree-form -ffree-line-length-none -fconvert=big-endian -frecord-marker=4 -fallow-argument-mismatch -fallow-invalid-boz  cmfm1f.f90
rm -f -f c1fgkb.f90
/lib/cpp -P -nostdinc -DEM_CORE=1 -DNMM_CORE=0 -DNMM_MAX_DIM=2600 -DDA_CORE=0 -DWRFPLUS=0 -DIWORDSIZE=4 -DDWORDSIZE=8 -DRWORDSIZE=4 -DLWORDSIZE=4 -DNONSTANDARD_SYSTEM_SUBR  -DWRF_USE_CLM  -DDM_PARALLEL -DNETCDF -DLANDREAD_STUB=1 -DUSE_ALLOCATABLES -Dwrfmodel -DGRIB1 -DINTIO -DKEEP_INT_AROUND -DLIMIT_ARGS -DBUILD_RRTMG_FAST=0 -DBUILD_RRTMK=0 -DBUILD_SBM_FAST=1 -DSHOW_ALL_VARS_USED=0 -DCONFIG_BUF_LEN=65536 -DMAX_DOMAINS_F=21 -DMAX_HISTORY=25 -DNMM_NEST=0 -DWRF_CHEM -DBUILD_CHEM=1 -I. -traditional-cpp  costb1.F  > costb1.f90
gfortran -c -w -ffree-form -ffree-line-length-none -fconvert=big-endian -frecord-marker=4 -fallow-argument-mismatch -fallow-invalid-boz  costb1.f90
rm -f -f cmfm1f.f90
/lib/cpp -P -nostdinc -DEM_CORE=1 -DNMM_CORE=0 -DNMM_MAX_DIM=2600 -DDA_CORE=0 -DWRFPLUS=0 -DIWORDSIZE=4 -DDWORDSIZE=8 -DRWORDSIZE=4 -DLWORDSIZE=4 -DNONSTANDARD_SYSTEM_SUBR  -DWRF_USE_CLM  -DDM_PARALLEL -DNETCDF -DLANDREAD_STUB=1 -DUSE_ALLOCATABLES -Dwrfmodel -DGRIB1 -DINTIO -DKEEP_INT_AROUND -DLIMIT_ARGS -DBUILD_RRTMG_FAST=0 -DBUILD_RRTMK=0 -DBUILD_SBM_FAST=1 -DSHOW_ALL_VARS_USED=0 -DCONFIG_BUF_LEN=65536 -DMAX_DOMAINS_F=21 -DMAX_HISTORY=25 -DNMM_NEST=0 -DWRF_CHEM -DBUILD_CHEM=1 -I. -traditional-cpp  d1f5kf.F  > d1f5kf.f90
gfortran -c -w -ffree-form -ffree-line-length-none -fconvert=big-endian -frecord-marker=4 -fallow-argument-mismatch -fallow-invalid-boz  d1f5kf.f90
rm -f -f costb1.f90
/lib/cpp -P -nostdinc -DEM_CORE=1 -DNMM_CORE=0 -DNMM_MAX_DIM=2600 -DDA_CORE=0 -DWRFPLUS=0 -DIWORDSIZE=4 -DDWORDSIZE=8 -DRWORDSIZE=4 -DLWORDSIZE=4 -DNONSTANDARD_SYSTEM_SUBR  -DWRF_USE_CLM  -DDM_PARALLEL -DNETCDF -DLANDREAD_STUB=1 -DUSE_ALLOCATABLES -Dwrfmodel -DGRIB1 -DINTIO -DKEEP_INT_AROUND -DLIMIT_ARGS -DBUILD_RRTMG_FAST=0 -DBUILD_RRTMK=0 -DBUILD_SBM_FAST=1 -DSHOW_ALL_VARS_USED=0 -DCONFIG_BUF_LEN=65536 -DMAX_DOMAINS_F=21 -DMAX_HISTORY=25 -DNMM_NEST=0 -DWRF_CHEM -DBUILD_CHEM=1 -I. -traditional-cpp  dcostf1.F  > dcostf1.f90
gfortran -c -w -ffree-form -ffree-line-length-none -fconvert=big-endian -frecord-marker=4 -fallow-argument-mismatch -fallow-invalid-boz  dcostf1.f90
rm -f -f dcostf1.f90
/lib/cpp -P -nostdinc -DEM_CORE=1 -DNMM_CORE=0 -DNMM_MAX_DIM=2600 -DDA_CORE=0 -DWRFPLUS=0 -DIWORDSIZE=4 -DDWORDSIZE=8 -DRWORDSIZE=4 -DLWORDSIZE=4 -DNONSTANDARD_SYSTEM_SUBR  -DWRF_USE_CLM  -DDM_PARALLEL -DNETCDF -DLANDREAD_STUB=1 -DUSE_ALLOCATABLES -Dwrfmodel -DGRIB1 -DINTIO -DKEEP_INT_AROUND -DLIMIT_ARGS -DBUILD_RRTMG_FAST=0 -DBUILD_RRTMK=0 -DBUILD_SBM_FAST=1 -DSHOW_ALL_VARS_USED=0 -DCONFIG_BUF_LEN=65536 -DMAX_DOMAINS_F=21 -DMAX_HISTORY=25 -DNMM_NEST=0 -DWRF_CHEM -DBUILD_CHEM=1 -I. -traditional-cpp  mcsqb1.F  > mcsqb1.f90
gfortran -c -w -ffree-form -ffree-line-length-none -fconvert=big-endian -frecord-marker=4 -fallow-argument-mismatch -fallow-invalid-boz  mcsqb1.f90
rm -f -f mcsqb1.f90
/lib/cpp -P -nostdinc -DEM_CORE=1 -DNMM_CORE=0 -DNMM_MAX_DIM=2600 -DDA_CORE=0 -DWRFPLUS=0 -DIWORDSIZE=4 -DDWORDSIZE=8 -DRWORDSIZE=4 -DLWORDSIZE=4 -DNONSTANDARD_SYSTEM_SUBR  -DWRF_USE_CLM  -DDM_PARALLEL -DNETCDF -DLANDREAD_STUB=1 -DUSE_ALLOCATABLES -Dwrfmodel -DGRIB1 -DINTIO -DKEEP_INT_AROUND -DLIMIT_ARGS -DBUILD_RRTMG_FAST=0 -DBUILD_RRTMK=0 -DBUILD_SBM_FAST=1 -DSHOW_ALL_VARS_USED=0 -DCONFIG_BUF_LEN=65536 -DMAX_DOMAINS_F=21 -DMAX_HISTORY=25 -DNMM_NEST=0 -DWRF_CHEM -DBUILD_CHEM=1 -I. -traditional-cpp  mradf5.F  > mradf5.f90
rm -f -f d1f5kf.f90
/lib/cpp -P -nostdinc -DEM_CORE=1 -DNMM_CORE=0 -DNMM_MAX_DIM=2600 -DDA_CORE=0 -DWRFPLUS=0 -DIWORDSIZE=4 -DDWORDSIZE=8 -DRWORDSIZE=4 -DLWORDSIZE=4 -DNONSTANDARD_SYSTEM_SUBR  -DWRF_USE_CLM  -DDM_PARALLEL -DNETCDF -DLANDREAD_STUB=1 -DUSE_ALLOCATABLES -Dwrfmodel -DGRIB1 -DINTIO -DKEEP_INT_AROUND -DLIMIT_ARGS -DBUILD_RRTMG_FAST=0 -DBUILD_RRTMK=0 -DBUILD_SBM_FAST=1 -DSHOW_ALL_VARS_USED=0 -DCONFIG_BUF_LEN=65536 -DMAX_DOMAINS_F=21 -DMAX_HISTORY=25 -DNMM_NEST=0 -DWRF_CHEM -DBUILD_CHEM=1 -I. -traditional-cpp  r1f4kf.F  > r1f4kf.f90
gfortran -c -w -ffree-form -ffree-line-length-none -fconvert=big-endian -frecord-marker=4 -fallow-argument-mismatch -fallow-invalid-boz  mradf5.f90
gfortran -c -w -ffree-form -ffree-line-length-none -fconvert=big-endian -frecord-marker=4 -fallow-argument-mismatch -fallow-invalid-boz  r1f4kf.f90
rm -f -f r1f4kf.f90
/lib/cpp -P -nostdinc -DEM_CORE=1 -DNMM_CORE=0 -DNMM_MAX_DIM=2600 -DDA_CORE=0 -DWRFPLUS=0 -DIWORDSIZE=4 -DDWORDSIZE=8 -DRWORDSIZE=4 -DLWORDSIZE=4 -DNONSTANDARD_SYSTEM_SUBR  -DWRF_USE_CLM  -DDM_PARALLEL -DNETCDF -DLANDREAD_STUB=1 -DUSE_ALLOCATABLES -Dwrfmodel -DGRIB1 -DINTIO -DKEEP_INT_AROUND -DLIMIT_ARGS -DBUILD_RRTMG_FAST=0 -DBUILD_RRTMK=0 -DBUILD_SBM_FAST=1 -DSHOW_ALL_VARS_USED=0 -DCONFIG_BUF_LEN=65536 -DMAX_DOMAINS_F=21 -DMAX_HISTORY=25 -DNMM_NEST=0 -DWRF_CHEM -DBUILD_CHEM=1 -I. -traditional-cpp  rfft1f.F  > rfft1f.f90
gfortran -c -w -ffree-form -ffree-line-length-none -fconvert=big-endian -frecord-marker=4 -fallow-argument-mismatch -fallow-invalid-boz  rfft1f.f90
rm -f -f mradf5.f90
/lib/cpp -P -nostdinc -DEM_CORE=1 -DNMM_CORE=0 -DNMM_MAX_DIM=2600 -DDA_CORE=0 -DWRFPLUS=0 -DIWORDSIZE=4 -DDWORDSIZE=8 -DRWORDSIZE=4 -DLWORDSIZE=4 -DNONSTANDARD_SYSTEM_SUBR  -DWRF_USE_CLM  -DDM_PARALLEL -DNETCDF -DLANDREAD_STUB=1 -DUSE_ALLOCATABLES -Dwrfmodel -DGRIB1 -DINTIO -DKEEP_INT_AROUND -DLIMIT_ARGS -DBUILD_RRTMG_FAST=0 -DBUILD_RRTMK=0 -DBUILD_SBM_FAST=1 -DSHOW_ALL_VARS_USED=0 -DCONFIG_BUF_LEN=65536 -DMAX_DOMAINS_F=21 -DMAX_HISTORY=25 -DNMM_NEST=0 -DWRF_CHEM -DBUILD_CHEM=1 -I. -traditional-cpp  sinq1f.F  > sinq1f.f90
rm -f -f rfft1f.f90
/lib/cpp -P -nostdinc -DEM_CORE=1 -DNMM_CORE=0 -DNMM_MAX_DIM=2600 -DDA_CORE=0 -DWRFPLUS=0 -DIWORDSIZE=4 -DDWORDSIZE=8 -DRWORDSIZE=4 -DLWORDSIZE=4 -DNONSTANDARD_SYSTEM_SUBR  -DWRF_USE_CLM  -DDM_PARALLEL -DNETCDF -DLANDREAD_STUB=1 -DUSE_ALLOCATABLES -Dwrfmodel -DGRIB1 -DINTIO -DKEEP_INT_AROUND -DLIMIT_ARGS -DBUILD_RRTMG_FAST=0 -DBUILD_RRTMK=0 -DBUILD_SBM_FAST=1 -DSHOW_ALL_VARS_USED=0 -DCONFIG_BUF_LEN=65536 -DMAX_DOMAINS_F=21 -DMAX_HISTORY=25 -DNMM_NEST=0 -DWRF_CHEM -DBUILD_CHEM=1 -I. -traditional-cpp  sintmi.F  > sintmi.f90
gfortran -c -w -ffree-form -ffree-line-length-none -fconvert=big-endian -frecord-marker=4 -fallow-argument-mismatch -fallow-invalid-boz  sinq1f.f90
gfortran -c -w -ffree-form -ffree-line-length-none -fconvert=big-endian -frecord-marker=4 -fallow-argument-mismatch -fallow-invalid-boz  sintmi.f90
rm -f -f sinq1f.f90
rm -f -f sintmi.f90
/lib/cpp -P -nostdinc -DEM_CORE=1 -DNMM_CORE=0 -DNMM_MAX_DIM=2600 -DDA_CORE=0 -DWRFPLUS=0 -DIWORDSIZE=4 -DDWORDSIZE=8 -DRWORDSIZE=4 -DLWORDSIZE=4 -DNONSTANDARD_SYSTEM_SUBR  -DWRF_USE_CLM  -DDM_PARALLEL -DNETCDF -DLANDREAD_STUB=1 -DUSE_ALLOCATABLES -Dwrfmodel -DGRIB1 -DINTIO -DKEEP_INT_AROUND -DLIMIT_ARGS -DBUILD_RRTMG_FAST=0 -DBUILD_RRTMK=0 -DBUILD_SBM_FAST=1 -DSHOW_ALL_VARS_USED=0 -DCONFIG_BUF_LEN=65536 -DMAX_DOMAINS_F=21 -DMAX_HISTORY=25 -DNMM_NEST=0 -DWRF_CHEM -DBUILD_CHEM=1 -I. -traditional-cpp  z1fgkf.F  > z1fgkf.f90
/lib/cpp -P -nostdinc -DEM_CORE=1 -DNMM_CORE=0 -DNMM_MAX_DIM=2600 -DDA_CORE=0 -DWRFPLUS=0 -DIWORDSIZE=4 -DDWORDSIZE=8 -DRWORDSIZE=4 -DLWORDSIZE=4 -DNONSTANDARD_SYSTEM_SUBR  -DWRF_USE_CLM  -DDM_PARALLEL -DNETCDF -DLANDREAD_STUB=1 -DUSE_ALLOCATABLES -Dwrfmodel -DGRIB1 -DINTIO -DKEEP_INT_AROUND -DLIMIT_ARGS -DBUILD_RRTMG_FAST=0 -DBUILD_RRTMK=0 -DBUILD_SBM_FAST=1 -DSHOW_ALL_VARS_USED=0 -DCONFIG_BUF_LEN=65536 -DMAX_DOMAINS_F=21 -DMAX_HISTORY=25 -DNMM_NEST=0 -DWRF_CHEM -DBUILD_CHEM=1 -I. -traditional-cpp  zmf2kb.F  > zmf2kb.f90
gfortran -c -w -ffree-form -ffree-line-length-none -fconvert=big-endian -frecord-marker=4 -fallow-argument-mismatch -fallow-invalid-boz  zmf2kb.f90
gfortran -c -w -ffree-form -ffree-line-length-none -fconvert=big-endian -frecord-marker=4 -fallow-argument-mismatch -fallow-invalid-boz  z1fgkf.f90
rm -f -f zmf2kb.f90
/lib/cpp -P -nostdinc -DEM_CORE=1 -DNMM_CORE=0 -DNMM_MAX_DIM=2600 -DDA_CORE=0 -DWRFPLUS=0 -DIWORDSIZE=4 -DDWORDSIZE=8 -DRWORDSIZE=4 -DLWORDSIZE=4 -DNONSTANDARD_SYSTEM_SUBR  -DWRF_USE_CLM  -DDM_PARALLEL -DNETCDF -DLANDREAD_STUB=1 -DUSE_ALLOCATABLES -Dwrfmodel -DGRIB1 -DINTIO -DKEEP_INT_AROUND -DLIMIT_ARGS -DBUILD_RRTMG_FAST=0 -DBUILD_RRTMK=0 -DBUILD_SBM_FAST=1 -DSHOW_ALL_VARS_USED=0 -DCONFIG_BUF_LEN=65536 -DMAX_DOMAINS_F=21 -DMAX_HISTORY=25 -DNMM_NEST=0 -DWRF_CHEM -DBUILD_CHEM=1 -I. -traditional-cpp  c1fgkf.F  > c1fgkf.f90
gfortran -c -w -ffree-form -ffree-line-length-none -fconvert=big-endian -frecord-marker=4 -fallow-argument-mismatch -fallow-invalid-boz  c1fgkf.f90
rm -f -f z1fgkf.f90
/lib/cpp -P -nostdinc -DEM_CORE=1 -DNMM_CORE=0 -DNMM_MAX_DIM=2600 -DDA_CORE=0 -DWRFPLUS=0 -DIWORDSIZE=4 -DDWORDSIZE=8 -DRWORDSIZE=4 -DLWORDSIZE=4 -DNONSTANDARD_SYSTEM_SUBR  -DWRF_USE_CLM  -DDM_PARALLEL -DNETCDF -DLANDREAD_STUB=1 -DUSE_ALLOCATABLES -Dwrfmodel -DGRIB1 -DINTIO -DKEEP_INT_AROUND -DLIMIT_ARGS -DBUILD_RRTMG_FAST=0 -DBUILD_RRTMK=0 -DBUILD_SBM_FAST=1 -DSHOW_ALL_VARS_USED=0 -DCONFIG_BUF_LEN=65536 -DMAX_DOMAINS_F=21 -DMAX_HISTORY=25 -DNMM_NEST=0 -DWRF_CHEM -DBUILD_CHEM=1 -I. -traditional-cpp  cmf2kb.F  > cmf2kb.f90
gfortran -c -w -ffree-form -ffree-line-length-none -fconvert=big-endian -frecord-marker=4 -fallow-argument-mismatch -fallow-invalid-boz  cmf2kb.f90
rm -f -f c1fgkf.f90
/lib/cpp -P -nostdinc -DEM_CORE=1 -DNMM_CORE=0 -DNMM_MAX_DIM=2600 -DDA_CORE=0 -DWRFPLUS=0 -DIWORDSIZE=4 -DDWORDSIZE=8 -DRWORDSIZE=4 -DLWORDSIZE=4 -DNONSTANDARD_SYSTEM_SUBR  -DWRF_USE_CLM  -DDM_PARALLEL -DNETCDF -DLANDREAD_STUB=1 -DUSE_ALLOCATABLES -Dwrfmodel -DGRIB1 -DINTIO -DKEEP_INT_AROUND -DLIMIT_ARGS -DBUILD_RRTMG_FAST=0 -DBUILD_RRTMK=0 -DBUILD_SBM_FAST=1 -DSHOW_ALL_VARS_USED=0 -DCONFIG_BUF_LEN=65536 -DMAX_DOMAINS_F=21 -DMAX_HISTORY=25 -DNMM_NEST=0 -DWRF_CHEM -DBUILD_CHEM=1 -I. -traditional-cpp  cosq1b.F  > cosq1b.f90
rm -f -f cmf2kb.f90
/lib/cpp -P -nostdinc -DEM_CORE=1 -DNMM_CORE=0 -DNMM_MAX_DIM=2600 -DDA_CORE=0 -DWRFPLUS=0 -DIWORDSIZE=4 -DDWORDSIZE=8 -DRWORDSIZE=4 -DLWORDSIZE=4 -DNONSTANDARD_SYSTEM_SUBR  -DWRF_USE_CLM  -DDM_PARALLEL -DNETCDF -DLANDREAD_STUB=1 -DUSE_ALLOCATABLES -Dwrfmodel -DGRIB1 -DINTIO -DKEEP_INT_AROUND -DLIMIT_ARGS -DBUILD_RRTMG_FAST=0 -DBUILD_RRTMK=0 -DBUILD_SBM_FAST=1 -DSHOW_ALL_VARS_USED=0 -DCONFIG_BUF_LEN=65536 -DMAX_DOMAINS_F=21 -DMAX_HISTORY=25 -DNMM_NEST=0 -DWRF_CHEM -DBUILD_CHEM=1 -I. -traditional-cpp  costf1.F  > costf1.f90
gfortran -c -w -ffree-form -ffree-line-length-none -fconvert=big-endian -frecord-marker=4 -fallow-argument-mismatch -fallow-invalid-boz  cosq1b.f90
gfortran -c -w -ffree-form -ffree-line-length-none -fconvert=big-endian -frecord-marker=4 -fallow-argument-mismatch -fallow-invalid-boz  costf1.f90
rm -f -f cosq1b.f90
/lib/cpp -P -nostdinc -DEM_CORE=1 -DNMM_CORE=0 -DNMM_MAX_DIM=2600 -DDA_CORE=0 -DWRFPLUS=0 -DIWORDSIZE=4 -DDWORDSIZE=8 -DRWORDSIZE=4 -DLWORDSIZE=4 -DNONSTANDARD_SYSTEM_SUBR  -DWRF_USE_CLM  -DDM_PARALLEL -DNETCDF -DLANDREAD_STUB=1 -DUSE_ALLOCATABLES -Dwrfmodel -DGRIB1 -DINTIO -DKEEP_INT_AROUND -DLIMIT_ARGS -DBUILD_RRTMG_FAST=0 -DBUILD_RRTMK=0 -DBUILD_SBM_FAST=1 -DSHOW_ALL_VARS_USED=0 -DCONFIG_BUF_LEN=65536 -DMAX_DOMAINS_F=21 -DMAX_HISTORY=25 -DNMM_NEST=0 -DWRF_CHEM -DBUILD_CHEM=1 -I. -traditional-cpp  d1fgkb.F  > d1fgkb.f90
rm -f -f costf1.f90
/lib/cpp -P -nostdinc -DEM_CORE=1 -DNMM_CORE=0 -DNMM_MAX_DIM=2600 -DDA_CORE=0 -DWRFPLUS=0 -DIWORDSIZE=4 -DDWORDSIZE=8 -DRWORDSIZE=4 -DLWORDSIZE=4 -DNONSTANDARD_SYSTEM_SUBR  -DWRF_USE_CLM  -DDM_PARALLEL -DNETCDF -DLANDREAD_STUB=1 -DUSE_ALLOCATABLES -Dwrfmodel -DGRIB1 -DINTIO -DKEEP_INT_AROUND -DLIMIT_ARGS -DBUILD_RRTMG_FAST=0 -DBUILD_RRTMK=0 -DBUILD_SBM_FAST=1 -DSHOW_ALL_VARS_USED=0 -DCONFIG_BUF_LEN=65536 -DMAX_DOMAINS_F=21 -DMAX_HISTORY=25 -DNMM_NEST=0 -DWRF_CHEM -DBUILD_CHEM=1 -I. -traditional-cpp  dfft1b.F  > dfft1b.f90
gfortran -c -w -ffree-form -ffree-line-length-none -fconvert=big-endian -frecord-marker=4 -fallow-argument-mismatch -fallow-invalid-boz  d1fgkb.f90
gfortran -c -w -ffree-form -ffree-line-length-none -fconvert=big-endian -frecord-marker=4 -fallow-argument-mismatch -fallow-invalid-boz  dfft1b.f90
rm -f -f dfft1b.f90
/lib/cpp -P -nostdinc -DEM_CORE=1 -DNMM_CORE=0 -DNMM_MAX_DIM=2600 -DDA_CORE=0 -DWRFPLUS=0 -DIWORDSIZE=4 -DDWORDSIZE=8 -DRWORDSIZE=4 -DLWORDSIZE=4 -DNONSTANDARD_SYSTEM_SUBR  -DWRF_USE_CLM  -DDM_PARALLEL -DNETCDF -DLANDREAD_STUB=1 -DUSE_ALLOCATABLES -Dwrfmodel -DGRIB1 -DINTIO -DKEEP_INT_AROUND -DLIMIT_ARGS -DBUILD_RRTMG_FAST=0 -DBUILD_RRTMK=0 -DBUILD_SBM_FAST=1 -DSHOW_ALL_VARS_USED=0 -DCONFIG_BUF_LEN=65536 -DMAX_DOMAINS_F=21 -DMAX_HISTORY=25 -DNMM_NEST=0 -DWRF_CHEM -DBUILD_CHEM=1 -I. -traditional-cpp  mcsqf1.F  > mcsqf1.f90
gfortran -c -w -ffree-form -ffree-line-length-none -fconvert=big-endian -frecord-marker=4 -fallow-argument-mismatch -fallow-invalid-boz  mcsqf1.f90
rm -f -f d1fgkb.f90
/lib/cpp -P -nostdinc -DEM_CORE=1 -DNMM_CORE=0 -DNMM_MAX_DIM=2600 -DDA_CORE=0 -DWRFPLUS=0 -DIWORDSIZE=4 -DDWORDSIZE=8 -DRWORDSIZE=4 -DLWORDSIZE=4 -DNONSTANDARD_SYSTEM_SUBR  -DWRF_USE_CLM  -DDM_PARALLEL -DNETCDF -DLANDREAD_STUB=1 -DUSE_ALLOCATABLES -Dwrfmodel -DGRIB1 -DINTIO -DKEEP_INT_AROUND -DLIMIT_ARGS -DBUILD_RRTMG_FAST=0 -DBUILD_RRTMK=0 -DBUILD_SBM_FAST=1 -DSHOW_ALL_VARS_USED=0 -DCONFIG_BUF_LEN=65536 -DMAX_DOMAINS_F=21 -DMAX_HISTORY=25 -DNMM_NEST=0 -DWRF_CHEM -DBUILD_CHEM=1 -I. -traditional-cpp  mradfg.F  > mradfg.f90
rm -f -f mcsqf1.f90
/lib/cpp -P -nostdinc -DEM_CORE=1 -DNMM_CORE=0 -DNMM_MAX_DIM=2600 -DDA_CORE=0 -DWRFPLUS=0 -DIWORDSIZE=4 -DDWORDSIZE=8 -DRWORDSIZE=4 -DLWORDSIZE=4 -DNONSTANDARD_SYSTEM_SUBR  -DWRF_USE_CLM  -DDM_PARALLEL -DNETCDF -DLANDREAD_STUB=1 -DUSE_ALLOCATABLES -Dwrfmodel -DGRIB1 -DINTIO -DKEEP_INT_AROUND -DLIMIT_ARGS -DBUILD_RRTMG_FAST=0 -DBUILD_RRTMK=0 -DBUILD_SBM_FAST=1 -DSHOW_ALL_VARS_USED=0 -DCONFIG_BUF_LEN=65536 -DMAX_DOMAINS_F=21 -DMAX_HISTORY=25 -DNMM_NEST=0 -DWRF_CHEM -DBUILD_CHEM=1 -I. -traditional-cpp  r1f5kb.F  > r1f5kb.f90
gfortran -c -w -ffree-form -ffree-line-length-none -fconvert=big-endian -frecord-marker=4 -fallow-argument-mismatch -fallow-invalid-boz  mradfg.f90
gfortran -c -w -ffree-form -ffree-line-length-none -fconvert=big-endian -frecord-marker=4 -fallow-argument-mismatch -fallow-invalid-boz  r1f5kb.f90
rm -f -f mradfg.f90
/lib/cpp -P -nostdinc -DEM_CORE=1 -DNMM_CORE=0 -DNMM_MAX_DIM=2600 -DDA_CORE=0 -DWRFPLUS=0 -DIWORDSIZE=4 -DDWORDSIZE=8 -DRWORDSIZE=4 -DLWORDSIZE=4 -DNONSTANDARD_SYSTEM_SUBR  -DWRF_USE_CLM  -DDM_PARALLEL -DNETCDF -DLANDREAD_STUB=1 -DUSE_ALLOCATABLES -Dwrfmodel -DGRIB1 -DINTIO -DKEEP_INT_AROUND -DLIMIT_ARGS -DBUILD_RRTMG_FAST=0 -DBUILD_RRTMK=0 -DBUILD_SBM_FAST=1 -DSHOW_ALL_VARS_USED=0 -DCONFIG_BUF_LEN=65536 -DMAX_DOMAINS_F=21 -DMAX_HISTORY=25 -DNMM_NEST=0 -DWRF_CHEM -DBUILD_CHEM=1 -I. -traditional-cpp  rfft1i.F  > rfft1i.f90
gfortran -c -w -ffree-form -ffree-line-length-none -fconvert=big-endian -frecord-marker=4 -fallow-argument-mismatch -fallow-invalid-boz  rfft1i.f90
rm -f -f r1f5kb.f90
/lib/cpp -P -nostdinc -DEM_CORE=1 -DNMM_CORE=0 -DNMM_MAX_DIM=2600 -DDA_CORE=0 -DWRFPLUS=0 -DIWORDSIZE=4 -DDWORDSIZE=8 -DRWORDSIZE=4 -DLWORDSIZE=4 -DNONSTANDARD_SYSTEM_SUBR  -DWRF_USE_CLM  -DDM_PARALLEL -DNETCDF -DLANDREAD_STUB=1 -DUSE_ALLOCATABLES -Dwrfmodel -DGRIB1 -DINTIO -DKEEP_INT_AROUND -DLIMIT_ARGS -DBUILD_RRTMG_FAST=0 -DBUILD_RRTMK=0 -DBUILD_SBM_FAST=1 -DSHOW_ALL_VARS_USED=0 -DCONFIG_BUF_LEN=65536 -DMAX_DOMAINS_F=21 -DMAX_HISTORY=25 -DNMM_NEST=0 -DWRF_CHEM -DBUILD_CHEM=1 -I. -traditional-cpp  sinq1i.F  > sinq1i.f90
gfortran -c -w -ffree-form -ffree-line-length-none -fconvert=big-endian -frecord-marker=4 -fallow-argument-mismatch -fallow-invalid-boz  sinq1i.f90
rm -f -f rfft1i.f90
/lib/cpp -P -nostdinc -DEM_CORE=1 -DNMM_CORE=0 -DNMM_MAX_DIM=2600 -DDA_CORE=0 -DWRFPLUS=0 -DIWORDSIZE=4 -DDWORDSIZE=8 -DRWORDSIZE=4 -DLWORDSIZE=4 -DNONSTANDARD_SYSTEM_SUBR  -DWRF_USE_CLM  -DDM_PARALLEL -DNETCDF -DLANDREAD_STUB=1 -DUSE_ALLOCATABLES -Dwrfmodel -DGRIB1 -DINTIO -DKEEP_INT_AROUND -DLIMIT_ARGS -DBUILD_RRTMG_FAST=0 -DBUILD_RRTMK=0 -DBUILD_SBM_FAST=1 -DSHOW_ALL_VARS_USED=0 -DCONFIG_BUF_LEN=65536 -DMAX_DOMAINS_F=21 -DMAX_HISTORY=25 -DNMM_NEST=0 -DWRF_CHEM -DBUILD_CHEM=1 -I. -traditional-cpp  xercon.F  > xercon.f90
gfortran -c -w -ffree-form -ffree-line-length-none -fconvert=big-endian -frecord-marker=4 -fallow-argument-mismatch -fallow-invalid-boz  xercon.f90
rm -f -f sinq1i.f90
/lib/cpp -P -nostdinc -DEM_CORE=1 -DNMM_CORE=0 -DNMM_MAX_DIM=2600 -DDA_CORE=0 -DWRFPLUS=0 -DIWORDSIZE=4 -DDWORDSIZE=8 -DRWORDSIZE=4 -DLWORDSIZE=4 -DNONSTANDARD_SYSTEM_SUBR  -DWRF_USE_CLM  -DDM_PARALLEL -DNETCDF -DLANDREAD_STUB=1 -DUSE_ALLOCATABLES -Dwrfmodel -DGRIB1 -DINTIO -DKEEP_INT_AROUND -DLIMIT_ARGS -DBUILD_RRTMG_FAST=0 -DBUILD_RRTMK=0 -DBUILD_SBM_FAST=1 -DSHOW_ALL_VARS_USED=0 -DCONFIG_BUF_LEN=65536 -DMAX_DOMAINS_F=21 -DMAX_HISTORY=25 -DNMM_NEST=0 -DWRF_CHEM -DBUILD_CHEM=1 -I. -traditional-cpp  z1fm1b.F  > z1fm1b.f90
gfortran -c -w -ffree-form -ffree-line-length-none -fconvert=big-endian -frecord-marker=4 -fallow-argument-mismatch -fallow-invalid-boz  z1fm1b.f90
rm -f -f xercon.f90
/lib/cpp -P -nostdinc -DEM_CORE=1 -DNMM_CORE=0 -DNMM_MAX_DIM=2600 -DDA_CORE=0 -DWRFPLUS=0 -DIWORDSIZE=4 -DDWORDSIZE=8 -DRWORDSIZE=4 -DLWORDSIZE=4 -DNONSTANDARD_SYSTEM_SUBR  -DWRF_USE_CLM  -DDM_PARALLEL -DNETCDF -DLANDREAD_STUB=1 -DUSE_ALLOCATABLES -Dwrfmodel -DGRIB1 -DINTIO -DKEEP_INT_AROUND -DLIMIT_ARGS -DBUILD_RRTMG_FAST=0 -DBUILD_RRTMK=0 -DBUILD_SBM_FAST=1 -DSHOW_ALL_VARS_USED=0 -DCONFIG_BUF_LEN=65536 -DMAX_DOMAINS_F=21 -DMAX_HISTORY=25 -DNMM_NEST=0 -DWRF_CHEM -DBUILD_CHEM=1 -I. -traditional-cpp  zmf2kf.F  > zmf2kf.f90
gfortran -c -w -ffree-form -ffree-line-length-none -fconvert=big-endian -frecord-marker=4 -fallow-argument-mismatch -fallow-invalid-boz  zmf2kf.f90
rm -f -f z1fm1b.f90
/lib/cpp -P -nostdinc -DEM_CORE=1 -DNMM_CORE=0 -DNMM_MAX_DIM=2600 -DDA_CORE=0 -DWRFPLUS=0 -DIWORDSIZE=4 -DDWORDSIZE=8 -DRWORDSIZE=4 -DLWORDSIZE=4 -DNONSTANDARD_SYSTEM_SUBR  -DWRF_USE_CLM  -DDM_PARALLEL -DNETCDF -DLANDREAD_STUB=1 -DUSE_ALLOCATABLES -Dwrfmodel -DGRIB1 -DINTIO -DKEEP_INT_AROUND -DLIMIT_ARGS -DBUILD_RRTMG_FAST=0 -DBUILD_RRTMK=0 -DBUILD_SBM_FAST=1 -DSHOW_ALL_VARS_USED=0 -DCONFIG_BUF_LEN=65536 -DMAX_DOMAINS_F=21 -DMAX_HISTORY=25 -DNMM_NEST=0 -DWRF_CHEM -DBUILD_CHEM=1 -I. -traditional-cpp  c1fm1b.F  > c1fm1b.f90
gfortran -c -w -ffree-form -ffree-line-length-none -fconvert=big-endian -frecord-marker=4 -fallow-argument-mismatch -fallow-invalid-boz  c1fm1b.f90
rm -f -f c1fm1b.f90
rm -f -f zmf2kf.f90
/lib/cpp -P -nostdinc -DEM_CORE=1 -DNMM_CORE=0 -DNMM_MAX_DIM=2600 -DDA_CORE=0 -DWRFPLUS=0 -DIWORDSIZE=4 -DDWORDSIZE=8 -DRWORDSIZE=4 -DLWORDSIZE=4 -DNONSTANDARD_SYSTEM_SUBR  -DWRF_USE_CLM  -DDM_PARALLEL -DNETCDF -DLANDREAD_STUB=1 -DUSE_ALLOCATABLES -Dwrfmodel -DGRIB1 -DINTIO -DKEEP_INT_AROUND -DLIMIT_ARGS -DBUILD_RRTMG_FAST=0 -DBUILD_RRTMK=0 -DBUILD_SBM_FAST=1 -DSHOW_ALL_VARS_USED=0 -DCONFIG_BUF_LEN=65536 -DMAX_DOMAINS_F=21 -DMAX_HISTORY=25 -DNMM_NEST=0 -DWRF_CHEM -DBUILD_CHEM=1 -I. -traditional-cpp  cmf2kf.F  > cmf2kf.f90
/lib/cpp -P -nostdinc -DEM_CORE=1 -DNMM_CORE=0 -DNMM_MAX_DIM=2600 -DDA_CORE=0 -DWRFPLUS=0 -DIWORDSIZE=4 -DDWORDSIZE=8 -DRWORDSIZE=4 -DLWORDSIZE=4 -DNONSTANDARD_SYSTEM_SUBR  -DWRF_USE_CLM  -DDM_PARALLEL -DNETCDF -DLANDREAD_STUB=1 -DUSE_ALLOCATABLES -Dwrfmodel -DGRIB1 -DINTIO -DKEEP_INT_AROUND -DLIMIT_ARGS -DBUILD_RRTMG_FAST=0 -DBUILD_RRTMK=0 -DBUILD_SBM_FAST=1 -DSHOW_ALL_VARS_USED=0 -DCONFIG_BUF_LEN=65536 -DMAX_DOMAINS_F=21 -DMAX_HISTORY=25 -DNMM_NEST=0 -DWRF_CHEM -DBUILD_CHEM=1 -I. -traditional-cpp  cosq1f.F  > cosq1f.f90
gfortran -c -w -ffree-form -ffree-line-length-none -fconvert=big-endian -frecord-marker=4 -fallow-argument-mismatch -fallow-invalid-boz  cosq1f.f90
gfortran -c -w -ffree-form -ffree-line-length-none -fconvert=big-endian -frecord-marker=4 -fallow-argument-mismatch -fallow-invalid-boz  cmf2kf.f90
rm -f -f cosq1f.f90
/lib/cpp -P -nostdinc -DEM_CORE=1 -DNMM_CORE=0 -DNMM_MAX_DIM=2600 -DDA_CORE=0 -DWRFPLUS=0 -DIWORDSIZE=4 -DDWORDSIZE=8 -DRWORDSIZE=4 -DLWORDSIZE=4 -DNONSTANDARD_SYSTEM_SUBR  -DWRF_USE_CLM  -DDM_PARALLEL -DNETCDF -DLANDREAD_STUB=1 -DUSE_ALLOCATABLES -Dwrfmodel -DGRIB1 -DINTIO -DKEEP_INT_AROUND -DLIMIT_ARGS -DBUILD_RRTMG_FAST=0 -DBUILD_RRTMK=0 -DBUILD_SBM_FAST=1 -DSHOW_ALL_VARS_USED=0 -DCONFIG_BUF_LEN=65536 -DMAX_DOMAINS_F=21 -DMAX_HISTORY=25 -DNMM_NEST=0 -DWRF_CHEM -DBUILD_CHEM=1 -I. -traditional-cpp  costmb.F  > costmb.f90
rm -f -f cmf2kf.f90
/lib/cpp -P -nostdinc -DEM_CORE=1 -DNMM_CORE=0 -DNMM_MAX_DIM=2600 -DDA_CORE=0 -DWRFPLUS=0 -DIWORDSIZE=4 -DDWORDSIZE=8 -DRWORDSIZE=4 -DLWORDSIZE=4 -DNONSTANDARD_SYSTEM_SUBR  -DWRF_USE_CLM  -DDM_PARALLEL -DNETCDF -DLANDREAD_STUB=1 -DUSE_ALLOCATABLES -Dwrfmodel -DGRIB1 -DINTIO -DKEEP_INT_AROUND -DLIMIT_ARGS -DBUILD_RRTMG_FAST=0 -DBUILD_RRTMK=0 -DBUILD_SBM_FAST=1 -DSHOW_ALL_VARS_USED=0 -DCONFIG_BUF_LEN=65536 -DMAX_DOMAINS_F=21 -DMAX_HISTORY=25 -DNMM_NEST=0 -DWRF_CHEM -DBUILD_CHEM=1 -I. -traditional-cpp  d1fgkf.F  > d1fgkf.f90
gfortran -c -w -ffree-form -ffree-line-length-none -fconvert=big-endian -frecord-marker=4 -fallow-argument-mismatch -fallow-invalid-boz  costmb.f90
gfortran -c -w -ffree-form -ffree-line-length-none -fconvert=big-endian -frecord-marker=4 -fallow-argument-mismatch -fallow-invalid-boz  d1fgkf.f90
rm -f -f costmb.f90
/lib/cpp -P -nostdinc -DEM_CORE=1 -DNMM_CORE=0 -DNMM_MAX_DIM=2600 -DDA_CORE=0 -DWRFPLUS=0 -DIWORDSIZE=4 -DDWORDSIZE=8 -DRWORDSIZE=4 -DLWORDSIZE=4 -DNONSTANDARD_SYSTEM_SUBR  -DWRF_USE_CLM  -DDM_PARALLEL -DNETCDF -DLANDREAD_STUB=1 -DUSE_ALLOCATABLES -Dwrfmodel -DGRIB1 -DINTIO -DKEEP_INT_AROUND -DLIMIT_ARGS -DBUILD_RRTMG_FAST=0 -DBUILD_RRTMK=0 -DBUILD_SBM_FAST=1 -DSHOW_ALL_VARS_USED=0 -DCONFIG_BUF_LEN=65536 -DMAX_DOMAINS_F=21 -DMAX_HISTORY=25 -DNMM_NEST=0 -DWRF_CHEM -DBUILD_CHEM=1 -I. -traditional-cpp  dfft1f.F  > dfft1f.f90
gfortran -c -w -ffree-form -ffree-line-length-none -fconvert=big-endian -frecord-marker=4 -fallow-argument-mismatch -fallow-invalid-boz  dfft1f.f90
rm -f -f d1fgkf.f90
/lib/cpp -P -nostdinc -DEM_CORE=1 -DNMM_CORE=0 -DNMM_MAX_DIM=2600 -DDA_CORE=0 -DWRFPLUS=0 -DIWORDSIZE=4 -DDWORDSIZE=8 -DRWORDSIZE=4 -DLWORDSIZE=4 -DNONSTANDARD_SYSTEM_SUBR  -DWRF_USE_CLM  -DDM_PARALLEL -DNETCDF -DLANDREAD_STUB=1 -DUSE_ALLOCATABLES -Dwrfmodel -DGRIB1 -DINTIO -DKEEP_INT_AROUND -DLIMIT_ARGS -DBUILD_RRTMG_FAST=0 -DBUILD_RRTMK=0 -DBUILD_SBM_FAST=1 -DSHOW_ALL_VARS_USED=0 -DCONFIG_BUF_LEN=65536 -DMAX_DOMAINS_F=21 -DMAX_HISTORY=25 -DNMM_NEST=0 -DWRF_CHEM -DBUILD_CHEM=1 -I. -traditional-cpp  mcstb1.F  > mcstb1.f90
rm -f -f dfft1f.f90
/lib/cpp -P -nostdinc -DEM_CORE=1 -DNMM_CORE=0 -DNMM_MAX_DIM=2600 -DDA_CORE=0 -DWRFPLUS=0 -DIWORDSIZE=4 -DDWORDSIZE=8 -DRWORDSIZE=4 -DLWORDSIZE=4 -DNONSTANDARD_SYSTEM_SUBR  -DWRF_USE_CLM  -DDM_PARALLEL -DNETCDF -DLANDREAD_STUB=1 -DUSE_ALLOCATABLES -Dwrfmodel -DGRIB1 -DINTIO -DKEEP_INT_AROUND -DLIMIT_ARGS -DBUILD_RRTMG_FAST=0 -DBUILD_RRTMK=0 -DBUILD_SBM_FAST=1 -DSHOW_ALL_VARS_USED=0 -DCONFIG_BUF_LEN=65536 -DMAX_DOMAINS_F=21 -DMAX_HISTORY=25 -DNMM_NEST=0 -DWRF_CHEM -DBUILD_CHEM=1 -I. -traditional-cpp  mrftb1.F  > mrftb1.f90
gfortran -c -w -ffree-form -ffree-line-length-none -fconvert=big-endian -frecord-marker=4 -fallow-argument-mismatch -fallow-invalid-boz  mcstb1.f90
gfortran -c -w -ffree-form -ffree-line-length-none -fconvert=big-endian -frecord-marker=4 -fallow-argument-mismatch -fallow-invalid-boz  mrftb1.f90
rm -f -f mrftb1.f90
rm -f -f mcstb1.f90
/lib/cpp -P -nostdinc -DEM_CORE=1 -DNMM_CORE=0 -DNMM_MAX_DIM=2600 -DDA_CORE=0 -DWRFPLUS=0 -DIWORDSIZE=4 -DDWORDSIZE=8 -DRWORDSIZE=4 -DLWORDSIZE=4 -DNONSTANDARD_SYSTEM_SUBR  -DWRF_USE_CLM  -DDM_PARALLEL -DNETCDF -DLANDREAD_STUB=1 -DUSE_ALLOCATABLES -Dwrfmodel -DGRIB1 -DINTIO -DKEEP_INT_AROUND -DLIMIT_ARGS -DBUILD_RRTMG_FAST=0 -DBUILD_RRTMK=0 -DBUILD_SBM_FAST=1 -DSHOW_ALL_VARS_USED=0 -DCONFIG_BUF_LEN=65536 -DMAX_DOMAINS_F=21 -DMAX_HISTORY=25 -DNMM_NEST=0 -DWRF_CHEM -DBUILD_CHEM=1 -I. -traditional-cpp  r1f5kf.F  > r1f5kf.f90
/lib/cpp -P -nostdinc -DEM_CORE=1 -DNMM_CORE=0 -DNMM_MAX_DIM=2600 -DDA_CORE=0 -DWRFPLUS=0 -DIWORDSIZE=4 -DDWORDSIZE=8 -DRWORDSIZE=4 -DLWORDSIZE=4 -DNONSTANDARD_SYSTEM_SUBR  -DWRF_USE_CLM  -DDM_PARALLEL -DNETCDF -DLANDREAD_STUB=1 -DUSE_ALLOCATABLES -Dwrfmodel -DGRIB1 -DINTIO -DKEEP_INT_AROUND -DLIMIT_ARGS -DBUILD_RRTMG_FAST=0 -DBUILD_RRTMK=0 -DBUILD_SBM_FAST=1 -DSHOW_ALL_VARS_USED=0 -DCONFIG_BUF_LEN=65536 -DMAX_DOMAINS_F=21 -DMAX_HISTORY=25 -DNMM_NEST=0 -DWRF_CHEM -DBUILD_CHEM=1 -I. -traditional-cpp  rfft2b.F  > rfft2b.f90
gfortran -c -w -ffree-form -ffree-line-length-none -fconvert=big-endian -frecord-marker=4 -fallow-argument-mismatch -fallow-invalid-boz  r1f5kf.f90
gfortran -c -w -ffree-form -ffree-line-length-none -fconvert=big-endian -frecord-marker=4 -fallow-argument-mismatch -fallow-invalid-boz  rfft2b.f90
rm -f -f rfft2b.f90
/lib/cpp -P -nostdinc -DEM_CORE=1 -DNMM_CORE=0 -DNMM_MAX_DIM=2600 -DDA_CORE=0 -DWRFPLUS=0 -DIWORDSIZE=4 -DDWORDSIZE=8 -DRWORDSIZE=4 -DLWORDSIZE=4 -DNONSTANDARD_SYSTEM_SUBR  -DWRF_USE_CLM  -DDM_PARALLEL -DNETCDF -DLANDREAD_STUB=1 -DUSE_ALLOCATABLES -Dwrfmodel -DGRIB1 -DINTIO -DKEEP_INT_AROUND -DLIMIT_ARGS -DBUILD_RRTMG_FAST=0 -DBUILD_RRTMK=0 -DBUILD_SBM_FAST=1 -DSHOW_ALL_VARS_USED=0 -DCONFIG_BUF_LEN=65536 -DMAX_DOMAINS_F=21 -DMAX_HISTORY=25 -DNMM_NEST=0 -DWRF_CHEM -DBUILD_CHEM=1 -I. -traditional-cpp  sinqmb.F  > sinqmb.f90
gfortran -c -w -ffree-form -ffree-line-length-none -fconvert=big-endian -frecord-marker=4 -fallow-argument-mismatch -fallow-invalid-boz  sinqmb.f90
rm -f -f r1f5kf.f90
/lib/cpp -P -nostdinc -DEM_CORE=1 -DNMM_CORE=0 -DNMM_MAX_DIM=2600 -DDA_CORE=0 -DWRFPLUS=0 -DIWORDSIZE=4 -DDWORDSIZE=8 -DRWORDSIZE=4 -DLWORDSIZE=4 -DNONSTANDARD_SYSTEM_SUBR  -DWRF_USE_CLM  -DDM_PARALLEL -DNETCDF -DLANDREAD_STUB=1 -DUSE_ALLOCATABLES -Dwrfmodel -DGRIB1 -DINTIO -DKEEP_INT_AROUND -DLIMIT_ARGS -DBUILD_RRTMG_FAST=0 -DBUILD_RRTMK=0 -DBUILD_SBM_FAST=1 -DSHOW_ALL_VARS_USED=0 -DCONFIG_BUF_LEN=65536 -DMAX_DOMAINS_F=21 -DMAX_HISTORY=25 -DNMM_NEST=0 -DWRF_CHEM -DBUILD_CHEM=1 -I. -traditional-cpp  xerfft.F  > xerfft.f90
rm -f -f sinqmb.f90
gfortran -c -w -ffree-form -ffree-line-length-none -fconvert=big-endian -frecord-marker=4 -fallow-argument-mismatch -fallow-invalid-boz  xerfft.f90
/lib/cpp -P -nostdinc -DEM_CORE=1 -DNMM_CORE=0 -DNMM_MAX_DIM=2600 -DDA_CORE=0 -DWRFPLUS=0 -DIWORDSIZE=4 -DDWORDSIZE=8 -DRWORDSIZE=4 -DLWORDSIZE=4 -DNONSTANDARD_SYSTEM_SUBR  -DWRF_USE_CLM  -DDM_PARALLEL -DNETCDF -DLANDREAD_STUB=1 -DUSE_ALLOCATABLES -Dwrfmodel -DGRIB1 -DINTIO -DKEEP_INT_AROUND -DLIMIT_ARGS -DBUILD_RRTMG_FAST=0 -DBUILD_RRTMK=0 -DBUILD_SBM_FAST=1 -DSHOW_ALL_VARS_USED=0 -DCONFIG_BUF_LEN=65536 -DMAX_DOMAINS_F=21 -DMAX_HISTORY=25 -DNMM_NEST=0 -DWRF_CHEM -DBUILD_CHEM=1 -I. -traditional-cpp  z1fm1f.F  > z1fm1f.f90
gfortran -c -w -ffree-form -ffree-line-length-none -fconvert=big-endian -frecord-marker=4 -fallow-argument-mismatch -fallow-invalid-boz  z1fm1f.f90
rm -f -f xerfft.f90
/lib/cpp -P -nostdinc -DEM_CORE=1 -DNMM_CORE=0 -DNMM_MAX_DIM=2600 -DDA_CORE=0 -DWRFPLUS=0 -DIWORDSIZE=4 -DDWORDSIZE=8 -DRWORDSIZE=4 -DLWORDSIZE=4 -DNONSTANDARD_SYSTEM_SUBR  -DWRF_USE_CLM  -DDM_PARALLEL -DNETCDF -DLANDREAD_STUB=1 -DUSE_ALLOCATABLES -Dwrfmodel -DGRIB1 -DINTIO -DKEEP_INT_AROUND -DLIMIT_ARGS -DBUILD_RRTMG_FAST=0 -DBUILD_RRTMK=0 -DBUILD_SBM_FAST=1 -DSHOW_ALL_VARS_USED=0 -DCONFIG_BUF_LEN=65536 -DMAX_DOMAINS_F=21 -DMAX_HISTORY=25 -DNMM_NEST=0 -DWRF_CHEM -DBUILD_CHEM=1 -I. -traditional-cpp  zmf3kb.F  > zmf3kb.f90
rm -f -f z1fm1f.f90
gfortran -c -w -ffree-form -ffree-line-length-none -fconvert=big-endian -frecord-marker=4 -fallow-argument-mismatch -fallow-invalid-boz  zmf3kb.f90
/lib/cpp -P -nostdinc -DEM_CORE=1 -DNMM_CORE=0 -DNMM_MAX_DIM=2600 -DDA_CORE=0 -DWRFPLUS=0 -DIWORDSIZE=4 -DDWORDSIZE=8 -DRWORDSIZE=4 -DLWORDSIZE=4 -DNONSTANDARD_SYSTEM_SUBR  -DWRF_USE_CLM  -DDM_PARALLEL -DNETCDF -DLANDREAD_STUB=1 -DUSE_ALLOCATABLES -Dwrfmodel -DGRIB1 -DINTIO -DKEEP_INT_AROUND -DLIMIT_ARGS -DBUILD_RRTMG_FAST=0 -DBUILD_RRTMK=0 -DBUILD_SBM_FAST=1 -DSHOW_ALL_VARS_USED=0 -DCONFIG_BUF_LEN=65536 -DMAX_DOMAINS_F=21 -DMAX_HISTORY=25 -DNMM_NEST=0 -DWRF_CHEM -DBUILD_CHEM=1 -I. -traditional-cpp  c1fm1f.F  > c1fm1f.f90
gfortran -c -w -ffree-form -ffree-line-length-none -fconvert=big-endian -frecord-marker=4 -fallow-argument-mismatch -fallow-invalid-boz  c1fm1f.f90
rm -f -f c1fm1f.f90
/lib/cpp -P -nostdinc -DEM_CORE=1 -DNMM_CORE=0 -DNMM_MAX_DIM=2600 -DDA_CORE=0 -DWRFPLUS=0 -DIWORDSIZE=4 -DDWORDSIZE=8 -DRWORDSIZE=4 -DLWORDSIZE=4 -DNONSTANDARD_SYSTEM_SUBR  -DWRF_USE_CLM  -DDM_PARALLEL -DNETCDF -DLANDREAD_STUB=1 -DUSE_ALLOCATABLES -Dwrfmodel -DGRIB1 -DINTIO -DKEEP_INT_AROUND -DLIMIT_ARGS -DBUILD_RRTMG_FAST=0 -DBUILD_RRTMK=0 -DBUILD_SBM_FAST=1 -DSHOW_ALL_VARS_USED=0 -DCONFIG_BUF_LEN=65536 -DMAX_DOMAINS_F=21 -DMAX_HISTORY=25 -DNMM_NEST=0 -DWRF_CHEM -DBUILD_CHEM=1 -I. -traditional-cpp  cmf3kb.F  > cmf3kb.f90
rm -f -f zmf3kb.f90
/lib/cpp -P -nostdinc -DEM_CORE=1 -DNMM_CORE=0 -DNMM_MAX_DIM=2600 -DDA_CORE=0 -DWRFPLUS=0 -DIWORDSIZE=4 -DDWORDSIZE=8 -DRWORDSIZE=4 -DLWORDSIZE=4 -DNONSTANDARD_SYSTEM_SUBR  -DWRF_USE_CLM  -DDM_PARALLEL -DNETCDF -DLANDREAD_STUB=1 -DUSE_ALLOCATABLES -Dwrfmodel -DGRIB1 -DINTIO -DKEEP_INT_AROUND -DLIMIT_ARGS -DBUILD_RRTMG_FAST=0 -DBUILD_RRTMK=0 -DBUILD_SBM_FAST=1 -DSHOW_ALL_VARS_USED=0 -DCONFIG_BUF_LEN=65536 -DMAX_DOMAINS_F=21 -DMAX_HISTORY=25 -DNMM_NEST=0 -DWRF_CHEM -DBUILD_CHEM=1 -I. -traditional-cpp  cosq1i.F  > cosq1i.f90
gfortran -c -w -ffree-form -ffree-line-length-none -fconvert=big-endian -frecord-marker=4 -fallow-argument-mismatch -fallow-invalid-boz  cmf3kb.f90
gfortran -c -w -ffree-form -ffree-line-length-none -fconvert=big-endian -frecord-marker=4 -fallow-argument-mismatch -fallow-invalid-boz  cosq1i.f90
rm -f -f cosq1i.f90
/lib/cpp -P -nostdinc -DEM_CORE=1 -DNMM_CORE=0 -DNMM_MAX_DIM=2600 -DDA_CORE=0 -DWRFPLUS=0 -DIWORDSIZE=4 -DDWORDSIZE=8 -DRWORDSIZE=4 -DLWORDSIZE=4 -DNONSTANDARD_SYSTEM_SUBR  -DWRF_USE_CLM  -DDM_PARALLEL -DNETCDF -DLANDREAD_STUB=1 -DUSE_ALLOCATABLES -Dwrfmodel -DGRIB1 -DINTIO -DKEEP_INT_AROUND -DLIMIT_ARGS -DBUILD_RRTMG_FAST=0 -DBUILD_RRTMK=0 -DBUILD_SBM_FAST=1 -DSHOW_ALL_VARS_USED=0 -DCONFIG_BUF_LEN=65536 -DMAX_DOMAINS_F=21 -DMAX_HISTORY=25 -DNMM_NEST=0 -DWRF_CHEM -DBUILD_CHEM=1 -I. -traditional-cpp  costmf.F  > costmf.f90
rm -f -f cmf3kb.f90
/lib/cpp -P -nostdinc -DEM_CORE=1 -DNMM_CORE=0 -DNMM_MAX_DIM=2600 -DDA_CORE=0 -DWRFPLUS=0 -DIWORDSIZE=4 -DDWORDSIZE=8 -DRWORDSIZE=4 -DLWORDSIZE=4 -DNONSTANDARD_SYSTEM_SUBR  -DWRF_USE_CLM  -DDM_PARALLEL -DNETCDF -DLANDREAD_STUB=1 -DUSE_ALLOCATABLES -Dwrfmodel -DGRIB1 -DINTIO -DKEEP_INT_AROUND -DLIMIT_ARGS -DBUILD_RRTMG_FAST=0 -DBUILD_RRTMK=0 -DBUILD_SBM_FAST=1 -DSHOW_ALL_VARS_USED=0 -DCONFIG_BUF_LEN=65536 -DMAX_DOMAINS_F=21 -DMAX_HISTORY=25 -DNMM_NEST=0 -DWRF_CHEM -DBUILD_CHEM=1 -I. -traditional-cpp  dcosq1b.F  > dcosq1b.f90
gfortran -c -w -ffree-form -ffree-line-length-none -fconvert=big-endian -frecord-marker=4 -fallow-argument-mismatch -fallow-invalid-boz  costmf.f90
gfortran -c -w -ffree-form -ffree-line-length-none -fconvert=big-endian -frecord-marker=4 -fallow-argument-mismatch -fallow-invalid-boz  dcosq1b.f90
rm -f -f costmf.f90
rm -f -f dcosq1b.f90
/lib/cpp -P -nostdinc -DEM_CORE=1 -DNMM_CORE=0 -DNMM_MAX_DIM=2600 -DDA_CORE=0 -DWRFPLUS=0 -DIWORDSIZE=4 -DDWORDSIZE=8 -DRWORDSIZE=4 -DLWORDSIZE=4 -DNONSTANDARD_SYSTEM_SUBR  -DWRF_USE_CLM  -DDM_PARALLEL -DNETCDF -DLANDREAD_STUB=1 -DUSE_ALLOCATABLES -Dwrfmodel -DGRIB1 -DINTIO -DKEEP_INT_AROUND -DLIMIT_ARGS -DBUILD_RRTMG_FAST=0 -DBUILD_RRTMK=0 -DBUILD_SBM_FAST=1 -DSHOW_ALL_VARS_USED=0 -DCONFIG_BUF_LEN=65536 -DMAX_DOMAINS_F=21 -DMAX_HISTORY=25 -DNMM_NEST=0 -DWRF_CHEM -DBUILD_CHEM=1 -I. -traditional-cpp  dfft1i.F  > dfft1i.f90
/lib/cpp -P -nostdinc -DEM_CORE=1 -DNMM_CORE=0 -DNMM_MAX_DIM=2600 -DDA_CORE=0 -DWRFPLUS=0 -DIWORDSIZE=4 -DDWORDSIZE=8 -DRWORDSIZE=4 -DLWORDSIZE=4 -DNONSTANDARD_SYSTEM_SUBR  -DWRF_USE_CLM  -DDM_PARALLEL -DNETCDF -DLANDREAD_STUB=1 -DUSE_ALLOCATABLES -Dwrfmodel -DGRIB1 -DINTIO -DKEEP_INT_AROUND -DLIMIT_ARGS -DBUILD_RRTMG_FAST=0 -DBUILD_RRTMK=0 -DBUILD_SBM_FAST=1 -DSHOW_ALL_VARS_USED=0 -DCONFIG_BUF_LEN=65536 -DMAX_DOMAINS_F=21 -DMAX_HISTORY=25 -DNMM_NEST=0 -DWRF_CHEM -DBUILD_CHEM=1 -I. -traditional-cpp  mcstf1.F  > mcstf1.f90
gfortran -c -w -ffree-form -ffree-line-length-none -fconvert=big-endian -frecord-marker=4 -fallow-argument-mismatch -fallow-invalid-boz  dfft1i.f90
gfortran -c -w -ffree-form -ffree-line-length-none -fconvert=big-endian -frecord-marker=4 -fallow-argument-mismatch -fallow-invalid-boz  mcstf1.f90
rm -f -f dfft1i.f90
/lib/cpp -P -nostdinc -DEM_CORE=1 -DNMM_CORE=0 -DNMM_MAX_DIM=2600 -DDA_CORE=0 -DWRFPLUS=0 -DIWORDSIZE=4 -DDWORDSIZE=8 -DRWORDSIZE=4 -DLWORDSIZE=4 -DNONSTANDARD_SYSTEM_SUBR  -DWRF_USE_CLM  -DDM_PARALLEL -DNETCDF -DLANDREAD_STUB=1 -DUSE_ALLOCATABLES -Dwrfmodel -DGRIB1 -DINTIO -DKEEP_INT_AROUND -DLIMIT_ARGS -DBUILD_RRTMG_FAST=0 -DBUILD_RRTMK=0 -DBUILD_SBM_FAST=1 -DSHOW_ALL_VARS_USED=0 -DCONFIG_BUF_LEN=65536 -DMAX_DOMAINS_F=21 -DMAX_HISTORY=25 -DNMM_NEST=0 -DWRF_CHEM -DBUILD_CHEM=1 -I. -traditional-cpp  mrftf1.F  > mrftf1.f90
gfortran -c -w -ffree-form -ffree-line-length-none -fconvert=big-endian -frecord-marker=4 -fallow-argument-mismatch -fallow-invalid-boz  mrftf1.f90
rm -f -f mcstf1.f90
/lib/cpp -P -nostdinc -DEM_CORE=1 -DNMM_CORE=0 -DNMM_MAX_DIM=2600 -DDA_CORE=0 -DWRFPLUS=0 -DIWORDSIZE=4 -DDWORDSIZE=8 -DRWORDSIZE=4 -DLWORDSIZE=4 -DNONSTANDARD_SYSTEM_SUBR  -DWRF_USE_CLM  -DDM_PARALLEL -DNETCDF -DLANDREAD_STUB=1 -DUSE_ALLOCATABLES -Dwrfmodel -DGRIB1 -DINTIO -DKEEP_INT_AROUND -DLIMIT_ARGS -DBUILD_RRTMG_FAST=0 -DBUILD_RRTMK=0 -DBUILD_SBM_FAST=1 -DSHOW_ALL_VARS_USED=0 -DCONFIG_BUF_LEN=65536 -DMAX_DOMAINS_F=21 -DMAX_HISTORY=25 -DNMM_NEST=0 -DWRF_CHEM -DBUILD_CHEM=1 -I. -traditional-cpp  r1fgkb.F  > r1fgkb.f90
gfortran -c -w -ffree-form -ffree-line-length-none -fconvert=big-endian -frecord-marker=4 -fallow-argument-mismatch -fallow-invalid-boz  r1fgkb.f90
rm -f -f mrftf1.f90
/lib/cpp -P -nostdinc -DEM_CORE=1 -DNMM_CORE=0 -DNMM_MAX_DIM=2600 -DDA_CORE=0 -DWRFPLUS=0 -DIWORDSIZE=4 -DDWORDSIZE=8 -DRWORDSIZE=4 -DLWORDSIZE=4 -DNONSTANDARD_SYSTEM_SUBR  -DWRF_USE_CLM  -DDM_PARALLEL -DNETCDF -DLANDREAD_STUB=1 -DUSE_ALLOCATABLES -Dwrfmodel -DGRIB1 -DINTIO -DKEEP_INT_AROUND -DLIMIT_ARGS -DBUILD_RRTMG_FAST=0 -DBUILD_RRTMK=0 -DBUILD_SBM_FAST=1 -DSHOW_ALL_VARS_USED=0 -DCONFIG_BUF_LEN=65536 -DMAX_DOMAINS_F=21 -DMAX_HISTORY=25 -DNMM_NEST=0 -DWRF_CHEM -DBUILD_CHEM=1 -I. -traditional-cpp  rfft2f.F  > rfft2f.f90
gfortran -c -w -ffree-form -ffree-line-length-none -fconvert=big-endian -frecord-marker=4 -fallow-argument-mismatch -fallow-invalid-boz  rfft2f.f90
rm -f -f r1fgkb.f90
/lib/cpp -P -nostdinc -DEM_CORE=1 -DNMM_CORE=0 -DNMM_MAX_DIM=2600 -DDA_CORE=0 -DWRFPLUS=0 -DIWORDSIZE=4 -DDWORDSIZE=8 -DRWORDSIZE=4 -DLWORDSIZE=4 -DNONSTANDARD_SYSTEM_SUBR  -DWRF_USE_CLM  -DDM_PARALLEL -DNETCDF -DLANDREAD_STUB=1 -DUSE_ALLOCATABLES -Dwrfmodel -DGRIB1 -DINTIO -DKEEP_INT_AROUND -DLIMIT_ARGS -DBUILD_RRTMG_FAST=0 -DBUILD_RRTMK=0 -DBUILD_SBM_FAST=1 -DSHOW_ALL_VARS_USED=0 -DCONFIG_BUF_LEN=65536 -DMAX_DOMAINS_F=21 -DMAX_HISTORY=25 -DNMM_NEST=0 -DWRF_CHEM -DBUILD_CHEM=1 -I. -traditional-cpp  sinqmf.F  > sinqmf.f90
rm -f -f rfft2f.f90
/lib/cpp -P -nostdinc -DEM_CORE=1 -DNMM_CORE=0 -DNMM_MAX_DIM=2600 -DDA_CORE=0 -DWRFPLUS=0 -DIWORDSIZE=4 -DDWORDSIZE=8 -DRWORDSIZE=4 -DLWORDSIZE=4 -DNONSTANDARD_SYSTEM_SUBR  -DWRF_USE_CLM  -DDM_PARALLEL -DNETCDF -DLANDREAD_STUB=1 -DUSE_ALLOCATABLES -Dwrfmodel -DGRIB1 -DINTIO -DKEEP_INT_AROUND -DLIMIT_ARGS -DBUILD_RRTMG_FAST=0 -DBUILD_RRTMK=0 -DBUILD_SBM_FAST=1 -DSHOW_ALL_VARS_USED=0 -DCONFIG_BUF_LEN=65536 -DMAX_DOMAINS_F=21 -DMAX_HISTORY=25 -DNMM_NEST=0 -DWRF_CHEM -DBUILD_CHEM=1 -I. -traditional-cpp  z1f2kb.F  > z1f2kb.f90
gfortran -c -w -ffree-form -ffree-line-length-none -fconvert=big-endian -frecord-marker=4 -fallow-argument-mismatch -fallow-invalid-boz  sinqmf.f90
gfortran -c -w -ffree-form -ffree-line-length-none -fconvert=big-endian -frecord-marker=4 -fallow-argument-mismatch -fallow-invalid-boz  z1f2kb.f90
rm -f -f sinqmf.f90
/lib/cpp -P -nostdinc -DEM_CORE=1 -DNMM_CORE=0 -DNMM_MAX_DIM=2600 -DDA_CORE=0 -DWRFPLUS=0 -DIWORDSIZE=4 -DDWORDSIZE=8 -DRWORDSIZE=4 -DLWORDSIZE=4 -DNONSTANDARD_SYSTEM_SUBR  -DWRF_USE_CLM  -DDM_PARALLEL -DNETCDF -DLANDREAD_STUB=1 -DUSE_ALLOCATABLES -Dwrfmodel -DGRIB1 -DINTIO -DKEEP_INT_AROUND -DLIMIT_ARGS -DBUILD_RRTMG_FAST=0 -DBUILD_RRTMK=0 -DBUILD_SBM_FAST=1 -DSHOW_ALL_VARS_USED=0 -DCONFIG_BUF_LEN=65536 -DMAX_DOMAINS_F=21 -DMAX_HISTORY=25 -DNMM_NEST=0 -DWRF_CHEM -DBUILD_CHEM=1 -I. -traditional-cpp  zfft1b.F  > zfft1b.f90
rm -f -f z1f2kb.f90
/lib/cpp -P -nostdinc -DEM_CORE=1 -DNMM_CORE=0 -DNMM_MAX_DIM=2600 -DDA_CORE=0 -DWRFPLUS=0 -DIWORDSIZE=4 -DDWORDSIZE=8 -DRWORDSIZE=4 -DLWORDSIZE=4 -DNONSTANDARD_SYSTEM_SUBR  -DWRF_USE_CLM  -DDM_PARALLEL -DNETCDF -DLANDREAD_STUB=1 -DUSE_ALLOCATABLES -Dwrfmodel -DGRIB1 -DINTIO -DKEEP_INT_AROUND -DLIMIT_ARGS -DBUILD_RRTMG_FAST=0 -DBUILD_RRTMK=0 -DBUILD_SBM_FAST=1 -DSHOW_ALL_VARS_USED=0 -DCONFIG_BUF_LEN=65536 -DMAX_DOMAINS_F=21 -DMAX_HISTORY=25 -DNMM_NEST=0 -DWRF_CHEM -DBUILD_CHEM=1 -I. -traditional-cpp  zmf3kf.F  > zmf3kf.f90
gfortran -c -w -ffree-form -ffree-line-length-none -fconvert=big-endian -frecord-marker=4 -fallow-argument-mismatch -fallow-invalid-boz  zfft1b.f90
gfortran -c -w -ffree-form -ffree-line-length-none -fconvert=big-endian -frecord-marker=4 -fallow-argument-mismatch -fallow-invalid-boz  zmf3kf.f90
rm -f -f zfft1b.f90
rm -f -f zmf3kf.f90
ar ru libfftpack.a c1f2kb.o  cfft1b.o  cmf3kf.o  cosqb1.o  costmi.o   dcosq1f.o  dfftb1.o   mradb2.o  mrfti1.o  r1fgkf.o     rfft2i.o  sinqmi.o  z1f2kf.o  zfft1f.o  zmf4kb.o c1f2kf.o  cfft1f.o  cmf4kb.o  cosqf1.o  d1f2kb.o   dcosq1i.o  dfftf1.o   mradb3.o  msntb1.o  r4_factor.o  rfftb1.o  sint1b.o  z1f3kb.o  zfft1i.o  zmf4kf.o c1f3kb.o  cfft1i.o  cmf4kf.o  cosqmb.o  d1f2kf.o   dcosqb1.o  dffti1.o   mradb4.o  msntf1.o  r4_mcfti1.o  rfftf1.o  sint1f.o  z1f3kf.o  zfft2b.o  zmf5kb.o c1f3kf.o  cfft2b.o  cmf5kb.o  cosqmf.o  d1f3kb.o   dcosqf1.o  dsint1b.o  mradb5.o  r1f2kb.o  r4_tables.o  rffti1.o  sint1i.o  z1f4kb.o  zfft2f.o  zmf5kf.o c1f4kb.o  cfft2f.o  cmf5kf.o  cosqmi.o  d1f3kf.o   dcost1b.o  dsint1f.o  mradbg.o  r1f2kf.o  r8_factor.o  rfftmb.o  sintb1.o  z1f4kf.o  zfft2i.o  zmfgkb.o c1f4kf.o  cfft2i.o  cmfgkb.o  cost1b.o  d1f4kb.o   dcost1f.o  dsint1i.o  mradf2.o  r1f3kb.o  r8_mcfti1.o  rfftmf.o  sintf1.o  z1f5kb.o  zfftmb.o  zmfgkf.o c1f5kb.o  cfftmb.o  cmfgkf.o  cost1f.o  d1f4kf.o   dcost1i.o  dsintb1.o  mradf3.o  r1f3kf.o  r8_tables.o  rfftmi.o  sintmb.o  z1f5kf.o  zfftmf.o  zmfm1b.o c1f5kf.o  cfftmf.o  cmfm1b.o  cost1i.o  d1f5kb.o   dcostb1.o  dsintf1.o  mradf4.o  r1f4kb.o  rfft1b.o     sinq1b.o  sintmf.o  z1fgkb.o  zfftmi.o  zmfm1f.o c1fgkb.o  cfftmi.o  cmfm1f.o  costb1.o  d1f5kf.o   dcostf1.o  mcsqb1.o   mradf5.o  r1f4kf.o  rfft1f.o     sinq1f.o  sintmi.o  z1fgkf.o  zmf2kb.o c1fgkf.o  cmf2kb.o  cosq1b.o  costf1.o  d1fgkb.o   dfft1b.o   mcsqf1.o   mradfg.o  r1f5kb.o  rfft1i.o     sinq1i.o  xercon.o  z1fm1b.o  zmf2kf.o c1fm1b.o  cmf2kf.o  cosq1f.o  costmb.o  d1fgkf.o   dfft1f.o   mcstb1.o   mrftb1.o  r1f5kf.o  rfft2b.o     sinqmb.o  xerfft.o  z1fm1f.o  zmf3kb.o c1fm1f.o  cmf3kb.o  cosq1i.o  costmf.o  dcosq1b.o  dfft1i.o   mcstf1.o   mrftf1.o  r1fgkb.o  rfft2f.o     sinqmf.o  z1f2kb.o  zfft1b.o  zmf3kf.o 
ar: `u' modifier ignored since `D' is the default (see `U')
ar: creating libfftpack.a
ranlib libfftpack.a
make[3]: Leaving directory '/home/hnavarro/Desktop/WRF/BUILD_WRF/WRF/external/fftpack/fftpack5'
( cd /home/hnavarro/Desktop/WRF/BUILD_WRF/WRF/external/RSL_LITE ; make -j 2 CC="mpicc -cc=gcc -DFSEEKO64_OK  -w -O3 -c   -DDM_PARALLEL -DLANDREAD_STUB=1 -DMAX_HISTORY=25 -DNMM_CORE=0" \
          FC="time mpif90 -f90=gfortran -O2 -ftree-vectorize -funroll-loops -w -ffree-form -ffree-line-length-none -fconvert=big-endian -frecord-marker=4 -fallow-argument-mismatch -fallow-invalid-boz    -fconvert=big-endian -frecord-marker=4" \
          CPP="/lib/cpp -P -nostdinc -I. -DEM_CORE=1 -DNMM_CORE=0 -DNMM_MAX_DIM=2600 -DDA_CORE=0 -DWRFPLUS=0 -DIWORDSIZE=4 -DDWORDSIZE=8 -DRWORDSIZE=4 -DLWORDSIZE=4 -DNONSTANDARD_SYSTEM_SUBR  -DWRF_USE_CLM  -DDM_PARALLEL -DNETCDF -DLANDREAD_STUB=1 -DUSE_ALLOCATABLES -Dwrfmodel -DGRIB1 -DINTIO -DKEEP_INT_AROUND -DLIMIT_ARGS -DBUILD_RRTMG_FAST=0 -DBUILD_RRTMK=0 -DBUILD_SBM_FAST=1 -DSHOW_ALL_VARS_USED=0 -DCONFIG_BUF_LEN=65536 -DMAX_DOMAINS_F=21 -DMAX_HISTORY=25 -DNMM_NEST=0  -traditional-cpp" AR="ar" ARFLAGS="ru" ;\
          ranlib /home/hnavarro/Desktop/WRF/BUILD_WRF/WRF/external/RSL_LITE/librsl_lite.a )
make[3]: Entering directory '/home/hnavarro/Desktop/WRF/BUILD_WRF/WRF/external/RSL_LITE'
mpicc -cc=gcc -DFSEEKO64_OK  -w -O3 -c   -DDM_PARALLEL -DLANDREAD_STUB=1 -DMAX_HISTORY=25 -DNMM_CORE=0  -c c_code.c
mpicc -cc=gcc -DFSEEKO64_OK  -w -O3 -c   -DDM_PARALLEL -DLANDREAD_STUB=1 -DMAX_HISTORY=25 -DNMM_CORE=0  -c buf_for_proc.c
mpicc -cc=gcc -DFSEEKO64_OK  -w -O3 -c   -DDM_PARALLEL -DLANDREAD_STUB=1 -DMAX_HISTORY=25 -DNMM_CORE=0  -c rsl_malloc.c
mpicc -cc=gcc -DFSEEKO64_OK  -w -O3 -c   -DDM_PARALLEL -DLANDREAD_STUB=1 -DMAX_HISTORY=25 -DNMM_CORE=0  -c rsl_bcast.c
mpicc -cc=gcc -DFSEEKO64_OK  -w -O3 -c   -DDM_PARALLEL -DLANDREAD_STUB=1 -DMAX_HISTORY=25 -DNMM_CORE=0  -c task_for_point.c
mpicc -cc=gcc -DFSEEKO64_OK  -w -O3 -c   -DDM_PARALLEL -DLANDREAD_STUB=1 -DMAX_HISTORY=25 -DNMM_CORE=0  -c period.c
mpicc -cc=gcc -DFSEEKO64_OK  -w -O3 -c   -DDM_PARALLEL -DLANDREAD_STUB=1 -DMAX_HISTORY=25 -DNMM_CORE=0  -c swap.c
mpicc -cc=gcc -DFSEEKO64_OK  -w -O3 -c   -DDM_PARALLEL -DLANDREAD_STUB=1 -DMAX_HISTORY=25 -DNMM_CORE=0  -c cycle.c
/lib/cpp -P -nostdinc -I. -DEM_CORE=1 -DNMM_CORE=0 -DNMM_MAX_DIM=2600 -DDA_CORE=0 -DWRFPLUS=0 -DIWORDSIZE=4 -DDWORDSIZE=8 -DRWORDSIZE=4 -DLWORDSIZE=4 -DNONSTANDARD_SYSTEM_SUBR  -DWRF_USE_CLM  -DDM_PARALLEL -DNETCDF -DLANDREAD_STUB=1 -DUSE_ALLOCATABLES -Dwrfmodel -DGRIB1 -DINTIO -DKEEP_INT_AROUND -DLIMIT_ARGS -DBUILD_RRTMG_FAST=0 -DBUILD_RRTMK=0 -DBUILD_SBM_FAST=1 -DSHOW_ALL_VARS_USED=0 -DCONFIG_BUF_LEN=65536 -DMAX_DOMAINS_F=21 -DMAX_HISTORY=25 -DNMM_NEST=0  -traditional-cpp  f_pack.F90 > f_pack.f
time mpif90 -f90=gfortran -O2 -ftree-vectorize -funroll-loops -w -ffree-form -ffree-line-length-none -fconvert=big-endian -frecord-marker=4 -fallow-argument-mismatch -fallow-invalid-boz    -fconvert=big-endian -frecord-marker=4 -o f_pack.o  -c f_pack.f
0.33user 0.05system 0:00.38elapsed 98%CPU (0avgtext+0avgdata 39148maxresident)k
0inputs+344outputs (0major+10332minor)pagefaults 0swaps
/lib/cpp -P -nostdinc -I. -DEM_CORE=1 -DNMM_CORE=0 -DNMM_MAX_DIM=2600 -DDA_CORE=0 -DWRFPLUS=0 -DIWORDSIZE=4 -DDWORDSIZE=8 -DRWORDSIZE=4 -DLWORDSIZE=4 -DNONSTANDARD_SYSTEM_SUBR  -DWRF_USE_CLM  -DDM_PARALLEL -DNETCDF -DLANDREAD_STUB=1 -DUSE_ALLOCATABLES -Dwrfmodel -DGRIB1 -DINTIO -DKEEP_INT_AROUND -DLIMIT_ARGS -DBUILD_RRTMG_FAST=0 -DBUILD_RRTMK=0 -DBUILD_SBM_FAST=1 -DSHOW_ALL_VARS_USED=0 -DCONFIG_BUF_LEN=65536 -DMAX_DOMAINS_F=21 -DMAX_HISTORY=25 -DNMM_NEST=0  -traditional-cpp f_xpose.F90 > f_xpose.f
time mpif90 -f90=gfortran -O2 -ftree-vectorize -funroll-loops -w -ffree-form -ffree-line-length-none -fconvert=big-endian -frecord-marker=4 -fallow-argument-mismatch -fallow-invalid-boz    -fconvert=big-endian -frecord-marker=4 -o f_xpose.o  -c f_xpose.f
0.15user 0.03system 0:00.19elapsed 99%CPU (0avgtext+0avgdata 38392maxresident)k
0inputs+192outputs (0major+8589minor)pagefaults 0swaps
/bin/rm -f librsl_lite.a
ar cr librsl_lite.a c_code.o buf_for_proc.o rsl_malloc.o rsl_bcast.o task_for_point.o period.o swap.o cycle.o f_pack.o f_xpose.o
make[3]: Leaving directory '/home/hnavarro/Desktop/WRF/BUILD_WRF/WRF/external/RSL_LITE'
( if [ ! -e /home/hnavarro/Desktop/WRF/BUILD_WRF/WRF/tools/gen_comms.c ] ; then \
          /bin/cp /home/hnavarro/Desktop/WRF/BUILD_WRF/WRF/tools/gen_comms_warning /home/hnavarro/Desktop/WRF/BUILD_WRF/WRF/tools/gen_comms.c ; \
          cat /home/hnavarro/Desktop/WRF/BUILD_WRF/WRF/external/RSL_LITE/gen_comms.c >> /home/hnavarro/Desktop/WRF/BUILD_WRF/WRF/tools/gen_comms.c ; fi )
( if [ ! -e module_dm.F ] ; then /bin/cp module_dm_warning module_dm.F ; \
          cat /home/hnavarro/Desktop/WRF/BUILD_WRF/WRF/external/RSL_LITE/module_dm.F >> module_dm.F ; fi )
make[2]: Leaving directory '/home/hnavarro/Desktop/WRF/BUILD_WRF/WRF/frame'
make[1]: Leaving directory '/home/hnavarro/Desktop/WRF/BUILD_WRF/WRF'
make -i -r MODULE_DIRS="-I../dyn_em  -I/home/hnavarro/Desktop/WRF/BUILD_WRF/WRF/external/esmf_time_f90  -I/home/hnavarro/Desktop/WRF/BUILD_WRF/WRF/main -I/home/hnavarro/Desktop/WRF/BUILD_WRF/WRF/external/io_netcdf -I/home/hnavarro/Desktop/WRF/BUILD_WRF/WRF/external/io_int -I/home/hnavarro/Desktop/WRF/BUILD_WRF/WRF/frame -I/home/hnavarro/Desktop/WRF/BUILD_WRF/WRF/share -I/home/hnavarro/Desktop/WRF/BUILD_WRF/WRF/phys -I/home/hnavarro/Desktop/WRF/BUILD_WRF/WRF/wrftladj -I/home/hnavarro/Desktop/WRF/BUILD_WRF/WRF/chem -I/home/hnavarro/Desktop/WRF/BUILD_WRF/WRF/inc -I/home/hnavarro/Desktop/WRF/Install-WRF-Chem/LIBRARIES/netcdf/include " toolsdir
make[1]: Entering directory '/home/hnavarro/Desktop/WRF/BUILD_WRF/WRF'
--------------------------------------
if [ 0 -eq 0 ] ; then \
  ( cd tools ; make -i -r CC_TOOLS_CFLAGS="-DNMM_CORE=0" CC_TOOLS="gcc  -DIWORDSIZE=4 -DMAX_HISTORY=25" ) ; \
else \
  ( cd tools ; make -i -r CC_TOOLS_CFLAGS="-DNMM_CORE=0" CC_TOOLS="gcc  -DIWORDSIZE=4 -DMAX_HISTORY=25 -DWRFPLUS=1" ) ; \
fi
make[2]: Entering directory '/home/hnavarro/Desktop/WRF/BUILD_WRF/WRF/tools'
gcc  -DIWORDSIZE=4 -DMAX_HISTORY=25 -DNMM_CORE=0  -c -O0 -g  registry.c
registry.c: In function ‘main’:
registry.c:160:29: warning: ‘/Registry_irr_diag’ directive writing 18 bytes into a region of size between 1 and 512 [-Wformat-overflow=]
  160 |       sprintf( fname_wrk,"%s/Registry_irr_diag",dir ) ;
      |                             ^~~~~~~~~~~~~~~~~~
registry.c:160:7: note: ‘sprintf’ output between 19 and 530 bytes into a destination of size 512
  160 |       sprintf( fname_wrk,"%s/Registry_irr_diag",dir ) ;
      |       ^~~~~~~~~~~~~~~~~~~~~~~~~~~~~~~~~~~~~~~~~~~~~~~
registry.c:163:30: warning: ‘%s’ directive writing up to 511 bytes into a region of size 504 [-Wformat-overflow=]
  163 |     sprintf(command,"/bin/cp %s %s\n",fname_in,fname_wrk);
      |                              ^~       ~~~~~~~~
registry.c:163:5: note: ‘sprintf’ output between 11 and 1033 bytes into a destination of size 512
  163 |     sprintf(command,"/bin/cp %s %s\n",fname_in,fname_wrk);
      |     ^~~~~~~~~~~~~~~~~~~~~~~~~~~~~~~~~~~~~~~~~~~~~~~~~~~~~
registry.c:285:34: warning: ‘%s’ directive writing up to 511 bytes into a region of size 501 [-Wformat-overflow=]
  285 |      sprintf(command,"/bin/rm -f %s\n",fname_wrk );
      |                                  ^~    ~~~~~~~~~
registry.c:285:6: note: ‘sprintf’ output between 13 and 524 bytes into a destination of size 512
  285 |      sprintf(command,"/bin/rm -f %s\n",fname_wrk );
      |      ^~~~~~~~~~~~~~~~~~~~~~~~~~~~~~~~~~~~~~~~~~~~~
registry.c:288:32: warning: ‘%s’ directive writing up to 511 bytes into a region of size 501 [-Wformat-overflow=]
  288 |    sprintf(command,"/bin/rm -f %s\n",fname_tmp );
      |                                ^~    ~~~~~~~~~
registry.c:288:4: note: ‘sprintf’ output between 13 and 524 bytes into a destination of size 512
  288 |    sprintf(command,"/bin/rm -f %s\n",fname_tmp );
      |    ^~~~~~~~~~~~~~~~~~~~~~~~~~~~~~~~~~~~~~~~~~~~~
gcc  -DIWORDSIZE=4 -DMAX_HISTORY=25 -DNMM_CORE=0  -c -O0 -g  my_strtok.c
gcc  -DIWORDSIZE=4 -DMAX_HISTORY=25 -DNMM_CORE=0  -c -O0 -g  reg_parse.c
gcc  -DIWORDSIZE=4 -DMAX_HISTORY=25 -DNMM_CORE=0  -c -O0 -g  data.c
gcc  -DIWORDSIZE=4 -DMAX_HISTORY=25 -DNMM_CORE=0  -c -O0 -g  type.c
gcc  -DIWORDSIZE=4 -DMAX_HISTORY=25 -DNMM_CORE=0  -c -O0 -g  misc.c
misc.c: In function ‘dimension_with_ones’:
misc.c:61:29: warning: ‘%s’ directive writing up to 511 bytes into a region of size 508 [-Wformat-overflow=]
   61 |       sprintf( four_d, "num_%s,", s  ) ;
      |                             ^~    ~
misc.c:61:7: note: ‘sprintf’ output between 6 and 517 bytes into a destination of size 512
   61 |       sprintf( four_d, "num_%s,", s  ) ;
      |       ^~~~~~~~~~~~~~~~~~~~~~~~~~~~~~~~
misc.c:67:26: warning: ‘%s’ directive writing up to 511 bytes into a region of size 506 [-Wformat-overflow=]
   67 |       sprintf( r, "1,1,1,%s", four_d ) ;  /* boundary array for 4d tracer array */
      |                          ^~   ~~~~~~
misc.c:67:7: note: ‘sprintf’ output between 7 and 518 bytes into a destination of size 512
   67 |       sprintf( r, "1,1,1,%s", four_d ) ;  /* boundary array for 4d tracer array */
      |       ^~~~~~~~~~~~~~~~~~~~~~~~~~~~~~~~
misc.c: In function ‘dimension_with_ranges’:
misc.c:149:21: warning: ‘spec_bdy_width,’ directive writing 15 bytes into a region of size between 1 and 512 [-Wformat-overflow=]
  149 |       sprintf(tx,"%sspec_bdy_width,",r ) ;
      |                     ^~~~~~~~~~~~~~~
misc.c:149:7: note: ‘sprintf’ output between 16 and 527 bytes into a destination of size 512
  149 |       sprintf(tx,"%sspec_bdy_width,",r ) ;
      |       ^~~~~~~~~~~~~~~~~~~~~~~~~~~~~~~~~~
misc.c:124:31: warning: ‘%s’ directive writing up to 511 bytes into a region of size 508 [-Wformat-overflow=]
  124 |         sprintf( four_d, "num_%s,", s  ) ;
      |                               ^~    ~
misc.c:124:9: note: ‘sprintf’ output between 6 and 517 bytes into a destination of size 512
  124 |         sprintf( four_d, "num_%s,", s  ) ;
      |         ^~~~~~~~~~~~~~~~~~~~~~~~~~~~~~~~
misc.c:143:27: warning: ‘%s’ directive writing up to 511 bytes into a region of size 508 [-Wformat-overflow=]
  143 |           sprintf(tx,"max(%sed3%d,%sed3%d),1,%sspec_bdy_width,4,%s", r,xdex,r,ydex,r,four_d ) ;
      |                           ^~                                         ~
misc.c:143:11: note: ‘sprintf’ output between 35 and 2099 bytes into a destination of size 512
  143 |           sprintf(tx,"max(%sed3%d,%sed3%d),1,%sspec_bdy_width,4,%s", r,xdex,r,ydex,r,four_d ) ;
      |           ^~~~~~~~~~~~~~~~~~~~~~~~~~~~~~~~~~~~~~~~~~~~~~~~~~~~~~~~~~~~~~~~~~~~~~~~~~~~~~~~~~~
misc.c:141:27: warning: ‘%s’ directive writing up to 511 bytes into a region of size 508 [-Wformat-overflow=]
  141 |           sprintf(tx,"max(%sed3%d,%sed3%d),%ssd3%d:%sed3%d,%sspec_bdy_width,4,%s", r,xdex,r,ydex,r,zdex,r,zdex,r,four_d ) ;
      |                           ^~                                                       ~
misc.c:141:11: note: ‘sprintf’ output between 43 and 3149 bytes into a destination of size 512
  141 |           sprintf(tx,"max(%sed3%d,%sed3%d),%ssd3%d:%sed3%d,%sspec_bdy_width,4,%s", r,xdex,r,ydex,r,zdex,r,zdex,r,four_d ) ;
      |           ^~~~~~~~~~~~~~~~~~~~~~~~~~~~~~~~~~~~~~~~~~~~~~~~~~~~~~~~~~~~~~~~~~~~~~~~~~~~~~~~~~~~~~~~~~~~~~~~~~~~~~~~~~~~~~~
misc.c:136:25: warning: ‘sm3’ directive writing 3 bytes into a region of size between 1 and 512 [-Wformat-overflow=]
  136 |           sprintf(tx,"%ssm3%d:%sem3%d,1,%sspec_bdy_width,%s", r,bdex,r,bdex,r,four_d ) ;
      |                         ^~~
misc.c:136:11: note: ‘sprintf’ output between 28 and 2092 bytes into a destination of size 512
  136 |           sprintf(tx,"%ssm3%d:%sem3%d,1,%sspec_bdy_width,%s", r,bdex,r,bdex,r,four_d ) ;
      |           ^~~~~~~~~~~~~~~~~~~~~~~~~~~~~~~~~~~~~~~~~~~~~~~~~~~~~~~~~~~~~~~~~~~~~~~~~~~~
misc.c:134:25: warning: ‘sm3’ directive writing 3 bytes into a region of size between 1 and 512 [-Wformat-overflow=]
  134 |           sprintf(tx,"%ssm3%d:%sem3%d,%ssm3%d:%sem3%d,%sspec_bdy_width,%s", r,bdex,r,bdex,r,zdex,r,zdex,r,four_d ) ;
      |                         ^~~
misc.c:134:11: note: ‘sprintf’ output between 36 and 3142 bytes into a destination of size 512
  134 |           sprintf(tx,"%ssm3%d:%sem3%d,%ssm3%d:%sem3%d,%sspec_bdy_width,%s", r,bdex,r,bdex,r,zdex,r,zdex,r,four_d ) ;
      |           ^~~~~~~~~~~~~~~~~~~~~~~~~~~~~~~~~~~~~~~~~~~~~~~~~~~~~~~~~~~~~~~~~~~~~~~~~~~~~~~~~~~~~~~~~~~~~~~~~~~~~~~~
misc.c: In function ‘array_size_expression’:
misc.c:620:21: warning: ‘spec_bdy_width,’ directive writing 15 bytes into a region of size between 1 and 512 [-Wformat-overflow=]
  620 |       sprintf(tx,"%sspec_bdy_width,",r ) ;
      |                     ^~~~~~~~~~~~~~~
misc.c:620:7: note: ‘sprintf’ output between 16 and 527 bytes into a destination of size 512
  620 |       sprintf(tx,"%sspec_bdy_width,",r ) ;
      |       ^~~~~~~~~~~~~~~~~~~~~~~~~~~~~~~~~~
misc.c:594:32: warning: ‘%s’ directive writing up to 511 bytes into a region of size 507 [-Wformat-overflow=]
  594 |         sprintf( four_d, "*num_%s,", s  ) ;
      |                                ^~    ~
misc.c:594:9: note: ‘sprintf’ output between 7 and 518 bytes into a destination of size 512
  594 |         sprintf( four_d, "*num_%s,", s  ) ;
      |         ^~~~~~~~~~~~~~~~~~~~~~~~~~~~~~~~~
misc.c:613:27: warning: ‘%s’ directive writing up to 511 bytes into a region of size 508 [-Wformat-overflow=]
  613 |           sprintf(tx,"max(%sed3%d,%sed3%d)*%sspec_bdy_width*4*%s", r,xdex,r,ydex,r,four_d ) ;
      |                           ^~                                       ~
misc.c:613:11: note: ‘sprintf’ output between 33 and 2097 bytes into a destination of size 512
  613 |           sprintf(tx,"max(%sed3%d,%sed3%d)*%sspec_bdy_width*4*%s", r,xdex,r,ydex,r,four_d ) ;
      |           ^~~~~~~~~~~~~~~~~~~~~~~~~~~~~~~~~~~~~~~~~~~~~~~~~~~~~~~~~~~~~~~~~~~~~~~~~~~~~~~~~
misc.c:611:27: warning: ‘%s’ directive writing up to 511 bytes into a region of size 508 [-Wformat-overflow=]
  611 |           sprintf(tx,"max(%sed3%d,%sed3%d)*(%sed3%d-%ssd3%d+1)*%sspec_bdy_width*4*%s", r,xdex,r,ydex,r,zdex,r,zdex,r,four_d ) ;
      |                           ^~                                                           ~
misc.c:611:11: note: ‘sprintf’ output between 47 and 3153 bytes into a destination of size 512
  611 |           sprintf(tx,"max(%sed3%d,%sed3%d)*(%sed3%d-%ssd3%d+1)*%sspec_bdy_width*4*%s", r,xdex,r,ydex,r,zdex,r,zdex,r,four_d ) ;
      |           ^~~~~~~~~~~~~~~~~~~~~~~~~~~~~~~~~~~~~~~~~~~~~~~~~~~~~~~~~~~~~~~~~~~~~~~~~~~~~~~~~~~~~~~~~~~~~~~~~~~~~~~~~~~~~~~~~~~
misc.c:606:26: warning: ‘em3’ directive writing 3 bytes into a region of size between 0 and 511 [-Wformat-overflow=]
  606 |           sprintf(tx,"(%sem3%d-%ssm3%d+1)*(%sspec_bdy_width)%s", r,bdex,r,bdex,r,four_d ) ;
      |                          ^~~
misc.c:606:11: note: ‘sprintf’ output between 31 and 2095 bytes into a destination of size 512
  606 |           sprintf(tx,"(%sem3%d-%ssm3%d+1)*(%sspec_bdy_width)%s", r,bdex,r,bdex,r,four_d ) ;
      |           ^~~~~~~~~~~~~~~~~~~~~~~~~~~~~~~~~~~~~~~~~~~~~~~~~~~~~~~~~~~~~~~~~~~~~~~~~~~~~~~
misc.c:604:26: warning: ‘em3’ directive writing 3 bytes into a region of size between 0 and 511 [-Wformat-overflow=]
  604 |           sprintf(tx,"(%sem3%d-%ssm3%d+1)*(%sem3%d-%ssm3%d+1)*(%sspec_bdy_width)%s", r,bdex,r,bdex,r,zdex,r,zdex,r,four_d ) ;
      |                          ^~~
misc.c:604:11: note: ‘sprintf’ output between 45 and 3151 bytes into a destination of size 512
  604 |           sprintf(tx,"(%sem3%d-%ssm3%d+1)*(%sem3%d-%ssm3%d+1)*(%sspec_bdy_width)%s", r,bdex,r,bdex,r,zdex,r,zdex,r,four_d ) ;
      |           ^~~~~~~~~~~~~~~~~~~~~~~~~~~~~~~~~~~~~~~~~~~~~~~~~~~~~~~~~~~~~~~~~~~~~~~~~~~~~~~~~~~~~~~~~~~~~~~~~~~~~~~~~~~~~~~~~
gcc  -DIWORDSIZE=4 -DMAX_HISTORY=25 -DNMM_CORE=0  -c -O0 -g  gen_defs.c
gen_defs.c: In function ‘gen_i1_decls’:
gen_defs.c:110:26: warning: ‘_tend’ directive writing 5 bytes into a region of size between 1 and 512 [-Wformat-overflow=]
  110 |         sprintf(fname,"%s_tend",p->name) ;
      |                          ^~~~~
gen_defs.c:110:9: note: ‘sprintf’ output between 6 and 517 bytes into a destination of size 512
  110 |         sprintf(fname,"%s_tend",p->name) ;
      |         ^~~~~~~~~~~~~~~~~~~~~~~~~~~~~~~~
gen_defs.c:111:28: warning: ‘%s’ directive writing up to 511 bytes into a region of size 507 [-Wformat-overflow=]
  111 |         sprintf(post,",num_%s)",p->name) ;
      |                            ^~
gen_defs.c:111:9: note: ‘sprintf’ output between 7 and 518 bytes into a destination of size 512
  111 |         sprintf(post,",num_%s)",p->name) ;
      |         ^~~~~~~~~~~~~~~~~~~~~~~~~~~~~~~~
gen_defs.c:119:26: warning: ‘_old’ directive writing 4 bytes into a region of size between 1 and 512 [-Wformat-overflow=]
  119 |         sprintf(fname,"%s_old",p->name) ;
      |                          ^~~~
gen_defs.c:119:9: note: ‘sprintf’ output between 5 and 516 bytes into a destination of size 512
  119 |         sprintf(fname,"%s_old",p->name) ;
      |         ^~~~~~~~~~~~~~~~~~~~~~~~~~~~~~~
gen_defs.c:120:28: warning: ‘%s’ directive writing up to 511 bytes into a region of size 507 [-Wformat-overflow=]
  120 |         sprintf(post,",num_%s)",p->name) ;
      |                            ^~
gen_defs.c:120:9: note: ‘sprintf’ output between 7 and 518 bytes into a destination of size 512
  120 |         sprintf(post,",num_%s)",p->name) ;
      |         ^~~~~~~~~~~~~~~~~~~~~~~~~~~~~~~~
gcc  -DIWORDSIZE=4 -DMAX_HISTORY=25 -DNMM_CORE=0  -c -O0 -g  gen_allocs.c
gen_allocs.c: In function ‘gen_alloc1’:
gen_allocs.c:62:52: warning: format ‘%d’ expects argument of type ‘int’, but argument 4 has type ‘char *’ [-Wformat=]
   62 |     else                       { sprintf(fname,"%s%d.F",dirname,filename_prefix,idx ) ; }
      |                                                   ~^            ~~~~~~~~~~~~~~~
      |                                                    |            |
      |                                                    int          char *
      |                                                   %s
gen_allocs.c:62:48: warning: too many arguments for format [-Wformat-extra-args]
   62 |     else                       { sprintf(fname,"%s%d.F",dirname,filename_prefix,idx ) ; }
      |                                                ^~~~~~~~
gen_allocs.c: In function ‘gen_dealloc1’:
gen_allocs.c:843:52: warning: format ‘%d’ expects argument of type ‘int’, but argument 4 has type ‘char *’ [-Wformat=]
  843 |     else                       { sprintf(fname,"%s%d.F",dirname,filename_prefix,idx ) ; }
      |                                                   ~^            ~~~~~~~~~~~~~~~
      |                                                    |            |
      |                                                    int          char *
      |                                                   %s
gen_allocs.c:843:48: warning: too many arguments for format [-Wformat-extra-args]
  843 |     else                       { sprintf(fname,"%s%d.F",dirname,filename_prefix,idx ) ; }
      |                                                ^~~~~~~~
gen_allocs.c: In function ‘gen_alloc2’:
gen_allocs.c:357:35: warning: ‘%s’ directive writing up to 511 bytes into a region of size 122 [-Wformat-overflow=]
  357 |      sprintf(dname_symbol, "DNAME_%s", dname_tmp ) ;
      |                                   ^~   ~~~~~~~~~
gen_allocs.c:357:6: note: ‘sprintf’ output between 7 and 518 bytes into a destination of size 128
  357 |      sprintf(dname_symbol, "DNAME_%s", dname_tmp ) ;
      |      ^~~~~~~~~~~~~~~~~~~~~~~~~~~~~~~~~~~~~~~~~~~~~
gen_allocs.c:377:47: warning: ‘%d’ directive writing between 1 and 11 bytes into a region of size between 0 and 511 [-Wformat-overflow=]
  377 |           if ( p->ntl > 1 ) sprintf(dname,"%s_%d",dname_tmp,tag) ;
      |                                               ^~
gen_allocs.c:377:29: note: ‘sprintf’ output between 3 and 524 bytes into a destination of size 512
  377 |           if ( p->ntl > 1 ) sprintf(dname,"%s_%d",dname_tmp,tag) ;
      |                             ^~~~~~~~~~~~~~~~~~~~~~~~~~~~~~~~~~~~
gen_allocs.c:409:47: warning: ‘%d’ directive writing between 1 and 11 bytes into a region of size between 0 and 511 [-Wformat-overflow=]
  409 |           if ( p->ntl > 1 ) sprintf(dname,"%s_%d",dname_tmp,tag) ;
      |                                               ^~
gen_allocs.c:409:29: note: ‘sprintf’ output between 3 and 524 bytes into a destination of size 512
  409 |           if ( p->ntl > 1 ) sprintf(dname,"%s_%d",dname_tmp,tag) ;
      |                             ^~~~~~~~~~~~~~~~~~~~~~~~~~~~~~~~~~~~
gen_allocs.c:560:50: warning: ‘%d’ directive writing between 1 and 11 bytes into a region of size between 0 and 511 [-Wformat-overflow=]
  560 |              if ( p->ntl > 1 ) sprintf(dname,"%s_%d",dname_tmp,tag) ;
      |                                                  ^~
gen_allocs.c:560:32: note: ‘sprintf’ output between 3 and 524 bytes into a destination of size 512
  560 |              if ( p->ntl > 1 ) sprintf(dname,"%s_%d",dname_tmp,tag) ;
      |                                ^~~~~~~~~~~~~~~~~~~~~~~~~~~~~~~~~~~~
gen_allocs.c:721:26: warning: ‘sprintf’ may write a terminating nul past the end of the destination [-Wformat-overflow=]
  721 |         sprintf(x,"%s%s%%",structname,p->name ) ;
      |                          ^
gen_allocs.c:721:9: note: ‘sprintf’ output 2 or more bytes (assuming 513) into a destination of size 512
  721 |         sprintf(x,"%s%s%%",structname,p->name ) ;
      |         ^~~~~~~~~~~~~~~~~~~~~~~~~~~~~~~~~~~~~~~
gen_allocs.c:722:25: warning: ‘sprintf’ may write a terminating nul past the end of the destination [-Wformat-overflow=]
  722 |         sprintf(x2,"%s%%",p->name ) ;
      |                         ^
gen_allocs.c:722:9: note: ‘sprintf’ output between 2 and 513 bytes into a destination of size 512
  722 |         sprintf(x2,"%s%%",p->name ) ;
      |         ^~~~~~~~~~~~~~~~~~~~~~~~~~~
gen_allocs.c: In function ‘gen_dealloc2’:
gen_allocs.c:982:26: warning: ‘sprintf’ may write a terminating nul past the end of the destination [-Wformat-overflow=]
  982 |         sprintf(x,"%s%s%%",structname,p->name ) ;
      |                          ^
gen_allocs.c:982:9: note: ‘sprintf’ output 2 or more bytes (assuming 513) into a destination of size 512
  982 |         sprintf(x,"%s%s%%",structname,p->name ) ;
      |         ^~~~~~~~~~~~~~~~~~~~~~~~~~~~~~~~~~~~~~~
gcc  -DIWORDSIZE=4 -DMAX_HISTORY=25 -DNMM_CORE=0  -c -O0 -g  gen_mod_state_descr.c
gcc  -DIWORDSIZE=4 -DMAX_HISTORY=25 -DNMM_CORE=0  -c -O0 -g  gen_scalar_indices.c
gen_scalar_indices.c: In function ‘gen_scalar_indices’:
gen_scalar_indices.c:40:55: warning: ‘sprintf’ may write a terminating nul past the end of the destination [-Wformat-overflow=]
   40 |     if ( strlen(dirname) > 0 ) { sprintf(fname5,"%s/%s",dirname,fn5[i]) ; }
      |                                                       ^
gen_scalar_indices.c:40:34: note: ‘sprintf’ output 2 or more bytes (assuming 513) into a destination of size 512
   40 |     if ( strlen(dirname) > 0 ) { sprintf(fname5,"%s/%s",dirname,fn5[i]) ; }
      |                                  ^~~~~~~~~~~~~~~~~~~~~~~~~~~~~~~~~~~~~~
gen_scalar_indices.c: In function ‘gen_scalar_indices1’:
gen_scalar_indices.c:178:38: warning: ‘%s’ directive writing up to 124999 bytes into a region of size 512 [-Wformat-overflow=]
  178 |                   sprintf(fourd_bnd,"%s_b",assoc_4d) ;
      |                                      ^~    ~~~~~~~~
gen_scalar_indices.c:178:19: note: ‘sprintf’ output between 3 and 125002 bytes into a destination of size 512
  178 |                   sprintf(fourd_bnd,"%s_b",assoc_4d) ;
      |                   ^~~~~~~~~~~~~~~~~~~~~~~~~~~~~~~~~~
gen_scalar_indices.c:207:37: warning: ‘_tend’ directive writing 5 bytes into a region of size between 1 and 512 [-Wformat-overflow=]
  207 |                     sprintf(tmp1,"%s_tend",p->name) ;
      |                                     ^~~~~
gen_scalar_indices.c:207:21: note: ‘sprintf’ output between 6 and 517 bytes into a destination of size 512
  207 |                     sprintf(tmp1,"%s_tend",p->name) ;
      |                     ^~~~~~~~~~~~~~~~~~~~~~~~~~~~~~~
gen_scalar_indices.c:208:37: warning: ‘_old’ directive writing 4 bytes into a region of size between 1 and 512 [-Wformat-overflow=]
  208 |                     sprintf(tmp2,"%s_old",p->name) ;
      |                                     ^~~~
gen_scalar_indices.c:208:21: note: ‘sprintf’ output between 5 and 516 bytes into a destination of size 512
  208 |                     sprintf(tmp2,"%s_old",p->name) ;
      |                     ^~~~~~~~~~~~~~~~~~~~~~~~~~~~~~
gcc  -DIWORDSIZE=4 -DMAX_HISTORY=25 -DNMM_CORE=0  -c -O0 -g  gen_args.c
gen_args.c: In function ‘gen_args1’:
gen_args.c:156:28: warning: ‘sprintf’ may write a terminating nul past the end of the destination [-Wformat-overflow=]
  156 |           sprintf(x,"%s%s%%",structname,p->name ) ;
      |                            ^
gen_args.c:156:11: note: ‘sprintf’ output 2 or more bytes (assuming 513) into a destination of size 512
  156 |           sprintf(x,"%s%s%%",structname,p->name ) ;
      |           ^~~~~~~~~~~~~~~~~~~~~~~~~~~~~~~~~~~~~~~
gcc  -DIWORDSIZE=4 -DMAX_HISTORY=25 -DNMM_CORE=0  -c -O0 -g  gen_config.c
gen_config.c: In function ‘gen_namelist_defines’:
gen_config.c:23:52: warning: ‘sprintf’ may write a terminating nul past the end of the destination [-Wformat-overflow=]
   23 |   if ( strlen(dirname) > 0 ) { sprintf(fname,"%s/%s",dirname,fn) ; }
      |                                                    ^
gen_config.c:23:32: note: ‘sprintf’ output 2 or more bytes (assuming 513) into a destination of size 512
   23 |   if ( strlen(dirname) > 0 ) { sprintf(fname,"%s/%s",dirname,fn) ; }
      |                                ^~~~~~~~~~~~~~~~~~~~~~~~~~~~~~~~~
gcc  -DIWORDSIZE=4 -DMAX_HISTORY=25 -DNMM_CORE=0  -c -O0 -g  sym.c
gcc  -DIWORDSIZE=4 -DMAX_HISTORY=25 -DNMM_CORE=0  -c -O0 -g  symtab_gen.c
gcc  -DIWORDSIZE=4 -DMAX_HISTORY=25 -DNMM_CORE=0  -c -O0 -g  gen_irr_diag.c
gen_irr_diag.c: In function ‘AppendReg’:
gen_irr_diag.c:52:47: warning: ‘%s’ directive writing up to 255 bytes into a region of size 236 [-Wformat-overflow=]
   52 |    slen = sprintf( path, "chem/KPP/mechanisms/%s/%s.eqn",fname,fname );
      |                                               ^~         ~~~~~
gen_irr_diag.c:52:11: note: ‘sprintf’ output between 26 and 536 bytes into a destination of size 256
   52 |    slen = sprintf( path, "chem/KPP/mechanisms/%s/%s.eqn",fname,fname );
      |           ^~~~~~~~~~~~~~~~~~~~~~~~~~~~~~~~~~~~~~~~~~~~~~~~~~~~~~~~~~~~
gen_irr_diag.c: In function ‘irr_diag_scalar_indices’:
gen_irr_diag.c:281:45: warning: ‘%s’ directive writing up to 127 bytes into a region of size between 92 and 112 [-Wformat-overflow=]
  281 |        sprintf( line,"     rxtsym(%d,%d) = '%s'\n",j+1,i+1,rxt_tbl[i][j]);
      |                                             ^~
gen_irr_diag.c:281:8: note: ‘sprintf’ output between 23 and 170 bytes into a destination of size 132
  281 |        sprintf( line,"     rxtsym(%d,%d) = '%s'\n",j+1,i+1,rxt_tbl[i][j]);
      |        ^~~~~~~~~~~~~~~~~~~~~~~~~~~~~~~~~~~~~~~~~~~~~~~~~~~~~~~~~~~~~~~~~~
gen_irr_diag.c:272:28: warning: ‘_kpp’ directive writing 4 bytes into a region of size between 3 and 130 [-Wformat-overflow=]
  272 |        sprintf( piece," ,%s_kpp",chm_scheme[i]);
      |                            ^~~~
gen_irr_diag.c:272:8: note: ‘sprintf’ output between 7 and 134 bytes into a destination of size 132
  272 |        sprintf( piece," ,%s_kpp",chm_scheme[i]);
      |        ^~~~~~~~~~~~~~~~~~~~~~~~~~~~~~~~~~~~~~~~
gen_irr_diag.c:262:44: warning: ‘%s’ directive writing up to 127 bytes into a region of size between 100 and 110 [-Wformat-overflow=]
  262 |      sprintf( line,"  chm_opts_name(%d) = '%s'\n",i+1,chm_scheme[i]);
      |                                            ^~
gen_irr_diag.c:262:6: note: ‘sprintf’ output between 25 and 162 bytes into a destination of size 132
  262 |      sprintf( line,"  chm_opts_name(%d) = '%s'\n",i+1,chm_scheme[i]);
      |      ^~~~~~~~~~~~~~~~~~~~~~~~~~~~~~~~~~~~~~~~~~~~~~~~~~~~~~~~~~~~~~~
gcc  -DIWORDSIZE=4 -DMAX_HISTORY=25 -DNMM_CORE=0  -c -O0 -g  gen_model_data_ord.c
gcc  -DIWORDSIZE=4 -DMAX_HISTORY=25 -DNMM_CORE=0  -c -O0 -g  gen_interp.c
gen_interp.c: In function ‘gen_nest_interp’:
gen_interp.c:133:18: warning: zero-length gnu_printf format string [-Wformat-zero-length]
  133 | sprintf(halo_use,"") ;
      |                  ^~
gen_interp.c: In function ‘gen_nest_interp1’:
gen_interp.c:203:41: warning: zero-length gnu_printf format string [-Wformat-zero-length]
  203 |         else              { sprintf(tag,"")   ; sprintf(tag2,"")                         ; }
      |                                         ^~
gen_interp.c:203:62: warning: zero-length gnu_printf format string [-Wformat-zero-length]
  203 |         else              { sprintf(tag,"")   ; sprintf(tag2,"")                         ; }
      |                                                              ^~
gen_interp.c: In function ‘gen_nest_interp2’:
gen_interp.c:553:45: warning: zero-length gnu_printf format string [-Wformat-zero-length]
  553 |             else              { sprintf(tag,"")   ; sprintf(tag2,"")                         ; }
      |                                             ^~
gen_interp.c:553:66: warning: zero-length gnu_printf format string [-Wformat-zero-length]
  553 |             else              { sprintf(tag,"")   ; sprintf(tag2,"")                         ; }
      |                                                                  ^~
gen_interp.c: In function ‘gen_nest_interp1’:
gen_interp.c:233:28: warning: ‘%s’ directive writing up to 511 bytes into a region of size between 1 and 512 [-Wformat-overflow=]
  233 |           sprintf(vname,"%s%s",p->name,tag) ;
      |                            ^~          ~~~
gen_interp.c:233:11: note: ‘sprintf’ output between 1 and 1023 bytes into a destination of size 512
  233 |           sprintf(vname,"%s%s",p->name,tag) ;
      |           ^~~~~~~~~~~~~~~~~~~~~~~~~~~~~~~~~
gen_interp.c:239:29: warning: ‘%s’ directive writing up to 511 bytes into a region of size between 1 and 512 [-Wformat-overflow=]
  239 |           sprintf(vname2,"%s%s",p->name,tag2) ;
      |                             ^~          ~~~~
gen_interp.c:239:11: note: ‘sprintf’ output between 1 and 1023 bytes into a destination of size 512
  239 |           sprintf(vname2,"%s%s",p->name,tag2) ;
      |           ^~~~~~~~~~~~~~~~~~~~~~~~~~~~~~~~~~~
gen_interp.c:208:15: warning: ‘%s’ directive writing up to 511 bytes into a region of size between 1 and 512 [-Wformat-overflow=]
  208 | sprintf(x, "%s%s", p->name, tag ) ;
      |               ^~            ~~~
gen_interp.c:208:1: note: ‘sprintf’ output between 1 and 1023 bytes into a destination of size 512
  208 | sprintf(x, "%s%s", p->name, tag ) ;
      | ^~~~~~~~~~~~~~~~~~~~~~~~~~~~~~~~~
gen_interp.c:221:28: warning: ‘%s’ directive writing up to 511 bytes into a region of size between 1 and 512 [-Wformat-overflow=]
  221 |           sprintf(vname,"%s%s(%s%sitrace)",p->name,tag,dexes,moredims) ;
      |                            ^~                      ~~~
gen_interp.c:221:11: note: ‘sprintf’ output between 9 and 1621 bytes into a destination of size 512
  221 |           sprintf(vname,"%s%s(%s%sitrace)",p->name,tag,dexes,moredims) ;
      |           ^~~~~~~~~~~~~~~~~~~~~~~~~~~~~~~~~~~~~~~~~~~~~~~~~~~~~~~~~~~~
gen_interp.c:223:29: warning: ‘%s’ directive writing up to 511 bytes into a region of size between 1 and 512 [-Wformat-overflow=]
  223 |           sprintf(vname2,"%s%s(%s%sitrace)",p->name,tag2,ndexes,moredims) ;
      |                             ^~                      ~~~~
gen_interp.c:223:11: note: ‘sprintf’ output between 9 and 1621 bytes into a destination of size 512
  223 |           sprintf(vname2,"%s%s(%s%sitrace)",p->name,tag2,ndexes,moredims) ;
      |           ^~~~~~~~~~~~~~~~~~~~~~~~~~~~~~~~~~~~~~~~~~~~~~~~~~~~~~~~~~~~~~~
gen_interp.c:383:39: warning: ‘_b,’ directive writing 3 bytes into a region of size between 1 and 512 [-Wformat-overflow=]
  383 |                  sprintf( tmpstr , "%s_b,%s_bt,", p->name, p->name )  ;
      |                                       ^~~
gen_interp.c:383:18: note: ‘sprintf’ output between 8 and 1030 bytes into a destination of size 512
  383 |                  sprintf( tmpstr , "%s_b,%s_bt,", p->name, p->name )  ;
      |                  ^~~~~~~~~~~~~~~~~~~~~~~~~~~~~~~~~~~~~~~~~~~~~~~~~~~
gen_interp.c: In function ‘gen_nest_interp2’:
gen_interp.c:571:32: warning: ‘%s’ directive writing up to 511 bytes into a region of size between 1 and 512 [-Wformat-overflow=]
  571 |               sprintf(vname,"%s%s",p->name,tag) ;
      |                                ^~          ~~~
gen_interp.c:571:15: note: ‘sprintf’ output between 1 and 1023 bytes into a destination of size 512
  571 |               sprintf(vname,"%s%s",p->name,tag) ;
      |               ^~~~~~~~~~~~~~~~~~~~~~~~~~~~~~~~~
gen_interp.c:572:33: warning: ‘%s’ directive writing up to 511 bytes into a region of size between 1 and 512 [-Wformat-overflow=]
  572 |               sprintf(vname2,"%s%s",p->name,tag2) ;
      |                                 ^~          ~~~~
gen_interp.c:572:15: note: ‘sprintf’ output between 1 and 1023 bytes into a destination of size 512
  572 |               sprintf(vname2,"%s%s",p->name,tag2) ;
      |               ^~~~~~~~~~~~~~~~~~~~~~~~~~~~~~~~~~~
gen_interp.c:557:29: warning: ‘%s’ directive writing up to 511 bytes into a region of size between 1 and 512 [-Wformat-overflow=]
  557 |               sprintf(x, "%s%s", p->name, tag ) ;
      |                             ^~            ~~~
gen_interp.c:557:15: note: ‘sprintf’ output between 1 and 1023 bytes into a destination of size 512
  557 |               sprintf(x, "%s%s", p->name, tag ) ;
      |               ^~~~~~~~~~~~~~~~~~~~~~~~~~~~~~~~~
gen_interp.c:565:32: warning: ‘%s’ directive writing up to 511 bytes into a region of size between 1 and 512 [-Wformat-overflow=]
  565 |               sprintf(vname,"%s%s(%s%sitrace)",p->name,tag,dexes,moredims) ;
      |                                ^~                      ~~~
gen_interp.c:565:15: note: ‘sprintf’ output between 9 and 1621 bytes into a destination of size 512
  565 |               sprintf(vname,"%s%s(%s%sitrace)",p->name,tag,dexes,moredims) ;
      |               ^~~~~~~~~~~~~~~~~~~~~~~~~~~~~~~~~~~~~~~~~~~~~~~~~~~~~~~~~~~~
gen_interp.c:567:33: warning: ‘%s’ directive writing up to 511 bytes into a region of size between 1 and 512 [-Wformat-overflow=]
  567 |               sprintf(vname2,"%s%s(%s%sitrace)",p->name,tag2,ndexes,moredims) ;
      |                                 ^~                      ~~~~
gen_interp.c:567:15: note: ‘sprintf’ output between 9 and 1621 bytes into a destination of size 512
  567 |               sprintf(vname2,"%s%s(%s%sitrace)",p->name,tag2,ndexes,moredims) ;
      |               ^~~~~~~~~~~~~~~~~~~~~~~~~~~~~~~~~~~~~~~~~~~~~~~~~~~~~~~~~~~~~~~
gcc  -DIWORDSIZE=4 -DMAX_HISTORY=25 -DNMM_CORE=0  -c -O0 -g  gen_comms.c
gen_comms.c: In function ‘gen_shift’:
gen_comms.c:2390:25: warning: zero-length gnu_printf format string [-Wformat-zero-length]
 2390 |     sprintf( Shift.use, "" ) ;
      |                         ^~
gen_comms.c: In function ‘gen_nest_packunpack’:
gen_comms.c:2898:56: warning: zero-length gnu_printf format string [-Wformat-zero-length]
 2898 |           else                             sprintf(tag,"") ;
      |                                                        ^~
gen_comms.c:2905:41: warning: zero-length gnu_printf format string [-Wformat-zero-length]
 2905 |           else              sprintf(tag,"") ;
      |                                         ^~
gen_comms.c: In function ‘print_4d_i1_decls’:
gen_comms.c:141:20: warning: ‘%s’ directive writing up to 511 bytes into a region of size 79 [-Wformat-overflow=]
  141 |     sprintf(temp,",%s_sdim%d:%s_edim%d",q->name,d-2,q->name,d-2) ;
      |                    ^~
gen_comms.c:141:5: note: ‘sprintf’ output between 15 and 1057 bytes into a destination of size 80
  141 |     sprintf(temp,",%s_sdim%d:%s_edim%d",q->name,d-2,q->name,d-2) ;
      |     ^~~~~~~~~~~~~~~~~~~~~~~~~~~~~~~~~~~~~~~~~~~~~~~~~~~~~~~~~~~~
gen_comms.c: In function ‘gen_halos’:
gen_comms.c:413:53: warning: ‘.inc’ directive writing 4 bytes into a region of size between 1 and 512 [-Wformat-overflow=]
  413 |       else                       { sprintf(fname,"%s.inc",commname) ; }
      |                                                     ^~~~
gen_comms.c:413:36: note: ‘sprintf’ output between 5 and 516 bytes into a destination of size 512
  413 |       else                       { sprintf(fname,"%s.inc",commname) ; }
      |                                    ^~~~~~~~~~~~~~~~~~~~~~~~~~~~~~~~
gen_comms.c:412:56: warning: ‘.inc’ directive writing 4 bytes into a region of size between 0 and 511 [-Wformat-overflow=]
  412 |       if ( strlen(dirname) > 0 ) { sprintf(fname,"%s/%s.inc",dirname,commname) ; }
      |                                                        ^~~~
gen_comms.c:412:36: note: ‘sprintf’ output 6 or more bytes (assuming 517) into a destination of size 512
  412 |       if ( strlen(dirname) > 0 ) { sprintf(fname,"%s/%s.inc",dirname,commname) ; }
      |                                    ^~~~~~~~~~~~~~~~~~~~~~~~~~~~~~~~~~~~~~~~~~~
gen_comms.c:376:53: warning: ‘_inline.inc’ directive writing 11 bytes into a region of size between 1 and 512 [-Wformat-overflow=]
  376 |       else                       { sprintf(fname,"%s_inline.inc",commname) ; }
      |                                                     ^~~~~~~~~~~
gen_comms.c:376:36: note: ‘sprintf’ output between 12 and 523 bytes into a destination of size 512
  376 |       else                       { sprintf(fname,"%s_inline.inc",commname) ; }
      |                                    ^~~~~~~~~~~~~~~~~~~~~~~~~~~~~~~~~~~~~~~
gen_comms.c:375:56: warning: ‘_inline.inc’ directive writing 11 bytes into a region of size between 0 and 511 [-Wformat-overflow=]
  375 |       if ( strlen(dirname) > 0 ) { sprintf(fname,"%s/%s_inline.inc",dirname,commname) ; }
      |                                                        ^~~~~~~~~~~
gen_comms.c:375:36: note: ‘sprintf’ output 13 or more bytes (assuming 524) into a destination of size 512
  375 |       if ( strlen(dirname) > 0 ) { sprintf(fname,"%s/%s_inline.inc",dirname,commname) ; }
      |                                    ^~~~~~~~~~~~~~~~~~~~~~~~~~~~~~~~~~~~~~~~~~~~~~~~~~
gen_comms.c:379:57: warning: ‘.inc’ directive writing 4 bytes into a region of size between 1 and 512 [-Wformat-overflow=]
  379 |       else                       { sprintf(fnamecall,"%s.inc",commname) ; }
      |                                                         ^~~~
gen_comms.c:379:36: note: ‘sprintf’ output between 5 and 516 bytes into a destination of size 512
  379 |       else                       { sprintf(fnamecall,"%s.inc",commname) ; }
      |                                    ^~~~~~~~~~~~~~~~~~~~~~~~~~~~~~~~~~~~
gen_comms.c:378:60: warning: ‘.inc’ directive writing 4 bytes into a region of size between 0 and 511 [-Wformat-overflow=]
  378 |       if ( strlen(dirname) > 0 ) { sprintf(fnamecall,"%s/%s.inc",dirname,commname) ; }
      |                                                            ^~~~
gen_comms.c:378:36: note: ‘sprintf’ output 6 or more bytes (assuming 517) into a destination of size 512
  378 |       if ( strlen(dirname) > 0 ) { sprintf(fnamecall,"%s/%s.inc",dirname,commname) ; }
      |                                    ^~~~~~~~~~~~~~~~~~~~~~~~~~~~~~~~~~~~~~~~~~~~~~~
gen_comms.c:401:59: warning: ‘sprintf’ may write a terminating nul past the end of the destination [-Wformat-overflow=]
  401 |       if ( strlen(dirname) > 0 ) { sprintf(fnamesub,"%s/%s",dirname,subs_fname) ; }
      |                                                           ^
gen_comms.c:401:36: note: ‘sprintf’ output 2 or more bytes (assuming 513) into a destination of size 512
  401 |       if ( strlen(dirname) > 0 ) { sprintf(fnamesub,"%s/%s",dirname,subs_fname) ; }
      |                                    ^~~~~~~~~~~~~~~~~~~~~~~~~~~~~~~~~~~~~~~~~~~~
gen_comms.c:512:46: warning: ‘%s’ directive writing up to 511 bytes into a region of size 499 [-Wformat-overflow=]
  512 |                     sprintf(s,"config_flags%%%s",dimd->assoc_nl_var_s) ;
      |                                              ^~
gen_comms.c:512:21: note: ‘sprintf’ output between 14 and 525 bytes into a destination of size 512
  512 |                     sprintf(s,"config_flags%%%s",dimd->assoc_nl_var_s) ;
      |                     ^~~~~~~~~~~~~~~~~~~~~~~~~~~~~~~~~~~~~~~~~~~~~~~~~~
gen_comms.c:513:46: warning: ‘%s’ directive writing up to 511 bytes into a region of size 499 [-Wformat-overflow=]
  513 |                     sprintf(e,"config_flags%%%s",dimd->assoc_nl_var_e) ;
      |                                              ^~
gen_comms.c:513:21: note: ‘sprintf’ output between 14 and 525 bytes into a destination of size 512
  513 |                     sprintf(e,"config_flags%%%s",dimd->assoc_nl_var_e) ;
      |                     ^~~~~~~~~~~~~~~~~~~~~~~~~~~~~~~~~~~~~~~~~~~~~~~~~~
gen_comms.c:510:46: warning: ‘%s’ directive writing up to 511 bytes into a region of size 499 [-Wformat-overflow=]
  510 |                     sprintf(e,"config_flags%%%s",dimd->assoc_nl_var_e) ;
      |                                              ^~
gen_comms.c:510:21: note: ‘sprintf’ output between 14 and 525 bytes into a destination of size 512
  510 |                     sprintf(e,"config_flags%%%s",dimd->assoc_nl_var_e) ;
      |                     ^~~~~~~~~~~~~~~~~~~~~~~~~~~~~~~~~~~~~~~~~~~~~~~~~~
gen_comms.c:546:35: warning: ‘%s’ directive writing up to 511 bytes into a region of size 78 [-Wformat-overflow=]
  546 |                   sprintf(temp,"*(%s_edim%d-%s_sdim%d+1)",q->name,d-2,q->name,d-2) ;
      |                                   ^~
gen_comms.c:546:19: note: ‘sprintf’ output between 19 and 1061 bytes into a destination of size 80
  546 |                   sprintf(temp,"*(%s_edim%d-%s_sdim%d+1)",q->name,d-2,q->name,d-2) ;
      |                   ^~~~~~~~~~~~~~~~~~~~~~~~~~~~~~~~~~~~~~~~~~~~~~~~~~~~~~~~~~~~~~~~
gen_comms.c: In function ‘gen_packs_halo’:
gen_comms.c:1416:48: warning: ‘%s’ directive writing up to 511 bytes into a region of size 243 [-Wformat-overflow=]
 1416 |                       sprintf(s,"config_flags%%%s",dimd->assoc_nl_var_s) ;
      |                                                ^~
gen_comms.c:1416:23: note: ‘sprintf’ output between 14 and 525 bytes into a destination of size 256
 1416 |                       sprintf(s,"config_flags%%%s",dimd->assoc_nl_var_s) ;
      |                       ^~~~~~~~~~~~~~~~~~~~~~~~~~~~~~~~~~~~~~~~~~~~~~~~~~
gen_comms.c:1417:48: warning: ‘%s’ directive writing up to 511 bytes into a region of size 243 [-Wformat-overflow=]
 1417 |                       sprintf(e,"config_flags%%%s",dimd->assoc_nl_var_e) ;
      |                                                ^~
gen_comms.c:1417:23: note: ‘sprintf’ output between 14 and 525 bytes into a destination of size 256
 1417 |                       sprintf(e,"config_flags%%%s",dimd->assoc_nl_var_e) ;
      |                       ^~~~~~~~~~~~~~~~~~~~~~~~~~~~~~~~~~~~~~~~~~~~~~~~~~
gen_comms.c:1414:48: warning: ‘%s’ directive writing up to 511 bytes into a region of size 243 [-Wformat-overflow=]
 1414 |                       sprintf(e,"config_flags%%%s",dimd->assoc_nl_var_e) ;
      |                                                ^~
gen_comms.c:1414:23: note: ‘sprintf’ output between 14 and 525 bytes into a destination of size 256
 1414 |                       sprintf(e,"config_flags%%%s",dimd->assoc_nl_var_e) ;
      |                       ^~~~~~~~~~~~~~~~~~~~~~~~~~~~~~~~~~~~~~~~~~~~~~~~~~
gen_comms.c:1338:47: warning: ‘%s’ directive writing up to 511 bytes into a region of size 243 [-Wformat-overflow=]
 1338 |                     sprintf(sd,"config_flags%%%s",dimd->assoc_nl_var_s) ;
      |                                               ^~
gen_comms.c:1338:21: note: ‘sprintf’ output between 14 and 525 bytes into a destination of size 256
 1338 |                     sprintf(sd,"config_flags%%%s",dimd->assoc_nl_var_s) ;
      |                     ^~~~~~~~~~~~~~~~~~~~~~~~~~~~~~~~~~~~~~~~~~~~~~~~~~~
gen_comms.c:1339:47: warning: ‘%s’ directive writing up to 511 bytes into a region of size 243 [-Wformat-overflow=]
 1339 |                     sprintf(ed,"config_flags%%%s",dimd->assoc_nl_var_e) ;
      |                                               ^~
gen_comms.c:1339:21: note: ‘sprintf’ output between 14 and 525 bytes into a destination of size 256
 1339 |                     sprintf(ed,"config_flags%%%s",dimd->assoc_nl_var_e) ;
      |                     ^~~~~~~~~~~~~~~~~~~~~~~~~~~~~~~~~~~~~~~~~~~~~~~~~~~
gen_comms.c:1336:47: warning: ‘%s’ directive writing up to 511 bytes into a region of size 243 [-Wformat-overflow=]
 1336 |                     sprintf(ed,"config_flags%%%s",dimd->assoc_nl_var_e) ;
      |                                               ^~
gen_comms.c:1336:21: note: ‘sprintf’ output between 14 and 525 bytes into a destination of size 256
 1336 |                     sprintf(ed,"config_flags%%%s",dimd->assoc_nl_var_e) ;
      |                     ^~~~~~~~~~~~~~~~~~~~~~~~~~~~~~~~~~~~~~~~~~~~~~~~~~~
gen_comms.c: In function ‘gen_packs’:
gen_comms.c:1586:48: warning: ‘%s’ directive writing up to 511 bytes into a region of size 243 [-Wformat-overflow=]
 1586 |                       sprintf(s,"config_flags%%%s",dimd->assoc_nl_var_s) ;
      |                                                ^~
gen_comms.c:1586:23: note: ‘sprintf’ output between 14 and 525 bytes into a destination of size 256
 1586 |                       sprintf(s,"config_flags%%%s",dimd->assoc_nl_var_s) ;
      |                       ^~~~~~~~~~~~~~~~~~~~~~~~~~~~~~~~~~~~~~~~~~~~~~~~~~
gen_comms.c:1587:48: warning: ‘%s’ directive writing up to 511 bytes into a region of size 243 [-Wformat-overflow=]
 1587 |                       sprintf(e,"config_flags%%%s",dimd->assoc_nl_var_e) ;
      |                                                ^~
gen_comms.c:1587:23: note: ‘sprintf’ output between 14 and 525 bytes into a destination of size 256
 1587 |                       sprintf(e,"config_flags%%%s",dimd->assoc_nl_var_e) ;
      |                       ^~~~~~~~~~~~~~~~~~~~~~~~~~~~~~~~~~~~~~~~~~~~~~~~~~
gen_comms.c:1584:48: warning: ‘%s’ directive writing up to 511 bytes into a region of size 243 [-Wformat-overflow=]
 1584 |                       sprintf(e,"config_flags%%%s",dimd->assoc_nl_var_e) ;
      |                                                ^~
gen_comms.c:1584:23: note: ‘sprintf’ output between 14 and 525 bytes into a destination of size 256
 1584 |                       sprintf(e,"config_flags%%%s",dimd->assoc_nl_var_e) ;
      |                       ^~~~~~~~~~~~~~~~~~~~~~~~~~~~~~~~~~~~~~~~~~~~~~~~~~
gen_comms.c: In function ‘gen_periods’:
gen_comms.c:1689:51: warning: ‘_inline.inc’ directive writing 11 bytes into a region of size between 1 and 512 [-Wformat-overflow=]
 1689 |     else                       { sprintf(fname,"%s_inline.inc",commname) ; }
      |                                                   ^~~~~~~~~~~
gen_comms.c:1689:34: note: ‘sprintf’ output between 12 and 523 bytes into a destination of size 512
 1689 |     else                       { sprintf(fname,"%s_inline.inc",commname) ; }
      |                                  ^~~~~~~~~~~~~~~~~~~~~~~~~~~~~~~~~~~~~~~
gen_comms.c:1688:54: warning: ‘_inline.inc’ directive writing 11 bytes into a region of size between 0 and 511 [-Wformat-overflow=]
 1688 |     if ( strlen(dirname) > 0 ) { sprintf(fname,"%s/%s_inline.inc",dirname,commname) ; }
      |                                                      ^~~~~~~~~~~
gen_comms.c:1688:34: note: ‘sprintf’ output 13 or more bytes (assuming 524) into a destination of size 512
 1688 |     if ( strlen(dirname) > 0 ) { sprintf(fname,"%s/%s_inline.inc",dirname,commname) ; }
      |                                  ^~~~~~~~~~~~~~~~~~~~~~~~~~~~~~~~~~~~~~~~~~~~~~~~~~
gen_comms.c:1692:55: warning: ‘.inc’ directive writing 4 bytes into a region of size between 1 and 512 [-Wformat-overflow=]
 1692 |     else                       { sprintf(fnamecall,"%s.inc",commname) ; }
      |                                                       ^~~~
gen_comms.c:1692:34: note: ‘sprintf’ output between 5 and 516 bytes into a destination of size 512
 1692 |     else                       { sprintf(fnamecall,"%s.inc",commname) ; }
      |                                  ^~~~~~~~~~~~~~~~~~~~~~~~~~~~~~~~~~~~
gen_comms.c:1691:58: warning: ‘.inc’ directive writing 4 bytes into a region of size between 0 and 511 [-Wformat-overflow=]
 1691 |     if ( strlen(dirname) > 0 ) { sprintf(fnamecall,"%s/%s.inc",dirname,commname) ; }
      |                                                          ^~~~
gen_comms.c:1691:34: note: ‘sprintf’ output 6 or more bytes (assuming 517) into a destination of size 512
 1691 |     if ( strlen(dirname) > 0 ) { sprintf(fnamecall,"%s/%s.inc",dirname,commname) ; }
      |                                  ^~~~~~~~~~~~~~~~~~~~~~~~~~~~~~~~~~~~~~~~~~~~~~~
gen_comms.c: In function ‘gen_swaps’:
gen_comms.c:1892:51: warning: ‘.inc’ directive writing 4 bytes into a region of size between 1 and 512 [-Wformat-overflow=]
 1892 |     else                       { sprintf(fname,"%s.inc",commname) ; }
      |                                                   ^~~~
gen_comms.c:1892:34: note: ‘sprintf’ output between 5 and 516 bytes into a destination of size 512
 1892 |     else                       { sprintf(fname,"%s.inc",commname) ; }
      |                                  ^~~~~~~~~~~~~~~~~~~~~~~~~~~~~~~~
gen_comms.c:1891:54: warning: ‘.inc’ directive writing 4 bytes into a region of size between 0 and 511 [-Wformat-overflow=]
 1891 |     if ( strlen(dirname) > 0 ) { sprintf(fname,"%s/%s.inc",dirname,commname) ; }
      |                                                      ^~~~
gen_comms.c:1891:34: note: ‘sprintf’ output 6 or more bytes (assuming 517) into a destination of size 512
 1891 |     if ( strlen(dirname) > 0 ) { sprintf(fname,"%s/%s.inc",dirname,commname) ; }
      |                                  ^~~~~~~~~~~~~~~~~~~~~~~~~~~~~~~~~~~~~~~~~~~
gen_comms.c: In function ‘gen_cycles’:
gen_comms.c:2026:51: warning: ‘.inc’ directive writing 4 bytes into a region of size between 1 and 512 [-Wformat-overflow=]
 2026 |     else                       { sprintf(fname,"%s.inc",commname) ; }
      |                                                   ^~~~
gen_comms.c:2026:34: note: ‘sprintf’ output between 5 and 516 bytes into a destination of size 512
 2026 |     else                       { sprintf(fname,"%s.inc",commname) ; }
      |                                  ^~~~~~~~~~~~~~~~~~~~~~~~~~~~~~~~
gen_comms.c:2025:54: warning: ‘.inc’ directive writing 4 bytes into a region of size between 0 and 511 [-Wformat-overflow=]
 2025 |     if ( strlen(dirname) > 0 ) { sprintf(fname,"%s/%s.inc",dirname,commname) ; }
      |                                                      ^~~~
gen_comms.c:2025:34: note: ‘sprintf’ output 6 or more bytes (assuming 517) into a destination of size 512
 2025 |     if ( strlen(dirname) > 0 ) { sprintf(fname,"%s/%s.inc",dirname,commname) ; }
      |                                  ^~~~~~~~~~~~~~~~~~~~~~~~~~~~~~~~~~~~~~~~~~~
gen_comms.c: In function ‘gen_xposes’:
gen_comms.c:2168:56: warning: ‘.inc’ directive writing 4 bytes into a region of size between 0 and 511 [-Wformat-overflow=]
 2168 |       else                       { sprintf(fname,"%s_%s.inc",commname,*x) ; }
      |                                                        ^~~~
gen_comms.c:2168:36: note: ‘sprintf’ output 6 or more bytes (assuming 517) into a destination of size 512
 2168 |       else                       { sprintf(fname,"%s_%s.inc",commname,*x) ; }
      |                                    ^~~~~~~~~~~~~~~~~~~~~~~~~~~~~~~~~~~~~~
gen_comms.c:2167:56: warning: ‘_’ directive writing 1 byte into a region of size between 0 and 511 [-Wformat-overflow=]
 2167 |       if ( strlen(dirname) > 0 ) { sprintf(fname,"%s/%s_%s.inc",dirname,commname, *x) ; }
      |                                                        ^
gen_comms.c:2167:36: note: ‘sprintf’ output 7 or more bytes (assuming 518) into a destination of size 512
 2167 |       if ( strlen(dirname) > 0 ) { sprintf(fname,"%s/%s_%s.inc",dirname,commname, *x) ; }
      |                                    ^~~~~~~~~~~~~~~~~~~~~~~~~~~~~~~~~~~~~~~~~~~~~~~~~~
gen_comms.c: In function ‘gen_shift’:
gen_comms.c:2423:51: warning: ‘%d’ directive writing between 1 and 11 bytes into a region of size between 0 and 511 [-Wformat-overflow=]
 2423 |               if ( p->ntl > 1 ) sprintf(vname,"%s_%d",p->name,i ) ;
      |                                                   ^~
gen_comms.c:2423:33: note: ‘sprintf’ output between 3 and 524 bytes into a destination of size 512
 2423 |               if ( p->ntl > 1 ) sprintf(vname,"%s_%d",p->name,i ) ;
      |                                 ^~~~~~~~~~~~~~~~~~~~~~~~~~~~~~~~~
gen_comms.c:2465:49: warning: ‘%d’ directive writing between 1 and 11 bytes into a region of size between 0 and 511 [-Wformat-overflow=]
 2465 |             if ( p->ntl > 1 ) sprintf(vname,"%s_%d",p->name,i ) ;
      |                                                 ^~
gen_comms.c:2465:31: note: ‘sprintf’ output between 3 and 524 bytes into a destination of size 512
 2465 |             if ( p->ntl > 1 ) sprintf(vname,"%s_%d",p->name,i ) ;
      |                               ^~~~~~~~~~~~~~~~~~~~~~~~~~~~~~~~~
gen_comms.c: In function ‘gen_nest_packunpack’:
gen_comms.c:2943:28: warning: ‘%s’ directive writing up to 511 bytes into a region of size between 1 and 512 [-Wformat-overflow=]
 2943 |           sprintf(vname,"%s%s(%s)",p->name,tag,dexes) ;
      |                            ^~              ~~~
gen_comms.c:2943:11: note: ‘sprintf’ output between 3 and 1536 bytes into a destination of size 512
 2943 |           sprintf(vname,"%s%s(%s)",p->name,tag,dexes) ;
      |           ^~~~~~~~~~~~~~~~~~~~~~~~~~~~~~~~~~~~~~~~~~~
gen_comms.c:2939:28: warning: ‘%s’ directive writing up to 511 bytes into a region of size between 1 and 512 [-Wformat-overflow=]
 2939 |           sprintf(vname,"%s%s(%s%sitrace)",p->name,tag,dexes,moredims) ;
      |                            ^~                      ~~~
gen_comms.c:2939:11: note: ‘sprintf’ output between 9 and 1621 bytes into a destination of size 512
 2939 |           sprintf(vname,"%s%s(%s%sitrace)",p->name,tag,dexes,moredims) ;
      |           ^~~~~~~~~~~~~~~~~~~~~~~~~~~~~~~~~~~~~~~~~~~~~~~~~~~~~~~~~~~~
gen_comms.c: In function ‘count_fields’:
gen_comms.c:3067:27: warning: ‘%s’ directive writing up to 511 bytes into a region of size 74 [-Wformat-overflow=]
 3067 |       sprintf(temp,"((num_%s - PARAM_FIRST_SCALAR + 1)",p->name) ;
      |                           ^~
gen_comms.c:3067:7: note: ‘sprintf’ output between 33 and 544 bytes into a destination of size 80
 3067 |       sprintf(temp,"((num_%s - PARAM_FIRST_SCALAR + 1)",p->name) ;
      |       ^~~~~~~~~~~~~~~~~~~~~~~~~~~~~~~~~~~~~~~~~~~~~~~~~~~~~~~~~~
gen_comms.c:3073:37: warning: ‘%s’ directive writing up to 79 bytes into a region of size 69 [-Wformat-overflow=]
 3073 |         sprintf(temp," &\n  *((%s)-(%s)+1)",colon+1,tx) ;
      |                                     ^~              ~~
gen_comms.c:3073:9: note: ‘sprintf’ output 16 or more bytes (assuming 95) into a destination of size 80
 3073 |         sprintf(temp," &\n  *((%s)-(%s)+1)",colon+1,tx) ;
      |         ^~~~~~~~~~~~~~~~~~~~~~~~~~~~~~~~~~~~~~~~~~~~~~~
gen_comms.c: In function ‘gen_debug’:
gen_comms.c:3142:49: warning: ‘%d’ directive writing between 1 and 11 bytes into a region of size between 0 and 511 [-Wformat-overflow=]
 3142 |             if ( p->ntl > 1 ) sprintf(vname,"%s_%d",p->name,i ) ;
      |                                                 ^~
gen_comms.c:3142:31: note: ‘sprintf’ output between 3 and 524 bytes into a destination of size 512
 3142 |             if ( p->ntl > 1 ) sprintf(vname,"%s_%d",p->name,i ) ;
      |                               ^~~~~~~~~~~~~~~~~~~~~~~~~~~~~~~~~
gcc  -DIWORDSIZE=4 -DMAX_HISTORY=25 -DNMM_CORE=0  -c -O0 -g  gen_scalar_derefs.c
gcc  -DIWORDSIZE=4 -DMAX_HISTORY=25 -DNMM_CORE=0  -c -O0 -g  set_dim_strs.c
gcc  -DIWORDSIZE=4 -DMAX_HISTORY=25 -DNMM_CORE=0  -c -O0 -g  gen_wrf_io.c
gen_wrf_io.c: In function ‘gen_wrf_io2’:
gen_wrf_io.c:301:55: warning: ‘_stag’ directive writing 5 bytes into a region of size between 1 and 512 [-Wformat-overflow=]
  301 |          { if ( p->stag_z ) { sprintf( dimname[1] ,"%s_stag", dimnode->dim_data_name) ; }
      |                                                       ^~~~~
gen_wrf_io.c:301:31: note: ‘sprintf’ output between 6 and 517 bytes into a destination of size 512
  301 |          { if ( p->stag_z ) { sprintf( dimname[1] ,"%s_stag", dimnode->dim_data_name) ; }
      |                               ^~~~~~~~~~~~~~~~~~~~~~~~~~~~~~~~~~~~~~~~~~~~~~~~~~~~~~~
gen_wrf_io.c:358:58: warning: ‘_stag’ directive writing 5 bytes into a region of size between 1 and 512 [-Wformat-overflow=]
  358 |               if ( p->stag_y ) { sprintf( dimname[0] ,"%s_stag", dimnode->dim_data_name) ; }
      |                                                          ^~~~~
gen_wrf_io.c:358:34: note: ‘sprintf’ output between 6 and 517 bytes into a destination of size 512
  358 |               if ( p->stag_y ) { sprintf( dimname[0] ,"%s_stag", dimnode->dim_data_name) ; }
      |                                  ^~~~~~~~~~~~~~~~~~~~~~~~~~~~~~~~~~~~~~~~~~~~~~~~~~~~~~~
gen_wrf_io.c:385:58: warning: ‘_stag’ directive writing 5 bytes into a region of size between 1 and 512 [-Wformat-overflow=]
  385 |               if ( p->stag_x ) { sprintf( dimname[0] ,"%s_stag", dimnode->dim_data_name) ; }
      |                                                          ^~~~~
gen_wrf_io.c:385:34: note: ‘sprintf’ output between 6 and 517 bytes into a destination of size 512
  385 |               if ( p->stag_x ) { sprintf( dimname[0] ,"%s_stag", dimnode->dim_data_name) ; }
      |                                  ^~~~~~~~~~~~~~~~~~~~~~~~~~~~~~~~~~~~~~~~~~~~~~~~~~~~~~~
gen_wrf_io.c:129:30: warning: ‘_b’ directive writing 2 bytes into a region of size between 1 and 512 [-Wformat-overflow=]
  129 |         sprintf(fourd_bnd,"%s_b",p->name) ;
      |                              ^~
gen_wrf_io.c:129:9: note: ‘sprintf’ output between 3 and 514 bytes into a destination of size 512
  129 |         sprintf(fourd_bnd,"%s_b",p->name) ;
      |         ^~~~~~~~~~~~~~~~~~~~~~~~~~~~~~~~~
gen_wrf_io.c:138:57: warning: ‘_stag’ directive writing 5 bytes into a region of size between 1 and 512 [-Wformat-overflow=]
  138 |            { if ( p->stag_z ) { sprintf( dimname[1] ,"%s_stag", dimnode->dim_data_name) ; }
      |                                                         ^~~~~
gen_wrf_io.c:138:33: note: ‘sprintf’ output between 6 and 517 bytes into a destination of size 512
  138 |            { if ( p->stag_z ) { sprintf( dimname[1] ,"%s_stag", dimnode->dim_data_name) ; }
      |                                 ^~~~~~~~~~~~~~~~~~~~~~~~~~~~~~~~~~~~~~~~~~~~~~~~~~~~~~~
gen_wrf_io.c:187:60: warning: ‘_stag’ directive writing 5 bytes into a region of size between 1 and 512 [-Wformat-overflow=]
  187 |                 if ( p->stag_y ) { sprintf( dimname[0] ,"%s_stag", dimnode->dim_data_name) ; }
      |                                                            ^~~~~
gen_wrf_io.c:187:36: note: ‘sprintf’ output between 6 and 517 bytes into a destination of size 512
  187 |                 if ( p->stag_y ) { sprintf( dimname[0] ,"%s_stag", dimnode->dim_data_name) ; }
      |                                    ^~~~~~~~~~~~~~~~~~~~~~~~~~~~~~~~~~~~~~~~~~~~~~~~~~~~~~~
gen_wrf_io.c:213:60: warning: ‘_stag’ directive writing 5 bytes into a region of size between 1 and 512 [-Wformat-overflow=]
  213 |                 if ( p->stag_x ) { sprintf( dimname[0] ,"%s_stag", dimnode->dim_data_name) ; }
      |                                                            ^~~~~
gen_wrf_io.c:213:36: note: ‘sprintf’ output between 6 and 517 bytes into a destination of size 512
  213 |                 if ( p->stag_x ) { sprintf( dimname[0] ,"%s_stag", dimnode->dim_data_name) ; }
      |                                    ^~~~~~~~~~~~~~~~~~~~~~~~~~~~~~~~~~~~~~~~~~~~~~~~~~~~~~~
gcc  -DIWORDSIZE=4 -DMAX_HISTORY=25 -DNMM_CORE=0  -c -O0 -g  gen_streams.c
gcc  -DIWORDSIZE=4 -DMAX_HISTORY=25 -DNMM_CORE=0  -c -O0 -g  standard.c
gcc  -DIWORDSIZE=4 -DMAX_HISTORY=25 -o standard.exe -O0 -g   standard.o
gcc  -DIWORDSIZE=4 -DMAX_HISTORY=25 -o registry -O0 -g   registry.o my_strtok.o reg_parse.o data.o type.o misc.o gen_defs.o gen_allocs.o gen_mod_state_descr.o gen_scalar_indices.o gen_args.o gen_config.o sym.o symtab_gen.o gen_irr_diag.o gen_model_data_ord.o gen_interp.o gen_comms.o gen_scalar_derefs.o set_dim_strs.o gen_wrf_io.o gen_streams.o
if [ -x /usr/bin/peflags.exe ] ; then /usr/bin/peflags.exe --stack-reserve=33554432 registry; fi
make[2]: Leaving directory '/home/hnavarro/Desktop/WRF/BUILD_WRF/WRF/tools'
make[1]: Leaving directory '/home/hnavarro/Desktop/WRF/BUILD_WRF/WRF'
/bin/rm -f main/libwrflib.a main/libwrflib.lib
make -i -r MODULE_DIRS="-I../dyn_em  -I/home/hnavarro/Desktop/WRF/BUILD_WRF/WRF/external/esmf_time_f90  -I/home/hnavarro/Desktop/WRF/BUILD_WRF/WRF/main -I/home/hnavarro/Desktop/WRF/BUILD_WRF/WRF/external/io_netcdf -I/home/hnavarro/Desktop/WRF/BUILD_WRF/WRF/external/io_int -I/home/hnavarro/Desktop/WRF/BUILD_WRF/WRF/frame -I/home/hnavarro/Desktop/WRF/BUILD_WRF/WRF/share -I/home/hnavarro/Desktop/WRF/BUILD_WRF/WRF/phys -I/home/hnavarro/Desktop/WRF/BUILD_WRF/WRF/wrftladj -I/home/hnavarro/Desktop/WRF/BUILD_WRF/WRF/chem -I/home/hnavarro/Desktop/WRF/BUILD_WRF/WRF/inc -I/home/hnavarro/Desktop/WRF/Install-WRF-Chem/LIBRARIES/netcdf/include " framework
make[1]: Entering directory '/home/hnavarro/Desktop/WRF/BUILD_WRF/WRF'
--------------------------------------
( cd frame ; make -i -r -j 2 LLIST="" framework ; \
          cd ../external/io_netcdf ; \
          make -i -r NETCDFPATH="/home/hnavarro/Desktop/WRF/Install-WRF-Chem/LIBRARIES/netcdf"  NETCDF4_DEP_LIB="" \
               FC="time mpif90 -f90=gfortran -w -ffree-form -ffree-line-length-none -fconvert=big-endian -frecord-marker=4 -fallow-argument-mismatch -fallow-invalid-boz    " RANLIB="ranlib" \
               CPP="/lib/cpp -P -nostdinc" LDFLAGS=" -O2 -ftree-vectorize -funroll-loops -w -ffree-form -ffree-line-length-none -fconvert=big-endian -frecord-marker=4 -fallow-argument-mismatch -fallow-invalid-boz   " TRADFLAG="-traditional-cpp" ESMF_IO_LIB_EXT="-L/home/hnavarro/Desktop/WRF/BUILD_WRF/WRF/external/esmf_time_f90 -lesmf_time" \
               LIB_LOCAL="" \
               ESMF_MOD_DEPENDENCE="/home/hnavarro/Desktop/WRF/BUILD_WRF/WRF/external/esmf_time_f90/module_utility.o" AR="INTERNAL_BUILD_ERROR_SHOULD_NOT_NEED_AR" diffwrf; \
          cd ../io_netcdf ; \
          make -i -r NETCDFPATH="/home/hnavarro/Desktop/WRF/Install-WRF-Chem/LIBRARIES/netcdf" NETCDF4_DEP_LIB="" \
               FC="gfortran -w -ffree-form -ffree-line-length-none -fconvert=big-endian -frecord-marker=4 -fallow-argument-mismatch -fallow-invalid-boz    " RANLIB="ranlib" \
               CPP="/lib/cpp -P -nostdinc" LDFLAGS=" -O2 -ftree-vectorize -funroll-loops -w -ffree-form -ffree-line-length-none -fconvert=big-endian -frecord-marker=4 -fallow-argument-mismatch -fallow-invalid-boz   " TRADFLAG="-traditional-cpp" ESMF_IO_LIB_EXT="-L/home/hnavarro/Desktop/WRF/BUILD_WRF/WRF/external/esmf_time_f90 -lesmf_time" \
       LIB_LOCAL="" \
               ESMF_MOD_DEPENDENCE="/home/hnavarro/Desktop/WRF/BUILD_WRF/WRF/external/esmf_time_f90/module_utility.o" AR="INTERNAL_BUILD_ERROR_SHOULD_NOT_NEED_AR"; \
          cd ../io_netcdfpar ; \
          echo SKIPPING make -i -r NETCDFPARPATH="/home/hnavarro/Desktop/WRF/Install-WRF-Chem/LIBRARIES/netcdf" NETCDF4_DEP_LIB="" \
               FC="time mpif90 -f90=gfortran -w -ffree-form -ffree-line-length-none -fconvert=big-endian -frecord-marker=4 -fallow-argument-mismatch -fallow-invalid-boz    " RANLIB="ranlib" \
               CPP="/lib/cpp -P -nostdinc" LDFLAGS=" -O2 -ftree-vectorize -funroll-loops -w -ffree-form -ffree-line-length-none -fconvert=big-endian -frecord-marker=4 -fallow-argument-mismatch -fallow-invalid-boz   " TRADFLAG="-traditional-cpp" ESMF_IO_LIB_EXT="-L/home/hnavarro/Desktop/WRF/BUILD_WRF/WRF/external/esmf_time_f90 -lesmf_time" \
               LIB_LOCAL="" \
               ESMF_MOD_DEPENDENCE="/home/hnavarro/Desktop/WRF/BUILD_WRF/WRF/external/esmf_time_f90/module_utility.o" AR="INTERNAL_BUILD_ERROR_SHOULD_NOT_NEED_AR" diffwrf; \
          cd ../io_netcdfpar ; \
          echo SKIPPING make -i -r NETCDFPARPATH="/home/hnavarro/Desktop/WRF/Install-WRF-Chem/LIBRARIES/netcdf" NETCDF4_DEP_LIB="" \
               FC="gfortran -w -ffree-form -ffree-line-length-none -fconvert=big-endian -frecord-marker=4 -fallow-argument-mismatch -fallow-invalid-boz    " RANLIB="ranlib" \
               CPP="/lib/cpp -P -nostdinc" LDFLAGS=" -O2 -ftree-vectorize -funroll-loops -w -ffree-form -ffree-line-length-none -fconvert=big-endian -frecord-marker=4 -fallow-argument-mismatch -fallow-invalid-boz   " TRADFLAG="-traditional-cpp" ESMF_IO_LIB_EXT="-L/home/hnavarro/Desktop/WRF/BUILD_WRF/WRF/external/esmf_time_f90 -lesmf_time" \
       LIB_LOCAL="" \
               ESMF_MOD_DEPENDENCE="/home/hnavarro/Desktop/WRF/BUILD_WRF/WRF/external/esmf_time_f90/module_utility.o" AR="INTERNAL_BUILD_ERROR_SHOULD_NOT_NEED_AR"; \
          cd ../io_pio ; \
          echo SKIPPING PIO BUILD make -i -r NETCDFPATH="" NETCDF4_DEP_LIB="" \
               FC="gfortran -w -ffree-form -ffree-line-length-none -fconvert=big-endian -frecord-marker=4 -fallow-argument-mismatch -fallow-invalid-boz    " RANLIB="ranlib" \
               CPP="/lib/cpp -P -nostdinc" LDFLAGS=" -O2 -ftree-vectorize -funroll-loops -w -ffree-form -ffree-line-length-none -fconvert=big-endian -frecord-marker=4 -fallow-argument-mismatch -fallow-invalid-boz   " TRADFLAG="-traditional-cpp" ESMF_IO_LIB_EXT="-L/home/hnavarro/Desktop/WRF/BUILD_WRF/WRF/external/esmf_time_f90 -lesmf_time" \
       LIB_LOCAL="" \
               ESMF_MOD_DEPENDENCE="/home/hnavarro/Desktop/WRF/BUILD_WRF/WRF/external/esmf_time_f90/module_utility.o" AR="INTERNAL_BUILD_ERROR_SHOULD_NOT_NEED_AR"; \
          cd ../io_int ; \
          make -i -r SFC="gfortran -w -ffree-form -ffree-line-length-none -fconvert=big-endian -frecord-marker=4 -fallow-argument-mismatch -fallow-invalid-boz " \
               FC="gfortran -w -ffree-form -ffree-line-length-none -fconvert=big-endian -frecord-marker=4 -fallow-argument-mismatch -fallow-invalid-boz    " \
               RANLIB="ranlib" CPP="/lib/cpp -P -nostdinc -DNONSTANDARD_SYSTEM_SUBR  -DWRF_USE_CLM" DM_FC="mpif90 -f90=gfortran -w -ffree-form -ffree-line-length-none -fconvert=big-endian -frecord-marker=4 -fallow-argument-mismatch -fallow-invalid-boz "\
               TRADFLAG="-traditional-cpp" ESMF_IO_LIB_EXT="-L/home/hnavarro/Desktop/WRF/BUILD_WRF/WRF/external/esmf_time_f90 -lesmf_time" \
               ESMF_MOD_DEPENDENCE="/home/hnavarro/Desktop/WRF/BUILD_WRF/WRF/external/esmf_time_f90/module_utility.o" AR="INTERNAL_BUILD_ERROR_SHOULD_NOT_NEED_AR" diffwrf ; \
          cd ../../frame )
make[2]: Entering directory '/home/hnavarro/Desktop/WRF/BUILD_WRF/WRF/frame'
( cd .. ; tools/registry -DEM_CORE=1 -DNMM_CORE=0 -DNMM_MAX_DIM=2600 -DDA_CORE=0 -DWRFPLUS=0 -DIWORDSIZE=4 -DDWORDSIZE=8 -DRWORDSIZE=4 -DLWORDSIZE=4 -DNONSTANDARD_SYSTEM_SUBR  -DWRF_USE_CLM  -DDM_PARALLEL -DNETCDF -DLANDREAD_STUB=1 -DUSE_ALLOCATABLES -Dwrfmodel -DGRIB1 -DINTIO -DKEEP_INT_AROUND -DLIMIT_ARGS -DBUILD_RRTMG_FAST=0 -DBUILD_RRTMK=0 -DBUILD_SBM_FAST=1 -DSHOW_ALL_VARS_USED=0 -DCONFIG_BUF_LEN=65536 -DMAX_DOMAINS_F=21 -DMAX_HISTORY=25 -DNMM_NEST=0 -DWRF_CHEM -DBUILD_CHEM=1 -DNEW_BDYS Registry/Registry ; true ) ; 
rm -f wrf_shutdown.o
sed -e "s/^\!.*'.*//" -e "s/^ *\!.*'.*//" wrf_shutdown.F > wrf_shutdown.G
opening Registry/registry.dimspec
including Registry/registry.dimspec
/lib/cpp -P -nostdinc -I/home/hnavarro/Desktop/WRF/BUILD_WRF/WRF/inc -DEM_CORE=1 -DNMM_CORE=0 -DNMM_MAX_DIM=2600 -DDA_CORE=0 -DWRFPLUS=0 -DIWORDSIZE=4 -DDWORDSIZE=8 -DRWORDSIZE=4 -DLWORDSIZE=4 -DNONSTANDARD_SYSTEM_SUBR  -DWRF_USE_CLM  -DDM_PARALLEL -DNETCDF -DLANDREAD_STUB=1 -DUSE_ALLOCATABLES -Dwrfmodel -DGRIB1 -DINTIO -DKEEP_INT_AROUND -DLIMIT_ARGS -DBUILD_RRTMG_FAST=0 -DBUILD_RRTMK=0 -DBUILD_SBM_FAST=1 -DSHOW_ALL_VARS_USED=0 -DCONFIG_BUF_LEN=65536 -DMAX_DOMAINS_F=21 -DMAX_HISTORY=25 -DNMM_NEST=0 -DWRF_CHEM -DBUILD_CHEM=1 -I. -traditional-cpp   wrf_shutdown.G  > wrf_shutdown.bb
opening Registry/registry.chem
including Registry/registry.chem
/home/hnavarro/Desktop/WRF/BUILD_WRF/WRF/tools/standard.exe wrf_shutdown.bb | /lib/cpp -P -nostdinc -traditional-cpp > wrf_shutdown.f90
rm -f wrf_shutdown.G wrf_shutdown.bb
time mpif90 -f90=gfortran -o wrf_shutdown.o -c -O2 -ftree-vectorize -funroll-loops -w -ffree-form -ffree-line-length-none -fconvert=big-endian -frecord-marker=4 -fallow-argument-mismatch -fallow-invalid-boz   -I../dyn_em  -I/home/hnavarro/Desktop/WRF/BUILD_WRF/WRF/external/esmf_time_f90  -I/home/hnavarro/Desktop/WRF/BUILD_WRF/WRF/main -I/home/hnavarro/Desktop/WRF/BUILD_WRF/WRF/external/io_netcdf -I/home/hnavarro/Desktop/WRF/BUILD_WRF/WRF/external/io_int -I/home/hnavarro/Desktop/WRF/BUILD_WRF/WRF/frame -I/home/hnavarro/Desktop/WRF/BUILD_WRF/WRF/share -I/home/hnavarro/Desktop/WRF/BUILD_WRF/WRF/phys -I/home/hnavarro/Desktop/WRF/BUILD_WRF/WRF/wrftladj -I/home/hnavarro/Desktop/WRF/BUILD_WRF/WRF/chem -I/home/hnavarro/Desktop/WRF/BUILD_WRF/WRF/inc -I/home/hnavarro/Desktop/WRF/Install-WRF-Chem/LIBRARIES/netcdf/include    wrf_shutdown.f90
opening Registry/registry.new3d_gca
including Registry/registry.new3d_gca
opening Registry/registry.em_shared_collection
including Registry/registry.em_shared_collection
opening Registry/Registry.EM_COMMON
including Registry/Registry.EM_COMMON
0.03user 0.03system 0:00.06elapsed 96%CPU (0avgtext+0avgdata 23680maxresident)k
0inputs+16outputs (0major+7437minor)pagefaults 0swaps
rm -f clog.o
mpicc -cc=gcc -DFSEEKO64_OK  -o clog.o -c -w -O3 -c   -DDM_PARALLEL -DLANDREAD_STUB=1 -DMAX_HISTORY=25 -DNMM_CORE=0 clog.c
opening Registry/registry.io_boilerplate
including Registry/registry.io_boilerplate
opening Registry/io_boilerplate_temporary.inc
including Registry/io_boilerplate_temporary.inc
opening Registry/registry.fire
including Registry/registry.fire
opening Registry/registry.avgflx
including Registry/registry.avgflx
opening Registry/registry.stoch
including Registry/registry.stoch
opening Registry/registry.les
including Registry/registry.les
opening Registry/registry.cam
including Registry/registry.cam
opening Registry/registry.clm
including Registry/registry.clm
opening Registry/registry.lake
including Registry/registry.lake
opening Registry/registry.ssib
including Registry/registry.ssib
opening Registry/registry.noahmp
including Registry/registry.noahmp
opening Registry/registry.sbm
including Registry/registry.sbm
opening Registry/registry.polrad
including Registry/registry.polrad
opening Registry/registry.afwa
including Registry/registry.afwa
opening Registry/registry.rasm_diag
including Registry/registry.rasm_diag
opening Registry/registry.elec
including Registry/registry.elec
opening Registry/registry.bdy_perturb
including Registry/registry.bdy_perturb
opening Registry/registry.hyb_coord
including Registry/registry.hyb_coord
opening Registry/registry.new3d_wif
including Registry/registry.new3d_wif
opening Registry/registry.trad_fields
including Registry/registry.trad_fields
opening Registry/registry.solar_fields
including Registry/registry.solar_fields
opening Registry/registry.diags
including Registry/registry.diags
opening Registry/registry.CMAQ
including Registry/registry.CMAQ
rm -f hires_timer.o
mpicc -cc=gcc -DFSEEKO64_OK  -o hires_timer.o -c -w -O3 -c   -DDM_PARALLEL -DLANDREAD_STUB=1 -DMAX_HISTORY=25 -DNMM_CORE=0 hires_timer.c
rm -f ../share/module_model_constants.o
sed -e "s/^\!.*'.*//" -e "s/^ *\!.*'.*//" ../share/module_model_constants.F > ../share/module_model_constants.G
/lib/cpp -P -nostdinc -I/home/hnavarro/Desktop/WRF/BUILD_WRF/WRF/inc -DEM_CORE=1 -DNMM_CORE=0 -DNMM_MAX_DIM=2600 -DDA_CORE=0 -DWRFPLUS=0 -DIWORDSIZE=4 -DDWORDSIZE=8 -DRWORDSIZE=4 -DLWORDSIZE=4 -DNONSTANDARD_SYSTEM_SUBR  -DWRF_USE_CLM  -DDM_PARALLEL -DNETCDF -DLANDREAD_STUB=1 -DUSE_ALLOCATABLES -Dwrfmodel -DGRIB1 -DINTIO -DKEEP_INT_AROUND -DLIMIT_ARGS -DBUILD_RRTMG_FAST=0 -DBUILD_RRTMK=0 -DBUILD_SBM_FAST=1 -DSHOW_ALL_VARS_USED=0 -DCONFIG_BUF_LEN=65536 -DMAX_DOMAINS_F=21 -DMAX_HISTORY=25 -DNMM_NEST=0 -DWRF_CHEM -DBUILD_CHEM=1 -I. -traditional-cpp   ../share/module_model_constants.G  > ../share/module_model_constants.bb
/home/hnavarro/Desktop/WRF/BUILD_WRF/WRF/tools/standard.exe ../share/module_model_constants.bb | /lib/cpp -P -nostdinc -traditional-cpp > ../share/module_model_constants.f90
rm -f ../share/module_model_constants.G ../share/module_model_constants.bb
time mpif90 -f90=gfortran -o ../share/module_model_constants.o -c -O2 -ftree-vectorize -funroll-loops -w -ffree-form -ffree-line-length-none -fconvert=big-endian -frecord-marker=4 -fallow-argument-mismatch -fallow-invalid-boz   -I../dyn_em  -I/home/hnavarro/Desktop/WRF/BUILD_WRF/WRF/external/esmf_time_f90  -I/home/hnavarro/Desktop/WRF/BUILD_WRF/WRF/main -I/home/hnavarro/Desktop/WRF/BUILD_WRF/WRF/external/io_netcdf -I/home/hnavarro/Desktop/WRF/BUILD_WRF/WRF/external/io_int -I/home/hnavarro/Desktop/WRF/BUILD_WRF/WRF/frame -I/home/hnavarro/Desktop/WRF/BUILD_WRF/WRF/share -I/home/hnavarro/Desktop/WRF/BUILD_WRF/WRF/phys -I/home/hnavarro/Desktop/WRF/BUILD_WRF/WRF/wrftladj -I/home/hnavarro/Desktop/WRF/BUILD_WRF/WRF/chem -I/home/hnavarro/Desktop/WRF/BUILD_WRF/WRF/inc -I/home/hnavarro/Desktop/WRF/Install-WRF-Chem/LIBRARIES/netcdf/include    ../share/module_model_constants.f90
0.02user 0.04system 0:00.06elapsed 98%CPU (0avgtext+0avgdata 23168maxresident)k
0inputs+24outputs (0major+7369minor)pagefaults 0swaps
if [ "m4 -G" = NA ] ; then \
  /bin/cp ../arch/md_calls.inc . ; \
else \
  m4 -G md_calls.m4 > md_calls.inc ; \
fi
/lib/cpp -P -nostdinc -DEM_CORE=1 -DNMM_CORE=0 -DNMM_MAX_DIM=2600 -DDA_CORE=0 -DWRFPLUS=0 -DIWORDSIZE=4 -DDWORDSIZE=8 -DRWORDSIZE=4 -DLWORDSIZE=4 -DNONSTANDARD_SYSTEM_SUBR  -DWRF_USE_CLM  -DDM_PARALLEL -DNETCDF -DLANDREAD_STUB=1 -DUSE_ALLOCATABLES -Dwrfmodel -DGRIB1 -DINTIO -DKEEP_INT_AROUND -DLIMIT_ARGS -DBUILD_RRTMG_FAST=0 -DBUILD_RRTMK=0 -DBUILD_SBM_FAST=1 -DSHOW_ALL_VARS_USED=0 -DCONFIG_BUF_LEN=65536 -DMAX_DOMAINS_F=21 -DMAX_HISTORY=25 -DNMM_NEST=0 -DWRF_CHEM -DBUILD_CHEM=1 -I. -traditional-cpp  -I../inc module_internal_header_util.F > module_internal_header_util.f90
gfortran -c    -w -ffree-form -ffree-line-length-none -fconvert=big-endian -frecord-marker=4 -fallow-argument-mismatch -fallow-invalid-boz  module_internal_header_util.f90
mpicc -cc=gcc -DFSEEKO64_OK  -c -w -O3 -c   -DDM_PARALLEL -DLANDREAD_STUB=1 -DMAX_HISTORY=25 -DNMM_CORE=0 wrf_num_bytes_between.c
rm -f libmassv.o
sed -e "s/^\!.*'.*//" -e "s/^ *\!.*'.*//" libmassv.F > libmassv.G
/lib/cpp -P -nostdinc -I/home/hnavarro/Desktop/WRF/BUILD_WRF/WRF/inc -DEM_CORE=1 -DNMM_CORE=0 -DNMM_MAX_DIM=2600 -DDA_CORE=0 -DWRFPLUS=0 -DIWORDSIZE=4 -DDWORDSIZE=8 -DRWORDSIZE=4 -DLWORDSIZE=4 -DNONSTANDARD_SYSTEM_SUBR  -DWRF_USE_CLM  -DDM_PARALLEL -DNETCDF -DLANDREAD_STUB=1 -DUSE_ALLOCATABLES -Dwrfmodel -DGRIB1 -DINTIO -DKEEP_INT_AROUND -DLIMIT_ARGS -DBUILD_RRTMG_FAST=0 -DBUILD_RRTMK=0 -DBUILD_SBM_FAST=1 -DSHOW_ALL_VARS_USED=0 -DCONFIG_BUF_LEN=65536 -DMAX_DOMAINS_F=21 -DMAX_HISTORY=25 -DNMM_NEST=0 -DWRF_CHEM -DBUILD_CHEM=1 -I. -traditional-cpp   libmassv.G  > libmassv.bb
/home/hnavarro/Desktop/WRF/BUILD_WRF/WRF/tools/standard.exe libmassv.bb | /lib/cpp -P -nostdinc -traditional-cpp > libmassv.f90
rm -f libmassv.G libmassv.bb
time mpif90 -f90=gfortran -o libmassv.o -c -O2 -ftree-vectorize -funroll-loops -w -ffree-form -ffree-line-length-none -fconvert=big-endian -frecord-marker=4 -fallow-argument-mismatch -fallow-invalid-boz   -I../dyn_em  -I/home/hnavarro/Desktop/WRF/BUILD_WRF/WRF/external/esmf_time_f90  -I/home/hnavarro/Desktop/WRF/BUILD_WRF/WRF/main -I/home/hnavarro/Desktop/WRF/BUILD_WRF/WRF/external/io_netcdf -I/home/hnavarro/Desktop/WRF/BUILD_WRF/WRF/external/io_int -I/home/hnavarro/Desktop/WRF/BUILD_WRF/WRF/frame -I/home/hnavarro/Desktop/WRF/BUILD_WRF/WRF/share -I/home/hnavarro/Desktop/WRF/BUILD_WRF/WRF/phys -I/home/hnavarro/Desktop/WRF/BUILD_WRF/WRF/wrftladj -I/home/hnavarro/Desktop/WRF/BUILD_WRF/WRF/chem -I/home/hnavarro/Desktop/WRF/BUILD_WRF/WRF/inc -I/home/hnavarro/Desktop/WRF/Install-WRF-Chem/LIBRARIES/netcdf/include    libmassv.f90
0.31user 0.05system 0:00.37elapsed 98%CPU (0avgtext+0avgdata 38656maxresident)k
0inputs+336outputs (0major+11272minor)pagefaults 0swaps
rm -f collect_on_comm.o
mpicc -cc=gcc -DFSEEKO64_OK  -o collect_on_comm.o -c -w -O3 -c   -DDM_PARALLEL -DLANDREAD_STUB=1 -DMAX_HISTORY=25 -DNMM_CORE=0 collect_on_comm.c
mpicc -cc=gcc -DFSEEKO64_OK  -c -w -O3 -c   -DDM_PARALLEL -DLANDREAD_STUB=1 -DMAX_HISTORY=25 -DNMM_CORE=0 -DIWORDSIZE=4 pack_utils.c
rm -f module_wrf_error.o
sed -e "s/^\!.*'.*//" -e "s/^ *\!.*'.*//" module_wrf_error.F > module_wrf_error.G
/lib/cpp -P -nostdinc -I/home/hnavarro/Desktop/WRF/BUILD_WRF/WRF/inc -DEM_CORE=1 -DNMM_CORE=0 -DNMM_MAX_DIM=2600 -DDA_CORE=0 -DWRFPLUS=0 -DIWORDSIZE=4 -DDWORDSIZE=8 -DRWORDSIZE=4 -DLWORDSIZE=4 -DNONSTANDARD_SYSTEM_SUBR  -DWRF_USE_CLM  -DDM_PARALLEL -DNETCDF -DLANDREAD_STUB=1 -DUSE_ALLOCATABLES -Dwrfmodel -DGRIB1 -DINTIO -DKEEP_INT_AROUND -DLIMIT_ARGS -DBUILD_RRTMG_FAST=0 -DBUILD_RRTMK=0 -DBUILD_SBM_FAST=1 -DSHOW_ALL_VARS_USED=0 -DCONFIG_BUF_LEN=65536 -DMAX_DOMAINS_F=21 -DMAX_HISTORY=25 -DNMM_NEST=0 -DWRF_CHEM -DBUILD_CHEM=1 -I. -traditional-cpp   module_wrf_error.G  > module_wrf_error.bb
/home/hnavarro/Desktop/WRF/BUILD_WRF/WRF/tools/standard.exe module_wrf_error.bb | /lib/cpp -P -nostdinc -traditional-cpp > module_wrf_error.f90
rm -f module_wrf_error.G module_wrf_error.bb
time mpif90 -f90=gfortran -o module_wrf_error.o -c -O2 -ftree-vectorize -funroll-loops -w -ffree-form -ffree-line-length-none -fconvert=big-endian -frecord-marker=4 -fallow-argument-mismatch -fallow-invalid-boz   -I../dyn_em  -I/home/hnavarro/Desktop/WRF/BUILD_WRF/WRF/external/esmf_time_f90  -I/home/hnavarro/Desktop/WRF/BUILD_WRF/WRF/main -I/home/hnavarro/Desktop/WRF/BUILD_WRF/WRF/external/io_netcdf -I/home/hnavarro/Desktop/WRF/BUILD_WRF/WRF/external/io_int -I/home/hnavarro/Desktop/WRF/BUILD_WRF/WRF/frame -I/home/hnavarro/Desktop/WRF/BUILD_WRF/WRF/share -I/home/hnavarro/Desktop/WRF/BUILD_WRF/WRF/phys -I/home/hnavarro/Desktop/WRF/BUILD_WRF/WRF/wrftladj -I/home/hnavarro/Desktop/WRF/BUILD_WRF/WRF/chem -I/home/hnavarro/Desktop/WRF/BUILD_WRF/WRF/inc -I/home/hnavarro/Desktop/WRF/Install-WRF-Chem/LIBRARIES/netcdf/include    module_wrf_error.f90
0.07user 0.06system 0:00.13elapsed 100%CPU (0avgtext+0avgdata 29568maxresident)k
72inputs+80outputs (2major+8197minor)pagefaults 0swaps
rm -f module_sm.o
sed -e "s/^\!.*'.*//" -e "s/^ *\!.*'.*//" module_sm.F > module_sm.G
/lib/cpp -P -nostdinc -I/home/hnavarro/Desktop/WRF/BUILD_WRF/WRF/inc -DEM_CORE=1 -DNMM_CORE=0 -DNMM_MAX_DIM=2600 -DDA_CORE=0 -DWRFPLUS=0 -DIWORDSIZE=4 -DDWORDSIZE=8 -DRWORDSIZE=4 -DLWORDSIZE=4 -DNONSTANDARD_SYSTEM_SUBR  -DWRF_USE_CLM  -DDM_PARALLEL -DNETCDF -DLANDREAD_STUB=1 -DUSE_ALLOCATABLES -Dwrfmodel -DGRIB1 -DINTIO -DKEEP_INT_AROUND -DLIMIT_ARGS -DBUILD_RRTMG_FAST=0 -DBUILD_RRTMK=0 -DBUILD_SBM_FAST=1 -DSHOW_ALL_VARS_USED=0 -DCONFIG_BUF_LEN=65536 -DMAX_DOMAINS_F=21 -DMAX_HISTORY=25 -DNMM_NEST=0 -DWRF_CHEM -DBUILD_CHEM=1 -I. -traditional-cpp   module_sm.G  > module_sm.bb
/home/hnavarro/Desktop/WRF/BUILD_WRF/WRF/tools/standard.exe module_sm.bb | /lib/cpp -P -nostdinc -traditional-cpp > module_sm.f90
rm -f module_sm.G module_sm.bb
time mpif90 -f90=gfortran -o module_sm.o -c -O2 -ftree-vectorize -funroll-loops -w -ffree-form -ffree-line-length-none -fconvert=big-endian -frecord-marker=4 -fallow-argument-mismatch -fallow-invalid-boz   -I../dyn_em  -I/home/hnavarro/Desktop/WRF/BUILD_WRF/WRF/external/esmf_time_f90  -I/home/hnavarro/Desktop/WRF/BUILD_WRF/WRF/main -I/home/hnavarro/Desktop/WRF/BUILD_WRF/WRF/external/io_netcdf -I/home/hnavarro/Desktop/WRF/BUILD_WRF/WRF/external/io_int -I/home/hnavarro/Desktop/WRF/BUILD_WRF/WRF/frame -I/home/hnavarro/Desktop/WRF/BUILD_WRF/WRF/share -I/home/hnavarro/Desktop/WRF/BUILD_WRF/WRF/phys -I/home/hnavarro/Desktop/WRF/BUILD_WRF/WRF/wrftladj -I/home/hnavarro/Desktop/WRF/BUILD_WRF/WRF/chem -I/home/hnavarro/Desktop/WRF/BUILD_WRF/WRF/inc -I/home/hnavarro/Desktop/WRF/Install-WRF-Chem/LIBRARIES/netcdf/include    module_sm.f90
0.02user 0.05system 0:00.08elapsed 96%CPU (0avgtext+0avgdata 23296maxresident)k
8inputs+24outputs (1major+7474minor)pagefaults 0swaps
rm -f wrf_debug.o
sed -e "s/^\!.*'.*//" -e "s/^ *\!.*'.*//" wrf_debug.F > wrf_debug.G
/lib/cpp -P -nostdinc -I/home/hnavarro/Desktop/WRF/BUILD_WRF/WRF/inc -DEM_CORE=1 -DNMM_CORE=0 -DNMM_MAX_DIM=2600 -DDA_CORE=0 -DWRFPLUS=0 -DIWORDSIZE=4 -DDWORDSIZE=8 -DRWORDSIZE=4 -DLWORDSIZE=4 -DNONSTANDARD_SYSTEM_SUBR  -DWRF_USE_CLM  -DDM_PARALLEL -DNETCDF -DLANDREAD_STUB=1 -DUSE_ALLOCATABLES -Dwrfmodel -DGRIB1 -DINTIO -DKEEP_INT_AROUND -DLIMIT_ARGS -DBUILD_RRTMG_FAST=0 -DBUILD_RRTMK=0 -DBUILD_SBM_FAST=1 -DSHOW_ALL_VARS_USED=0 -DCONFIG_BUF_LEN=65536 -DMAX_DOMAINS_F=21 -DMAX_HISTORY=25 -DNMM_NEST=0 -DWRF_CHEM -DBUILD_CHEM=1 -I. -traditional-cpp   wrf_debug.G  > wrf_debug.bb
/home/hnavarro/Desktop/WRF/BUILD_WRF/WRF/tools/standard.exe wrf_debug.bb | /lib/cpp -P -nostdinc -traditional-cpp > wrf_debug.f90
rm -f wrf_debug.G wrf_debug.bb
time mpif90 -f90=gfortran -o wrf_debug.o -c -O2 -ftree-vectorize -funroll-loops -w -ffree-form -ffree-line-length-none -fconvert=big-endian -frecord-marker=4 -fallow-argument-mismatch -fallow-invalid-boz   -I../dyn_em  -I/home/hnavarro/Desktop/WRF/BUILD_WRF/WRF/external/esmf_time_f90  -I/home/hnavarro/Desktop/WRF/BUILD_WRF/WRF/main -I/home/hnavarro/Desktop/WRF/BUILD_WRF/WRF/external/io_netcdf -I/home/hnavarro/Desktop/WRF/BUILD_WRF/WRF/external/io_int -I/home/hnavarro/Desktop/WRF/BUILD_WRF/WRF/frame -I/home/hnavarro/Desktop/WRF/BUILD_WRF/WRF/share -I/home/hnavarro/Desktop/WRF/BUILD_WRF/WRF/phys -I/home/hnavarro/Desktop/WRF/BUILD_WRF/WRF/wrftladj -I/home/hnavarro/Desktop/WRF/BUILD_WRF/WRF/chem -I/home/hnavarro/Desktop/WRF/BUILD_WRF/WRF/inc -I/home/hnavarro/Desktop/WRF/Install-WRF-Chem/LIBRARIES/netcdf/include    wrf_debug.f90
0.02user 0.04system 0:00.07elapsed 96%CPU (0avgtext+0avgdata 26112maxresident)k
0inputs+16outputs (0major+7758minor)pagefaults 0swaps
Packages in gen_scalar_indices1
WARNING: dfi_qzi is not a member of 4D array dfi_scalar
WARNING: ts_swp_tot is not a member of 4D array state
WARNING: ts_re_qs_tot is not a member of 4D array state
WARNING: ts_tau_qs_tot is not a member of 4D array state
WARNING: fire_smoke is not a member of 4D array state
WARNING: fad0_urb2d is not a member of 4D array state
WARNING: fad135_urb2d is not a member of 4D array state
WARNING: fad45_urb2d is not a member of 4D array state
WARNING: pad_urb2d is not a member of 4D array state
WARNING: fad90_urb2d is not a member of 4D array state
WARNING: rad_urb2d is not a member of 4D array state
WARNING: car_urb2d is not a member of 4D array state
WARNING: h2w_urb2d is not a member of 4D array state
WARNING: svf_urb2d is not a member of 4D array state
WARNING: z0s_urb2d is not a member of 4D array state
WARNING: z0r_urb2d is not a member of 4D array state
WARNING: z0m_urb2d is not a member of 4D array state
WARNING: zds_urb2d is not a member of 4D array state
WARNING: zdm_urb2d is not a member of 4D array state
WARNING: zdr_urb2d is not a member of 4D array state
REGISTRY WARNING: o3rad: o3rad_b is not a variable or number; ignoring it
REGISTRY WARNING: o3rad: o3rad_bt is not a variable or number; ignoring it
REGISTRY WARNING: aerod(grid%sm31,grid%sm32,grid%sm33,itrace): aerod_b is not a variable or number; ignoring it
REGISTRY WARNING: aerod(grid%sm31,grid%sm32,grid%sm33,itrace): aerod_bt is not a variable or number; ignoring it
REGISTRY WARNING: aerocu(grid%sm31,grid%sm32,grid%sm33,itrace): aerocu_b is not a variable or number; ignoring it
REGISTRY WARNING: aerocu(grid%sm31,grid%sm32,grid%sm33,itrace): aerocu_bt is not a variable or number; ignoring it
REGISTRY WARNING: om_tmp: om_tmp_b is not a variable or number; ignoring it
REGISTRY WARNING: om_tmp: om_tmp_bt is not a variable or number; ignoring it
REGISTRY WARNING: om_s: om_s_b is not a variable or number; ignoring it
REGISTRY WARNING: om_s: om_s_bt is not a variable or number; ignoring it
REGISTRY WARNING: om_u: om_u_b is not a variable or number; ignoring it
REGISTRY WARNING: om_u: om_u_bt is not a variable or number; ignoring it
REGISTRY WARNING: om_v: om_v_b is not a variable or number; ignoring it
REGISTRY WARNING: om_v: om_v_bt is not a variable or number; ignoring it
REGISTRY WARNING: om_ml: om_ml_b is not a variable or number; ignoring it
REGISTRY WARNING: om_ml: om_ml_bt is not a variable or number; ignoring it
REGISTRY WARNING: field_sf: field_sf_b is not a variable or number; ignoring it
REGISTRY WARNING: field_sf: field_sf_bt is not a variable or number; ignoring it
REGISTRY WARNING: field_pbl: field_pbl_b is not a variable or number; ignoring it
REGISTRY WARNING: field_pbl: field_pbl_bt is not a variable or number; ignoring it
REGISTRY WARNING: field_conv: field_conv_b is not a variable or number; ignoring it
REGISTRY WARNING: field_conv: field_conv_bt is not a variable or number; ignoring it
REGISTRY WARNING: ru_tendf_stoch: ru_tendf_stoch_b is not a variable or number; ignoring it
REGISTRY WARNING: ru_tendf_stoch: ru_tendf_stoch_bt is not a variable or number; ignoring it
REGISTRY WARNING: rv_tendf_stoch: rv_tendf_stoch_b is not a variable or number; ignoring it
REGISTRY WARNING: rv_tendf_stoch: rv_tendf_stoch_bt is not a variable or number; ignoring it
REGISTRY WARNING: rt_tendf_stoch: rt_tendf_stoch_b is not a variable or number; ignoring it
REGISTRY WARNING: rt_tendf_stoch: rt_tendf_stoch_bt is not a variable or number; ignoring it
REGISTRY WARNING: rand_pert: rand_pert_b is not a variable or number; ignoring it
REGISTRY WARNING: rand_pert: rand_pert_bt is not a variable or number; ignoring it
REGISTRY WARNING: pattern_spp_conv: pattern_spp_conv_b is not a variable or number; ignoring it
REGISTRY WARNING: pattern_spp_conv: pattern_spp_conv_bt is not a variable or number; ignoring it
REGISTRY WARNING: pattern_spp_pbl: pattern_spp_pbl_b is not a variable or number; ignoring it
REGISTRY WARNING: pattern_spp_pbl: pattern_spp_pbl_bt is not a variable or number; ignoring it
REGISTRY WARNING: pattern_spp_lsm: pattern_spp_lsm_b is not a variable or number; ignoring it
REGISTRY WARNING: pattern_spp_lsm: pattern_spp_lsm_bt is not a variable or number; ignoring it
REGISTRY WARNING: rstoch: rstoch_b is not a variable or number; ignoring it
REGISTRY WARNING: rstoch: rstoch_bt is not a variable or number; ignoring it
REGISTRY WARNING: field_u_tend_perturb: field_u_tend_perturb_b is not a variable or number; ignoring it
REGISTRY WARNING: field_u_tend_perturb: field_u_tend_perturb_bt is not a variable or number; ignoring it
REGISTRY WARNING: field_v_tend_perturb: field_v_tend_perturb_b is not a variable or number; ignoring it
REGISTRY WARNING: field_v_tend_perturb: field_v_tend_perturb_bt is not a variable or number; ignoring it
REGISTRY WARNING: field_t_tend_perturb: field_t_tend_perturb_b is not a variable or number; ignoring it
REGISTRY WARNING: field_t_tend_perturb: field_t_tend_perturb_bt is not a variable or number; ignoring it
ADVISORY: RSL_LITE version of gen_comms is linked in with registry program.
rm -f module_state_description.o
/lib/cpp -P -nostdinc -I/home/hnavarro/Desktop/WRF/BUILD_WRF/WRF/inc -DEM_CORE=1 -DNMM_CORE=0 -DNMM_MAX_DIM=2600 -DDA_CORE=0 -DWRFPLUS=0 -DIWORDSIZE=4 -DDWORDSIZE=8 -DRWORDSIZE=4 -DLWORDSIZE=4 -DNONSTANDARD_SYSTEM_SUBR  -DWRF_USE_CLM  -DDM_PARALLEL -DNETCDF -DLANDREAD_STUB=1 -DUSE_ALLOCATABLES -Dwrfmodel -DGRIB1 -DINTIO -DKEEP_INT_AROUND -DLIMIT_ARGS -DBUILD_RRTMG_FAST=0 -DBUILD_RRTMK=0 -DBUILD_SBM_FAST=1 -DSHOW_ALL_VARS_USED=0 -DCONFIG_BUF_LEN=65536 -DMAX_DOMAINS_F=21 -DMAX_HISTORY=25 -DNMM_NEST=0 -DWRF_CHEM -DBUILD_CHEM=1 -I. -traditional-cpp   module_state_description.F  > module_state_description.bb
/home/hnavarro/Desktop/WRF/BUILD_WRF/WRF/tools/standard.exe module_state_description.bb | /lib/cpp -P -nostdinc -traditional-cpp > module_state_description.f90
rm -f module_state_description.b module_state_description.bb
time mpif90 -f90=gfortran -c   -O0 -w -ffree-form -ffree-line-length-none -fconvert=big-endian -frecord-marker=4 -fallow-argument-mismatch -fallow-invalid-boz  -I../dyn_em  -I/home/hnavarro/Desktop/WRF/BUILD_WRF/WRF/external/esmf_time_f90  -I/home/hnavarro/Desktop/WRF/BUILD_WRF/WRF/main -I/home/hnavarro/Desktop/WRF/BUILD_WRF/WRF/external/io_netcdf -I/home/hnavarro/Desktop/WRF/BUILD_WRF/WRF/external/io_int -I/home/hnavarro/Desktop/WRF/BUILD_WRF/WRF/frame -I/home/hnavarro/Desktop/WRF/BUILD_WRF/WRF/share -I/home/hnavarro/Desktop/WRF/BUILD_WRF/WRF/phys -I/home/hnavarro/Desktop/WRF/BUILD_WRF/WRF/wrftladj -I/home/hnavarro/Desktop/WRF/BUILD_WRF/WRF/chem -I/home/hnavarro/Desktop/WRF/BUILD_WRF/WRF/inc -I/home/hnavarro/Desktop/WRF/Install-WRF-Chem/LIBRARIES/netcdf/include   module_state_description.f90
0.25user 0.07system 0:00.32elapsed 99%CPU (0avgtext+0avgdata 34884maxresident)k
16inputs+4128outputs (2major+12086minor)pagefaults 0swaps
rm -f module_driver_constants.o
rm -f module_streams.o
sed -e "s/^\!.*'.*//" -e "s/^ *\!.*'.*//" module_driver_constants.F > module_driver_constants.G
sed -e "s/^\!.*'.*//" -e "s/^ *\!.*'.*//" module_streams.F > module_streams.G
/lib/cpp -P -nostdinc -I/home/hnavarro/Desktop/WRF/BUILD_WRF/WRF/inc -DEM_CORE=1 -DNMM_CORE=0 -DNMM_MAX_DIM=2600 -DDA_CORE=0 -DWRFPLUS=0 -DIWORDSIZE=4 -DDWORDSIZE=8 -DRWORDSIZE=4 -DLWORDSIZE=4 -DNONSTANDARD_SYSTEM_SUBR  -DWRF_USE_CLM  -DDM_PARALLEL -DNETCDF -DLANDREAD_STUB=1 -DUSE_ALLOCATABLES -Dwrfmodel -DGRIB1 -DINTIO -DKEEP_INT_AROUND -DLIMIT_ARGS -DBUILD_RRTMG_FAST=0 -DBUILD_RRTMK=0 -DBUILD_SBM_FAST=1 -DSHOW_ALL_VARS_USED=0 -DCONFIG_BUF_LEN=65536 -DMAX_DOMAINS_F=21 -DMAX_HISTORY=25 -DNMM_NEST=0 -DWRF_CHEM -DBUILD_CHEM=1 -I. -traditional-cpp   module_driver_constants.G  > module_driver_constants.bb
/lib/cpp -P -nostdinc -I/home/hnavarro/Desktop/WRF/BUILD_WRF/WRF/inc -DEM_CORE=1 -DNMM_CORE=0 -DNMM_MAX_DIM=2600 -DDA_CORE=0 -DWRFPLUS=0 -DIWORDSIZE=4 -DDWORDSIZE=8 -DRWORDSIZE=4 -DLWORDSIZE=4 -DNONSTANDARD_SYSTEM_SUBR  -DWRF_USE_CLM  -DDM_PARALLEL -DNETCDF -DLANDREAD_STUB=1 -DUSE_ALLOCATABLES -Dwrfmodel -DGRIB1 -DINTIO -DKEEP_INT_AROUND -DLIMIT_ARGS -DBUILD_RRTMG_FAST=0 -DBUILD_RRTMK=0 -DBUILD_SBM_FAST=1 -DSHOW_ALL_VARS_USED=0 -DCONFIG_BUF_LEN=65536 -DMAX_DOMAINS_F=21 -DMAX_HISTORY=25 -DNMM_NEST=0 -DWRF_CHEM -DBUILD_CHEM=1 -I. -traditional-cpp   module_streams.G  > module_streams.bb
/home/hnavarro/Desktop/WRF/BUILD_WRF/WRF/tools/standard.exe module_streams.bb | /lib/cpp -P -nostdinc -traditional-cpp > module_streams.f90
/home/hnavarro/Desktop/WRF/BUILD_WRF/WRF/tools/standard.exe module_driver_constants.bb | /lib/cpp -P -nostdinc -traditional-cpp > module_driver_constants.f90
rm -f module_streams.G module_streams.bb
rm -f module_driver_constants.G module_driver_constants.bb
time mpif90 -f90=gfortran -o module_streams.o -c -O2 -ftree-vectorize -funroll-loops -w -ffree-form -ffree-line-length-none -fconvert=big-endian -frecord-marker=4 -fallow-argument-mismatch -fallow-invalid-boz   -I../dyn_em  -I/home/hnavarro/Desktop/WRF/BUILD_WRF/WRF/external/esmf_time_f90  -I/home/hnavarro/Desktop/WRF/BUILD_WRF/WRF/main -I/home/hnavarro/Desktop/WRF/BUILD_WRF/WRF/external/io_netcdf -I/home/hnavarro/Desktop/WRF/BUILD_WRF/WRF/external/io_int -I/home/hnavarro/Desktop/WRF/BUILD_WRF/WRF/frame -I/home/hnavarro/Desktop/WRF/BUILD_WRF/WRF/share -I/home/hnavarro/Desktop/WRF/BUILD_WRF/WRF/phys -I/home/hnavarro/Desktop/WRF/BUILD_WRF/WRF/wrftladj -I/home/hnavarro/Desktop/WRF/BUILD_WRF/WRF/chem -I/home/hnavarro/Desktop/WRF/BUILD_WRF/WRF/inc -I/home/hnavarro/Desktop/WRF/Install-WRF-Chem/LIBRARIES/netcdf/include    module_streams.f90
time mpif90 -f90=gfortran -o module_driver_constants.o -c -O2 -ftree-vectorize -funroll-loops -w -ffree-form -ffree-line-length-none -fconvert=big-endian -frecord-marker=4 -fallow-argument-mismatch -fallow-invalid-boz   -I../dyn_em  -I/home/hnavarro/Desktop/WRF/BUILD_WRF/WRF/external/esmf_time_f90  -I/home/hnavarro/Desktop/WRF/BUILD_WRF/WRF/main -I/home/hnavarro/Desktop/WRF/BUILD_WRF/WRF/external/io_netcdf -I/home/hnavarro/Desktop/WRF/BUILD_WRF/WRF/external/io_int -I/home/hnavarro/Desktop/WRF/BUILD_WRF/WRF/frame -I/home/hnavarro/Desktop/WRF/BUILD_WRF/WRF/share -I/home/hnavarro/Desktop/WRF/BUILD_WRF/WRF/phys -I/home/hnavarro/Desktop/WRF/BUILD_WRF/WRF/wrftladj -I/home/hnavarro/Desktop/WRF/BUILD_WRF/WRF/chem -I/home/hnavarro/Desktop/WRF/BUILD_WRF/WRF/inc -I/home/hnavarro/Desktop/WRF/Install-WRF-Chem/LIBRARIES/netcdf/include    module_driver_constants.f90
0.03user 0.04system 0:00.07elapsed 98%CPU (0avgtext+0avgdata 24064maxresident)k
0inputs+24outputs (5major+7681minor)pagefaults 0swaps
0.03user 0.04system 0:00.08elapsed 98%CPU (0avgtext+0avgdarm -f module_timing.o
ta 23168maxresident)k
0inputs+24outputs (4major+7412minor)pagefaults 0swaps
rm -f module_domain_type.o
sed -e "s/^\!.*'.*//" -e "s/^ *\!.*'.*//" module_timing.F > module_timing.G
/lib/cpp -P -nostdinc -I/home/hnavarro/Desktop/WRF/BUILD_WRF/WRF/inc -DEM_CORE=1 -DNMM_CORE=0 -DNMM_MAX_DIM=2600 -DDA_CORE=0 -DWRFPLUS=0 -DIWORDSIZE=4 -DDWORDSIZE=8 -DRWORDSIZE=4 -DLWORDSIZE=4 -DNONSTANDARD_SYSTEM_SUBR  -DWRF_USE_CLM  -DDM_PARALLEL -DNETCDF -DLANDREAD_STUB=1 -DUSE_ALLOCATABLES -Dwrfmodel -DGRIB1 -DINTIO -DKEEP_INT_AROUND -DLIMIT_ARGS -DBUILD_RRTMG_FAST=0 -DBUILD_RRTMK=0 -DBUILD_SBM_FAST=1 -DSHOW_ALL_VARS_USED=0 -DCONFIG_BUF_LEN=65536 -DMAX_DOMAINS_F=21 -DMAX_HISTORY=25 -DNMM_NEST=0 -DWRF_CHEM -DBUILD_CHEM=1 -I. -traditional-cpp   module_domain_type.F  > module_domain_type.bb
/lib/cpp -P -nostdinc -I/home/hnavarro/Desktop/WRF/BUILD_WRF/WRF/inc -DEM_CORE=1 -DNMM_CORE=0 -DNMM_MAX_DIM=2600 -DDA_CORE=0 -DWRFPLUS=0 -DIWORDSIZE=4 -DDWORDSIZE=8 -DRWORDSIZE=4 -DLWORDSIZE=4 -DNONSTANDARD_SYSTEM_SUBR  -DWRF_USE_CLM  -DDM_PARALLEL -DNETCDF -DLANDREAD_STUB=1 -DUSE_ALLOCATABLES -Dwrfmodel -DGRIB1 -DINTIO -DKEEP_INT_AROUND -DLIMIT_ARGS -DBUILD_RRTMG_FAST=0 -DBUILD_RRTMK=0 -DBUILD_SBM_FAST=1 -DSHOW_ALL_VARS_USED=0 -DCONFIG_BUF_LEN=65536 -DMAX_DOMAINS_F=21 -DMAX_HISTORY=25 -DNMM_NEST=0 -DWRF_CHEM -DBUILD_CHEM=1 -I. -traditional-cpp   module_timing.G  > module_timing.bb
/home/hnavarro/Desktop/WRF/BUILD_WRF/WRF/tools/standard.exe module_timing.bb | /lib/cpp -P -nostdinc -traditional-cpp > module_timing.f90
/home/hnavarro/Desktop/WRF/BUILD_WRF/WRF/tools/standard.exe module_domain_type.bb | /lib/cpp -P -nostdinc -traditional-cpp > module_domain_type.f90
rm -f module_timing.G module_timing.bb
time mpif90 -f90=gfortran -o module_timing.o -c -O2 -ftree-vectorize -funroll-loops -w -ffree-form -ffree-line-length-none -fconvert=big-endian -frecord-marker=4 -fallow-argument-mismatch -fallow-invalid-boz   -I../dyn_em  -I/home/hnavarro/Desktop/WRF/BUILD_WRF/WRF/external/esmf_time_f90  -I/home/hnavarro/Desktop/WRF/BUILD_WRF/WRF/main -I/home/hnavarro/Desktop/WRF/BUILD_WRF/WRF/external/io_netcdf -I/home/hnavarro/Desktop/WRF/BUILD_WRF/WRF/external/io_int -I/home/hnavarro/Desktop/WRF/BUILD_WRF/WRF/frame -I/home/hnavarro/Desktop/WRF/BUILD_WRF/WRF/share -I/home/hnavarro/Desktop/WRF/BUILD_WRF/WRF/phys -I/home/hnavarro/Desktop/WRF/BUILD_WRF/WRF/wrftladj -I/home/hnavarro/Desktop/WRF/BUILD_WRF/WRF/chem -I/home/hnavarro/Desktop/WRF/BUILD_WRF/WRF/inc -I/home/hnavarro/Desktop/WRF/Install-WRF-Chem/LIBRARIES/netcdf/include    module_timing.f90
rm -f module_domain_type.b module_domain_type.bb
time mpif90 -f90=gfortran -c   -O0 -w -ffree-form -ffree-line-length-none -fconvert=big-endian -frecord-marker=4 -fallow-argument-mismatch -fallow-invalid-boz  -I../dyn_em  -I/home/hnavarro/Desktop/WRF/BUILD_WRF/WRF/external/esmf_time_f90  -I/home/hnavarro/Desktop/WRF/BUILD_WRF/WRF/main -I/home/hnavarro/Desktop/WRF/BUILD_WRF/WRF/external/io_netcdf -I/home/hnavarro/Desktop/WRF/BUILD_WRF/WRF/external/io_int -I/home/hnavarro/Desktop/WRF/BUILD_WRF/WRF/frame -I/home/hnavarro/Desktop/WRF/BUILD_WRF/WRF/share -I/home/hnavarro/Desktop/WRF/BUILD_WRF/WRF/phys -I/home/hnavarro/Desktop/WRF/BUILD_WRF/WRF/wrftladj -I/home/hnavarro/Desktop/WRF/BUILD_WRF/WRF/chem -I/home/hnavarro/Desktop/WRF/BUILD_WRF/WRF/inc -I/home/hnavarro/Desktop/WRF/Install-WRF-Chem/LIBRARIES/netcdf/include   module_domain_type.f90
0.05user 0.08system 0:00.13elapsed 100%CPU (0avgtext+0avgdata 27136maxresident)k
0inputs+40outputs (0major+7757minor)pagefaults 0swaps
rm -f module_machine.o
sed -e "s/^\!.*'.*//" -e "s/^ *\!.*'.*//" module_machine.F > module_machine.G
/lib/cpp -P -nostdinc -I/home/hnavarro/Desktop/WRF/BUILD_WRF/WRF/inc -DEM_CORE=1 -DNMM_CORE=0 -DNMM_MAX_DIM=2600 -DDA_CORE=0 -DWRFPLUS=0 -DIWORDSIZE=4 -DDWORDSIZE=8 -DRWORDSIZE=4 -DLWORDSIZE=4 -DNONSTANDARD_SYSTEM_SUBR  -DWRF_USE_CLM  -DDM_PARALLEL -DNETCDF -DLANDREAD_STUB=1 -DUSE_ALLOCATABLES -Dwrfmodel -DGRIB1 -DINTIO -DKEEP_INT_AROUND -DLIMIT_ARGS -DBUILD_RRTMG_FAST=0 -DBUILD_RRTMK=0 -DBUILD_SBM_FAST=1 -DSHOW_ALL_VARS_USED=0 -DCONFIG_BUF_LEN=65536 -DMAX_DOMAINS_F=21 -DMAX_HISTORY=25 -DNMM_NEST=0 -DWRF_CHEM -DBUILD_CHEM=1 -I. -traditional-cpp   module_machine.G  > module_machine.bb
/home/hnavarro/Desktop/WRF/BUILD_WRF/WRF/tools/standard.exe module_machine.bb | /lib/cpp -P -nostdinc -traditional-cpp > module_machine.f90
rm -f module_machine.G module_machine.bb
time mpif90 -f90=gfortran -o module_machine.o -c -O2 -ftree-vectorize -funroll-loops -w -ffree-form -ffree-line-length-none -fconvert=big-endian -frecord-marker=4 -fallow-argument-mismatch -fallow-invalid-boz   -I../dyn_em  -I/home/hnavarro/Desktop/WRF/BUILD_WRF/WRF/external/esmf_time_f90  -I/home/hnavarro/Desktop/WRF/BUILD_WRF/WRF/main -I/home/hnavarro/Desktop/WRF/BUILD_WRF/WRF/external/io_netcdf -I/home/hnavarro/Desktop/WRF/BUILD_WRF/WRF/external/io_int -I/home/hnavarro/Desktop/WRF/BUILD_WRF/WRF/frame -I/home/hnavarro/Desktop/WRF/BUILD_WRF/WRF/share -I/home/hnavarro/Desktop/WRF/BUILD_WRF/WRF/phys -I/home/hnavarro/Desktop/WRF/BUILD_WRF/WRF/wrftladj -I/home/hnavarro/Desktop/WRF/BUILD_WRF/WRF/chem -I/home/hnavarro/Desktop/WRF/BUILD_WRF/WRF/inc -I/home/hnavarro/Desktop/WRF/Install-WRF-Chem/LIBRARIES/netcdf/include    module_machine.f90
0.08user 0.04system 0:00.13elapsed 99%CPU (0avgtext+0avgdata 28228maxresident)k
0inputs+72outputs (0major+8401minor)pagefaults 0swaps
rm -f module_quilt_outbuf_ops.o
sed -e "s/^\!.*'.*//" -e "s/^ *\!.*'.*//" module_quilt_outbuf_ops.F > module_quilt_outbuf_ops.G
/lib/cpp -P -nostdinc -I/home/hnavarro/Desktop/WRF/BUILD_WRF/WRF/inc -DEM_CORE=1 -DNMM_CORE=0 -DNMM_MAX_DIM=2600 -DDA_CORE=0 -DWRFPLUS=0 -DIWORDSIZE=4 -DDWORDSIZE=8 -DRWORDSIZE=4 -DLWORDSIZE=4 -DNONSTANDARD_SYSTEM_SUBR  -DWRF_USE_CLM  -DDM_PARALLEL -DNETCDF -DLANDREAD_STUB=1 -DUSE_ALLOCATABLES -Dwrfmodel -DGRIB1 -DINTIO -DKEEP_INT_AROUND -DLIMIT_ARGS -DBUILD_RRTMG_FAST=0 -DBUILD_RRTMK=0 -DBUILD_SBM_FAST=1 -DSHOW_ALL_VARS_USED=0 -DCONFIG_BUF_LEN=65536 -DMAX_DOMAINS_F=21 -DMAX_HISTORY=25 -DNMM_NEST=0 -DWRF_CHEM -DBUILD_CHEM=1 -I. -traditional-cpp   module_quilt_outbuf_ops.G  > module_quilt_outbuf_ops.bb
/home/hnavarro/Desktop/WRF/BUILD_WRF/WRF/tools/standard.exe module_quilt_outbuf_ops.bb | /lib/cpp -P -nostdinc -traditional-cpp > module_quilt_outbuf_ops.f90
rm -f module_quilt_outbuf_ops.G module_quilt_outbuf_ops.bb
time mpif90 -f90=gfortran -o module_quilt_outbuf_ops.o -c -O2 -ftree-vectorize -funroll-loops -w -ffree-form -ffree-line-length-none -fconvert=big-endian -frecord-marker=4 -fallow-argument-mismatch -fallow-invalid-boz   -I../dyn_em  -I/home/hnavarro/Desktop/WRF/BUILD_WRF/WRF/external/esmf_time_f90  -I/home/hnavarro/Desktop/WRF/BUILD_WRF/WRF/main -I/home/hnavarro/Desktop/WRF/BUILD_WRF/WRF/external/io_netcdf -I/home/hnavarro/Desktop/WRF/BUILD_WRF/WRF/external/io_int -I/home/hnavarro/Desktop/WRF/BUILD_WRF/WRF/frame -I/home/hnavarro/Desktop/WRF/BUILD_WRF/WRF/share -I/home/hnavarro/Desktop/WRF/BUILD_WRF/WRF/phys -I/home/hnavarro/Desktop/WRF/BUILD_WRF/WRF/wrftladj -I/home/hnavarro/Desktop/WRF/BUILD_WRF/WRF/chem -I/home/hnavarro/Desktop/WRF/BUILD_WRF/WRF/inc -I/home/hnavarro/Desktop/WRF/Install-WRF-Chem/LIBRARIES/netcdf/include    module_quilt_outbuf_ops.f90
0.27user 0.07system 0:00.35elapsed 100%CPU (0avgtext+0avgdata 42052maxresident)k
0inputs+952outputs (0major+12252minor)pagefaults 0swaps
rm -f module_configure.o
/lib/cpp -P -nostdinc -I/home/hnavarro/Desktop/WRF/BUILD_WRF/WRF/inc -DEM_CORE=1 -DNMM_CORE=0 -DNMM_MAX_DIM=2600 -DDA_CORE=0 -DWRFPLUS=0 -DIWORDSIZE=4 -DDWORDSIZE=8 -DRWORDSIZE=4 -DLWORDSIZE=4 -DNONSTANDARD_SYSTEM_SUBR  -DWRF_USE_CLM  -DDM_PARALLEL -DNETCDF -DLANDREAD_STUB=1 -DUSE_ALLOCATABLES -Dwrfmodel -DGRIB1 -DINTIO -DKEEP_INT_AROUND -DLIMIT_ARGS -DBUILD_RRTMG_FAST=0 -DBUILD_RRTMK=0 -DBUILD_SBM_FAST=1 -DSHOW_ALL_VARS_USED=0 -DCONFIG_BUF_LEN=65536 -DMAX_DOMAINS_F=21 -DMAX_HISTORY=25 -DNMM_NEST=0 -DWRF_CHEM -DBUILD_CHEM=1 -I. -traditional-cpp   module_configure.F  > module_configure.bb
/home/hnavarro/Desktop/WRF/BUILD_WRF/WRF/tools/standard.exe module_configure.bb | /lib/cpp -P -nostdinc -traditional-cpp > module_configure.f90
rm -f module_configure.b module_configure.bb
time mpif90 -f90=gfortran -c   -O0 -w -ffree-form -ffree-line-length-none -fconvert=big-endian -frecord-marker=4 -fallow-argument-mismatch -fallow-invalid-boz  -I../dyn_em  -I/home/hnavarro/Desktop/WRF/BUILD_WRF/WRF/external/esmf_time_f90  -I/home/hnavarro/Desktop/WRF/BUILD_WRF/WRF/main -I/home/hnavarro/Desktop/WRF/BUILD_WRF/WRF/external/io_netcdf -I/home/hnavarro/Desktop/WRF/BUILD_WRF/WRF/external/io_int -I/home/hnavarro/Desktop/WRF/BUILD_WRF/WRF/frame -I/home/hnavarro/Desktop/WRF/BUILD_WRF/WRF/share -I/home/hnavarro/Desktop/WRF/BUILD_WRF/WRF/phys -I/home/hnavarro/Desktop/WRF/BUILD_WRF/WRF/wrftladj -I/home/hnavarro/Desktop/WRF/BUILD_WRF/WRF/chem -I/home/hnavarro/Desktop/WRF/BUILD_WRF/WRF/inc -I/home/hnavarro/Desktop/WRF/Install-WRF-Chem/LIBRARIES/netcdf/include   module_configure.f90
1.89user 0.07system 0:01.98elapsed 99%CPU (0avgtext+0avgdata 65780maxresident)k
104inputs+560outputs (1major+18989minor)pagefaults 0swaps
rm -f ../inc/deallocs_0.o
sed -e "s/^\!.*'.*//" -e "s/^ *\!.*'.*//" ../inc/deallocs_0.F > ../inc/deallocs_0.G
/lib/cpp -P -nostdinc -I/home/hnavarro/Desktop/WRF/BUILD_WRF/WRF/inc -DEM_CORE=1 -DNMM_CORE=0 -DNMM_MAX_DIM=2600 -DDA_CORE=0 -DWRFPLUS=0 -DIWORDSIZE=4 -DDWORDSIZE=8 -DRWORDSIZE=4 -DLWORDSIZE=4 -DNONSTANDARD_SYSTEM_SUBR  -DWRF_USE_CLM  -DDM_PARALLEL -DNETCDF -DLANDREAD_STUB=1 -DUSE_ALLOCATABLES -Dwrfmodel -DGRIB1 -DINTIO -DKEEP_INT_AROUND -DLIMIT_ARGS -DBUILD_RRTMG_FAST=0 -DBUILD_RRTMK=0 -DBUILD_SBM_FAST=1 -DSHOW_ALL_VARS_USED=0 -DCONFIG_BUF_LEN=65536 -DMAX_DOMAINS_F=21 -DMAX_HISTORY=25 -DNMM_NEST=0 -DWRF_CHEM -DBUILD_CHEM=1 -I. -traditional-cpp   ../inc/deallocs_0.G  > ../inc/deallocs_0.bb
/home/hnavarro/Desktop/WRF/BUILD_WRF/WRF/tools/standard.exe ../inc/deallocs_0.bb | /lib/cpp -P -nostdinc -traditional-cpp > ../inc/deallocs_0.f90
rm -f ../inc/deallocs_0.G ../inc/deallocs_0.bb
time mpif90 -f90=gfortran -o ../inc/deallocs_0.o -c -O2 -ftree-vectorize -funroll-loops -w -ffree-form -ffree-line-length-none -fconvert=big-endian -frecord-marker=4 -fallow-argument-mismatch -fallow-invalid-boz   -I../dyn_em  -I/home/hnavarro/Desktop/WRF/BUILD_WRF/WRF/external/esmf_time_f90  -I/home/hnavarro/Desktop/WRF/BUILD_WRF/WRF/main -I/home/hnavarro/Desktop/WRF/BUILD_WRF/WRF/external/io_netcdf -I/home/hnavarro/Desktop/WRF/BUILD_WRF/WRF/external/io_int -I/home/hnavarro/Desktop/WRF/BUILD_WRF/WRF/frame -I/home/hnavarro/Desktop/WRF/BUILD_WRF/WRF/share -I/home/hnavarro/Desktop/WRF/BUILD_WRF/WRF/phys -I/home/hnavarro/Desktop/WRF/BUILD_WRF/WRF/wrftladj -I/home/hnavarro/Desktop/WRF/BUILD_WRF/WRF/chem -I/home/hnavarro/Desktop/WRF/BUILD_WRF/WRF/inc -I/home/hnavarro/Desktop/WRF/Install-WRF-Chem/LIBRARIES/netcdf/include    ../inc/deallocs_0.f90
0.24user 0.04system 0:00.29elapsed 99%CPU (0avgtext+0avgdata 57380maxresident)k
0inputs+144outputs (0major+16130minor)pagefaults 0swaps
rm -f ../inc/deallocs_1.o
sed -e "s/^\!.*'.*//" -e "s/^ *\!.*'.*//" ../inc/deallocs_1.F > ../inc/deallocs_1.G
/lib/cpp -P -nostdinc -I/home/hnavarro/Desktop/WRF/BUILD_WRF/WRF/inc -DEM_CORE=1 -DNMM_CORE=0 -DNMM_MAX_DIM=2600 -DDA_CORE=0 -DWRFPLUS=0 -DIWORDSIZE=4 -DDWORDSIZE=8 -DRWORDSIZE=4 -DLWORDSIZE=4 -DNONSTANDARD_SYSTEM_SUBR  -DWRF_USE_CLM  -DDM_PARALLEL -DNETCDF -DLANDREAD_STUB=1 -DUSE_ALLOCATABLES -Dwrfmodel -DGRIB1 -DINTIO -DKEEP_INT_AROUND -DLIMIT_ARGS -DBUILD_RRTMG_FAST=0 -DBUILD_RRTMK=0 -DBUILD_SBM_FAST=1 -DSHOW_ALL_VARS_USED=0 -DCONFIG_BUF_LEN=65536 -DMAX_DOMAINS_F=21 -DMAX_HISTORY=25 -DNMM_NEST=0 -DWRF_CHEM -DBUILD_CHEM=1 -I. -traditional-cpp   ../inc/deallocs_1.G  > ../inc/deallocs_1.bb
/home/hnavarro/Desktop/WRF/BUILD_WRF/WRF/tools/standard.exe ../inc/deallocs_1.bb | /lib/cpp -P -nostdinc -traditional-cpp > ../inc/deallocs_1.f90
rm -f ../inc/deallocs_1.G ../inc/deallocs_1.bb
time mpif90 -f90=gfortran -o ../inc/deallocs_1.o -c -O2 -ftree-vectorize -funroll-loops -w -ffree-form -ffree-line-length-none -fconvert=big-endian -frecord-marker=4 -fallow-argument-mismatch -fallow-invalid-boz   -I../dyn_em  -I/home/hnavarro/Desktop/WRF/BUILD_WRF/WRF/external/esmf_time_f90  -I/home/hnavarro/Desktop/WRF/BUILD_WRF/WRF/main -I/home/hnavarro/Desktop/WRF/BUILD_WRF/WRF/external/io_netcdf -I/home/hnavarro/Desktop/WRF/BUILD_WRF/WRF/external/io_int -I/home/hnavarro/Desktop/WRF/BUILD_WRF/WRF/frame -I/home/hnavarro/Desktop/WRF/BUILD_WRF/WRF/share -I/home/hnavarro/Desktop/WRF/BUILD_WRF/WRF/phys -I/home/hnavarro/Desktop/WRF/BUILD_WRF/WRF/wrftladj -I/home/hnavarro/Desktop/WRF/BUILD_WRF/WRF/chem -I/home/hnavarro/Desktop/WRF/BUILD_WRF/WRF/inc -I/home/hnavarro/Desktop/WRF/Install-WRF-Chem/LIBRARIES/netcdf/include    ../inc/deallocs_1.f90
0.22user 0.04system 0:00.27elapsed 98%CPU (0avgtext+0avgdata 57436maxresident)k
0inputs+144outputs (0major+16158minor)pagefaults 0swaps
rm -f ../inc/deallocs_2.o
sed -e "s/^\!.*'.*//" -e "s/^ *\!.*'.*//" ../inc/deallocs_2.F > ../inc/deallocs_2.G
/lib/cpp -P -nostdinc -I/home/hnavarro/Desktop/WRF/BUILD_WRF/WRF/inc -DEM_CORE=1 -DNMM_CORE=0 -DNMM_MAX_DIM=2600 -DDA_CORE=0 -DWRFPLUS=0 -DIWORDSIZE=4 -DDWORDSIZE=8 -DRWORDSIZE=4 -DLWORDSIZE=4 -DNONSTANDARD_SYSTEM_SUBR  -DWRF_USE_CLM  -DDM_PARALLEL -DNETCDF -DLANDREAD_STUB=1 -DUSE_ALLOCATABLES -Dwrfmodel -DGRIB1 -DINTIO -DKEEP_INT_AROUND -DLIMIT_ARGS -DBUILD_RRTMG_FAST=0 -DBUILD_RRTMK=0 -DBUILD_SBM_FAST=1 -DSHOW_ALL_VARS_USED=0 -DCONFIG_BUF_LEN=65536 -DMAX_DOMAINS_F=21 -DMAX_HISTORY=25 -DNMM_NEST=0 -DWRF_CHEM -DBUILD_CHEM=1 -I. -traditional-cpp   ../inc/deallocs_2.G  > ../inc/deallocs_2.bb
/home/hnavarro/Desktop/WRF/BUILD_WRF/WRF/tools/standard.exe ../inc/deallocs_2.bb | /lib/cpp -P -nostdinc -traditional-cpp > ../inc/deallocs_2.f90
rm -f ../inc/deallocs_2.G ../inc/deallocs_2.bb
time mpif90 -f90=gfortran -o ../inc/deallocs_2.o -c -O2 -ftree-vectorize -funroll-loops -w -ffree-form -ffree-line-length-none -fconvert=big-endian -frecord-marker=4 -fallow-argument-mismatch -fallow-invalid-boz   -I../dyn_em  -I/home/hnavarro/Desktop/WRF/BUILD_WRF/WRF/external/esmf_time_f90  -I/home/hnavarro/Desktop/WRF/BUILD_WRF/WRF/main -I/home/hnavarro/Desktop/WRF/BUILD_WRF/WRF/external/io_netcdf -I/home/hnavarro/Desktop/WRF/BUILD_WRF/WRF/external/io_int -I/home/hnavarro/Desktop/WRF/BUILD_WRF/WRF/frame -I/home/hnavarro/Desktop/WRF/BUILD_WRF/WRF/share -I/home/hnavarro/Desktop/WRF/BUILD_WRF/WRF/phys -I/home/hnavarro/Desktop/WRF/BUILD_WRF/WRF/wrftladj -I/home/hnavarro/Desktop/WRF/BUILD_WRF/WRF/chem -I/home/hnavarro/Desktop/WRF/BUILD_WRF/WRF/inc -I/home/hnavarro/Desktop/WRF/Install-WRF-Chem/LIBRARIES/netcdf/include    ../inc/deallocs_2.f90
0.31user 0.06system 0:00.38elapsed 97%CPU (0avgtext+0avgdata 57952maxresident)k
0inputs+152outputs (0major+16343minor)pagefaults 0swaps
rm -f ../inc/deallocs_3.o
sed -e "s/^\!.*'.*//" -e "s/^ *\!.*'.*//" ../inc/deallocs_3.F > ../inc/deallocs_3.G
/lib/cpp -P -nostdinc -I/home/hnavarro/Desktop/WRF/BUILD_WRF/WRF/inc -DEM_CORE=1 -DNMM_CORE=0 -DNMM_MAX_DIM=2600 -DDA_CORE=0 -DWRFPLUS=0 -DIWORDSIZE=4 -DDWORDSIZE=8 -DRWORDSIZE=4 -DLWORDSIZE=4 -DNONSTANDARD_SYSTEM_SUBR  -DWRF_USE_CLM  -DDM_PARALLEL -DNETCDF -DLANDREAD_STUB=1 -DUSE_ALLOCATABLES -Dwrfmodel -DGRIB1 -DINTIO -DKEEP_INT_AROUND -DLIMIT_ARGS -DBUILD_RRTMG_FAST=0 -DBUILD_RRTMK=0 -DBUILD_SBM_FAST=1 -DSHOW_ALL_VARS_USED=0 -DCONFIG_BUF_LEN=65536 -DMAX_DOMAINS_F=21 -DMAX_HISTORY=25 -DNMM_NEST=0 -DWRF_CHEM -DBUILD_CHEM=1 -I. -traditional-cpp   ../inc/deallocs_3.G  > ../inc/deallocs_3.bb
/home/hnavarro/Desktop/WRF/BUILD_WRF/WRF/tools/standard.exe ../inc/deallocs_3.bb | /lib/cpp -P -nostdinc -traditional-cpp > ../inc/deallocs_3.f90
rm -f ../inc/deallocs_3.G ../inc/deallocs_3.bb
time mpif90 -f90=gfortran -o ../inc/deallocs_3.o -c -O2 -ftree-vectorize -funroll-loops -w -ffree-form -ffree-line-length-none -fconvert=big-endian -frecord-marker=4 -fallow-argument-mismatch -fallow-invalid-boz   -I../dyn_em  -I/home/hnavarro/Desktop/WRF/BUILD_WRF/WRF/external/esmf_time_f90  -I/home/hnavarro/Desktop/WRF/BUILD_WRF/WRF/main -I/home/hnavarro/Desktop/WRF/BUILD_WRF/WRF/external/io_netcdf -I/home/hnavarro/Desktop/WRF/BUILD_WRF/WRF/external/io_int -I/home/hnavarro/Desktop/WRF/BUILD_WRF/WRF/frame -I/home/hnavarro/Desktop/WRF/BUILD_WRF/WRF/share -I/home/hnavarro/Desktop/WRF/BUILD_WRF/WRF/phys -I/home/hnavarro/Desktop/WRF/BUILD_WRF/WRF/wrftladj -I/home/hnavarro/Desktop/WRF/BUILD_WRF/WRF/chem -I/home/hnavarro/Desktop/WRF/BUILD_WRF/WRF/inc -I/home/hnavarro/Desktop/WRF/Install-WRF-Chem/LIBRARIES/netcdf/include    ../inc/deallocs_3.f90
0.20user 0.04system 0:00.24elapsed 100%CPU (0avgtext+0avgdata 57124maxresident)k
0inputs+144outputs (0major+16095minor)pagefaults 0swaps
rm -f ../inc/deallocs_4.o
sed -e "s/^\!.*'.*//" -e "s/^ *\!.*'.*//" ../inc/deallocs_4.F > ../inc/deallocs_4.G
/lib/cpp -P -nostdinc -I/home/hnavarro/Desktop/WRF/BUILD_WRF/WRF/inc -DEM_CORE=1 -DNMM_CORE=0 -DNMM_MAX_DIM=2600 -DDA_CORE=0 -DWRFPLUS=0 -DIWORDSIZE=4 -DDWORDSIZE=8 -DRWORDSIZE=4 -DLWORDSIZE=4 -DNONSTANDARD_SYSTEM_SUBR  -DWRF_USE_CLM  -DDM_PARALLEL -DNETCDF -DLANDREAD_STUB=1 -DUSE_ALLOCATABLES -Dwrfmodel -DGRIB1 -DINTIO -DKEEP_INT_AROUND -DLIMIT_ARGS -DBUILD_RRTMG_FAST=0 -DBUILD_RRTMK=0 -DBUILD_SBM_FAST=1 -DSHOW_ALL_VARS_USED=0 -DCONFIG_BUF_LEN=65536 -DMAX_DOMAINS_F=21 -DMAX_HISTORY=25 -DNMM_NEST=0 -DWRF_CHEM -DBUILD_CHEM=1 -I. -traditional-cpp   ../inc/deallocs_4.G  > ../inc/deallocs_4.bb
/home/hnavarro/Desktop/WRF/BUILD_WRF/WRF/tools/standard.exe ../inc/deallocs_4.bb | /lib/cpp -P -nostdinc -traditional-cpp > ../inc/deallocs_4.f90
rm -f ../inc/deallocs_4.G ../inc/deallocs_4.bb
time mpif90 -f90=gfortran -o ../inc/deallocs_4.o -c -O2 -ftree-vectorize -funroll-loops -w -ffree-form -ffree-line-length-none -fconvert=big-endian -frecord-marker=4 -fallow-argument-mismatch -fallow-invalid-boz   -I../dyn_em  -I/home/hnavarro/Desktop/WRF/BUILD_WRF/WRF/external/esmf_time_f90  -I/home/hnavarro/Desktop/WRF/BUILD_WRF/WRF/main -I/home/hnavarro/Desktop/WRF/BUILD_WRF/WRF/external/io_netcdf -I/home/hnavarro/Desktop/WRF/BUILD_WRF/WRF/external/io_int -I/home/hnavarro/Desktop/WRF/BUILD_WRF/WRF/frame -I/home/hnavarro/Desktop/WRF/BUILD_WRF/WRF/share -I/home/hnavarro/Desktop/WRF/BUILD_WRF/WRF/phys -I/home/hnavarro/Desktop/WRF/BUILD_WRF/WRF/wrftladj -I/home/hnavarro/Desktop/WRF/BUILD_WRF/WRF/chem -I/home/hnavarro/Desktop/WRF/BUILD_WRF/WRF/inc -I/home/hnavarro/Desktop/WRF/Install-WRF-Chem/LIBRARIES/netcdf/include    ../inc/deallocs_4.f90
0.21user 0.04system 0:00.26elapsed 99%CPU (0avgtext+0avgdata 56624maxresident)k
0inputs+136outputs (0major+15836minor)pagefaults 0swaps
rm -f ../inc/deallocs_5.o
sed -e "s/^\!.*'.*//" -e "s/^ *\!.*'.*//" ../inc/deallocs_5.F > ../inc/deallocs_5.G
/lib/cpp -P -nostdinc -I/home/hnavarro/Desktop/WRF/BUILD_WRF/WRF/inc -DEM_CORE=1 -DNMM_CORE=0 -DNMM_MAX_DIM=2600 -DDA_CORE=0 -DWRFPLUS=0 -DIWORDSIZE=4 -DDWORDSIZE=8 -DRWORDSIZE=4 -DLWORDSIZE=4 -DNONSTANDARD_SYSTEM_SUBR  -DWRF_USE_CLM  -DDM_PARALLEL -DNETCDF -DLANDREAD_STUB=1 -DUSE_ALLOCATABLES -Dwrfmodel -DGRIB1 -DINTIO -DKEEP_INT_AROUND -DLIMIT_ARGS -DBUILD_RRTMG_FAST=0 -DBUILD_RRTMK=0 -DBUILD_SBM_FAST=1 -DSHOW_ALL_VARS_USED=0 -DCONFIG_BUF_LEN=65536 -DMAX_DOMAINS_F=21 -DMAX_HISTORY=25 -DNMM_NEST=0 -DWRF_CHEM -DBUILD_CHEM=1 -I. -traditional-cpp   ../inc/deallocs_5.G  > ../inc/deallocs_5.bb
/home/hnavarro/Desktop/WRF/BUILD_WRF/WRF/tools/standard.exe ../inc/deallocs_5.bb | /lib/cpp -P -nostdinc -traditional-cpp > ../inc/deallocs_5.f90
rm -f ../inc/deallocs_5.G ../inc/deallocs_5.bb
time mpif90 -f90=gfortran -o ../inc/deallocs_5.o -c -O2 -ftree-vectorize -funroll-loops -w -ffree-form -ffree-line-length-none -fconvert=big-endian -frecord-marker=4 -fallow-argument-mismatch -fallow-invalid-boz   -I../dyn_em  -I/home/hnavarro/Desktop/WRF/BUILD_WRF/WRF/external/esmf_time_f90  -I/home/hnavarro/Desktop/WRF/BUILD_WRF/WRF/main -I/home/hnavarro/Desktop/WRF/BUILD_WRF/WRF/external/io_netcdf -I/home/hnavarro/Desktop/WRF/BUILD_WRF/WRF/external/io_int -I/home/hnavarro/Desktop/WRF/BUILD_WRF/WRF/frame -I/home/hnavarro/Desktop/WRF/BUILD_WRF/WRF/share -I/home/hnavarro/Desktop/WRF/BUILD_WRF/WRF/phys -I/home/hnavarro/Desktop/WRF/BUILD_WRF/WRF/wrftladj -I/home/hnavarro/Desktop/WRF/BUILD_WRF/WRF/chem -I/home/hnavarro/Desktop/WRF/BUILD_WRF/WRF/inc -I/home/hnavarro/Desktop/WRF/Install-WRF-Chem/LIBRARIES/netcdf/include    ../inc/deallocs_5.f90
0.25user 0.04system 0:00.30elapsed 99%CPU (0avgtext+0avgdata 55972maxresident)k
0inputs+136outputs (0major+15878minor)pagefaults 0swaps
rm -f ../inc/deallocs_6.o
sed -e "s/^\!.*'.*//" -e "s/^ *\!.*'.*//" ../inc/deallocs_6.F > ../inc/deallocs_6.G
/lib/cpp -P -nostdinc -I/home/hnavarro/Desktop/WRF/BUILD_WRF/WRF/inc -DEM_CORE=1 -DNMM_CORE=0 -DNMM_MAX_DIM=2600 -DDA_CORE=0 -DWRFPLUS=0 -DIWORDSIZE=4 -DDWORDSIZE=8 -DRWORDSIZE=4 -DLWORDSIZE=4 -DNONSTANDARD_SYSTEM_SUBR  -DWRF_USE_CLM  -DDM_PARALLEL -DNETCDF -DLANDREAD_STUB=1 -DUSE_ALLOCATABLES -Dwrfmodel -DGRIB1 -DINTIO -DKEEP_INT_AROUND -DLIMIT_ARGS -DBUILD_RRTMG_FAST=0 -DBUILD_RRTMK=0 -DBUILD_SBM_FAST=1 -DSHOW_ALL_VARS_USED=0 -DCONFIG_BUF_LEN=65536 -DMAX_DOMAINS_F=21 -DMAX_HISTORY=25 -DNMM_NEST=0 -DWRF_CHEM -DBUILD_CHEM=1 -I. -traditional-cpp   ../inc/deallocs_6.G  > ../inc/deallocs_6.bb
/home/hnavarro/Desktop/WRF/BUILD_WRF/WRF/tools/standard.exe ../inc/deallocs_6.bb | /lib/cpp -P -nostdinc -traditional-cpp > ../inc/deallocs_6.f90
rm -f ../inc/deallocs_6.G ../inc/deallocs_6.bb
time mpif90 -f90=gfortran -o ../inc/deallocs_6.o -c -O2 -ftree-vectorize -funroll-loops -w -ffree-form -ffree-line-length-none -fconvert=big-endian -frecord-marker=4 -fallow-argument-mismatch -fallow-invalid-boz   -I../dyn_em  -I/home/hnavarro/Desktop/WRF/BUILD_WRF/WRF/external/esmf_time_f90  -I/home/hnavarro/Desktop/WRF/BUILD_WRF/WRF/main -I/home/hnavarro/Desktop/WRF/BUILD_WRF/WRF/external/io_netcdf -I/home/hnavarro/Desktop/WRF/BUILD_WRF/WRF/external/io_int -I/home/hnavarro/Desktop/WRF/BUILD_WRF/WRF/frame -I/home/hnavarro/Desktop/WRF/BUILD_WRF/WRF/share -I/home/hnavarro/Desktop/WRF/BUILD_WRF/WRF/phys -I/home/hnavarro/Desktop/WRF/BUILD_WRF/WRF/wrftladj -I/home/hnavarro/Desktop/WRF/BUILD_WRF/WRF/chem -I/home/hnavarro/Desktop/WRF/BUILD_WRF/WRF/inc -I/home/hnavarro/Desktop/WRF/Install-WRF-Chem/LIBRARIES/netcdf/include    ../inc/deallocs_6.f90
0.20user 0.04system 0:00.25elapsed 99%CPU (0avgtext+0avgdata 56564maxresident)k
0inputs+144outputs (0major+16036minor)pagefaults 0swaps
rm -f ../inc/deallocs_7.o
sed -e "s/^\!.*'.*//" -e "s/^ *\!.*'.*//" ../inc/deallocs_7.F > ../inc/deallocs_7.G
/lib/cpp -P -nostdinc -I/home/hnavarro/Desktop/WRF/BUILD_WRF/WRF/inc -DEM_CORE=1 -DNMM_CORE=0 -DNMM_MAX_DIM=2600 -DDA_CORE=0 -DWRFPLUS=0 -DIWORDSIZE=4 -DDWORDSIZE=8 -DRWORDSIZE=4 -DLWORDSIZE=4 -DNONSTANDARD_SYSTEM_SUBR  -DWRF_USE_CLM  -DDM_PARALLEL -DNETCDF -DLANDREAD_STUB=1 -DUSE_ALLOCATABLES -Dwrfmodel -DGRIB1 -DINTIO -DKEEP_INT_AROUND -DLIMIT_ARGS -DBUILD_RRTMG_FAST=0 -DBUILD_RRTMK=0 -DBUILD_SBM_FAST=1 -DSHOW_ALL_VARS_USED=0 -DCONFIG_BUF_LEN=65536 -DMAX_DOMAINS_F=21 -DMAX_HISTORY=25 -DNMM_NEST=0 -DWRF_CHEM -DBUILD_CHEM=1 -I. -traditional-cpp   ../inc/deallocs_7.G  > ../inc/deallocs_7.bb
/home/hnavarro/Desktop/WRF/BUILD_WRF/WRF/tools/standard.exe ../inc/deallocs_7.bb | /lib/cpp -P -nostdinc -traditional-cpp > ../inc/deallocs_7.f90
rm -f ../inc/deallocs_7.G ../inc/deallocs_7.bb
time mpif90 -f90=gfortran -o ../inc/deallocs_7.o -c -O2 -ftree-vectorize -funroll-loops -w -ffree-form -ffree-line-length-none -fconvert=big-endian -frecord-marker=4 -fallow-argument-mismatch -fallow-invalid-boz   -I../dyn_em  -I/home/hnavarro/Desktop/WRF/BUILD_WRF/WRF/external/esmf_time_f90  -I/home/hnavarro/Desktop/WRF/BUILD_WRF/WRF/main -I/home/hnavarro/Desktop/WRF/BUILD_WRF/WRF/external/io_netcdf -I/home/hnavarro/Desktop/WRF/BUILD_WRF/WRF/external/io_int -I/home/hnavarro/Desktop/WRF/BUILD_WRF/WRF/frame -I/home/hnavarro/Desktop/WRF/BUILD_WRF/WRF/share -I/home/hnavarro/Desktop/WRF/BUILD_WRF/WRF/phys -I/home/hnavarro/Desktop/WRF/BUILD_WRF/WRF/wrftladj -I/home/hnavarro/Desktop/WRF/BUILD_WRF/WRF/chem -I/home/hnavarro/Desktop/WRF/BUILD_WRF/WRF/inc -I/home/hnavarro/Desktop/WRF/Install-WRF-Chem/LIBRARIES/netcdf/include    ../inc/deallocs_7.f90
0.23user 0.06system 0:00.28elapsed 100%CPU (0avgtext+0avgdata 56864maxresident)k
0inputs+144outputs (0major+16018minor)pagefaults 0swaps
rm -f ../inc/deallocs_8.o
sed -e "s/^\!.*'.*//" -e "s/^ *\!.*'.*//" ../inc/deallocs_8.F > ../inc/deallocs_8.G
/lib/cpp -P -nostdinc -I/home/hnavarro/Desktop/WRF/BUILD_WRF/WRF/inc -DEM_CORE=1 -DNMM_CORE=0 -DNMM_MAX_DIM=2600 -DDA_CORE=0 -DWRFPLUS=0 -DIWORDSIZE=4 -DDWORDSIZE=8 -DRWORDSIZE=4 -DLWORDSIZE=4 -DNONSTANDARD_SYSTEM_SUBR  -DWRF_USE_CLM  -DDM_PARALLEL -DNETCDF -DLANDREAD_STUB=1 -DUSE_ALLOCATABLES -Dwrfmodel -DGRIB1 -DINTIO -DKEEP_INT_AROUND -DLIMIT_ARGS -DBUILD_RRTMG_FAST=0 -DBUILD_RRTMK=0 -DBUILD_SBM_FAST=1 -DSHOW_ALL_VARS_USED=0 -DCONFIG_BUF_LEN=65536 -DMAX_DOMAINS_F=21 -DMAX_HISTORY=25 -DNMM_NEST=0 -DWRF_CHEM -DBUILD_CHEM=1 -I. -traditional-cpp   ../inc/deallocs_8.G  > ../inc/deallocs_8.bb
/home/hnavarro/Desktop/WRF/BUILD_WRF/WRF/tools/standard.exe ../inc/deallocs_8.bb | /lib/cpp -P -nostdinc -traditional-cpp > ../inc/deallocs_8.f90
rm -f ../inc/deallocs_8.G ../inc/deallocs_8.bb
time mpif90 -f90=gfortran -o ../inc/deallocs_8.o -c -O2 -ftree-vectorize -funroll-loops -w -ffree-form -ffree-line-length-none -fconvert=big-endian -frecord-marker=4 -fallow-argument-mismatch -fallow-invalid-boz   -I../dyn_em  -I/home/hnavarro/Desktop/WRF/BUILD_WRF/WRF/external/esmf_time_f90  -I/home/hnavarro/Desktop/WRF/BUILD_WRF/WRF/main -I/home/hnavarro/Desktop/WRF/BUILD_WRF/WRF/external/io_netcdf -I/home/hnavarro/Desktop/WRF/BUILD_WRF/WRF/external/io_int -I/home/hnavarro/Desktop/WRF/BUILD_WRF/WRF/frame -I/home/hnavarro/Desktop/WRF/BUILD_WRF/WRF/share -I/home/hnavarro/Desktop/WRF/BUILD_WRF/WRF/phys -I/home/hnavarro/Desktop/WRF/BUILD_WRF/WRF/wrftladj -I/home/hnavarro/Desktop/WRF/BUILD_WRF/WRF/chem -I/home/hnavarro/Desktop/WRF/BUILD_WRF/WRF/inc -I/home/hnavarro/Desktop/WRF/Install-WRF-Chem/LIBRARIES/netcdf/include    ../inc/deallocs_8.f90
0.24user 0.05system 0:00.29elapsed 98%CPU (0avgtext+0avgdata 56988maxresident)k
0inputs+144outputs (0major+16006minor)pagefaults 0swaps
rm -f ../inc/deallocs_9.o
sed -e "s/^\!.*'.*//" -e "s/^ *\!.*'.*//" ../inc/deallocs_9.F > ../inc/deallocs_9.G
/lib/cpp -P -nostdinc -I/home/hnavarro/Desktop/WRF/BUILD_WRF/WRF/inc -DEM_CORE=1 -DNMM_CORE=0 -DNMM_MAX_DIM=2600 -DDA_CORE=0 -DWRFPLUS=0 -DIWORDSIZE=4 -DDWORDSIZE=8 -DRWORDSIZE=4 -DLWORDSIZE=4 -DNONSTANDARD_SYSTEM_SUBR  -DWRF_USE_CLM  -DDM_PARALLEL -DNETCDF -DLANDREAD_STUB=1 -DUSE_ALLOCATABLES -Dwrfmodel -DGRIB1 -DINTIO -DKEEP_INT_AROUND -DLIMIT_ARGS -DBUILD_RRTMG_FAST=0 -DBUILD_RRTMK=0 -DBUILD_SBM_FAST=1 -DSHOW_ALL_VARS_USED=0 -DCONFIG_BUF_LEN=65536 -DMAX_DOMAINS_F=21 -DMAX_HISTORY=25 -DNMM_NEST=0 -DWRF_CHEM -DBUILD_CHEM=1 -I. -traditional-cpp   ../inc/deallocs_9.G  > ../inc/deallocs_9.bb
/home/hnavarro/Desktop/WRF/BUILD_WRF/WRF/tools/standard.exe ../inc/deallocs_9.bb | /lib/cpp -P -nostdinc -traditional-cpp > ../inc/deallocs_9.f90
rm -f ../inc/deallocs_9.G ../inc/deallocs_9.bb
time mpif90 -f90=gfortran -o ../inc/deallocs_9.o -c -O2 -ftree-vectorize -funroll-loops -w -ffree-form -ffree-line-length-none -fconvert=big-endian -frecord-marker=4 -fallow-argument-mismatch -fallow-invalid-boz   -I../dyn_em  -I/home/hnavarro/Desktop/WRF/BUILD_WRF/WRF/external/esmf_time_f90  -I/home/hnavarro/Desktop/WRF/BUILD_WRF/WRF/main -I/home/hnavarro/Desktop/WRF/BUILD_WRF/WRF/external/io_netcdf -I/home/hnavarro/Desktop/WRF/BUILD_WRF/WRF/external/io_int -I/home/hnavarro/Desktop/WRF/BUILD_WRF/WRF/frame -I/home/hnavarro/Desktop/WRF/BUILD_WRF/WRF/share -I/home/hnavarro/Desktop/WRF/BUILD_WRF/WRF/phys -I/home/hnavarro/Desktop/WRF/BUILD_WRF/WRF/wrftladj -I/home/hnavarro/Desktop/WRF/BUILD_WRF/WRF/chem -I/home/hnavarro/Desktop/WRF/BUILD_WRF/WRF/inc -I/home/hnavarro/Desktop/WRF/Install-WRF-Chem/LIBRARIES/netcdf/include    ../inc/deallocs_9.f90
0.22user 0.05system 0:00.28elapsed 97%CPU (0avgtext+0avgdata 57536maxresident)k
0inputs+152outputs (0major+16133minor)pagefaults 0swaps
rm -f ../inc/deallocs_10.o
sed -e "s/^\!.*'.*//" -e "s/^ *\!.*'.*//" ../inc/deallocs_10.F > ../inc/deallocs_10.G
/lib/cpp -P -nostdinc -I/home/hnavarro/Desktop/WRF/BUILD_WRF/WRF/inc -DEM_CORE=1 -DNMM_CORE=0 -DNMM_MAX_DIM=2600 -DDA_CORE=0 -DWRFPLUS=0 -DIWORDSIZE=4 -DDWORDSIZE=8 -DRWORDSIZE=4 -DLWORDSIZE=4 -DNONSTANDARD_SYSTEM_SUBR  -DWRF_USE_CLM  -DDM_PARALLEL -DNETCDF -DLANDREAD_STUB=1 -DUSE_ALLOCATABLES -Dwrfmodel -DGRIB1 -DINTIO -DKEEP_INT_AROUND -DLIMIT_ARGS -DBUILD_RRTMG_FAST=0 -DBUILD_RRTMK=0 -DBUILD_SBM_FAST=1 -DSHOW_ALL_VARS_USED=0 -DCONFIG_BUF_LEN=65536 -DMAX_DOMAINS_F=21 -DMAX_HISTORY=25 -DNMM_NEST=0 -DWRF_CHEM -DBUILD_CHEM=1 -I. -traditional-cpp   ../inc/deallocs_10.G  > ../inc/deallocs_10.bb
/home/hnavarro/Desktop/WRF/BUILD_WRF/WRF/tools/standard.exe ../inc/deallocs_10.bb | /lib/cpp -P -nostdinc -traditional-cpp > ../inc/deallocs_10.f90
rm -f ../inc/deallocs_10.G ../inc/deallocs_10.bb
time mpif90 -f90=gfortran -o ../inc/deallocs_10.o -c -O2 -ftree-vectorize -funroll-loops -w -ffree-form -ffree-line-length-none -fconvert=big-endian -frecord-marker=4 -fallow-argument-mismatch -fallow-invalid-boz   -I../dyn_em  -I/home/hnavarro/Desktop/WRF/BUILD_WRF/WRF/external/esmf_time_f90  -I/home/hnavarro/Desktop/WRF/BUILD_WRF/WRF/main -I/home/hnavarro/Desktop/WRF/BUILD_WRF/WRF/external/io_netcdf -I/home/hnavarro/Desktop/WRF/BUILD_WRF/WRF/external/io_int -I/home/hnavarro/Desktop/WRF/BUILD_WRF/WRF/frame -I/home/hnavarro/Desktop/WRF/BUILD_WRF/WRF/share -I/home/hnavarro/Desktop/WRF/BUILD_WRF/WRF/phys -I/home/hnavarro/Desktop/WRF/BUILD_WRF/WRF/wrftladj -I/home/hnavarro/Desktop/WRF/BUILD_WRF/WRF/chem -I/home/hnavarro/Desktop/WRF/BUILD_WRF/WRF/inc -I/home/hnavarro/Desktop/WRF/Install-WRF-Chem/LIBRARIES/netcdf/include    ../inc/deallocs_10.f90
0.24user 0.04system 0:00.28elapsed 100%CPU (0avgtext+0avgdata 57544maxresident)k
0inputs+152outputs (0major+16140minor)pagefaults 0swaps
rm -f ../inc/deallocs_11.o
sed -e "s/^\!.*'.*//" -e "s/^ *\!.*'.*//" ../inc/deallocs_11.F > ../inc/deallocs_11.G
/lib/cpp -P -nostdinc -I/home/hnavarro/Desktop/WRF/BUILD_WRF/WRF/inc -DEM_CORE=1 -DNMM_CORE=0 -DNMM_MAX_DIM=2600 -DDA_CORE=0 -DWRFPLUS=0 -DIWORDSIZE=4 -DDWORDSIZE=8 -DRWORDSIZE=4 -DLWORDSIZE=4 -DNONSTANDARD_SYSTEM_SUBR  -DWRF_USE_CLM  -DDM_PARALLEL -DNETCDF -DLANDREAD_STUB=1 -DUSE_ALLOCATABLES -Dwrfmodel -DGRIB1 -DINTIO -DKEEP_INT_AROUND -DLIMIT_ARGS -DBUILD_RRTMG_FAST=0 -DBUILD_RRTMK=0 -DBUILD_SBM_FAST=1 -DSHOW_ALL_VARS_USED=0 -DCONFIG_BUF_LEN=65536 -DMAX_DOMAINS_F=21 -DMAX_HISTORY=25 -DNMM_NEST=0 -DWRF_CHEM -DBUILD_CHEM=1 -I. -traditional-cpp   ../inc/deallocs_11.G  > ../inc/deallocs_11.bb
/home/hnavarro/Desktop/WRF/BUILD_WRF/WRF/tools/standard.exe ../inc/deallocs_11.bb | /lib/cpp -P -nostdinc -traditional-cpp > ../inc/deallocs_11.f90
rm -f ../inc/deallocs_11.G ../inc/deallocs_11.bb
time mpif90 -f90=gfortran -o ../inc/deallocs_11.o -c -O2 -ftree-vectorize -funroll-loops -w -ffree-form -ffree-line-length-none -fconvert=big-endian -frecord-marker=4 -fallow-argument-mismatch -fallow-invalid-boz   -I../dyn_em  -I/home/hnavarro/Desktop/WRF/BUILD_WRF/WRF/external/esmf_time_f90  -I/home/hnavarro/Desktop/WRF/BUILD_WRF/WRF/main -I/home/hnavarro/Desktop/WRF/BUILD_WRF/WRF/external/io_netcdf -I/home/hnavarro/Desktop/WRF/BUILD_WRF/WRF/external/io_int -I/home/hnavarro/Desktop/WRF/BUILD_WRF/WRF/frame -I/home/hnavarro/Desktop/WRF/BUILD_WRF/WRF/share -I/home/hnavarro/Desktop/WRF/BUILD_WRF/WRF/phys -I/home/hnavarro/Desktop/WRF/BUILD_WRF/WRF/wrftladj -I/home/hnavarro/Desktop/WRF/BUILD_WRF/WRF/chem -I/home/hnavarro/Desktop/WRF/BUILD_WRF/WRF/inc -I/home/hnavarro/Desktop/WRF/Install-WRF-Chem/LIBRARIES/netcdf/include    ../inc/deallocs_11.f90
0.22user 0.05system 0:00.28elapsed 100%CPU (0avgtext+0avgdata 57348maxresident)k
0inputs+144outputs (0major+16185minor)pagefaults 0swaps
30.40user 1.61system 0:32.07elapsed 99%CPU (0avgtext+0avgdata 4020892maxresident)k
56inputs+217480outputs (0major+1249640minor)pagefaults 0swaps
rm -f ../inc/allocs_0.o
rm -f ../inc/allocs_1.o
sed -e "s/^\!.*'.*//" -e "s/^ *\!.*'.*//" ../inc/allocs_0.F > ../inc/allocs_0.G
sed -e "s/^\!.*'.*//" -e "s/^ *\!.*'.*//" ../inc/allocs_1.F > ../inc/allocs_1.G
/lib/cpp -P -nostdinc -I/home/hnavarro/Desktop/WRF/BUILD_WRF/WRF/inc -DEM_CORE=1 -DNMM_CORE=0 -DNMM_MAX_DIM=2600 -DDA_CORE=0 -DWRFPLUS=0 -DIWORDSIZE=4 -DDWORDSIZE=8 -DRWORDSIZE=4 -DLWORDSIZE=4 -DNONSTANDARD_SYSTEM_SUBR  -DWRF_USE_CLM  -DDM_PARALLEL -DNETCDF -DLANDREAD_STUB=1 -DUSE_ALLOCATABLES -Dwrfmodel -DGRIB1 -DINTIO -DKEEP_INT_AROUND -DLIMIT_ARGS -DBUILD_RRTMG_FAST=0 -DBUILD_RRTMK=0 -DBUILD_SBM_FAST=1 -DSHOW_ALL_VARS_USED=0 -DCONFIG_BUF_LEN=65536 -DMAX_DOMAINS_F=21 -DMAX_HISTORY=25 -DNMM_NEST=0 -DWRF_CHEM -DBUILD_CHEM=1 -I. -traditional-cpp   ../inc/allocs_0.G  > ../inc/allocs_0.bb
/lib/cpp -P -nostdinc -I/home/hnavarro/Desktop/WRF/BUILD_WRF/WRF/inc -DEM_CORE=1 -DNMM_CORE=0 -DNMM_MAX_DIM=2600 -DDA_CORE=0 -DWRFPLUS=0 -DIWORDSIZE=4 -DDWORDSIZE=8 -DRWORDSIZE=4 -DLWORDSIZE=4 -DNONSTANDARD_SYSTEM_SUBR  -DWRF_USE_CLM  -DDM_PARALLEL -DNETCDF -DLANDREAD_STUB=1 -DUSE_ALLOCATABLES -Dwrfmodel -DGRIB1 -DINTIO -DKEEP_INT_AROUND -DLIMIT_ARGS -DBUILD_RRTMG_FAST=0 -DBUILD_RRTMK=0 -DBUILD_SBM_FAST=1 -DSHOW_ALL_VARS_USED=0 -DCONFIG_BUF_LEN=65536 -DMAX_DOMAINS_F=21 -DMAX_HISTORY=25 -DNMM_NEST=0 -DWRF_CHEM -DBUILD_CHEM=1 -I. -traditional-cpp   ../inc/allocs_1.G  > ../inc/allocs_1.bb
/home/hnavarro/Desktop/WRF/BUILD_WRF/WRF/tools/standard.exe ../inc/allocs_1.bb | /lib/cpp -P -nostdinc -traditional-cpp > ../inc/allocs_1.f90
/home/hnavarro/Desktop/WRF/BUILD_WRF/WRF/tools/standard.exe ../inc/allocs_0.bb | /lib/cpp -P -nostdinc -traditional-cpp > ../inc/allocs_0.f90
rm -f ../inc/allocs_1.G ../inc/allocs_1.bb
rm -f ../inc/allocs_0.G ../inc/allocs_0.bb
time mpif90 -f90=gfortran -o ../inc/allocs_1.o -c -O2 -ftree-vectorize -funroll-loops -w -ffree-form -ffree-line-length-none -fconvert=big-endian -frecord-marker=4 -fallow-argument-mismatch -fallow-invalid-boz   -I../dyn_em  -I/home/hnavarro/Desktop/WRF/BUILD_WRF/WRF/external/esmf_time_f90  -I/home/hnavarro/Desktop/WRF/BUILD_WRF/WRF/main -I/home/hnavarro/Desktop/WRF/BUILD_WRF/WRF/external/io_netcdf -I/home/hnavarro/Desktop/WRF/BUILD_WRF/WRF/external/io_int -I/home/hnavarro/Desktop/WRF/BUILD_WRF/WRF/frame -I/home/hnavarro/Desktop/WRF/BUILD_WRF/WRF/share -I/home/hnavarro/Desktop/WRF/BUILD_WRF/WRF/phys -I/home/hnavarro/Desktop/WRF/BUILD_WRF/WRF/wrftladj -I/home/hnavarro/Desktop/WRF/BUILD_WRF/WRF/chem -I/home/hnavarro/Desktop/WRF/BUILD_WRF/WRF/inc -I/home/hnavarro/Desktop/WRF/Install-WRF-Chem/LIBRARIES/netcdf/include    ../inc/allocs_1.f90
time mpif90 -f90=gfortran -o ../inc/allocs_0.o -c -O2 -ftree-vectorize -funroll-loops -w -ffree-form -ffree-line-length-none -fconvert=big-endian -frecord-marker=4 -fallow-argument-mismatch -fallow-invalid-boz   -I../dyn_em  -I/home/hnavarro/Desktop/WRF/BUILD_WRF/WRF/external/esmf_time_f90  -I/home/hnavarro/Desktop/WRF/BUILD_WRF/WRF/main -I/home/hnavarro/Desktop/WRF/BUILD_WRF/WRF/external/io_netcdf -I/home/hnavarro/Desktop/WRF/BUILD_WRF/WRF/external/io_int -I/home/hnavarro/Desktop/WRF/BUILD_WRF/WRF/frame -I/home/hnavarro/Desktop/WRF/BUILD_WRF/WRF/share -I/home/hnavarro/Desktop/WRF/BUILD_WRF/WRF/phys -I/home/hnavarro/Desktop/WRF/BUILD_WRF/WRF/wrftladj -I/home/hnavarro/Desktop/WRF/BUILD_WRF/WRF/chem -I/home/hnavarro/Desktop/WRF/BUILD_WRF/WRF/inc -I/home/hnavarro/Desktop/WRF/Install-WRF-Chem/LIBRARIES/netcdf/include    ../inc/allocs_0.f90
8.85user 0.28system 0:09.14elapsed 99%CPU (0avgtext+0avgdata 358160maxresident)k
0inputs+4488outputs (0major+161657minor)pagefaults 0swaps
rm -f ../inc/allocs_2.o
sed -e "s/^\!.*'.*//" -e "s/^ *\!.*'.*//" ../inc/allocs_2.F > ../inc/allocs_2.G
/lib/cpp -P -nostdinc -I/home/hnavarro/Desktop/WRF/BUILD_WRF/WRF/inc -DEM_CORE=1 -DNMM_CORE=0 -DNMM_MAX_DIM=2600 -DDA_CORE=0 -DWRFPLUS=0 -DIWORDSIZE=4 -DDWORDSIZE=8 -DRWORDSIZE=4 -DLWORDSIZE=4 -DNONSTANDARD_SYSTEM_SUBR  -DWRF_USE_CLM  -DDM_PARALLEL -DNETCDF -DLANDREAD_STUB=1 -DUSE_ALLOCATABLES -Dwrfmodel -DGRIB1 -DINTIO -DKEEP_INT_AROUND -DLIMIT_ARGS -DBUILD_RRTMG_FAST=0 -DBUILD_RRTMK=0 -DBUILD_SBM_FAST=1 -DSHOW_ALL_VARS_USED=0 -DCONFIG_BUF_LEN=65536 -DMAX_DOMAINS_F=21 -DMAX_HISTORY=25 -DNMM_NEST=0 -DWRF_CHEM -DBUILD_CHEM=1 -I. -traditional-cpp   ../inc/allocs_2.G  > ../inc/allocs_2.bb
/home/hnavarro/Desktop/WRF/BUILD_WRF/WRF/tools/standard.exe ../inc/allocs_2.bb | /lib/cpp -P -nostdinc -traditional-cpp > ../inc/allocs_2.f90
rm -f ../inc/allocs_2.G ../inc/allocs_2.bb
time mpif90 -f90=gfortran -o ../inc/allocs_2.o -c -O2 -ftree-vectorize -funroll-loops -w -ffree-form -ffree-line-length-none -fconvert=big-endian -frecord-marker=4 -fallow-argument-mismatch -fallow-invalid-boz   -I../dyn_em  -I/home/hnavarro/Desktop/WRF/BUILD_WRF/WRF/external/esmf_time_f90  -I/home/hnavarro/Desktop/WRF/BUILD_WRF/WRF/main -I/home/hnavarro/Desktop/WRF/BUILD_WRF/WRF/external/io_netcdf -I/home/hnavarro/Desktop/WRF/BUILD_WRF/WRF/external/io_int -I/home/hnavarro/Desktop/WRF/BUILD_WRF/WRF/frame -I/home/hnavarro/Desktop/WRF/BUILD_WRF/WRF/share -I/home/hnavarro/Desktop/WRF/BUILD_WRF/WRF/phys -I/home/hnavarro/Desktop/WRF/BUILD_WRF/WRF/wrftladj -I/home/hnavarro/Desktop/WRF/BUILD_WRF/WRF/chem -I/home/hnavarro/Desktop/WRF/BUILD_WRF/WRF/inc -I/home/hnavarro/Desktop/WRF/Install-WRF-Chem/LIBRARIES/netcdf/include    ../inc/allocs_2.f90
10.15user 0.31system 0:10.48elapsed 99%CPU (0avgtext+0avgdata 391308maxresident)k
0inputs+4880outputs (0major+184968minor)pagefaults 0swaps
rm -f ../inc/allocs_3.o
sed -e "s/^\!.*'.*//" -e "s/^ *\!.*'.*//" ../inc/allocs_3.F > ../inc/allocs_3.G
/lib/cpp -P -nostdinc -I/home/hnavarro/Desktop/WRF/BUILD_WRF/WRF/inc -DEM_CORE=1 -DNMM_CORE=0 -DNMM_MAX_DIM=2600 -DDA_CORE=0 -DWRFPLUS=0 -DIWORDSIZE=4 -DDWORDSIZE=8 -DRWORDSIZE=4 -DLWORDSIZE=4 -DNONSTANDARD_SYSTEM_SUBR  -DWRF_USE_CLM  -DDM_PARALLEL -DNETCDF -DLANDREAD_STUB=1 -DUSE_ALLOCATABLES -Dwrfmodel -DGRIB1 -DINTIO -DKEEP_INT_AROUND -DLIMIT_ARGS -DBUILD_RRTMG_FAST=0 -DBUILD_RRTMK=0 -DBUILD_SBM_FAST=1 -DSHOW_ALL_VARS_USED=0 -DCONFIG_BUF_LEN=65536 -DMAX_DOMAINS_F=21 -DMAX_HISTORY=25 -DNMM_NEST=0 -DWRF_CHEM -DBUILD_CHEM=1 -I. -traditional-cpp   ../inc/allocs_3.G  > ../inc/allocs_3.bb
/home/hnavarro/Desktop/WRF/BUILD_WRF/WRF/tools/standard.exe ../inc/allocs_3.bb | /lib/cpp -P -nostdinc -traditional-cpp > ../inc/allocs_3.f90
rm -f ../inc/allocs_3.G ../inc/allocs_3.bb
time mpif90 -f90=gfortran -o ../inc/allocs_3.o -c -O2 -ftree-vectorize -funroll-loops -w -ffree-form -ffree-line-length-none -fconvert=big-endian -frecord-marker=4 -fallow-argument-mismatch -fallow-invalid-boz   -I../dyn_em  -I/home/hnavarro/Desktop/WRF/BUILD_WRF/WRF/external/esmf_time_f90  -I/home/hnavarro/Desktop/WRF/BUILD_WRF/WRF/main -I/home/hnavarro/Desktop/WRF/BUILD_WRF/WRF/external/io_netcdf -I/home/hnavarro/Desktop/WRF/BUILD_WRF/WRF/external/io_int -I/home/hnavarro/Desktop/WRF/BUILD_WRF/WRF/frame -I/home/hnavarro/Desktop/WRF/BUILD_WRF/WRF/share -I/home/hnavarro/Desktop/WRF/BUILD_WRF/WRF/phys -I/home/hnavarro/Desktop/WRF/BUILD_WRF/WRF/wrftladj -I/home/hnavarro/Desktop/WRF/BUILD_WRF/WRF/chem -I/home/hnavarro/Desktop/WRF/BUILD_WRF/WRF/inc -I/home/hnavarro/Desktop/WRF/Install-WRF-Chem/LIBRARIES/netcdf/include    ../inc/allocs_3.f90
7.58user 0.21system 0:07.81elapsed 99%CPU (0avgtext+0avgdata 324620maxresident)k
0inputs+3968outputs (0major+141595minor)pagefaults 0swaps
rm -f ../inc/allocs_4.o
sed -e "s/^\!.*'.*//" -e "s/^ *\!.*'.*//" ../inc/allocs_4.F > ../inc/allocs_4.G
/lib/cpp -P -nostdinc -I/home/hnavarro/Desktop/WRF/BUILD_WRF/WRF/inc -DEM_CORE=1 -DNMM_CORE=0 -DNMM_MAX_DIM=2600 -DDA_CORE=0 -DWRFPLUS=0 -DIWORDSIZE=4 -DDWORDSIZE=8 -DRWORDSIZE=4 -DLWORDSIZE=4 -DNONSTANDARD_SYSTEM_SUBR  -DWRF_USE_CLM  -DDM_PARALLEL -DNETCDF -DLANDREAD_STUB=1 -DUSE_ALLOCATABLES -Dwrfmodel -DGRIB1 -DINTIO -DKEEP_INT_AROUND -DLIMIT_ARGS -DBUILD_RRTMG_FAST=0 -DBUILD_RRTMK=0 -DBUILD_SBM_FAST=1 -DSHOW_ALL_VARS_USED=0 -DCONFIG_BUF_LEN=65536 -DMAX_DOMAINS_F=21 -DMAX_HISTORY=25 -DNMM_NEST=0 -DWRF_CHEM -DBUILD_CHEM=1 -I. -traditional-cpp   ../inc/allocs_4.G  > ../inc/allocs_4.bb
/home/hnavarro/Desktop/WRF/BUILD_WRF/WRF/tools/standard.exe ../inc/allocs_4.bb | /lib/cpp -P -nostdinc -traditional-cpp > ../inc/allocs_4.f90
rm -f ../inc/allocs_4.G ../inc/allocs_4.bb
time mpif90 -f90=gfortran -o ../inc/allocs_4.o -c -O2 -ftree-vectorize -funroll-loops -w -ffree-form -ffree-line-length-none -fconvert=big-endian -frecord-marker=4 -fallow-argument-mismatch -fallow-invalid-boz   -I../dyn_em  -I/home/hnavarro/Desktop/WRF/BUILD_WRF/WRF/external/esmf_time_f90  -I/home/hnavarro/Desktop/WRF/BUILD_WRF/WRF/main -I/home/hnavarro/Desktop/WRF/BUILD_WRF/WRF/external/io_netcdf -I/home/hnavarro/Desktop/WRF/BUILD_WRF/WRF/external/io_int -I/home/hnavarro/Desktop/WRF/BUILD_WRF/WRF/frame -I/home/hnavarro/Desktop/WRF/BUILD_WRF/WRF/share -I/home/hnavarro/Desktop/WRF/BUILD_WRF/WRF/phys -I/home/hnavarro/Desktop/WRF/BUILD_WRF/WRF/wrftladj -I/home/hnavarro/Desktop/WRF/BUILD_WRF/WRF/chem -I/home/hnavarro/Desktop/WRF/BUILD_WRF/WRF/inc -I/home/hnavarro/Desktop/WRF/Install-WRF-Chem/LIBRARIES/netcdf/include    ../inc/allocs_4.f90
10.46user 0.31system 0:10.79elapsed 99%CPU (0avgtext+0avgdata 416236maxresident)k
0inputs+5200outputs (0major+207327minor)pagefaults 0swaps
rm -f ../inc/allocs_5.o
sed -e "s/^\!.*'.*//" -e "s/^ *\!.*'.*//" ../inc/allocs_5.F > ../inc/allocs_5.G
/lib/cpp -P -nostdinc -I/home/hnavarro/Desktop/WRF/BUILD_WRF/WRF/inc -DEM_CORE=1 -DNMM_CORE=0 -DNMM_MAX_DIM=2600 -DDA_CORE=0 -DWRFPLUS=0 -DIWORDSIZE=4 -DDWORDSIZE=8 -DRWORDSIZE=4 -DLWORDSIZE=4 -DNONSTANDARD_SYSTEM_SUBR  -DWRF_USE_CLM  -DDM_PARALLEL -DNETCDF -DLANDREAD_STUB=1 -DUSE_ALLOCATABLES -Dwrfmodel -DGRIB1 -DINTIO -DKEEP_INT_AROUND -DLIMIT_ARGS -DBUILD_RRTMG_FAST=0 -DBUILD_RRTMK=0 -DBUILD_SBM_FAST=1 -DSHOW_ALL_VARS_USED=0 -DCONFIG_BUF_LEN=65536 -DMAX_DOMAINS_F=21 -DMAX_HISTORY=25 -DNMM_NEST=0 -DWRF_CHEM -DBUILD_CHEM=1 -I. -traditional-cpp   ../inc/allocs_5.G  > ../inc/allocs_5.bb
/home/hnavarro/Desktop/WRF/BUILD_WRF/WRF/tools/standard.exe ../inc/allocs_5.bb | /lib/cpp -P -nostdinc -traditional-cpp > ../inc/allocs_5.f90
rm -f ../inc/allocs_5.G ../inc/allocs_5.bb
time mpif90 -f90=gfortran -o ../inc/allocs_5.o -c -O2 -ftree-vectorize -funroll-loops -w -ffree-form -ffree-line-length-none -fconvert=big-endian -frecord-marker=4 -fallow-argument-mismatch -fallow-invalid-boz   -I../dyn_em  -I/home/hnavarro/Desktop/WRF/BUILD_WRF/WRF/external/esmf_time_f90  -I/home/hnavarro/Desktop/WRF/BUILD_WRF/WRF/main -I/home/hnavarro/Desktop/WRF/BUILD_WRF/WRF/external/io_netcdf -I/home/hnavarro/Desktop/WRF/BUILD_WRF/WRF/external/io_int -I/home/hnavarro/Desktop/WRF/BUILD_WRF/WRF/frame -I/home/hnavarro/Desktop/WRF/BUILD_WRF/WRF/share -I/home/hnavarro/Desktop/WRF/BUILD_WRF/WRF/phys -I/home/hnavarro/Desktop/WRF/BUILD_WRF/WRF/wrftladj -I/home/hnavarro/Desktop/WRF/BUILD_WRF/WRF/chem -I/home/hnavarro/Desktop/WRF/BUILD_WRF/WRF/inc -I/home/hnavarro/Desktop/WRF/Install-WRF-Chem/LIBRARIES/netcdf/include    ../inc/allocs_5.f90
5.26user 0.15system 0:05.43elapsed 99%CPU (0avgtext+0avgdata 244484maxresident)k
0inputs+2968outputs (0major+96955minor)pagefaults 0swaps
rm -f ../inc/allocs_6.o
sed -e "s/^\!.*'.*//" -e "s/^ *\!.*'.*//" ../inc/allocs_6.F > ../inc/allocs_6.G
/lib/cpp -P -nostdinc -I/home/hnavarro/Desktop/WRF/BUILD_WRF/WRF/inc -DEM_CORE=1 -DNMM_CORE=0 -DNMM_MAX_DIM=2600 -DDA_CORE=0 -DWRFPLUS=0 -DIWORDSIZE=4 -DDWORDSIZE=8 -DRWORDSIZE=4 -DLWORDSIZE=4 -DNONSTANDARD_SYSTEM_SUBR  -DWRF_USE_CLM  -DDM_PARALLEL -DNETCDF -DLANDREAD_STUB=1 -DUSE_ALLOCATABLES -Dwrfmodel -DGRIB1 -DINTIO -DKEEP_INT_AROUND -DLIMIT_ARGS -DBUILD_RRTMG_FAST=0 -DBUILD_RRTMK=0 -DBUILD_SBM_FAST=1 -DSHOW_ALL_VARS_USED=0 -DCONFIG_BUF_LEN=65536 -DMAX_DOMAINS_F=21 -DMAX_HISTORY=25 -DNMM_NEST=0 -DWRF_CHEM -DBUILD_CHEM=1 -I. -traditional-cpp   ../inc/allocs_6.G  > ../inc/allocs_6.bb
/home/hnavarro/Desktop/WRF/BUILD_WRF/WRF/tools/standard.exe ../inc/allocs_6.bb | /lib/cpp -P -nostdinc -traditional-cpp > ../inc/allocs_6.f90
rm -f ../inc/allocs_6.G ../inc/allocs_6.bb
time mpif90 -f90=gfortran -o ../inc/allocs_6.o -c -O2 -ftree-vectorize -funroll-loops -w -ffree-form -ffree-line-length-none -fconvert=big-endian -frecord-marker=4 -fallow-argument-mismatch -fallow-invalid-boz   -I../dyn_em  -I/home/hnavarro/Desktop/WRF/BUILD_WRF/WRF/external/esmf_time_f90  -I/home/hnavarro/Desktop/WRF/BUILD_WRF/WRF/main -I/home/hnavarro/Desktop/WRF/BUILD_WRF/WRF/external/io_netcdf -I/home/hnavarro/Desktop/WRF/BUILD_WRF/WRF/external/io_int -I/home/hnavarro/Desktop/WRF/BUILD_WRF/WRF/frame -I/home/hnavarro/Desktop/WRF/BUILD_WRF/WRF/share -I/home/hnavarro/Desktop/WRF/BUILD_WRF/WRF/phys -I/home/hnavarro/Desktop/WRF/BUILD_WRF/WRF/wrftladj -I/home/hnavarro/Desktop/WRF/BUILD_WRF/WRF/chem -I/home/hnavarro/Desktop/WRF/BUILD_WRF/WRF/inc -I/home/hnavarro/Desktop/WRF/Install-WRF-Chem/LIBRARIES/netcdf/include    ../inc/allocs_6.f90
7.49user 0.20system 0:07.70elapsed 99%CPU (0avgtext+0avgdata 321456maxresident)k
0inputs+3896outputs (0major+143247minor)pagefaults 0swaps
rm -f ../inc/allocs_7.o
sed -e "s/^\!.*'.*//" -e "s/^ *\!.*'.*//" ../inc/allocs_7.F > ../inc/allocs_7.G
/lib/cpp -P -nostdinc -I/home/hnavarro/Desktop/WRF/BUILD_WRF/WRF/inc -DEM_CORE=1 -DNMM_CORE=0 -DNMM_MAX_DIM=2600 -DDA_CORE=0 -DWRFPLUS=0 -DIWORDSIZE=4 -DDWORDSIZE=8 -DRWORDSIZE=4 -DLWORDSIZE=4 -DNONSTANDARD_SYSTEM_SUBR  -DWRF_USE_CLM  -DDM_PARALLEL -DNETCDF -DLANDREAD_STUB=1 -DUSE_ALLOCATABLES -Dwrfmodel -DGRIB1 -DINTIO -DKEEP_INT_AROUND -DLIMIT_ARGS -DBUILD_RRTMG_FAST=0 -DBUILD_RRTMK=0 -DBUILD_SBM_FAST=1 -DSHOW_ALL_VARS_USED=0 -DCONFIG_BUF_LEN=65536 -DMAX_DOMAINS_F=21 -DMAX_HISTORY=25 -DNMM_NEST=0 -DWRF_CHEM -DBUILD_CHEM=1 -I. -traditional-cpp   ../inc/allocs_7.G  > ../inc/allocs_7.bb
/home/hnavarro/Desktop/WRF/BUILD_WRF/WRF/tools/standard.exe ../inc/allocs_7.bb | /lib/cpp -P -nostdinc -traditional-cpp > ../inc/allocs_7.f90
rm -f ../inc/allocs_7.G ../inc/allocs_7.bb
time mpif90 -f90=gfortran -o ../inc/allocs_7.o -c -O2 -ftree-vectorize -funroll-loops -w -ffree-form -ffree-line-length-none -fconvert=big-endian -frecord-marker=4 -fallow-argument-mismatch -fallow-invalid-boz   -I../dyn_em  -I/home/hnavarro/Desktop/WRF/BUILD_WRF/WRF/external/esmf_time_f90  -I/home/hnavarro/Desktop/WRF/BUILD_WRF/WRF/main -I/home/hnavarro/Desktop/WRF/BUILD_WRF/WRF/external/io_netcdf -I/home/hnavarro/Desktop/WRF/BUILD_WRF/WRF/external/io_int -I/home/hnavarro/Desktop/WRF/BUILD_WRF/WRF/frame -I/home/hnavarro/Desktop/WRF/BUILD_WRF/WRF/share -I/home/hnavarro/Desktop/WRF/BUILD_WRF/WRF/phys -I/home/hnavarro/Desktop/WRF/BUILD_WRF/WRF/wrftladj -I/home/hnavarro/Desktop/WRF/BUILD_WRF/WRF/chem -I/home/hnavarro/Desktop/WRF/BUILD_WRF/WRF/inc -I/home/hnavarro/Desktop/WRF/Install-WRF-Chem/LIBRARIES/netcdf/include    ../inc/allocs_7.f90
8.79user 0.22system 0:09.03elapsed 99%CPU (0avgtext+0avgdata 357584maxresident)k
0inputs+4376outputs (0major+162430minor)pagefaults 0swaps
rm -f ../inc/allocs_8.o
sed -e "s/^\!.*'.*//" -e "s/^ *\!.*'.*//" ../inc/allocs_8.F > ../inc/allocs_8.G
/lib/cpp -P -nostdinc -I/home/hnavarro/Desktop/WRF/BUILD_WRF/WRF/inc -DEM_CORE=1 -DNMM_CORE=0 -DNMM_MAX_DIM=2600 -DDA_CORE=0 -DWRFPLUS=0 -DIWORDSIZE=4 -DDWORDSIZE=8 -DRWORDSIZE=4 -DLWORDSIZE=4 -DNONSTANDARD_SYSTEM_SUBR  -DWRF_USE_CLM  -DDM_PARALLEL -DNETCDF -DLANDREAD_STUB=1 -DUSE_ALLOCATABLES -Dwrfmodel -DGRIB1 -DINTIO -DKEEP_INT_AROUND -DLIMIT_ARGS -DBUILD_RRTMG_FAST=0 -DBUILD_RRTMK=0 -DBUILD_SBM_FAST=1 -DSHOW_ALL_VARS_USED=0 -DCONFIG_BUF_LEN=65536 -DMAX_DOMAINS_F=21 -DMAX_HISTORY=25 -DNMM_NEST=0 -DWRF_CHEM -DBUILD_CHEM=1 -I. -traditional-cpp   ../inc/allocs_8.G  > ../inc/allocs_8.bb
/home/hnavarro/Desktop/WRF/BUILD_WRF/WRF/tools/standard.exe ../inc/allocs_8.bb | /lib/cpp -P -nostdinc -traditional-cpp > ../inc/allocs_8.f90
rm -f ../inc/allocs_8.G ../inc/allocs_8.bb
time mpif90 -f90=gfortran -o ../inc/allocs_8.o -c -O2 -ftree-vectorize -funroll-loops -w -ffree-form -ffree-line-length-none -fconvert=big-endian -frecord-marker=4 -fallow-argument-mismatch -fallow-invalid-boz   -I../dyn_em  -I/home/hnavarro/Desktop/WRF/BUILD_WRF/WRF/external/esmf_time_f90  -I/home/hnavarro/Desktop/WRF/BUILD_WRF/WRF/main -I/home/hnavarro/Desktop/WRF/BUILD_WRF/WRF/external/io_netcdf -I/home/hnavarro/Desktop/WRF/BUILD_WRF/WRF/external/io_int -I/home/hnavarro/Desktop/WRF/BUILD_WRF/WRF/frame -I/home/hnavarro/Desktop/WRF/BUILD_WRF/WRF/share -I/home/hnavarro/Desktop/WRF/BUILD_WRF/WRF/phys -I/home/hnavarro/Desktop/WRF/BUILD_WRF/WRF/wrftladj -I/home/hnavarro/Desktop/WRF/BUILD_WRF/WRF/chem -I/home/hnavarro/Desktop/WRF/BUILD_WRF/WRF/inc -I/home/hnavarro/Desktop/WRF/Install-WRF-Chem/LIBRARIES/netcdf/include    ../inc/allocs_8.f90
8.74user 0.23system 0:08.99elapsed 99%CPU (0avgtext+0avgdata 356076maxresident)k
0inputs+4496outputs (0major+158845minor)pagefaults 0swaps
rm -f ../inc/allocs_9.o
sed -e "s/^\!.*'.*//" -e "s/^ *\!.*'.*//" ../inc/allocs_9.F > ../inc/allocs_9.G
/lib/cpp -P -nostdinc -I/home/hnavarro/Desktop/WRF/BUILD_WRF/WRF/inc -DEM_CORE=1 -DNMM_CORE=0 -DNMM_MAX_DIM=2600 -DDA_CORE=0 -DWRFPLUS=0 -DIWORDSIZE=4 -DDWORDSIZE=8 -DRWORDSIZE=4 -DLWORDSIZE=4 -DNONSTANDARD_SYSTEM_SUBR  -DWRF_USE_CLM  -DDM_PARALLEL -DNETCDF -DLANDREAD_STUB=1 -DUSE_ALLOCATABLES -Dwrfmodel -DGRIB1 -DINTIO -DKEEP_INT_AROUND -DLIMIT_ARGS -DBUILD_RRTMG_FAST=0 -DBUILD_RRTMK=0 -DBUILD_SBM_FAST=1 -DSHOW_ALL_VARS_USED=0 -DCONFIG_BUF_LEN=65536 -DMAX_DOMAINS_F=21 -DMAX_HISTORY=25 -DNMM_NEST=0 -DWRF_CHEM -DBUILD_CHEM=1 -I. -traditional-cpp   ../inc/allocs_9.G  > ../inc/allocs_9.bb
/home/hnavarro/Desktop/WRF/BUILD_WRF/WRF/tools/standard.exe ../inc/allocs_9.bb | /lib/cpp -P -nostdinc -traditional-cpp > ../inc/allocs_9.f90
rm -f ../inc/allocs_9.G ../inc/allocs_9.bb
time mpif90 -f90=gfortran -o ../inc/allocs_9.o -c -O2 -ftree-vectorize -funroll-loops -w -ffree-form -ffree-line-length-none -fconvert=big-endian -frecord-marker=4 -fallow-argument-mismatch -fallow-invalid-boz   -I../dyn_em  -I/home/hnavarro/Desktop/WRF/BUILD_WRF/WRF/external/esmf_time_f90  -I/home/hnavarro/Desktop/WRF/BUILD_WRF/WRF/main -I/home/hnavarro/Desktop/WRF/BUILD_WRF/WRF/external/io_netcdf -I/home/hnavarro/Desktop/WRF/BUILD_WRF/WRF/external/io_int -I/home/hnavarro/Desktop/WRF/BUILD_WRF/WRF/frame -I/home/hnavarro/Desktop/WRF/BUILD_WRF/WRF/share -I/home/hnavarro/Desktop/WRF/BUILD_WRF/WRF/phys -I/home/hnavarro/Desktop/WRF/BUILD_WRF/WRF/wrftladj -I/home/hnavarro/Desktop/WRF/BUILD_WRF/WRF/chem -I/home/hnavarro/Desktop/WRF/BUILD_WRF/WRF/inc -I/home/hnavarro/Desktop/WRF/Install-WRF-Chem/LIBRARIES/netcdf/include    ../inc/allocs_9.f90
9.20user 0.26system 0:09.47elapsed 99%CPU (0avgtext+0avgdata 373096maxresident)k
0inputs+4728outputs (0major+170453minor)pagefaults 0swaps
rm -f ../inc/allocs_10.o
sed -e "s/^\!.*'.*//" -e "s/^ *\!.*'.*//" ../inc/allocs_10.F > ../inc/allocs_10.G
/lib/cpp -P -nostdinc -I/home/hnavarro/Desktop/WRF/BUILD_WRF/WRF/inc -DEM_CORE=1 -DNMM_CORE=0 -DNMM_MAX_DIM=2600 -DDA_CORE=0 -DWRFPLUS=0 -DIWORDSIZE=4 -DDWORDSIZE=8 -DRWORDSIZE=4 -DLWORDSIZE=4 -DNONSTANDARD_SYSTEM_SUBR  -DWRF_USE_CLM  -DDM_PARALLEL -DNETCDF -DLANDREAD_STUB=1 -DUSE_ALLOCATABLES -Dwrfmodel -DGRIB1 -DINTIO -DKEEP_INT_AROUND -DLIMIT_ARGS -DBUILD_RRTMG_FAST=0 -DBUILD_RRTMK=0 -DBUILD_SBM_FAST=1 -DSHOW_ALL_VARS_USED=0 -DCONFIG_BUF_LEN=65536 -DMAX_DOMAINS_F=21 -DMAX_HISTORY=25 -DNMM_NEST=0 -DWRF_CHEM -DBUILD_CHEM=1 -I. -traditional-cpp   ../inc/allocs_10.G  > ../inc/allocs_10.bb
/home/hnavarro/Desktop/WRF/BUILD_WRF/WRF/tools/standard.exe ../inc/allocs_10.bb | /lib/cpp -P -nostdinc -traditional-cpp > ../inc/allocs_10.f90
rm -f ../inc/allocs_10.G ../inc/allocs_10.bb
time mpif90 -f90=gfortran -o ../inc/allocs_10.o -c -O2 -ftree-vectorize -funroll-loops -w -ffree-form -ffree-line-length-none -fconvert=big-endian -frecord-marker=4 -fallow-argument-mismatch -fallow-invalid-boz   -I../dyn_em  -I/home/hnavarro/Desktop/WRF/BUILD_WRF/WRF/external/esmf_time_f90  -I/home/hnavarro/Desktop/WRF/BUILD_WRF/WRF/main -I/home/hnavarro/Desktop/WRF/BUILD_WRF/WRF/external/io_netcdf -I/home/hnavarro/Desktop/WRF/BUILD_WRF/WRF/external/io_int -I/home/hnavarro/Desktop/WRF/BUILD_WRF/WRF/frame -I/home/hnavarro/Desktop/WRF/BUILD_WRF/WRF/share -I/home/hnavarro/Desktop/WRF/BUILD_WRF/WRF/phys -I/home/hnavarro/Desktop/WRF/BUILD_WRF/WRF/wrftladj -I/home/hnavarro/Desktop/WRF/BUILD_WRF/WRF/chem -I/home/hnavarro/Desktop/WRF/BUILD_WRF/WRF/inc -I/home/hnavarro/Desktop/WRF/Install-WRF-Chem/LIBRARIES/netcdf/include    ../inc/allocs_10.f90
7.47user 0.22system 0:07.71elapsed 99%CPU (0avgtext+0avgdata 317564maxresident)k
0inputs+3920outputs (0major+135229minor)pagefaults 0swaps
rm -f ../inc/allocs_11.o
sed -e "s/^\!.*'.*//" -e "s/^ *\!.*'.*//" ../inc/allocs_11.F > ../inc/allocs_11.G
/lib/cpp -P -nostdinc -I/home/hnavarro/Desktop/WRF/BUILD_WRF/WRF/inc -DEM_CORE=1 -DNMM_CORE=0 -DNMM_MAX_DIM=2600 -DDA_CORE=0 -DWRFPLUS=0 -DIWORDSIZE=4 -DDWORDSIZE=8 -DRWORDSIZE=4 -DLWORDSIZE=4 -DNONSTANDARD_SYSTEM_SUBR  -DWRF_USE_CLM  -DDM_PARALLEL -DNETCDF -DLANDREAD_STUB=1 -DUSE_ALLOCATABLES -Dwrfmodel -DGRIB1 -DINTIO -DKEEP_INT_AROUND -DLIMIT_ARGS -DBUILD_RRTMG_FAST=0 -DBUILD_RRTMK=0 -DBUILD_SBM_FAST=1 -DSHOW_ALL_VARS_USED=0 -DCONFIG_BUF_LEN=65536 -DMAX_DOMAINS_F=21 -DMAX_HISTORY=25 -DNMM_NEST=0 -DWRF_CHEM -DBUILD_CHEM=1 -I. -traditional-cpp   ../inc/allocs_11.G  > ../inc/allocs_11.bb
/home/hnavarro/Desktop/WRF/BUILD_WRF/WRF/tools/standard.exe ../inc/allocs_11.bb | /lib/cpp -P -nostdinc -traditional-cpp > ../inc/allocs_11.f90
rm -f ../inc/allocs_11.G ../inc/allocs_11.bb
time mpif90 -f90=gfortran -o ../inc/allocs_11.o -c -O2 -ftree-vectorize -funroll-loops -w -ffree-form -ffree-line-length-none -fconvert=big-endian -frecord-marker=4 -fallow-argument-mismatch -fallow-invalid-boz   -I../dyn_em  -I/home/hnavarro/Desktop/WRF/BUILD_WRF/WRF/external/esmf_time_f90  -I/home/hnavarro/Desktop/WRF/BUILD_WRF/WRF/main -I/home/hnavarro/Desktop/WRF/BUILD_WRF/WRF/external/io_netcdf -I/home/hnavarro/Desktop/WRF/BUILD_WRF/WRF/external/io_int -I/home/hnavarro/Desktop/WRF/BUILD_WRF/WRF/frame -I/home/hnavarro/Desktop/WRF/BUILD_WRF/WRF/share -I/home/hnavarro/Desktop/WRF/BUILD_WRF/WRF/phys -I/home/hnavarro/Desktop/WRF/BUILD_WRF/WRF/wrftladj -I/home/hnavarro/Desktop/WRF/BUILD_WRF/WRF/chem -I/home/hnavarro/Desktop/WRF/BUILD_WRF/WRF/inc -I/home/hnavarro/Desktop/WRF/Install-WRF-Chem/LIBRARIES/netcdf/include    ../inc/allocs_11.f90
9.75user 0.23system 0:10.01elapsed 99%CPU (0avgtext+0avgdata 384468maxresident)k
0inputs+4872outputs (0major+177298minor)pagefaults 0swaps
rm -f ../inc/allocs_12.o
sed -e "s/^\!.*'.*//" -e "s/^ *\!.*'.*//" ../inc/allocs_12.F > ../inc/allocs_12.G
/lib/cpp -P -nostdinc -I/home/hnavarro/Desktop/WRF/BUILD_WRF/WRF/inc -DEM_CORE=1 -DNMM_CORE=0 -DNMM_MAX_DIM=2600 -DDA_CORE=0 -DWRFPLUS=0 -DIWORDSIZE=4 -DDWORDSIZE=8 -DRWORDSIZE=4 -DLWORDSIZE=4 -DNONSTANDARD_SYSTEM_SUBR  -DWRF_USE_CLM  -DDM_PARALLEL -DNETCDF -DLANDREAD_STUB=1 -DUSE_ALLOCATABLES -Dwrfmodel -DGRIB1 -DINTIO -DKEEP_INT_AROUND -DLIMIT_ARGS -DBUILD_RRTMG_FAST=0 -DBUILD_RRTMK=0 -DBUILD_SBM_FAST=1 -DSHOW_ALL_VARS_USED=0 -DCONFIG_BUF_LEN=65536 -DMAX_DOMAINS_F=21 -DMAX_HISTORY=25 -DNMM_NEST=0 -DWRF_CHEM -DBUILD_CHEM=1 -I. -traditional-cpp   ../inc/allocs_12.G  > ../inc/allocs_12.bb
/home/hnavarro/Desktop/WRF/BUILD_WRF/WRF/tools/standard.exe ../inc/allocs_12.bb | /lib/cpp -P -nostdinc -traditional-cpp > ../inc/allocs_12.f90
rm -f ../inc/allocs_12.G ../inc/allocs_12.bb
time mpif90 -f90=gfortran -o ../inc/allocs_12.o -c -O2 -ftree-vectorize -funroll-loops -w -ffree-form -ffree-line-length-none -fconvert=big-endian -frecord-marker=4 -fallow-argument-mismatch -fallow-invalid-boz   -I../dyn_em  -I/home/hnavarro/Desktop/WRF/BUILD_WRF/WRF/external/esmf_time_f90  -I/home/hnavarro/Desktop/WRF/BUILD_WRF/WRF/main -I/home/hnavarro/Desktop/WRF/BUILD_WRF/WRF/external/io_netcdf -I/home/hnavarro/Desktop/WRF/BUILD_WRF/WRF/external/io_int -I/home/hnavarro/Desktop/WRF/BUILD_WRF/WRF/frame -I/home/hnavarro/Desktop/WRF/BUILD_WRF/WRF/share -I/home/hnavarro/Desktop/WRF/BUILD_WRF/WRF/phys -I/home/hnavarro/Desktop/WRF/BUILD_WRF/WRF/wrftladj -I/home/hnavarro/Desktop/WRF/BUILD_WRF/WRF/chem -I/home/hnavarro/Desktop/WRF/BUILD_WRF/WRF/inc -I/home/hnavarro/Desktop/WRF/Install-WRF-Chem/LIBRARIES/netcdf/include    ../inc/allocs_12.f90
8.41user 0.25system 0:08.69elapsed 99%CPU (0avgtext+0avgdata 349380maxresident)k
0inputs+4416outputs (0major+153909minor)pagefaults 0swaps
rm -f ../inc/allocs_13.o
sed -e "s/^\!.*'.*//" -e "s/^ *\!.*'.*//" ../inc/allocs_13.F > ../inc/allocs_13.G
/lib/cpp -P -nostdinc -I/home/hnavarro/Desktop/WRF/BUILD_WRF/WRF/inc -DEM_CORE=1 -DNMM_CORE=0 -DNMM_MAX_DIM=2600 -DDA_CORE=0 -DWRFPLUS=0 -DIWORDSIZE=4 -DDWORDSIZE=8 -DRWORDSIZE=4 -DLWORDSIZE=4 -DNONSTANDARD_SYSTEM_SUBR  -DWRF_USE_CLM  -DDM_PARALLEL -DNETCDF -DLANDREAD_STUB=1 -DUSE_ALLOCATABLES -Dwrfmodel -DGRIB1 -DINTIO -DKEEP_INT_AROUND -DLIMIT_ARGS -DBUILD_RRTMG_FAST=0 -DBUILD_RRTMK=0 -DBUILD_SBM_FAST=1 -DSHOW_ALL_VARS_USED=0 -DCONFIG_BUF_LEN=65536 -DMAX_DOMAINS_F=21 -DMAX_HISTORY=25 -DNMM_NEST=0 -DWRF_CHEM -DBUILD_CHEM=1 -I. -traditional-cpp   ../inc/allocs_13.G  > ../inc/allocs_13.bb
/home/hnavarro/Desktop/WRF/BUILD_WRF/WRF/tools/standard.exe ../inc/allocs_13.bb | /lib/cpp -P -nostdinc -traditional-cpp > ../inc/allocs_13.f90
rm -f ../inc/allocs_13.G ../inc/allocs_13.bb
time mpif90 -f90=gfortran -o ../inc/allocs_13.o -c -O2 -ftree-vectorize -funroll-loops -w -ffree-form -ffree-line-length-none -fconvert=big-endian -frecord-marker=4 -fallow-argument-mismatch -fallow-invalid-boz   -I../dyn_em  -I/home/hnavarro/Desktop/WRF/BUILD_WRF/WRF/external/esmf_time_f90  -I/home/hnavarro/Desktop/WRF/BUILD_WRF/WRF/main -I/home/hnavarro/Desktop/WRF/BUILD_WRF/WRF/external/io_netcdf -I/home/hnavarro/Desktop/WRF/BUILD_WRF/WRF/external/io_int -I/home/hnavarro/Desktop/WRF/BUILD_WRF/WRF/frame -I/home/hnavarro/Desktop/WRF/BUILD_WRF/WRF/share -I/home/hnavarro/Desktop/WRF/BUILD_WRF/WRF/phys -I/home/hnavarro/Desktop/WRF/BUILD_WRF/WRF/wrftladj -I/home/hnavarro/Desktop/WRF/BUILD_WRF/WRF/chem -I/home/hnavarro/Desktop/WRF/BUILD_WRF/WRF/inc -I/home/hnavarro/Desktop/WRF/Install-WRF-Chem/LIBRARIES/netcdf/include    ../inc/allocs_13.f90
0.70user 0.05system 0:00.76elapsed 99%CPU (0avgtext+0avgdata 59640maxresident)k
0inputs+16outputs (0major+17840minor)pagefaults 0swaps
rm -f ../inc/allocs_14.o
sed -e "s/^\!.*'.*//" -e "s/^ *\!.*'.*//" ../inc/allocs_14.F > ../inc/allocs_14.G
/lib/cpp -P -nostdinc -I/home/hnavarro/Desktop/WRF/BUILD_WRF/WRF/inc -DEM_CORE=1 -DNMM_CORE=0 -DNMM_MAX_DIM=2600 -DDA_CORE=0 -DWRFPLUS=0 -DIWORDSIZE=4 -DDWORDSIZE=8 -DRWORDSIZE=4 -DLWORDSIZE=4 -DNONSTANDARD_SYSTEM_SUBR  -DWRF_USE_CLM  -DDM_PARALLEL -DNETCDF -DLANDREAD_STUB=1 -DUSE_ALLOCATABLES -Dwrfmodel -DGRIB1 -DINTIO -DKEEP_INT_AROUND -DLIMIT_ARGS -DBUILD_RRTMG_FAST=0 -DBUILD_RRTMK=0 -DBUILD_SBM_FAST=1 -DSHOW_ALL_VARS_USED=0 -DCONFIG_BUF_LEN=65536 -DMAX_DOMAINS_F=21 -DMAX_HISTORY=25 -DNMM_NEST=0 -DWRF_CHEM -DBUILD_CHEM=1 -I. -traditional-cpp   ../inc/allocs_14.G  > ../inc/allocs_14.bb
/home/hnavarro/Desktop/WRF/BUILD_WRF/WRF/tools/standard.exe ../inc/allocs_14.bb | /lib/cpp -P -nostdinc -traditional-cpp > ../inc/allocs_14.f90
rm -f ../inc/allocs_14.G ../inc/allocs_14.bb
time mpif90 -f90=gfortran -o ../inc/allocs_14.o -c -O2 -ftree-vectorize -funroll-loops -w -ffree-form -ffree-line-length-none -fconvert=big-endian -frecord-marker=4 -fallow-argument-mismatch -fallow-invalid-boz   -I../dyn_em  -I/home/hnavarro/Desktop/WRF/BUILD_WRF/WRF/external/esmf_time_f90  -I/home/hnavarro/Desktop/WRF/BUILD_WRF/WRF/main -I/home/hnavarro/Desktop/WRF/BUILD_WRF/WRF/external/io_netcdf -I/home/hnavarro/Desktop/WRF/BUILD_WRF/WRF/external/io_int -I/home/hnavarro/Desktop/WRF/BUILD_WRF/WRF/frame -I/home/hnavarro/Desktop/WRF/BUILD_WRF/WRF/share -I/home/hnavarro/Desktop/WRF/BUILD_WRF/WRF/phys -I/home/hnavarro/Desktop/WRF/BUILD_WRF/WRF/wrftladj -I/home/hnavarro/Desktop/WRF/BUILD_WRF/WRF/chem -I/home/hnavarro/Desktop/WRF/BUILD_WRF/WRF/inc -I/home/hnavarro/Desktop/WRF/Install-WRF-Chem/LIBRARIES/netcdf/include    ../inc/allocs_14.f90
0.71user 0.05system 0:00.78elapsed 98%CPU (0avgtext+0avgdata 60024maxresident)k
0inputs+16outputs (0major+18014minor)pagefaults 0swaps
rm -f ../inc/allocs_15.o
sed -e "s/^\!.*'.*//" -e "s/^ *\!.*'.*//" ../inc/allocs_15.F > ../inc/allocs_15.G
/lib/cpp -P -nostdinc -I/home/hnavarro/Desktop/WRF/BUILD_WRF/WRF/inc -DEM_CORE=1 -DNMM_CORE=0 -DNMM_MAX_DIM=2600 -DDA_CORE=0 -DWRFPLUS=0 -DIWORDSIZE=4 -DDWORDSIZE=8 -DRWORDSIZE=4 -DLWORDSIZE=4 -DNONSTANDARD_SYSTEM_SUBR  -DWRF_USE_CLM  -DDM_PARALLEL -DNETCDF -DLANDREAD_STUB=1 -DUSE_ALLOCATABLES -Dwrfmodel -DGRIB1 -DINTIO -DKEEP_INT_AROUND -DLIMIT_ARGS -DBUILD_RRTMG_FAST=0 -DBUILD_RRTMK=0 -DBUILD_SBM_FAST=1 -DSHOW_ALL_VARS_USED=0 -DCONFIG_BUF_LEN=65536 -DMAX_DOMAINS_F=21 -DMAX_HISTORY=25 -DNMM_NEST=0 -DWRF_CHEM -DBUILD_CHEM=1 -I. -traditional-cpp   ../inc/allocs_15.G  > ../inc/allocs_15.bb
/home/hnavarro/Desktop/WRF/BUILD_WRF/WRF/tools/standard.exe ../inc/allocs_15.bb | /lib/cpp -P -nostdinc -traditional-cpp > ../inc/allocs_15.f90
rm -f ../inc/allocs_15.G ../inc/allocs_15.bb
time mpif90 -f90=gfortran -o ../inc/allocs_15.o -c -O2 -ftree-vectorize -funroll-loops -w -ffree-form -ffree-line-length-none -fconvert=big-endian -frecord-marker=4 -fallow-argument-mismatch -fallow-invalid-boz   -I../dyn_em  -I/home/hnavarro/Desktop/WRF/BUILD_WRF/WRF/external/esmf_time_f90  -I/home/hnavarro/Desktop/WRF/BUILD_WRF/WRF/main -I/home/hnavarro/Desktop/WRF/BUILD_WRF/WRF/external/io_netcdf -I/home/hnavarro/Desktop/WRF/BUILD_WRF/WRF/external/io_int -I/home/hnavarro/Desktop/WRF/BUILD_WRF/WRF/frame -I/home/hnavarro/Desktop/WRF/BUILD_WRF/WRF/share -I/home/hnavarro/Desktop/WRF/BUILD_WRF/WRF/phys -I/home/hnavarro/Desktop/WRF/BUILD_WRF/WRF/wrftladj -I/home/hnavarro/Desktop/WRF/BUILD_WRF/WRF/chem -I/home/hnavarro/Desktop/WRF/BUILD_WRF/WRF/inc -I/home/hnavarro/Desktop/WRF/Install-WRF-Chem/LIBRARIES/netcdf/include    ../inc/allocs_15.f90
0.80user 0.05system 0:00.86elapsed 99%CPU (0avgtext+0avgdata 59920maxresident)k
0inputs+16outputs (0major+17927minor)pagefaults 0swaps
rm -f ../inc/allocs_16.o
sed -e "s/^\!.*'.*//" -e "s/^ *\!.*'.*//" ../inc/allocs_16.F > ../inc/allocs_16.G
/lib/cpp -P -nostdinc -I/home/hnavarro/Desktop/WRF/BUILD_WRF/WRF/inc -DEM_CORE=1 -DNMM_CORE=0 -DNMM_MAX_DIM=2600 -DDA_CORE=0 -DWRFPLUS=0 -DIWORDSIZE=4 -DDWORDSIZE=8 -DRWORDSIZE=4 -DLWORDSIZE=4 -DNONSTANDARD_SYSTEM_SUBR  -DWRF_USE_CLM  -DDM_PARALLEL -DNETCDF -DLANDREAD_STUB=1 -DUSE_ALLOCATABLES -Dwrfmodel -DGRIB1 -DINTIO -DKEEP_INT_AROUND -DLIMIT_ARGS -DBUILD_RRTMG_FAST=0 -DBUILD_RRTMK=0 -DBUILD_SBM_FAST=1 -DSHOW_ALL_VARS_USED=0 -DCONFIG_BUF_LEN=65536 -DMAX_DOMAINS_F=21 -DMAX_HISTORY=25 -DNMM_NEST=0 -DWRF_CHEM -DBUILD_CHEM=1 -I. -traditional-cpp   ../inc/allocs_16.G  > ../inc/allocs_16.bb
/home/hnavarro/Desktop/WRF/BUILD_WRF/WRF/tools/standard.exe ../inc/allocs_16.bb | /lib/cpp -P -nostdinc -traditional-cpp > ../inc/allocs_16.f90
rm -f ../inc/allocs_16.G ../inc/allocs_16.bb
time mpif90 -f90=gfortran -o ../inc/allocs_16.o -c -O2 -ftree-vectorize -funroll-loops -w -ffree-form -ffree-line-length-none -fconvert=big-endian -frecord-marker=4 -fallow-argument-mismatch -fallow-invalid-boz   -I../dyn_em  -I/home/hnavarro/Desktop/WRF/BUILD_WRF/WRF/external/esmf_time_f90  -I/home/hnavarro/Desktop/WRF/BUILD_WRF/WRF/main -I/home/hnavarro/Desktop/WRF/BUILD_WRF/WRF/external/io_netcdf -I/home/hnavarro/Desktop/WRF/BUILD_WRF/WRF/external/io_int -I/home/hnavarro/Desktop/WRF/BUILD_WRF/WRF/frame -I/home/hnavarro/Desktop/WRF/BUILD_WRF/WRF/share -I/home/hnavarro/Desktop/WRF/BUILD_WRF/WRF/phys -I/home/hnavarro/Desktop/WRF/BUILD_WRF/WRF/wrftladj -I/home/hnavarro/Desktop/WRF/BUILD_WRF/WRF/chem -I/home/hnavarro/Desktop/WRF/BUILD_WRF/WRF/inc -I/home/hnavarro/Desktop/WRF/Install-WRF-Chem/LIBRARIES/netcdf/include    ../inc/allocs_16.f90
0.62user 0.05system 0:00.67elapsed 99%CPU (0avgtext+0avgdata 60024maxresident)k
0inputs+16outputs (0major+17960minor)pagefaults 0swaps
rm -f ../inc/allocs_17.o
sed -e "s/^\!.*'.*//" -e "s/^ *\!.*'.*//" ../inc/allocs_17.F > ../inc/allocs_17.G
/lib/cpp -P -nostdinc -I/home/hnavarro/Desktop/WRF/BUILD_WRF/WRF/inc -DEM_CORE=1 -DNMM_CORE=0 -DNMM_MAX_DIM=2600 -DDA_CORE=0 -DWRFPLUS=0 -DIWORDSIZE=4 -DDWORDSIZE=8 -DRWORDSIZE=4 -DLWORDSIZE=4 -DNONSTANDARD_SYSTEM_SUBR  -DWRF_USE_CLM  -DDM_PARALLEL -DNETCDF -DLANDREAD_STUB=1 -DUSE_ALLOCATABLES -Dwrfmodel -DGRIB1 -DINTIO -DKEEP_INT_AROUND -DLIMIT_ARGS -DBUILD_RRTMG_FAST=0 -DBUILD_RRTMK=0 -DBUILD_SBM_FAST=1 -DSHOW_ALL_VARS_USED=0 -DCONFIG_BUF_LEN=65536 -DMAX_DOMAINS_F=21 -DMAX_HISTORY=25 -DNMM_NEST=0 -DWRF_CHEM -DBUILD_CHEM=1 -I. -traditional-cpp   ../inc/allocs_17.G  > ../inc/allocs_17.bb
/home/hnavarro/Desktop/WRF/BUILD_WRF/WRF/tools/standard.exe ../inc/allocs_17.bb | /lib/cpp -P -nostdinc -traditional-cpp > ../inc/allocs_17.f90
rm -f ../inc/allocs_17.G ../inc/allocs_17.bb
time mpif90 -f90=gfortran -o ../inc/allocs_17.o -c -O2 -ftree-vectorize -funroll-loops -w -ffree-form -ffree-line-length-none -fconvert=big-endian -frecord-marker=4 -fallow-argument-mismatch -fallow-invalid-boz   -I../dyn_em  -I/home/hnavarro/Desktop/WRF/BUILD_WRF/WRF/external/esmf_time_f90  -I/home/hnavarro/Desktop/WRF/BUILD_WRF/WRF/main -I/home/hnavarro/Desktop/WRF/BUILD_WRF/WRF/external/io_netcdf -I/home/hnavarro/Desktop/WRF/BUILD_WRF/WRF/external/io_int -I/home/hnavarro/Desktop/WRF/BUILD_WRF/WRF/frame -I/home/hnavarro/Desktop/WRF/BUILD_WRF/WRF/share -I/home/hnavarro/Desktop/WRF/BUILD_WRF/WRF/phys -I/home/hnavarro/Desktop/WRF/BUILD_WRF/WRF/wrftladj -I/home/hnavarro/Desktop/WRF/BUILD_WRF/WRF/chem -I/home/hnavarro/Desktop/WRF/BUILD_WRF/WRF/inc -I/home/hnavarro/Desktop/WRF/Install-WRF-Chem/LIBRARIES/netcdf/include    ../inc/allocs_17.f90
2.73user 0.11system 0:02.84elapsed 99%CPU (0avgtext+0avgdata 160512maxresident)k
0inputs+1432outputs (0major+48154minor)pagefaults 0swaps
rm -f ../inc/allocs_18.o
sed -e "s/^\!.*'.*//" -e "s/^ *\!.*'.*//" ../inc/allocs_18.F > ../inc/allocs_18.G
/lib/cpp -P -nostdinc -I/home/hnavarro/Desktop/WRF/BUILD_WRF/WRF/inc -DEM_CORE=1 -DNMM_CORE=0 -DNMM_MAX_DIM=2600 -DDA_CORE=0 -DWRFPLUS=0 -DIWORDSIZE=4 -DDWORDSIZE=8 -DRWORDSIZE=4 -DLWORDSIZE=4 -DNONSTANDARD_SYSTEM_SUBR  -DWRF_USE_CLM  -DDM_PARALLEL -DNETCDF -DLANDREAD_STUB=1 -DUSE_ALLOCATABLES -Dwrfmodel -DGRIB1 -DINTIO -DKEEP_INT_AROUND -DLIMIT_ARGS -DBUILD_RRTMG_FAST=0 -DBUILD_RRTMK=0 -DBUILD_SBM_FAST=1 -DSHOW_ALL_VARS_USED=0 -DCONFIG_BUF_LEN=65536 -DMAX_DOMAINS_F=21 -DMAX_HISTORY=25 -DNMM_NEST=0 -DWRF_CHEM -DBUILD_CHEM=1 -I. -traditional-cpp   ../inc/allocs_18.G  > ../inc/allocs_18.bb
/home/hnavarro/Desktop/WRF/BUILD_WRF/WRF/tools/standard.exe ../inc/allocs_18.bb | /lib/cpp -P -nostdinc -traditional-cpp > ../inc/allocs_18.f90
rm -f ../inc/allocs_18.G ../inc/allocs_18.bb
time mpif90 -f90=gfortran -o ../inc/allocs_18.o -c -O2 -ftree-vectorize -funroll-loops -w -ffree-form -ffree-line-length-none -fconvert=big-endian -frecord-marker=4 -fallow-argument-mismatch -fallow-invalid-boz   -I../dyn_em  -I/home/hnavarro/Desktop/WRF/BUILD_WRF/WRF/external/esmf_time_f90  -I/home/hnavarro/Desktop/WRF/BUILD_WRF/WRF/main -I/home/hnavarro/Desktop/WRF/BUILD_WRF/WRF/external/io_netcdf -I/home/hnavarro/Desktop/WRF/BUILD_WRF/WRF/external/io_int -I/home/hnavarro/Desktop/WRF/BUILD_WRF/WRF/frame -I/home/hnavarro/Desktop/WRF/BUILD_WRF/WRF/share -I/home/hnavarro/Desktop/WRF/BUILD_WRF/WRF/phys -I/home/hnavarro/Desktop/WRF/BUILD_WRF/WRF/wrftladj -I/home/hnavarro/Desktop/WRF/BUILD_WRF/WRF/chem -I/home/hnavarro/Desktop/WRF/BUILD_WRF/WRF/inc -I/home/hnavarro/Desktop/WRF/Install-WRF-Chem/LIBRARIES/netcdf/include    ../inc/allocs_18.f90
0.75user 0.05system 0:00.81elapsed 99%CPU (0avgtext+0avgdata 58552maxresident)k
0inputs+16outputs (0major+17880minor)pagefaults 0swaps
rm -f ../inc/allocs_19.o
sed -e "s/^\!.*'.*//" -e "s/^ *\!.*'.*//" ../inc/allocs_19.F > ../inc/allocs_19.G
/lib/cpp -P -nostdinc -I/home/hnavarro/Desktop/WRF/BUILD_WRF/WRF/inc -DEM_CORE=1 -DNMM_CORE=0 -DNMM_MAX_DIM=2600 -DDA_CORE=0 -DWRFPLUS=0 -DIWORDSIZE=4 -DDWORDSIZE=8 -DRWORDSIZE=4 -DLWORDSIZE=4 -DNONSTANDARD_SYSTEM_SUBR  -DWRF_USE_CLM  -DDM_PARALLEL -DNETCDF -DLANDREAD_STUB=1 -DUSE_ALLOCATABLES -Dwrfmodel -DGRIB1 -DINTIO -DKEEP_INT_AROUND -DLIMIT_ARGS -DBUILD_RRTMG_FAST=0 -DBUILD_RRTMK=0 -DBUILD_SBM_FAST=1 -DSHOW_ALL_VARS_USED=0 -DCONFIG_BUF_LEN=65536 -DMAX_DOMAINS_F=21 -DMAX_HISTORY=25 -DNMM_NEST=0 -DWRF_CHEM -DBUILD_CHEM=1 -I. -traditional-cpp   ../inc/allocs_19.G  > ../inc/allocs_19.bb
/home/hnavarro/Desktop/WRF/BUILD_WRF/WRF/tools/standard.exe ../inc/allocs_19.bb | /lib/cpp -P -nostdinc -traditional-cpp > ../inc/allocs_19.f90
rm -f ../inc/allocs_19.G ../inc/allocs_19.bb
time mpif90 -f90=gfortran -o ../inc/allocs_19.o -c -O2 -ftree-vectorize -funroll-loops -w -ffree-form -ffree-line-length-none -fconvert=big-endian -frecord-marker=4 -fallow-argument-mismatch -fallow-invalid-boz   -I../dyn_em  -I/home/hnavarro/Desktop/WRF/BUILD_WRF/WRF/external/esmf_time_f90  -I/home/hnavarro/Desktop/WRF/BUILD_WRF/WRF/main -I/home/hnavarro/Desktop/WRF/BUILD_WRF/WRF/external/io_netcdf -I/home/hnavarro/Desktop/WRF/BUILD_WRF/WRF/external/io_int -I/home/hnavarro/Desktop/WRF/BUILD_WRF/WRF/frame -I/home/hnavarro/Desktop/WRF/BUILD_WRF/WRF/share -I/home/hnavarro/Desktop/WRF/BUILD_WRF/WRF/phys -I/home/hnavarro/Desktop/WRF/BUILD_WRF/WRF/wrftladj -I/home/hnavarro/Desktop/WRF/BUILD_WRF/WRF/chem -I/home/hnavarro/Desktop/WRF/BUILD_WRF/WRF/inc -I/home/hnavarro/Desktop/WRF/Install-WRF-Chem/LIBRARIES/netcdf/include    ../inc/allocs_19.f90
7.95user 0.21system 0:08.17elapsed 99%CPU (0avgtext+0avgdata 341052maxresident)k
0inputs+4248outputs (0major+150305minor)pagefaults 0swaps
rm -f ../inc/allocs_20.o
sed -e "s/^\!.*'.*//" -e "s/^ *\!.*'.*//" ../inc/allocs_20.F > ../inc/allocs_20.G
/lib/cpp -P -nostdinc -I/home/hnavarro/Desktop/WRF/BUILD_WRF/WRF/inc -DEM_CORE=1 -DNMM_CORE=0 -DNMM_MAX_DIM=2600 -DDA_CORE=0 -DWRFPLUS=0 -DIWORDSIZE=4 -DDWORDSIZE=8 -DRWORDSIZE=4 -DLWORDSIZE=4 -DNONSTANDARD_SYSTEM_SUBR  -DWRF_USE_CLM  -DDM_PARALLEL -DNETCDF -DLANDREAD_STUB=1 -DUSE_ALLOCATABLES -Dwrfmodel -DGRIB1 -DINTIO -DKEEP_INT_AROUND -DLIMIT_ARGS -DBUILD_RRTMG_FAST=0 -DBUILD_RRTMK=0 -DBUILD_SBM_FAST=1 -DSHOW_ALL_VARS_USED=0 -DCONFIG_BUF_LEN=65536 -DMAX_DOMAINS_F=21 -DMAX_HISTORY=25 -DNMM_NEST=0 -DWRF_CHEM -DBUILD_CHEM=1 -I. -traditional-cpp   ../inc/allocs_20.G  > ../inc/allocs_20.bb
/home/hnavarro/Desktop/WRF/BUILD_WRF/WRF/tools/standard.exe ../inc/allocs_20.bb | /lib/cpp -P -nostdinc -traditional-cpp > ../inc/allocs_20.f90
rm -f ../inc/allocs_20.G ../inc/allocs_20.bb
time mpif90 -f90=gfortran -o ../inc/allocs_20.o -c -O2 -ftree-vectorize -funroll-loops -w -ffree-form -ffree-line-length-none -fconvert=big-endian -frecord-marker=4 -fallow-argument-mismatch -fallow-invalid-boz   -I../dyn_em  -I/home/hnavarro/Desktop/WRF/BUILD_WRF/WRF/external/esmf_time_f90  -I/home/hnavarro/Desktop/WRF/BUILD_WRF/WRF/main -I/home/hnavarro/Desktop/WRF/BUILD_WRF/WRF/external/io_netcdf -I/home/hnavarro/Desktop/WRF/BUILD_WRF/WRF/external/io_int -I/home/hnavarro/Desktop/WRF/BUILD_WRF/WRF/frame -I/home/hnavarro/Desktop/WRF/BUILD_WRF/WRF/share -I/home/hnavarro/Desktop/WRF/BUILD_WRF/WRF/phys -I/home/hnavarro/Desktop/WRF/BUILD_WRF/WRF/wrftladj -I/home/hnavarro/Desktop/WRF/BUILD_WRF/WRF/chem -I/home/hnavarro/Desktop/WRF/BUILD_WRF/WRF/inc -I/home/hnavarro/Desktop/WRF/Install-WRF-Chem/LIBRARIES/netcdf/include    ../inc/allocs_20.f90
0.68user 0.05system 0:00.73elapsed 99%CPU (0avgtext+0avgdata 58372maxresident)k
0inputs+16outputs (0major+17797minor)pagefaults 0swaps
rm -f ../inc/allocs_21.o
sed -e "s/^\!.*'.*//" -e "s/^ *\!.*'.*//" ../inc/allocs_21.F > ../inc/allocs_21.G
/lib/cpp -P -nostdinc -I/home/hnavarro/Desktop/WRF/BUILD_WRF/WRF/inc -DEM_CORE=1 -DNMM_CORE=0 -DNMM_MAX_DIM=2600 -DDA_CORE=0 -DWRFPLUS=0 -DIWORDSIZE=4 -DDWORDSIZE=8 -DRWORDSIZE=4 -DLWORDSIZE=4 -DNONSTANDARD_SYSTEM_SUBR  -DWRF_USE_CLM  -DDM_PARALLEL -DNETCDF -DLANDREAD_STUB=1 -DUSE_ALLOCATABLES -Dwrfmodel -DGRIB1 -DINTIO -DKEEP_INT_AROUND -DLIMIT_ARGS -DBUILD_RRTMG_FAST=0 -DBUILD_RRTMK=0 -DBUILD_SBM_FAST=1 -DSHOW_ALL_VARS_USED=0 -DCONFIG_BUF_LEN=65536 -DMAX_DOMAINS_F=21 -DMAX_HISTORY=25 -DNMM_NEST=0 -DWRF_CHEM -DBUILD_CHEM=1 -I. -traditional-cpp   ../inc/allocs_21.G  > ../inc/allocs_21.bb
/home/hnavarro/Desktop/WRF/BUILD_WRF/WRF/tools/standard.exe ../inc/allocs_21.bb | /lib/cpp -P -nostdinc -traditional-cpp > ../inc/allocs_21.f90
rm -f ../inc/allocs_21.G ../inc/allocs_21.bb
time mpif90 -f90=gfortran -o ../inc/allocs_21.o -c -O2 -ftree-vectorize -funroll-loops -w -ffree-form -ffree-line-length-none -fconvert=big-endian -frecord-marker=4 -fallow-argument-mismatch -fallow-invalid-boz   -I../dyn_em  -I/home/hnavarro/Desktop/WRF/BUILD_WRF/WRF/external/esmf_time_f90  -I/home/hnavarro/Desktop/WRF/BUILD_WRF/WRF/main -I/home/hnavarro/Desktop/WRF/BUILD_WRF/WRF/external/io_netcdf -I/home/hnavarro/Desktop/WRF/BUILD_WRF/WRF/external/io_int -I/home/hnavarro/Desktop/WRF/BUILD_WRF/WRF/frame -I/home/hnavarro/Desktop/WRF/BUILD_WRF/WRF/share -I/home/hnavarro/Desktop/WRF/BUILD_WRF/WRF/phys -I/home/hnavarro/Desktop/WRF/BUILD_WRF/WRF/wrftladj -I/home/hnavarro/Desktop/WRF/BUILD_WRF/WRF/chem -I/home/hnavarro/Desktop/WRF/BUILD_WRF/WRF/inc -I/home/hnavarro/Desktop/WRF/Install-WRF-Chem/LIBRARIES/netcdf/include    ../inc/allocs_21.f90
1.01user 0.09system 0:01.10elapsed 99%CPU (0avgtext+0avgdata 57912maxresident)k
0inputs+16outputs (0major+17827minor)pagefaults 0swaps
rm -f ../inc/allocs_22.o
sed -e "s/^\!.*'.*//" -e "s/^ *\!.*'.*//" ../inc/allocs_22.F > ../inc/allocs_22.G
/lib/cpp -P -nostdinc -I/home/hnavarro/Desktop/WRF/BUILD_WRF/WRF/inc -DEM_CORE=1 -DNMM_CORE=0 -DNMM_MAX_DIM=2600 -DDA_CORE=0 -DWRFPLUS=0 -DIWORDSIZE=4 -DDWORDSIZE=8 -DRWORDSIZE=4 -DLWORDSIZE=4 -DNONSTANDARD_SYSTEM_SUBR  -DWRF_USE_CLM  -DDM_PARALLEL -DNETCDF -DLANDREAD_STUB=1 -DUSE_ALLOCATABLES -Dwrfmodel -DGRIB1 -DINTIO -DKEEP_INT_AROUND -DLIMIT_ARGS -DBUILD_RRTMG_FAST=0 -DBUILD_RRTMK=0 -DBUILD_SBM_FAST=1 -DSHOW_ALL_VARS_USED=0 -DCONFIG_BUF_LEN=65536 -DMAX_DOMAINS_F=21 -DMAX_HISTORY=25 -DNMM_NEST=0 -DWRF_CHEM -DBUILD_CHEM=1 -I. -traditional-cpp   ../inc/allocs_22.G  > ../inc/allocs_22.bb
/home/hnavarro/Desktop/WRF/BUILD_WRF/WRF/tools/standard.exe ../inc/allocs_22.bb | /lib/cpp -P -nostdinc -traditional-cpp > ../inc/allocs_22.f90
rm -f ../inc/allocs_22.G ../inc/allocs_22.bb
time mpif90 -f90=gfortran -o ../inc/allocs_22.o -c -O2 -ftree-vectorize -funroll-loops -w -ffree-form -ffree-line-length-none -fconvert=big-endian -frecord-marker=4 -fallow-argument-mismatch -fallow-invalid-boz   -I../dyn_em  -I/home/hnavarro/Desktop/WRF/BUILD_WRF/WRF/external/esmf_time_f90  -I/home/hnavarro/Desktop/WRF/BUILD_WRF/WRF/main -I/home/hnavarro/Desktop/WRF/BUILD_WRF/WRF/external/io_netcdf -I/home/hnavarro/Desktop/WRF/BUILD_WRF/WRF/external/io_int -I/home/hnavarro/Desktop/WRF/BUILD_WRF/WRF/frame -I/home/hnavarro/Desktop/WRF/BUILD_WRF/WRF/share -I/home/hnavarro/Desktop/WRF/BUILD_WRF/WRF/phys -I/home/hnavarro/Desktop/WRF/BUILD_WRF/WRF/wrftladj -I/home/hnavarro/Desktop/WRF/BUILD_WRF/WRF/chem -I/home/hnavarro/Desktop/WRF/BUILD_WRF/WRF/inc -I/home/hnavarro/Desktop/WRF/Install-WRF-Chem/LIBRARIES/netcdf/include    ../inc/allocs_22.f90
0.97user 0.06system 0:01.04elapsed 99%CPU (0avgtext+0avgdata 58344maxresident)k
0inputs+16outputs (0major+17931minor)pagefaults 0swaps
rm -f ../inc/allocs_23.o
sed -e "s/^\!.*'.*//" -e "s/^ *\!.*'.*//" ../inc/allocs_23.F > ../inc/allocs_23.G
/lib/cpp -P -nostdinc -I/home/hnavarro/Desktop/WRF/BUILD_WRF/WRF/inc -DEM_CORE=1 -DNMM_CORE=0 -DNMM_MAX_DIM=2600 -DDA_CORE=0 -DWRFPLUS=0 -DIWORDSIZE=4 -DDWORDSIZE=8 -DRWORDSIZE=4 -DLWORDSIZE=4 -DNONSTANDARD_SYSTEM_SUBR  -DWRF_USE_CLM  -DDM_PARALLEL -DNETCDF -DLANDREAD_STUB=1 -DUSE_ALLOCATABLES -Dwrfmodel -DGRIB1 -DINTIO -DKEEP_INT_AROUND -DLIMIT_ARGS -DBUILD_RRTMG_FAST=0 -DBUILD_RRTMK=0 -DBUILD_SBM_FAST=1 -DSHOW_ALL_VARS_USED=0 -DCONFIG_BUF_LEN=65536 -DMAX_DOMAINS_F=21 -DMAX_HISTORY=25 -DNMM_NEST=0 -DWRF_CHEM -DBUILD_CHEM=1 -I. -traditional-cpp   ../inc/allocs_23.G  > ../inc/allocs_23.bb
/home/hnavarro/Desktop/WRF/BUILD_WRF/WRF/tools/standard.exe ../inc/allocs_23.bb | /lib/cpp -P -nostdinc -traditional-cpp > ../inc/allocs_23.f90
rm -f ../inc/allocs_23.G ../inc/allocs_23.bb
time mpif90 -f90=gfortran -o ../inc/allocs_23.o -c -O2 -ftree-vectorize -funroll-loops -w -ffree-form -ffree-line-length-none -fconvert=big-endian -frecord-marker=4 -fallow-argument-mismatch -fallow-invalid-boz   -I../dyn_em  -I/home/hnavarro/Desktop/WRF/BUILD_WRF/WRF/external/esmf_time_f90  -I/home/hnavarro/Desktop/WRF/BUILD_WRF/WRF/main -I/home/hnavarro/Desktop/WRF/BUILD_WRF/WRF/external/io_netcdf -I/home/hnavarro/Desktop/WRF/BUILD_WRF/WRF/external/io_int -I/home/hnavarro/Desktop/WRF/BUILD_WRF/WRF/frame -I/home/hnavarro/Desktop/WRF/BUILD_WRF/WRF/share -I/home/hnavarro/Desktop/WRF/BUILD_WRF/WRF/phys -I/home/hnavarro/Desktop/WRF/BUILD_WRF/WRF/wrftladj -I/home/hnavarro/Desktop/WRF/BUILD_WRF/WRF/chem -I/home/hnavarro/Desktop/WRF/BUILD_WRF/WRF/inc -I/home/hnavarro/Desktop/WRF/Install-WRF-Chem/LIBRARIES/netcdf/include    ../inc/allocs_23.f90
0.83user 0.06system 0:00.90elapsed 99%CPU (0avgtext+0avgdata 58784maxresident)k
0inputs+16outputs (0major+17846minor)pagefaults 0swaps
rm -f ../inc/allocs_24.o
sed -e "s/^\!.*'.*//" -e "s/^ *\!.*'.*//" ../inc/allocs_24.F > ../inc/allocs_24.G
/lib/cpp -P -nostdinc -I/home/hnavarro/Desktop/WRF/BUILD_WRF/WRF/inc -DEM_CORE=1 -DNMM_CORE=0 -DNMM_MAX_DIM=2600 -DDA_CORE=0 -DWRFPLUS=0 -DIWORDSIZE=4 -DDWORDSIZE=8 -DRWORDSIZE=4 -DLWORDSIZE=4 -DNONSTANDARD_SYSTEM_SUBR  -DWRF_USE_CLM  -DDM_PARALLEL -DNETCDF -DLANDREAD_STUB=1 -DUSE_ALLOCATABLES -Dwrfmodel -DGRIB1 -DINTIO -DKEEP_INT_AROUND -DLIMIT_ARGS -DBUILD_RRTMG_FAST=0 -DBUILD_RRTMK=0 -DBUILD_SBM_FAST=1 -DSHOW_ALL_VARS_USED=0 -DCONFIG_BUF_LEN=65536 -DMAX_DOMAINS_F=21 -DMAX_HISTORY=25 -DNMM_NEST=0 -DWRF_CHEM -DBUILD_CHEM=1 -I. -traditional-cpp   ../inc/allocs_24.G  > ../inc/allocs_24.bb
/home/hnavarro/Desktop/WRF/BUILD_WRF/WRF/tools/standard.exe ../inc/allocs_24.bb | /lib/cpp -P -nostdinc -traditional-cpp > ../inc/allocs_24.f90
rm -f ../inc/allocs_24.G ../inc/allocs_24.bb
time mpif90 -f90=gfortran -o ../inc/allocs_24.o -c -O2 -ftree-vectorize -funroll-loops -w -ffree-form -ffree-line-length-none -fconvert=big-endian -frecord-marker=4 -fallow-argument-mismatch -fallow-invalid-boz   -I../dyn_em  -I/home/hnavarro/Desktop/WRF/BUILD_WRF/WRF/external/esmf_time_f90  -I/home/hnavarro/Desktop/WRF/BUILD_WRF/WRF/main -I/home/hnavarro/Desktop/WRF/BUILD_WRF/WRF/external/io_netcdf -I/home/hnavarro/Desktop/WRF/BUILD_WRF/WRF/external/io_int -I/home/hnavarro/Desktop/WRF/BUILD_WRF/WRF/frame -I/home/hnavarro/Desktop/WRF/BUILD_WRF/WRF/share -I/home/hnavarro/Desktop/WRF/BUILD_WRF/WRF/phys -I/home/hnavarro/Desktop/WRF/BUILD_WRF/WRF/wrftladj -I/home/hnavarro/Desktop/WRF/BUILD_WRF/WRF/chem -I/home/hnavarro/Desktop/WRF/BUILD_WRF/WRF/inc -I/home/hnavarro/Desktop/WRF/Install-WRF-Chem/LIBRARIES/netcdf/include    ../inc/allocs_24.f90
1.34user 0.07system 0:01.41elapsed 99%CPU (0avgtext+0avgdata 76864maxresident)k
0inputs+384outputs (0major+22265minor)pagefaults 0swaps
rm -f ../inc/allocs_25.o
sed -e "s/^\!.*'.*//" -e "s/^ *\!.*'.*//" ../inc/allocs_25.F > ../inc/allocs_25.G
/lib/cpp -P -nostdinc -I/home/hnavarro/Desktop/WRF/BUILD_WRF/WRF/inc -DEM_CORE=1 -DNMM_CORE=0 -DNMM_MAX_DIM=2600 -DDA_CORE=0 -DWRFPLUS=0 -DIWORDSIZE=4 -DDWORDSIZE=8 -DRWORDSIZE=4 -DLWORDSIZE=4 -DNONSTANDARD_SYSTEM_SUBR  -DWRF_USE_CLM  -DDM_PARALLEL -DNETCDF -DLANDREAD_STUB=1 -DUSE_ALLOCATABLES -Dwrfmodel -DGRIB1 -DINTIO -DKEEP_INT_AROUND -DLIMIT_ARGS -DBUILD_RRTMG_FAST=0 -DBUILD_RRTMK=0 -DBUILD_SBM_FAST=1 -DSHOW_ALL_VARS_USED=0 -DCONFIG_BUF_LEN=65536 -DMAX_DOMAINS_F=21 -DMAX_HISTORY=25 -DNMM_NEST=0 -DWRF_CHEM -DBUILD_CHEM=1 -I. -traditional-cpp   ../inc/allocs_25.G  > ../inc/allocs_25.bb
/home/hnavarro/Desktop/WRF/BUILD_WRF/WRF/tools/standard.exe ../inc/allocs_25.bb | /lib/cpp -P -nostdinc -traditional-cpp > ../inc/allocs_25.f90
rm -f ../inc/allocs_25.G ../inc/allocs_25.bb
time mpif90 -f90=gfortran -o ../inc/allocs_25.o -c -O2 -ftree-vectorize -funroll-loops -w -ffree-form -ffree-line-length-none -fconvert=big-endian -frecord-marker=4 -fallow-argument-mismatch -fallow-invalid-boz   -I../dyn_em  -I/home/hnavarro/Desktop/WRF/BUILD_WRF/WRF/external/esmf_time_f90  -I/home/hnavarro/Desktop/WRF/BUILD_WRF/WRF/main -I/home/hnavarro/Desktop/WRF/BUILD_WRF/WRF/external/io_netcdf -I/home/hnavarro/Desktop/WRF/BUILD_WRF/WRF/external/io_int -I/home/hnavarro/Desktop/WRF/BUILD_WRF/WRF/frame -I/home/hnavarro/Desktop/WRF/BUILD_WRF/WRF/share -I/home/hnavarro/Desktop/WRF/BUILD_WRF/WRF/phys -I/home/hnavarro/Desktop/WRF/BUILD_WRF/WRF/wrftladj -I/home/hnavarro/Desktop/WRF/BUILD_WRF/WRF/chem -I/home/hnavarro/Desktop/WRF/BUILD_WRF/WRF/inc -I/home/hnavarro/Desktop/WRF/Install-WRF-Chem/LIBRARIES/netcdf/include    ../inc/allocs_25.f90
2.49user 0.09system 0:02.59elapsed 99%CPU (0avgtext+0avgdata 142744maxresident)k
0inputs+1232outputs (0major+41539minor)pagefaults 0swaps
rm -f ../inc/allocs_26.o
sed -e "s/^\!.*'.*//" -e "s/^ *\!.*'.*//" ../inc/allocs_26.F > ../inc/allocs_26.G
/lib/cpp -P -nostdinc -I/home/hnavarro/Desktop/WRF/BUILD_WRF/WRF/inc -DEM_CORE=1 -DNMM_CORE=0 -DNMM_MAX_DIM=2600 -DDA_CORE=0 -DWRFPLUS=0 -DIWORDSIZE=4 -DDWORDSIZE=8 -DRWORDSIZE=4 -DLWORDSIZE=4 -DNONSTANDARD_SYSTEM_SUBR  -DWRF_USE_CLM  -DDM_PARALLEL -DNETCDF -DLANDREAD_STUB=1 -DUSE_ALLOCATABLES -Dwrfmodel -DGRIB1 -DINTIO -DKEEP_INT_AROUND -DLIMIT_ARGS -DBUILD_RRTMG_FAST=0 -DBUILD_RRTMK=0 -DBUILD_SBM_FAST=1 -DSHOW_ALL_VARS_USED=0 -DCONFIG_BUF_LEN=65536 -DMAX_DOMAINS_F=21 -DMAX_HISTORY=25 -DNMM_NEST=0 -DWRF_CHEM -DBUILD_CHEM=1 -I. -traditional-cpp   ../inc/allocs_26.G  > ../inc/allocs_26.bb
/home/hnavarro/Desktop/WRF/BUILD_WRF/WRF/tools/standard.exe ../inc/allocs_26.bb | /lib/cpp -P -nostdinc -traditional-cpp > ../inc/allocs_26.f90
rm -f ../inc/allocs_26.G ../inc/allocs_26.bb
time mpif90 -f90=gfortran -o ../inc/allocs_26.o -c -O2 -ftree-vectorize -funroll-loops -w -ffree-form -ffree-line-length-none -fconvert=big-endian -frecord-marker=4 -fallow-argument-mismatch -fallow-invalid-boz   -I../dyn_em  -I/home/hnavarro/Desktop/WRF/BUILD_WRF/WRF/external/esmf_time_f90  -I/home/hnavarro/Desktop/WRF/BUILD_WRF/WRF/main -I/home/hnavarro/Desktop/WRF/BUILD_WRF/WRF/external/io_netcdf -I/home/hnavarro/Desktop/WRF/BUILD_WRF/WRF/external/io_int -I/home/hnavarro/Desktop/WRF/BUILD_WRF/WRF/frame -I/home/hnavarro/Desktop/WRF/BUILD_WRF/WRF/share -I/home/hnavarro/Desktop/WRF/BUILD_WRF/WRF/phys -I/home/hnavarro/Desktop/WRF/BUILD_WRF/WRF/wrftladj -I/home/hnavarro/Desktop/WRF/BUILD_WRF/WRF/chem -I/home/hnavarro/Desktop/WRF/BUILD_WRF/WRF/inc -I/home/hnavarro/Desktop/WRF/Install-WRF-Chem/LIBRARIES/netcdf/include    ../inc/allocs_26.f90
4.69user 0.14system 0:04.85elapsed 99%CPU (0avgtext+0avgdata 218936maxresident)k
0inputs+2584outputs (0major+78782minor)pagefaults 0swaps
rm -f ../inc/allocs_27.o
sed -e "s/^\!.*'.*//" -e "s/^ *\!.*'.*//" ../inc/allocs_27.F > ../inc/allocs_27.G
/lib/cpp -P -nostdinc -I/home/hnavarro/Desktop/WRF/BUILD_WRF/WRF/inc -DEM_CORE=1 -DNMM_CORE=0 -DNMM_MAX_DIM=2600 -DDA_CORE=0 -DWRFPLUS=0 -DIWORDSIZE=4 -DDWORDSIZE=8 -DRWORDSIZE=4 -DLWORDSIZE=4 -DNONSTANDARD_SYSTEM_SUBR  -DWRF_USE_CLM  -DDM_PARALLEL -DNETCDF -DLANDREAD_STUB=1 -DUSE_ALLOCATABLES -Dwrfmodel -DGRIB1 -DINTIO -DKEEP_INT_AROUND -DLIMIT_ARGS -DBUILD_RRTMG_FAST=0 -DBUILD_RRTMK=0 -DBUILD_SBM_FAST=1 -DSHOW_ALL_VARS_USED=0 -DCONFIG_BUF_LEN=65536 -DMAX_DOMAINS_F=21 -DMAX_HISTORY=25 -DNMM_NEST=0 -DWRF_CHEM -DBUILD_CHEM=1 -I. -traditional-cpp   ../inc/allocs_27.G  > ../inc/allocs_27.bb
/home/hnavarro/Desktop/WRF/BUILD_WRF/WRF/tools/standard.exe ../inc/allocs_27.bb | /lib/cpp -P -nostdinc -traditional-cpp > ../inc/allocs_27.f90
rm -f ../inc/allocs_27.G ../inc/allocs_27.bb
time mpif90 -f90=gfortran -o ../inc/allocs_27.o -c -O2 -ftree-vectorize -funroll-loops -w -ffree-form -ffree-line-length-none -fconvert=big-endian -frecord-marker=4 -fallow-argument-mismatch -fallow-invalid-boz   -I../dyn_em  -I/home/hnavarro/Desktop/WRF/BUILD_WRF/WRF/external/esmf_time_f90  -I/home/hnavarro/Desktop/WRF/BUILD_WRF/WRF/main -I/home/hnavarro/Desktop/WRF/BUILD_WRF/WRF/external/io_netcdf -I/home/hnavarro/Desktop/WRF/BUILD_WRF/WRF/external/io_int -I/home/hnavarro/Desktop/WRF/BUILD_WRF/WRF/frame -I/home/hnavarro/Desktop/WRF/BUILD_WRF/WRF/share -I/home/hnavarro/Desktop/WRF/BUILD_WRF/WRF/phys -I/home/hnavarro/Desktop/WRF/BUILD_WRF/WRF/wrftladj -I/home/hnavarro/Desktop/WRF/BUILD_WRF/WRF/chem -I/home/hnavarro/Desktop/WRF/BUILD_WRF/WRF/inc -I/home/hnavarro/Desktop/WRF/Install-WRF-Chem/LIBRARIES/netcdf/include    ../inc/allocs_27.f90
5.66user 0.16system 0:05.82elapsed 99%CPU (0avgtext+0avgdata 260628maxresident)k
0inputs+3120outputs (0major+109016minor)pagefaults 0swaps
rm -f ../inc/allocs_28.o
sed -e "s/^\!.*'.*//" -e "s/^ *\!.*'.*//" ../inc/allocs_28.F > ../inc/allocs_28.G
/lib/cpp -P -nostdinc -I/home/hnavarro/Desktop/WRF/BUILD_WRF/WRF/inc -DEM_CORE=1 -DNMM_CORE=0 -DNMM_MAX_DIM=2600 -DDA_CORE=0 -DWRFPLUS=0 -DIWORDSIZE=4 -DDWORDSIZE=8 -DRWORDSIZE=4 -DLWORDSIZE=4 -DNONSTANDARD_SYSTEM_SUBR  -DWRF_USE_CLM  -DDM_PARALLEL -DNETCDF -DLANDREAD_STUB=1 -DUSE_ALLOCATABLES -Dwrfmodel -DGRIB1 -DINTIO -DKEEP_INT_AROUND -DLIMIT_ARGS -DBUILD_RRTMG_FAST=0 -DBUILD_RRTMK=0 -DBUILD_SBM_FAST=1 -DSHOW_ALL_VARS_USED=0 -DCONFIG_BUF_LEN=65536 -DMAX_DOMAINS_F=21 -DMAX_HISTORY=25 -DNMM_NEST=0 -DWRF_CHEM -DBUILD_CHEM=1 -I. -traditional-cpp   ../inc/allocs_28.G  > ../inc/allocs_28.bb
/home/hnavarro/Desktop/WRF/BUILD_WRF/WRF/tools/standard.exe ../inc/allocs_28.bb | /lib/cpp -P -nostdinc -traditional-cpp > ../inc/allocs_28.f90
rm -f ../inc/allocs_28.G ../inc/allocs_28.bb
time mpif90 -f90=gfortran -o ../inc/allocs_28.o -c -O2 -ftree-vectorize -funroll-loops -w -ffree-form -ffree-line-length-none -fconvert=big-endian -frecord-marker=4 -fallow-argument-mismatch -fallow-invalid-boz   -I../dyn_em  -I/home/hnavarro/Desktop/WRF/BUILD_WRF/WRF/external/esmf_time_f90  -I/home/hnavarro/Desktop/WRF/BUILD_WRF/WRF/main -I/home/hnavarro/Desktop/WRF/BUILD_WRF/WRF/external/io_netcdf -I/home/hnavarro/Desktop/WRF/BUILD_WRF/WRF/external/io_int -I/home/hnavarro/Desktop/WRF/BUILD_WRF/WRF/frame -I/home/hnavarro/Desktop/WRF/BUILD_WRF/WRF/share -I/home/hnavarro/Desktop/WRF/BUILD_WRF/WRF/phys -I/home/hnavarro/Desktop/WRF/BUILD_WRF/WRF/wrftladj -I/home/hnavarro/Desktop/WRF/BUILD_WRF/WRF/chem -I/home/hnavarro/Desktop/WRF/BUILD_WRF/WRF/inc -I/home/hnavarro/Desktop/WRF/Install-WRF-Chem/LIBRARIES/netcdf/include    ../inc/allocs_28.f90
10.42user 0.27system 0:10.71elapsed 99%CPU (0avgtext+0avgdata 392560maxresident)k
0inputs+5024outputs (0major+181016minor)pagefaults 0swaps
rm -f ../inc/allocs_29.o
sed -e "s/^\!.*'.*//" -e "s/^ *\!.*'.*//" ../inc/allocs_29.F > ../inc/allocs_29.G
/lib/cpp -P -nostdinc -I/home/hnavarro/Desktop/WRF/BUILD_WRF/WRF/inc -DEM_CORE=1 -DNMM_CORE=0 -DNMM_MAX_DIM=2600 -DDA_CORE=0 -DWRFPLUS=0 -DIWORDSIZE=4 -DDWORDSIZE=8 -DRWORDSIZE=4 -DLWORDSIZE=4 -DNONSTANDARD_SYSTEM_SUBR  -DWRF_USE_CLM  -DDM_PARALLEL -DNETCDF -DLANDREAD_STUB=1 -DUSE_ALLOCATABLES -Dwrfmodel -DGRIB1 -DINTIO -DKEEP_INT_AROUND -DLIMIT_ARGS -DBUILD_RRTMG_FAST=0 -DBUILD_RRTMK=0 -DBUILD_SBM_FAST=1 -DSHOW_ALL_VARS_USED=0 -DCONFIG_BUF_LEN=65536 -DMAX_DOMAINS_F=21 -DMAX_HISTORY=25 -DNMM_NEST=0 -DWRF_CHEM -DBUILD_CHEM=1 -I. -traditional-cpp   ../inc/allocs_29.G  > ../inc/allocs_29.bb
/home/hnavarro/Desktop/WRF/BUILD_WRF/WRF/tools/standard.exe ../inc/allocs_29.bb | /lib/cpp -P -nostdinc -traditional-cpp > ../inc/allocs_29.f90
rm -f ../inc/allocs_29.G ../inc/allocs_29.bb
time mpif90 -f90=gfortran -o ../inc/allocs_29.o -c -O2 -ftree-vectorize -funroll-loops -w -ffree-form -ffree-line-length-none -fconvert=big-endian -frecord-marker=4 -fallow-argument-mismatch -fallow-invalid-boz   -I../dyn_em  -I/home/hnavarro/Desktop/WRF/BUILD_WRF/WRF/external/esmf_time_f90  -I/home/hnavarro/Desktop/WRF/BUILD_WRF/WRF/main -I/home/hnavarro/Desktop/WRF/BUILD_WRF/WRF/external/io_netcdf -I/home/hnavarro/Desktop/WRF/BUILD_WRF/WRF/external/io_int -I/home/hnavarro/Desktop/WRF/BUILD_WRF/WRF/frame -I/home/hnavarro/Desktop/WRF/BUILD_WRF/WRF/share -I/home/hnavarro/Desktop/WRF/BUILD_WRF/WRF/phys -I/home/hnavarro/Desktop/WRF/BUILD_WRF/WRF/wrftladj -I/home/hnavarro/Desktop/WRF/BUILD_WRF/WRF/chem -I/home/hnavarro/Desktop/WRF/BUILD_WRF/WRF/inc -I/home/hnavarro/Desktop/WRF/Install-WRF-Chem/LIBRARIES/netcdf/include    ../inc/allocs_29.f90
8.65user 0.25system 0:08.92elapsed 99%CPU (0avgtext+0avgdata 364712maxresident)k
0inputs+4376outputs (0major+159242minor)pagefaults 0swaps
rm -f ../inc/allocs_30.o
sed -e "s/^\!.*'.*//" -e "s/^ *\!.*'.*//" ../inc/allocs_30.F > ../inc/allocs_30.G
/lib/cpp -P -nostdinc -I/home/hnavarro/Desktop/WRF/BUILD_WRF/WRF/inc -DEM_CORE=1 -DNMM_CORE=0 -DNMM_MAX_DIM=2600 -DDA_CORE=0 -DWRFPLUS=0 -DIWORDSIZE=4 -DDWORDSIZE=8 -DRWORDSIZE=4 -DLWORDSIZE=4 -DNONSTANDARD_SYSTEM_SUBR  -DWRF_USE_CLM  -DDM_PARALLEL -DNETCDF -DLANDREAD_STUB=1 -DUSE_ALLOCATABLES -Dwrfmodel -DGRIB1 -DINTIO -DKEEP_INT_AROUND -DLIMIT_ARGS -DBUILD_RRTMG_FAST=0 -DBUILD_RRTMK=0 -DBUILD_SBM_FAST=1 -DSHOW_ALL_VARS_USED=0 -DCONFIG_BUF_LEN=65536 -DMAX_DOMAINS_F=21 -DMAX_HISTORY=25 -DNMM_NEST=0 -DWRF_CHEM -DBUILD_CHEM=1 -I. -traditional-cpp   ../inc/allocs_30.G  > ../inc/allocs_30.bb
/home/hnavarro/Desktop/WRF/BUILD_WRF/WRF/tools/standard.exe ../inc/allocs_30.bb | /lib/cpp -P -nostdinc -traditional-cpp > ../inc/allocs_30.f90
rm -f ../inc/allocs_30.G ../inc/allocs_30.bb
time mpif90 -f90=gfortran -o ../inc/allocs_30.o -c -O2 -ftree-vectorize -funroll-loops -w -ffree-form -ffree-line-length-none -fconvert=big-endian -frecord-marker=4 -fallow-argument-mismatch -fallow-invalid-boz   -I../dyn_em  -I/home/hnavarro/Desktop/WRF/BUILD_WRF/WRF/external/esmf_time_f90  -I/home/hnavarro/Desktop/WRF/BUILD_WRF/WRF/main -I/home/hnavarro/Desktop/WRF/BUILD_WRF/WRF/external/io_netcdf -I/home/hnavarro/Desktop/WRF/BUILD_WRF/WRF/external/io_int -I/home/hnavarro/Desktop/WRF/BUILD_WRF/WRF/frame -I/home/hnavarro/Desktop/WRF/BUILD_WRF/WRF/share -I/home/hnavarro/Desktop/WRF/BUILD_WRF/WRF/phys -I/home/hnavarro/Desktop/WRF/BUILD_WRF/WRF/wrftladj -I/home/hnavarro/Desktop/WRF/BUILD_WRF/WRF/chem -I/home/hnavarro/Desktop/WRF/BUILD_WRF/WRF/inc -I/home/hnavarro/Desktop/WRF/Install-WRF-Chem/LIBRARIES/netcdf/include    ../inc/allocs_30.f90
7.96user 0.22system 0:08.21elapsed 99%CPU (0avgtext+0avgdata 334488maxresident)k
0inputs+4176outputs (0major+142852minor)pagefaults 0swaps
rm -f ../inc/allocs_31.o
sed -e "s/^\!.*'.*//" -e "s/^ *\!.*'.*//" ../inc/allocs_31.F > ../inc/allocs_31.G
/lib/cpp -P -nostdinc -I/home/hnavarro/Desktop/WRF/BUILD_WRF/WRF/inc -DEM_CORE=1 -DNMM_CORE=0 -DNMM_MAX_DIM=2600 -DDA_CORE=0 -DWRFPLUS=0 -DIWORDSIZE=4 -DDWORDSIZE=8 -DRWORDSIZE=4 -DLWORDSIZE=4 -DNONSTANDARD_SYSTEM_SUBR  -DWRF_USE_CLM  -DDM_PARALLEL -DNETCDF -DLANDREAD_STUB=1 -DUSE_ALLOCATABLES -Dwrfmodel -DGRIB1 -DINTIO -DKEEP_INT_AROUND -DLIMIT_ARGS -DBUILD_RRTMG_FAST=0 -DBUILD_RRTMK=0 -DBUILD_SBM_FAST=1 -DSHOW_ALL_VARS_USED=0 -DCONFIG_BUF_LEN=65536 -DMAX_DOMAINS_F=21 -DMAX_HISTORY=25 -DNMM_NEST=0 -DWRF_CHEM -DBUILD_CHEM=1 -I. -traditional-cpp   ../inc/allocs_31.G  > ../inc/allocs_31.bb
/home/hnavarro/Desktop/WRF/BUILD_WRF/WRF/tools/standard.exe ../inc/allocs_31.bb | /lib/cpp -P -nostdinc -traditional-cpp > ../inc/allocs_31.f90
rm -f ../inc/allocs_31.G ../inc/allocs_31.bb
time mpif90 -f90=gfortran -o ../inc/allocs_31.o -c -O2 -ftree-vectorize -funroll-loops -w -ffree-form -ffree-line-length-none -fconvert=big-endian -frecord-marker=4 -fallow-argument-mismatch -fallow-invalid-boz   -I../dyn_em  -I/home/hnavarro/Desktop/WRF/BUILD_WRF/WRF/external/esmf_time_f90  -I/home/hnavarro/Desktop/WRF/BUILD_WRF/WRF/main -I/home/hnavarro/Desktop/WRF/BUILD_WRF/WRF/external/io_netcdf -I/home/hnavarro/Desktop/WRF/BUILD_WRF/WRF/external/io_int -I/home/hnavarro/Desktop/WRF/BUILD_WRF/WRF/frame -I/home/hnavarro/Desktop/WRF/BUILD_WRF/WRF/share -I/home/hnavarro/Desktop/WRF/BUILD_WRF/WRF/phys -I/home/hnavarro/Desktop/WRF/BUILD_WRF/WRF/wrftladj -I/home/hnavarro/Desktop/WRF/BUILD_WRF/WRF/chem -I/home/hnavarro/Desktop/WRF/BUILD_WRF/WRF/inc -I/home/hnavarro/Desktop/WRF/Install-WRF-Chem/LIBRARIES/netcdf/include    ../inc/allocs_31.f90
7.79user 0.22system 0:08.03elapsed 99%CPU (0avgtext+0avgdata 324768maxresident)k
0inputs+4000outputs (0major+142535minor)pagefaults 0swaps
/lib/cpp -P -nostdinc -DNNN=0 -I../inc -DNL_get_ROUTINES nl_access_routines.F > yy0.f90
time mpif90 -f90=gfortran -o nl_get_0_routines.o -c  -O0 -w -ffree-form -ffree-line-length-none -fconvert=big-endian -frecord-marker=4 -fallow-argument-mismatch -fallow-invalid-boz -I../dyn_em  -I/home/hnavarro/Desktop/WRF/BUILD_WRF/WRF/external/esmf_time_f90  -I/home/hnavarro/Desktop/WRF/BUILD_WRF/WRF/main -I/home/hnavarro/Desktop/WRF/BUILD_WRF/WRF/external/io_netcdf -I/home/hnavarro/Desktop/WRF/BUILD_WRF/WRF/external/io_int -I/home/hnavarro/Desktop/WRF/BUILD_WRF/WRF/frame -I/home/hnavarro/Desktop/WRF/BUILD_WRF/WRF/share -I/home/hnavarro/Desktop/WRF/BUILD_WRF/WRF/phys -I/home/hnavarro/Desktop/WRF/BUILD_WRF/WRF/wrftladj -I/home/hnavarro/Desktop/WRF/BUILD_WRF/WRF/chem -I/home/hnavarro/Desktop/WRF/BUILD_WRF/WRF/inc -I/home/hnavarro/Desktop/WRF/Install-WRF-Chem/LIBRARIES/netcdf/include   yy0.f90
6.22user 0.21system 0:06.43elapsed 99%CPU (0avgtext+0avgdata 287568maxresident)k
0inputs+3552outputs (0major+123307minor)pagefaults 0swaps
/lib/cpp -P -nostdinc -DNNN=1 -I../inc -DNL_get_ROUTINES nl_access_routines.F > yy1.f90
time mpif90 -f90=gfortran -o nl_get_1_routines.o -c  -O0 -w -ffree-form -ffree-line-length-none -fconvert=big-endian -frecord-marker=4 -fallow-argument-mismatch -fallow-invalid-boz -I../dyn_em  -I/home/hnavarro/Desktop/WRF/BUILD_WRF/WRF/external/esmf_time_f90  -I/home/hnavarro/Desktop/WRF/BUILD_WRF/WRF/main -I/home/hnavarro/Desktop/WRF/BUILD_WRF/WRF/external/io_netcdf -I/home/hnavarro/Desktop/WRF/BUILD_WRF/WRF/external/io_int -I/home/hnavarro/Desktop/WRF/BUILD_WRF/WRF/frame -I/home/hnavarro/Desktop/WRF/BUILD_WRF/WRF/share -I/home/hnavarro/Desktop/WRF/BUILD_WRF/WRF/phys -I/home/hnavarro/Desktop/WRF/BUILD_WRF/WRF/wrftladj -I/home/hnavarro/Desktop/WRF/BUILD_WRF/WRF/chem -I/home/hnavarro/Desktop/WRF/BUILD_WRF/WRF/inc -I/home/hnavarro/Desktop/WRF/Install-WRF-Chem/LIBRARIES/netcdf/include   yy1.f90
9.16user 0.57system 0:09.75elapsed 99%CPU (0avgtext+0avgdata 720112maxresident)k
0inputs+448outputs (0major+416399minor)pagefaults 0swaps
/lib/cpp -P -nostdinc -DNNN=2 -I../inc -DNL_get_ROUTINES nl_access_routines.F > yy2.f90
time mpif90 -f90=gfortran -o nl_get_2_routines.o -c  -O0 -w -ffree-form -ffree-line-length-none -fconvert=big-endian -frecord-marker=4 -fallow-argument-mismatch -fallow-invalid-boz -I../dyn_em  -I/home/hnavarro/Desktop/WRF/BUILD_WRF/WRF/external/esmf_time_f90  -I/home/hnavarro/Desktop/WRF/BUILD_WRF/WRF/main -I/home/hnavarro/Desktop/WRF/BUILD_WRF/WRF/external/io_netcdf -I/home/hnavarro/Desktop/WRF/BUILD_WRF/WRF/external/io_int -I/home/hnavarro/Desktop/WRF/BUILD_WRF/WRF/frame -I/home/hnavarro/Desktop/WRF/BUILD_WRF/WRF/share -I/home/hnavarro/Desktop/WRF/BUILD_WRF/WRF/phys -I/home/hnavarro/Desktop/WRF/BUILD_WRF/WRF/wrftladj -I/home/hnavarro/Desktop/WRF/BUILD_WRF/WRF/chem -I/home/hnavarro/Desktop/WRF/BUILD_WRF/WRF/inc -I/home/hnavarro/Desktop/WRF/Install-WRF-Chem/LIBRARIES/netcdf/include   yy2.f90
8.94user 0.55system 0:09.51elapsed 99%CPU (0avgtext+0avgdata 719560maxresident)k
0inputs+408outputs (0major+416225minor)pagefaults 0swaps
/lib/cpp -P -nostdinc -DNNN=3 -I../inc -DNL_get_ROUTINES nl_access_routines.F > yy3.f90
time mpif90 -f90=gfortran -o nl_get_3_routines.o -c  -O0 -w -ffree-form -ffree-line-length-none -fconvert=big-endian -frecord-marker=4 -fallow-argument-mismatch -fallow-invalid-boz -I../dyn_em  -I/home/hnavarro/Desktop/WRF/BUILD_WRF/WRF/external/esmf_time_f90  -I/home/hnavarro/Desktop/WRF/BUILD_WRF/WRF/main -I/home/hnavarro/Desktop/WRF/BUILD_WRF/WRF/external/io_netcdf -I/home/hnavarro/Desktop/WRF/BUILD_WRF/WRF/external/io_int -I/home/hnavarro/Desktop/WRF/BUILD_WRF/WRF/frame -I/home/hnavarro/Desktop/WRF/BUILD_WRF/WRF/share -I/home/hnavarro/Desktop/WRF/BUILD_WRF/WRF/phys -I/home/hnavarro/Desktop/WRF/BUILD_WRF/WRF/wrftladj -I/home/hnavarro/Desktop/WRF/BUILD_WRF/WRF/chem -I/home/hnavarro/Desktop/WRF/BUILD_WRF/WRF/inc -I/home/hnavarro/Desktop/WRF/Install-WRF-Chem/LIBRARIES/netcdf/include   yy3.f90
9.14user 0.59system 0:09.75elapsed 99%CPU (0avgtext+0avgdata 719856maxresident)k
0inputs+432outputs (0major+416324minor)pagefaults 0swaps
/lib/cpp -P -nostdinc -DNNN=4 -I../inc -DNL_get_ROUTINES nl_access_routines.F > yy4.f90
time mpif90 -f90=gfortran -o nl_get_4_routines.o -c  -O0 -w -ffree-form -ffree-line-length-none -fconvert=big-endian -frecord-marker=4 -fallow-argument-mismatch -fallow-invalid-boz -I../dyn_em  -I/home/hnavarro/Desktop/WRF/BUILD_WRF/WRF/external/esmf_time_f90  -I/home/hnavarro/Desktop/WRF/BUILD_WRF/WRF/main -I/home/hnavarro/Desktop/WRF/BUILD_WRF/WRF/external/io_netcdf -I/home/hnavarro/Desktop/WRF/BUILD_WRF/WRF/external/io_int -I/home/hnavarro/Desktop/WRF/BUILD_WRF/WRF/frame -I/home/hnavarro/Desktop/WRF/BUILD_WRF/WRF/share -I/home/hnavarro/Desktop/WRF/BUILD_WRF/WRF/phys -I/home/hnavarro/Desktop/WRF/BUILD_WRF/WRF/wrftladj -I/home/hnavarro/Desktop/WRF/BUILD_WRF/WRF/chem -I/home/hnavarro/Desktop/WRF/BUILD_WRF/WRF/inc -I/home/hnavarro/Desktop/WRF/Install-WRF-Chem/LIBRARIES/netcdf/include   yy4.f90
9.08user 0.55system 0:09.64elapsed 99%CPU (0avgtext+0avgdata 720948maxresident)k
0inputs+520outputs (0major+416684minor)pagefaults 0swaps
/lib/cpp -P -nostdinc -DNNN=5 -I../inc -DNL_get_ROUTINES nl_access_routines.F > yy5.f90
time mpif90 -f90=gfortran -o nl_get_5_routines.o -c  -O0 -w -ffree-form -ffree-line-length-none -fconvert=big-endian -frecord-marker=4 -fallow-argument-mismatch -fallow-invalid-boz -I../dyn_em  -I/home/hnavarro/Desktop/WRF/BUILD_WRF/WRF/external/esmf_time_f90  -I/home/hnavarro/Desktop/WRF/BUILD_WRF/WRF/main -I/home/hnavarro/Desktop/WRF/BUILD_WRF/WRF/external/io_netcdf -I/home/hnavarro/Desktop/WRF/BUILD_WRF/WRF/external/io_int -I/home/hnavarro/Desktop/WRF/BUILD_WRF/WRF/frame -I/home/hnavarro/Desktop/WRF/BUILD_WRF/WRF/share -I/home/hnavarro/Desktop/WRF/BUILD_WRF/WRF/phys -I/home/hnavarro/Desktop/WRF/BUILD_WRF/WRF/wrftladj -I/home/hnavarro/Desktop/WRF/BUILD_WRF/WRF/chem -I/home/hnavarro/Desktop/WRF/BUILD_WRF/WRF/inc -I/home/hnavarro/Desktop/WRF/Install-WRF-Chem/LIBRARIES/netcdf/include   yy5.f90
9.03user 0.55system 0:09.59elapsed 99%CPU (0avgtext+0avgdata 721024maxresident)k
0inputs+528outputs (0major+416714minor)pagefaults 0swaps
/lib/cpp -P -nostdinc -DNNN=6 -I../inc -DNL_get_ROUTINES nl_access_routines.F > yy6.f90
time mpif90 -f90=gfortran -o nl_get_6_routines.o -c  -O0 -w -ffree-form -ffree-line-length-none -fconvert=big-endian -frecord-marker=4 -fallow-argument-mismatch -fallow-invalid-boz -I../dyn_em  -I/home/hnavarro/Desktop/WRF/BUILD_WRF/WRF/external/esmf_time_f90  -I/home/hnavarro/Desktop/WRF/BUILD_WRF/WRF/main -I/home/hnavarro/Desktop/WRF/BUILD_WRF/WRF/external/io_netcdf -I/home/hnavarro/Desktop/WRF/BUILD_WRF/WRF/external/io_int -I/home/hnavarro/Desktop/WRF/BUILD_WRF/WRF/frame -I/home/hnavarro/Desktop/WRF/BUILD_WRF/WRF/share -I/home/hnavarro/Desktop/WRF/BUILD_WRF/WRF/phys -I/home/hnavarro/Desktop/WRF/BUILD_WRF/WRF/wrftladj -I/home/hnavarro/Desktop/WRF/BUILD_WRF/WRF/chem -I/home/hnavarro/Desktop/WRF/BUILD_WRF/WRF/inc -I/home/hnavarro/Desktop/WRF/Install-WRF-Chem/LIBRARIES/netcdf/include   yy6.f90
8.99user 0.57system 0:09.59elapsed 99%CPU (0avgtext+0avgdata 721000maxresident)k
0inputs+528outputs (0major+416586minor)pagefaults 0swaps
/lib/cpp -P -nostdinc -DNNN=7 -I../inc -DNL_get_ROUTINES nl_access_routines.F > yy7.f90
time mpif90 -f90=gfortran -o nl_get_7_routines.o -c  -O0 -w -ffree-form -ffree-line-length-none -fconvert=big-endian -frecord-marker=4 -fallow-argument-mismatch -fallow-invalid-boz -I../dyn_em  -I/home/hnavarro/Desktop/WRF/BUILD_WRF/WRF/external/esmf_time_f90  -I/home/hnavarro/Desktop/WRF/BUILD_WRF/WRF/main -I/home/hnavarro/Desktop/WRF/BUILD_WRF/WRF/external/io_netcdf -I/home/hnavarro/Desktop/WRF/BUILD_WRF/WRF/external/io_int -I/home/hnavarro/Desktop/WRF/BUILD_WRF/WRF/frame -I/home/hnavarro/Desktop/WRF/BUILD_WRF/WRF/share -I/home/hnavarro/Desktop/WRF/BUILD_WRF/WRF/phys -I/home/hnavarro/Desktop/WRF/BUILD_WRF/WRF/wrftladj -I/home/hnavarro/Desktop/WRF/BUILD_WRF/WRF/chem -I/home/hnavarro/Desktop/WRF/BUILD_WRF/WRF/inc -I/home/hnavarro/Desktop/WRF/Install-WRF-Chem/LIBRARIES/netcdf/include   yy7.f90
9.45user 0.53system 0:10.02elapsed 99%CPU (0avgtext+0avgdata 720624maxresident)k
0inputs+504outputs (0major+416540minor)pagefaults 0swaps
/lib/cpp -P -nostdinc -DNNN=0 -I../inc -DNL_set_ROUTINES nl_access_routines.F > xx0.f90
time mpif90 -f90=gfortran -o nl_set_0_routines.o -c  -O0 -w -ffree-form -ffree-line-length-none -fconvert=big-endian -frecord-marker=4 -fallow-argument-mismatch -fallow-invalid-boz -I../dyn_em  -I/home/hnavarro/Desktop/WRF/BUILD_WRF/WRF/external/esmf_time_f90  -I/home/hnavarro/Desktop/WRF/BUILD_WRF/WRF/main -I/home/hnavarro/Desktop/WRF/BUILD_WRF/WRF/external/io_netcdf -I/home/hnavarro/Desktop/WRF/BUILD_WRF/WRF/external/io_int -I/home/hnavarro/Desktop/WRF/BUILD_WRF/WRF/frame -I/home/hnavarro/Desktop/WRF/BUILD_WRF/WRF/share -I/home/hnavarro/Desktop/WRF/BUILD_WRF/WRF/phys -I/home/hnavarro/Desktop/WRF/BUILD_WRF/WRF/wrftladj -I/home/hnavarro/Desktop/WRF/BUILD_WRF/WRF/chem -I/home/hnavarro/Desktop/WRF/BUILD_WRF/WRF/inc -I/home/hnavarro/Desktop/WRF/Install-WRF-Chem/LIBRARIES/netcdf/include   xx0.f90
9.60user 0.56system 0:10.17elapsed 99%CPU (0avgtext+0avgdata 712580maxresident)k
0inputs+448outputs (0major+412259minor)pagefaults 0swaps
/lib/cpp -P -nostdinc -DNNN=1 -I../inc -DNL_set_ROUTINES nl_access_routines.F > xx1.f90
time mpif90 -f90=gfortran -o nl_set_1_routines.o -c  -O0 -w -ffree-form -ffree-line-length-none -fconvert=big-endian -frecord-marker=4 -fallow-argument-mismatch -fallow-invalid-boz -I../dyn_em  -I/home/hnavarro/Desktop/WRF/BUILD_WRF/WRF/external/esmf_time_f90  -I/home/hnavarro/Desktop/WRF/BUILD_WRF/WRF/main -I/home/hnavarro/Desktop/WRF/BUILD_WRF/WRF/external/io_netcdf -I/home/hnavarro/Desktop/WRF/BUILD_WRF/WRF/external/io_int -I/home/hnavarro/Desktop/WRF/BUILD_WRF/WRF/frame -I/home/hnavarro/Desktop/WRF/BUILD_WRF/WRF/share -I/home/hnavarro/Desktop/WRF/BUILD_WRF/WRF/phys -I/home/hnavarro/Desktop/WRF/BUILD_WRF/WRF/wrftladj -I/home/hnavarro/Desktop/WRF/BUILD_WRF/WRF/chem -I/home/hnavarro/Desktop/WRF/BUILD_WRF/WRF/inc -I/home/hnavarro/Desktop/WRF/Install-WRF-Chem/LIBRARIES/netcdf/include   xx1.f90
9.96user 0.60system 0:10.58elapsed 99%CPU (0avgtext+0avgdata 720660maxresident)k
0inputs+456outputs (0major+416329minor)pagefaults 0swaps
/lib/cpp -P -nostdinc -DNNN=2 -I../inc -DNL_set_ROUTINES nl_access_routines.F > xx2.f90
time mpif90 -f90=gfortran -o nl_set_2_routines.o -c  -O0 -w -ffree-form -ffree-line-length-none -fconvert=big-endian -frecord-marker=4 -fallow-argument-mismatch -fallow-invalid-boz -I../dyn_em  -I/home/hnavarro/Desktop/WRF/BUILD_WRF/WRF/external/esmf_time_f90  -I/home/hnavarro/Desktop/WRF/BUILD_WRF/WRF/main -I/home/hnavarro/Desktop/WRF/BUILD_WRF/WRF/external/io_netcdf -I/home/hnavarro/Desktop/WRF/BUILD_WRF/WRF/external/io_int -I/home/hnavarro/Desktop/WRF/BUILD_WRF/WRF/frame -I/home/hnavarro/Desktop/WRF/BUILD_WRF/WRF/share -I/home/hnavarro/Desktop/WRF/BUILD_WRF/WRF/phys -I/home/hnavarro/Desktop/WRF/BUILD_WRF/WRF/wrftladj -I/home/hnavarro/Desktop/WRF/BUILD_WRF/WRF/chem -I/home/hnavarro/Desktop/WRF/BUILD_WRF/WRF/inc -I/home/hnavarro/Desktop/WRF/Install-WRF-Chem/LIBRARIES/netcdf/include   xx2.f90
9.90user 0.61system 0:10.54elapsed 99%CPU (0avgtext+0avgdata 719912maxresident)k
0inputs+416outputs (0major+416233minor)pagefaults 0swaps
/lib/cpp -P -nostdinc -DNNN=3 -I../inc -DNL_set_ROUTINES nl_access_routines.F > xx3.f90
time mpif90 -f90=gfortran -o nl_set_3_routines.o -c  -O0 -w -ffree-form -ffree-line-length-none -fconvert=big-endian -frecord-marker=4 -fallow-argument-mismatch -fallow-invalid-boz -I../dyn_em  -I/home/hnavarro/Desktop/WRF/BUILD_WRF/WRF/external/esmf_time_f90  -I/home/hnavarro/Desktop/WRF/BUILD_WRF/WRF/main -I/home/hnavarro/Desktop/WRF/BUILD_WRF/WRF/external/io_netcdf -I/home/hnavarro/Desktop/WRF/BUILD_WRF/WRF/external/io_int -I/home/hnavarro/Desktop/WRF/BUILD_WRF/WRF/frame -I/home/hnavarro/Desktop/WRF/BUILD_WRF/WRF/share -I/home/hnavarro/Desktop/WRF/BUILD_WRF/WRF/phys -I/home/hnavarro/Desktop/WRF/BUILD_WRF/WRF/wrftladj -I/home/hnavarro/Desktop/WRF/BUILD_WRF/WRF/chem -I/home/hnavarro/Desktop/WRF/BUILD_WRF/WRF/inc -I/home/hnavarro/Desktop/WRF/Install-WRF-Chem/LIBRARIES/netcdf/include   xx3.f90
9.87user 0.61system 0:10.51elapsed 99%CPU (0avgtext+0avgdata 719984maxresident)k
0inputs+432outputs (0major+416293minor)pagefaults 0swaps
/lib/cpp -P -nostdinc -DNNN=4 -I../inc -DNL_set_ROUTINES nl_access_routines.F > xx4.f90
time mpif90 -f90=gfortran -o nl_set_4_routines.o -c  -O0 -w -ffree-form -ffree-line-length-none -fconvert=big-endian -frecord-marker=4 -fallow-argument-mismatch -fallow-invalid-boz -I../dyn_em  -I/home/hnavarro/Desktop/WRF/BUILD_WRF/WRF/external/esmf_time_f90  -I/home/hnavarro/Desktop/WRF/BUILD_WRF/WRF/main -I/home/hnavarro/Desktop/WRF/BUILD_WRF/WRF/external/io_netcdf -I/home/hnavarro/Desktop/WRF/BUILD_WRF/WRF/external/io_int -I/home/hnavarro/Desktop/WRF/BUILD_WRF/WRF/frame -I/home/hnavarro/Desktop/WRF/BUILD_WRF/WRF/share -I/home/hnavarro/Desktop/WRF/BUILD_WRF/WRF/phys -I/home/hnavarro/Desktop/WRF/BUILD_WRF/WRF/wrftladj -I/home/hnavarro/Desktop/WRF/BUILD_WRF/WRF/chem -I/home/hnavarro/Desktop/WRF/BUILD_WRF/WRF/inc -I/home/hnavarro/Desktop/WRF/Install-WRF-Chem/LIBRARIES/netcdf/include   xx4.f90
9.98user 0.62system 0:10.61elapsed 99%CPU (0avgtext+0avgdata 721044maxresident)k
0inputs+528outputs (0major+416583minor)pagefaults 0swaps
/lib/cpp -P -nostdinc -DNNN=5 -I../inc -DNL_set_ROUTINES nl_access_routines.F > xx5.f90
time mpif90 -f90=gfortran -o nl_set_5_routines.o -c  -O0 -w -ffree-form -ffree-line-length-none -fconvert=big-endian -frecord-marker=4 -fallow-argument-mismatch -fallow-invalid-boz -I../dyn_em  -I/home/hnavarro/Desktop/WRF/BUILD_WRF/WRF/external/esmf_time_f90  -I/home/hnavarro/Desktop/WRF/BUILD_WRF/WRF/main -I/home/hnavarro/Desktop/WRF/BUILD_WRF/WRF/external/io_netcdf -I/home/hnavarro/Desktop/WRF/BUILD_WRF/WRF/external/io_int -I/home/hnavarro/Desktop/WRF/BUILD_WRF/WRF/frame -I/home/hnavarro/Desktop/WRF/BUILD_WRF/WRF/share -I/home/hnavarro/Desktop/WRF/BUILD_WRF/WRF/phys -I/home/hnavarro/Desktop/WRF/BUILD_WRF/WRF/wrftladj -I/home/hnavarro/Desktop/WRF/BUILD_WRF/WRF/chem -I/home/hnavarro/Desktop/WRF/BUILD_WRF/WRF/inc -I/home/hnavarro/Desktop/WRF/Install-WRF-Chem/LIBRARIES/netcdf/include   xx5.f90
9.97user 0.62system 0:10.61elapsed 99%CPU (0avgtext+0avgdata 720948maxresident)k
0inputs+536outputs (0major+416708minor)pagefaults 0swaps
/lib/cpp -P -nostdinc -DNNN=6 -I../inc -DNL_set_ROUTINES nl_access_routines.F > xx6.f90
time mpif90 -f90=gfortran -o nl_set_6_routines.o -c  -O0 -w -ffree-form -ffree-line-length-none -fconvert=big-endian -frecord-marker=4 -fallow-argument-mismatch -fallow-invalid-boz -I../dyn_em  -I/home/hnavarro/Desktop/WRF/BUILD_WRF/WRF/external/esmf_time_f90  -I/home/hnavarro/Desktop/WRF/BUILD_WRF/WRF/main -I/home/hnavarro/Desktop/WRF/BUILD_WRF/WRF/external/io_netcdf -I/home/hnavarro/Desktop/WRF/BUILD_WRF/WRF/external/io_int -I/home/hnavarro/Desktop/WRF/BUILD_WRF/WRF/frame -I/home/hnavarro/Desktop/WRF/BUILD_WRF/WRF/share -I/home/hnavarro/Desktop/WRF/BUILD_WRF/WRF/phys -I/home/hnavarro/Desktop/WRF/BUILD_WRF/WRF/wrftladj -I/home/hnavarro/Desktop/WRF/BUILD_WRF/WRF/chem -I/home/hnavarro/Desktop/WRF/BUILD_WRF/WRF/inc -I/home/hnavarro/Desktop/WRF/Install-WRF-Chem/LIBRARIES/netcdf/include   xx6.f90
9.86user 0.58system 0:10.45elapsed 99%CPU (0avgtext+0avgdata 721184maxresident)k
0inputs+536outputs (0major+416707minor)pagefaults 0swaps
/lib/cpp -P -nostdinc -DNNN=7 -I../inc -DNL_set_ROUTINES nl_access_routines.F > xx7.f90
time mpif90 -f90=gfortran -o nl_set_7_routines.o -c  -O0 -w -ffree-form -ffree-line-length-none -fconvert=big-endian -frecord-marker=4 -fallow-argument-mismatch -fallow-invalid-boz -I../dyn_em  -I/home/hnavarro/Desktop/WRF/BUILD_WRF/WRF/external/esmf_time_f90  -I/home/hnavarro/Desktop/WRF/BUILD_WRF/WRF/main -I/home/hnavarro/Desktop/WRF/BUILD_WRF/WRF/external/io_netcdf -I/home/hnavarro/Desktop/WRF/BUILD_WRF/WRF/external/io_int -I/home/hnavarro/Desktop/WRF/BUILD_WRF/WRF/frame -I/home/hnavarro/Desktop/WRF/BUILD_WRF/WRF/share -I/home/hnavarro/Desktop/WRF/BUILD_WRF/WRF/phys -I/home/hnavarro/Desktop/WRF/BUILD_WRF/WRF/wrftladj -I/home/hnavarro/Desktop/WRF/BUILD_WRF/WRF/chem -I/home/hnavarro/Desktop/WRF/BUILD_WRF/WRF/inc -I/home/hnavarro/Desktop/WRF/Install-WRF-Chem/LIBRARIES/netcdf/include   xx7.f90
9.96user 0.57system 0:10.54elapsed 99%CPU (0avgtext+0avgdata 721176maxresident)k
0inputs+512outputs (0major+416486minor)pagefaults 0swaps
rm -f module_domain.o
/lib/cpp -P -nostdinc -I/home/hnavarro/Desktop/WRF/BUILD_WRF/WRF/inc -DEM_CORE=1 -DNMM_CORE=0 -DNMM_MAX_DIM=2600 -DDA_CORE=0 -DWRFPLUS=0 -DIWORDSIZE=4 -DDWORDSIZE=8 -DRWORDSIZE=4 -DLWORDSIZE=4 -DNONSTANDARD_SYSTEM_SUBR  -DWRF_USE_CLM  -DDM_PARALLEL -DNETCDF -DLANDREAD_STUB=1 -DUSE_ALLOCATABLES -Dwrfmodel -DGRIB1 -DINTIO -DKEEP_INT_AROUND -DLIMIT_ARGS -DBUILD_RRTMG_FAST=0 -DBUILD_RRTMK=0 -DBUILD_SBM_FAST=1 -DSHOW_ALL_VARS_USED=0 -DCONFIG_BUF_LEN=65536 -DMAX_DOMAINS_F=21 -DMAX_HISTORY=25 -DNMM_NEST=0 -DWRF_CHEM -DBUILD_CHEM=1 -I. -traditional-cpp   module_domain.F  > module_domain.bb
/home/hnavarro/Desktop/WRF/BUILD_WRF/WRF/tools/standard.exe module_domain.bb | /lib/cpp -P -nostdinc -traditional-cpp > module_domain.f90
rm -f module_domain.b module_domain.bb
time mpif90 -f90=gfortran -c   -O0 -w -ffree-form -ffree-line-length-none -fconvert=big-endian -frecord-marker=4 -fallow-argument-mismatch -fallow-invalid-boz  -I../dyn_em  -I/home/hnavarro/Desktop/WRF/BUILD_WRF/WRF/external/esmf_time_f90  -I/home/hnavarro/Desktop/WRF/BUILD_WRF/WRF/main -I/home/hnavarro/Desktop/WRF/BUILD_WRF/WRF/external/io_netcdf -I/home/hnavarro/Desktop/WRF/BUILD_WRF/WRF/external/io_int -I/home/hnavarro/Desktop/WRF/BUILD_WRF/WRF/frame -I/home/hnavarro/Desktop/WRF/BUILD_WRF/WRF/share -I/home/hnavarro/Desktop/WRF/BUILD_WRF/WRF/phys -I/home/hnavarro/Desktop/WRF/BUILD_WRF/WRF/wrftladj -I/home/hnavarro/Desktop/WRF/BUILD_WRF/WRF/chem -I/home/hnavarro/Desktop/WRF/BUILD_WRF/WRF/inc -I/home/hnavarro/Desktop/WRF/Install-WRF-Chem/LIBRARIES/netcdf/include   module_domain.f90
9.77user 0.60system 0:10.38elapsed 99%CPU (0avgtext+0avgdata 712596maxresident)k
0inputs+456outputs (0major+412301minor)pagefaults 0swaps
24.09user 0.30system 0:24.42elapsed 99%CPU (0avgtext+0avgdata 540944maxresident)k
0inputs+1400outputs (0major+198321minor)pagefaults 0swaps
rm -f module_nesting.o
rm -f module_cpl_oasis3.o
sed -e "s/^\!.*'.*//" -e "s/^ *\!.*'.*//" module_nesting.F > module_nesting.G
sed -e "s/^\!.*'.*//" -e "s/^ *\!.*'.*//" module_cpl_oasis3.F > module_cpl_oasis3.G
/lib/cpp -P -nostdinc -I/home/hnavarro/Desktop/WRF/BUILD_WRF/WRF/inc -DEM_CORE=1 -DNMM_CORE=0 -DNMM_MAX_DIM=2600 -DDA_CORE=0 -DWRFPLUS=0 -DIWORDSIZE=4 -DDWORDSIZE=8 -DRWORDSIZE=4 -DLWORDSIZE=4 -DNONSTANDARD_SYSTEM_SUBR  -DWRF_USE_CLM  -DDM_PARALLEL -DNETCDF -DLANDREAD_STUB=1 -DUSE_ALLOCATABLES -Dwrfmodel -DGRIB1 -DINTIO -DKEEP_INT_AROUND -DLIMIT_ARGS -DBUILD_RRTMG_FAST=0 -DBUILD_RRTMK=0 -DBUILD_SBM_FAST=1 -DSHOW_ALL_VARS_USED=0 -DCONFIG_BUF_LEN=65536 -DMAX_DOMAINS_F=21 -DMAX_HISTORY=25 -DNMM_NEST=0 -DWRF_CHEM -DBUILD_CHEM=1 -I. -traditional-cpp   module_nesting.G  > module_nesting.bb
/lib/cpp -P -nostdinc -I/home/hnavarro/Desktop/WRF/BUILD_WRF/WRF/inc -DEM_CORE=1 -DNMM_CORE=0 -DNMM_MAX_DIM=2600 -DDA_CORE=0 -DWRFPLUS=0 -DIWORDSIZE=4 -DDWORDSIZE=8 -DRWORDSIZE=4 -DLWORDSIZE=4 -DNONSTANDARD_SYSTEM_SUBR  -DWRF_USE_CLM  -DDM_PARALLEL -DNETCDF -DLANDREAD_STUB=1 -DUSE_ALLOCATABLES -Dwrfmodel -DGRIB1 -DINTIO -DKEEP_INT_AROUND -DLIMIT_ARGS -DBUILD_RRTMG_FAST=0 -DBUILD_RRTMK=0 -DBUILD_SBM_FAST=1 -DSHOW_ALL_VARS_USED=0 -DCONFIG_BUF_LEN=65536 -DMAX_DOMAINS_F=21 -DMAX_HISTORY=25 -DNMM_NEST=0 -DWRF_CHEM -DBUILD_CHEM=1 -I. -traditional-cpp   module_cpl_oasis3.G  > module_cpl_oasis3.bb
/home/hnavarro/Desktop/WRF/BUILD_WRF/WRF/tools/standard.exe module_cpl_oasis3.bb | /lib/cpp -P -nostdinc -traditional-cpp > module_cpl_oasis3.f90
/home/hnavarro/Desktop/WRF/BUILD_WRF/WRF/tools/standard.exe module_nesting.bb | /lib/cpp -P -nostdinc -traditional-cpp > module_nesting.f90
rm -f module_nesting.G module_nesting.bb
rm -f module_cpl_oasis3.G module_cpl_oasis3.bb
time mpif90 -f90=gfortran -o module_nesting.o -c -O2 -ftree-vectorize -funroll-loops -w -ffree-form -ffree-line-length-none -fconvert=big-endian -frecord-marker=4 -fallow-argument-mismatch -fallow-invalid-boz   -I../dyn_em  -I/home/hnavarro/Desktop/WRF/BUILD_WRF/WRF/external/esmf_time_f90  -I/home/hnavarro/Desktop/WRF/BUILD_WRF/WRF/main -I/home/hnavarro/Desktop/WRF/BUILD_WRF/WRF/external/io_netcdf -I/home/hnavarro/Desktop/WRF/BUILD_WRF/WRF/external/io_int -I/home/hnavarro/Desktop/WRF/BUILD_WRF/WRF/frame -I/home/hnavarro/Desktop/WRF/BUILD_WRF/WRF/share -I/home/hnavarro/Desktop/WRF/BUILD_WRF/WRF/phys -I/home/hnavarro/Desktop/WRF/BUILD_WRF/WRF/wrftladj -I/home/hnavarro/Desktop/WRF/BUILD_WRF/WRF/chem -I/home/hnavarro/Desktop/WRF/BUILD_WRF/WRF/inc -I/home/hnavarro/Desktop/WRF/Install-WRF-Chem/LIBRARIES/netcdf/include    module_nesting.f90
time mpif90 -f90=gfortran -o module_cpl_oasis3.o -c -O2 -ftree-vectorize -funroll-loops -w -ffree-form -ffree-line-length-none -fconvert=big-endian -frecord-marker=4 -fallow-argument-mismatch -fallow-invalid-boz   -I../dyn_em  -I/home/hnavarro/Desktop/WRF/BUILD_WRF/WRF/external/esmf_time_f90  -I/home/hnavarro/Desktop/WRF/BUILD_WRF/WRF/main -I/home/hnavarro/Desktop/WRF/BUILD_WRF/WRF/external/io_netcdf -I/home/hnavarro/Desktop/WRF/BUILD_WRF/WRF/external/io_int -I/home/hnavarro/Desktop/WRF/BUILD_WRF/WRF/frame -I/home/hnavarro/Desktop/WRF/BUILD_WRF/WRF/share -I/home/hnavarro/Desktop/WRF/BUILD_WRF/WRF/phys -I/home/hnavarro/Desktop/WRF/BUILD_WRF/WRF/wrftladj -I/home/hnavarro/Desktop/WRF/BUILD_WRF/WRF/chem -I/home/hnavarro/Desktop/WRF/BUILD_WRF/WRF/inc -I/home/hnavarro/Desktop/WRF/Install-WRF-Chem/LIBRARIES/netcdf/include    module_cpl_oasis3.f90
0.12user 0.03system 0:00.16elapsed 100%CPU (0avgtext+0avgdata 47420maxresident)k
0inputs+248outputs (1major+14410minor)pagefaults 0swaps
rm -f module_comm_nesting_dm.o
/lib/cpp -P -nostdinc -I/home/hnavarro/Desktop/WRF/BUILD_WRF/WRF/inc -DEM_CORE=1 -DNMM_CORE=0 -DNMM_MAX_DIM=2600 -DDA_CORE=0 -DWRFPLUS=0 -DIWORDSIZE=4 -DDWORDSIZE=8 -DRWORDSIZE=4 -DLWORDSIZE=4 -DNONSTANDARD_SYSTEM_SUBR  -DWRF_USE_CLM  -DDM_PARALLEL -DNETCDF -DLANDREAD_STUB=1 -DUSE_ALLOCATABLES -Dwrfmodel -DGRIB1 -DINTIO -DKEEP_INT_AROUND -DLIMIT_ARGS -DBUILD_RRTMG_FAST=0 -DBUILD_RRTMK=0 -DBUILD_SBM_FAST=1 -DSHOW_ALL_VARS_USED=0 -DCONFIG_BUF_LEN=65536 -DMAX_DOMAINS_F=21 -DMAX_HISTORY=25 -DNMM_NEST=0 -DWRF_CHEM -DBUILD_CHEM=1 -I. -traditional-cpp   module_comm_nesting_dm.F  > module_comm_nesting_dm.bb
/home/hnavarro/Desktop/WRF/BUILD_WRF/WRF/tools/standard.exe module_comm_nesting_dm.bb | /lib/cpp -P -nostdinc -traditional-cpp > module_comm_nesting_dm.f90
rm -f module_comm_nesting_dm.b module_comm_nesting_dm.bb
time mpif90 -f90=gfortran -c   -O0 -w -ffree-form -ffree-line-length-none -fconvert=big-endian -frecord-marker=4 -fallow-argument-mismatch -fallow-invalid-boz  -I../dyn_em  -I/home/hnavarro/Desktop/WRF/BUILD_WRF/WRF/external/esmf_time_f90  -I/home/hnavarro/Desktop/WRF/BUILD_WRF/WRF/main -I/home/hnavarro/Desktop/WRF/BUILD_WRF/WRF/external/io_netcdf -I/home/hnavarro/Desktop/WRF/BUILD_WRF/WRF/external/io_int -I/home/hnavarro/Desktop/WRF/BUILD_WRF/WRF/frame -I/home/hnavarro/Desktop/WRF/BUILD_WRF/WRF/share -I/home/hnavarro/Desktop/WRF/BUILD_WRF/WRF/phys -I/home/hnavarro/Desktop/WRF/BUILD_WRF/WRF/wrftladj -I/home/hnavarro/Desktop/WRF/BUILD_WRF/WRF/chem -I/home/hnavarro/Desktop/WRF/BUILD_WRF/WRF/inc -I/home/hnavarro/Desktop/WRF/Install-WRF-Chem/LIBRARIES/netcdf/include   module_comm_nesting_dm.f90
2.65user 0.05system 0:02.70elapsed 99%CPU (0avgtext+0avgdata 59508maxresident)k
0inputs+592outputs (1major+17182minor)pagefaults 0swaps
rm -f module_comm_dm_0.o
/lib/cpp -P -nostdinc -I/home/hnavarro/Desktop/WRF/BUILD_WRF/WRF/inc -DEM_CORE=1 -DNMM_CORE=0 -DNMM_MAX_DIM=2600 -DDA_CORE=0 -DWRFPLUS=0 -DIWORDSIZE=4 -DDWORDSIZE=8 -DRWORDSIZE=4 -DLWORDSIZE=4 -DNONSTANDARD_SYSTEM_SUBR  -DWRF_USE_CLM  -DDM_PARALLEL -DNETCDF -DLANDREAD_STUB=1 -DUSE_ALLOCATABLES -Dwrfmodel -DGRIB1 -DINTIO -DKEEP_INT_AROUND -DLIMIT_ARGS -DBUILD_RRTMG_FAST=0 -DBUILD_RRTMK=0 -DBUILD_SBM_FAST=1 -DSHOW_ALL_VARS_USED=0 -DCONFIG_BUF_LEN=65536 -DMAX_DOMAINS_F=21 -DMAX_HISTORY=25 -DNMM_NEST=0 -DWRF_CHEM -DBUILD_CHEM=1 -I. -traditional-cpp   module_comm_dm_0.F  > module_comm_dm_0.bb
/home/hnavarro/Desktop/WRF/BUILD_WRF/WRF/tools/standard.exe module_comm_dm_0.bb | /lib/cpp -P -nostdinc -traditional-cpp > module_comm_dm_0.f90
rm -f module_comm_dm_0.b module_comm_dm_0.bb
time mpif90 -f90=gfortran -c   -O0 -w -ffree-form -ffree-line-length-none -fconvert=big-endian -frecord-marker=4 -fallow-argument-mismatch -fallow-invalid-boz  -I../dyn_em  -I/home/hnavarro/Desktop/WRF/BUILD_WRF/WRF/external/esmf_time_f90  -I/home/hnavarro/Desktop/WRF/BUILD_WRF/WRF/main -I/home/hnavarro/Desktop/WRF/BUILD_WRF/WRF/external/io_netcdf -I/home/hnavarro/Desktop/WRF/BUILD_WRF/WRF/external/io_int -I/home/hnavarro/Desktop/WRF/BUILD_WRF/WRF/frame -I/home/hnavarro/Desktop/WRF/BUILD_WRF/WRF/share -I/home/hnavarro/Desktop/WRF/BUILD_WRF/WRF/phys -I/home/hnavarro/Desktop/WRF/BUILD_WRF/WRF/wrftladj -I/home/hnavarro/Desktop/WRF/BUILD_WRF/WRF/chem -I/home/hnavarro/Desktop/WRF/BUILD_WRF/WRF/inc -I/home/hnavarro/Desktop/WRF/Install-WRF-Chem/LIBRARIES/netcdf/include   module_comm_dm_0.f90
6.28user 0.30system 0:06.59elapsed 99%CPU (0avgtext+0avgdata 658888maxresident)k
0inputs+30312outputs (0major+193065minor)pagefaults 0swaps
rm -f module_comm_dm_1.o
/lib/cpp -P -nostdinc -I/home/hnavarro/Desktop/WRF/BUILD_WRF/WRF/inc -DEM_CORE=1 -DNMM_CORE=0 -DNMM_MAX_DIM=2600 -DDA_CORE=0 -DWRFPLUS=0 -DIWORDSIZE=4 -DDWORDSIZE=8 -DRWORDSIZE=4 -DLWORDSIZE=4 -DNONSTANDARD_SYSTEM_SUBR  -DWRF_USE_CLM  -DDM_PARALLEL -DNETCDF -DLANDREAD_STUB=1 -DUSE_ALLOCATABLES -Dwrfmodel -DGRIB1 -DINTIO -DKEEP_INT_AROUND -DLIMIT_ARGS -DBUILD_RRTMG_FAST=0 -DBUILD_RRTMK=0 -DBUILD_SBM_FAST=1 -DSHOW_ALL_VARS_USED=0 -DCONFIG_BUF_LEN=65536 -DMAX_DOMAINS_F=21 -DMAX_HISTORY=25 -DNMM_NEST=0 -DWRF_CHEM -DBUILD_CHEM=1 -I. -traditional-cpp   module_comm_dm_1.F  > module_comm_dm_1.bb
/home/hnavarro/Desktop/WRF/BUILD_WRF/WRF/tools/standard.exe module_comm_dm_1.bb | /lib/cpp -P -nostdinc -traditional-cpp > module_comm_dm_1.f90
rm -f module_comm_dm_1.b module_comm_dm_1.bb
time mpif90 -f90=gfortran -c   -O0 -w -ffree-form -ffree-line-length-none -fconvert=big-endian -frecord-marker=4 -fallow-argument-mismatch -fallow-invalid-boz  -I../dyn_em  -I/home/hnavarro/Desktop/WRF/BUILD_WRF/WRF/external/esmf_time_f90  -I/home/hnavarro/Desktop/WRF/BUILD_WRF/WRF/main -I/home/hnavarro/Desktop/WRF/BUILD_WRF/WRF/external/io_netcdf -I/home/hnavarro/Desktop/WRF/BUILD_WRF/WRF/external/io_int -I/home/hnavarro/Desktop/WRF/BUILD_WRF/WRF/frame -I/home/hnavarro/Desktop/WRF/BUILD_WRF/WRF/share -I/home/hnavarro/Desktop/WRF/BUILD_WRF/WRF/phys -I/home/hnavarro/Desktop/WRF/BUILD_WRF/WRF/wrftladj -I/home/hnavarro/Desktop/WRF/BUILD_WRF/WRF/chem -I/home/hnavarro/Desktop/WRF/BUILD_WRF/WRF/inc -I/home/hnavarro/Desktop/WRF/Install-WRF-Chem/LIBRARIES/netcdf/include   module_comm_dm_1.f90
4.19user 0.18system 0:04.39elapsed 99%CPU (0avgtext+0avgdata 245280maxresident)k
0inputs+6960outputs (0major+99387minor)pagefaults 0swaps
rm -f module_comm_dm_2.o
/lib/cpp -P -nostdinc -I/home/hnavarro/Desktop/WRF/BUILD_WRF/WRF/inc -DEM_CORE=1 -DNMM_CORE=0 -DNMM_MAX_DIM=2600 -DDA_CORE=0 -DWRFPLUS=0 -DIWORDSIZE=4 -DDWORDSIZE=8 -DRWORDSIZE=4 -DLWORDSIZE=4 -DNONSTANDARD_SYSTEM_SUBR  -DWRF_USE_CLM  -DDM_PARALLEL -DNETCDF -DLANDREAD_STUB=1 -DUSE_ALLOCATABLES -Dwrfmodel -DGRIB1 -DINTIO -DKEEP_INT_AROUND -DLIMIT_ARGS -DBUILD_RRTMG_FAST=0 -DBUILD_RRTMK=0 -DBUILD_SBM_FAST=1 -DSHOW_ALL_VARS_USED=0 -DCONFIG_BUF_LEN=65536 -DMAX_DOMAINS_F=21 -DMAX_HISTORY=25 -DNMM_NEST=0 -DWRF_CHEM -DBUILD_CHEM=1 -I. -traditional-cpp   module_comm_dm_2.F  > module_comm_dm_2.bb
/home/hnavarro/Desktop/WRF/BUILD_WRF/WRF/tools/standard.exe module_comm_dm_2.bb | /lib/cpp -P -nostdinc -traditional-cpp > module_comm_dm_2.f90
rm -f module_comm_dm_2.b module_comm_dm_2.bb
time mpif90 -f90=gfortran -c   -O0 -w -ffree-form -ffree-line-length-none -fconvert=big-endian -frecord-marker=4 -fallow-argument-mismatch -fallow-invalid-boz  -I../dyn_em  -I/home/hnavarro/Desktop/WRF/BUILD_WRF/WRF/external/esmf_time_f90  -I/home/hnavarro/Desktop/WRF/BUILD_WRF/WRF/main -I/home/hnavarro/Desktop/WRF/BUILD_WRF/WRF/external/io_netcdf -I/home/hnavarro/Desktop/WRF/BUILD_WRF/WRF/external/io_int -I/home/hnavarro/Desktop/WRF/BUILD_WRF/WRF/frame -I/home/hnavarro/Desktop/WRF/BUILD_WRF/WRF/share -I/home/hnavarro/Desktop/WRF/BUILD_WRF/WRF/phys -I/home/hnavarro/Desktop/WRF/BUILD_WRF/WRF/wrftladj -I/home/hnavarro/Desktop/WRF/BUILD_WRF/WRF/chem -I/home/hnavarro/Desktop/WRF/BUILD_WRF/WRF/inc -I/home/hnavarro/Desktop/WRF/Install-WRF-Chem/LIBRARIES/netcdf/include   module_comm_dm_2.f90
3.89user 0.19system 0:04.10elapsed 99%CPU (0avgtext+0avgdata 247500maxresident)k
0inputs+6840outputs (0major+98915minor)pagefaults 0swaps
rm -f module_comm_dm_3.o
/lib/cpp -P -nostdinc -I/home/hnavarro/Desktop/WRF/BUILD_WRF/WRF/inc -DEM_CORE=1 -DNMM_CORE=0 -DNMM_MAX_DIM=2600 -DDA_CORE=0 -DWRFPLUS=0 -DIWORDSIZE=4 -DDWORDSIZE=8 -DRWORDSIZE=4 -DLWORDSIZE=4 -DNONSTANDARD_SYSTEM_SUBR  -DWRF_USE_CLM  -DDM_PARALLEL -DNETCDF -DLANDREAD_STUB=1 -DUSE_ALLOCATABLES -Dwrfmodel -DGRIB1 -DINTIO -DKEEP_INT_AROUND -DLIMIT_ARGS -DBUILD_RRTMG_FAST=0 -DBUILD_RRTMK=0 -DBUILD_SBM_FAST=1 -DSHOW_ALL_VARS_USED=0 -DCONFIG_BUF_LEN=65536 -DMAX_DOMAINS_F=21 -DMAX_HISTORY=25 -DNMM_NEST=0 -DWRF_CHEM -DBUILD_CHEM=1 -I. -traditional-cpp   module_comm_dm_3.F  > module_comm_dm_3.bb
/home/hnavarro/Desktop/WRF/BUILD_WRF/WRF/tools/standard.exe module_comm_dm_3.bb | /lib/cpp -P -nostdinc -traditional-cpp > module_comm_dm_3.f90
rm -f module_comm_dm_3.b module_comm_dm_3.bb
time mpif90 -f90=gfortran -c   -O0 -w -ffree-form -ffree-line-length-none -fconvert=big-endian -frecord-marker=4 -fallow-argument-mismatch -fallow-invalid-boz  -I../dyn_em  -I/home/hnavarro/Desktop/WRF/BUILD_WRF/WRF/external/esmf_time_f90  -I/home/hnavarro/Desktop/WRF/BUILD_WRF/WRF/main -I/home/hnavarro/Desktop/WRF/BUILD_WRF/WRF/external/io_netcdf -I/home/hnavarro/Desktop/WRF/BUILD_WRF/WRF/external/io_int -I/home/hnavarro/Desktop/WRF/BUILD_WRF/WRF/frame -I/home/hnavarro/Desktop/WRF/BUILD_WRF/WRF/share -I/home/hnavarro/Desktop/WRF/BUILD_WRF/WRF/phys -I/home/hnavarro/Desktop/WRF/BUILD_WRF/WRF/wrftladj -I/home/hnavarro/Desktop/WRF/BUILD_WRF/WRF/chem -I/home/hnavarro/Desktop/WRF/BUILD_WRF/WRF/inc -I/home/hnavarro/Desktop/WRF/Install-WRF-Chem/LIBRARIES/netcdf/include   module_comm_dm_3.f90
3.67user 0.16system 0:03.83elapsed 99%CPU (0avgtext+0avgdata 225752maxresident)k
0inputs+5616outputs (0major+94250minor)pagefaults 0swaps
rm -f module_comm_dm_4.o
sed -e "s/^\!.*'.*//" -e "s/^ *\!.*'.*//" module_comm_dm_4.F > module_comm_dm_4.G
/lib/cpp -P -nostdinc -I/home/hnavarro/Desktop/WRF/BUILD_WRF/WRF/inc -DEM_CORE=1 -DNMM_CORE=0 -DNMM_MAX_DIM=2600 -DDA_CORE=0 -DWRFPLUS=0 -DIWORDSIZE=4 -DDWORDSIZE=8 -DRWORDSIZE=4 -DLWORDSIZE=4 -DNONSTANDARD_SYSTEM_SUBR  -DWRF_USE_CLM  -DDM_PARALLEL -DNETCDF -DLANDREAD_STUB=1 -DUSE_ALLOCATABLES -Dwrfmodel -DGRIB1 -DINTIO -DKEEP_INT_AROUND -DLIMIT_ARGS -DBUILD_RRTMG_FAST=0 -DBUILD_RRTMK=0 -DBUILD_SBM_FAST=1 -DSHOW_ALL_VARS_USED=0 -DCONFIG_BUF_LEN=65536 -DMAX_DOMAINS_F=21 -DMAX_HISTORY=25 -DNMM_NEST=0 -DWRF_CHEM -DBUILD_CHEM=1 -I. -traditional-cpp   module_comm_dm_4.G  > module_comm_dm_4.bb
/home/hnavarro/Desktop/WRF/BUILD_WRF/WRF/tools/standard.exe module_comm_dm_4.bb | /lib/cpp -P -nostdinc -traditional-cpp > module_comm_dm_4.f90
rm -f module_comm_dm_4.G module_comm_dm_4.bb
time mpif90 -f90=gfortran -o module_comm_dm_4.o -c -O2 -ftree-vectorize -funroll-loops -w -ffree-form -ffree-line-length-none -fconvert=big-endian -frecord-marker=4 -fallow-argument-mismatch -fallow-invalid-boz   -I../dyn_em  -I/home/hnavarro/Desktop/WRF/BUILD_WRF/WRF/external/esmf_time_f90  -I/home/hnavarro/Desktop/WRF/BUILD_WRF/WRF/main -I/home/hnavarro/Desktop/WRF/BUILD_WRF/WRF/external/io_netcdf -I/home/hnavarro/Desktop/WRF/BUILD_WRF/WRF/external/io_int -I/home/hnavarro/Desktop/WRF/BUILD_WRF/WRF/frame -I/home/hnavarro/Desktop/WRF/BUILD_WRF/WRF/share -I/home/hnavarro/Desktop/WRF/BUILD_WRF/WRF/phys -I/home/hnavarro/Desktop/WRF/BUILD_WRF/WRF/wrftladj -I/home/hnavarro/Desktop/WRF/BUILD_WRF/WRF/chem -I/home/hnavarro/Desktop/WRF/BUILD_WRF/WRF/inc -I/home/hnavarro/Desktop/WRF/Install-WRF-Chem/LIBRARIES/netcdf/include    module_comm_dm_4.f90
3.05user 0.15system 0:03.21elapsed 99%CPU (0avgtext+0avgdata 191304maxresident)k
0inputs+4376outputs (0major+79945minor)pagefaults 0swaps
rm -f module_tiles.o
/home/hnavarro/Desktop/WRF/BUILD_WRF/WRF/tools/standard.exe module_tiles.F > module_tiles.b 
/lib/cpp -P -nostdinc -I/home/hnavarro/Desktop/WRF/BUILD_WRF/WRF/inc -DEM_CORE=1 -DNMM_CORE=0 -DNMM_MAX_DIM=2600 -DDA_CORE=0 -DWRFPLUS=0 -DIWORDSIZE=4 -DDWORDSIZE=8 -DRWORDSIZE=4 -DLWORDSIZE=4 -DNONSTANDARD_SYSTEM_SUBR  -DWRF_USE_CLM  -DDM_PARALLEL -DNETCDF -DLANDREAD_STUB=1 -DUSE_ALLOCATABLES -Dwrfmodel -DGRIB1 -DINTIO -DKEEP_INT_AROUND -DLIMIT_ARGS -DBUILD_RRTMG_FAST=0 -DBUILD_RRTMK=0 -DBUILD_SBM_FAST=1 -DSHOW_ALL_VARS_USED=0 -DCONFIG_BUF_LEN=65536 -DMAX_DOMAINS_F=21 -DMAX_HISTORY=25 -DNMM_NEST=0 -DWRF_CHEM -DBUILD_CHEM=1 -I. -traditional-cpp   module_tiles.b  > module_tiles.f90
rm -f module_tiles.b
time mpif90 -f90=gfortran -c  -O0 -w -ffree-form -ffree-line-length-none -fconvert=big-endian -frecord-marker=4 -fallow-argument-mismatch -fallow-invalid-boz  -I../dyn_em  -I/home/hnavarro/Desktop/WRF/BUILD_WRF/WRF/external/esmf_time_f90  -I/home/hnavarro/Desktop/WRF/BUILD_WRF/WRF/main -I/home/hnavarro/Desktop/WRF/BUILD_WRF/WRF/external/io_netcdf -I/home/hnavarro/Desktop/WRF/BUILD_WRF/WRF/external/io_int -I/home/hnavarro/Desktop/WRF/BUILD_WRF/WRF/frame -I/home/hnavarro/Desktop/WRF/BUILD_WRF/WRF/share -I/home/hnavarro/Desktop/WRF/BUILD_WRF/WRF/phys -I/home/hnavarro/Desktop/WRF/BUILD_WRF/WRF/wrftladj -I/home/hnavarro/Desktop/WRF/BUILD_WRF/WRF/chem -I/home/hnavarro/Desktop/WRF/BUILD_WRF/WRF/inc -I/home/hnavarro/Desktop/WRF/Install-WRF-Chem/LIBRARIES/netcdf/include    module_tiles.f90
1.00user 0.07system 0:01.08elapsed 100%CPU (0avgtext+0avgdata 75264maxresident)k
0inputs+1168outputs (0major+25288minor)pagefaults 0swaps
rm -f module_clear_halos.o
sed -e "s/^\!.*'.*//" -e "s/^ *\!.*'.*//" module_clear_halos.F > module_clear_halos.G
/lib/cpp -P -nostdinc -I/home/hnavarro/Desktop/WRF/BUILD_WRF/WRF/inc -DEM_CORE=1 -DNMM_CORE=0 -DNMM_MAX_DIM=2600 -DDA_CORE=0 -DWRFPLUS=0 -DIWORDSIZE=4 -DDWORDSIZE=8 -DRWORDSIZE=4 -DLWORDSIZE=4 -DNONSTANDARD_SYSTEM_SUBR  -DWRF_USE_CLM  -DDM_PARALLEL -DNETCDF -DLANDREAD_STUB=1 -DUSE_ALLOCATABLES -Dwrfmodel -DGRIB1 -DINTIO -DKEEP_INT_AROUND -DLIMIT_ARGS -DBUILD_RRTMG_FAST=0 -DBUILD_RRTMK=0 -DBUILD_SBM_FAST=1 -DSHOW_ALL_VARS_USED=0 -DCONFIG_BUF_LEN=65536 -DMAX_DOMAINS_F=21 -DMAX_HISTORY=25 -DNMM_NEST=0 -DWRF_CHEM -DBUILD_CHEM=1 -I. -traditional-cpp   module_clear_halos.G  > module_clear_halos.bb
/home/hnavarro/Desktop/WRF/BUILD_WRF/WRF/tools/standard.exe module_clear_halos.bb | /lib/cpp -P -nostdinc -traditional-cpp > module_clear_halos.f90
rm -f module_clear_halos.G module_clear_halos.bb
time mpif90 -f90=gfortran -o module_clear_halos.o -c -O2 -ftree-vectorize -funroll-loops -w -ffree-form -ffree-line-length-none -fconvert=big-endian -frecord-marker=4 -fallow-argument-mismatch -fallow-invalid-boz   -I../dyn_em  -I/home/hnavarro/Desktop/WRF/BUILD_WRF/WRF/external/esmf_time_f90  -I/home/hnavarro/Desktop/WRF/BUILD_WRF/WRF/main -I/home/hnavarro/Desktop/WRF/BUILD_WRF/WRF/external/io_netcdf -I/home/hnavarro/Desktop/WRF/BUILD_WRF/WRF/external/io_int -I/home/hnavarro/Desktop/WRF/BUILD_WRF/WRF/frame -I/home/hnavarro/Desktop/WRF/BUILD_WRF/WRF/share -I/home/hnavarro/Desktop/WRF/BUILD_WRF/WRF/phys -I/home/hnavarro/Desktop/WRF/BUILD_WRF/WRF/wrftladj -I/home/hnavarro/Desktop/WRF/BUILD_WRF/WRF/chem -I/home/hnavarro/Desktop/WRF/BUILD_WRF/WRF/inc -I/home/hnavarro/Desktop/WRF/Install-WRF-Chem/LIBRARIES/netcdf/include    module_clear_halos.f90
1.97user 0.10system 0:02.09elapsed 99%CPU (0avgtext+0avgdata 172500maxresident)k
0inputs+912outputs (0major+48797minor)pagefaults 0swaps
rm -f module_cpl.o
sed -e "s/^\!.*'.*//" -e "s/^ *\!.*'.*//" module_cpl.F > module_cpl.G
/lib/cpp -P -nostdinc -I/home/hnavarro/Desktop/WRF/BUILD_WRF/WRF/inc -DEM_CORE=1 -DNMM_CORE=0 -DNMM_MAX_DIM=2600 -DDA_CORE=0 -DWRFPLUS=0 -DIWORDSIZE=4 -DDWORDSIZE=8 -DRWORDSIZE=4 -DLWORDSIZE=4 -DNONSTANDARD_SYSTEM_SUBR  -DWRF_USE_CLM  -DDM_PARALLEL -DNETCDF -DLANDREAD_STUB=1 -DUSE_ALLOCATABLES -Dwrfmodel -DGRIB1 -DINTIO -DKEEP_INT_AROUND -DLIMIT_ARGS -DBUILD_RRTMG_FAST=0 -DBUILD_RRTMK=0 -DBUILD_SBM_FAST=1 -DSHOW_ALL_VARS_USED=0 -DCONFIG_BUF_LEN=65536 -DMAX_DOMAINS_F=21 -DMAX_HISTORY=25 -DNMM_NEST=0 -DWRF_CHEM -DBUILD_CHEM=1 -I. -traditional-cpp   module_cpl.G  > module_cpl.bb
/home/hnavarro/Desktop/WRF/BUILD_WRF/WRF/tools/standard.exe module_cpl.bb | /lib/cpp -P -nostdinc -traditional-cpp > module_cpl.f90
rm -f module_cpl.G module_cpl.bb
time mpif90 -f90=gfortran -o module_cpl.o -c -O2 -ftree-vectorize -funroll-loops -w -ffree-form -ffree-line-length-none -fconvert=big-endian -frecord-marker=4 -fallow-argument-mismatch -fallow-invalid-boz   -I../dyn_em  -I/home/hnavarro/Desktop/WRF/BUILD_WRF/WRF/external/esmf_time_f90  -I/home/hnavarro/Desktop/WRF/BUILD_WRF/WRF/main -I/home/hnavarro/Desktop/WRF/BUILD_WRF/WRF/external/io_netcdf -I/home/hnavarro/Desktop/WRF/BUILD_WRF/WRF/external/io_int -I/home/hnavarro/Desktop/WRF/BUILD_WRF/WRF/frame -I/home/hnavarro/Desktop/WRF/BUILD_WRF/WRF/share -I/home/hnavarro/Desktop/WRF/BUILD_WRF/WRF/phys -I/home/hnavarro/Desktop/WRF/BUILD_WRF/WRF/wrftladj -I/home/hnavarro/Desktop/WRF/BUILD_WRF/WRF/chem -I/home/hnavarro/Desktop/WRF/BUILD_WRF/WRF/inc -I/home/hnavarro/Desktop/WRF/Install-WRF-Chem/LIBRARIES/netcdf/include    module_cpl.f90
0.48user 0.04system 0:00.53elapsed 99%CPU (0avgtext+0avgdata 66268maxresident)k
0inputs+512outputs (0major+18520minor)pagefaults 0swaps
22.12user 0.35system 0:22.51elapsed 99%CPU (0avgtext+0avgdata 550468maxresident)k
0inputs+21952outputs (0major+211108minor)pagefaults 0swaps
rm -f module_comm_dm.o
/lib/cpp -P -nostdinc -I/home/hnavarro/Desktop/WRF/BUILD_WRF/WRF/inc -DEM_CORE=1 -DNMM_CORE=0 -DNMM_MAX_DIM=2600 -DDA_CORE=0 -DWRFPLUS=0 -DIWORDSIZE=4 -DDWORDSIZE=8 -DRWORDSIZE=4 -DLWORDSIZE=4 -DNONSTANDARD_SYSTEM_SUBR  -DWRF_USE_CLM  -DDM_PARALLEL -DNETCDF -DLANDREAD_STUB=1 -DUSE_ALLOCATABLES -Dwrfmodel -DGRIB1 -DINTIO -DKEEP_INT_AROUND -DLIMIT_ARGS -DBUILD_RRTMG_FAST=0 -DBUILD_RRTMK=0 -DBUILD_SBM_FAST=1 -DSHOW_ALL_VARS_USED=0 -DCONFIG_BUF_LEN=65536 -DMAX_DOMAINS_F=21 -DMAX_HISTORY=25 -DNMM_NEST=0 -DWRF_CHEM -DBUILD_CHEM=1 -I. -traditional-cpp   module_comm_dm.F  > module_comm_dm.bb
/home/hnavarro/Desktop/WRF/BUILD_WRF/WRF/tools/standard.exe module_comm_dm.bb | /lib/cpp -P -nostdinc -traditional-cpp > module_comm_dm.f90
rm -f module_comm_dm.b module_comm_dm.bb
time mpif90 -f90=gfortran -c   -O0 -w -ffree-form -ffree-line-length-none -fconvert=big-endian -frecord-marker=4 -fallow-argument-mismatch -fallow-invalid-boz  -I../dyn_em  -I/home/hnavarro/Desktop/WRF/BUILD_WRF/WRF/external/esmf_time_f90  -I/home/hnavarro/Desktop/WRF/BUILD_WRF/WRF/main -I/home/hnavarro/Desktop/WRF/BUILD_WRF/WRF/external/io_netcdf -I/home/hnavarro/Desktop/WRF/BUILD_WRF/WRF/external/io_int -I/home/hnavarro/Desktop/WRF/BUILD_WRF/WRF/frame -I/home/hnavarro/Desktop/WRF/BUILD_WRF/WRF/share -I/home/hnavarro/Desktop/WRF/BUILD_WRF/WRF/phys -I/home/hnavarro/Desktop/WRF/BUILD_WRF/WRF/wrftladj -I/home/hnavarro/Desktop/WRF/BUILD_WRF/WRF/chem -I/home/hnavarro/Desktop/WRF/BUILD_WRF/WRF/inc -I/home/hnavarro/Desktop/WRF/Install-WRF-Chem/LIBRARIES/netcdf/include   module_comm_dm.f90
4.46user 0.27system 0:04.74elapsed 99%CPU (0avgtext+0avgdata 487452maxresident)k
0inputs+17640outputs (0major+166272minor)pagefaults 0swaps
rm -f module_dm.o
sed -e "s/^\!.*'.*//" -e "s/^ *\!.*'.*//" module_dm.F > module_dm.G
/lib/cpp -P -nostdinc -I/home/hnavarro/Desktop/WRF/BUILD_WRF/WRF/inc -DEM_CORE=1 -DNMM_CORE=0 -DNMM_MAX_DIM=2600 -DDA_CORE=0 -DWRFPLUS=0 -DIWORDSIZE=4 -DDWORDSIZE=8 -DRWORDSIZE=4 -DLWORDSIZE=4 -DNONSTANDARD_SYSTEM_SUBR  -DWRF_USE_CLM  -DDM_PARALLEL -DNETCDF -DLANDREAD_STUB=1 -DUSE_ALLOCATABLES -Dwrfmodel -DGRIB1 -DINTIO -DKEEP_INT_AROUND -DLIMIT_ARGS -DBUILD_RRTMG_FAST=0 -DBUILD_RRTMK=0 -DBUILD_SBM_FAST=1 -DSHOW_ALL_VARS_USED=0 -DCONFIG_BUF_LEN=65536 -DMAX_DOMAINS_F=21 -DMAX_HISTORY=25 -DNMM_NEST=0 -DWRF_CHEM -DBUILD_CHEM=1 -I. -traditional-cpp   module_dm.G  > module_dm.bb
/home/hnavarro/Desktop/WRF/BUILD_WRF/WRF/tools/standard.exe module_dm.bb | /lib/cpp -P -nostdinc -traditional-cpp > module_dm.f90
rm -f module_dm.G module_dm.bb
time mpif90 -f90=gfortran -o module_dm.o -c -O2 -ftree-vectorize -funroll-loops -w -ffree-form -ffree-line-length-none -fconvert=big-endian -frecord-marker=4 -fallow-argument-mismatch -fallow-invalid-boz   -I../dyn_em  -I/home/hnavarro/Desktop/WRF/BUILD_WRF/WRF/external/esmf_time_f90  -I/home/hnavarro/Desktop/WRF/BUILD_WRF/WRF/main -I/home/hnavarro/Desktop/WRF/BUILD_WRF/WRF/external/io_netcdf -I/home/hnavarro/Desktop/WRF/BUILD_WRF/WRF/external/io_int -I/home/hnavarro/Desktop/WRF/BUILD_WRF/WRF/frame -I/home/hnavarro/Desktop/WRF/BUILD_WRF/WRF/share -I/home/hnavarro/Desktop/WRF/BUILD_WRF/WRF/phys -I/home/hnavarro/Desktop/WRF/BUILD_WRF/WRF/wrftladj -I/home/hnavarro/Desktop/WRF/BUILD_WRF/WRF/chem -I/home/hnavarro/Desktop/WRF/BUILD_WRF/WRF/inc -I/home/hnavarro/Desktop/WRF/Install-WRF-Chem/LIBRARIES/netcdf/include    module_dm.f90
2.72user 0.13system 0:02.86elapsed 99%CPU (0avgtext+0avgdata 339340maxresident)k
0inputs+2056outputs (0major+92436minor)pagefaults 0swaps
rm -f module_integrate.o
rm -f module_io.o
/home/hnavarro/Desktop/WRF/BUILD_WRF/WRF/tools/standard.exe module_integrate.F > module_integrate.b 
/lib/cpp -P -nostdinc -I/home/hnavarro/Desktop/WRF/BUILD_WRF/WRF/inc -DEM_CORE=1 -DNMM_CORE=0 -DNMM_MAX_DIM=2600 -DDA_CORE=0 -DWRFPLUS=0 -DIWORDSIZE=4 -DDWORDSIZE=8 -DRWORDSIZE=4 -DLWORDSIZE=4 -DNONSTANDARD_SYSTEM_SUBR  -DWRF_USE_CLM  -DDM_PARALLEL -DNETCDF -DLANDREAD_STUB=1 -DUSE_ALLOCATABLES -Dwrfmodel -DGRIB1 -DINTIO -DKEEP_INT_AROUND -DLIMIT_ARGS -DBUILD_RRTMG_FAST=0 -DBUILD_RRTMK=0 -DBUILD_SBM_FAST=1 -DSHOW_ALL_VARS_USED=0 -DCONFIG_BUF_LEN=65536 -DMAX_DOMAINS_F=21 -DMAX_HISTORY=25 -DNMM_NEST=0 -DWRF_CHEM -DBUILD_CHEM=1 -I. -traditional-cpp   module_io.F  > module_io.bb
/lib/cpp -P -nostdinc -I/home/hnavarro/Desktop/WRF/BUILD_WRF/WRF/inc -DEM_CORE=1 -DNMM_CORE=0 -DNMM_MAX_DIM=2600 -DDA_CORE=0 -DWRFPLUS=0 -DIWORDSIZE=4 -DDWORDSIZE=8 -DRWORDSIZE=4 -DLWORDSIZE=4 -DNONSTANDARD_SYSTEM_SUBR  -DWRF_USE_CLM  -DDM_PARALLEL -DNETCDF -DLANDREAD_STUB=1 -DUSE_ALLOCATABLES -Dwrfmodel -DGRIB1 -DINTIO -DKEEP_INT_AROUND -DLIMIT_ARGS -DBUILD_RRTMG_FAST=0 -DBUILD_RRTMK=0 -DBUILD_SBM_FAST=1 -DSHOW_ALL_VARS_USED=0 -DCONFIG_BUF_LEN=65536 -DMAX_DOMAINS_F=21 -DMAX_HISTORY=25 -DNMM_NEST=0 -DWRF_CHEM -DBUILD_CHEM=1 -I. -traditional-cpp   module_integrate.b  > module_integrate.f90
rm -f module_integrate.b
time mpif90 -f90=gfortran -c  -O0 -w -ffree-form -ffree-line-length-none -fconvert=big-endian -frecord-marker=4 -fallow-argument-mismatch -fallow-invalid-boz  -I../dyn_em  -I/home/hnavarro/Desktop/WRF/BUILD_WRF/WRF/external/esmf_time_f90  -I/home/hnavarro/Desktop/WRF/BUILD_WRF/WRF/main -I/home/hnavarro/Desktop/WRF/BUILD_WRF/WRF/external/io_netcdf -I/home/hnavarro/Desktop/WRF/BUILD_WRF/WRF/external/io_int -I/home/hnavarro/Desktop/WRF/BUILD_WRF/WRF/frame -I/home/hnavarro/Desktop/WRF/BUILD_WRF/WRF/share -I/home/hnavarro/Desktop/WRF/BUILD_WRF/WRF/phys -I/home/hnavarro/Desktop/WRF/BUILD_WRF/WRF/wrftladj -I/home/hnavarro/Desktop/WRF/BUILD_WRF/WRF/chem -I/home/hnavarro/Desktop/WRF/BUILD_WRF/WRF/inc -I/home/hnavarro/Desktop/WRF/Install-WRF-Chem/LIBRARIES/netcdf/include    module_integrate.f90
/home/hnavarro/Desktop/WRF/BUILD_WRF/WRF/tools/standard.exe module_io.bb | /lib/cpp -P -nostdinc -traditional-cpp > module_io.f90
rm -f module_io.b module_io.bb
time mpif90 -f90=gfortran -c   -O0 -w -ffree-form -ffree-line-length-none -fconvert=big-endian -frecord-marker=4 -fallow-argument-mismatch -fallow-invalid-boz  -I../dyn_em  -I/home/hnavarro/Desktop/WRF/BUILD_WRF/WRF/external/esmf_time_f90  -I/home/hnavarro/Desktop/WRF/BUILD_WRF/WRF/main -I/home/hnavarro/Desktop/WRF/BUILD_WRF/WRF/external/io_netcdf -I/home/hnavarro/Desktop/WRF/BUILD_WRF/WRF/external/io_int -I/home/hnavarro/Desktop/WRF/BUILD_WRF/WRF/frame -I/home/hnavarro/Desktop/WRF/BUILD_WRF/WRF/share -I/home/hnavarro/Desktop/WRF/BUILD_WRF/WRF/phys -I/home/hnavarro/Desktop/WRF/BUILD_WRF/WRF/wrftladj -I/home/hnavarro/Desktop/WRF/BUILD_WRF/WRF/chem -I/home/hnavarro/Desktop/WRF/BUILD_WRF/WRF/inc -I/home/hnavarro/Desktop/WRF/Install-WRF-Chem/LIBRARIES/netcdf/include   module_io.f90
29.69user 0.14system 0:29.94elapsed 99%CPU (0avgtext+0avgdata 221024maxresident)k
0inputs+192outputs (1major+73155minor)pagefaults 0swaps
rm -f module_io_quilt.o
sed -e "s/^\!.*'.*//" -e "s/^ *\!.*'.*//" module_io_quilt.F > module_io_quilt.G
/lib/cpp -P -nostdinc -I/home/hnavarro/Desktop/WRF/BUILD_WRF/WRF/inc -DEM_CORE=1 -DNMM_CORE=0 -DNMM_MAX_DIM=2600 -DDA_CORE=0 -DWRFPLUS=0 -DIWORDSIZE=4 -DDWORDSIZE=8 -DRWORDSIZE=4 -DLWORDSIZE=4 -DNONSTANDARD_SYSTEM_SUBR  -DWRF_USE_CLM  -DDM_PARALLEL -DNETCDF -DLANDREAD_STUB=1 -DUSE_ALLOCATABLES -Dwrfmodel -DGRIB1 -DINTIO -DKEEP_INT_AROUND -DLIMIT_ARGS -DBUILD_RRTMG_FAST=0 -DBUILD_RRTMK=0 -DBUILD_SBM_FAST=1 -DSHOW_ALL_VARS_USED=0 -DCONFIG_BUF_LEN=65536 -DMAX_DOMAINS_F=21 -DMAX_HISTORY=25 -DNMM_NEST=0 -DWRF_CHEM -DBUILD_CHEM=1 -I. -traditional-cpp   module_io_quilt.G  > module_io_quilt.bb
/home/hnavarro/Desktop/WRF/BUILD_WRF/WRF/tools/standard.exe module_io_quilt.bb | /lib/cpp -P -nostdinc -traditional-cpp > module_io_quilt.f90
rm -f module_io_quilt.G module_io_quilt.bb
time mpif90 -f90=gfortran -o module_io_quilt.o -c -O2 -ftree-vectorize -funroll-loops -w -ffree-form -ffree-line-length-none -fconvert=big-endian -frecord-marker=4 -fallow-argument-mismatch -fallow-invalid-boz   -I../dyn_em  -I/home/hnavarro/Desktop/WRF/BUILD_WRF/WRF/external/esmf_time_f90  -I/home/hnavarro/Desktop/WRF/BUILD_WRF/WRF/main -I/home/hnavarro/Desktop/WRF/BUILD_WRF/WRF/external/io_netcdf -I/home/hnavarro/Desktop/WRF/BUILD_WRF/WRF/external/io_int -I/home/hnavarro/Desktop/WRF/BUILD_WRF/WRF/frame -I/home/hnavarro/Desktop/WRF/BUILD_WRF/WRF/share -I/home/hnavarro/Desktop/WRF/BUILD_WRF/WRF/phys -I/home/hnavarro/Desktop/WRF/BUILD_WRF/WRF/wrftladj -I/home/hnavarro/Desktop/WRF/BUILD_WRF/WRF/chem -I/home/hnavarro/Desktop/WRF/BUILD_WRF/WRF/inc -I/home/hnavarro/Desktop/WRF/Install-WRF-Chem/LIBRARIES/netcdf/include    module_io_quilt.f90
4.27user 0.15system 0:04.43elapsed 99%CPU (0avgtext+0avgdata 232276maxresident)k
0inputs+1096outputs (0major+67556minor)pagefaults 0swaps
rm -f ../external/RSL_LITE/feedback_domain_em_part1.o
sed -e "s/^\!.*'.*//" -e "s/^ *\!.*'.*//" ../external/RSL_LITE/feedback_domain_em_part1.F > ../external/RSL_LITE/feedback_domain_em_part1.G
/lib/cpp -P -nostdinc -I/home/hnavarro/Desktop/WRF/BUILD_WRF/WRF/inc -DEM_CORE=1 -DNMM_CORE=0 -DNMM_MAX_DIM=2600 -DDA_CORE=0 -DWRFPLUS=0 -DIWORDSIZE=4 -DDWORDSIZE=8 -DRWORDSIZE=4 -DLWORDSIZE=4 -DNONSTANDARD_SYSTEM_SUBR  -DWRF_USE_CLM  -DDM_PARALLEL -DNETCDF -DLANDREAD_STUB=1 -DUSE_ALLOCATABLES -Dwrfmodel -DGRIB1 -DINTIO -DKEEP_INT_AROUND -DLIMIT_ARGS -DBUILD_RRTMG_FAST=0 -DBUILD_RRTMK=0 -DBUILD_SBM_FAST=1 -DSHOW_ALL_VARS_USED=0 -DCONFIG_BUF_LEN=65536 -DMAX_DOMAINS_F=21 -DMAX_HISTORY=25 -DNMM_NEST=0 -DWRF_CHEM -DBUILD_CHEM=1 -I. -traditional-cpp   ../external/RSL_LITE/feedback_domain_em_part1.G  > ../external/RSL_LITE/feedback_domain_em_part1.bb
/home/hnavarro/Desktop/WRF/BUILD_WRF/WRF/tools/standard.exe ../external/RSL_LITE/feedback_domain_em_part1.bb | /lib/cpp -P -nostdinc -traditional-cpp > ../external/RSL_LITE/feedback_domain_em_part1.f90
rm -f ../external/RSL_LITE/feedback_domain_em_part1.G ../external/RSL_LITE/feedback_domain_em_part1.bb
time mpif90 -f90=gfortran -o ../external/RSL_LITE/feedback_domain_em_part1.o -c -O2 -ftree-vectorize -funroll-loops -w -ffree-form -ffree-line-length-none -fconvert=big-endian -frecord-marker=4 -fallow-argument-mismatch -fallow-invalid-boz   -I../dyn_em  -I/home/hnavarro/Desktop/WRF/BUILD_WRF/WRF/external/esmf_time_f90  -I/home/hnavarro/Desktop/WRF/BUILD_WRF/WRF/main -I/home/hnavarro/Desktop/WRF/BUILD_WRF/WRF/external/io_netcdf -I/home/hnavarro/Desktop/WRF/BUILD_WRF/WRF/external/io_int -I/home/hnavarro/Desktop/WRF/BUILD_WRF/WRF/frame -I/home/hnavarro/Desktop/WRF/BUILD_WRF/WRF/share -I/home/hnavarro/Desktop/WRF/BUILD_WRF/WRF/phys -I/home/hnavarro/Desktop/WRF/BUILD_WRF/WRF/wrftladj -I/home/hnavarro/Desktop/WRF/BUILD_WRF/WRF/chem -I/home/hnavarro/Desktop/WRF/BUILD_WRF/WRF/inc -I/home/hnavarro/Desktop/WRF/Install-WRF-Chem/LIBRARIES/netcdf/include    ../external/RSL_LITE/feedback_domain_em_part1.f90
8.75user 0.22system 0:09.00elapsed 99%CPU (0avgtext+0avgdata 395492maxresident)k
0inputs+5256outputs (0major+173042minor)pagefaults 0swaps
rm -f ../external/RSL_LITE/feedback_domain_em_part2.o
sed -e "s/^\!.*'.*//" -e "s/^ *\!.*'.*//" ../external/RSL_LITE/feedback_domain_em_part2.F > ../external/RSL_LITE/feedback_domain_em_part2.G
/lib/cpp -P -nostdinc -I/home/hnavarro/Desktop/WRF/BUILD_WRF/WRF/inc -DEM_CORE=1 -DNMM_CORE=0 -DNMM_MAX_DIM=2600 -DDA_CORE=0 -DWRFPLUS=0 -DIWORDSIZE=4 -DDWORDSIZE=8 -DRWORDSIZE=4 -DLWORDSIZE=4 -DNONSTANDARD_SYSTEM_SUBR  -DWRF_USE_CLM  -DDM_PARALLEL -DNETCDF -DLANDREAD_STUB=1 -DUSE_ALLOCATABLES -Dwrfmodel -DGRIB1 -DINTIO -DKEEP_INT_AROUND -DLIMIT_ARGS -DBUILD_RRTMG_FAST=0 -DBUILD_RRTMK=0 -DBUILD_SBM_FAST=1 -DSHOW_ALL_VARS_USED=0 -DCONFIG_BUF_LEN=65536 -DMAX_DOMAINS_F=21 -DMAX_HISTORY=25 -DNMM_NEST=0 -DWRF_CHEM -DBUILD_CHEM=1 -I. -traditional-cpp   ../external/RSL_LITE/feedback_domain_em_part2.G  > ../external/RSL_LITE/feedback_domain_em_part2.bb
/home/hnavarro/Desktop/WRF/BUILD_WRF/WRF/tools/standard.exe ../external/RSL_LITE/feedback_domain_em_part2.bb | /lib/cpp -P -nostdinc -traditional-cpp > ../external/RSL_LITE/feedback_domain_em_part2.f90
rm -f ../external/RSL_LITE/feedback_domain_em_part2.G ../external/RSL_LITE/feedback_domain_em_part2.bb
time mpif90 -f90=gfortran -o ../external/RSL_LITE/feedback_domain_em_part2.o -c -O2 -ftree-vectorize -funroll-loops -w -ffree-form -ffree-line-length-none -fconvert=big-endian -frecord-marker=4 -fallow-argument-mismatch -fallow-invalid-boz   -I../dyn_em  -I/home/hnavarro/Desktop/WRF/BUILD_WRF/WRF/external/esmf_time_f90  -I/home/hnavarro/Desktop/WRF/BUILD_WRF/WRF/main -I/home/hnavarro/Desktop/WRF/BUILD_WRF/WRF/external/io_netcdf -I/home/hnavarro/Desktop/WRF/BUILD_WRF/WRF/external/io_int -I/home/hnavarro/Desktop/WRF/BUILD_WRF/WRF/frame -I/home/hnavarro/Desktop/WRF/BUILD_WRF/WRF/share -I/home/hnavarro/Desktop/WRF/BUILD_WRF/WRF/phys -I/home/hnavarro/Desktop/WRF/BUILD_WRF/WRF/wrftladj -I/home/hnavarro/Desktop/WRF/BUILD_WRF/WRF/chem -I/home/hnavarro/Desktop/WRF/BUILD_WRF/WRF/inc -I/home/hnavarro/Desktop/WRF/Install-WRF-Chem/LIBRARIES/netcdf/include    ../external/RSL_LITE/feedback_domain_em_part2.f90
11.11user 0.32system 0:11.45elapsed 99%CPU (0avgtext+0avgdata 408348maxresident)k
0inputs+4384outputs (0major+229443minor)pagefaults 0swaps
rm -f ../external/RSL_LITE/force_domain_em_part2.o
sed -e "s/^\!.*'.*//" -e "s/^ *\!.*'.*//" ../external/RSL_LITE/force_domain_em_part2.F > ../external/RSL_LITE/force_domain_em_part2.G
/lib/cpp -P -nostdinc -I/home/hnavarro/Desktop/WRF/BUILD_WRF/WRF/inc -DEM_CORE=1 -DNMM_CORE=0 -DNMM_MAX_DIM=2600 -DDA_CORE=0 -DWRFPLUS=0 -DIWORDSIZE=4 -DDWORDSIZE=8 -DRWORDSIZE=4 -DLWORDSIZE=4 -DNONSTANDARD_SYSTEM_SUBR  -DWRF_USE_CLM  -DDM_PARALLEL -DNETCDF -DLANDREAD_STUB=1 -DUSE_ALLOCATABLES -Dwrfmodel -DGRIB1 -DINTIO -DKEEP_INT_AROUND -DLIMIT_ARGS -DBUILD_RRTMG_FAST=0 -DBUILD_RRTMK=0 -DBUILD_SBM_FAST=1 -DSHOW_ALL_VARS_USED=0 -DCONFIG_BUF_LEN=65536 -DMAX_DOMAINS_F=21 -DMAX_HISTORY=25 -DNMM_NEST=0 -DWRF_CHEM -DBUILD_CHEM=1 -I. -traditional-cpp   ../external/RSL_LITE/force_domain_em_part2.G  > ../external/RSL_LITE/force_domain_em_part2.bb
/home/hnavarro/Desktop/WRF/BUILD_WRF/WRF/tools/standard.exe ../external/RSL_LITE/force_domain_em_part2.bb | /lib/cpp -P -nostdinc -traditional-cpp > ../external/RSL_LITE/force_domain_em_part2.f90
rm -f ../external/RSL_LITE/force_domain_em_part2.G ../external/RSL_LITE/force_domain_em_part2.bb
time mpif90 -f90=gfortran -o ../external/RSL_LITE/force_domain_em_part2.o -c -O2 -ftree-vectorize -funroll-loops -w -ffree-form -ffree-line-length-none -fconvert=big-endian -frecord-marker=4 -fallow-argument-mismatch -fallow-invalid-boz   -I../dyn_em  -I/home/hnavarro/Desktop/WRF/BUILD_WRF/WRF/external/esmf_time_f90  -I/home/hnavarro/Desktop/WRF/BUILD_WRF/WRF/main -I/home/hnavarro/Desktop/WRF/BUILD_WRF/WRF/external/io_netcdf -I/home/hnavarro/Desktop/WRF/BUILD_WRF/WRF/external/io_int -I/home/hnavarro/Desktop/WRF/BUILD_WRF/WRF/frame -I/home/hnavarro/Desktop/WRF/BUILD_WRF/WRF/share -I/home/hnavarro/Desktop/WRF/BUILD_WRF/WRF/phys -I/home/hnavarro/Desktop/WRF/BUILD_WRF/WRF/wrftladj -I/home/hnavarro/Desktop/WRF/BUILD_WRF/WRF/chem -I/home/hnavarro/Desktop/WRF/BUILD_WRF/WRF/inc -I/home/hnavarro/Desktop/WRF/Install-WRF-Chem/LIBRARIES/netcdf/include    ../external/RSL_LITE/force_domain_em_part2.f90
7.23user 0.18system 0:07.42elapsed 99%CPU (0avgtext+0avgdata 302976maxresident)k
0inputs+2968outputs (0major+100809minor)pagefaults 0swaps
rm -f ../external/RSL_LITE/interp_domain_em_part1.o
sed -e "s/^\!.*'.*//" -e "s/^ *\!.*'.*//" ../external/RSL_LITE/interp_domain_em_part1.F > ../external/RSL_LITE/interp_domain_em_part1.G
/lib/cpp -P -nostdinc -I/home/hnavarro/Desktop/WRF/BUILD_WRF/WRF/inc -DEM_CORE=1 -DNMM_CORE=0 -DNMM_MAX_DIM=2600 -DDA_CORE=0 -DWRFPLUS=0 -DIWORDSIZE=4 -DDWORDSIZE=8 -DRWORDSIZE=4 -DLWORDSIZE=4 -DNONSTANDARD_SYSTEM_SUBR  -DWRF_USE_CLM  -DDM_PARALLEL -DNETCDF -DLANDREAD_STUB=1 -DUSE_ALLOCATABLES -Dwrfmodel -DGRIB1 -DINTIO -DKEEP_INT_AROUND -DLIMIT_ARGS -DBUILD_RRTMG_FAST=0 -DBUILD_RRTMK=0 -DBUILD_SBM_FAST=1 -DSHOW_ALL_VARS_USED=0 -DCONFIG_BUF_LEN=65536 -DMAX_DOMAINS_F=21 -DMAX_HISTORY=25 -DNMM_NEST=0 -DWRF_CHEM -DBUILD_CHEM=1 -I. -traditional-cpp   ../external/RSL_LITE/interp_domain_em_part1.G  > ../external/RSL_LITE/interp_domain_em_part1.bb
/home/hnavarro/Desktop/WRF/BUILD_WRF/WRF/tools/standard.exe ../external/RSL_LITE/interp_domain_em_part1.bb | /lib/cpp -P -nostdinc -traditional-cpp > ../external/RSL_LITE/interp_domain_em_part1.f90
rm -f ../external/RSL_LITE/interp_domain_em_part1.G ../external/RSL_LITE/interp_domain_em_part1.bb
time mpif90 -f90=gfortran -o ../external/RSL_LITE/interp_domain_em_part1.o -c -O2 -ftree-vectorize -funroll-loops -w -ffree-form -ffree-line-length-none -fconvert=big-endian -frecord-marker=4 -fallow-argument-mismatch -fallow-invalid-boz   -I../dyn_em  -I/home/hnavarro/Desktop/WRF/BUILD_WRF/WRF/external/esmf_time_f90  -I/home/hnavarro/Desktop/WRF/BUILD_WRF/WRF/main -I/home/hnavarro/Desktop/WRF/BUILD_WRF/WRF/external/io_netcdf -I/home/hnavarro/Desktop/WRF/BUILD_WRF/WRF/external/io_int -I/home/hnavarro/Desktop/WRF/BUILD_WRF/WRF/frame -I/home/hnavarro/Desktop/WRF/BUILD_WRF/WRF/share -I/home/hnavarro/Desktop/WRF/BUILD_WRF/WRF/phys -I/home/hnavarro/Desktop/WRF/BUILD_WRF/WRF/wrftladj -I/home/hnavarro/Desktop/WRF/BUILD_WRF/WRF/chem -I/home/hnavarro/Desktop/WRF/BUILD_WRF/WRF/inc -I/home/hnavarro/Desktop/WRF/Install-WRF-Chem/LIBRARIES/netcdf/include    ../external/RSL_LITE/interp_domain_em_part1.f90
5.64user 0.17system 0:05.81elapsed 99%CPU (0avgtext+0avgdata 240024maxresident)k
0inputs+1936outputs (0major+99418minor)pagefaults 0swaps
rm -f ../external/RSL_LITE/interp_domain_em_part2.o
sed -e "s/^\!.*'.*//" -e "s/^ *\!.*'.*//" ../external/RSL_LITE/interp_domain_em_part2.F > ../external/RSL_LITE/interp_domain_em_part2.G
/lib/cpp -P -nostdinc -I/home/hnavarro/Desktop/WRF/BUILD_WRF/WRF/inc -DEM_CORE=1 -DNMM_CORE=0 -DNMM_MAX_DIM=2600 -DDA_CORE=0 -DWRFPLUS=0 -DIWORDSIZE=4 -DDWORDSIZE=8 -DRWORDSIZE=4 -DLWORDSIZE=4 -DNONSTANDARD_SYSTEM_SUBR  -DWRF_USE_CLM  -DDM_PARALLEL -DNETCDF -DLANDREAD_STUB=1 -DUSE_ALLOCATABLES -Dwrfmodel -DGRIB1 -DINTIO -DKEEP_INT_AROUND -DLIMIT_ARGS -DBUILD_RRTMG_FAST=0 -DBUILD_RRTMK=0 -DBUILD_SBM_FAST=1 -DSHOW_ALL_VARS_USED=0 -DCONFIG_BUF_LEN=65536 -DMAX_DOMAINS_F=21 -DMAX_HISTORY=25 -DNMM_NEST=0 -DWRF_CHEM -DBUILD_CHEM=1 -I. -traditional-cpp   ../external/RSL_LITE/interp_domain_em_part2.G  > ../external/RSL_LITE/interp_domain_em_part2.bb
/home/hnavarro/Desktop/WRF/BUILD_WRF/WRF/tools/standard.exe ../external/RSL_LITE/interp_domain_em_part2.bb | /lib/cpp -P -nostdinc -traditional-cpp > ../external/RSL_LITE/interp_domain_em_part2.f90
rm -f ../external/RSL_LITE/interp_domain_em_part2.G ../external/RSL_LITE/interp_domain_em_part2.bb
time mpif90 -f90=gfortran -o ../external/RSL_LITE/interp_domain_em_part2.o -c -O2 -ftree-vectorize -funroll-loops -w -ffree-form -ffree-line-length-none -fconvert=big-endian -frecord-marker=4 -fallow-argument-mismatch -fallow-invalid-boz   -I../dyn_em  -I/home/hnavarro/Desktop/WRF/BUILD_WRF/WRF/external/esmf_time_f90  -I/home/hnavarro/Desktop/WRF/BUILD_WRF/WRF/main -I/home/hnavarro/Desktop/WRF/BUILD_WRF/WRF/external/io_netcdf -I/home/hnavarro/Desktop/WRF/BUILD_WRF/WRF/external/io_int -I/home/hnavarro/Desktop/WRF/BUILD_WRF/WRF/frame -I/home/hnavarro/Desktop/WRF/BUILD_WRF/WRF/share -I/home/hnavarro/Desktop/WRF/BUILD_WRF/WRF/phys -I/home/hnavarro/Desktop/WRF/BUILD_WRF/WRF/wrftladj -I/home/hnavarro/Desktop/WRF/BUILD_WRF/WRF/chem -I/home/hnavarro/Desktop/WRF/BUILD_WRF/WRF/inc -I/home/hnavarro/Desktop/WRF/Install-WRF-Chem/LIBRARIES/netcdf/include    ../external/RSL_LITE/interp_domain_em_part2.f90
6.38user 0.16system 0:06.56elapsed 99%CPU (0avgtext+0avgdata 258084maxresident)k
0inputs+2416outputs (0major+83883minor)pagefaults 0swaps
rm -f ../external/RSL_LITE/interp_domain_em_part3.o
sed -e "s/^\!.*'.*//" -e "s/^ *\!.*'.*//" ../external/RSL_LITE/interp_domain_em_part3.F > ../external/RSL_LITE/interp_domain_em_part3.G
/lib/cpp -P -nostdinc -I/home/hnavarro/Desktop/WRF/BUILD_WRF/WRF/inc -DEM_CORE=1 -DNMM_CORE=0 -DNMM_MAX_DIM=2600 -DDA_CORE=0 -DWRFPLUS=0 -DIWORDSIZE=4 -DDWORDSIZE=8 -DRWORDSIZE=4 -DLWORDSIZE=4 -DNONSTANDARD_SYSTEM_SUBR  -DWRF_USE_CLM  -DDM_PARALLEL -DNETCDF -DLANDREAD_STUB=1 -DUSE_ALLOCATABLES -Dwrfmodel -DGRIB1 -DINTIO -DKEEP_INT_AROUND -DLIMIT_ARGS -DBUILD_RRTMG_FAST=0 -DBUILD_RRTMK=0 -DBUILD_SBM_FAST=1 -DSHOW_ALL_VARS_USED=0 -DCONFIG_BUF_LEN=65536 -DMAX_DOMAINS_F=21 -DMAX_HISTORY=25 -DNMM_NEST=0 -DWRF_CHEM -DBUILD_CHEM=1 -I. -traditional-cpp   ../external/RSL_LITE/interp_domain_em_part3.G  > ../external/RSL_LITE/interp_domain_em_part3.bb
/home/hnavarro/Desktop/WRF/BUILD_WRF/WRF/tools/standard.exe ../external/RSL_LITE/interp_domain_em_part3.bb | /lib/cpp -P -nostdinc -traditional-cpp > ../external/RSL_LITE/interp_domain_em_part3.f90
rm -f ../external/RSL_LITE/interp_domain_em_part3.G ../external/RSL_LITE/interp_domain_em_part3.bb
time mpif90 -f90=gfortran -o ../external/RSL_LITE/interp_domain_em_part3.o -c -O2 -ftree-vectorize -funroll-loops -w -ffree-form -ffree-line-length-none -fconvert=big-endian -frecord-marker=4 -fallow-argument-mismatch -fallow-invalid-boz   -I../dyn_em  -I/home/hnavarro/Desktop/WRF/BUILD_WRF/WRF/external/esmf_time_f90  -I/home/hnavarro/Desktop/WRF/BUILD_WRF/WRF/main -I/home/hnavarro/Desktop/WRF/BUILD_WRF/WRF/external/io_netcdf -I/home/hnavarro/Desktop/WRF/BUILD_WRF/WRF/external/io_int -I/home/hnavarro/Desktop/WRF/BUILD_WRF/WRF/frame -I/home/hnavarro/Desktop/WRF/BUILD_WRF/WRF/share -I/home/hnavarro/Desktop/WRF/BUILD_WRF/WRF/phys -I/home/hnavarro/Desktop/WRF/BUILD_WRF/WRF/wrftladj -I/home/hnavarro/Desktop/WRF/BUILD_WRF/WRF/chem -I/home/hnavarro/Desktop/WRF/BUILD_WRF/WRF/inc -I/home/hnavarro/Desktop/WRF/Install-WRF-Chem/LIBRARIES/netcdf/include    ../external/RSL_LITE/interp_domain_em_part3.f90
10.36user 0.29system 0:10.67elapsed 99%CPU (0avgtext+0avgdata 438148maxresident)k
0inputs+6696outputs (0major+189345minor)pagefaults 0swaps
rm -f ../external/RSL_LITE/interp_domain_em_small.o
sed -e "s/^\!.*'.*//" -e "s/^ *\!.*'.*//" ../external/RSL_LITE/interp_domain_em_small.F > ../external/RSL_LITE/interp_domain_em_small.G
/lib/cpp -P -nostdinc -I/home/hnavarro/Desktop/WRF/BUILD_WRF/WRF/inc -DEM_CORE=1 -DNMM_CORE=0 -DNMM_MAX_DIM=2600 -DDA_CORE=0 -DWRFPLUS=0 -DIWORDSIZE=4 -DDWORDSIZE=8 -DRWORDSIZE=4 -DLWORDSIZE=4 -DNONSTANDARD_SYSTEM_SUBR  -DWRF_USE_CLM  -DDM_PARALLEL -DNETCDF -DLANDREAD_STUB=1 -DUSE_ALLOCATABLES -Dwrfmodel -DGRIB1 -DINTIO -DKEEP_INT_AROUND -DLIMIT_ARGS -DBUILD_RRTMG_FAST=0 -DBUILD_RRTMK=0 -DBUILD_SBM_FAST=1 -DSHOW_ALL_VARS_USED=0 -DCONFIG_BUF_LEN=65536 -DMAX_DOMAINS_F=21 -DMAX_HISTORY=25 -DNMM_NEST=0 -DWRF_CHEM -DBUILD_CHEM=1 -I. -traditional-cpp   ../external/RSL_LITE/interp_domain_em_small.G  > ../external/RSL_LITE/interp_domain_em_small.bb
/home/hnavarro/Desktop/WRF/BUILD_WRF/WRF/tools/standard.exe ../external/RSL_LITE/interp_domain_em_small.bb | /lib/cpp -P -nostdinc -traditional-cpp > ../external/RSL_LITE/interp_domain_em_small.f90
rm -f ../external/RSL_LITE/interp_domain_em_small.G ../external/RSL_LITE/interp_domain_em_small.bb
time mpif90 -f90=gfortran -o ../external/RSL_LITE/interp_domain_em_small.o -c -O2 -ftree-vectorize -funroll-loops -w -ffree-form -ffree-line-length-none -fconvert=big-endian -frecord-marker=4 -fallow-argument-mismatch -fallow-invalid-boz   -I../dyn_em  -I/home/hnavarro/Desktop/WRF/BUILD_WRF/WRF/external/esmf_time_f90  -I/home/hnavarro/Desktop/WRF/BUILD_WRF/WRF/main -I/home/hnavarro/Desktop/WRF/BUILD_WRF/WRF/external/io_netcdf -I/home/hnavarro/Desktop/WRF/BUILD_WRF/WRF/external/io_int -I/home/hnavarro/Desktop/WRF/BUILD_WRF/WRF/frame -I/home/hnavarro/Desktop/WRF/BUILD_WRF/WRF/share -I/home/hnavarro/Desktop/WRF/BUILD_WRF/WRF/phys -I/home/hnavarro/Desktop/WRF/BUILD_WRF/WRF/wrftladj -I/home/hnavarro/Desktop/WRF/BUILD_WRF/WRF/chem -I/home/hnavarro/Desktop/WRF/BUILD_WRF/WRF/inc -I/home/hnavarro/Desktop/WRF/Install-WRF-Chem/LIBRARIES/netcdf/include    ../external/RSL_LITE/interp_domain_em_small.f90
3.11user 0.12system 0:03.24elapsed 99%CPU (0avgtext+0avgdata 318632maxresident)k
0inputs+168outputs (0major+90989minor)pagefaults 0swaps
89.31user 0.49system 1:29.96elapsed 99%CPU (0avgtext+0avgdata 689492maxresident)k
0inputs+2536outputs (0major+229147minor)pagefaults 0swaps
ar ru ../main/libwrflib.a module_driver_constants.o module_domain_type.o module_streams.o module_domain.o  module_integrate.o module_timing.o module_configure.o module_tiles.o module_machine.o module_nesting.o module_wrf_error.o module_state_description.o module_sm.o module_io.o module_comm_dm.o module_comm_dm_0.o module_comm_dm_1.o module_comm_dm_2.o module_comm_dm_3.o module_comm_dm_4.o module_comm_nesting_dm.o module_dm.o module_quilt_outbuf_ops.o module_io_quilt.o module_cpl.o module_cpl_oasis3.o module_clear_halos.o wrf_num_bytes_between.o wrf_shutdown.o wrf_debug.o libmassv.o collect_on_comm.o hires_timer.o clog.o nl_get_0_routines.o nl_get_1_routines.o nl_get_2_routines.o nl_get_3_routines.o nl_get_4_routines.o nl_get_5_routines.o nl_get_6_routines.o nl_get_7_routines.o nl_set_0_routines.o nl_set_1_routines.o nl_set_2_routines.o nl_set_3_routines.o nl_set_4_routines.o nl_set_5_routines.o nl_set_6_routines.o nl_set_7_routines.o ../inc/allocs_0.o ../inc/allocs_1.o ../inc/allocs_2.o ../inc/allocs_3.o ../inc/allocs_4.o ../inc/allocs_5.o ../inc/allocs_6.o ../inc/allocs_7.o ../inc/allocs_8.o ../inc/allocs_9.o ../inc/allocs_10.o ../inc/allocs_11.o ../inc/allocs_12.o ../inc/allocs_13.o ../inc/allocs_14.o ../inc/allocs_15.o ../inc/allocs_16.o ../inc/allocs_17.o ../inc/allocs_18.o ../inc/allocs_19.o ../inc/allocs_20.o ../inc/allocs_21.o ../inc/allocs_22.o ../inc/allocs_23.o ../inc/allocs_24.o ../inc/allocs_25.o ../inc/allocs_26.o ../inc/allocs_27.o ../inc/allocs_28.o ../inc/allocs_29.o ../inc/allocs_30.o ../inc/allocs_31.o ../inc/deallocs_0.o ../inc/deallocs_1.o ../inc/deallocs_2.o ../inc/deallocs_3.o ../inc/deallocs_4.o ../inc/deallocs_5.o ../inc/deallocs_6.o ../inc/deallocs_7.o ../inc/deallocs_8.o ../inc/deallocs_9.o ../inc/deallocs_10.o ../inc/deallocs_11.o  ../external/RSL_LITE/feedback_domain_em_part1.o ../external/RSL_LITE/feedback_domain_em_part2.o ../external/RSL_LITE/force_domain_em_part2.o ../external/RSL_LITE/interp_domain_em_part1.o ../external/RSL_LITE/interp_domain_em_part2.o ../external/RSL_LITE/interp_domain_em_part3.o ../external/RSL_LITE/interp_domain_em_small.o
ar: `u' modifier ignored since `D' is the default (see `U')
ar: creating ../main/libwrflib.a
ranlib ../main/libwrflib.a
make[2]: Leaving directory '/home/hnavarro/Desktop/WRF/BUILD_WRF/WRF/frame'
make[2]: Entering directory '/home/hnavarro/Desktop/WRF/BUILD_WRF/WRF/external/io_netcdf'
x=`echo "time mpif90 -f90=gfortran -w -ffree-form -ffree-line-length-none -fconvert=big-endian -frecord-marker=4 -fallow-argument-mismatch -fallow-invalid-boz    " | awk '{print $1}'` ; export x ; \
if [ $x = "gfortran" ] ; then \
           echo removing external declaration of iargc for gfortran ; \
   /lib/cpp -P -nostdinc -P -traditional-cpp -I/home/hnavarro/Desktop/WRF/Install-WRF-Chem/LIBRARIES/netcdf/include -I../ioapi_share diffwrf.F90 | sed '/integer *, *external.*iargc/d' > diffwrf.f ;\
        else \
   /lib/cpp -P -nostdinc -P -traditional-cpp -I/home/hnavarro/Desktop/WRF/Install-WRF-Chem/LIBRARIES/netcdf/include -I../ioapi_share diffwrf.F90 > diffwrf.f ; \
        fi
time mpif90 -f90=gfortran -w -ffree-form -ffree-line-length-none -fconvert=big-endian -frecord-marker=4 -fallow-argument-mismatch -fallow-invalid-boz     -c  -I/home/hnavarro/Desktop/WRF/Install-WRF-Chem/LIBRARIES/netcdf/include -I../ioapi_share diffwrf.f
0.09user 0.04system 0:00.13elapsed 100%CPU (0avgtext+0avgdata 35432maxresident)k
0inputs+352outputs (0major+7755minor)pagefaults 0swaps
diffwrf io_netcdf is being built now. 
0.05user 0.07system 0:00.12elapsed 98%CPU (0avgtext+0avgdata 17752maxresident)k
824inputs+2584outputs (3major+12170minor)pagefaults 0swaps
make[2]: Leaving directory '/home/hnavarro/Desktop/WRF/BUILD_WRF/WRF/external/io_netcdf'
make[2]: Entering directory '/home/hnavarro/Desktop/WRF/BUILD_WRF/WRF/external/io_netcdf'
make[2]: Nothing to be done for 'all'.
make[2]: Leaving directory '/home/hnavarro/Desktop/WRF/BUILD_WRF/WRF/external/io_netcdf'
SKIPPING make -i -r NETCDFPARPATH=/home/hnavarro/Desktop/WRF/Install-WRF-Chem/LIBRARIES/netcdf NETCDF4_DEP_LIB= FC=time mpif90 -f90=gfortran -w -ffree-form -ffree-line-length-none -fconvert=big-endian -frecord-marker=4 -fallow-argument-mismatch -fallow-invalid-boz     RANLIB=ranlib CPP=/lib/cpp -P -nostdinc LDFLAGS= -O2 -ftree-vectorize -funroll-loops -w -ffree-form -ffree-line-length-none -fconvert=big-endian -frecord-marker=4 -fallow-argument-mismatch -fallow-invalid-boz    TRADFLAG=-traditional-cpp ESMF_IO_LIB_EXT=-L/home/hnavarro/Desktop/WRF/BUILD_WRF/WRF/external/esmf_time_f90 -lesmf_time LIB_LOCAL= ESMF_MOD_DEPENDENCE=/home/hnavarro/Desktop/WRF/BUILD_WRF/WRF/external/esmf_time_f90/module_utility.o AR=INTERNAL_BUILD_ERROR_SHOULD_NOT_NEED_AR diffwrf
SKIPPING make -i -r NETCDFPARPATH=/home/hnavarro/Desktop/WRF/Install-WRF-Chem/LIBRARIES/netcdf NETCDF4_DEP_LIB= FC=gfortran -w -ffree-form -ffree-line-length-none -fconvert=big-endian -frecord-marker=4 -fallow-argument-mismatch -fallow-invalid-boz     RANLIB=ranlib CPP=/lib/cpp -P -nostdinc LDFLAGS= -O2 -ftree-vectorize -funroll-loops -w -ffree-form -ffree-line-length-none -fconvert=big-endian -frecord-marker=4 -fallow-argument-mismatch -fallow-invalid-boz    TRADFLAG=-traditional-cpp ESMF_IO_LIB_EXT=-L/home/hnavarro/Desktop/WRF/BUILD_WRF/WRF/external/esmf_time_f90 -lesmf_time LIB_LOCAL= ESMF_MOD_DEPENDENCE=/home/hnavarro/Desktop/WRF/BUILD_WRF/WRF/external/esmf_time_f90/module_utility.o AR=INTERNAL_BUILD_ERROR_SHOULD_NOT_NEED_AR
SKIPPING PIO BUILD make -i -r NETCDFPATH= NETCDF4_DEP_LIB= FC=gfortran -w -ffree-form -ffree-line-length-none -fconvert=big-endian -frecord-marker=4 -fallow-argument-mismatch -fallow-invalid-boz     RANLIB=ranlib CPP=/lib/cpp -P -nostdinc LDFLAGS= -O2 -ftree-vectorize -funroll-loops -w -ffree-form -ffree-line-length-none -fconvert=big-endian -frecord-marker=4 -fallow-argument-mismatch -fallow-invalid-boz    TRADFLAG=-traditional-cpp ESMF_IO_LIB_EXT=-L/home/hnavarro/Desktop/WRF/BUILD_WRF/WRF/external/esmf_time_f90 -lesmf_time LIB_LOCAL= ESMF_MOD_DEPENDENCE=/home/hnavarro/Desktop/WRF/BUILD_WRF/WRF/external/esmf_time_f90/module_utility.o AR=INTERNAL_BUILD_ERROR_SHOULD_NOT_NEED_AR
make[2]: Entering directory '/home/hnavarro/Desktop/WRF/BUILD_WRF/WRF/external/io_int'
if [ -f ../../frame/pack_utils.o -a -f ../../frame/clog.o ] ; then \
  gfortran -w -ffree-form -ffree-line-length-none -fconvert=big-endian -frecord-marker=4 -fallow-argument-mismatch -fallow-invalid-boz       -O2 -ftree-vectorize -funroll-loops -w -ffree-form -ffree-line-length-none -fconvert=big-endian -frecord-marker=4 -fallow-argument-mismatch -fallow-invalid-boz    -I../ioapi_share -o diffwrf diffwrf.f \
	../../frame/pack_utils.o ../../frame/module_internal_header_util.o ../../frame/module_driver_constants.o ../../frame/module_machine.o ../../frame/module_wrf_error.o ../../frame/wrf_debug.o -L/home/hnavarro/Desktop/WRF/BUILD_WRF/WRF/external/esmf_time_f90 -lesmf_time libwrfio_int.a ; \
fi
make[2]: Leaving directory '/home/hnavarro/Desktop/WRF/BUILD_WRF/WRF/external/io_int'
make[1]: Leaving directory '/home/hnavarro/Desktop/WRF/BUILD_WRF/WRF'
make -i -r MODULE_DIRS="-I../dyn_em  -I/home/hnavarro/Desktop/WRF/BUILD_WRF/WRF/external/esmf_time_f90  -I/home/hnavarro/Desktop/WRF/BUILD_WRF/WRF/main -I/home/hnavarro/Desktop/WRF/BUILD_WRF/WRF/external/io_netcdf -I/home/hnavarro/Desktop/WRF/BUILD_WRF/WRF/external/io_int -I/home/hnavarro/Desktop/WRF/BUILD_WRF/WRF/frame -I/home/hnavarro/Desktop/WRF/BUILD_WRF/WRF/share -I/home/hnavarro/Desktop/WRF/BUILD_WRF/WRF/phys -I/home/hnavarro/Desktop/WRF/BUILD_WRF/WRF/wrftladj -I/home/hnavarro/Desktop/WRF/BUILD_WRF/WRF/chem -I/home/hnavarro/Desktop/WRF/BUILD_WRF/WRF/inc -I/home/hnavarro/Desktop/WRF/Install-WRF-Chem/LIBRARIES/netcdf/include " shared
make[1]: Entering directory '/home/hnavarro/Desktop/WRF/BUILD_WRF/WRF'
--------------------------------------
if [ "`echo -j 2 | sed -e 's/-j//g' -e 's/ \+//g'`" -gt "6" ] ; then \
  if [ 0 -eq 0 ]   ; then \
   ( cd share ; make -i -r -j 6 PERTMOD=" " ) ;  \
  else \
   ( cd share ; make -i -r -j 6 PERTMOD="../dyn_em/module_bc_em.o ../wrftladj/mediation_pertmod_io.o" ) ;  \
  fi \
else \
  if [ 0 -eq 0 ]   ; then \
   ( cd share ; make -i -r -j 2 PERTMOD=" " ) ;  \
  else \
   ( cd share ; make -i -r -j 2 PERTMOD="../dyn_em/module_bc_em.o ../wrftladj/mediation_pertmod_io.o" ) ;  \
  fi \
fi
make[2]: Entering directory '/home/hnavarro/Desktop/WRF/BUILD_WRF/WRF/share'
rm -f module_bc_time_utilities.o
rm -f module_get_file_names.o
sed -e "s/^\!.*'.*//" -e "s/^ *\!.*'.*//" module_bc_time_utilities.F > module_bc_time_utilities.G
sed -e "s/^\!.*'.*//" -e "s/^ *\!.*'.*//" module_get_file_names.F > module_get_file_names.G
/lib/cpp -P -nostdinc -I/home/hnavarro/Desktop/WRF/BUILD_WRF/WRF/inc -DEM_CORE=1 -DNMM_CORE=0 -DNMM_MAX_DIM=2600 -DDA_CORE=0 -DWRFPLUS=0 -DIWORDSIZE=4 -DDWORDSIZE=8 -DRWORDSIZE=4 -DLWORDSIZE=4 -DNONSTANDARD_SYSTEM_SUBR  -DWRF_USE_CLM  -DDM_PARALLEL -DNETCDF -DLANDREAD_STUB=1 -DUSE_ALLOCATABLES -Dwrfmodel -DGRIB1 -DINTIO -DKEEP_INT_AROUND -DLIMIT_ARGS -DBUILD_RRTMG_FAST=0 -DBUILD_RRTMK=0 -DBUILD_SBM_FAST=1 -DSHOW_ALL_VARS_USED=0 -DCONFIG_BUF_LEN=65536 -DMAX_DOMAINS_F=21 -DMAX_HISTORY=25 -DNMM_NEST=0 -DWRF_CHEM -DBUILD_CHEM=1 -I. -traditional-cpp   module_bc_time_utilities.G  > module_bc_time_utilities.bb
/lib/cpp -P -nostdinc -I/home/hnavarro/Desktop/WRF/BUILD_WRF/WRF/inc -DEM_CORE=1 -DNMM_CORE=0 -DNMM_MAX_DIM=2600 -DDA_CORE=0 -DWRFPLUS=0 -DIWORDSIZE=4 -DDWORDSIZE=8 -DRWORDSIZE=4 -DLWORDSIZE=4 -DNONSTANDARD_SYSTEM_SUBR  -DWRF_USE_CLM  -DDM_PARALLEL -DNETCDF -DLANDREAD_STUB=1 -DUSE_ALLOCATABLES -Dwrfmodel -DGRIB1 -DINTIO -DKEEP_INT_AROUND -DLIMIT_ARGS -DBUILD_RRTMG_FAST=0 -DBUILD_RRTMK=0 -DBUILD_SBM_FAST=1 -DSHOW_ALL_VARS_USED=0 -DCONFIG_BUF_LEN=65536 -DMAX_DOMAINS_F=21 -DMAX_HISTORY=25 -DNMM_NEST=0 -DWRF_CHEM -DBUILD_CHEM=1 -I. -traditional-cpp   module_get_file_names.G  > module_get_file_names.bb
/home/hnavarro/Desktop/WRF/BUILD_WRF/WRF/tools/standard.exe module_bc_time_utilities.bb | /lib/cpp -P -nostdinc -traditional-cpp > module_bc_time_utilities.f90
/home/hnavarro/Desktop/WRF/BUILD_WRF/WRF/tools/standard.exe module_get_file_names.bb | /lib/cpp -P -nostdinc -traditional-cpp > module_get_file_names.f90
rm -f module_bc_time_utilities.G module_bc_time_utilities.bb
rm -f module_get_file_names.G module_get_file_names.bb
time mpif90 -f90=gfortran -o module_bc_time_utilities.o -c -O2 -ftree-vectorize -funroll-loops -w -ffree-form -ffree-line-length-none -fconvert=big-endian -frecord-marker=4 -fallow-argument-mismatch -fallow-invalid-boz   -I../dyn_em  -I/home/hnavarro/Desktop/WRF/BUILD_WRF/WRF/external/esmf_time_f90  -I/home/hnavarro/Desktop/WRF/BUILD_WRF/WRF/main -I/home/hnavarro/Desktop/WRF/BUILD_WRF/WRF/external/io_netcdf -I/home/hnavarro/Desktop/WRF/BUILD_WRF/WRF/external/io_int -I/home/hnavarro/Desktop/WRF/BUILD_WRF/WRF/frame -I/home/hnavarro/Desktop/WRF/BUILD_WRF/WRF/share -I/home/hnavarro/Desktop/WRF/BUILD_WRF/WRF/phys -I/home/hnavarro/Desktop/WRF/BUILD_WRF/WRF/wrftladj -I/home/hnavarro/Desktop/WRF/BUILD_WRF/WRF/chem -I/home/hnavarro/Desktop/WRF/BUILD_WRF/WRF/inc -I/home/hnavarro/Desktop/WRF/Install-WRF-Chem/LIBRARIES/netcdf/include    module_bc_time_utilities.f90
time mpif90 -f90=gfortran -o module_get_file_names.o -c -O2 -ftree-vectorize -funroll-loops -w -ffree-form -ffree-line-length-none -fconvert=big-endian -frecord-marker=4 -fallow-argument-mismatch -fallow-invalid-boz   -I../dyn_em  -I/home/hnavarro/Desktop/WRF/BUILD_WRF/WRF/external/esmf_time_f90  -I/home/hnavarro/Desktop/WRF/BUILD_WRF/WRF/main -I/home/hnavarro/Desktop/WRF/BUILD_WRF/WRF/external/io_netcdf -I/home/hnavarro/Desktop/WRF/BUILD_WRF/WRF/external/io_int -I/home/hnavarro/Desktop/WRF/BUILD_WRF/WRF/frame -I/home/hnavarro/Desktop/WRF/BUILD_WRF/WRF/share -I/home/hnavarro/Desktop/WRF/BUILD_WRF/WRF/phys -I/home/hnavarro/Desktop/WRF/BUILD_WRF/WRF/wrftladj -I/home/hnavarro/Desktop/WRF/BUILD_WRF/WRF/chem -I/home/hnavarro/Desktop/WRF/BUILD_WRF/WRF/inc -I/home/hnavarro/Desktop/WRF/Install-WRF-Chem/LIBRARIES/netcdf/include    module_get_file_names.f90
0.06user 0.09system 0:00.15elapsed 103%CPU (0avgtext+0avgdata 25812maxresident)k
0inputs+56outputs (0major+7844minor)pagefaults 0swaps
rm -f module_compute_geop.o
sed -e "s/^\!.*'.*//" -e "s/^ *\!.*'.*//" module_compute_geop.F > module_compute_geop.G
/lib/cpp -P -nostdinc -I/home/hnavarro/Desktop/WRF/BUILD_WRF/WRF/inc -DEM_CORE=1 -DNMM_CORE=0 -DNMM_MAX_DIM=2600 -DDA_CORE=0 -DWRFPLUS=0 -DIWORDSIZE=4 -DDWORDSIZE=8 -DRWORDSIZE=4 -DLWORDSIZE=4 -DNONSTANDARD_SYSTEM_SUBR  -DWRF_USE_CLM  -DDM_PARALLEL -DNETCDF -DLANDREAD_STUB=1 -DUSE_ALLOCATABLES -Dwrfmodel -DGRIB1 -DINTIO -DKEEP_INT_AROUND -DLIMIT_ARGS -DBUILD_RRTMG_FAST=0 -DBUILD_RRTMK=0 -DBUILD_SBM_FAST=1 -DSHOW_ALL_VARS_USED=0 -DCONFIG_BUF_LEN=65536 -DMAX_DOMAINS_F=21 -DMAX_HISTORY=25 -DNMM_NEST=0 -DWRF_CHEM -DBUILD_CHEM=1 -I. -traditional-cpp   module_compute_geop.G  > module_compute_geop.bb
/home/hnavarro/Desktop/WRF/BUILD_WRF/WRF/tools/standard.exe module_compute_geop.bb | /lib/cpp -P -nostdinc -traditional-cpp > module_compute_geop.f90
rm -f module_compute_geop.G module_compute_geop.bb
time mpif90 -f90=gfortran -o module_compute_geop.o -c -O2 -ftree-vectorize -funroll-loops -w -ffree-form -ffree-line-length-none -fconvert=big-endian -frecord-marker=4 -fallow-argument-mismatch -fallow-invalid-boz   -I../dyn_em  -I/home/hnavarro/Desktop/WRF/BUILD_WRF/WRF/external/esmf_time_f90  -I/home/hnavarro/Desktop/WRF/BUILD_WRF/WRF/main -I/home/hnavarro/Desktop/WRF/BUILD_WRF/WRF/external/io_netcdf -I/home/hnavarro/Desktop/WRF/BUILD_WRF/WRF/external/io_int -I/home/hnavarro/Desktop/WRF/BUILD_WRF/WRF/frame -I/home/hnavarro/Desktop/WRF/BUILD_WRF/WRF/share -I/home/hnavarro/Desktop/WRF/BUILD_WRF/WRF/phys -I/home/hnavarro/Desktop/WRF/BUILD_WRF/WRF/wrftladj -I/home/hnavarro/Desktop/WRF/BUILD_WRF/WRF/chem -I/home/hnavarro/Desktop/WRF/BUILD_WRF/WRF/inc -I/home/hnavarro/Desktop/WRF/Install-WRF-Chem/LIBRARIES/netcdf/include    module_compute_geop.f90
0.14user 0.11system 0:00.25elapsed 101%CPU (0avgtext+0avgdata 30336maxresident)k
0inputs+80outputs (0major+8486minor)pagefaults 0swaps
rm -f module_chem_share.o
sed -e "s/^\!.*'.*//" -e "s/^ *\!.*'.*//" module_chem_share.F > module_chem_share.G
/lib/cpp -P -nostdinc -I/home/hnavarro/Desktop/WRF/BUILD_WRF/WRF/inc -DEM_CORE=1 -DNMM_CORE=0 -DNMM_MAX_DIM=2600 -DDA_CORE=0 -DWRFPLUS=0 -DIWORDSIZE=4 -DDWORDSIZE=8 -DRWORDSIZE=4 -DLWORDSIZE=4 -DNONSTANDARD_SYSTEM_SUBR  -DWRF_USE_CLM  -DDM_PARALLEL -DNETCDF -DLANDREAD_STUB=1 -DUSE_ALLOCATABLES -Dwrfmodel -DGRIB1 -DINTIO -DKEEP_INT_AROUND -DLIMIT_ARGS -DBUILD_RRTMG_FAST=0 -DBUILD_RRTMK=0 -DBUILD_SBM_FAST=1 -DSHOW_ALL_VARS_USED=0 -DCONFIG_BUF_LEN=65536 -DMAX_DOMAINS_F=21 -DMAX_HISTORY=25 -DNMM_NEST=0 -DWRF_CHEM -DBUILD_CHEM=1 -I. -traditional-cpp   module_chem_share.G  > module_chem_share.bb
/home/hnavarro/Desktop/WRF/BUILD_WRF/WRF/tools/standard.exe module_chem_share.bb | /lib/cpp -P -nostdinc -traditional-cpp > module_chem_share.f90
rm -f module_chem_share.G module_chem_share.bb
time mpif90 -f90=gfortran -o module_chem_share.o -c -O2 -ftree-vectorize -funroll-loops -w -ffree-form -ffree-line-length-none -fconvert=big-endian -frecord-marker=4 -fallow-argument-mismatch -fallow-invalid-boz   -I../dyn_em  -I/home/hnavarro/Desktop/WRF/BUILD_WRF/WRF/external/esmf_time_f90  -I/home/hnavarro/Desktop/WRF/BUILD_WRF/WRF/main -I/home/hnavarro/Desktop/WRF/BUILD_WRF/WRF/external/io_netcdf -I/home/hnavarro/Desktop/WRF/BUILD_WRF/WRF/external/io_int -I/home/hnavarro/Desktop/WRF/BUILD_WRF/WRF/frame -I/home/hnavarro/Desktop/WRF/BUILD_WRF/WRF/share -I/home/hnavarro/Desktop/WRF/BUILD_WRF/WRF/phys -I/home/hnavarro/Desktop/WRF/BUILD_WRF/WRF/wrftladj -I/home/hnavarro/Desktop/WRF/BUILD_WRF/WRF/chem -I/home/hnavarro/Desktop/WRF/BUILD_WRF/WRF/inc -I/home/hnavarro/Desktop/WRF/Install-WRF-Chem/LIBRARIES/netcdf/include    module_chem_share.f90
0.08user 0.05system 0:00.15elapsed 95%CPU (0avgtext+0avgdata 30336maxresident)k
0inputs+56outputs (0major+8270minor)pagefaults 0swaps
rm -f ../phys/module_bep_bem_helper.o
sed -e "s/^\!.*'.*//" -e "s/^ *\!.*'.*//" ../phys/module_bep_bem_helper.F > ../phys/module_bep_bem_helper.G
/lib/cpp -P -nostdinc -I/home/hnavarro/Desktop/WRF/BUILD_WRF/WRF/inc -DEM_CORE=1 -DNMM_CORE=0 -DNMM_MAX_DIM=2600 -DDA_CORE=0 -DWRFPLUS=0 -DIWORDSIZE=4 -DDWORDSIZE=8 -DRWORDSIZE=4 -DLWORDSIZE=4 -DNONSTANDARD_SYSTEM_SUBR  -DWRF_USE_CLM  -DDM_PARALLEL -DNETCDF -DLANDREAD_STUB=1 -DUSE_ALLOCATABLES -Dwrfmodel -DGRIB1 -DINTIO -DKEEP_INT_AROUND -DLIMIT_ARGS -DBUILD_RRTMG_FAST=0 -DBUILD_RRTMK=0 -DBUILD_SBM_FAST=1 -DSHOW_ALL_VARS_USED=0 -DCONFIG_BUF_LEN=65536 -DMAX_DOMAINS_F=21 -DMAX_HISTORY=25 -DNMM_NEST=0 -DWRF_CHEM -DBUILD_CHEM=1 -I. -traditional-cpp   ../phys/module_bep_bem_helper.G  > ../phys/module_bep_bem_helper.bb
/home/hnavarro/Desktop/WRF/BUILD_WRF/WRF/tools/standard.exe ../phys/module_bep_bem_helper.bb | /lib/cpp -P -nostdinc -traditional-cpp > ../phys/module_bep_bem_helper.f90
rm -f ../phys/module_bep_bem_helper.G ../phys/module_bep_bem_helper.bb
time mpif90 -f90=gfortran -o ../phys/module_bep_bem_helper.o -c -O2 -ftree-vectorize -funroll-loops -w -ffree-form -ffree-line-length-none -fconvert=big-endian -frecord-marker=4 -fallow-argument-mismatch -fallow-invalid-boz   -I../dyn_em  -I/home/hnavarro/Desktop/WRF/BUILD_WRF/WRF/external/esmf_time_f90  -I/home/hnavarro/Desktop/WRF/BUILD_WRF/WRF/main -I/home/hnavarro/Desktop/WRF/BUILD_WRF/WRF/external/io_netcdf -I/home/hnavarro/Desktop/WRF/BUILD_WRF/WRF/external/io_int -I/home/hnavarro/Desktop/WRF/BUILD_WRF/WRF/frame -I/home/hnavarro/Desktop/WRF/BUILD_WRF/WRF/share -I/home/hnavarro/Desktop/WRF/BUILD_WRF/WRF/phys -I/home/hnavarro/Desktop/WRF/BUILD_WRF/WRF/wrftladj -I/home/hnavarro/Desktop/WRF/BUILD_WRF/WRF/chem -I/home/hnavarro/Desktop/WRF/BUILD_WRF/WRF/inc -I/home/hnavarro/Desktop/WRF/Install-WRF-Chem/LIBRARIES/netcdf/include    ../phys/module_bep_bem_helper.f90
0.01user 0.03system 0:00.05elapsed 101%CPU (0avgtext+0avgdata 15232maxresident)k
0inputs+24outputs (0major+7100minor)pagefaults 0swaps
rm -f module_HLaw.o
sed -e "s/^\!.*'.*//" -e "s/^ *\!.*'.*//" module_HLaw.F > module_HLaw.G
/lib/cpp -P -nostdinc -I/home/hnavarro/Desktop/WRF/BUILD_WRF/WRF/inc -DEM_CORE=1 -DNMM_CORE=0 -DNMM_MAX_DIM=2600 -DDA_CORE=0 -DWRFPLUS=0 -DIWORDSIZE=4 -DDWORDSIZE=8 -DRWORDSIZE=4 -DLWORDSIZE=4 -DNONSTANDARD_SYSTEM_SUBR  -DWRF_USE_CLM  -DDM_PARALLEL -DNETCDF -DLANDREAD_STUB=1 -DUSE_ALLOCATABLES -Dwrfmodel -DGRIB1 -DINTIO -DKEEP_INT_AROUND -DLIMIT_ARGS -DBUILD_RRTMG_FAST=0 -DBUILD_RRTMK=0 -DBUILD_SBM_FAST=1 -DSHOW_ALL_VARS_USED=0 -DCONFIG_BUF_LEN=65536 -DMAX_DOMAINS_F=21 -DMAX_HISTORY=25 -DNMM_NEST=0 -DWRF_CHEM -DBUILD_CHEM=1 -I. -traditional-cpp   module_HLaw.G  > module_HLaw.bb
/home/hnavarro/Desktop/WRF/BUILD_WRF/WRF/tools/standard.exe module_HLaw.bb | /lib/cpp -P -nostdinc -traditional-cpp > module_HLaw.f90
rm -f module_HLaw.G module_HLaw.bb
time mpif90 -f90=gfortran -o module_HLaw.o -c -O2 -ftree-vectorize -funroll-loops -w -ffree-form -ffree-line-length-none -fconvert=big-endian -frecord-marker=4 -fallow-argument-mismatch -fallow-invalid-boz   -I../dyn_em  -I/home/hnavarro/Desktop/WRF/BUILD_WRF/WRF/external/esmf_time_f90  -I/home/hnavarro/Desktop/WRF/BUILD_WRF/WRF/main -I/home/hnavarro/Desktop/WRF/BUILD_WRF/WRF/external/io_netcdf -I/home/hnavarro/Desktop/WRF/BUILD_WRF/WRF/external/io_int -I/home/hnavarro/Desktop/WRF/BUILD_WRF/WRF/frame -I/home/hnavarro/Desktop/WRF/BUILD_WRF/WRF/share -I/home/hnavarro/Desktop/WRF/BUILD_WRF/WRF/phys -I/home/hnavarro/Desktop/WRF/BUILD_WRF/WRF/wrftladj -I/home/hnavarro/Desktop/WRF/BUILD_WRF/WRF/chem -I/home/hnavarro/Desktop/WRF/BUILD_WRF/WRF/inc -I/home/hnavarro/Desktop/WRF/Install-WRF-Chem/LIBRARIES/netcdf/include    module_HLaw.f90
0.08user 0.03system 0:00.12elapsed 98%CPU (0avgtext+0avgdata 30080maxresident)k
0inputs+64outputs (0major+8322minor)pagefaults 0swaps
rm -f module_ctrans_aqchem.o
sed -e "s/^\!.*'.*//" -e "s/^ *\!.*'.*//" module_ctrans_aqchem.F > module_ctrans_aqchem.G
/lib/cpp -P -nostdinc -I/home/hnavarro/Desktop/WRF/BUILD_WRF/WRF/inc -DEM_CORE=1 -DNMM_CORE=0 -DNMM_MAX_DIM=2600 -DDA_CORE=0 -DWRFPLUS=0 -DIWORDSIZE=4 -DDWORDSIZE=8 -DRWORDSIZE=4 -DLWORDSIZE=4 -DNONSTANDARD_SYSTEM_SUBR  -DWRF_USE_CLM  -DDM_PARALLEL -DNETCDF -DLANDREAD_STUB=1 -DUSE_ALLOCATABLES -Dwrfmodel -DGRIB1 -DINTIO -DKEEP_INT_AROUND -DLIMIT_ARGS -DBUILD_RRTMG_FAST=0 -DBUILD_RRTMK=0 -DBUILD_SBM_FAST=1 -DSHOW_ALL_VARS_USED=0 -DCONFIG_BUF_LEN=65536 -DMAX_DOMAINS_F=21 -DMAX_HISTORY=25 -DNMM_NEST=0 -DWRF_CHEM -DBUILD_CHEM=1 -I. -traditional-cpp   module_ctrans_aqchem.G  > module_ctrans_aqchem.bb
/home/hnavarro/Desktop/WRF/BUILD_WRF/WRF/tools/standard.exe module_ctrans_aqchem.bb | /lib/cpp -P -nostdinc -traditional-cpp > module_ctrans_aqchem.f90
rm -f module_ctrans_aqchem.G module_ctrans_aqchem.bb
time mpif90 -f90=gfortran -o module_ctrans_aqchem.o -c -O2 -ftree-vectorize -funroll-loops -w -ffree-form -ffree-line-length-none -fconvert=big-endian -frecord-marker=4 -fallow-argument-mismatch -fallow-invalid-boz   -I../dyn_em  -I/home/hnavarro/Desktop/WRF/BUILD_WRF/WRF/external/esmf_time_f90  -I/home/hnavarro/Desktop/WRF/BUILD_WRF/WRF/main -I/home/hnavarro/Desktop/WRF/BUILD_WRF/WRF/external/io_netcdf -I/home/hnavarro/Desktop/WRF/BUILD_WRF/WRF/external/io_int -I/home/hnavarro/Desktop/WRF/BUILD_WRF/WRF/frame -I/home/hnavarro/Desktop/WRF/BUILD_WRF/WRF/share -I/home/hnavarro/Desktop/WRF/BUILD_WRF/WRF/phys -I/home/hnavarro/Desktop/WRF/BUILD_WRF/WRF/wrftladj -I/home/hnavarro/Desktop/WRF/BUILD_WRF/WRF/chem -I/home/hnavarro/Desktop/WRF/BUILD_WRF/WRF/inc -I/home/hnavarro/Desktop/WRF/Install-WRF-Chem/LIBRARIES/netcdf/include    module_ctrans_aqchem.f90
0.67user 0.04system 0:00.72elapsed 99%CPU (0avgtext+0avgdata 32708maxresident)k
0inputs+320outputs (0major+10299minor)pagefaults 0swaps
rm -f bobrand.o
mpicc -cc=gcc -DFSEEKO64_OK  -o bobrand.o -c -w -O3 -c   -DDM_PARALLEL -DLANDREAD_STUB=1 -DMAX_HISTORY=25 -DNMM_CORE=0 bobrand.c
0.46user 0.05system 0:00.51elapsed 100%CPU (0avgtext+0avgdata 50692maxresident)k
32inputs+464outputs (1major+15000minor)pagefaults 0swaps
rm -f module_llxy.o
sed -e "s/^\!.*'.*//" -e "s/^ *\!.*'.*//" module_llxy.F > module_llxy.G
/lib/cpp -P -nostdinc -I/home/hnavarro/Desktop/WRF/BUILD_WRF/WRF/inc -DEM_CORE=1 -DNMM_CORE=0 -DNMM_MAX_DIM=2600 -DDA_CORE=0 -DWRFPLUS=0 -DIWORDSIZE=4 -DDWORDSIZE=8 -DRWORDSIZE=4 -DLWORDSIZE=4 -DNONSTANDARD_SYSTEM_SUBR  -DWRF_USE_CLM  -DDM_PARALLEL -DNETCDF -DLANDREAD_STUB=1 -DUSE_ALLOCATABLES -Dwrfmodel -DGRIB1 -DINTIO -DKEEP_INT_AROUND -DLIMIT_ARGS -DBUILD_RRTMG_FAST=0 -DBUILD_RRTMK=0 -DBUILD_SBM_FAST=1 -DSHOW_ALL_VARS_USED=0 -DCONFIG_BUF_LEN=65536 -DMAX_DOMAINS_F=21 -DMAX_HISTORY=25 -DNMM_NEST=0 -DWRF_CHEM -DBUILD_CHEM=1 -I. -traditional-cpp   module_llxy.G  > module_llxy.bb
/home/hnavarro/Desktop/WRF/BUILD_WRF/WRF/tools/standard.exe module_llxy.bb | /lib/cpp -P -nostdinc -traditional-cpp > module_llxy.f90
rm -f module_llxy.G module_llxy.bb
time mpif90 -f90=gfortran -o module_llxy.o -c -O2 -ftree-vectorize -funroll-loops -w -ffree-form -ffree-line-length-none -fconvert=big-endian -frecord-marker=4 -fallow-argument-mismatch -fallow-invalid-boz   -I../dyn_em  -I/home/hnavarro/Desktop/WRF/BUILD_WRF/WRF/external/esmf_time_f90  -I/home/hnavarro/Desktop/WRF/BUILD_WRF/WRF/main -I/home/hnavarro/Desktop/WRF/BUILD_WRF/WRF/external/io_netcdf -I/home/hnavarro/Desktop/WRF/BUILD_WRF/WRF/external/io_int -I/home/hnavarro/Desktop/WRF/BUILD_WRF/WRF/frame -I/home/hnavarro/Desktop/WRF/BUILD_WRF/WRF/share -I/home/hnavarro/Desktop/WRF/BUILD_WRF/WRF/phys -I/home/hnavarro/Desktop/WRF/BUILD_WRF/WRF/wrftladj -I/home/hnavarro/Desktop/WRF/BUILD_WRF/WRF/chem -I/home/hnavarro/Desktop/WRF/BUILD_WRF/WRF/inc -I/home/hnavarro/Desktop/WRF/Install-WRF-Chem/LIBRARIES/netcdf/include    module_llxy.f90
rm -f module_interp_store.o
sed -e "s/^\!.*'.*//" -e "s/^ *\!.*'.*//" module_interp_store.F > module_interp_store.G
/lib/cpp -P -nostdinc -I/home/hnavarro/Desktop/WRF/BUILD_WRF/WRF/inc -DEM_CORE=1 -DNMM_CORE=0 -DNMM_MAX_DIM=2600 -DDA_CORE=0 -DWRFPLUS=0 -DIWORDSIZE=4 -DDWORDSIZE=8 -DRWORDSIZE=4 -DLWORDSIZE=4 -DNONSTANDARD_SYSTEM_SUBR  -DWRF_USE_CLM  -DDM_PARALLEL -DNETCDF -DLANDREAD_STUB=1 -DUSE_ALLOCATABLES -Dwrfmodel -DGRIB1 -DINTIO -DKEEP_INT_AROUND -DLIMIT_ARGS -DBUILD_RRTMG_FAST=0 -DBUILD_RRTMK=0 -DBUILD_SBM_FAST=1 -DSHOW_ALL_VARS_USED=0 -DCONFIG_BUF_LEN=65536 -DMAX_DOMAINS_F=21 -DMAX_HISTORY=25 -DNMM_NEST=0 -DWRF_CHEM -DBUILD_CHEM=1 -I. -traditional-cpp   module_interp_store.G  > module_interp_store.bb
/home/hnavarro/Desktop/WRF/BUILD_WRF/WRF/tools/standard.exe module_interp_store.bb | /lib/cpp -P -nostdinc -traditional-cpp > module_interp_store.f90
rm -f module_interp_store.G module_interp_store.bb
time mpif90 -f90=gfortran -o module_interp_store.o -c -O2 -ftree-vectorize -funroll-loops -w -ffree-form -ffree-line-length-none -fconvert=big-endian -frecord-marker=4 -fallow-argument-mismatch -fallow-invalid-boz   -I../dyn_em  -I/home/hnavarro/Desktop/WRF/BUILD_WRF/WRF/external/esmf_time_f90  -I/home/hnavarro/Desktop/WRF/BUILD_WRF/WRF/main -I/home/hnavarro/Desktop/WRF/BUILD_WRF/WRF/external/io_netcdf -I/home/hnavarro/Desktop/WRF/BUILD_WRF/WRF/external/io_int -I/home/hnavarro/Desktop/WRF/BUILD_WRF/WRF/frame -I/home/hnavarro/Desktop/WRF/BUILD_WRF/WRF/share -I/home/hnavarro/Desktop/WRF/BUILD_WRF/WRF/phys -I/home/hnavarro/Desktop/WRF/BUILD_WRF/WRF/wrftladj -I/home/hnavarro/Desktop/WRF/BUILD_WRF/WRF/chem -I/home/hnavarro/Desktop/WRF/BUILD_WRF/WRF/inc -I/home/hnavarro/Desktop/WRF/Install-WRF-Chem/LIBRARIES/netcdf/include    module_interp_store.f90
0.06user 0.04system 0:00.10elapsed 99%CPU (0avgtext+0avgdata 39912maxresident)k
0inputs+32outputs (0major+12032minor)pagefaults 0swaps
rm -f module_string_tools.o
sed -e "s/^\!.*'.*//" -e "s/^ *\!.*'.*//" module_string_tools.F > module_string_tools.G
/lib/cpp -P -nostdinc -I/home/hnavarro/Desktop/WRF/BUILD_WRF/WRF/inc -DEM_CORE=1 -DNMM_CORE=0 -DNMM_MAX_DIM=2600 -DDA_CORE=0 -DWRFPLUS=0 -DIWORDSIZE=4 -DDWORDSIZE=8 -DRWORDSIZE=4 -DLWORDSIZE=4 -DNONSTANDARD_SYSTEM_SUBR  -DWRF_USE_CLM  -DDM_PARALLEL -DNETCDF -DLANDREAD_STUB=1 -DUSE_ALLOCATABLES -Dwrfmodel -DGRIB1 -DINTIO -DKEEP_INT_AROUND -DLIMIT_ARGS -DBUILD_RRTMG_FAST=0 -DBUILD_RRTMK=0 -DBUILD_SBM_FAST=1 -DSHOW_ALL_VARS_USED=0 -DCONFIG_BUF_LEN=65536 -DMAX_DOMAINS_F=21 -DMAX_HISTORY=25 -DNMM_NEST=0 -DWRF_CHEM -DBUILD_CHEM=1 -I. -traditional-cpp   module_string_tools.G  > module_string_tools.bb
/home/hnavarro/Desktop/WRF/BUILD_WRF/WRF/tools/standard.exe module_string_tools.bb | /lib/cpp -P -nostdinc -traditional-cpp > module_string_tools.f90
rm -f module_string_tools.G module_string_tools.bb
time mpif90 -f90=gfortran -o module_string_tools.o -c -O2 -ftree-vectorize -funroll-loops -w -ffree-form -ffree-line-length-none -fconvert=big-endian -frecord-marker=4 -fallow-argument-mismatch -fallow-invalid-boz   -I../dyn_em  -I/home/hnavarro/Desktop/WRF/BUILD_WRF/WRF/external/esmf_time_f90  -I/home/hnavarro/Desktop/WRF/BUILD_WRF/WRF/main -I/home/hnavarro/Desktop/WRF/BUILD_WRF/WRF/external/io_netcdf -I/home/hnavarro/Desktop/WRF/BUILD_WRF/WRF/external/io_int -I/home/hnavarro/Desktop/WRF/BUILD_WRF/WRF/frame -I/home/hnavarro/Desktop/WRF/BUILD_WRF/WRF/share -I/home/hnavarro/Desktop/WRF/BUILD_WRF/WRF/phys -I/home/hnavarro/Desktop/WRF/BUILD_WRF/WRF/wrftladj -I/home/hnavarro/Desktop/WRF/BUILD_WRF/WRF/chem -I/home/hnavarro/Desktop/WRF/BUILD_WRF/WRF/inc -I/home/hnavarro/Desktop/WRF/Install-WRF-Chem/LIBRARIES/netcdf/include    module_string_tools.f90
0.40user 0.04system 0:00.45elapsed 100%CPU (0avgtext+0avgdata 45256maxresident)k
0inputs+480outputs (0major+12526minor)pagefaults 0swaps
rm -f module_MPP.o
sed -e "s/^\!.*'.*//" -e "s/^ *\!.*'.*//" module_MPP.F > module_MPP.G
/lib/cpp -P -nostdinc -I/home/hnavarro/Desktop/WRF/BUILD_WRF/WRF/inc -DEM_CORE=1 -DNMM_CORE=0 -DNMM_MAX_DIM=2600 -DDA_CORE=0 -DWRFPLUS=0 -DIWORDSIZE=4 -DDWORDSIZE=8 -DRWORDSIZE=4 -DLWORDSIZE=4 -DNONSTANDARD_SYSTEM_SUBR  -DWRF_USE_CLM  -DDM_PARALLEL -DNETCDF -DLANDREAD_STUB=1 -DUSE_ALLOCATABLES -Dwrfmodel -DGRIB1 -DINTIO -DKEEP_INT_AROUND -DLIMIT_ARGS -DBUILD_RRTMG_FAST=0 -DBUILD_RRTMK=0 -DBUILD_SBM_FAST=1 -DSHOW_ALL_VARS_USED=0 -DCONFIG_BUF_LEN=65536 -DMAX_DOMAINS_F=21 -DMAX_HISTORY=25 -DNMM_NEST=0 -DWRF_CHEM -DBUILD_CHEM=1 -I. -traditional-cpp   module_MPP.G  > module_MPP.bb
/home/hnavarro/Desktop/WRF/BUILD_WRF/WRF/tools/standard.exe module_MPP.bb | /lib/cpp -P -nostdinc -traditional-cpp > module_MPP.f90
rm -f module_MPP.G module_MPP.bb
time mpif90 -f90=gfortran -o module_MPP.o -c -O2 -ftree-vectorize -funroll-loops -w -ffree-form -ffree-line-length-none -fconvert=big-endian -frecord-marker=4 -fallow-argument-mismatch -fallow-invalid-boz   -I../dyn_em  -I/home/hnavarro/Desktop/WRF/BUILD_WRF/WRF/external/esmf_time_f90  -I/home/hnavarro/Desktop/WRF/BUILD_WRF/WRF/main -I/home/hnavarro/Desktop/WRF/BUILD_WRF/WRF/external/io_netcdf -I/home/hnavarro/Desktop/WRF/BUILD_WRF/WRF/external/io_int -I/home/hnavarro/Desktop/WRF/BUILD_WRF/WRF/frame -I/home/hnavarro/Desktop/WRF/BUILD_WRF/WRF/share -I/home/hnavarro/Desktop/WRF/BUILD_WRF/WRF/phys -I/home/hnavarro/Desktop/WRF/BUILD_WRF/WRF/wrftladj -I/home/hnavarro/Desktop/WRF/BUILD_WRF/WRF/chem -I/home/hnavarro/Desktop/WRF/BUILD_WRF/WRF/inc -I/home/hnavarro/Desktop/WRF/Install-WRF-Chem/LIBRARIES/netcdf/include    module_MPP.f90
0.09user 0.05system 0:00.15elapsed 100%CPU (0avgtext+0avgdata 29696maxresident)k
0inputs+32outputs (0major+8009minor)pagefaults 0swaps
rm -f ../phys/module_checkerror.o
sed -e "s/^\!.*'.*//" -e "s/^ *\!.*'.*//" ../phys/module_checkerror.F > ../phys/module_checkerror.G
/lib/cpp -P -nostdinc -I/home/hnavarro/Desktop/WRF/BUILD_WRF/WRF/inc -DEM_CORE=1 -DNMM_CORE=0 -DNMM_MAX_DIM=2600 -DDA_CORE=0 -DWRFPLUS=0 -DIWORDSIZE=4 -DDWORDSIZE=8 -DRWORDSIZE=4 -DLWORDSIZE=4 -DNONSTANDARD_SYSTEM_SUBR  -DWRF_USE_CLM  -DDM_PARALLEL -DNETCDF -DLANDREAD_STUB=1 -DUSE_ALLOCATABLES -Dwrfmodel -DGRIB1 -DINTIO -DKEEP_INT_AROUND -DLIMIT_ARGS -DBUILD_RRTMG_FAST=0 -DBUILD_RRTMK=0 -DBUILD_SBM_FAST=1 -DSHOW_ALL_VARS_USED=0 -DCONFIG_BUF_LEN=65536 -DMAX_DOMAINS_F=21 -DMAX_HISTORY=25 -DNMM_NEST=0 -DWRF_CHEM -DBUILD_CHEM=1 -I. -traditional-cpp   ../phys/module_checkerror.G  > ../phys/module_checkerror.bb
/home/hnavarro/Desktop/WRF/BUILD_WRF/WRF/tools/standard.exe ../phys/module_checkerror.bb | /lib/cpp -P -nostdinc -traditional-cpp > ../phys/module_checkerror.f90
0.03user 0.08system 0:00.11elapsed 100%CPU (0avgtext+0avgdata 15616maxresident)k
0inputs+80outputs (0major+7109minor)pagefaults 0swaps
rm -f module_date_time.o
sed -e "s/^\!.*'.*//" -e "s/^ *\!.*'.*//" module_date_time.F > module_date_time.G
/lib/cpp -P -nostdinc -I/home/hnavarro/Desktop/WRF/BUILD_WRF/WRF/inc -DEM_CORE=1 -DNMM_CORE=0 -DNMM_MAX_DIM=2600 -DDA_CORE=0 -DWRFPLUS=0 -DIWORDSIZE=4 -DDWORDSIZE=8 -DRWORDSIZE=4 -DLWORDSIZE=4 -DNONSTANDARD_SYSTEM_SUBR  -DWRF_USE_CLM  -DDM_PARALLEL -DNETCDF -DLANDREAD_STUB=1 -DUSE_ALLOCATABLES -Dwrfmodel -DGRIB1 -DINTIO -DKEEP_INT_AROUND -DLIMIT_ARGS -DBUILD_RRTMG_FAST=0 -DBUILD_RRTMK=0 -DBUILD_SBM_FAST=1 -DSHOW_ALL_VARS_USED=0 -DCONFIG_BUF_LEN=65536 -DMAX_DOMAINS_F=21 -DMAX_HISTORY=25 -DNMM_NEST=0 -DWRF_CHEM -DBUILD_CHEM=1 -I. -traditional-cpp   module_date_time.G  > module_date_time.bb
rm -f ../phys/module_checkerror.G ../phys/module_checkerror.bb
time mpif90 -f90=gfortran -o ../phys/module_checkerror.o -c -O2 -ftree-vectorize -funroll-loops -w -ffree-form -ffree-line-length-none -fconvert=big-endian -frecord-marker=4 -fallow-argument-mismatch -fallow-invalid-boz   -I../dyn_em  -I/home/hnavarro/Desktop/WRF/BUILD_WRF/WRF/external/esmf_time_f90  -I/home/hnavarro/Desktop/WRF/BUILD_WRF/WRF/main -I/home/hnavarro/Desktop/WRF/BUILD_WRF/WRF/external/io_netcdf -I/home/hnavarro/Desktop/WRF/BUILD_WRF/WRF/external/io_int -I/home/hnavarro/Desktop/WRF/BUILD_WRF/WRF/frame -I/home/hnavarro/Desktop/WRF/BUILD_WRF/WRF/share -I/home/hnavarro/Desktop/WRF/BUILD_WRF/WRF/phys -I/home/hnavarro/Desktop/WRF/BUILD_WRF/WRF/wrftladj -I/home/hnavarro/Desktop/WRF/BUILD_WRF/WRF/chem -I/home/hnavarro/Desktop/WRF/BUILD_WRF/WRF/inc -I/home/hnavarro/Desktop/WRF/Install-WRF-Chem/LIBRARIES/netcdf/include    ../phys/module_checkerror.f90
/home/hnavarro/Desktop/WRF/BUILD_WRF/WRF/tools/standard.exe module_date_time.bb | /lib/cpp -P -nostdinc -traditional-cpp > module_date_time.f90
rm -f module_date_time.G module_date_time.bb
time mpif90 -f90=gfortran -o module_date_time.o -c -O2 -ftree-vectorize -funroll-loops -w -ffree-form -ffree-line-length-none -fconvert=big-endian -frecord-marker=4 -fallow-argument-mismatch -fallow-invalid-boz   -I../dyn_em  -I/home/hnavarro/Desktop/WRF/BUILD_WRF/WRF/external/esmf_time_f90  -I/home/hnavarro/Desktop/WRF/BUILD_WRF/WRF/main -I/home/hnavarro/Desktop/WRF/BUILD_WRF/WRF/external/io_netcdf -I/home/hnavarro/Desktop/WRF/BUILD_WRF/WRF/external/io_int -I/home/hnavarro/Desktop/WRF/BUILD_WRF/WRF/frame -I/home/hnavarro/Desktop/WRF/BUILD_WRF/WRF/share -I/home/hnavarro/Desktop/WRF/BUILD_WRF/WRF/phys -I/home/hnavarro/Desktop/WRF/BUILD_WRF/WRF/wrftladj -I/home/hnavarro/Desktop/WRF/BUILD_WRF/WRF/chem -I/home/hnavarro/Desktop/WRF/BUILD_WRF/WRF/inc -I/home/hnavarro/Desktop/WRF/Install-WRF-Chem/LIBRARIES/netcdf/include    module_date_time.f90
0.17user 0.05system 0:00.22elapsed 100%CPU (0avgtext+0avgdata 35480maxresident)k
0inputs+240outputs (0major+10201minor)pagefaults 0swaps
rm -f mediation_interp_domain.o
sed -e "s/^\!.*'.*//" -e "s/^ *\!.*'.*//" mediation_interp_domain.F > mediation_interp_domain.G
/lib/cpp -P -nostdinc -I/home/hnavarro/Desktop/WRF/BUILD_WRF/WRF/inc -DEM_CORE=1 -DNMM_CORE=0 -DNMM_MAX_DIM=2600 -DDA_CORE=0 -DWRFPLUS=0 -DIWORDSIZE=4 -DDWORDSIZE=8 -DRWORDSIZE=4 -DLWORDSIZE=4 -DNONSTANDARD_SYSTEM_SUBR  -DWRF_USE_CLM  -DDM_PARALLEL -DNETCDF -DLANDREAD_STUB=1 -DUSE_ALLOCATABLES -Dwrfmodel -DGRIB1 -DINTIO -DKEEP_INT_AROUND -DLIMIT_ARGS -DBUILD_RRTMG_FAST=0 -DBUILD_RRTMK=0 -DBUILD_SBM_FAST=1 -DSHOW_ALL_VARS_USED=0 -DCONFIG_BUF_LEN=65536 -DMAX_DOMAINS_F=21 -DMAX_HISTORY=25 -DNMM_NEST=0 -DWRF_CHEM -DBUILD_CHEM=1 -I. -traditional-cpp   mediation_interp_domain.G  > mediation_interp_domain.bb
/home/hnavarro/Desktop/WRF/BUILD_WRF/WRF/tools/standard.exe mediation_interp_domain.bb | /lib/cpp -P -nostdinc -traditional-cpp > mediation_interp_domain.f90
rm -f mediation_interp_domain.G mediation_interp_domain.bb
time mpif90 -f90=gfortran -o mediation_interp_domain.o -c -O2 -ftree-vectorize -funroll-loops -w -ffree-form -ffree-line-length-none -fconvert=big-endian -frecord-marker=4 -fallow-argument-mismatch -fallow-invalid-boz   -I../dyn_em  -I/home/hnavarro/Desktop/WRF/BUILD_WRF/WRF/external/esmf_time_f90  -I/home/hnavarro/Desktop/WRF/BUILD_WRF/WRF/main -I/home/hnavarro/Desktop/WRF/BUILD_WRF/WRF/external/io_netcdf -I/home/hnavarro/Desktop/WRF/BUILD_WRF/WRF/external/io_int -I/home/hnavarro/Desktop/WRF/BUILD_WRF/WRF/frame -I/home/hnavarro/Desktop/WRF/BUILD_WRF/WRF/share -I/home/hnavarro/Desktop/WRF/BUILD_WRF/WRF/phys -I/home/hnavarro/Desktop/WRF/BUILD_WRF/WRF/wrftladj -I/home/hnavarro/Desktop/WRF/BUILD_WRF/WRF/chem -I/home/hnavarro/Desktop/WRF/BUILD_WRF/WRF/inc -I/home/hnavarro/Desktop/WRF/Install-WRF-Chem/LIBRARIES/netcdf/include    mediation_interp_domain.f90
0.78user 0.04system 0:00.82elapsed 99%CPU (0avgtext+0avgdata 48828maxresident)k
0inputs+672outputs (0major+13671minor)pagefaults 0swaps
rm -f mediation_force_domain.o
sed -e "s/^\!.*'.*//" -e "s/^ *\!.*'.*//" mediation_force_domain.F > mediation_force_domain.G
/lib/cpp -P -nostdinc -I/home/hnavarro/Desktop/WRF/BUILD_WRF/WRF/inc -DEM_CORE=1 -DNMM_CORE=0 -DNMM_MAX_DIM=2600 -DDA_CORE=0 -DWRFPLUS=0 -DIWORDSIZE=4 -DDWORDSIZE=8 -DRWORDSIZE=4 -DLWORDSIZE=4 -DNONSTANDARD_SYSTEM_SUBR  -DWRF_USE_CLM  -DDM_PARALLEL -DNETCDF -DLANDREAD_STUB=1 -DUSE_ALLOCATABLES -Dwrfmodel -DGRIB1 -DINTIO -DKEEP_INT_AROUND -DLIMIT_ARGS -DBUILD_RRTMG_FAST=0 -DBUILD_RRTMK=0 -DBUILD_SBM_FAST=1 -DSHOW_ALL_VARS_USED=0 -DCONFIG_BUF_LEN=65536 -DMAX_DOMAINS_F=21 -DMAX_HISTORY=25 -DNMM_NEST=0 -DWRF_CHEM -DBUILD_CHEM=1 -I. -traditional-cpp   mediation_force_domain.G  > mediation_force_domain.bb
/home/hnavarro/Desktop/WRF/BUILD_WRF/WRF/tools/standard.exe mediation_force_domain.bb | /lib/cpp -P -nostdinc -traditional-cpp > mediation_force_domain.f90
rm -f mediation_force_domain.G mediation_force_domain.bb
time mpif90 -f90=gfortran -o mediation_force_domain.o -c -O2 -ftree-vectorize -funroll-loops -w -ffree-form -ffree-line-length-none -fconvert=big-endian -frecord-marker=4 -fallow-argument-mismatch -fallow-invalid-boz   -I../dyn_em  -I/home/hnavarro/Desktop/WRF/BUILD_WRF/WRF/external/esmf_time_f90  -I/home/hnavarro/Desktop/WRF/BUILD_WRF/WRF/main -I/home/hnavarro/Desktop/WRF/BUILD_WRF/WRF/external/io_netcdf -I/home/hnavarro/Desktop/WRF/BUILD_WRF/WRF/external/io_int -I/home/hnavarro/Desktop/WRF/BUILD_WRF/WRF/frame -I/home/hnavarro/Desktop/WRF/BUILD_WRF/WRF/share -I/home/hnavarro/Desktop/WRF/BUILD_WRF/WRF/phys -I/home/hnavarro/Desktop/WRF/BUILD_WRF/WRF/wrftladj -I/home/hnavarro/Desktop/WRF/BUILD_WRF/WRF/chem -I/home/hnavarro/Desktop/WRF/BUILD_WRF/WRF/inc -I/home/hnavarro/Desktop/WRF/Install-WRF-Chem/LIBRARIES/netcdf/include    mediation_force_domain.f90
8.74user 0.10system 0:08.86elapsed 99%CPU (0avgtext+0avgdata 127552maxresident)k
0inputs+544outputs (0major+38028minor)pagefaults 0swaps
rm -f ../frame/module_intermediate_nmm.o
sed -e "s/^\!.*'.*//" -e "s/^ *\!.*'.*//" ../frame/module_intermediate_nmm.F > ../frame/module_intermediate_nmm.G
/lib/cpp -P -nostdinc -I/home/hnavarro/Desktop/WRF/BUILD_WRF/WRF/inc -DEM_CORE=1 -DNMM_CORE=0 -DNMM_MAX_DIM=2600 -DDA_CORE=0 -DWRFPLUS=0 -DIWORDSIZE=4 -DDWORDSIZE=8 -DRWORDSIZE=4 -DLWORDSIZE=4 -DNONSTANDARD_SYSTEM_SUBR  -DWRF_USE_CLM  -DDM_PARALLEL -DNETCDF -DLANDREAD_STUB=1 -DUSE_ALLOCATABLES -Dwrfmodel -DGRIB1 -DINTIO -DKEEP_INT_AROUND -DLIMIT_ARGS -DBUILD_RRTMG_FAST=0 -DBUILD_RRTMK=0 -DBUILD_SBM_FAST=1 -DSHOW_ALL_VARS_USED=0 -DCONFIG_BUF_LEN=65536 -DMAX_DOMAINS_F=21 -DMAX_HISTORY=25 -DNMM_NEST=0 -DWRF_CHEM -DBUILD_CHEM=1 -I. -traditional-cpp   ../frame/module_intermediate_nmm.G  > ../frame/module_intermediate_nmm.bb
/home/hnavarro/Desktop/WRF/BUILD_WRF/WRF/tools/standard.exe ../frame/module_intermediate_nmm.bb | /lib/cpp -P -nostdinc -traditional-cpp > ../frame/module_intermediate_nmm.f90
rm -f ../frame/module_intermediate_nmm.G ../frame/module_intermediate_nmm.bb
time mpif90 -f90=gfortran -o ../frame/module_intermediate_nmm.o -c -O2 -ftree-vectorize -funroll-loops -w -ffree-form -ffree-line-length-none -fconvert=big-endian -frecord-marker=4 -fallow-argument-mismatch -fallow-invalid-boz   -I../dyn_em  -I/home/hnavarro/Desktop/WRF/BUILD_WRF/WRF/external/esmf_time_f90  -I/home/hnavarro/Desktop/WRF/BUILD_WRF/WRF/main -I/home/hnavarro/Desktop/WRF/BUILD_WRF/WRF/external/io_netcdf -I/home/hnavarro/Desktop/WRF/BUILD_WRF/WRF/external/io_int -I/home/hnavarro/Desktop/WRF/BUILD_WRF/WRF/frame -I/home/hnavarro/Desktop/WRF/BUILD_WRF/WRF/share -I/home/hnavarro/Desktop/WRF/BUILD_WRF/WRF/phys -I/home/hnavarro/Desktop/WRF/BUILD_WRF/WRF/wrftladj -I/home/hnavarro/Desktop/WRF/BUILD_WRF/WRF/chem -I/home/hnavarro/Desktop/WRF/BUILD_WRF/WRF/inc -I/home/hnavarro/Desktop/WRF/Install-WRF-Chem/LIBRARIES/netcdf/include    ../frame/module_intermediate_nmm.f90
0.02user 0.05system 0:00.08elapsed 93%CPU (0avgtext+0avgdata 15232maxresident)k
0inputs+24outputs (0major+7079minor)pagefaults 0swaps
rm -f module_bc.o
sed -e "s/^\!.*'.*//" -e "s/^ *\!.*'.*//" module_bc.F > module_bc.G
/lib/cpp -P -nostdinc -I/home/hnavarro/Desktop/WRF/BUILD_WRF/WRF/inc -DEM_CORE=1 -DNMM_CORE=0 -DNMM_MAX_DIM=2600 -DDA_CORE=0 -DWRFPLUS=0 -DIWORDSIZE=4 -DDWORDSIZE=8 -DRWORDSIZE=4 -DLWORDSIZE=4 -DNONSTANDARD_SYSTEM_SUBR  -DWRF_USE_CLM  -DDM_PARALLEL -DNETCDF -DLANDREAD_STUB=1 -DUSE_ALLOCATABLES -Dwrfmodel -DGRIB1 -DINTIO -DKEEP_INT_AROUND -DLIMIT_ARGS -DBUILD_RRTMG_FAST=0 -DBUILD_RRTMK=0 -DBUILD_SBM_FAST=1 -DSHOW_ALL_VARS_USED=0 -DCONFIG_BUF_LEN=65536 -DMAX_DOMAINS_F=21 -DMAX_HISTORY=25 -DNMM_NEST=0 -DWRF_CHEM -DBUILD_CHEM=1 -I. -traditional-cpp   module_bc.G  > module_bc.bb
/home/hnavarro/Desktop/WRF/BUILD_WRF/WRF/tools/standard.exe module_bc.bb | /lib/cpp -P -nostdinc -traditional-cpp > module_bc.f90
rm -f module_bc.G module_bc.bb
time mpif90 -f90=gfortran -o module_bc.o -c -O2 -ftree-vectorize -funroll-loops -w -ffree-form -ffree-line-length-none -fconvert=big-endian -frecord-marker=4 -fallow-argument-mismatch -fallow-invalid-boz   -I../dyn_em  -I/home/hnavarro/Desktop/WRF/BUILD_WRF/WRF/external/esmf_time_f90  -I/home/hnavarro/Desktop/WRF/BUILD_WRF/WRF/main -I/home/hnavarro/Desktop/WRF/BUILD_WRF/WRF/external/io_netcdf -I/home/hnavarro/Desktop/WRF/BUILD_WRF/WRF/external/io_int -I/home/hnavarro/Desktop/WRF/BUILD_WRF/WRF/frame -I/home/hnavarro/Desktop/WRF/BUILD_WRF/WRF/share -I/home/hnavarro/Desktop/WRF/BUILD_WRF/WRF/phys -I/home/hnavarro/Desktop/WRF/BUILD_WRF/WRF/wrftladj -I/home/hnavarro/Desktop/WRF/BUILD_WRF/WRF/chem -I/home/hnavarro/Desktop/WRF/BUILD_WRF/WRF/inc -I/home/hnavarro/Desktop/WRF/Install-WRF-Chem/LIBRARIES/netcdf/include    module_bc.f90
16.52user 0.11system 0:16.69elapsed 99%CPU (0avgtext+0avgdata 153600maxresident)k
0inputs+456outputs (0major+48035minor)pagefaults 0swaps
rm -f module_io_wrf.o
/home/hnavarro/Desktop/WRF/BUILD_WRF/WRF/tools/standard.exe module_io_wrf.F > module_io_wrf.b 
/lib/cpp -P -nostdinc -I/home/hnavarro/Desktop/WRF/BUILD_WRF/WRF/inc -DEM_CORE=1 -DNMM_CORE=0 -DNMM_MAX_DIM=2600 -DDA_CORE=0 -DWRFPLUS=0 -DIWORDSIZE=4 -DDWORDSIZE=8 -DRWORDSIZE=4 -DLWORDSIZE=4 -DNONSTANDARD_SYSTEM_SUBR  -DWRF_USE_CLM  -DDM_PARALLEL -DNETCDF -DLANDREAD_STUB=1 -DUSE_ALLOCATABLES -Dwrfmodel -DGRIB1 -DINTIO -DKEEP_INT_AROUND -DLIMIT_ARGS -DBUILD_RRTMG_FAST=0 -DBUILD_RRTMK=0 -DBUILD_SBM_FAST=1 -DSHOW_ALL_VARS_USED=0 -DCONFIG_BUF_LEN=65536 -DMAX_DOMAINS_F=21 -DMAX_HISTORY=25 -DNMM_NEST=0 -DWRF_CHEM -DBUILD_CHEM=1 -I. -traditional-cpp   module_io_wrf.b  > module_io_wrf.f90
rm -f module_io_wrf.b
time mpif90 -f90=gfortran -c  -O0 -w -ffree-form -ffree-line-length-none -fconvert=big-endian -frecord-marker=4 -fallow-argument-mismatch -fallow-invalid-boz  -I../dyn_em  -I/home/hnavarro/Desktop/WRF/BUILD_WRF/WRF/external/esmf_time_f90  -I/home/hnavarro/Desktop/WRF/BUILD_WRF/WRF/main -I/home/hnavarro/Desktop/WRF/BUILD_WRF/WRF/external/io_netcdf -I/home/hnavarro/Desktop/WRF/BUILD_WRF/WRF/external/io_int -I/home/hnavarro/Desktop/WRF/BUILD_WRF/WRF/frame -I/home/hnavarro/Desktop/WRF/BUILD_WRF/WRF/share -I/home/hnavarro/Desktop/WRF/BUILD_WRF/WRF/phys -I/home/hnavarro/Desktop/WRF/BUILD_WRF/WRF/wrftladj -I/home/hnavarro/Desktop/WRF/BUILD_WRF/WRF/chem -I/home/hnavarro/Desktop/WRF/BUILD_WRF/WRF/inc -I/home/hnavarro/Desktop/WRF/Install-WRF-Chem/LIBRARIES/netcdf/include    module_io_wrf.f90
0.62user 0.04system 0:00.67elapsed 99%CPU (0avgtext+0avgdata 33868maxresident)k
0inputs+432outputs (0major+10513minor)pagefaults 0swaps
rm -f module_soil_pre.o
sed -e "s/^\!.*'.*//" -e "s/^ *\!.*'.*//" module_soil_pre.F > module_soil_pre.G
/lib/cpp -P -nostdinc -I/home/hnavarro/Desktop/WRF/BUILD_WRF/WRF/inc -DEM_CORE=1 -DNMM_CORE=0 -DNMM_MAX_DIM=2600 -DDA_CORE=0 -DWRFPLUS=0 -DIWORDSIZE=4 -DDWORDSIZE=8 -DRWORDSIZE=4 -DLWORDSIZE=4 -DNONSTANDARD_SYSTEM_SUBR  -DWRF_USE_CLM  -DDM_PARALLEL -DNETCDF -DLANDREAD_STUB=1 -DUSE_ALLOCATABLES -Dwrfmodel -DGRIB1 -DINTIO -DKEEP_INT_AROUND -DLIMIT_ARGS -DBUILD_RRTMG_FAST=0 -DBUILD_RRTMK=0 -DBUILD_SBM_FAST=1 -DSHOW_ALL_VARS_USED=0 -DCONFIG_BUF_LEN=65536 -DMAX_DOMAINS_F=21 -DMAX_HISTORY=25 -DNMM_NEST=0 -DWRF_CHEM -DBUILD_CHEM=1 -I. -traditional-cpp   module_soil_pre.G  > module_soil_pre.bb
/home/hnavarro/Desktop/WRF/BUILD_WRF/WRF/tools/standard.exe module_soil_pre.bb | /lib/cpp -P -nostdinc -traditional-cpp > module_soil_pre.f90
rm -f module_soil_pre.G module_soil_pre.bb
time mpif90 -f90=gfortran -o module_soil_pre.o -c -O2 -ftree-vectorize -funroll-loops -w -ffree-form -ffree-line-length-none -fconvert=big-endian -frecord-marker=4 -fallow-argument-mismatch -fallow-invalid-boz   -I../dyn_em  -I/home/hnavarro/Desktop/WRF/BUILD_WRF/WRF/external/esmf_time_f90  -I/home/hnavarro/Desktop/WRF/BUILD_WRF/WRF/main -I/home/hnavarro/Desktop/WRF/BUILD_WRF/WRF/external/io_netcdf -I/home/hnavarro/Desktop/WRF/BUILD_WRF/WRF/external/io_int -I/home/hnavarro/Desktop/WRF/BUILD_WRF/WRF/frame -I/home/hnavarro/Desktop/WRF/BUILD_WRF/WRF/share -I/home/hnavarro/Desktop/WRF/BUILD_WRF/WRF/phys -I/home/hnavarro/Desktop/WRF/BUILD_WRF/WRF/wrftladj -I/home/hnavarro/Desktop/WRF/BUILD_WRF/WRF/chem -I/home/hnavarro/Desktop/WRF/BUILD_WRF/WRF/inc -I/home/hnavarro/Desktop/WRF/Install-WRF-Chem/LIBRARIES/netcdf/include    module_soil_pre.f90
8.03user 0.14system 0:08.19elapsed 99%CPU (0avgtext+0avgdata 228164maxresident)k
0inputs+3032outputs (0major+64955minor)pagefaults 0swaps
rm -f wrf_tsin.o
/home/hnavarro/Desktop/WRF/BUILD_WRF/WRF/tools/standard.exe wrf_tsin.F > wrf_tsin.b 
/lib/cpp -P -nostdinc -I/home/hnavarro/Desktop/WRF/BUILD_WRF/WRF/inc -DEM_CORE=1 -DNMM_CORE=0 -DNMM_MAX_DIM=2600 -DDA_CORE=0 -DWRFPLUS=0 -DIWORDSIZE=4 -DDWORDSIZE=8 -DRWORDSIZE=4 -DLWORDSIZE=4 -DNONSTANDARD_SYSTEM_SUBR  -DWRF_USE_CLM  -DDM_PARALLEL -DNETCDF -DLANDREAD_STUB=1 -DUSE_ALLOCATABLES -Dwrfmodel -DGRIB1 -DINTIO -DKEEP_INT_AROUND -DLIMIT_ARGS -DBUILD_RRTMG_FAST=0 -DBUILD_RRTMK=0 -DBUILD_SBM_FAST=1 -DSHOW_ALL_VARS_USED=0 -DCONFIG_BUF_LEN=65536 -DMAX_DOMAINS_F=21 -DMAX_HISTORY=25 -DNMM_NEST=0 -DWRF_CHEM -DBUILD_CHEM=1 -I. -traditional-cpp   wrf_tsin.b  > wrf_tsin.f90
rm -f wrf_tsin.b
time mpif90 -f90=gfortran -c  -O0 -w -ffree-form -ffree-line-length-none -fconvert=big-endian -frecord-marker=4 -fallow-argument-mismatch -fallow-invalid-boz  -I../dyn_em  -I/home/hnavarro/Desktop/WRF/BUILD_WRF/WRF/external/esmf_time_f90  -I/home/hnavarro/Desktop/WRF/BUILD_WRF/WRF/main -I/home/hnavarro/Desktop/WRF/BUILD_WRF/WRF/external/io_netcdf -I/home/hnavarro/Desktop/WRF/BUILD_WRF/WRF/external/io_int -I/home/hnavarro/Desktop/WRF/BUILD_WRF/WRF/frame -I/home/hnavarro/Desktop/WRF/BUILD_WRF/WRF/share -I/home/hnavarro/Desktop/WRF/BUILD_WRF/WRF/phys -I/home/hnavarro/Desktop/WRF/BUILD_WRF/WRF/wrftladj -I/home/hnavarro/Desktop/WRF/BUILD_WRF/WRF/chem -I/home/hnavarro/Desktop/WRF/BUILD_WRF/WRF/inc -I/home/hnavarro/Desktop/WRF/Install-WRF-Chem/LIBRARIES/netcdf/include    wrf_tsin.f90
1.27user 0.09system 0:01.38elapsed 99%CPU (0avgtext+0avgdata 60096maxresident)k
0inputs+72outputs (0major+17136minor)pagefaults 0swaps
rm -f track_input.o
sed -e "s/^\!.*'.*//" -e "s/^ *\!.*'.*//" track_input.F > track_input.G
/lib/cpp -P -nostdinc -I/home/hnavarro/Desktop/WRF/BUILD_WRF/WRF/inc -DEM_CORE=1 -DNMM_CORE=0 -DNMM_MAX_DIM=2600 -DDA_CORE=0 -DWRFPLUS=0 -DIWORDSIZE=4 -DDWORDSIZE=8 -DRWORDSIZE=4 -DLWORDSIZE=4 -DNONSTANDARD_SYSTEM_SUBR  -DWRF_USE_CLM  -DDM_PARALLEL -DNETCDF -DLANDREAD_STUB=1 -DUSE_ALLOCATABLES -Dwrfmodel -DGRIB1 -DINTIO -DKEEP_INT_AROUND -DLIMIT_ARGS -DBUILD_RRTMG_FAST=0 -DBUILD_RRTMK=0 -DBUILD_SBM_FAST=1 -DSHOW_ALL_VARS_USED=0 -DCONFIG_BUF_LEN=65536 -DMAX_DOMAINS_F=21 -DMAX_HISTORY=25 -DNMM_NEST=0 -DWRF_CHEM -DBUILD_CHEM=1 -I. -traditional-cpp   track_input.G  > track_input.bb
/home/hnavarro/Desktop/WRF/BUILD_WRF/WRF/tools/standard.exe track_input.bb | /lib/cpp -P -nostdinc -traditional-cpp > track_input.f90
rm -f track_input.G track_input.bb
time mpif90 -f90=gfortran -o track_input.o -c -O2 -ftree-vectorize -funroll-loops -w -ffree-form -ffree-line-length-none -fconvert=big-endian -frecord-marker=4 -fallow-argument-mismatch -fallow-invalid-boz   -I../dyn_em  -I/home/hnavarro/Desktop/WRF/BUILD_WRF/WRF/external/esmf_time_f90  -I/home/hnavarro/Desktop/WRF/BUILD_WRF/WRF/main -I/home/hnavarro/Desktop/WRF/BUILD_WRF/WRF/external/io_netcdf -I/home/hnavarro/Desktop/WRF/BUILD_WRF/WRF/external/io_int -I/home/hnavarro/Desktop/WRF/BUILD_WRF/WRF/frame -I/home/hnavarro/Desktop/WRF/BUILD_WRF/WRF/share -I/home/hnavarro/Desktop/WRF/BUILD_WRF/WRF/phys -I/home/hnavarro/Desktop/WRF/BUILD_WRF/WRF/wrftladj -I/home/hnavarro/Desktop/WRF/BUILD_WRF/WRF/chem -I/home/hnavarro/Desktop/WRF/BUILD_WRF/WRF/inc -I/home/hnavarro/Desktop/WRF/Install-WRF-Chem/LIBRARIES/netcdf/include    track_input.f90
0.72user 0.08system 0:00.80elapsed 99%CPU (0avgtext+0avgdata 58092maxresident)k
0inputs+72outputs (0major+16642minor)pagefaults 0swaps
rm -f init_modules.o
sed -e "s/^\!.*'.*//" -e "s/^ *\!.*'.*//" init_modules.F > init_modules.G
/lib/cpp -P -nostdinc -I/home/hnavarro/Desktop/WRF/BUILD_WRF/WRF/inc -DEM_CORE=1 -DNMM_CORE=0 -DNMM_MAX_DIM=2600 -DDA_CORE=0 -DWRFPLUS=0 -DIWORDSIZE=4 -DDWORDSIZE=8 -DRWORDSIZE=4 -DLWORDSIZE=4 -DNONSTANDARD_SYSTEM_SUBR  -DWRF_USE_CLM  -DDM_PARALLEL -DNETCDF -DLANDREAD_STUB=1 -DUSE_ALLOCATABLES -Dwrfmodel -DGRIB1 -DINTIO -DKEEP_INT_AROUND -DLIMIT_ARGS -DBUILD_RRTMG_FAST=0 -DBUILD_RRTMK=0 -DBUILD_SBM_FAST=1 -DSHOW_ALL_VARS_USED=0 -DCONFIG_BUF_LEN=65536 -DMAX_DOMAINS_F=21 -DMAX_HISTORY=25 -DNMM_NEST=0 -DWRF_CHEM -DBUILD_CHEM=1 -I. -traditional-cpp   init_modules.G  > init_modules.bb
/home/hnavarro/Desktop/WRF/BUILD_WRF/WRF/tools/standard.exe init_modules.bb | /lib/cpp -P -nostdinc -traditional-cpp > init_modules.f90
rm -f init_modules.G init_modules.bb
time mpif90 -f90=gfortran -o init_modules.o -c -O2 -ftree-vectorize -funroll-loops -w -ffree-form -ffree-line-length-none -fconvert=big-endian -frecord-marker=4 -fallow-argument-mismatch -fallow-invalid-boz   -I../dyn_em  -I/home/hnavarro/Desktop/WRF/BUILD_WRF/WRF/external/esmf_time_f90  -I/home/hnavarro/Desktop/WRF/BUILD_WRF/WRF/main -I/home/hnavarro/Desktop/WRF/BUILD_WRF/WRF/external/io_netcdf -I/home/hnavarro/Desktop/WRF/BUILD_WRF/WRF/external/io_int -I/home/hnavarro/Desktop/WRF/BUILD_WRF/WRF/frame -I/home/hnavarro/Desktop/WRF/BUILD_WRF/WRF/share -I/home/hnavarro/Desktop/WRF/BUILD_WRF/WRF/phys -I/home/hnavarro/Desktop/WRF/BUILD_WRF/WRF/wrftladj -I/home/hnavarro/Desktop/WRF/BUILD_WRF/WRF/chem -I/home/hnavarro/Desktop/WRF/BUILD_WRF/WRF/inc -I/home/hnavarro/Desktop/WRF/Install-WRF-Chem/LIBRARIES/netcdf/include    init_modules.f90
0.39user 0.07system 0:00.47elapsed 98%CPU (0avgtext+0avgdata 40348maxresident)k
0inputs+16outputs (0major+18894minor)pagefaults 0swaps
rm -f set_timekeeping.o
sed -e "s/^\!.*'.*//" -e "s/^ *\!.*'.*//" set_timekeeping.F > set_timekeeping.G
/lib/cpp -P -nostdinc -I/home/hnavarro/Desktop/WRF/BUILD_WRF/WRF/inc -DEM_CORE=1 -DNMM_CORE=0 -DNMM_MAX_DIM=2600 -DDA_CORE=0 -DWRFPLUS=0 -DIWORDSIZE=4 -DDWORDSIZE=8 -DRWORDSIZE=4 -DLWORDSIZE=4 -DNONSTANDARD_SYSTEM_SUBR  -DWRF_USE_CLM  -DDM_PARALLEL -DNETCDF -DLANDREAD_STUB=1 -DUSE_ALLOCATABLES -Dwrfmodel -DGRIB1 -DINTIO -DKEEP_INT_AROUND -DLIMIT_ARGS -DBUILD_RRTMG_FAST=0 -DBUILD_RRTMK=0 -DBUILD_SBM_FAST=1 -DSHOW_ALL_VARS_USED=0 -DCONFIG_BUF_LEN=65536 -DMAX_DOMAINS_F=21 -DMAX_HISTORY=25 -DNMM_NEST=0 -DWRF_CHEM -DBUILD_CHEM=1 -I. -traditional-cpp   set_timekeeping.G  > set_timekeeping.bb
/home/hnavarro/Desktop/WRF/BUILD_WRF/WRF/tools/standard.exe set_timekeeping.bb | /lib/cpp -P -nostdinc -traditional-cpp > set_timekeeping.f90
rm -f set_timekeeping.G set_timekeeping.bb
time mpif90 -f90=gfortran -o set_timekeeping.o -c -O2 -ftree-vectorize -funroll-loops -w -ffree-form -ffree-line-length-none -fconvert=big-endian -frecord-marker=4 -fallow-argument-mismatch -fallow-invalid-boz   -I../dyn_em  -I/home/hnavarro/Desktop/WRF/BUILD_WRF/WRF/external/esmf_time_f90  -I/home/hnavarro/Desktop/WRF/BUILD_WRF/WRF/main -I/home/hnavarro/Desktop/WRF/BUILD_WRF/WRF/external/io_netcdf -I/home/hnavarro/Desktop/WRF/BUILD_WRF/WRF/external/io_int -I/home/hnavarro/Desktop/WRF/BUILD_WRF/WRF/frame -I/home/hnavarro/Desktop/WRF/BUILD_WRF/WRF/share -I/home/hnavarro/Desktop/WRF/BUILD_WRF/WRF/phys -I/home/hnavarro/Desktop/WRF/BUILD_WRF/WRF/wrftladj -I/home/hnavarro/Desktop/WRF/BUILD_WRF/WRF/chem -I/home/hnavarro/Desktop/WRF/BUILD_WRF/WRF/inc -I/home/hnavarro/Desktop/WRF/Install-WRF-Chem/LIBRARIES/netcdf/include    set_timekeeping.f90
4.01user 0.12system 0:04.14elapsed 99%CPU (0avgtext+0avgdata 107060maxresident)k
0inputs+1968outputs (0major+30363minor)pagefaults 0swaps
rm -f sint.o
sed -e "s/^\!.*'.*//" -e "s/^ *\!.*'.*//" sint.F > sint.G
/lib/cpp -P -nostdinc -I/home/hnavarro/Desktop/WRF/BUILD_WRF/WRF/inc -DEM_CORE=1 -DNMM_CORE=0 -DNMM_MAX_DIM=2600 -DDA_CORE=0 -DWRFPLUS=0 -DIWORDSIZE=4 -DDWORDSIZE=8 -DRWORDSIZE=4 -DLWORDSIZE=4 -DNONSTANDARD_SYSTEM_SUBR  -DWRF_USE_CLM  -DDM_PARALLEL -DNETCDF -DLANDREAD_STUB=1 -DUSE_ALLOCATABLES -Dwrfmodel -DGRIB1 -DINTIO -DKEEP_INT_AROUND -DLIMIT_ARGS -DBUILD_RRTMG_FAST=0 -DBUILD_RRTMK=0 -DBUILD_SBM_FAST=1 -DSHOW_ALL_VARS_USED=0 -DCONFIG_BUF_LEN=65536 -DMAX_DOMAINS_F=21 -DMAX_HISTORY=25 -DNMM_NEST=0 -DWRF_CHEM -DBUILD_CHEM=1 -I. -traditional-cpp   sint.G  > sint.bb
/home/hnavarro/Desktop/WRF/BUILD_WRF/WRF/tools/standard.exe sint.bb | /lib/cpp -P -nostdinc -traditional-cpp > sint.f90
rm -f sint.G sint.bb
time mpif90 -f90=gfortran -o sint.o -c -O2 -ftree-vectorize -funroll-loops -w -ffree-form -ffree-line-length-none -fconvert=big-endian -frecord-marker=4 -fallow-argument-mismatch -fallow-invalid-boz   -I../dyn_em  -I/home/hnavarro/Desktop/WRF/BUILD_WRF/WRF/external/esmf_time_f90  -I/home/hnavarro/Desktop/WRF/BUILD_WRF/WRF/main -I/home/hnavarro/Desktop/WRF/BUILD_WRF/WRF/external/io_netcdf -I/home/hnavarro/Desktop/WRF/BUILD_WRF/WRF/external/io_int -I/home/hnavarro/Desktop/WRF/BUILD_WRF/WRF/frame -I/home/hnavarro/Desktop/WRF/BUILD_WRF/WRF/share -I/home/hnavarro/Desktop/WRF/BUILD_WRF/WRF/phys -I/home/hnavarro/Desktop/WRF/BUILD_WRF/WRF/wrftladj -I/home/hnavarro/Desktop/WRF/BUILD_WRF/WRF/chem -I/home/hnavarro/Desktop/WRF/BUILD_WRF/WRF/inc -I/home/hnavarro/Desktop/WRF/Install-WRF-Chem/LIBRARIES/netcdf/include    sint.f90
0.60user 0.07system 0:00.69elapsed 98%CPU (0avgtext+0avgdata 58228maxresident)k
0inputs+312outputs (0major+17099minor)pagefaults 0swaps
rm -f wrf_ext_write_field.o
/lib/cpp -P -nostdinc -I/home/hnavarro/Desktop/WRF/BUILD_WRF/WRF/inc -DEM_CORE=1 -DNMM_CORE=0 -DNMM_MAX_DIM=2600 -DDA_CORE=0 -DWRFPLUS=0 -DIWORDSIZE=4 -DDWORDSIZE=8 -DRWORDSIZE=4 -DLWORDSIZE=4 -DNONSTANDARD_SYSTEM_SUBR  -DWRF_USE_CLM  -DDM_PARALLEL -DNETCDF -DLANDREAD_STUB=1 -DUSE_ALLOCATABLES -Dwrfmodel -DGRIB1 -DINTIO -DKEEP_INT_AROUND -DLIMIT_ARGS -DBUILD_RRTMG_FAST=0 -DBUILD_RRTMK=0 -DBUILD_SBM_FAST=1 -DSHOW_ALL_VARS_USED=0 -DCONFIG_BUF_LEN=65536 -DMAX_DOMAINS_F=21 -DMAX_HISTORY=25 -DNMM_NEST=0 -DWRF_CHEM -DBUILD_CHEM=1 -I. -traditional-cpp   wrf_ext_write_field.F  > wrf_ext_write_field.bb
/home/hnavarro/Desktop/WRF/BUILD_WRF/WRF/tools/standard.exe wrf_ext_write_field.bb | /lib/cpp -P -nostdinc -traditional-cpp > wrf_ext_write_field.f90
rm -f wrf_ext_write_field.b wrf_ext_write_field.bb
time mpif90 -f90=gfortran -c   -O0 -w -ffree-form -ffree-line-length-none -fconvert=big-endian -frecord-marker=4 -fallow-argument-mismatch -fallow-invalid-boz  -I../dyn_em  -I/home/hnavarro/Desktop/WRF/BUILD_WRF/WRF/external/esmf_time_f90  -I/home/hnavarro/Desktop/WRF/BUILD_WRF/WRF/main -I/home/hnavarro/Desktop/WRF/BUILD_WRF/WRF/external/io_netcdf -I/home/hnavarro/Desktop/WRF/BUILD_WRF/WRF/external/io_int -I/home/hnavarro/Desktop/WRF/BUILD_WRF/WRF/frame -I/home/hnavarro/Desktop/WRF/BUILD_WRF/WRF/share -I/home/hnavarro/Desktop/WRF/BUILD_WRF/WRF/phys -I/home/hnavarro/Desktop/WRF/BUILD_WRF/WRF/wrftladj -I/home/hnavarro/Desktop/WRF/BUILD_WRF/WRF/chem -I/home/hnavarro/Desktop/WRF/BUILD_WRF/WRF/inc -I/home/hnavarro/Desktop/WRF/Install-WRF-Chem/LIBRARIES/netcdf/include   wrf_ext_write_field.f90
3.54user 0.11system 0:03.66elapsed 99%CPU (0avgtext+0avgdata 122836maxresident)k
0inputs+1416outputs (0major+36491minor)pagefaults 0swaps
rm -f wrf_ext_read_field.o
/lib/cpp -P -nostdinc -I/home/hnavarro/Desktop/WRF/BUILD_WRF/WRF/inc -DEM_CORE=1 -DNMM_CORE=0 -DNMM_MAX_DIM=2600 -DDA_CORE=0 -DWRFPLUS=0 -DIWORDSIZE=4 -DDWORDSIZE=8 -DRWORDSIZE=4 -DLWORDSIZE=4 -DNONSTANDARD_SYSTEM_SUBR  -DWRF_USE_CLM  -DDM_PARALLEL -DNETCDF -DLANDREAD_STUB=1 -DUSE_ALLOCATABLES -Dwrfmodel -DGRIB1 -DINTIO -DKEEP_INT_AROUND -DLIMIT_ARGS -DBUILD_RRTMG_FAST=0 -DBUILD_RRTMK=0 -DBUILD_SBM_FAST=1 -DSHOW_ALL_VARS_USED=0 -DCONFIG_BUF_LEN=65536 -DMAX_DOMAINS_F=21 -DMAX_HISTORY=25 -DNMM_NEST=0 -DWRF_CHEM -DBUILD_CHEM=1 -I. -traditional-cpp   wrf_ext_read_field.F  > wrf_ext_read_field.bb
/home/hnavarro/Desktop/WRF/BUILD_WRF/WRF/tools/standard.exe wrf_ext_read_field.bb | /lib/cpp -P -nostdinc -traditional-cpp > wrf_ext_read_field.f90
rm -f wrf_ext_read_field.b wrf_ext_read_field.bb
time mpif90 -f90=gfortran -c   -O0 -w -ffree-form -ffree-line-length-none -fconvert=big-endian -frecord-marker=4 -fallow-argument-mismatch -fallow-invalid-boz  -I../dyn_em  -I/home/hnavarro/Desktop/WRF/BUILD_WRF/WRF/external/esmf_time_f90  -I/home/hnavarro/Desktop/WRF/BUILD_WRF/WRF/main -I/home/hnavarro/Desktop/WRF/BUILD_WRF/WRF/external/io_netcdf -I/home/hnavarro/Desktop/WRF/BUILD_WRF/WRF/external/io_int -I/home/hnavarro/Desktop/WRF/BUILD_WRF/WRF/frame -I/home/hnavarro/Desktop/WRF/BUILD_WRF/WRF/share -I/home/hnavarro/Desktop/WRF/BUILD_WRF/WRF/phys -I/home/hnavarro/Desktop/WRF/BUILD_WRF/WRF/wrftladj -I/home/hnavarro/Desktop/WRF/BUILD_WRF/WRF/chem -I/home/hnavarro/Desktop/WRF/BUILD_WRF/WRF/inc -I/home/hnavarro/Desktop/WRF/Install-WRF-Chem/LIBRARIES/netcdf/include   wrf_ext_read_field.f90
7.94user 0.07system 0:08.03elapsed 99%CPU (0avgtext+0avgdata 83840maxresident)k
0inputs+40outputs (0major+27474minor)pagefaults 0swaps
rm -f module_io_domain.o
sed -e "s/^\!.*'.*//" -e "s/^ *\!.*'.*//" module_io_domain.F > module_io_domain.G
/lib/cpp -P -nostdinc -I/home/hnavarro/Desktop/WRF/BUILD_WRF/WRF/inc -DEM_CORE=1 -DNMM_CORE=0 -DNMM_MAX_DIM=2600 -DDA_CORE=0 -DWRFPLUS=0 -DIWORDSIZE=4 -DDWORDSIZE=8 -DRWORDSIZE=4 -DLWORDSIZE=4 -DNONSTANDARD_SYSTEM_SUBR  -DWRF_USE_CLM  -DDM_PARALLEL -DNETCDF -DLANDREAD_STUB=1 -DUSE_ALLOCATABLES -Dwrfmodel -DGRIB1 -DINTIO -DKEEP_INT_AROUND -DLIMIT_ARGS -DBUILD_RRTMG_FAST=0 -DBUILD_RRTMK=0 -DBUILD_SBM_FAST=1 -DSHOW_ALL_VARS_USED=0 -DCONFIG_BUF_LEN=65536 -DMAX_DOMAINS_F=21 -DMAX_HISTORY=25 -DNMM_NEST=0 -DWRF_CHEM -DBUILD_CHEM=1 -I. -traditional-cpp   module_io_domain.G  > module_io_domain.bb
/home/hnavarro/Desktop/WRF/BUILD_WRF/WRF/tools/standard.exe module_io_domain.bb | /lib/cpp -P -nostdinc -traditional-cpp > module_io_domain.f90
rm -f module_io_domain.G module_io_domain.bb
time mpif90 -f90=gfortran -o module_io_domain.o -c -O2 -ftree-vectorize -funroll-loops -w -ffree-form -ffree-line-length-none -fconvert=big-endian -frecord-marker=4 -fallow-argument-mismatch -fallow-invalid-boz   -I../dyn_em  -I/home/hnavarro/Desktop/WRF/BUILD_WRF/WRF/external/esmf_time_f90  -I/home/hnavarro/Desktop/WRF/BUILD_WRF/WRF/main -I/home/hnavarro/Desktop/WRF/BUILD_WRF/WRF/external/io_netcdf -I/home/hnavarro/Desktop/WRF/BUILD_WRF/WRF/external/io_int -I/home/hnavarro/Desktop/WRF/BUILD_WRF/WRF/frame -I/home/hnavarro/Desktop/WRF/BUILD_WRF/WRF/share -I/home/hnavarro/Desktop/WRF/BUILD_WRF/WRF/phys -I/home/hnavarro/Desktop/WRF/BUILD_WRF/WRF/wrftladj -I/home/hnavarro/Desktop/WRF/BUILD_WRF/WRF/chem -I/home/hnavarro/Desktop/WRF/BUILD_WRF/WRF/inc -I/home/hnavarro/Desktop/WRF/Install-WRF-Chem/LIBRARIES/netcdf/include    module_io_domain.f90
10.77user 0.07system 0:10.86elapsed 99%CPU (0avgtext+0avgdata 88100maxresident)k
0inputs+72outputs (0major+28485minor)pagefaults 0swaps
rm -f landread.o
mpicc -cc=gcc -DFSEEKO64_OK  -o landread.o -c -w -O3 -c   -DDM_PARALLEL -DLANDREAD_STUB=1 -DMAX_HISTORY=25 -DNMM_CORE=0 landread.c
rm -f wrf_fddaobs_in.o
/home/hnavarro/Desktop/WRF/BUILD_WRF/WRF/tools/standard.exe wrf_fddaobs_in.F > wrf_fddaobs_in.b 
/lib/cpp -P -nostdinc -I/home/hnavarro/Desktop/WRF/BUILD_WRF/WRF/inc -DEM_CORE=1 -DNMM_CORE=0 -DNMM_MAX_DIM=2600 -DDA_CORE=0 -DWRFPLUS=0 -DIWORDSIZE=4 -DDWORDSIZE=8 -DRWORDSIZE=4 -DLWORDSIZE=4 -DNONSTANDARD_SYSTEM_SUBR  -DWRF_USE_CLM  -DDM_PARALLEL -DNETCDF -DLANDREAD_STUB=1 -DUSE_ALLOCATABLES -Dwrfmodel -DGRIB1 -DINTIO -DKEEP_INT_AROUND -DLIMIT_ARGS -DBUILD_RRTMG_FAST=0 -DBUILD_RRTMK=0 -DBUILD_SBM_FAST=1 -DSHOW_ALL_VARS_USED=0 -DCONFIG_BUF_LEN=65536 -DMAX_DOMAINS_F=21 -DMAX_HISTORY=25 -DNMM_NEST=0 -DWRF_CHEM -DBUILD_CHEM=1 -I. -traditional-cpp   wrf_fddaobs_in.b  > wrf_fddaobs_in.f90
rm -f wrf_fddaobs_in.b
time mpif90 -f90=gfortran -c  -O0 -w -ffree-form -ffree-line-length-none -fconvert=big-endian -frecord-marker=4 -fallow-argument-mismatch -fallow-invalid-boz  -I../dyn_em  -I/home/hnavarro/Desktop/WRF/BUILD_WRF/WRF/external/esmf_time_f90  -I/home/hnavarro/Desktop/WRF/BUILD_WRF/WRF/main -I/home/hnavarro/Desktop/WRF/BUILD_WRF/WRF/external/io_netcdf -I/home/hnavarro/Desktop/WRF/BUILD_WRF/WRF/external/io_int -I/home/hnavarro/Desktop/WRF/BUILD_WRF/WRF/frame -I/home/hnavarro/Desktop/WRF/BUILD_WRF/WRF/share -I/home/hnavarro/Desktop/WRF/BUILD_WRF/WRF/phys -I/home/hnavarro/Desktop/WRF/BUILD_WRF/WRF/wrftladj -I/home/hnavarro/Desktop/WRF/BUILD_WRF/WRF/chem -I/home/hnavarro/Desktop/WRF/BUILD_WRF/WRF/inc -I/home/hnavarro/Desktop/WRF/Install-WRF-Chem/LIBRARIES/netcdf/include    wrf_fddaobs_in.f90
3.63user 0.08system 0:03.72elapsed 99%CPU (0avgtext+0avgdata 93168maxresident)k
0inputs+1224outputs (0major+28778minor)pagefaults 0swaps
rm -f setfeenv.o
gcc -o setfeenv.o -c -w -O3 -c   -DDM_PARALLEL -DLANDREAD_STUB=1 -DMAX_HISTORY=25 -DNMM_CORE=0  setfeenv.c
rm -f module_optional_input.o
sed -e "s/^\!.*'.*//" -e "s/^ *\!.*'.*//" module_optional_input.F > module_optional_input.G
/lib/cpp -P -nostdinc -I/home/hnavarro/Desktop/WRF/BUILD_WRF/WRF/inc -DEM_CORE=1 -DNMM_CORE=0 -DNMM_MAX_DIM=2600 -DDA_CORE=0 -DWRFPLUS=0 -DIWORDSIZE=4 -DDWORDSIZE=8 -DRWORDSIZE=4 -DLWORDSIZE=4 -DNONSTANDARD_SYSTEM_SUBR  -DWRF_USE_CLM  -DDM_PARALLEL -DNETCDF -DLANDREAD_STUB=1 -DUSE_ALLOCATABLES -Dwrfmodel -DGRIB1 -DINTIO -DKEEP_INT_AROUND -DLIMIT_ARGS -DBUILD_RRTMG_FAST=0 -DBUILD_RRTMK=0 -DBUILD_SBM_FAST=1 -DSHOW_ALL_VARS_USED=0 -DCONFIG_BUF_LEN=65536 -DMAX_DOMAINS_F=21 -DMAX_HISTORY=25 -DNMM_NEST=0 -DWRF_CHEM -DBUILD_CHEM=1 -I. -traditional-cpp   module_optional_input.G  > module_optional_input.bb
/home/hnavarro/Desktop/WRF/BUILD_WRF/WRF/tools/standard.exe module_optional_input.bb | /lib/cpp -P -nostdinc -traditional-cpp > module_optional_input.f90
rm -f module_optional_input.G module_optional_input.bb
time mpif90 -f90=gfortran -o module_optional_input.o -c -O2 -ftree-vectorize -funroll-loops -w -ffree-form -ffree-line-length-none -fconvert=big-endian -frecord-marker=4 -fallow-argument-mismatch -fallow-invalid-boz   -I../dyn_em  -I/home/hnavarro/Desktop/WRF/BUILD_WRF/WRF/external/esmf_time_f90  -I/home/hnavarro/Desktop/WRF/BUILD_WRF/WRF/main -I/home/hnavarro/Desktop/WRF/BUILD_WRF/WRF/external/io_netcdf -I/home/hnavarro/Desktop/WRF/BUILD_WRF/WRF/external/io_int -I/home/hnavarro/Desktop/WRF/BUILD_WRF/WRF/frame -I/home/hnavarro/Desktop/WRF/BUILD_WRF/WRF/share -I/home/hnavarro/Desktop/WRF/BUILD_WRF/WRF/phys -I/home/hnavarro/Desktop/WRF/BUILD_WRF/WRF/wrftladj -I/home/hnavarro/Desktop/WRF/BUILD_WRF/WRF/chem -I/home/hnavarro/Desktop/WRF/BUILD_WRF/WRF/inc -I/home/hnavarro/Desktop/WRF/Install-WRF-Chem/LIBRARIES/netcdf/include    module_optional_input.f90
3.18user 0.08system 0:03.27elapsed 99%CPU (0avgtext+0avgdata 79692maxresident)k
0inputs+480outputs (0major+22990minor)pagefaults 0swaps
rm -f input_wrf.o
/lib/cpp -P -nostdinc -I/home/hnavarro/Desktop/WRF/BUILD_WRF/WRF/inc -DEM_CORE=1 -DNMM_CORE=0 -DNMM_MAX_DIM=2600 -DDA_CORE=0 -DWRFPLUS=0 -DIWORDSIZE=4 -DDWORDSIZE=8 -DRWORDSIZE=4 -DLWORDSIZE=4 -DNONSTANDARD_SYSTEM_SUBR  -DWRF_USE_CLM  -DDM_PARALLEL -DNETCDF -DLANDREAD_STUB=1 -DUSE_ALLOCATABLES -Dwrfmodel -DGRIB1 -DINTIO -DKEEP_INT_AROUND -DLIMIT_ARGS -DBUILD_RRTMG_FAST=0 -DBUILD_RRTMK=0 -DBUILD_SBM_FAST=1 -DSHOW_ALL_VARS_USED=0 -DCONFIG_BUF_LEN=65536 -DMAX_DOMAINS_F=21 -DMAX_HISTORY=25 -DNMM_NEST=0 -DWRF_CHEM -DBUILD_CHEM=1 -I. -traditional-cpp   input_wrf.F  > input_wrf.bb
/home/hnavarro/Desktop/WRF/BUILD_WRF/WRF/tools/standard.exe input_wrf.bb | /lib/cpp -P -nostdinc -traditional-cpp > input_wrf.f90
rm -f input_wrf.b input_wrf.bb
time mpif90 -f90=gfortran -c   -O0 -w -ffree-form -ffree-line-length-none -fconvert=big-endian -frecord-marker=4 -fallow-argument-mismatch -fallow-invalid-boz  -I../dyn_em  -I/home/hnavarro/Desktop/WRF/BUILD_WRF/WRF/external/esmf_time_f90  -I/home/hnavarro/Desktop/WRF/BUILD_WRF/WRF/main -I/home/hnavarro/Desktop/WRF/BUILD_WRF/WRF/external/io_netcdf -I/home/hnavarro/Desktop/WRF/BUILD_WRF/WRF/external/io_int -I/home/hnavarro/Desktop/WRF/BUILD_WRF/WRF/frame -I/home/hnavarro/Desktop/WRF/BUILD_WRF/WRF/share -I/home/hnavarro/Desktop/WRF/BUILD_WRF/WRF/phys -I/home/hnavarro/Desktop/WRF/BUILD_WRF/WRF/wrftladj -I/home/hnavarro/Desktop/WRF/BUILD_WRF/WRF/chem -I/home/hnavarro/Desktop/WRF/BUILD_WRF/WRF/inc -I/home/hnavarro/Desktop/WRF/Install-WRF-Chem/LIBRARIES/netcdf/include   input_wrf.f90
20.78user 0.07system 0:20.89elapsed 99%CPU (0avgtext+0avgdata 91500maxresident)k
0inputs+952outputs (0major+28134minor)pagefaults 0swaps
rm -f output_wrf.o
/home/hnavarro/Desktop/WRF/BUILD_WRF/WRF/tools/standard.exe output_wrf.F > output_wrf.b 
/lib/cpp -P -nostdinc -I/home/hnavarro/Desktop/WRF/BUILD_WRF/WRF/inc -DEM_CORE=1 -DNMM_CORE=0 -DNMM_MAX_DIM=2600 -DDA_CORE=0 -DWRFPLUS=0 -DIWORDSIZE=4 -DDWORDSIZE=8 -DRWORDSIZE=4 -DLWORDSIZE=4 -DNONSTANDARD_SYSTEM_SUBR  -DWRF_USE_CLM  -DDM_PARALLEL -DNETCDF -DLANDREAD_STUB=1 -DUSE_ALLOCATABLES -Dwrfmodel -DGRIB1 -DINTIO -DKEEP_INT_AROUND -DLIMIT_ARGS -DBUILD_RRTMG_FAST=0 -DBUILD_RRTMK=0 -DBUILD_SBM_FAST=1 -DSHOW_ALL_VARS_USED=0 -DCONFIG_BUF_LEN=65536 -DMAX_DOMAINS_F=21 -DMAX_HISTORY=25 -DNMM_NEST=0 -DWRF_CHEM -DBUILD_CHEM=1 -I. -traditional-cpp   output_wrf.b  > output_wrf.f90
rm -f output_wrf.b
time mpif90 -f90=gfortran -c  -O0 -w -ffree-form -ffree-line-length-none -fconvert=big-endian -frecord-marker=4 -fallow-argument-mismatch -fallow-invalid-boz  -I../dyn_em  -I/home/hnavarro/Desktop/WRF/BUILD_WRF/WRF/external/esmf_time_f90  -I/home/hnavarro/Desktop/WRF/BUILD_WRF/WRF/main -I/home/hnavarro/Desktop/WRF/BUILD_WRF/WRF/external/io_netcdf -I/home/hnavarro/Desktop/WRF/BUILD_WRF/WRF/external/io_int -I/home/hnavarro/Desktop/WRF/BUILD_WRF/WRF/frame -I/home/hnavarro/Desktop/WRF/BUILD_WRF/WRF/share -I/home/hnavarro/Desktop/WRF/BUILD_WRF/WRF/phys -I/home/hnavarro/Desktop/WRF/BUILD_WRF/WRF/wrftladj -I/home/hnavarro/Desktop/WRF/BUILD_WRF/WRF/chem -I/home/hnavarro/Desktop/WRF/BUILD_WRF/WRF/inc -I/home/hnavarro/Desktop/WRF/Install-WRF-Chem/LIBRARIES/netcdf/include    output_wrf.f90
19.99user 0.07system 0:20.09elapsed 99%CPU (0avgtext+0avgdata 90880maxresident)k
0inputs+768outputs (0major+27672minor)pagefaults 0swaps
rm -f wrf_bdyout.o
/lib/cpp -P -nostdinc -I/home/hnavarro/Desktop/WRF/BUILD_WRF/WRF/inc -DEM_CORE=1 -DNMM_CORE=0 -DNMM_MAX_DIM=2600 -DDA_CORE=0 -DWRFPLUS=0 -DIWORDSIZE=4 -DDWORDSIZE=8 -DRWORDSIZE=4 -DLWORDSIZE=4 -DNONSTANDARD_SYSTEM_SUBR  -DWRF_USE_CLM  -DDM_PARALLEL -DNETCDF -DLANDREAD_STUB=1 -DUSE_ALLOCATABLES -Dwrfmodel -DGRIB1 -DINTIO -DKEEP_INT_AROUND -DLIMIT_ARGS -DBUILD_RRTMG_FAST=0 -DBUILD_RRTMK=0 -DBUILD_SBM_FAST=1 -DSHOW_ALL_VARS_USED=0 -DCONFIG_BUF_LEN=65536 -DMAX_DOMAINS_F=21 -DMAX_HISTORY=25 -DNMM_NEST=0 -DWRF_CHEM -DBUILD_CHEM=1 -I. -traditional-cpp   wrf_bdyout.F  > wrf_bdyout.bb
/home/hnavarro/Desktop/WRF/BUILD_WRF/WRF/tools/standard.exe wrf_bdyout.bb | /lib/cpp -P -nostdinc -traditional-cpp > wrf_bdyout.f90
rm -f wrf_bdyout.b wrf_bdyout.bb
time mpif90 -f90=gfortran -c   -O0 -w -ffree-form -ffree-line-length-none -fconvert=big-endian -frecord-marker=4 -fallow-argument-mismatch -fallow-invalid-boz  -I../dyn_em  -I/home/hnavarro/Desktop/WRF/BUILD_WRF/WRF/external/esmf_time_f90  -I/home/hnavarro/Desktop/WRF/BUILD_WRF/WRF/main -I/home/hnavarro/Desktop/WRF/BUILD_WRF/WRF/external/io_netcdf -I/home/hnavarro/Desktop/WRF/BUILD_WRF/WRF/external/io_int -I/home/hnavarro/Desktop/WRF/BUILD_WRF/WRF/frame -I/home/hnavarro/Desktop/WRF/BUILD_WRF/WRF/share -I/home/hnavarro/Desktop/WRF/BUILD_WRF/WRF/phys -I/home/hnavarro/Desktop/WRF/BUILD_WRF/WRF/wrftladj -I/home/hnavarro/Desktop/WRF/BUILD_WRF/WRF/chem -I/home/hnavarro/Desktop/WRF/BUILD_WRF/WRF/inc -I/home/hnavarro/Desktop/WRF/Install-WRF-Chem/LIBRARIES/netcdf/include   wrf_bdyout.f90
39.36user 0.07system 0:39.48elapsed 99%CPU (0avgtext+0avgdata 90468maxresident)k
0inputs+1240outputs (0major+26902minor)pagefaults 0swaps
rm -f wrf_bdyin.o
/lib/cpp -P -nostdinc -I/home/hnavarro/Desktop/WRF/BUILD_WRF/WRF/inc -DEM_CORE=1 -DNMM_CORE=0 -DNMM_MAX_DIM=2600 -DDA_CORE=0 -DWRFPLUS=0 -DIWORDSIZE=4 -DDWORDSIZE=8 -DRWORDSIZE=4 -DLWORDSIZE=4 -DNONSTANDARD_SYSTEM_SUBR  -DWRF_USE_CLM  -DDM_PARALLEL -DNETCDF -DLANDREAD_STUB=1 -DUSE_ALLOCATABLES -Dwrfmodel -DGRIB1 -DINTIO -DKEEP_INT_AROUND -DLIMIT_ARGS -DBUILD_RRTMG_FAST=0 -DBUILD_RRTMK=0 -DBUILD_SBM_FAST=1 -DSHOW_ALL_VARS_USED=0 -DCONFIG_BUF_LEN=65536 -DMAX_DOMAINS_F=21 -DMAX_HISTORY=25 -DNMM_NEST=0 -DWRF_CHEM -DBUILD_CHEM=1 -I. -traditional-cpp   wrf_bdyin.F  > wrf_bdyin.bb
/home/hnavarro/Desktop/WRF/BUILD_WRF/WRF/tools/standard.exe wrf_bdyin.bb | /lib/cpp -P -nostdinc -traditional-cpp > wrf_bdyin.f90
rm -f wrf_bdyin.b wrf_bdyin.bb
time mpif90 -f90=gfortran -c   -O0 -w -ffree-form -ffree-line-length-none -fconvert=big-endian -frecord-marker=4 -fallow-argument-mismatch -fallow-invalid-boz  -I../dyn_em  -I/home/hnavarro/Desktop/WRF/BUILD_WRF/WRF/external/esmf_time_f90  -I/home/hnavarro/Desktop/WRF/BUILD_WRF/WRF/main -I/home/hnavarro/Desktop/WRF/BUILD_WRF/WRF/external/io_netcdf -I/home/hnavarro/Desktop/WRF/BUILD_WRF/WRF/external/io_int -I/home/hnavarro/Desktop/WRF/BUILD_WRF/WRF/frame -I/home/hnavarro/Desktop/WRF/BUILD_WRF/WRF/share -I/home/hnavarro/Desktop/WRF/BUILD_WRF/WRF/phys -I/home/hnavarro/Desktop/WRF/BUILD_WRF/WRF/wrftladj -I/home/hnavarro/Desktop/WRF/BUILD_WRF/WRF/chem -I/home/hnavarro/Desktop/WRF/BUILD_WRF/WRF/inc -I/home/hnavarro/Desktop/WRF/Install-WRF-Chem/LIBRARIES/netcdf/include   wrf_bdyin.f90
101.87user 0.26system 1:42.27elapsed 99%CPU (0avgtext+0avgdata 319008maxresident)k
0inputs+2720outputs (0major+126063minor)pagefaults 0swaps
rm -f dfi.o
sed -e "s/^\!.*'.*//" -e "s/^ *\!.*'.*//" dfi.F > dfi.G
/lib/cpp -P -nostdinc -I/home/hnavarro/Desktop/WRF/BUILD_WRF/WRF/inc -DEM_CORE=1 -DNMM_CORE=0 -DNMM_MAX_DIM=2600 -DDA_CORE=0 -DWRFPLUS=0 -DIWORDSIZE=4 -DDWORDSIZE=8 -DRWORDSIZE=4 -DLWORDSIZE=4 -DNONSTANDARD_SYSTEM_SUBR  -DWRF_USE_CLM  -DDM_PARALLEL -DNETCDF -DLANDREAD_STUB=1 -DUSE_ALLOCATABLES -Dwrfmodel -DGRIB1 -DINTIO -DKEEP_INT_AROUND -DLIMIT_ARGS -DBUILD_RRTMG_FAST=0 -DBUILD_RRTMK=0 -DBUILD_SBM_FAST=1 -DSHOW_ALL_VARS_USED=0 -DCONFIG_BUF_LEN=65536 -DMAX_DOMAINS_F=21 -DMAX_HISTORY=25 -DNMM_NEST=0 -DWRF_CHEM -DBUILD_CHEM=1 -I. -traditional-cpp   dfi.G  > dfi.bb
/home/hnavarro/Desktop/WRF/BUILD_WRF/WRF/tools/standard.exe dfi.bb | /lib/cpp -P -nostdinc -traditional-cpp > dfi.f90
rm -f dfi.G dfi.bb
time mpif90 -f90=gfortran -o dfi.o -c -O2 -ftree-vectorize -funroll-loops -w -ffree-form -ffree-line-length-none -fconvert=big-endian -frecord-marker=4 -fallow-argument-mismatch -fallow-invalid-boz   -I../dyn_em  -I/home/hnavarro/Desktop/WRF/BUILD_WRF/WRF/external/esmf_time_f90  -I/home/hnavarro/Desktop/WRF/BUILD_WRF/WRF/main -I/home/hnavarro/Desktop/WRF/BUILD_WRF/WRF/external/io_netcdf -I/home/hnavarro/Desktop/WRF/BUILD_WRF/WRF/external/io_int -I/home/hnavarro/Desktop/WRF/BUILD_WRF/WRF/frame -I/home/hnavarro/Desktop/WRF/BUILD_WRF/WRF/share -I/home/hnavarro/Desktop/WRF/BUILD_WRF/WRF/phys -I/home/hnavarro/Desktop/WRF/BUILD_WRF/WRF/wrftladj -I/home/hnavarro/Desktop/WRF/BUILD_WRF/WRF/chem -I/home/hnavarro/Desktop/WRF/BUILD_WRF/WRF/inc -I/home/hnavarro/Desktop/WRF/Install-WRF-Chem/LIBRARIES/netcdf/include    dfi.f90
41.29user 0.11system 0:41.47elapsed 99%CPU (0avgtext+0avgdata 87804maxresident)k
0inputs+1104outputs (0major+26097minor)pagefaults 0swaps
rm -f ../dyn_em/module_bc_em.o
sed -e "s/^\!.*'.*//" -e "s/^ *\!.*'.*//" ../dyn_em/module_bc_em.F > ../dyn_em/module_bc_em.G
/lib/cpp -P -nostdinc -I/home/hnavarro/Desktop/WRF/BUILD_WRF/WRF/inc -DEM_CORE=1 -DNMM_CORE=0 -DNMM_MAX_DIM=2600 -DDA_CORE=0 -DWRFPLUS=0 -DIWORDSIZE=4 -DDWORDSIZE=8 -DRWORDSIZE=4 -DLWORDSIZE=4 -DNONSTANDARD_SYSTEM_SUBR  -DWRF_USE_CLM  -DDM_PARALLEL -DNETCDF -DLANDREAD_STUB=1 -DUSE_ALLOCATABLES -Dwrfmodel -DGRIB1 -DINTIO -DKEEP_INT_AROUND -DLIMIT_ARGS -DBUILD_RRTMG_FAST=0 -DBUILD_RRTMK=0 -DBUILD_SBM_FAST=1 -DSHOW_ALL_VARS_USED=0 -DCONFIG_BUF_LEN=65536 -DMAX_DOMAINS_F=21 -DMAX_HISTORY=25 -DNMM_NEST=0 -DWRF_CHEM -DBUILD_CHEM=1 -I. -traditional-cpp   ../dyn_em/module_bc_em.G  > ../dyn_em/module_bc_em.bb
/home/hnavarro/Desktop/WRF/BUILD_WRF/WRF/tools/standard.exe ../dyn_em/module_bc_em.bb | /lib/cpp -P -nostdinc -traditional-cpp > ../dyn_em/module_bc_em.f90
rm -f ../dyn_em/module_bc_em.G ../dyn_em/module_bc_em.bb
time mpif90 -f90=gfortran -o ../dyn_em/module_bc_em.o -c -O2 -ftree-vectorize -funroll-loops -w -ffree-form -ffree-line-length-none -fconvert=big-endian -frecord-marker=4 -fallow-argument-mismatch -fallow-invalid-boz   -I../dyn_em  -I/home/hnavarro/Desktop/WRF/BUILD_WRF/WRF/external/esmf_time_f90  -I/home/hnavarro/Desktop/WRF/BUILD_WRF/WRF/main -I/home/hnavarro/Desktop/WRF/BUILD_WRF/WRF/external/io_netcdf -I/home/hnavarro/Desktop/WRF/BUILD_WRF/WRF/external/io_int -I/home/hnavarro/Desktop/WRF/BUILD_WRF/WRF/frame -I/home/hnavarro/Desktop/WRF/BUILD_WRF/WRF/share -I/home/hnavarro/Desktop/WRF/BUILD_WRF/WRF/phys -I/home/hnavarro/Desktop/WRF/BUILD_WRF/WRF/wrftladj -I/home/hnavarro/Desktop/WRF/BUILD_WRF/WRF/chem -I/home/hnavarro/Desktop/WRF/BUILD_WRF/WRF/inc -I/home/hnavarro/Desktop/WRF/Install-WRF-Chem/LIBRARIES/netcdf/include    ../dyn_em/module_bc_em.f90
1.52user 0.07system 0:01.60elapsed 99%CPU (0avgtext+0avgdata 84284maxresident)k
0inputs+992outputs (0major+24622minor)pagefaults 0swaps
rm -f mediation_wrfmain.o
sed -e "s/^\!.*'.*//" -e "s/^ *\!.*'.*//" mediation_wrfmain.F > mediation_wrfmain.G
/lib/cpp -P -nostdinc -I/home/hnavarro/Desktop/WRF/BUILD_WRF/WRF/inc -DEM_CORE=1 -DNMM_CORE=0 -DNMM_MAX_DIM=2600 -DDA_CORE=0 -DWRFPLUS=0 -DIWORDSIZE=4 -DDWORDSIZE=8 -DRWORDSIZE=4 -DLWORDSIZE=4 -DNONSTANDARD_SYSTEM_SUBR  -DWRF_USE_CLM  -DDM_PARALLEL -DNETCDF -DLANDREAD_STUB=1 -DUSE_ALLOCATABLES -Dwrfmodel -DGRIB1 -DINTIO -DKEEP_INT_AROUND -DLIMIT_ARGS -DBUILD_RRTMG_FAST=0 -DBUILD_RRTMK=0 -DBUILD_SBM_FAST=1 -DSHOW_ALL_VARS_USED=0 -DCONFIG_BUF_LEN=65536 -DMAX_DOMAINS_F=21 -DMAX_HISTORY=25 -DNMM_NEST=0 -DWRF_CHEM -DBUILD_CHEM=1 -I. -traditional-cpp   mediation_wrfmain.G  > mediation_wrfmain.bb
/home/hnavarro/Desktop/WRF/BUILD_WRF/WRF/tools/standard.exe mediation_wrfmain.bb | /lib/cpp -P -nostdinc -traditional-cpp > mediation_wrfmain.f90
rm -f mediation_wrfmain.G mediation_wrfmain.bb
time mpif90 -f90=gfortran -o mediation_wrfmain.o -c -O2 -ftree-vectorize -funroll-loops -w -ffree-form -ffree-line-length-none -fconvert=big-endian -frecord-marker=4 -fallow-argument-mismatch -fallow-invalid-boz   -I../dyn_em  -I/home/hnavarro/Desktop/WRF/BUILD_WRF/WRF/external/esmf_time_f90  -I/home/hnavarro/Desktop/WRF/BUILD_WRF/WRF/main -I/home/hnavarro/Desktop/WRF/BUILD_WRF/WRF/external/io_netcdf -I/home/hnavarro/Desktop/WRF/BUILD_WRF/WRF/external/io_int -I/home/hnavarro/Desktop/WRF/BUILD_WRF/WRF/frame -I/home/hnavarro/Desktop/WRF/BUILD_WRF/WRF/share -I/home/hnavarro/Desktop/WRF/BUILD_WRF/WRF/phys -I/home/hnavarro/Desktop/WRF/BUILD_WRF/WRF/wrftladj -I/home/hnavarro/Desktop/WRF/BUILD_WRF/WRF/chem -I/home/hnavarro/Desktop/WRF/BUILD_WRF/WRF/inc -I/home/hnavarro/Desktop/WRF/Install-WRF-Chem/LIBRARIES/netcdf/include    mediation_wrfmain.f90
26.13user 0.65system 0:26.85elapsed 99%CPU (0avgtext+0avgdata 802896maxresident)k
0inputs+4000outputs (0major+319094minor)pagefaults 0swaps
rm -f module_check_a_mundo.o
sed -e "s/^\!.*'.*//" -e "s/^ *\!.*'.*//" module_check_a_mundo.F > module_check_a_mundo.G
/lib/cpp -P -nostdinc -I/home/hnavarro/Desktop/WRF/BUILD_WRF/WRF/inc -DEM_CORE=1 -DNMM_CORE=0 -DNMM_MAX_DIM=2600 -DDA_CORE=0 -DWRFPLUS=0 -DIWORDSIZE=4 -DDWORDSIZE=8 -DRWORDSIZE=4 -DLWORDSIZE=4 -DNONSTANDARD_SYSTEM_SUBR  -DWRF_USE_CLM  -DDM_PARALLEL -DNETCDF -DLANDREAD_STUB=1 -DUSE_ALLOCATABLES -Dwrfmodel -DGRIB1 -DINTIO -DKEEP_INT_AROUND -DLIMIT_ARGS -DBUILD_RRTMG_FAST=0 -DBUILD_RRTMK=0 -DBUILD_SBM_FAST=1 -DSHOW_ALL_VARS_USED=0 -DCONFIG_BUF_LEN=65536 -DMAX_DOMAINS_F=21 -DMAX_HISTORY=25 -DNMM_NEST=0 -DWRF_CHEM -DBUILD_CHEM=1 -I. -traditional-cpp   module_check_a_mundo.G  > module_check_a_mundo.bb
/home/hnavarro/Desktop/WRF/BUILD_WRF/WRF/tools/standard.exe module_check_a_mundo.bb | /lib/cpp -P -nostdinc -traditional-cpp > module_check_a_mundo.f90
rm -f module_check_a_mundo.G module_check_a_mundo.bb
time mpif90 -f90=gfortran -o module_check_a_mundo.o -c -O2 -ftree-vectorize -funroll-loops -w -ffree-form -ffree-line-length-none -fconvert=big-endian -frecord-marker=4 -fallow-argument-mismatch -fallow-invalid-boz   -I../dyn_em  -I/home/hnavarro/Desktop/WRF/BUILD_WRF/WRF/external/esmf_time_f90  -I/home/hnavarro/Desktop/WRF/BUILD_WRF/WRF/main -I/home/hnavarro/Desktop/WRF/BUILD_WRF/WRF/external/io_netcdf -I/home/hnavarro/Desktop/WRF/BUILD_WRF/WRF/external/io_int -I/home/hnavarro/Desktop/WRF/BUILD_WRF/WRF/frame -I/home/hnavarro/Desktop/WRF/BUILD_WRF/WRF/share -I/home/hnavarro/Desktop/WRF/BUILD_WRF/WRF/phys -I/home/hnavarro/Desktop/WRF/BUILD_WRF/WRF/wrftladj -I/home/hnavarro/Desktop/WRF/BUILD_WRF/WRF/chem -I/home/hnavarro/Desktop/WRF/BUILD_WRF/WRF/inc -I/home/hnavarro/Desktop/WRF/Install-WRF-Chem/LIBRARIES/netcdf/include    module_check_a_mundo.f90
4.68user 0.11system 0:04.80elapsed 99%CPU (0avgtext+0avgdata 157940maxresident)k
0inputs+4288outputs (0major+49521minor)pagefaults 0swaps
rm -f module_random.o
sed -e "s/^\!.*'.*//" -e "s/^ *\!.*'.*//" module_random.F > module_random.G
/lib/cpp -P -nostdinc -I/home/hnavarro/Desktop/WRF/BUILD_WRF/WRF/inc -DEM_CORE=1 -DNMM_CORE=0 -DNMM_MAX_DIM=2600 -DDA_CORE=0 -DWRFPLUS=0 -DIWORDSIZE=4 -DDWORDSIZE=8 -DRWORDSIZE=4 -DLWORDSIZE=4 -DNONSTANDARD_SYSTEM_SUBR  -DWRF_USE_CLM  -DDM_PARALLEL -DNETCDF -DLANDREAD_STUB=1 -DUSE_ALLOCATABLES -Dwrfmodel -DGRIB1 -DINTIO -DKEEP_INT_AROUND -DLIMIT_ARGS -DBUILD_RRTMG_FAST=0 -DBUILD_RRTMK=0 -DBUILD_SBM_FAST=1 -DSHOW_ALL_VARS_USED=0 -DCONFIG_BUF_LEN=65536 -DMAX_DOMAINS_F=21 -DMAX_HISTORY=25 -DNMM_NEST=0 -DWRF_CHEM -DBUILD_CHEM=1 -I. -traditional-cpp   module_random.G  > module_random.bb
/home/hnavarro/Desktop/WRF/BUILD_WRF/WRF/tools/standard.exe module_random.bb | /lib/cpp -P -nostdinc -traditional-cpp > module_random.f90
rm -f module_random.G module_random.bb
time mpif90 -f90=gfortran -o module_random.o -c -O2 -ftree-vectorize -funroll-loops -w -ffree-form -ffree-line-length-none -fconvert=big-endian -frecord-marker=4 -fallow-argument-mismatch -fallow-invalid-boz   -I../dyn_em  -I/home/hnavarro/Desktop/WRF/BUILD_WRF/WRF/external/esmf_time_f90  -I/home/hnavarro/Desktop/WRF/BUILD_WRF/WRF/main -I/home/hnavarro/Desktop/WRF/BUILD_WRF/WRF/external/io_netcdf -I/home/hnavarro/Desktop/WRF/BUILD_WRF/WRF/external/io_int -I/home/hnavarro/Desktop/WRF/BUILD_WRF/WRF/frame -I/home/hnavarro/Desktop/WRF/BUILD_WRF/WRF/share -I/home/hnavarro/Desktop/WRF/BUILD_WRF/WRF/phys -I/home/hnavarro/Desktop/WRF/BUILD_WRF/WRF/wrftladj -I/home/hnavarro/Desktop/WRF/BUILD_WRF/WRF/chem -I/home/hnavarro/Desktop/WRF/BUILD_WRF/WRF/inc -I/home/hnavarro/Desktop/WRF/Install-WRF-Chem/LIBRARIES/netcdf/include    module_random.f90
0.12user 0.06system 0:00.18elapsed 100%CPU (0avgtext+0avgdata 32896maxresident)k
0inputs+96outputs (0major+8805minor)pagefaults 0swaps
rm -f module_interp_nmm.o
sed -e "s/^\!.*'.*//" -e "s/^ *\!.*'.*//" module_interp_nmm.F > module_interp_nmm.G
/lib/cpp -P -nostdinc -I/home/hnavarro/Desktop/WRF/BUILD_WRF/WRF/inc -DEM_CORE=1 -DNMM_CORE=0 -DNMM_MAX_DIM=2600 -DDA_CORE=0 -DWRFPLUS=0 -DIWORDSIZE=4 -DDWORDSIZE=8 -DRWORDSIZE=4 -DLWORDSIZE=4 -DNONSTANDARD_SYSTEM_SUBR  -DWRF_USE_CLM  -DDM_PARALLEL -DNETCDF -DLANDREAD_STUB=1 -DUSE_ALLOCATABLES -Dwrfmodel -DGRIB1 -DINTIO -DKEEP_INT_AROUND -DLIMIT_ARGS -DBUILD_RRTMG_FAST=0 -DBUILD_RRTMK=0 -DBUILD_SBM_FAST=1 -DSHOW_ALL_VARS_USED=0 -DCONFIG_BUF_LEN=65536 -DMAX_DOMAINS_F=21 -DMAX_HISTORY=25 -DNMM_NEST=0 -DWRF_CHEM -DBUILD_CHEM=1 -I. -traditional-cpp   module_interp_nmm.G  > module_interp_nmm.bb
/home/hnavarro/Desktop/WRF/BUILD_WRF/WRF/tools/standard.exe module_interp_nmm.bb | /lib/cpp -P -nostdinc -traditional-cpp > module_interp_nmm.f90
rm -f module_interp_nmm.G module_interp_nmm.bb
time mpif90 -f90=gfortran -o module_interp_nmm.o -c -O2 -ftree-vectorize -funroll-loops -w -ffree-form -ffree-line-length-none -fconvert=big-endian -frecord-marker=4 -fallow-argument-mismatch -fallow-invalid-boz   -I../dyn_em  -I/home/hnavarro/Desktop/WRF/BUILD_WRF/WRF/external/esmf_time_f90  -I/home/hnavarro/Desktop/WRF/BUILD_WRF/WRF/main -I/home/hnavarro/Desktop/WRF/BUILD_WRF/WRF/external/io_netcdf -I/home/hnavarro/Desktop/WRF/BUILD_WRF/WRF/external/io_int -I/home/hnavarro/Desktop/WRF/BUILD_WRF/WRF/frame -I/home/hnavarro/Desktop/WRF/BUILD_WRF/WRF/share -I/home/hnavarro/Desktop/WRF/BUILD_WRF/WRF/phys -I/home/hnavarro/Desktop/WRF/BUILD_WRF/WRF/wrftladj -I/home/hnavarro/Desktop/WRF/BUILD_WRF/WRF/chem -I/home/hnavarro/Desktop/WRF/BUILD_WRF/WRF/inc -I/home/hnavarro/Desktop/WRF/Install-WRF-Chem/LIBRARIES/netcdf/include    module_interp_nmm.f90
2.15user 0.08system 0:02.24elapsed 99%CPU (0avgtext+0avgdata 111016maxresident)k
0inputs+1400outputs (0major+29166minor)pagefaults 0swaps
rm -f module_trajectory.o
sed -e "s/^\!.*'.*//" -e "s/^ *\!.*'.*//" module_trajectory.F > module_trajectory.G
/lib/cpp -P -nostdinc -I/home/hnavarro/Desktop/WRF/BUILD_WRF/WRF/inc -DEM_CORE=1 -DNMM_CORE=0 -DNMM_MAX_DIM=2600 -DDA_CORE=0 -DWRFPLUS=0 -DIWORDSIZE=4 -DDWORDSIZE=8 -DRWORDSIZE=4 -DLWORDSIZE=4 -DNONSTANDARD_SYSTEM_SUBR  -DWRF_USE_CLM  -DDM_PARALLEL -DNETCDF -DLANDREAD_STUB=1 -DUSE_ALLOCATABLES -Dwrfmodel -DGRIB1 -DINTIO -DKEEP_INT_AROUND -DLIMIT_ARGS -DBUILD_RRTMG_FAST=0 -DBUILD_RRTMK=0 -DBUILD_SBM_FAST=1 -DSHOW_ALL_VARS_USED=0 -DCONFIG_BUF_LEN=65536 -DMAX_DOMAINS_F=21 -DMAX_HISTORY=25 -DNMM_NEST=0 -DWRF_CHEM -DBUILD_CHEM=1 -I. -traditional-cpp   module_trajectory.G  > module_trajectory.bb
/home/hnavarro/Desktop/WRF/BUILD_WRF/WRF/tools/standard.exe module_trajectory.bb | /lib/cpp -P -nostdinc -traditional-cpp > module_trajectory.f90
rm -f module_trajectory.G module_trajectory.bb
time mpif90 -f90=gfortran -o module_trajectory.o -c -O2 -ftree-vectorize -funroll-loops -w -ffree-form -ffree-line-length-none -fconvert=big-endian -frecord-marker=4 -fallow-argument-mismatch -fallow-invalid-boz   -I../dyn_em  -I/home/hnavarro/Desktop/WRF/BUILD_WRF/WRF/external/esmf_time_f90  -I/home/hnavarro/Desktop/WRF/BUILD_WRF/WRF/main -I/home/hnavarro/Desktop/WRF/BUILD_WRF/WRF/external/io_netcdf -I/home/hnavarro/Desktop/WRF/BUILD_WRF/WRF/external/io_int -I/home/hnavarro/Desktop/WRF/BUILD_WRF/WRF/frame -I/home/hnavarro/Desktop/WRF/BUILD_WRF/WRF/share -I/home/hnavarro/Desktop/WRF/BUILD_WRF/WRF/phys -I/home/hnavarro/Desktop/WRF/BUILD_WRF/WRF/wrftladj -I/home/hnavarro/Desktop/WRF/BUILD_WRF/WRF/chem -I/home/hnavarro/Desktop/WRF/BUILD_WRF/WRF/inc -I/home/hnavarro/Desktop/WRF/Install-WRF-Chem/LIBRARIES/netcdf/include    module_trajectory.f90
10.62user 0.22system 0:10.86elapsed 99%CPU (0avgtext+0avgdata 332632maxresident)k
0inputs+3184outputs (0major+118349minor)pagefaults 0swaps
rm -f mediation_feedback_domain.o
sed -e "s/^\!.*'.*//" -e "s/^ *\!.*'.*//" mediation_feedback_domain.F > mediation_feedback_domain.G
/lib/cpp -P -nostdinc -I/home/hnavarro/Desktop/WRF/BUILD_WRF/WRF/inc -DEM_CORE=1 -DNMM_CORE=0 -DNMM_MAX_DIM=2600 -DDA_CORE=0 -DWRFPLUS=0 -DIWORDSIZE=4 -DDWORDSIZE=8 -DRWORDSIZE=4 -DLWORDSIZE=4 -DNONSTANDARD_SYSTEM_SUBR  -DWRF_USE_CLM  -DDM_PARALLEL -DNETCDF -DLANDREAD_STUB=1 -DUSE_ALLOCATABLES -Dwrfmodel -DGRIB1 -DINTIO -DKEEP_INT_AROUND -DLIMIT_ARGS -DBUILD_RRTMG_FAST=0 -DBUILD_RRTMK=0 -DBUILD_SBM_FAST=1 -DSHOW_ALL_VARS_USED=0 -DCONFIG_BUF_LEN=65536 -DMAX_DOMAINS_F=21 -DMAX_HISTORY=25 -DNMM_NEST=0 -DWRF_CHEM -DBUILD_CHEM=1 -I. -traditional-cpp   mediation_feedback_domain.G  > mediation_feedback_domain.bb
/home/hnavarro/Desktop/WRF/BUILD_WRF/WRF/tools/standard.exe mediation_feedback_domain.bb | /lib/cpp -P -nostdinc -traditional-cpp > mediation_feedback_domain.f90
rm -f mediation_feedback_domain.G mediation_feedback_domain.bb
time mpif90 -f90=gfortran -o mediation_feedback_domain.o -c -O2 -ftree-vectorize -funroll-loops -w -ffree-form -ffree-line-length-none -fconvert=big-endian -frecord-marker=4 -fallow-argument-mismatch -fallow-invalid-boz   -I../dyn_em  -I/home/hnavarro/Desktop/WRF/BUILD_WRF/WRF/external/esmf_time_f90  -I/home/hnavarro/Desktop/WRF/BUILD_WRF/WRF/main -I/home/hnavarro/Desktop/WRF/BUILD_WRF/WRF/external/io_netcdf -I/home/hnavarro/Desktop/WRF/BUILD_WRF/WRF/external/io_int -I/home/hnavarro/Desktop/WRF/BUILD_WRF/WRF/frame -I/home/hnavarro/Desktop/WRF/BUILD_WRF/WRF/share -I/home/hnavarro/Desktop/WRF/BUILD_WRF/WRF/phys -I/home/hnavarro/Desktop/WRF/BUILD_WRF/WRF/wrftladj -I/home/hnavarro/Desktop/WRF/BUILD_WRF/WRF/chem -I/home/hnavarro/Desktop/WRF/BUILD_WRF/WRF/inc -I/home/hnavarro/Desktop/WRF/Install-WRF-Chem/LIBRARIES/netcdf/include    mediation_feedback_domain.f90
13.08user 0.16system 0:13.31elapsed 99%CPU (0avgtext+0avgdata 113576maxresident)k
0inputs+296outputs (0major+34191minor)pagefaults 0swaps
rm -f wrf_timeseries.o
sed -e "s/^\!.*'.*//" -e "s/^ *\!.*'.*//" wrf_timeseries.F > wrf_timeseries.G
/lib/cpp -P -nostdinc -I/home/hnavarro/Desktop/WRF/BUILD_WRF/WRF/inc -DEM_CORE=1 -DNMM_CORE=0 -DNMM_MAX_DIM=2600 -DDA_CORE=0 -DWRFPLUS=0 -DIWORDSIZE=4 -DDWORDSIZE=8 -DRWORDSIZE=4 -DLWORDSIZE=4 -DNONSTANDARD_SYSTEM_SUBR  -DWRF_USE_CLM  -DDM_PARALLEL -DNETCDF -DLANDREAD_STUB=1 -DUSE_ALLOCATABLES -Dwrfmodel -DGRIB1 -DINTIO -DKEEP_INT_AROUND -DLIMIT_ARGS -DBUILD_RRTMG_FAST=0 -DBUILD_RRTMK=0 -DBUILD_SBM_FAST=1 -DSHOW_ALL_VARS_USED=0 -DCONFIG_BUF_LEN=65536 -DMAX_DOMAINS_F=21 -DMAX_HISTORY=25 -DNMM_NEST=0 -DWRF_CHEM -DBUILD_CHEM=1 -I. -traditional-cpp   wrf_timeseries.G  > wrf_timeseries.bb
/home/hnavarro/Desktop/WRF/BUILD_WRF/WRF/tools/standard.exe wrf_timeseries.bb | /lib/cpp -P -nostdinc -traditional-cpp > wrf_timeseries.f90
rm -f wrf_timeseries.G wrf_timeseries.bb
time mpif90 -f90=gfortran -o wrf_timeseries.o -c -O2 -ftree-vectorize -funroll-loops -w -ffree-form -ffree-line-length-none -fconvert=big-endian -frecord-marker=4 -fallow-argument-mismatch -fallow-invalid-boz   -I../dyn_em  -I/home/hnavarro/Desktop/WRF/BUILD_WRF/WRF/external/esmf_time_f90  -I/home/hnavarro/Desktop/WRF/BUILD_WRF/WRF/main -I/home/hnavarro/Desktop/WRF/BUILD_WRF/WRF/external/io_netcdf -I/home/hnavarro/Desktop/WRF/BUILD_WRF/WRF/external/io_int -I/home/hnavarro/Desktop/WRF/BUILD_WRF/WRF/frame -I/home/hnavarro/Desktop/WRF/BUILD_WRF/WRF/share -I/home/hnavarro/Desktop/WRF/BUILD_WRF/WRF/phys -I/home/hnavarro/Desktop/WRF/BUILD_WRF/WRF/wrftladj -I/home/hnavarro/Desktop/WRF/BUILD_WRF/WRF/chem -I/home/hnavarro/Desktop/WRF/BUILD_WRF/WRF/inc -I/home/hnavarro/Desktop/WRF/Install-WRF-Chem/LIBRARIES/netcdf/include    wrf_timeseries.f90
8.64user 0.16system 0:08.84elapsed 99%CPU (0avgtext+0avgdata 239168maxresident)k
0inputs+1560outputs (0major+68195minor)pagefaults 0swaps
rm -f track_driver.o
/home/hnavarro/Desktop/WRF/BUILD_WRF/WRF/tools/standard.exe track_driver.F > track_driver.b 
/lib/cpp -P -nostdinc -I/home/hnavarro/Desktop/WRF/BUILD_WRF/WRF/inc -DEM_CORE=1 -DNMM_CORE=0 -DNMM_MAX_DIM=2600 -DDA_CORE=0 -DWRFPLUS=0 -DIWORDSIZE=4 -DDWORDSIZE=8 -DRWORDSIZE=4 -DLWORDSIZE=4 -DNONSTANDARD_SYSTEM_SUBR  -DWRF_USE_CLM  -DDM_PARALLEL -DNETCDF -DLANDREAD_STUB=1 -DUSE_ALLOCATABLES -Dwrfmodel -DGRIB1 -DINTIO -DKEEP_INT_AROUND -DLIMIT_ARGS -DBUILD_RRTMG_FAST=0 -DBUILD_RRTMK=0 -DBUILD_SBM_FAST=1 -DSHOW_ALL_VARS_USED=0 -DCONFIG_BUF_LEN=65536 -DMAX_DOMAINS_F=21 -DMAX_HISTORY=25 -DNMM_NEST=0 -DWRF_CHEM -DBUILD_CHEM=1 -I. -traditional-cpp   track_driver.b  > track_driver.f90
rm -f track_driver.b
time mpif90 -f90=gfortran -c  -O0 -w -ffree-form -ffree-line-length-none -fconvert=big-endian -frecord-marker=4 -fallow-argument-mismatch -fallow-invalid-boz  -I../dyn_em  -I/home/hnavarro/Desktop/WRF/BUILD_WRF/WRF/external/esmf_time_f90  -I/home/hnavarro/Desktop/WRF/BUILD_WRF/WRF/main -I/home/hnavarro/Desktop/WRF/BUILD_WRF/WRF/external/io_netcdf -I/home/hnavarro/Desktop/WRF/BUILD_WRF/WRF/external/io_int -I/home/hnavarro/Desktop/WRF/BUILD_WRF/WRF/frame -I/home/hnavarro/Desktop/WRF/BUILD_WRF/WRF/share -I/home/hnavarro/Desktop/WRF/BUILD_WRF/WRF/phys -I/home/hnavarro/Desktop/WRF/BUILD_WRF/WRF/wrftladj -I/home/hnavarro/Desktop/WRF/BUILD_WRF/WRF/chem -I/home/hnavarro/Desktop/WRF/BUILD_WRF/WRF/inc -I/home/hnavarro/Desktop/WRF/Install-WRF-Chem/LIBRARIES/netcdf/include    track_driver.f90
50.41user 0.14system 0:50.73elapsed 99%CPU (0avgtext+0avgdata 188172maxresident)k
0inputs+600outputs (0major+64558minor)pagefaults 0swaps
rm -f interp_fcn.o
sed -e "s/^\!.*'.*//" -e "s/^ *\!.*'.*//" interp_fcn.F > interp_fcn.G
/lib/cpp -P -nostdinc -I/home/hnavarro/Desktop/WRF/BUILD_WRF/WRF/inc -DEM_CORE=1 -DNMM_CORE=0 -DNMM_MAX_DIM=2600 -DDA_CORE=0 -DWRFPLUS=0 -DIWORDSIZE=4 -DDWORDSIZE=8 -DRWORDSIZE=4 -DLWORDSIZE=4 -DNONSTANDARD_SYSTEM_SUBR  -DWRF_USE_CLM  -DDM_PARALLEL -DNETCDF -DLANDREAD_STUB=1 -DUSE_ALLOCATABLES -Dwrfmodel -DGRIB1 -DINTIO -DKEEP_INT_AROUND -DLIMIT_ARGS -DBUILD_RRTMG_FAST=0 -DBUILD_RRTMK=0 -DBUILD_SBM_FAST=1 -DSHOW_ALL_VARS_USED=0 -DCONFIG_BUF_LEN=65536 -DMAX_DOMAINS_F=21 -DMAX_HISTORY=25 -DNMM_NEST=0 -DWRF_CHEM -DBUILD_CHEM=1 -I. -traditional-cpp   interp_fcn.G  > interp_fcn.bb
/home/hnavarro/Desktop/WRF/BUILD_WRF/WRF/tools/standard.exe interp_fcn.bb | /lib/cpp -P -nostdinc -traditional-cpp > interp_fcn.f90
rm -f interp_fcn.G interp_fcn.bb
time mpif90 -f90=gfortran -o interp_fcn.o -c -O2 -ftree-vectorize -funroll-loops -w -ffree-form -ffree-line-length-none -fconvert=big-endian -frecord-marker=4 -fallow-argument-mismatch -fallow-invalid-boz   -I../dyn_em  -I/home/hnavarro/Desktop/WRF/BUILD_WRF/WRF/external/esmf_time_f90  -I/home/hnavarro/Desktop/WRF/BUILD_WRF/WRF/main -I/home/hnavarro/Desktop/WRF/BUILD_WRF/WRF/external/io_netcdf -I/home/hnavarro/Desktop/WRF/BUILD_WRF/WRF/external/io_int -I/home/hnavarro/Desktop/WRF/BUILD_WRF/WRF/frame -I/home/hnavarro/Desktop/WRF/BUILD_WRF/WRF/share -I/home/hnavarro/Desktop/WRF/BUILD_WRF/WRF/phys -I/home/hnavarro/Desktop/WRF/BUILD_WRF/WRF/wrftladj -I/home/hnavarro/Desktop/WRF/BUILD_WRF/WRF/chem -I/home/hnavarro/Desktop/WRF/BUILD_WRF/WRF/inc -I/home/hnavarro/Desktop/WRF/Install-WRF-Chem/LIBRARIES/netcdf/include    interp_fcn.f90
19.00user 0.32system 0:19.41elapsed 99%CPU (0avgtext+0avgdata 265800maxresident)k
0inputs+1520outputs (0major+87316minor)pagefaults 0swaps
rm -f mediation_nest_move.o
sed -e "s/^\!.*'.*//" -e "s/^ *\!.*'.*//" mediation_nest_move.F > mediation_nest_move.G
/lib/cpp -P -nostdinc -I/home/hnavarro/Desktop/WRF/BUILD_WRF/WRF/inc -DEM_CORE=1 -DNMM_CORE=0 -DNMM_MAX_DIM=2600 -DDA_CORE=0 -DWRFPLUS=0 -DIWORDSIZE=4 -DDWORDSIZE=8 -DRWORDSIZE=4 -DLWORDSIZE=4 -DNONSTANDARD_SYSTEM_SUBR  -DWRF_USE_CLM  -DDM_PARALLEL -DNETCDF -DLANDREAD_STUB=1 -DUSE_ALLOCATABLES -Dwrfmodel -DGRIB1 -DINTIO -DKEEP_INT_AROUND -DLIMIT_ARGS -DBUILD_RRTMG_FAST=0 -DBUILD_RRTMK=0 -DBUILD_SBM_FAST=1 -DSHOW_ALL_VARS_USED=0 -DCONFIG_BUF_LEN=65536 -DMAX_DOMAINS_F=21 -DMAX_HISTORY=25 -DNMM_NEST=0 -DWRF_CHEM -DBUILD_CHEM=1 -I. -traditional-cpp   mediation_nest_move.G  > mediation_nest_move.bb
/home/hnavarro/Desktop/WRF/BUILD_WRF/WRF/tools/standard.exe mediation_nest_move.bb | /lib/cpp -P -nostdinc -traditional-cpp > mediation_nest_move.f90
rm -f mediation_nest_move.G mediation_nest_move.bb
time mpif90 -f90=gfortran -o mediation_nest_move.o -c -O2 -ftree-vectorize -funroll-loops -w -ffree-form -ffree-line-length-none -fconvert=big-endian -frecord-marker=4 -fallow-argument-mismatch -fallow-invalid-boz   -I../dyn_em  -I/home/hnavarro/Desktop/WRF/BUILD_WRF/WRF/external/esmf_time_f90  -I/home/hnavarro/Desktop/WRF/BUILD_WRF/WRF/main -I/home/hnavarro/Desktop/WRF/BUILD_WRF/WRF/external/io_netcdf -I/home/hnavarro/Desktop/WRF/BUILD_WRF/WRF/external/io_int -I/home/hnavarro/Desktop/WRF/BUILD_WRF/WRF/frame -I/home/hnavarro/Desktop/WRF/BUILD_WRF/WRF/share -I/home/hnavarro/Desktop/WRF/BUILD_WRF/WRF/phys -I/home/hnavarro/Desktop/WRF/BUILD_WRF/WRF/wrftladj -I/home/hnavarro/Desktop/WRF/BUILD_WRF/WRF/chem -I/home/hnavarro/Desktop/WRF/BUILD_WRF/WRF/inc -I/home/hnavarro/Desktop/WRF/Install-WRF-Chem/LIBRARIES/netcdf/include    mediation_nest_move.f90
2.92user 0.09system 0:03.02elapsed 99%CPU (0avgtext+0avgdata 80392maxresident)k
0inputs+40outputs (0major+28383minor)pagefaults 0swaps
rm -f mediation_integrate.o
sed -e "s/^\!.*'.*//" -e "s/^ *\!.*'.*//" mediation_integrate.F > mediation_integrate.G
/lib/cpp -P -nostdinc -I/home/hnavarro/Desktop/WRF/BUILD_WRF/WRF/inc -DEM_CORE=1 -DNMM_CORE=0 -DNMM_MAX_DIM=2600 -DDA_CORE=0 -DWRFPLUS=0 -DIWORDSIZE=4 -DDWORDSIZE=8 -DRWORDSIZE=4 -DLWORDSIZE=4 -DNONSTANDARD_SYSTEM_SUBR  -DWRF_USE_CLM  -DDM_PARALLEL -DNETCDF -DLANDREAD_STUB=1 -DUSE_ALLOCATABLES -Dwrfmodel -DGRIB1 -DINTIO -DKEEP_INT_AROUND -DLIMIT_ARGS -DBUILD_RRTMG_FAST=0 -DBUILD_RRTMK=0 -DBUILD_SBM_FAST=1 -DSHOW_ALL_VARS_USED=0 -DCONFIG_BUF_LEN=65536 -DMAX_DOMAINS_F=21 -DMAX_HISTORY=25 -DNMM_NEST=0 -DWRF_CHEM -DBUILD_CHEM=1 -I. -traditional-cpp   mediation_integrate.G  > mediation_integrate.bb
/home/hnavarro/Desktop/WRF/BUILD_WRF/WRF/tools/standard.exe mediation_integrate.bb | /lib/cpp -P -nostdinc -traditional-cpp > mediation_integrate.f90
rm -f mediation_integrate.G mediation_integrate.bb
time mpif90 -f90=gfortran -o mediation_integrate.o -c -O2 -ftree-vectorize -funroll-loops -w -ffree-form -ffree-line-length-none -fconvert=big-endian -frecord-marker=4 -fallow-argument-mismatch -fallow-invalid-boz   -I../dyn_em  -I/home/hnavarro/Desktop/WRF/BUILD_WRF/WRF/external/esmf_time_f90  -I/home/hnavarro/Desktop/WRF/BUILD_WRF/WRF/main -I/home/hnavarro/Desktop/WRF/BUILD_WRF/WRF/external/io_netcdf -I/home/hnavarro/Desktop/WRF/BUILD_WRF/WRF/external/io_int -I/home/hnavarro/Desktop/WRF/BUILD_WRF/WRF/frame -I/home/hnavarro/Desktop/WRF/BUILD_WRF/WRF/share -I/home/hnavarro/Desktop/WRF/BUILD_WRF/WRF/phys -I/home/hnavarro/Desktop/WRF/BUILD_WRF/WRF/wrftladj -I/home/hnavarro/Desktop/WRF/BUILD_WRF/WRF/chem -I/home/hnavarro/Desktop/WRF/BUILD_WRF/WRF/inc -I/home/hnavarro/Desktop/WRF/Install-WRF-Chem/LIBRARIES/netcdf/include    mediation_integrate.f90
30.30user 0.11system 0:30.51elapsed 99%CPU (0avgtext+0avgdata 111592maxresident)k
0inputs+864outputs (0major+32176minor)pagefaults 0swaps
rm -f solve_interface.o
/home/hnavarro/Desktop/WRF/BUILD_WRF/WRF/tools/standard.exe solve_interface.F > solve_interface.b 
/lib/cpp -P -nostdinc -I/home/hnavarro/Desktop/WRF/BUILD_WRF/WRF/inc -DEM_CORE=1 -DNMM_CORE=0 -DNMM_MAX_DIM=2600 -DDA_CORE=0 -DWRFPLUS=0 -DIWORDSIZE=4 -DDWORDSIZE=8 -DRWORDSIZE=4 -DLWORDSIZE=4 -DNONSTANDARD_SYSTEM_SUBR  -DWRF_USE_CLM  -DDM_PARALLEL -DNETCDF -DLANDREAD_STUB=1 -DUSE_ALLOCATABLES -Dwrfmodel -DGRIB1 -DINTIO -DKEEP_INT_AROUND -DLIMIT_ARGS -DBUILD_RRTMG_FAST=0 -DBUILD_RRTMK=0 -DBUILD_SBM_FAST=1 -DSHOW_ALL_VARS_USED=0 -DCONFIG_BUF_LEN=65536 -DMAX_DOMAINS_F=21 -DMAX_HISTORY=25 -DNMM_NEST=0 -DWRF_CHEM -DBUILD_CHEM=1 -I. -traditional-cpp   solve_interface.b  > solve_interface.f90
rm -f solve_interface.b
time mpif90 -f90=gfortran -c  -O0 -w -ffree-form -ffree-line-length-none -fconvert=big-endian -frecord-marker=4 -fallow-argument-mismatch -fallow-invalid-boz  -I../dyn_em  -I/home/hnavarro/Desktop/WRF/BUILD_WRF/WRF/external/esmf_time_f90  -I/home/hnavarro/Desktop/WRF/BUILD_WRF/WRF/main -I/home/hnavarro/Desktop/WRF/BUILD_WRF/WRF/external/io_netcdf -I/home/hnavarro/Desktop/WRF/BUILD_WRF/WRF/external/io_int -I/home/hnavarro/Desktop/WRF/BUILD_WRF/WRF/frame -I/home/hnavarro/Desktop/WRF/BUILD_WRF/WRF/share -I/home/hnavarro/Desktop/WRF/BUILD_WRF/WRF/phys -I/home/hnavarro/Desktop/WRF/BUILD_WRF/WRF/wrftladj -I/home/hnavarro/Desktop/WRF/BUILD_WRF/WRF/chem -I/home/hnavarro/Desktop/WRF/BUILD_WRF/WRF/inc -I/home/hnavarro/Desktop/WRF/Install-WRF-Chem/LIBRARIES/netcdf/include    solve_interface.f90
4.59user 0.09system 0:04.71elapsed 99%CPU (0avgtext+0avgdata 73052maxresident)k
0inputs+224outputs (0major+22953minor)pagefaults 0swaps
rm -f start_domain.o
/home/hnavarro/Desktop/WRF/BUILD_WRF/WRF/tools/standard.exe start_domain.F > start_domain.b 
/lib/cpp -P -nostdinc -I/home/hnavarro/Desktop/WRF/BUILD_WRF/WRF/inc -DEM_CORE=1 -DNMM_CORE=0 -DNMM_MAX_DIM=2600 -DDA_CORE=0 -DWRFPLUS=0 -DIWORDSIZE=4 -DDWORDSIZE=8 -DRWORDSIZE=4 -DLWORDSIZE=4 -DNONSTANDARD_SYSTEM_SUBR  -DWRF_USE_CLM  -DDM_PARALLEL -DNETCDF -DLANDREAD_STUB=1 -DUSE_ALLOCATABLES -Dwrfmodel -DGRIB1 -DINTIO -DKEEP_INT_AROUND -DLIMIT_ARGS -DBUILD_RRTMG_FAST=0 -DBUILD_RRTMK=0 -DBUILD_SBM_FAST=1 -DSHOW_ALL_VARS_USED=0 -DCONFIG_BUF_LEN=65536 -DMAX_DOMAINS_F=21 -DMAX_HISTORY=25 -DNMM_NEST=0 -DWRF_CHEM -DBUILD_CHEM=1 -I. -traditional-cpp   start_domain.b  > start_domain.f90
rm -f start_domain.b
time mpif90 -f90=gfortran -c  -O0 -w -ffree-form -ffree-line-length-none -fconvert=big-endian -frecord-marker=4 -fallow-argument-mismatch -fallow-invalid-boz  -I../dyn_em  -I/home/hnavarro/Desktop/WRF/BUILD_WRF/WRF/external/esmf_time_f90  -I/home/hnavarro/Desktop/WRF/BUILD_WRF/WRF/main -I/home/hnavarro/Desktop/WRF/BUILD_WRF/WRF/external/io_netcdf -I/home/hnavarro/Desktop/WRF/BUILD_WRF/WRF/external/io_int -I/home/hnavarro/Desktop/WRF/BUILD_WRF/WRF/frame -I/home/hnavarro/Desktop/WRF/BUILD_WRF/WRF/share -I/home/hnavarro/Desktop/WRF/BUILD_WRF/WRF/phys -I/home/hnavarro/Desktop/WRF/BUILD_WRF/WRF/wrftladj -I/home/hnavarro/Desktop/WRF/BUILD_WRF/WRF/chem -I/home/hnavarro/Desktop/WRF/BUILD_WRF/WRF/inc -I/home/hnavarro/Desktop/WRF/Install-WRF-Chem/LIBRARIES/netcdf/include    start_domain.f90
4.77user 0.08system 0:04.87elapsed 99%CPU (0avgtext+0avgdata 88960maxresident)k
0inputs+104outputs (0major+28255minor)pagefaults 0swaps
68.43user 0.42system 1:08.95elapsed 99%CPU (0avgtext+0avgdata 486064maxresident)k
0inputs+960outputs (0major+203173minor)pagefaults 0swaps
if [ 0 -eq 1 ] ; then \
                  make -i -r nmm_contrib                                      ; \
                  ar ru ../main/libwrflib.a module_model_constants.o module_bc_time_utilities.o module_get_file_names.o module_compute_geop.o module_chem_share.o module_check_a_mundo.o module_HLaw.o module_ctrans_aqchem.o module_random.o module_llxy.o module_interp_nmm.o module_interp_store.o module_string_tools.o module_MPP.o  module_date_time.o module_bc.o module_io_wrf.o module_soil_pre.o  module_io_domain.o               module_optional_input.o          solve_interface.o mediation_interp_domain.o mediation_force_domain.o mediation_feedback_domain.o start_domain.o init_modules.o set_timekeeping.o interp_fcn.o sint.o wrf_ext_write_field.o wrf_ext_read_field.o  wrf_tsin.o landread.o track_driver.o track_input.o module_trajectory.o bobrand.o wrf_timeseries.o track_driver.o wrf_fddaobs_in.o mediation_nest_move.o setfeenv.o input_wrf.o output_wrf.o wrf_bdyout.o wrf_bdyin.o dfi.o  mediation_integrate.o mediation_wrfmain.o    ; \
                  else                                                         \
                  ar ru ../main/libwrflib.a module_model_constants.o module_bc_time_utilities.o module_get_file_names.o module_compute_geop.o module_chem_share.o module_check_a_mundo.o module_HLaw.o module_ctrans_aqchem.o module_random.o module_llxy.o module_interp_nmm.o module_interp_store.o module_string_tools.o module_MPP.o  module_date_time.o module_bc.o module_io_wrf.o module_soil_pre.o  module_io_domain.o               module_optional_input.o          solve_interface.o mediation_interp_domain.o mediation_force_domain.o mediation_feedback_domain.o start_domain.o init_modules.o set_timekeeping.o interp_fcn.o sint.o wrf_ext_write_field.o wrf_ext_read_field.o  wrf_tsin.o landread.o track_driver.o track_input.o module_trajectory.o bobrand.o wrf_timeseries.o track_driver.o wrf_fddaobs_in.o mediation_nest_move.o setfeenv.o input_wrf.o output_wrf.o wrf_bdyout.o wrf_bdyin.o dfi.o  mediation_integrate.o mediation_wrfmain.o              ; \
                fi
ar: `u' modifier ignored since `D' is the default (see `U')
make[2]: Leaving directory '/home/hnavarro/Desktop/WRF/BUILD_WRF/WRF/share'
make[1]: Leaving directory '/home/hnavarro/Desktop/WRF/BUILD_WRF/WRF'
make -i -r MODULE_DIRS="-I../dyn_em  -I/home/hnavarro/Desktop/WRF/BUILD_WRF/WRF/external/esmf_time_f90  -I/home/hnavarro/Desktop/WRF/BUILD_WRF/WRF/main -I/home/hnavarro/Desktop/WRF/BUILD_WRF/WRF/external/io_netcdf -I/home/hnavarro/Desktop/WRF/BUILD_WRF/WRF/external/io_int -I/home/hnavarro/Desktop/WRF/BUILD_WRF/WRF/frame -I/home/hnavarro/Desktop/WRF/BUILD_WRF/WRF/share -I/home/hnavarro/Desktop/WRF/BUILD_WRF/WRF/phys -I/home/hnavarro/Desktop/WRF/BUILD_WRF/WRF/wrftladj -I/home/hnavarro/Desktop/WRF/BUILD_WRF/WRF/chem -I/home/hnavarro/Desktop/WRF/BUILD_WRF/WRF/inc -I/home/hnavarro/Desktop/WRF/Install-WRF-Chem/LIBRARIES/netcdf/include " physics
make[1]: Entering directory '/home/hnavarro/Desktop/WRF/BUILD_WRF/WRF'
--------------------------------------
if [ 1  -eq 0 ] ; then \
	( cd phys ; make -i -r submodules ; make -i -r CF2=" " ) ; \
	if [ -n "" ] && [  -eq 1 ] ; then \
		@ echo '----------- make cmaq ----------------' ; \
		( rm -f main/libcmaqlib.a; cd cmaq ; make -i -r -f Makefile.twoway ) ; \
	fi \
else \
	( cd phys ; make -i -r submodules ; make -i -r CF2="../chem/module_data_mosaic_asect.o" ) ; \
fi
make[2]: Entering directory '/home/hnavarro/Desktop/WRF/BUILD_WRF/WRF/phys'
Pulling in NoahMP submodule
make[2]: Leaving directory '/home/hnavarro/Desktop/WRF/BUILD_WRF/WRF/phys'
make[2]: Entering directory '/home/hnavarro/Desktop/WRF/BUILD_WRF/WRF/phys'
make -i -r -j 2 non_nmm ; \
ar ru ../main/libwrflib.a ccpp_kind_types.o module_bep_bem_helper.o complex_number_module.o module_cam_shr_kind_mod.o module_cam_support.o module_cam_shr_const_mod.o module_cam_physconst.o module_cam_cldwat.o module_cam_wv_saturation.o module_cam_esinti.o module_cam_gffgch.o module_cam_error_function.o module_cam_constituents.o module_cam_trb_mtn_stress.o module_cam_molec_diff.o module_cam_upper_bc.o module_cam_bl_diffusion_solver.o module_cam_bl_eddy_diff.o module_cam_mp_microp_aero.o module_cam_mp_cldwat2m_micro.o module_cam_mp_ndrop.o module_cam_mp_modal_aero_initialize_data_phys.o module_cam_mp_radconstants.o module_cam_mp_conv_water.o module_cam_mp_qneg3.o module_data_cam_mam_aero.o module_data_cam_mam_asect.o module_cam_infnan.o  module_bl_ysu.o module_bl_shinhong.o module_bl_mrf.o module_bl_gfs.o module_bl_gfsedmf.o module_bl_myjpbl.o module_bl_qnsepbl.o module_bl_acm.o module_bl_mynn_common.o module_bl_mynn.o module_bl_mynn_wrapper.o module_bl_fogdes.o module_bl_gwdo.o module_bl_gwdo_gsl.o module_bl_myjurb.o module_bl_boulac.o module_checkerror.o module_bl_camuwpbl_driver.o module_bl_mfshconvpbl.o module_bl_eepsilon.o module_bl_keps.o module_shcu_camuwshcu_driver.o module_shcu_camuwshcu.o module_shcu_deng.o module_shcu_grims.o module_shcu_nscv.o module_cu_camzm_driver.o module_cu_camzm.o module_bl_temf.o module_bl_gbmpbl.o module_cu_g3.o module_cu_kf.o module_cu_bmj.o module_cu_kfeta.o module_cu_mskf.o module_cu_tiedtke.o module_cu_ntiedtke.o module_cu_gd.o module_cu_gf_ctrans.o module_cu_gf_wrfdrv.o module_cu_gf_deep.o module_cu_gf_sh.o module_cu_ksas.o module_cu_nsas.o module_cu_sas.o module_gocart_coupling.o module_cu_scalesas.o module_cu_osas.o module_cu_kfcup.o module_madwrf.o module_mp_radar.o module_mp_kessler.o module_mp_lin.o module_mp_sbu_ylin.o module_mp_wsm3.o module_mp_wsm5.o module_mp_wsm6.o module_mp_wsm6r.o module_mp_wsm7.o module_mp_etanew.o module_mp_fer_hires.o module_mp_thompson.o module_fire_emis.o module_mp_SBM_polar_radar.o module_mp_full_sbm.o module_mp_fast_sbm.o module_ltng_lpi.o module_mp_gsfcgce.o module_mp_gsfcgce_4ice_nuwrf.o module_mp_morr_two_moment.o module_mp_p3.o module_mp_jensen_ishmael.o module_mp_morr_two_moment_aero.o module_mp_milbrandt2mom.o module_mp_nssl_2mom.o module_mp_wdm5.o module_mp_wdm6.o module_mp_wdm7.o module_mp_ntu.o module_mp_cammgmp_driver.o module_ra_sw.o module_ra_clWRF_support.o module_ra_gsfcsw.o module_ra_goddard.o module_ra_effective_radius.o module_ra_rrtm.o module_ra_rrtmg_lw.o module_ra_rrtmg_sw.o module_ra_rrtmg_aero_optical_util_cmaq.o module_ra_rrtmg_lwf.o module_ra_rrtmg_swf.o module_ra_rrtmg_lwk.o module_ra_rrtmg_swk.o module_ra_cam_support.o module_ra_cam.o module_ra_gfdleta.o module_ra_flg.o module_ra_hs.o module_ra_eclipse.o module_ra_aerosol.o module_ra_farms.o module_sf_sfclay.o module_sf_sfclayrev.o module_sf_gfs.o module_sf_exchcoef.o module_sf_gfdl.o module_sf_slab.o module_sf_noahdrv.o module_sf_noahlsm.o module_sf_clm.o module_sf_ctsm.o module_sf_ssib.o module_sf_noah_seaice.o module_sf_noah_seaice_drv.o module_sf_noahlsm_glacial_only.o module_sf_noahmp_groundwater.o module_sf_gecros.o module_sf_noahmpdrv.o module_sf_noahmplsm.o module_sf_noahmp_glacier.o module_sf_urban.o module_sf_bep.o module_sf_bep_bem.o module_sf_bem.o module_sf_pxlsm.o module_sf_pxlsm_data.o module_sf_ruclsm.o module_sf_sfcdiags.o module_sf_sfcdiags_ruclsm.o module_sf_sstskin.o module_sf_tmnupdate.o module_sf_ocean_driver.o module_sf_oml.o module_sf_3dpwp.o module_sf_myjsfc.o module_sf_qnsesfc.o module_sf_mynn.o module_sf_fogdes.o module_sf_pxsfclay.o module_sf_temfsfclay.o module_sf_idealscmsfclay.o module_sf_scmflux.o module_sf_scmskintemp.o module_physics_addtendc.o module_physics_init.o module_gfs_machine.o module_gfs_funcphys.o module_gfs_physcons.o module_progtm.o module_pbl_driver.o module_data_gocart_dust.o module_dust_emis.o module_cumulus_driver.o module_shallowcu_driver.o module_microphysics_driver.o module_microphysics_zero_out.o module_mixactivate.o module_radiation_driver.o module_surface_driver.o module_lightning_driver.o module_ltng_cpmpr92z.o module_ltng_crmpr92.o module_ltng_iccg.o module_fdda_psufddagd.o module_fdda_spnudging.o module_fddagd_driver.o module_fddaobs_rtfdda.o module_fddaobs_driver.o module_wind_fitch.o module_wind_mav.o module_sf_lake.o module_diagnostics_driver.o module_irrigation.o   \
	module_fr_fire_driver.o module_fr_fire_driver_wrf.o module_fr_fire_atm.o module_fr_fire_model.o module_fr_fire_core.o module_fr_fire_phys.o module_fr_fire_util.o module_firebrand_spotting_mpi.o module_firebrand_spotting.o module_diag_afwa.o module_diag_cl.o module_diag_functions.o module_diag_hailcast.o module_diag_misc.o module_diag_nwp.o module_diag_rasm.o module_diag_pld.o module_diag_zld.o module_diag_trad_fields.o module_diag_solar.o physics_mmm/sf_sfclayrev.o physics_mmm/cu_ntiedtke.o physics_mmm/module_libmassv.o physics_mmm/mp_wsm6.o physics_mmm/mp_wsm6_effectRad.o physics_mmm/mp_radar.o physics_mmm/bl_gwdo.o physics_mmm/bl_ysu.o
make[3]: Entering directory '/home/hnavarro/Desktop/WRF/BUILD_WRF/WRF/phys'
rm -f ccpp_kind_types.o
rm -f complex_number_module.o
sed -e "s/^\!.*'.*//" -e "s/^ *\!.*'.*//" ccpp_kind_types.F > ccpp_kind_types.G
sed -e "s/^\!.*'.*//" -e "s/^ *\!.*'.*//" complex_number_module.F > complex_number_module.G
/lib/cpp -P -nostdinc -I/home/hnavarro/Desktop/WRF/BUILD_WRF/WRF/inc -DEM_CORE=1 -DNMM_CORE=0 -DNMM_MAX_DIM=2600 -DDA_CORE=0 -DWRFPLUS=0 -DIWORDSIZE=4 -DDWORDSIZE=8 -DRWORDSIZE=4 -DLWORDSIZE=4 -DNONSTANDARD_SYSTEM_SUBR  -DWRF_USE_CLM  -DDM_PARALLEL -DNETCDF -DLANDREAD_STUB=1 -DUSE_ALLOCATABLES -Dwrfmodel -DGRIB1 -DINTIO -DKEEP_INT_AROUND -DLIMIT_ARGS -DBUILD_RRTMG_FAST=0 -DBUILD_RRTMK=0 -DBUILD_SBM_FAST=1 -DSHOW_ALL_VARS_USED=0 -DCONFIG_BUF_LEN=65536 -DMAX_DOMAINS_F=21 -DMAX_HISTORY=25 -DNMM_NEST=0 -DWRF_CHEM -DBUILD_CHEM=1 -I. -traditional-cpp   ccpp_kind_types.G  > ccpp_kind_types.bb
/lib/cpp -P -nostdinc -I/home/hnavarro/Desktop/WRF/BUILD_WRF/WRF/inc -DEM_CORE=1 -DNMM_CORE=0 -DNMM_MAX_DIM=2600 -DDA_CORE=0 -DWRFPLUS=0 -DIWORDSIZE=4 -DDWORDSIZE=8 -DRWORDSIZE=4 -DLWORDSIZE=4 -DNONSTANDARD_SYSTEM_SUBR  -DWRF_USE_CLM  -DDM_PARALLEL -DNETCDF -DLANDREAD_STUB=1 -DUSE_ALLOCATABLES -Dwrfmodel -DGRIB1 -DINTIO -DKEEP_INT_AROUND -DLIMIT_ARGS -DBUILD_RRTMG_FAST=0 -DBUILD_RRTMK=0 -DBUILD_SBM_FAST=1 -DSHOW_ALL_VARS_USED=0 -DCONFIG_BUF_LEN=65536 -DMAX_DOMAINS_F=21 -DMAX_HISTORY=25 -DNMM_NEST=0 -DWRF_CHEM -DBUILD_CHEM=1 -I. -traditional-cpp   complex_number_module.G  > complex_number_module.bb
/home/hnavarro/Desktop/WRF/BUILD_WRF/WRF/tools/standard.exe complex_number_module.bb | /lib/cpp -P -nostdinc -traditional-cpp > complex_number_module.f90
/home/hnavarro/Desktop/WRF/BUILD_WRF/WRF/tools/standard.exe ccpp_kind_types.bb | /lib/cpp -P -nostdinc -traditional-cpp > ccpp_kind_types.f90
rm -f complex_number_module.G complex_number_module.bb
rm -f ccpp_kind_types.G ccpp_kind_types.bb
time mpif90 -f90=gfortran -o complex_number_module.o -c -O2 -ftree-vectorize -funroll-loops -w -ffree-form -ffree-line-length-none -fconvert=big-endian -frecord-marker=4 -fallow-argument-mismatch -fallow-invalid-boz   -I../dyn_em  -I/home/hnavarro/Desktop/WRF/BUILD_WRF/WRF/external/esmf_time_f90  -I/home/hnavarro/Desktop/WRF/BUILD_WRF/WRF/main -I/home/hnavarro/Desktop/WRF/BUILD_WRF/WRF/external/io_netcdf -I/home/hnavarro/Desktop/WRF/BUILD_WRF/WRF/external/io_int -I/home/hnavarro/Desktop/WRF/BUILD_WRF/WRF/frame -I/home/hnavarro/Desktop/WRF/BUILD_WRF/WRF/share -I/home/hnavarro/Desktop/WRF/BUILD_WRF/WRF/phys -I/home/hnavarro/Desktop/WRF/BUILD_WRF/WRF/wrftladj -I/home/hnavarro/Desktop/WRF/BUILD_WRF/WRF/chem -I/home/hnavarro/Desktop/WRF/BUILD_WRF/WRF/inc -I/home/hnavarro/Desktop/WRF/Install-WRF-Chem/LIBRARIES/netcdf/include    complex_number_module.f90
time mpif90 -f90=gfortran -o ccpp_kind_types.o -c -O2 -ftree-vectorize -funroll-loops -w -ffree-form -ffree-line-length-none -fconvert=big-endian -frecord-marker=4 -fallow-argument-mismatch -fallow-invalid-boz   -I../dyn_em  -I/home/hnavarro/Desktop/WRF/BUILD_WRF/WRF/external/esmf_time_f90  -I/home/hnavarro/Desktop/WRF/BUILD_WRF/WRF/main -I/home/hnavarro/Desktop/WRF/BUILD_WRF/WRF/external/io_netcdf -I/home/hnavarro/Desktop/WRF/BUILD_WRF/WRF/external/io_int -I/home/hnavarro/Desktop/WRF/BUILD_WRF/WRF/frame -I/home/hnavarro/Desktop/WRF/BUILD_WRF/WRF/share -I/home/hnavarro/Desktop/WRF/BUILD_WRF/WRF/phys -I/home/hnavarro/Desktop/WRF/BUILD_WRF/WRF/wrftladj -I/home/hnavarro/Desktop/WRF/BUILD_WRF/WRF/chem -I/home/hnavarro/Desktop/WRF/BUILD_WRF/WRF/inc -I/home/hnavarro/Desktop/WRF/Install-WRF-Chem/LIBRARIES/netcdf/include    ccpp_kind_types.f90
0.03user 0.06system 0:00.10elapsed 98%CPU (0avgtext+0avgdata 15104maxresident)k
0inputs+24outputs (22major+7381minor)pagefaults 0swaps
rm -f module_cam_shr_kind_mod.o
sed -e "s/^\!.*'.*//" -e "s/^ *\!.*'.*//" module_cam_shr_kind_mod.F > module_cam_shr_kind_mod.G
/lib/cpp -P -nostdinc -I/home/hnavarro/Desktop/WRF/BUILD_WRF/WRF/inc -DEM_CORE=1 -DNMM_CORE=0 -DNMM_MAX_DIM=2600 -DDA_CORE=0 -DWRFPLUS=0 -DIWORDSIZE=4 -DDWORDSIZE=8 -DRWORDSIZE=4 -DLWORDSIZE=4 -DNONSTANDARD_SYSTEM_SUBR  -DWRF_USE_CLM  -DDM_PARALLEL -DNETCDF -DLANDREAD_STUB=1 -DUSE_ALLOCATABLES -Dwrfmodel -DGRIB1 -DINTIO -DKEEP_INT_AROUND -DLIMIT_ARGS -DBUILD_RRTMG_FAST=0 -DBUILD_RRTMK=0 -DBUILD_SBM_FAST=1 -DSHOW_ALL_VARS_USED=0 -DCONFIG_BUF_LEN=65536 -DMAX_DOMAINS_F=21 -DMAX_HISTORY=25 -DNMM_NEST=0 -DWRF_CHEM -DBUILD_CHEM=1 -I. -traditional-cpp   module_cam_shr_kind_mod.G  > module_cam_shr_kind_mod.bb
/home/hnavarro/Desktop/WRF/BUILD_WRF/WRF/tools/standard.exe module_cam_shr_kind_mod.bb | /lib/cpp -P -nostdinc -traditional-cpp > module_cam_shr_kind_mod.f90
rm -f module_cam_shr_kind_mod.G module_cam_shr_kind_mod.bb
time mpif90 -f90=gfortran -o module_cam_shr_kind_mod.o -c -O2 -ftree-vectorize -funroll-loops -w -ffree-form -ffree-line-length-none -fconvert=big-endian -frecord-marker=4 -fallow-argument-mismatch -fallow-invalid-boz   -I../dyn_em  -I/home/hnavarro/Desktop/WRF/BUILD_WRF/WRF/external/esmf_time_f90  -I/home/hnavarro/Desktop/WRF/BUILD_WRF/WRF/main -I/home/hnavarro/Desktop/WRF/BUILD_WRF/WRF/external/io_netcdf -I/home/hnavarro/Desktop/WRF/BUILD_WRF/WRF/external/io_int -I/home/hnavarro/Desktop/WRF/BUILD_WRF/WRF/frame -I/home/hnavarro/Desktop/WRF/BUILD_WRF/WRF/share -I/home/hnavarro/Desktop/WRF/BUILD_WRF/WRF/phys -I/home/hnavarro/Desktop/WRF/BUILD_WRF/WRF/wrftladj -I/home/hnavarro/Desktop/WRF/BUILD_WRF/WRF/chem -I/home/hnavarro/Desktop/WRF/BUILD_WRF/WRF/inc -I/home/hnavarro/Desktop/WRF/Install-WRF-Chem/LIBRARIES/netcdf/include    module_cam_shr_kind_mod.f90
0.16user 0.08system 0:00.24elapsed 99%CPU (0avgtext+0avgdata 30464maxresident)k
0inputs+48outputs (21major+8468minor)pagefaults 0swaps
rm -f module_cam_error_function.o
sed -e "s/^\!.*'.*//" -e "s/^ *\!.*'.*//" module_cam_error_function.F > module_cam_error_function.G
/lib/cpp -P -nostdinc -I/home/hnavarro/Desktop/WRF/BUILD_WRF/WRF/inc -DEM_CORE=1 -DNMM_CORE=0 -DNMM_MAX_DIM=2600 -DDA_CORE=0 -DWRFPLUS=0 -DIWORDSIZE=4 -DDWORDSIZE=8 -DRWORDSIZE=4 -DLWORDSIZE=4 -DNONSTANDARD_SYSTEM_SUBR  -DWRF_USE_CLM  -DDM_PARALLEL -DNETCDF -DLANDREAD_STUB=1 -DUSE_ALLOCATABLES -Dwrfmodel -DGRIB1 -DINTIO -DKEEP_INT_AROUND -DLIMIT_ARGS -DBUILD_RRTMG_FAST=0 -DBUILD_RRTMK=0 -DBUILD_SBM_FAST=1 -DSHOW_ALL_VARS_USED=0 -DCONFIG_BUF_LEN=65536 -DMAX_DOMAINS_F=21 -DMAX_HISTORY=25 -DNMM_NEST=0 -DWRF_CHEM -DBUILD_CHEM=1 -I. -traditional-cpp   module_cam_error_function.G  > module_cam_error_function.bb
/home/hnavarro/Desktop/WRF/BUILD_WRF/WRF/tools/standard.exe module_cam_error_function.bb | /lib/cpp -P -nostdinc -traditional-cpp > module_cam_error_function.f90
rm -f module_cam_error_function.G module_cam_error_function.bb
time mpif90 -f90=gfortran -o module_cam_error_function.o -c -O2 -ftree-vectorize -funroll-loops -w -ffree-form -ffree-line-length-none -fconvert=big-endian -frecord-marker=4 -fallow-argument-mismatch -fallow-invalid-boz   -I../dyn_em  -I/home/hnavarro/Desktop/WRF/BUILD_WRF/WRF/external/esmf_time_f90  -I/home/hnavarro/Desktop/WRF/BUILD_WRF/WRF/main -I/home/hnavarro/Desktop/WRF/BUILD_WRF/WRF/external/io_netcdf -I/home/hnavarro/Desktop/WRF/BUILD_WRF/WRF/external/io_int -I/home/hnavarro/Desktop/WRF/BUILD_WRF/WRF/frame -I/home/hnavarro/Desktop/WRF/BUILD_WRF/WRF/share -I/home/hnavarro/Desktop/WRF/BUILD_WRF/WRF/phys -I/home/hnavarro/Desktop/WRF/BUILD_WRF/WRF/wrftladj -I/home/hnavarro/Desktop/WRF/BUILD_WRF/WRF/chem -I/home/hnavarro/Desktop/WRF/BUILD_WRF/WRF/inc -I/home/hnavarro/Desktop/WRF/Install-WRF-Chem/LIBRARIES/netcdf/include    module_cam_error_function.f90
0.06user 0.10system 0:00.18elapsed 89%CPU (0avgtext+0avgdata 15488maxresident)k
0inputs+24outputs (1major+7182minor)pagefaults 0swaps
rm -f physics_mmm/bl_ysu.o
sed -e "s/^\!.*'.*//" -e "s/^ *\!.*'.*//" physics_mmm/bl_ysu.F90 > physics_mmm/bl_ysu.G
/lib/cpp -P -nostdinc -I/home/hnavarro/Desktop/WRF/BUILD_WRF/WRF/inc -DEM_CORE=1 -DNMM_CORE=0 -DNMM_MAX_DIM=2600 -DDA_CORE=0 -DWRFPLUS=0 -DIWORDSIZE=4 -DDWORDSIZE=8 -DRWORDSIZE=4 -DLWORDSIZE=4 -DNONSTANDARD_SYSTEM_SUBR  -DWRF_USE_CLM  -DDM_PARALLEL -DNETCDF -DLANDREAD_STUB=1 -DUSE_ALLOCATABLES -Dwrfmodel -DGRIB1 -DINTIO -DKEEP_INT_AROUND -DLIMIT_ARGS -DBUILD_RRTMG_FAST=0 -DBUILD_RRTMK=0 -DBUILD_SBM_FAST=1 -DSHOW_ALL_VARS_USED=0 -DCONFIG_BUF_LEN=65536 -DMAX_DOMAINS_F=21 -DMAX_HISTORY=25 -DNMM_NEST=0 -DWRF_CHEM -DBUILD_CHEM=1 -I. -traditional-cpp   physics_mmm/bl_ysu.G  > physics_mmm/bl_ysu.bb
/home/hnavarro/Desktop/WRF/BUILD_WRF/WRF/tools/standard.exe physics_mmm/bl_ysu.bb | /lib/cpp -P -nostdinc -traditional-cpp > physics_mmm/bl_ysu.tmp.f90
rm -f physics_mmm/bl_ysu.G physics_mmm/bl_ysu.bb
time mpif90 -f90=gfortran -o physics_mmm/bl_ysu.o -c -O2 -ftree-vectorize -funroll-loops -w -ffree-form -ffree-line-length-none -fconvert=big-endian -frecord-marker=4 -fallow-argument-mismatch -fallow-invalid-boz   -I../dyn_em  -I/home/hnavarro/Desktop/WRF/BUILD_WRF/WRF/external/esmf_time_f90  -I/home/hnavarro/Desktop/WRF/BUILD_WRF/WRF/main -I/home/hnavarro/Desktop/WRF/BUILD_WRF/WRF/external/io_netcdf -I/home/hnavarro/Desktop/WRF/BUILD_WRF/WRF/external/io_int -I/home/hnavarro/Desktop/WRF/BUILD_WRF/WRF/frame -I/home/hnavarro/Desktop/WRF/BUILD_WRF/WRF/share -I/home/hnavarro/Desktop/WRF/BUILD_WRF/WRF/phys -I/home/hnavarro/Desktop/WRF/BUILD_WRF/WRF/wrftladj -I/home/hnavarro/Desktop/WRF/BUILD_WRF/WRF/chem -I/home/hnavarro/Desktop/WRF/BUILD_WRF/WRF/inc -I/home/hnavarro/Desktop/WRF/Install-WRF-Chem/LIBRARIES/netcdf/include    physics_mmm/bl_ysu.tmp.f90
0.14user 0.11system 0:00.33elapsed 80%CPU (0avgtext+0avgdata 30464maxresident)k
0inputs+88outputs (2major+8412minor)pagefaults 0swaps
rm -f module_bl_shinhong.o
sed -e "s/^\!.*'.*//" -e "s/^ *\!.*'.*//" module_bl_shinhong.F > module_bl_shinhong.G
/lib/cpp -P -nostdinc -I/home/hnavarro/Desktop/WRF/BUILD_WRF/WRF/inc -DEM_CORE=1 -DNMM_CORE=0 -DNMM_MAX_DIM=2600 -DDA_CORE=0 -DWRFPLUS=0 -DIWORDSIZE=4 -DDWORDSIZE=8 -DRWORDSIZE=4 -DLWORDSIZE=4 -DNONSTANDARD_SYSTEM_SUBR  -DWRF_USE_CLM  -DDM_PARALLEL -DNETCDF -DLANDREAD_STUB=1 -DUSE_ALLOCATABLES -Dwrfmodel -DGRIB1 -DINTIO -DKEEP_INT_AROUND -DLIMIT_ARGS -DBUILD_RRTMG_FAST=0 -DBUILD_RRTMK=0 -DBUILD_SBM_FAST=1 -DSHOW_ALL_VARS_USED=0 -DCONFIG_BUF_LEN=65536 -DMAX_DOMAINS_F=21 -DMAX_HISTORY=25 -DNMM_NEST=0 -DWRF_CHEM -DBUILD_CHEM=1 -I. -traditional-cpp   module_bl_shinhong.G  > module_bl_shinhong.bb
/home/hnavarro/Desktop/WRF/BUILD_WRF/WRF/tools/standard.exe module_bl_shinhong.bb | /lib/cpp -P -nostdinc -traditional-cpp > module_bl_shinhong.f90
rm -f module_bl_shinhong.G module_bl_shinhong.bb
time mpif90 -f90=gfortran -o module_bl_shinhong.o -c -O2 -ftree-vectorize -funroll-loops -w -ffree-form -ffree-line-length-none -fconvert=big-endian -frecord-marker=4 -fallow-argument-mismatch -fallow-invalid-boz   -I../dyn_em  -I/home/hnavarro/Desktop/WRF/BUILD_WRF/WRF/external/esmf_time_f90  -I/home/hnavarro/Desktop/WRF/BUILD_WRF/WRF/main -I/home/hnavarro/Desktop/WRF/BUILD_WRF/WRF/external/io_netcdf -I/home/hnavarro/Desktop/WRF/BUILD_WRF/WRF/external/io_int -I/home/hnavarro/Desktop/WRF/BUILD_WRF/WRF/frame -I/home/hnavarro/Desktop/WRF/BUILD_WRF/WRF/share -I/home/hnavarro/Desktop/WRF/BUILD_WRF/WRF/phys -I/home/hnavarro/Desktop/WRF/BUILD_WRF/WRF/wrftladj -I/home/hnavarro/Desktop/WRF/BUILD_WRF/WRF/chem -I/home/hnavarro/Desktop/WRF/BUILD_WRF/WRF/inc -I/home/hnavarro/Desktop/WRF/Install-WRF-Chem/LIBRARIES/netcdf/include    module_bl_shinhong.f90
2.82user 0.16system 0:03.04elapsed 98%CPU (0avgtext+0avgdata 233412maxresident)k
0inputs+1448outputs (0major+62899minor)pagefaults 0swaps
rm -f module_bl_mrf.o
sed -e "s/^\!.*'.*//" -e "s/^ *\!.*'.*//" module_bl_mrf.F > module_bl_mrf.G
/lib/cpp -P -nostdinc -I/home/hnavarro/Desktop/WRF/BUILD_WRF/WRF/inc -DEM_CORE=1 -DNMM_CORE=0 -DNMM_MAX_DIM=2600 -DDA_CORE=0 -DWRFPLUS=0 -DIWORDSIZE=4 -DDWORDSIZE=8 -DRWORDSIZE=4 -DLWORDSIZE=4 -DNONSTANDARD_SYSTEM_SUBR  -DWRF_USE_CLM  -DDM_PARALLEL -DNETCDF -DLANDREAD_STUB=1 -DUSE_ALLOCATABLES -Dwrfmodel -DGRIB1 -DINTIO -DKEEP_INT_AROUND -DLIMIT_ARGS -DBUILD_RRTMG_FAST=0 -DBUILD_RRTMK=0 -DBUILD_SBM_FAST=1 -DSHOW_ALL_VARS_USED=0 -DCONFIG_BUF_LEN=65536 -DMAX_DOMAINS_F=21 -DMAX_HISTORY=25 -DNMM_NEST=0 -DWRF_CHEM -DBUILD_CHEM=1 -I. -traditional-cpp   module_bl_mrf.G  > module_bl_mrf.bb
/home/hnavarro/Desktop/WRF/BUILD_WRF/WRF/tools/standard.exe module_bl_mrf.bb | /lib/cpp -P -nostdinc -traditional-cpp > module_bl_mrf.f90
rm -f module_bl_mrf.G module_bl_mrf.bb
time mpif90 -f90=gfortran -o module_bl_mrf.o -c -O2 -ftree-vectorize -funroll-loops -w -ffree-form -ffree-line-length-none -fconvert=big-endian -frecord-marker=4 -fallow-argument-mismatch -fallow-invalid-boz   -I../dyn_em  -I/home/hnavarro/Desktop/WRF/BUILD_WRF/WRF/external/esmf_time_f90  -I/home/hnavarro/Desktop/WRF/BUILD_WRF/WRF/main -I/home/hnavarro/Desktop/WRF/BUILD_WRF/WRF/external/io_netcdf -I/home/hnavarro/Desktop/WRF/BUILD_WRF/WRF/external/io_int -I/home/hnavarro/Desktop/WRF/BUILD_WRF/WRF/frame -I/home/hnavarro/Desktop/WRF/BUILD_WRF/WRF/share -I/home/hnavarro/Desktop/WRF/BUILD_WRF/WRF/phys -I/home/hnavarro/Desktop/WRF/BUILD_WRF/WRF/wrftladj -I/home/hnavarro/Desktop/WRF/BUILD_WRF/WRF/chem -I/home/hnavarro/Desktop/WRF/BUILD_WRF/WRF/inc -I/home/hnavarro/Desktop/WRF/Install-WRF-Chem/LIBRARIES/netcdf/include    module_bl_mrf.f90
3.49user 0.24system 0:03.84elapsed 97%CPU (0avgtext+0avgdata 296324maxresident)k
0inputs+1256outputs (1major+84357minor)pagefaults 0swaps
rm -f module_gfs_machine.o
sed -e "s/^\!.*'.*//" -e "s/^ *\!.*'.*//" module_gfs_machine.F > module_gfs_machine.G
/lib/cpp -P -nostdinc -I/home/hnavarro/Desktop/WRF/BUILD_WRF/WRF/inc -DEM_CORE=1 -DNMM_CORE=0 -DNMM_MAX_DIM=2600 -DDA_CORE=0 -DWRFPLUS=0 -DIWORDSIZE=4 -DDWORDSIZE=8 -DRWORDSIZE=4 -DLWORDSIZE=4 -DNONSTANDARD_SYSTEM_SUBR  -DWRF_USE_CLM  -DDM_PARALLEL -DNETCDF -DLANDREAD_STUB=1 -DUSE_ALLOCATABLES -Dwrfmodel -DGRIB1 -DINTIO -DKEEP_INT_AROUND -DLIMIT_ARGS -DBUILD_RRTMG_FAST=0 -DBUILD_RRTMK=0 -DBUILD_SBM_FAST=1 -DSHOW_ALL_VARS_USED=0 -DCONFIG_BUF_LEN=65536 -DMAX_DOMAINS_F=21 -DMAX_HISTORY=25 -DNMM_NEST=0 -DWRF_CHEM -DBUILD_CHEM=1 -I. -traditional-cpp   module_gfs_machine.G  > module_gfs_machine.bb
/home/hnavarro/Desktop/WRF/BUILD_WRF/WRF/tools/standard.exe module_gfs_machine.bb | /lib/cpp -P -nostdinc -traditional-cpp > module_gfs_machine.f90
rm -f module_gfs_machine.G module_gfs_machine.bb
time mpif90 -f90=gfortran -o module_gfs_machine.o -c -O2 -ftree-vectorize -funroll-loops -w -ffree-form -ffree-line-length-none -fconvert=big-endian -frecord-marker=4 -fallow-argument-mismatch -fallow-invalid-boz   -I../dyn_em  -I/home/hnavarro/Desktop/WRF/BUILD_WRF/WRF/external/esmf_time_f90  -I/home/hnavarro/Desktop/WRF/BUILD_WRF/WRF/main -I/home/hnavarro/Desktop/WRF/BUILD_WRF/WRF/external/io_netcdf -I/home/hnavarro/Desktop/WRF/BUILD_WRF/WRF/external/io_int -I/home/hnavarro/Desktop/WRF/BUILD_WRF/WRF/frame -I/home/hnavarro/Desktop/WRF/BUILD_WRF/WRF/share -I/home/hnavarro/Desktop/WRF/BUILD_WRF/WRF/phys -I/home/hnavarro/Desktop/WRF/BUILD_WRF/WRF/wrftladj -I/home/hnavarro/Desktop/WRF/BUILD_WRF/WRF/chem -I/home/hnavarro/Desktop/WRF/BUILD_WRF/WRF/inc -I/home/hnavarro/Desktop/WRF/Install-WRF-Chem/LIBRARIES/netcdf/include    module_gfs_machine.f90
0.01user 0.04system 0:00.06elapsed 101%CPU (0avgtext+0avgdata 15488maxresident)k
0inputs+24outputs (0major+7188minor)pagefaults 0swaps
rm -f module_bl_myjpbl.o
sed -e "s/^\!.*'.*//" -e "s/^ *\!.*'.*//" module_bl_myjpbl.F > module_bl_myjpbl.G
/lib/cpp -P -nostdinc -I/home/hnavarro/Desktop/WRF/BUILD_WRF/WRF/inc -DEM_CORE=1 -DNMM_CORE=0 -DNMM_MAX_DIM=2600 -DDA_CORE=0 -DWRFPLUS=0 -DIWORDSIZE=4 -DDWORDSIZE=8 -DRWORDSIZE=4 -DLWORDSIZE=4 -DNONSTANDARD_SYSTEM_SUBR  -DWRF_USE_CLM  -DDM_PARALLEL -DNETCDF -DLANDREAD_STUB=1 -DUSE_ALLOCATABLES -Dwrfmodel -DGRIB1 -DINTIO -DKEEP_INT_AROUND -DLIMIT_ARGS -DBUILD_RRTMG_FAST=0 -DBUILD_RRTMK=0 -DBUILD_SBM_FAST=1 -DSHOW_ALL_VARS_USED=0 -DCONFIG_BUF_LEN=65536 -DMAX_DOMAINS_F=21 -DMAX_HISTORY=25 -DNMM_NEST=0 -DWRF_CHEM -DBUILD_CHEM=1 -I. -traditional-cpp   module_bl_myjpbl.G  > module_bl_myjpbl.bb
/home/hnavarro/Desktop/WRF/BUILD_WRF/WRF/tools/standard.exe module_bl_myjpbl.bb | /lib/cpp -P -nostdinc -traditional-cpp > module_bl_myjpbl.f90
rm -f module_bl_myjpbl.G module_bl_myjpbl.bb
time mpif90 -f90=gfortran -o module_bl_myjpbl.o -c -O2 -ftree-vectorize -funroll-loops -w -ffree-form -ffree-line-length-none -fconvert=big-endian -frecord-marker=4 -fallow-argument-mismatch -fallow-invalid-boz   -I../dyn_em  -I/home/hnavarro/Desktop/WRF/BUILD_WRF/WRF/external/esmf_time_f90  -I/home/hnavarro/Desktop/WRF/BUILD_WRF/WRF/main -I/home/hnavarro/Desktop/WRF/BUILD_WRF/WRF/external/io_netcdf -I/home/hnavarro/Desktop/WRF/BUILD_WRF/WRF/external/io_int -I/home/hnavarro/Desktop/WRF/BUILD_WRF/WRF/frame -I/home/hnavarro/Desktop/WRF/BUILD_WRF/WRF/share -I/home/hnavarro/Desktop/WRF/BUILD_WRF/WRF/phys -I/home/hnavarro/Desktop/WRF/BUILD_WRF/WRF/wrftladj -I/home/hnavarro/Desktop/WRF/BUILD_WRF/WRF/chem -I/home/hnavarro/Desktop/WRF/BUILD_WRF/WRF/inc -I/home/hnavarro/Desktop/WRF/Install-WRF-Chem/LIBRARIES/netcdf/include    module_bl_myjpbl.f90
1.31user 0.09system 0:01.42elapsed 99%CPU (0avgtext+0avgdata 106436maxresident)k
0inputs+800outputs (0major+30487minor)pagefaults 0swaps
rm -f module_bl_qnsepbl.o
sed -e "s/^\!.*'.*//" -e "s/^ *\!.*'.*//" module_bl_qnsepbl.F > module_bl_qnsepbl.G
/lib/cpp -P -nostdinc -I/home/hnavarro/Desktop/WRF/BUILD_WRF/WRF/inc -DEM_CORE=1 -DNMM_CORE=0 -DNMM_MAX_DIM=2600 -DDA_CORE=0 -DWRFPLUS=0 -DIWORDSIZE=4 -DDWORDSIZE=8 -DRWORDSIZE=4 -DLWORDSIZE=4 -DNONSTANDARD_SYSTEM_SUBR  -DWRF_USE_CLM  -DDM_PARALLEL -DNETCDF -DLANDREAD_STUB=1 -DUSE_ALLOCATABLES -Dwrfmodel -DGRIB1 -DINTIO -DKEEP_INT_AROUND -DLIMIT_ARGS -DBUILD_RRTMG_FAST=0 -DBUILD_RRTMK=0 -DBUILD_SBM_FAST=1 -DSHOW_ALL_VARS_USED=0 -DCONFIG_BUF_LEN=65536 -DMAX_DOMAINS_F=21 -DMAX_HISTORY=25 -DNMM_NEST=0 -DWRF_CHEM -DBUILD_CHEM=1 -I. -traditional-cpp   module_bl_qnsepbl.G  > module_bl_qnsepbl.bb
/home/hnavarro/Desktop/WRF/BUILD_WRF/WRF/tools/standard.exe module_bl_qnsepbl.bb | /lib/cpp -P -nostdinc -traditional-cpp > module_bl_qnsepbl.f90
rm -f module_bl_qnsepbl.G module_bl_qnsepbl.bb
time mpif90 -f90=gfortran -o module_bl_qnsepbl.o -c -O2 -ftree-vectorize -funroll-loops -w -ffree-form -ffree-line-length-none -fconvert=big-endian -frecord-marker=4 -fallow-argument-mismatch -fallow-invalid-boz   -I../dyn_em  -I/home/hnavarro/Desktop/WRF/BUILD_WRF/WRF/external/esmf_time_f90  -I/home/hnavarro/Desktop/WRF/BUILD_WRF/WRF/main -I/home/hnavarro/Desktop/WRF/BUILD_WRF/WRF/external/io_netcdf -I/home/hnavarro/Desktop/WRF/BUILD_WRF/WRF/external/io_int -I/home/hnavarro/Desktop/WRF/BUILD_WRF/WRF/frame -I/home/hnavarro/Desktop/WRF/BUILD_WRF/WRF/share -I/home/hnavarro/Desktop/WRF/BUILD_WRF/WRF/phys -I/home/hnavarro/Desktop/WRF/BUILD_WRF/WRF/wrftladj -I/home/hnavarro/Desktop/WRF/BUILD_WRF/WRF/chem -I/home/hnavarro/Desktop/WRF/BUILD_WRF/WRF/inc -I/home/hnavarro/Desktop/WRF/Install-WRF-Chem/LIBRARIES/netcdf/include    module_bl_qnsepbl.f90
0.85user 0.10system 0:00.96elapsed 99%CPU (0avgtext+0avgdata 75560maxresident)k
0inputs+656outputs (0major+20628minor)pagefaults 0swaps
rm -f module_bl_acm.o
sed -e "s/^\!.*'.*//" -e "s/^ *\!.*'.*//" module_bl_acm.F > module_bl_acm.G
/lib/cpp -P -nostdinc -I/home/hnavarro/Desktop/WRF/BUILD_WRF/WRF/inc -DEM_CORE=1 -DNMM_CORE=0 -DNMM_MAX_DIM=2600 -DDA_CORE=0 -DWRFPLUS=0 -DIWORDSIZE=4 -DDWORDSIZE=8 -DRWORDSIZE=4 -DLWORDSIZE=4 -DNONSTANDARD_SYSTEM_SUBR  -DWRF_USE_CLM  -DDM_PARALLEL -DNETCDF -DLANDREAD_STUB=1 -DUSE_ALLOCATABLES -Dwrfmodel -DGRIB1 -DINTIO -DKEEP_INT_AROUND -DLIMIT_ARGS -DBUILD_RRTMG_FAST=0 -DBUILD_RRTMK=0 -DBUILD_SBM_FAST=1 -DSHOW_ALL_VARS_USED=0 -DCONFIG_BUF_LEN=65536 -DMAX_DOMAINS_F=21 -DMAX_HISTORY=25 -DNMM_NEST=0 -DWRF_CHEM -DBUILD_CHEM=1 -I. -traditional-cpp   module_bl_acm.G  > module_bl_acm.bb
/home/hnavarro/Desktop/WRF/BUILD_WRF/WRF/tools/standard.exe module_bl_acm.bb | /lib/cpp -P -nostdinc -traditional-cpp > module_bl_acm.f90
rm -f module_bl_acm.G module_bl_acm.bb
time mpif90 -f90=gfortran -o module_bl_acm.o -c -O2 -ftree-vectorize -funroll-loops -w -ffree-form -ffree-line-length-none -fconvert=big-endian -frecord-marker=4 -fallow-argument-mismatch -fallow-invalid-boz   -I../dyn_em  -I/home/hnavarro/Desktop/WRF/BUILD_WRF/WRF/external/esmf_time_f90  -I/home/hnavarro/Desktop/WRF/BUILD_WRF/WRF/main -I/home/hnavarro/Desktop/WRF/BUILD_WRF/WRF/external/io_netcdf -I/home/hnavarro/Desktop/WRF/BUILD_WRF/WRF/external/io_int -I/home/hnavarro/Desktop/WRF/BUILD_WRF/WRF/frame -I/home/hnavarro/Desktop/WRF/BUILD_WRF/WRF/share -I/home/hnavarro/Desktop/WRF/BUILD_WRF/WRF/phys -I/home/hnavarro/Desktop/WRF/BUILD_WRF/WRF/wrftladj -I/home/hnavarro/Desktop/WRF/BUILD_WRF/WRF/chem -I/home/hnavarro/Desktop/WRF/BUILD_WRF/WRF/inc -I/home/hnavarro/Desktop/WRF/Install-WRF-Chem/LIBRARIES/netcdf/include    module_bl_acm.f90
0.91user 0.07system 0:00.99elapsed 99%CPU (0avgtext+0avgdata 77904maxresident)k
0inputs+608outputs (0major+21090minor)pagefaults 0swaps
rm -f module_bl_mynn_common.o
sed -e "s/^\!.*'.*//" -e "s/^ *\!.*'.*//" module_bl_mynn_common.F > module_bl_mynn_common.G
/lib/cpp -P -nostdinc -I/home/hnavarro/Desktop/WRF/BUILD_WRF/WRF/inc -DEM_CORE=1 -DNMM_CORE=0 -DNMM_MAX_DIM=2600 -DDA_CORE=0 -DWRFPLUS=0 -DIWORDSIZE=4 -DDWORDSIZE=8 -DRWORDSIZE=4 -DLWORDSIZE=4 -DNONSTANDARD_SYSTEM_SUBR  -DWRF_USE_CLM  -DDM_PARALLEL -DNETCDF -DLANDREAD_STUB=1 -DUSE_ALLOCATABLES -Dwrfmodel -DGRIB1 -DINTIO -DKEEP_INT_AROUND -DLIMIT_ARGS -DBUILD_RRTMG_FAST=0 -DBUILD_RRTMK=0 -DBUILD_SBM_FAST=1 -DSHOW_ALL_VARS_USED=0 -DCONFIG_BUF_LEN=65536 -DMAX_DOMAINS_F=21 -DMAX_HISTORY=25 -DNMM_NEST=0 -DWRF_CHEM -DBUILD_CHEM=1 -I. -traditional-cpp   module_bl_mynn_common.G  > module_bl_mynn_common.bb
/home/hnavarro/Desktop/WRF/BUILD_WRF/WRF/tools/standard.exe module_bl_mynn_common.bb | /lib/cpp -P -nostdinc -traditional-cpp > module_bl_mynn_common.f90
rm -f module_bl_mynn_common.G module_bl_mynn_common.bb
time mpif90 -f90=gfortran -o module_bl_mynn_common.o -c -O2 -ftree-vectorize -funroll-loops -w -ffree-form -ffree-line-length-none -fconvert=big-endian -frecord-marker=4 -fallow-argument-mismatch -fallow-invalid-boz   -I../dyn_em  -I/home/hnavarro/Desktop/WRF/BUILD_WRF/WRF/external/esmf_time_f90  -I/home/hnavarro/Desktop/WRF/BUILD_WRF/WRF/main -I/home/hnavarro/Desktop/WRF/BUILD_WRF/WRF/external/io_netcdf -I/home/hnavarro/Desktop/WRF/BUILD_WRF/WRF/external/io_int -I/home/hnavarro/Desktop/WRF/BUILD_WRF/WRF/frame -I/home/hnavarro/Desktop/WRF/BUILD_WRF/WRF/share -I/home/hnavarro/Desktop/WRF/BUILD_WRF/WRF/phys -I/home/hnavarro/Desktop/WRF/BUILD_WRF/WRF/wrftladj -I/home/hnavarro/Desktop/WRF/BUILD_WRF/WRF/chem -I/home/hnavarro/Desktop/WRF/BUILD_WRF/WRF/inc -I/home/hnavarro/Desktop/WRF/Install-WRF-Chem/LIBRARIES/netcdf/include    module_bl_mynn_common.f90
0.01user 0.04system 0:00.06elapsed 98%CPU (0avgtext+0avgdata 15616maxresident)k
0inputs+24outputs (0major+7165minor)pagefaults 0swaps
rm -f module_bl_fogdes.o
sed -e "s/^\!.*'.*//" -e "s/^ *\!.*'.*//" module_bl_fogdes.F > module_bl_fogdes.G
/lib/cpp -P -nostdinc -I/home/hnavarro/Desktop/WRF/BUILD_WRF/WRF/inc -DEM_CORE=1 -DNMM_CORE=0 -DNMM_MAX_DIM=2600 -DDA_CORE=0 -DWRFPLUS=0 -DIWORDSIZE=4 -DDWORDSIZE=8 -DRWORDSIZE=4 -DLWORDSIZE=4 -DNONSTANDARD_SYSTEM_SUBR  -DWRF_USE_CLM  -DDM_PARALLEL -DNETCDF -DLANDREAD_STUB=1 -DUSE_ALLOCATABLES -Dwrfmodel -DGRIB1 -DINTIO -DKEEP_INT_AROUND -DLIMIT_ARGS -DBUILD_RRTMG_FAST=0 -DBUILD_RRTMK=0 -DBUILD_SBM_FAST=1 -DSHOW_ALL_VARS_USED=0 -DCONFIG_BUF_LEN=65536 -DMAX_DOMAINS_F=21 -DMAX_HISTORY=25 -DNMM_NEST=0 -DWRF_CHEM -DBUILD_CHEM=1 -I. -traditional-cpp   module_bl_fogdes.G  > module_bl_fogdes.bb
/home/hnavarro/Desktop/WRF/BUILD_WRF/WRF/tools/standard.exe module_bl_fogdes.bb | /lib/cpp -P -nostdinc -traditional-cpp > module_bl_fogdes.f90
rm -f module_bl_fogdes.G module_bl_fogdes.bb
time mpif90 -f90=gfortran -o module_bl_fogdes.o -c -O2 -ftree-vectorize -funroll-loops -w -ffree-form -ffree-line-length-none -fconvert=big-endian -frecord-marker=4 -fallow-argument-mismatch -fallow-invalid-boz   -I../dyn_em  -I/home/hnavarro/Desktop/WRF/BUILD_WRF/WRF/external/esmf_time_f90  -I/home/hnavarro/Desktop/WRF/BUILD_WRF/WRF/main -I/home/hnavarro/Desktop/WRF/BUILD_WRF/WRF/external/io_netcdf -I/home/hnavarro/Desktop/WRF/BUILD_WRF/WRF/external/io_int -I/home/hnavarro/Desktop/WRF/BUILD_WRF/WRF/frame -I/home/hnavarro/Desktop/WRF/BUILD_WRF/WRF/share -I/home/hnavarro/Desktop/WRF/BUILD_WRF/WRF/phys -I/home/hnavarro/Desktop/WRF/BUILD_WRF/WRF/wrftladj -I/home/hnavarro/Desktop/WRF/BUILD_WRF/WRF/chem -I/home/hnavarro/Desktop/WRF/BUILD_WRF/WRF/inc -I/home/hnavarro/Desktop/WRF/Install-WRF-Chem/LIBRARIES/netcdf/include    module_bl_fogdes.f90
0.05user 0.04system 0:00.10elapsed 95%CPU (0avgtext+0avgdata 29824maxresident)k
0inputs+48outputs (0major+8333minor)pagefaults 0swaps
rm -f physics_mmm/bl_gwdo.o
sed -e "s/^\!.*'.*//" -e "s/^ *\!.*'.*//" physics_mmm/bl_gwdo.F90 > physics_mmm/bl_gwdo.G
/lib/cpp -P -nostdinc -I/home/hnavarro/Desktop/WRF/BUILD_WRF/WRF/inc -DEM_CORE=1 -DNMM_CORE=0 -DNMM_MAX_DIM=2600 -DDA_CORE=0 -DWRFPLUS=0 -DIWORDSIZE=4 -DDWORDSIZE=8 -DRWORDSIZE=4 -DLWORDSIZE=4 -DNONSTANDARD_SYSTEM_SUBR  -DWRF_USE_CLM  -DDM_PARALLEL -DNETCDF -DLANDREAD_STUB=1 -DUSE_ALLOCATABLES -Dwrfmodel -DGRIB1 -DINTIO -DKEEP_INT_AROUND -DLIMIT_ARGS -DBUILD_RRTMG_FAST=0 -DBUILD_RRTMK=0 -DBUILD_SBM_FAST=1 -DSHOW_ALL_VARS_USED=0 -DCONFIG_BUF_LEN=65536 -DMAX_DOMAINS_F=21 -DMAX_HISTORY=25 -DNMM_NEST=0 -DWRF_CHEM -DBUILD_CHEM=1 -I. -traditional-cpp   physics_mmm/bl_gwdo.G  > physics_mmm/bl_gwdo.bb
/home/hnavarro/Desktop/WRF/BUILD_WRF/WRF/tools/standard.exe physics_mmm/bl_gwdo.bb | /lib/cpp -P -nostdinc -traditional-cpp > physics_mmm/bl_gwdo.tmp.f90
rm -f physics_mmm/bl_gwdo.G physics_mmm/bl_gwdo.bb
time mpif90 -f90=gfortran -o physics_mmm/bl_gwdo.o -c -O2 -ftree-vectorize -funroll-loops -w -ffree-form -ffree-line-length-none -fconvert=big-endian -frecord-marker=4 -fallow-argument-mismatch -fallow-invalid-boz   -I../dyn_em  -I/home/hnavarro/Desktop/WRF/BUILD_WRF/WRF/external/esmf_time_f90  -I/home/hnavarro/Desktop/WRF/BUILD_WRF/WRF/main -I/home/hnavarro/Desktop/WRF/BUILD_WRF/WRF/external/io_netcdf -I/home/hnavarro/Desktop/WRF/BUILD_WRF/WRF/external/io_int -I/home/hnavarro/Desktop/WRF/BUILD_WRF/WRF/frame -I/home/hnavarro/Desktop/WRF/BUILD_WRF/WRF/share -I/home/hnavarro/Desktop/WRF/BUILD_WRF/WRF/phys -I/home/hnavarro/Desktop/WRF/BUILD_WRF/WRF/wrftladj -I/home/hnavarro/Desktop/WRF/BUILD_WRF/WRF/chem -I/home/hnavarro/Desktop/WRF/BUILD_WRF/WRF/inc -I/home/hnavarro/Desktop/WRF/Install-WRF-Chem/LIBRARIES/netcdf/include    physics_mmm/bl_gwdo.tmp.f90
1.75user 0.09system 0:01.85elapsed 99%CPU (0avgtext+0avgdata 91844maxresident)k
0inputs+944outputs (0major+25405minor)pagefaults 0swaps
rm -f module_bl_gwdo_gsl.o
sed -e "s/^\!.*'.*//" -e "s/^ *\!.*'.*//" module_bl_gwdo_gsl.F > module_bl_gwdo_gsl.G
/lib/cpp -P -nostdinc -I/home/hnavarro/Desktop/WRF/BUILD_WRF/WRF/inc -DEM_CORE=1 -DNMM_CORE=0 -DNMM_MAX_DIM=2600 -DDA_CORE=0 -DWRFPLUS=0 -DIWORDSIZE=4 -DDWORDSIZE=8 -DRWORDSIZE=4 -DLWORDSIZE=4 -DNONSTANDARD_SYSTEM_SUBR  -DWRF_USE_CLM  -DDM_PARALLEL -DNETCDF -DLANDREAD_STUB=1 -DUSE_ALLOCATABLES -Dwrfmodel -DGRIB1 -DINTIO -DKEEP_INT_AROUND -DLIMIT_ARGS -DBUILD_RRTMG_FAST=0 -DBUILD_RRTMK=0 -DBUILD_SBM_FAST=1 -DSHOW_ALL_VARS_USED=0 -DCONFIG_BUF_LEN=65536 -DMAX_DOMAINS_F=21 -DMAX_HISTORY=25 -DNMM_NEST=0 -DWRF_CHEM -DBUILD_CHEM=1 -I. -traditional-cpp   module_bl_gwdo_gsl.G  > module_bl_gwdo_gsl.bb
/home/hnavarro/Desktop/WRF/BUILD_WRF/WRF/tools/standard.exe module_bl_gwdo_gsl.bb | /lib/cpp -P -nostdinc -traditional-cpp > module_bl_gwdo_gsl.f90
rm -f module_bl_gwdo_gsl.G module_bl_gwdo_gsl.bb
time mpif90 -f90=gfortran -o module_bl_gwdo_gsl.o -c -O2 -ftree-vectorize -funroll-loops -w -ffree-form -ffree-line-length-none -fconvert=big-endian -frecord-marker=4 -fallow-argument-mismatch -fallow-invalid-boz   -I../dyn_em  -I/home/hnavarro/Desktop/WRF/BUILD_WRF/WRF/external/esmf_time_f90  -I/home/hnavarro/Desktop/WRF/BUILD_WRF/WRF/main -I/home/hnavarro/Desktop/WRF/BUILD_WRF/WRF/external/io_netcdf -I/home/hnavarro/Desktop/WRF/BUILD_WRF/WRF/external/io_int -I/home/hnavarro/Desktop/WRF/BUILD_WRF/WRF/frame -I/home/hnavarro/Desktop/WRF/BUILD_WRF/WRF/share -I/home/hnavarro/Desktop/WRF/BUILD_WRF/WRF/phys -I/home/hnavarro/Desktop/WRF/BUILD_WRF/WRF/wrftladj -I/home/hnavarro/Desktop/WRF/BUILD_WRF/WRF/chem -I/home/hnavarro/Desktop/WRF/BUILD_WRF/WRF/inc -I/home/hnavarro/Desktop/WRF/Install-WRF-Chem/LIBRARIES/netcdf/include    module_bl_gwdo_gsl.f90
1.11user 0.09system 0:01.21elapsed 99%CPU (0avgtext+0avgdata 103820maxresident)k
0inputs+560outputs (0major+29998minor)pagefaults 0swaps
rm -f module_bl_myjurb.o
sed -e "s/^\!.*'.*//" -e "s/^ *\!.*'.*//" module_bl_myjurb.F > module_bl_myjurb.G
/lib/cpp -P -nostdinc -I/home/hnavarro/Desktop/WRF/BUILD_WRF/WRF/inc -DEM_CORE=1 -DNMM_CORE=0 -DNMM_MAX_DIM=2600 -DDA_CORE=0 -DWRFPLUS=0 -DIWORDSIZE=4 -DDWORDSIZE=8 -DRWORDSIZE=4 -DLWORDSIZE=4 -DNONSTANDARD_SYSTEM_SUBR  -DWRF_USE_CLM  -DDM_PARALLEL -DNETCDF -DLANDREAD_STUB=1 -DUSE_ALLOCATABLES -Dwrfmodel -DGRIB1 -DINTIO -DKEEP_INT_AROUND -DLIMIT_ARGS -DBUILD_RRTMG_FAST=0 -DBUILD_RRTMK=0 -DBUILD_SBM_FAST=1 -DSHOW_ALL_VARS_USED=0 -DCONFIG_BUF_LEN=65536 -DMAX_DOMAINS_F=21 -DMAX_HISTORY=25 -DNMM_NEST=0 -DWRF_CHEM -DBUILD_CHEM=1 -I. -traditional-cpp   module_bl_myjurb.G  > module_bl_myjurb.bb
/home/hnavarro/Desktop/WRF/BUILD_WRF/WRF/tools/standard.exe module_bl_myjurb.bb | /lib/cpp -P -nostdinc -traditional-cpp > module_bl_myjurb.f90
rm -f module_bl_myjurb.G module_bl_myjurb.bb
time mpif90 -f90=gfortran -o module_bl_myjurb.o -c -O2 -ftree-vectorize -funroll-loops -w -ffree-form -ffree-line-length-none -fconvert=big-endian -frecord-marker=4 -fallow-argument-mismatch -fallow-invalid-boz   -I../dyn_em  -I/home/hnavarro/Desktop/WRF/BUILD_WRF/WRF/external/esmf_time_f90  -I/home/hnavarro/Desktop/WRF/BUILD_WRF/WRF/main -I/home/hnavarro/Desktop/WRF/BUILD_WRF/WRF/external/io_netcdf -I/home/hnavarro/Desktop/WRF/BUILD_WRF/WRF/external/io_int -I/home/hnavarro/Desktop/WRF/BUILD_WRF/WRF/frame -I/home/hnavarro/Desktop/WRF/BUILD_WRF/WRF/share -I/home/hnavarro/Desktop/WRF/BUILD_WRF/WRF/phys -I/home/hnavarro/Desktop/WRF/BUILD_WRF/WRF/wrftladj -I/home/hnavarro/Desktop/WRF/BUILD_WRF/WRF/chem -I/home/hnavarro/Desktop/WRF/BUILD_WRF/WRF/inc -I/home/hnavarro/Desktop/WRF/Install-WRF-Chem/LIBRARIES/netcdf/include    module_bl_myjurb.f90
1.45user 0.07system 0:01.53elapsed 99%CPU (0avgtext+0avgdata 119684maxresident)k
0inputs+776outputs (0major+33363minor)pagefaults 0swaps
rm -f module_bl_boulac.o
sed -e "s/^\!.*'.*//" -e "s/^ *\!.*'.*//" module_bl_boulac.F > module_bl_boulac.G
/lib/cpp -P -nostdinc -I/home/hnavarro/Desktop/WRF/BUILD_WRF/WRF/inc -DEM_CORE=1 -DNMM_CORE=0 -DNMM_MAX_DIM=2600 -DDA_CORE=0 -DWRFPLUS=0 -DIWORDSIZE=4 -DDWORDSIZE=8 -DRWORDSIZE=4 -DLWORDSIZE=4 -DNONSTANDARD_SYSTEM_SUBR  -DWRF_USE_CLM  -DDM_PARALLEL -DNETCDF -DLANDREAD_STUB=1 -DUSE_ALLOCATABLES -Dwrfmodel -DGRIB1 -DINTIO -DKEEP_INT_AROUND -DLIMIT_ARGS -DBUILD_RRTMG_FAST=0 -DBUILD_RRTMK=0 -DBUILD_SBM_FAST=1 -DSHOW_ALL_VARS_USED=0 -DCONFIG_BUF_LEN=65536 -DMAX_DOMAINS_F=21 -DMAX_HISTORY=25 -DNMM_NEST=0 -DWRF_CHEM -DBUILD_CHEM=1 -I. -traditional-cpp   module_bl_boulac.G  > module_bl_boulac.bb
/home/hnavarro/Desktop/WRF/BUILD_WRF/WRF/tools/standard.exe module_bl_boulac.bb | /lib/cpp -P -nostdinc -traditional-cpp > module_bl_boulac.f90
rm -f module_bl_boulac.G module_bl_boulac.bb
time mpif90 -f90=gfortran -o module_bl_boulac.o -c -O2 -ftree-vectorize -funroll-loops -w -ffree-form -ffree-line-length-none -fconvert=big-endian -frecord-marker=4 -fallow-argument-mismatch -fallow-invalid-boz   -I../dyn_em  -I/home/hnavarro/Desktop/WRF/BUILD_WRF/WRF/external/esmf_time_f90  -I/home/hnavarro/Desktop/WRF/BUILD_WRF/WRF/main -I/home/hnavarro/Desktop/WRF/BUILD_WRF/WRF/external/io_netcdf -I/home/hnavarro/Desktop/WRF/BUILD_WRF/WRF/external/io_int -I/home/hnavarro/Desktop/WRF/BUILD_WRF/WRF/frame -I/home/hnavarro/Desktop/WRF/BUILD_WRF/WRF/share -I/home/hnavarro/Desktop/WRF/BUILD_WRF/WRF/phys -I/home/hnavarro/Desktop/WRF/BUILD_WRF/WRF/wrftladj -I/home/hnavarro/Desktop/WRF/BUILD_WRF/WRF/chem -I/home/hnavarro/Desktop/WRF/BUILD_WRF/WRF/inc -I/home/hnavarro/Desktop/WRF/Install-WRF-Chem/LIBRARIES/netcdf/include    module_bl_boulac.f90
1.46user 0.07system 0:01.54elapsed 99%CPU (0avgtext+0avgdata 89576maxresident)k
0inputs+736outputs (0major+24364minor)pagefaults 0swaps
rm -f module_bl_mfshconvpbl.o
sed -e "s/^\!.*'.*//" -e "s/^ *\!.*'.*//" module_bl_mfshconvpbl.F > module_bl_mfshconvpbl.G
/lib/cpp -P -nostdinc -I/home/hnavarro/Desktop/WRF/BUILD_WRF/WRF/inc -DEM_CORE=1 -DNMM_CORE=0 -DNMM_MAX_DIM=2600 -DDA_CORE=0 -DWRFPLUS=0 -DIWORDSIZE=4 -DDWORDSIZE=8 -DRWORDSIZE=4 -DLWORDSIZE=4 -DNONSTANDARD_SYSTEM_SUBR  -DWRF_USE_CLM  -DDM_PARALLEL -DNETCDF -DLANDREAD_STUB=1 -DUSE_ALLOCATABLES -Dwrfmodel -DGRIB1 -DINTIO -DKEEP_INT_AROUND -DLIMIT_ARGS -DBUILD_RRTMG_FAST=0 -DBUILD_RRTMK=0 -DBUILD_SBM_FAST=1 -DSHOW_ALL_VARS_USED=0 -DCONFIG_BUF_LEN=65536 -DMAX_DOMAINS_F=21 -DMAX_HISTORY=25 -DNMM_NEST=0 -DWRF_CHEM -DBUILD_CHEM=1 -I. -traditional-cpp   module_bl_mfshconvpbl.G  > module_bl_mfshconvpbl.bb
/home/hnavarro/Desktop/WRF/BUILD_WRF/WRF/tools/standard.exe module_bl_mfshconvpbl.bb | /lib/cpp -P -nostdinc -traditional-cpp > module_bl_mfshconvpbl.f90
rm -f module_bl_mfshconvpbl.G module_bl_mfshconvpbl.bb
time mpif90 -f90=gfortran -o module_bl_mfshconvpbl.o -c -O2 -ftree-vectorize -funroll-loops -w -ffree-form -ffree-line-length-none -fconvert=big-endian -frecord-marker=4 -fallow-argument-mismatch -fallow-invalid-boz   -I../dyn_em  -I/home/hnavarro/Desktop/WRF/BUILD_WRF/WRF/external/esmf_time_f90  -I/home/hnavarro/Desktop/WRF/BUILD_WRF/WRF/main -I/home/hnavarro/Desktop/WRF/BUILD_WRF/WRF/external/io_netcdf -I/home/hnavarro/Desktop/WRF/BUILD_WRF/WRF/external/io_int -I/home/hnavarro/Desktop/WRF/BUILD_WRF/WRF/frame -I/home/hnavarro/Desktop/WRF/BUILD_WRF/WRF/share -I/home/hnavarro/Desktop/WRF/BUILD_WRF/WRF/phys -I/home/hnavarro/Desktop/WRF/BUILD_WRF/WRF/wrftladj -I/home/hnavarro/Desktop/WRF/BUILD_WRF/WRF/chem -I/home/hnavarro/Desktop/WRF/BUILD_WRF/WRF/inc -I/home/hnavarro/Desktop/WRF/Install-WRF-Chem/LIBRARIES/netcdf/include    module_bl_mfshconvpbl.f90
1.24user 0.16system 0:01.44elapsed 98%CPU (0avgtext+0avgdata 65708maxresident)k
0inputs+528outputs (1major+17774minor)pagefaults 0swaps
rm -f module_bl_eepsilon.o
sed -e "s/^\!.*'.*//" -e "s/^ *\!.*'.*//" module_bl_eepsilon.F > module_bl_eepsilon.G
/lib/cpp -P -nostdinc -I/home/hnavarro/Desktop/WRF/BUILD_WRF/WRF/inc -DEM_CORE=1 -DNMM_CORE=0 -DNMM_MAX_DIM=2600 -DDA_CORE=0 -DWRFPLUS=0 -DIWORDSIZE=4 -DDWORDSIZE=8 -DRWORDSIZE=4 -DLWORDSIZE=4 -DNONSTANDARD_SYSTEM_SUBR  -DWRF_USE_CLM  -DDM_PARALLEL -DNETCDF -DLANDREAD_STUB=1 -DUSE_ALLOCATABLES -Dwrfmodel -DGRIB1 -DINTIO -DKEEP_INT_AROUND -DLIMIT_ARGS -DBUILD_RRTMG_FAST=0 -DBUILD_RRTMK=0 -DBUILD_SBM_FAST=1 -DSHOW_ALL_VARS_USED=0 -DCONFIG_BUF_LEN=65536 -DMAX_DOMAINS_F=21 -DMAX_HISTORY=25 -DNMM_NEST=0 -DWRF_CHEM -DBUILD_CHEM=1 -I. -traditional-cpp   module_bl_eepsilon.G  > module_bl_eepsilon.bb
/home/hnavarro/Desktop/WRF/BUILD_WRF/WRF/tools/standard.exe module_bl_eepsilon.bb | /lib/cpp -P -nostdinc -traditional-cpp > module_bl_eepsilon.f90
rm -f module_bl_eepsilon.G module_bl_eepsilon.bb
time mpif90 -f90=gfortran -o module_bl_eepsilon.o -c -O2 -ftree-vectorize -funroll-loops -w -ffree-form -ffree-line-length-none -fconvert=big-endian -frecord-marker=4 -fallow-argument-mismatch -fallow-invalid-boz   -I../dyn_em  -I/home/hnavarro/Desktop/WRF/BUILD_WRF/WRF/external/esmf_time_f90  -I/home/hnavarro/Desktop/WRF/BUILD_WRF/WRF/main -I/home/hnavarro/Desktop/WRF/BUILD_WRF/WRF/external/io_netcdf -I/home/hnavarro/Desktop/WRF/BUILD_WRF/WRF/external/io_int -I/home/hnavarro/Desktop/WRF/BUILD_WRF/WRF/frame -I/home/hnavarro/Desktop/WRF/BUILD_WRF/WRF/share -I/home/hnavarro/Desktop/WRF/BUILD_WRF/WRF/phys -I/home/hnavarro/Desktop/WRF/BUILD_WRF/WRF/wrftladj -I/home/hnavarro/Desktop/WRF/BUILD_WRF/WRF/chem -I/home/hnavarro/Desktop/WRF/BUILD_WRF/WRF/inc -I/home/hnavarro/Desktop/WRF/Install-WRF-Chem/LIBRARIES/netcdf/include    module_bl_eepsilon.f90
1.83user 0.13system 0:01.98elapsed 99%CPU (0avgtext+0avgdata 116188maxresident)k
0inputs+848outputs (0major+31682minor)pagefaults 0swaps
rm -f module_bl_keps.o
sed -e "s/^\!.*'.*//" -e "s/^ *\!.*'.*//" module_bl_keps.F > module_bl_keps.G
/lib/cpp -P -nostdinc -I/home/hnavarro/Desktop/WRF/BUILD_WRF/WRF/inc -DEM_CORE=1 -DNMM_CORE=0 -DNMM_MAX_DIM=2600 -DDA_CORE=0 -DWRFPLUS=0 -DIWORDSIZE=4 -DDWORDSIZE=8 -DRWORDSIZE=4 -DLWORDSIZE=4 -DNONSTANDARD_SYSTEM_SUBR  -DWRF_USE_CLM  -DDM_PARALLEL -DNETCDF -DLANDREAD_STUB=1 -DUSE_ALLOCATABLES -Dwrfmodel -DGRIB1 -DINTIO -DKEEP_INT_AROUND -DLIMIT_ARGS -DBUILD_RRTMG_FAST=0 -DBUILD_RRTMK=0 -DBUILD_SBM_FAST=1 -DSHOW_ALL_VARS_USED=0 -DCONFIG_BUF_LEN=65536 -DMAX_DOMAINS_F=21 -DMAX_HISTORY=25 -DNMM_NEST=0 -DWRF_CHEM -DBUILD_CHEM=1 -I. -traditional-cpp   module_bl_keps.G  > module_bl_keps.bb
/home/hnavarro/Desktop/WRF/BUILD_WRF/WRF/tools/standard.exe module_bl_keps.bb | /lib/cpp -P -nostdinc -traditional-cpp > module_bl_keps.f90
rm -f module_bl_keps.G module_bl_keps.bb
time mpif90 -f90=gfortran -o module_bl_keps.o -c -O2 -ftree-vectorize -funroll-loops -w -ffree-form -ffree-line-length-none -fconvert=big-endian -frecord-marker=4 -fallow-argument-mismatch -fallow-invalid-boz   -I../dyn_em  -I/home/hnavarro/Desktop/WRF/BUILD_WRF/WRF/external/esmf_time_f90  -I/home/hnavarro/Desktop/WRF/BUILD_WRF/WRF/main -I/home/hnavarro/Desktop/WRF/BUILD_WRF/WRF/external/io_netcdf -I/home/hnavarro/Desktop/WRF/BUILD_WRF/WRF/external/io_int -I/home/hnavarro/Desktop/WRF/BUILD_WRF/WRF/frame -I/home/hnavarro/Desktop/WRF/BUILD_WRF/WRF/share -I/home/hnavarro/Desktop/WRF/BUILD_WRF/WRF/phys -I/home/hnavarro/Desktop/WRF/BUILD_WRF/WRF/wrftladj -I/home/hnavarro/Desktop/WRF/BUILD_WRF/WRF/chem -I/home/hnavarro/Desktop/WRF/BUILD_WRF/WRF/inc -I/home/hnavarro/Desktop/WRF/Install-WRF-Chem/LIBRARIES/netcdf/include    module_bl_keps.f90
1.68user 0.15system 0:01.84elapsed 99%CPU (0avgtext+0avgdata 78284maxresident)k
0inputs+736outputs (0major+21270minor)pagefaults 0swaps
rm -f module_shcu_deng.o
sed -e "s/^\!.*'.*//" -e "s/^ *\!.*'.*//" module_shcu_deng.F > module_shcu_deng.G
/lib/cpp -P -nostdinc -I/home/hnavarro/Desktop/WRF/BUILD_WRF/WRF/inc -DEM_CORE=1 -DNMM_CORE=0 -DNMM_MAX_DIM=2600 -DDA_CORE=0 -DWRFPLUS=0 -DIWORDSIZE=4 -DDWORDSIZE=8 -DRWORDSIZE=4 -DLWORDSIZE=4 -DNONSTANDARD_SYSTEM_SUBR  -DWRF_USE_CLM  -DDM_PARALLEL -DNETCDF -DLANDREAD_STUB=1 -DUSE_ALLOCATABLES -Dwrfmodel -DGRIB1 -DINTIO -DKEEP_INT_AROUND -DLIMIT_ARGS -DBUILD_RRTMG_FAST=0 -DBUILD_RRTMK=0 -DBUILD_SBM_FAST=1 -DSHOW_ALL_VARS_USED=0 -DCONFIG_BUF_LEN=65536 -DMAX_DOMAINS_F=21 -DMAX_HISTORY=25 -DNMM_NEST=0 -DWRF_CHEM -DBUILD_CHEM=1 -I. -traditional-cpp   module_shcu_deng.G  > module_shcu_deng.bb
/home/hnavarro/Desktop/WRF/BUILD_WRF/WRF/tools/standard.exe module_shcu_deng.bb | /lib/cpp -P -nostdinc -traditional-cpp > module_shcu_deng.f90
rm -f module_shcu_deng.G module_shcu_deng.bb
time mpif90 -f90=gfortran -o module_shcu_deng.o -c -O2 -ftree-vectorize -funroll-loops -w -ffree-form -ffree-line-length-none -fconvert=big-endian -frecord-marker=4 -fallow-argument-mismatch -fallow-invalid-boz   -I../dyn_em  -I/home/hnavarro/Desktop/WRF/BUILD_WRF/WRF/external/esmf_time_f90  -I/home/hnavarro/Desktop/WRF/BUILD_WRF/WRF/main -I/home/hnavarro/Desktop/WRF/BUILD_WRF/WRF/external/io_netcdf -I/home/hnavarro/Desktop/WRF/BUILD_WRF/WRF/external/io_int -I/home/hnavarro/Desktop/WRF/BUILD_WRF/WRF/frame -I/home/hnavarro/Desktop/WRF/BUILD_WRF/WRF/share -I/home/hnavarro/Desktop/WRF/BUILD_WRF/WRF/phys -I/home/hnavarro/Desktop/WRF/BUILD_WRF/WRF/wrftladj -I/home/hnavarro/Desktop/WRF/BUILD_WRF/WRF/chem -I/home/hnavarro/Desktop/WRF/BUILD_WRF/WRF/inc -I/home/hnavarro/Desktop/WRF/Install-WRF-Chem/LIBRARIES/netcdf/include    module_shcu_deng.f90
3.82user 0.19system 0:04.05elapsed 99%CPU (0avgtext+0avgdata 212896maxresident)k
0inputs+1600outputs (0major+61655minor)pagefaults 0swaps
rm -f module_shcu_grims.o
sed -e "s/^\!.*'.*//" -e "s/^ *\!.*'.*//" module_shcu_grims.F > module_shcu_grims.G
/lib/cpp -P -nostdinc -I/home/hnavarro/Desktop/WRF/BUILD_WRF/WRF/inc -DEM_CORE=1 -DNMM_CORE=0 -DNMM_MAX_DIM=2600 -DDA_CORE=0 -DWRFPLUS=0 -DIWORDSIZE=4 -DDWORDSIZE=8 -DRWORDSIZE=4 -DLWORDSIZE=4 -DNONSTANDARD_SYSTEM_SUBR  -DWRF_USE_CLM  -DDM_PARALLEL -DNETCDF -DLANDREAD_STUB=1 -DUSE_ALLOCATABLES -Dwrfmodel -DGRIB1 -DINTIO -DKEEP_INT_AROUND -DLIMIT_ARGS -DBUILD_RRTMG_FAST=0 -DBUILD_RRTMK=0 -DBUILD_SBM_FAST=1 -DSHOW_ALL_VARS_USED=0 -DCONFIG_BUF_LEN=65536 -DMAX_DOMAINS_F=21 -DMAX_HISTORY=25 -DNMM_NEST=0 -DWRF_CHEM -DBUILD_CHEM=1 -I. -traditional-cpp   module_shcu_grims.G  > module_shcu_grims.bb
/home/hnavarro/Desktop/WRF/BUILD_WRF/WRF/tools/standard.exe module_shcu_grims.bb | /lib/cpp -P -nostdinc -traditional-cpp > module_shcu_grims.f90
rm -f module_shcu_grims.G module_shcu_grims.bb
time mpif90 -f90=gfortran -o module_shcu_grims.o -c -O2 -ftree-vectorize -funroll-loops -w -ffree-form -ffree-line-length-none -fconvert=big-endian -frecord-marker=4 -fallow-argument-mismatch -fallow-invalid-boz   -I../dyn_em  -I/home/hnavarro/Desktop/WRF/BUILD_WRF/WRF/external/esmf_time_f90  -I/home/hnavarro/Desktop/WRF/BUILD_WRF/WRF/main -I/home/hnavarro/Desktop/WRF/BUILD_WRF/WRF/external/io_netcdf -I/home/hnavarro/Desktop/WRF/BUILD_WRF/WRF/external/io_int -I/home/hnavarro/Desktop/WRF/BUILD_WRF/WRF/frame -I/home/hnavarro/Desktop/WRF/BUILD_WRF/WRF/share -I/home/hnavarro/Desktop/WRF/BUILD_WRF/WRF/phys -I/home/hnavarro/Desktop/WRF/BUILD_WRF/WRF/wrftladj -I/home/hnavarro/Desktop/WRF/BUILD_WRF/WRF/chem -I/home/hnavarro/Desktop/WRF/BUILD_WRF/WRF/inc -I/home/hnavarro/Desktop/WRF/Install-WRF-Chem/LIBRARIES/netcdf/include    module_shcu_grims.f90
1.21user 0.09system 0:01.31elapsed 99%CPU (0avgtext+0avgdata 61360maxresident)k
0inputs+576outputs (0major+17368minor)pagefaults 0swaps
rm -f module_shcu_nscv.o
sed -e "s/^\!.*'.*//" -e "s/^ *\!.*'.*//" module_shcu_nscv.F > module_shcu_nscv.G
/lib/cpp -P -nostdinc -I/home/hnavarro/Desktop/WRF/BUILD_WRF/WRF/inc -DEM_CORE=1 -DNMM_CORE=0 -DNMM_MAX_DIM=2600 -DDA_CORE=0 -DWRFPLUS=0 -DIWORDSIZE=4 -DDWORDSIZE=8 -DRWORDSIZE=4 -DLWORDSIZE=4 -DNONSTANDARD_SYSTEM_SUBR  -DWRF_USE_CLM  -DDM_PARALLEL -DNETCDF -DLANDREAD_STUB=1 -DUSE_ALLOCATABLES -Dwrfmodel -DGRIB1 -DINTIO -DKEEP_INT_AROUND -DLIMIT_ARGS -DBUILD_RRTMG_FAST=0 -DBUILD_RRTMK=0 -DBUILD_SBM_FAST=1 -DSHOW_ALL_VARS_USED=0 -DCONFIG_BUF_LEN=65536 -DMAX_DOMAINS_F=21 -DMAX_HISTORY=25 -DNMM_NEST=0 -DWRF_CHEM -DBUILD_CHEM=1 -I. -traditional-cpp   module_shcu_nscv.G  > module_shcu_nscv.bb
/home/hnavarro/Desktop/WRF/BUILD_WRF/WRF/tools/standard.exe module_shcu_nscv.bb | /lib/cpp -P -nostdinc -traditional-cpp > module_shcu_nscv.f90
rm -f module_shcu_nscv.G module_shcu_nscv.bb
time mpif90 -f90=gfortran -o module_shcu_nscv.o -c -O2 -ftree-vectorize -funroll-loops -w -ffree-form -ffree-line-length-none -fconvert=big-endian -frecord-marker=4 -fallow-argument-mismatch -fallow-invalid-boz   -I../dyn_em  -I/home/hnavarro/Desktop/WRF/BUILD_WRF/WRF/external/esmf_time_f90  -I/home/hnavarro/Desktop/WRF/BUILD_WRF/WRF/main -I/home/hnavarro/Desktop/WRF/BUILD_WRF/WRF/external/io_netcdf -I/home/hnavarro/Desktop/WRF/BUILD_WRF/WRF/external/io_int -I/home/hnavarro/Desktop/WRF/BUILD_WRF/WRF/frame -I/home/hnavarro/Desktop/WRF/BUILD_WRF/WRF/share -I/home/hnavarro/Desktop/WRF/BUILD_WRF/WRF/phys -I/home/hnavarro/Desktop/WRF/BUILD_WRF/WRF/wrftladj -I/home/hnavarro/Desktop/WRF/BUILD_WRF/WRF/chem -I/home/hnavarro/Desktop/WRF/BUILD_WRF/WRF/inc -I/home/hnavarro/Desktop/WRF/Install-WRF-Chem/LIBRARIES/netcdf/include    module_shcu_nscv.f90
2.55user 0.17system 0:02.73elapsed 99%CPU (0avgtext+0avgdata 154460maxresident)k
0inputs+1120outputs (0major+47456minor)pagefaults 0swaps
rm -f module_bl_temf.o
sed -e "s/^\!.*'.*//" -e "s/^ *\!.*'.*//" module_bl_temf.F > module_bl_temf.G
/lib/cpp -P -nostdinc -I/home/hnavarro/Desktop/WRF/BUILD_WRF/WRF/inc -DEM_CORE=1 -DNMM_CORE=0 -DNMM_MAX_DIM=2600 -DDA_CORE=0 -DWRFPLUS=0 -DIWORDSIZE=4 -DDWORDSIZE=8 -DRWORDSIZE=4 -DLWORDSIZE=4 -DNONSTANDARD_SYSTEM_SUBR  -DWRF_USE_CLM  -DDM_PARALLEL -DNETCDF -DLANDREAD_STUB=1 -DUSE_ALLOCATABLES -Dwrfmodel -DGRIB1 -DINTIO -DKEEP_INT_AROUND -DLIMIT_ARGS -DBUILD_RRTMG_FAST=0 -DBUILD_RRTMK=0 -DBUILD_SBM_FAST=1 -DSHOW_ALL_VARS_USED=0 -DCONFIG_BUF_LEN=65536 -DMAX_DOMAINS_F=21 -DMAX_HISTORY=25 -DNMM_NEST=0 -DWRF_CHEM -DBUILD_CHEM=1 -I. -traditional-cpp   module_bl_temf.G  > module_bl_temf.bb
/home/hnavarro/Desktop/WRF/BUILD_WRF/WRF/tools/standard.exe module_bl_temf.bb | /lib/cpp -P -nostdinc -traditional-cpp > module_bl_temf.f90
rm -f module_bl_temf.G module_bl_temf.bb
time mpif90 -f90=gfortran -o module_bl_temf.o -c -O2 -ftree-vectorize -funroll-loops -w -ffree-form -ffree-line-length-none -fconvert=big-endian -frecord-marker=4 -fallow-argument-mismatch -fallow-invalid-boz   -I../dyn_em  -I/home/hnavarro/Desktop/WRF/BUILD_WRF/WRF/external/esmf_time_f90  -I/home/hnavarro/Desktop/WRF/BUILD_WRF/WRF/main -I/home/hnavarro/Desktop/WRF/BUILD_WRF/WRF/external/io_netcdf -I/home/hnavarro/Desktop/WRF/BUILD_WRF/WRF/external/io_int -I/home/hnavarro/Desktop/WRF/BUILD_WRF/WRF/frame -I/home/hnavarro/Desktop/WRF/BUILD_WRF/WRF/share -I/home/hnavarro/Desktop/WRF/BUILD_WRF/WRF/phys -I/home/hnavarro/Desktop/WRF/BUILD_WRF/WRF/wrftladj -I/home/hnavarro/Desktop/WRF/BUILD_WRF/WRF/chem -I/home/hnavarro/Desktop/WRF/BUILD_WRF/WRF/inc -I/home/hnavarro/Desktop/WRF/Install-WRF-Chem/LIBRARIES/netcdf/include    module_bl_temf.f90
13.30user 0.32system 0:13.69elapsed 99%CPU (0avgtext+0avgdata 364036maxresident)k
0inputs+4384outputs (0major+107672minor)pagefaults 0swaps
rm -f module_bl_gbmpbl.o
sed -e "s/^\!.*'.*//" -e "s/^ *\!.*'.*//" module_bl_gbmpbl.F > module_bl_gbmpbl.G
/lib/cpp -P -nostdinc -I/home/hnavarro/Desktop/WRF/BUILD_WRF/WRF/inc -DEM_CORE=1 -DNMM_CORE=0 -DNMM_MAX_DIM=2600 -DDA_CORE=0 -DWRFPLUS=0 -DIWORDSIZE=4 -DDWORDSIZE=8 -DRWORDSIZE=4 -DLWORDSIZE=4 -DNONSTANDARD_SYSTEM_SUBR  -DWRF_USE_CLM  -DDM_PARALLEL -DNETCDF -DLANDREAD_STUB=1 -DUSE_ALLOCATABLES -Dwrfmodel -DGRIB1 -DINTIO -DKEEP_INT_AROUND -DLIMIT_ARGS -DBUILD_RRTMG_FAST=0 -DBUILD_RRTMK=0 -DBUILD_SBM_FAST=1 -DSHOW_ALL_VARS_USED=0 -DCONFIG_BUF_LEN=65536 -DMAX_DOMAINS_F=21 -DMAX_HISTORY=25 -DNMM_NEST=0 -DWRF_CHEM -DBUILD_CHEM=1 -I. -traditional-cpp   module_bl_gbmpbl.G  > module_bl_gbmpbl.bb
/home/hnavarro/Desktop/WRF/BUILD_WRF/WRF/tools/standard.exe module_bl_gbmpbl.bb | /lib/cpp -P -nostdinc -traditional-cpp > module_bl_gbmpbl.f90
rm -f module_bl_gbmpbl.G module_bl_gbmpbl.bb
time mpif90 -f90=gfortran -o module_bl_gbmpbl.o -c -O2 -ftree-vectorize -funroll-loops -w -ffree-form -ffree-line-length-none -fconvert=big-endian -frecord-marker=4 -fallow-argument-mismatch -fallow-invalid-boz   -I../dyn_em  -I/home/hnavarro/Desktop/WRF/BUILD_WRF/WRF/external/esmf_time_f90  -I/home/hnavarro/Desktop/WRF/BUILD_WRF/WRF/main -I/home/hnavarro/Desktop/WRF/BUILD_WRF/WRF/external/io_netcdf -I/home/hnavarro/Desktop/WRF/BUILD_WRF/WRF/external/io_int -I/home/hnavarro/Desktop/WRF/BUILD_WRF/WRF/frame -I/home/hnavarro/Desktop/WRF/BUILD_WRF/WRF/share -I/home/hnavarro/Desktop/WRF/BUILD_WRF/WRF/phys -I/home/hnavarro/Desktop/WRF/BUILD_WRF/WRF/wrftladj -I/home/hnavarro/Desktop/WRF/BUILD_WRF/WRF/chem -I/home/hnavarro/Desktop/WRF/BUILD_WRF/WRF/inc -I/home/hnavarro/Desktop/WRF/Install-WRF-Chem/LIBRARIES/netcdf/include    module_bl_gbmpbl.f90
1.70user 0.15system 0:01.86elapsed 99%CPU (0avgtext+0avgdata 135656maxresident)k
0inputs+592outputs (0major+36257minor)pagefaults 0swaps
rm -f module_cu_g3.o
sed -e "s/^\!.*'.*//" -e "s/^ *\!.*'.*//" module_cu_g3.F > module_cu_g3.G
/lib/cpp -P -nostdinc -I/home/hnavarro/Desktop/WRF/BUILD_WRF/WRF/inc -DEM_CORE=1 -DNMM_CORE=0 -DNMM_MAX_DIM=2600 -DDA_CORE=0 -DWRFPLUS=0 -DIWORDSIZE=4 -DDWORDSIZE=8 -DRWORDSIZE=4 -DLWORDSIZE=4 -DNONSTANDARD_SYSTEM_SUBR  -DWRF_USE_CLM  -DDM_PARALLEL -DNETCDF -DLANDREAD_STUB=1 -DUSE_ALLOCATABLES -Dwrfmodel -DGRIB1 -DINTIO -DKEEP_INT_AROUND -DLIMIT_ARGS -DBUILD_RRTMG_FAST=0 -DBUILD_RRTMK=0 -DBUILD_SBM_FAST=1 -DSHOW_ALL_VARS_USED=0 -DCONFIG_BUF_LEN=65536 -DMAX_DOMAINS_F=21 -DMAX_HISTORY=25 -DNMM_NEST=0 -DWRF_CHEM -DBUILD_CHEM=1 -I. -traditional-cpp   module_cu_g3.G  > module_cu_g3.bb
/home/hnavarro/Desktop/WRF/BUILD_WRF/WRF/tools/standard.exe module_cu_g3.bb | /lib/cpp -P -nostdinc -traditional-cpp > module_cu_g3.f90
rm -f module_cu_g3.G module_cu_g3.bb
time mpif90 -f90=gfortran -o module_cu_g3.o -c -O2 -ftree-vectorize -funroll-loops -w -ffree-form -ffree-line-length-none -fconvert=big-endian -frecord-marker=4 -fallow-argument-mismatch -fallow-invalid-boz   -I../dyn_em  -I/home/hnavarro/Desktop/WRF/BUILD_WRF/WRF/external/esmf_time_f90  -I/home/hnavarro/Desktop/WRF/BUILD_WRF/WRF/main -I/home/hnavarro/Desktop/WRF/BUILD_WRF/WRF/external/io_netcdf -I/home/hnavarro/Desktop/WRF/BUILD_WRF/WRF/external/io_int -I/home/hnavarro/Desktop/WRF/BUILD_WRF/WRF/frame -I/home/hnavarro/Desktop/WRF/BUILD_WRF/WRF/share -I/home/hnavarro/Desktop/WRF/BUILD_WRF/WRF/phys -I/home/hnavarro/Desktop/WRF/BUILD_WRF/WRF/wrftladj -I/home/hnavarro/Desktop/WRF/BUILD_WRF/WRF/chem -I/home/hnavarro/Desktop/WRF/BUILD_WRF/WRF/inc -I/home/hnavarro/Desktop/WRF/Install-WRF-Chem/LIBRARIES/netcdf/include    module_cu_g3.f90
2.74user 0.17system 0:02.92elapsed 99%CPU (0avgtext+0avgdata 177072maxresident)k
0inputs+776outputs (0major+48038minor)pagefaults 0swaps
rm -f module_cu_kf.o
sed -e "s/^\!.*'.*//" -e "s/^ *\!.*'.*//" module_cu_kf.F > module_cu_kf.G
/lib/cpp -P -nostdinc -I/home/hnavarro/Desktop/WRF/BUILD_WRF/WRF/inc -DEM_CORE=1 -DNMM_CORE=0 -DNMM_MAX_DIM=2600 -DDA_CORE=0 -DWRFPLUS=0 -DIWORDSIZE=4 -DDWORDSIZE=8 -DRWORDSIZE=4 -DLWORDSIZE=4 -DNONSTANDARD_SYSTEM_SUBR  -DWRF_USE_CLM  -DDM_PARALLEL -DNETCDF -DLANDREAD_STUB=1 -DUSE_ALLOCATABLES -Dwrfmodel -DGRIB1 -DINTIO -DKEEP_INT_AROUND -DLIMIT_ARGS -DBUILD_RRTMG_FAST=0 -DBUILD_RRTMK=0 -DBUILD_SBM_FAST=1 -DSHOW_ALL_VARS_USED=0 -DCONFIG_BUF_LEN=65536 -DMAX_DOMAINS_F=21 -DMAX_HISTORY=25 -DNMM_NEST=0 -DWRF_CHEM -DBUILD_CHEM=1 -I. -traditional-cpp   module_cu_kf.G  > module_cu_kf.bb
/home/hnavarro/Desktop/WRF/BUILD_WRF/WRF/tools/standard.exe module_cu_kf.bb | /lib/cpp -P -nostdinc -traditional-cpp > module_cu_kf.f90
rm -f module_cu_kf.G module_cu_kf.bb
time mpif90 -f90=gfortran -o module_cu_kf.o -c -O2 -ftree-vectorize -funroll-loops -w -ffree-form -ffree-line-length-none -fconvert=big-endian -frecord-marker=4 -fallow-argument-mismatch -fallow-invalid-boz   -I../dyn_em  -I/home/hnavarro/Desktop/WRF/BUILD_WRF/WRF/external/esmf_time_f90  -I/home/hnavarro/Desktop/WRF/BUILD_WRF/WRF/main -I/home/hnavarro/Desktop/WRF/BUILD_WRF/WRF/external/io_netcdf -I/home/hnavarro/Desktop/WRF/BUILD_WRF/WRF/external/io_int -I/home/hnavarro/Desktop/WRF/BUILD_WRF/WRF/frame -I/home/hnavarro/Desktop/WRF/BUILD_WRF/WRF/share -I/home/hnavarro/Desktop/WRF/BUILD_WRF/WRF/phys -I/home/hnavarro/Desktop/WRF/BUILD_WRF/WRF/wrftladj -I/home/hnavarro/Desktop/WRF/BUILD_WRF/WRF/chem -I/home/hnavarro/Desktop/WRF/BUILD_WRF/WRF/inc -I/home/hnavarro/Desktop/WRF/Install-WRF-Chem/LIBRARIES/netcdf/include    module_cu_kf.f90
1.70user 0.10system 0:01.81elapsed 99%CPU (0avgtext+0avgdata 106064maxresident)k
0inputs+968outputs (0major+30939minor)pagefaults 0swaps
rm -f module_cu_bmj.o
sed -e "s/^\!.*'.*//" -e "s/^ *\!.*'.*//" module_cu_bmj.F > module_cu_bmj.G
/lib/cpp -P -nostdinc -I/home/hnavarro/Desktop/WRF/BUILD_WRF/WRF/inc -DEM_CORE=1 -DNMM_CORE=0 -DNMM_MAX_DIM=2600 -DDA_CORE=0 -DWRFPLUS=0 -DIWORDSIZE=4 -DDWORDSIZE=8 -DRWORDSIZE=4 -DLWORDSIZE=4 -DNONSTANDARD_SYSTEM_SUBR  -DWRF_USE_CLM  -DDM_PARALLEL -DNETCDF -DLANDREAD_STUB=1 -DUSE_ALLOCATABLES -Dwrfmodel -DGRIB1 -DINTIO -DKEEP_INT_AROUND -DLIMIT_ARGS -DBUILD_RRTMG_FAST=0 -DBUILD_RRTMK=0 -DBUILD_SBM_FAST=1 -DSHOW_ALL_VARS_USED=0 -DCONFIG_BUF_LEN=65536 -DMAX_DOMAINS_F=21 -DMAX_HISTORY=25 -DNMM_NEST=0 -DWRF_CHEM -DBUILD_CHEM=1 -I. -traditional-cpp   module_cu_bmj.G  > module_cu_bmj.bb
/home/hnavarro/Desktop/WRF/BUILD_WRF/WRF/tools/standard.exe module_cu_bmj.bb | /lib/cpp -P -nostdinc -traditional-cpp > module_cu_bmj.f90
rm -f module_cu_bmj.G module_cu_bmj.bb
time mpif90 -f90=gfortran -o module_cu_bmj.o -c -O2 -ftree-vectorize -funroll-loops -w -ffree-form -ffree-line-length-none -fconvert=big-endian -frecord-marker=4 -fallow-argument-mismatch -fallow-invalid-boz   -I../dyn_em  -I/home/hnavarro/Desktop/WRF/BUILD_WRF/WRF/external/esmf_time_f90  -I/home/hnavarro/Desktop/WRF/BUILD_WRF/WRF/main -I/home/hnavarro/Desktop/WRF/BUILD_WRF/WRF/external/io_netcdf -I/home/hnavarro/Desktop/WRF/BUILD_WRF/WRF/external/io_int -I/home/hnavarro/Desktop/WRF/BUILD_WRF/WRF/frame -I/home/hnavarro/Desktop/WRF/BUILD_WRF/WRF/share -I/home/hnavarro/Desktop/WRF/BUILD_WRF/WRF/phys -I/home/hnavarro/Desktop/WRF/BUILD_WRF/WRF/wrftladj -I/home/hnavarro/Desktop/WRF/BUILD_WRF/WRF/chem -I/home/hnavarro/Desktop/WRF/BUILD_WRF/WRF/inc -I/home/hnavarro/Desktop/WRF/Install-WRF-Chem/LIBRARIES/netcdf/include    module_cu_bmj.f90
1.35user 0.08system 0:01.45elapsed 99%CPU (0avgtext+0avgdata 73156maxresident)k
0inputs+720outputs (0major+20986minor)pagefaults 0swaps
rm -f module_cu_kfeta.o
sed -e "s/^\!.*'.*//" -e "s/^ *\!.*'.*//" module_cu_kfeta.F > module_cu_kfeta.G
/lib/cpp -P -nostdinc -I/home/hnavarro/Desktop/WRF/BUILD_WRF/WRF/inc -DEM_CORE=1 -DNMM_CORE=0 -DNMM_MAX_DIM=2600 -DDA_CORE=0 -DWRFPLUS=0 -DIWORDSIZE=4 -DDWORDSIZE=8 -DRWORDSIZE=4 -DLWORDSIZE=4 -DNONSTANDARD_SYSTEM_SUBR  -DWRF_USE_CLM  -DDM_PARALLEL -DNETCDF -DLANDREAD_STUB=1 -DUSE_ALLOCATABLES -Dwrfmodel -DGRIB1 -DINTIO -DKEEP_INT_AROUND -DLIMIT_ARGS -DBUILD_RRTMG_FAST=0 -DBUILD_RRTMK=0 -DBUILD_SBM_FAST=1 -DSHOW_ALL_VARS_USED=0 -DCONFIG_BUF_LEN=65536 -DMAX_DOMAINS_F=21 -DMAX_HISTORY=25 -DNMM_NEST=0 -DWRF_CHEM -DBUILD_CHEM=1 -I. -traditional-cpp   module_cu_kfeta.G  > module_cu_kfeta.bb
/home/hnavarro/Desktop/WRF/BUILD_WRF/WRF/tools/standard.exe module_cu_kfeta.bb | /lib/cpp -P -nostdinc -traditional-cpp > module_cu_kfeta.f90
rm -f module_cu_kfeta.G module_cu_kfeta.bb
time mpif90 -f90=gfortran -o module_cu_kfeta.o -c -O2 -ftree-vectorize -funroll-loops -w -ffree-form -ffree-line-length-none -fconvert=big-endian -frecord-marker=4 -fallow-argument-mismatch -fallow-invalid-boz   -I../dyn_em  -I/home/hnavarro/Desktop/WRF/BUILD_WRF/WRF/external/esmf_time_f90  -I/home/hnavarro/Desktop/WRF/BUILD_WRF/WRF/main -I/home/hnavarro/Desktop/WRF/BUILD_WRF/WRF/external/io_netcdf -I/home/hnavarro/Desktop/WRF/BUILD_WRF/WRF/external/io_int -I/home/hnavarro/Desktop/WRF/BUILD_WRF/WRF/frame -I/home/hnavarro/Desktop/WRF/BUILD_WRF/WRF/share -I/home/hnavarro/Desktop/WRF/BUILD_WRF/WRF/phys -I/home/hnavarro/Desktop/WRF/BUILD_WRF/WRF/wrftladj -I/home/hnavarro/Desktop/WRF/BUILD_WRF/WRF/chem -I/home/hnavarro/Desktop/WRF/BUILD_WRF/WRF/inc -I/home/hnavarro/Desktop/WRF/Install-WRF-Chem/LIBRARIES/netcdf/include    module_cu_kfeta.f90
5.02user 0.19system 0:05.23elapsed 99%CPU (0avgtext+0avgdata 225100maxresident)k
0inputs+2520outputs (0major+60221minor)pagefaults 0swaps
rm -f module_cu_mskf.o
sed -e "s/^\!.*'.*//" -e "s/^ *\!.*'.*//" module_cu_mskf.F > module_cu_mskf.G
/lib/cpp -P -nostdinc -I/home/hnavarro/Desktop/WRF/BUILD_WRF/WRF/inc -DEM_CORE=1 -DNMM_CORE=0 -DNMM_MAX_DIM=2600 -DDA_CORE=0 -DWRFPLUS=0 -DIWORDSIZE=4 -DDWORDSIZE=8 -DRWORDSIZE=4 -DLWORDSIZE=4 -DNONSTANDARD_SYSTEM_SUBR  -DWRF_USE_CLM  -DDM_PARALLEL -DNETCDF -DLANDREAD_STUB=1 -DUSE_ALLOCATABLES -Dwrfmodel -DGRIB1 -DINTIO -DKEEP_INT_AROUND -DLIMIT_ARGS -DBUILD_RRTMG_FAST=0 -DBUILD_RRTMK=0 -DBUILD_SBM_FAST=1 -DSHOW_ALL_VARS_USED=0 -DCONFIG_BUF_LEN=65536 -DMAX_DOMAINS_F=21 -DMAX_HISTORY=25 -DNMM_NEST=0 -DWRF_CHEM -DBUILD_CHEM=1 -I. -traditional-cpp   module_cu_mskf.G  > module_cu_mskf.bb
/home/hnavarro/Desktop/WRF/BUILD_WRF/WRF/tools/standard.exe module_cu_mskf.bb | /lib/cpp -P -nostdinc -traditional-cpp > module_cu_mskf.f90
rm -f module_cu_mskf.G module_cu_mskf.bb
time mpif90 -f90=gfortran -o module_cu_mskf.o -c -O2 -ftree-vectorize -funroll-loops -w -ffree-form -ffree-line-length-none -fconvert=big-endian -frecord-marker=4 -fallow-argument-mismatch -fallow-invalid-boz   -I../dyn_em  -I/home/hnavarro/Desktop/WRF/BUILD_WRF/WRF/external/esmf_time_f90  -I/home/hnavarro/Desktop/WRF/BUILD_WRF/WRF/main -I/home/hnavarro/Desktop/WRF/BUILD_WRF/WRF/external/io_netcdf -I/home/hnavarro/Desktop/WRF/BUILD_WRF/WRF/external/io_int -I/home/hnavarro/Desktop/WRF/BUILD_WRF/WRF/frame -I/home/hnavarro/Desktop/WRF/BUILD_WRF/WRF/share -I/home/hnavarro/Desktop/WRF/BUILD_WRF/WRF/phys -I/home/hnavarro/Desktop/WRF/BUILD_WRF/WRF/wrftladj -I/home/hnavarro/Desktop/WRF/BUILD_WRF/WRF/chem -I/home/hnavarro/Desktop/WRF/BUILD_WRF/WRF/inc -I/home/hnavarro/Desktop/WRF/Install-WRF-Chem/LIBRARIES/netcdf/include    module_cu_mskf.f90
4.06user 0.15system 0:04.23elapsed 99%CPU (0avgtext+0avgdata 150740maxresident)k
0inputs+1304outputs (0major+41699minor)pagefaults 0swaps
rm -f physics_mmm/cu_ntiedtke.o
sed -e "s/^\!.*'.*//" -e "s/^ *\!.*'.*//" physics_mmm/cu_ntiedtke.F90 > physics_mmm/cu_ntiedtke.G
/lib/cpp -P -nostdinc -I/home/hnavarro/Desktop/WRF/BUILD_WRF/WRF/inc -DEM_CORE=1 -DNMM_CORE=0 -DNMM_MAX_DIM=2600 -DDA_CORE=0 -DWRFPLUS=0 -DIWORDSIZE=4 -DDWORDSIZE=8 -DRWORDSIZE=4 -DLWORDSIZE=4 -DNONSTANDARD_SYSTEM_SUBR  -DWRF_USE_CLM  -DDM_PARALLEL -DNETCDF -DLANDREAD_STUB=1 -DUSE_ALLOCATABLES -Dwrfmodel -DGRIB1 -DINTIO -DKEEP_INT_AROUND -DLIMIT_ARGS -DBUILD_RRTMG_FAST=0 -DBUILD_RRTMK=0 -DBUILD_SBM_FAST=1 -DSHOW_ALL_VARS_USED=0 -DCONFIG_BUF_LEN=65536 -DMAX_DOMAINS_F=21 -DMAX_HISTORY=25 -DNMM_NEST=0 -DWRF_CHEM -DBUILD_CHEM=1 -I. -traditional-cpp   physics_mmm/cu_ntiedtke.G  > physics_mmm/cu_ntiedtke.bb
/home/hnavarro/Desktop/WRF/BUILD_WRF/WRF/tools/standard.exe physics_mmm/cu_ntiedtke.bb | /lib/cpp -P -nostdinc -traditional-cpp > physics_mmm/cu_ntiedtke.tmp.f90
rm -f physics_mmm/cu_ntiedtke.G physics_mmm/cu_ntiedtke.bb
time mpif90 -f90=gfortran -o physics_mmm/cu_ntiedtke.o -c -O2 -ftree-vectorize -funroll-loops -w -ffree-form -ffree-line-length-none -fconvert=big-endian -frecord-marker=4 -fallow-argument-mismatch -fallow-invalid-boz   -I../dyn_em  -I/home/hnavarro/Desktop/WRF/BUILD_WRF/WRF/external/esmf_time_f90  -I/home/hnavarro/Desktop/WRF/BUILD_WRF/WRF/main -I/home/hnavarro/Desktop/WRF/BUILD_WRF/WRF/external/io_netcdf -I/home/hnavarro/Desktop/WRF/BUILD_WRF/WRF/external/io_int -I/home/hnavarro/Desktop/WRF/BUILD_WRF/WRF/frame -I/home/hnavarro/Desktop/WRF/BUILD_WRF/WRF/share -I/home/hnavarro/Desktop/WRF/BUILD_WRF/WRF/phys -I/home/hnavarro/Desktop/WRF/BUILD_WRF/WRF/wrftladj -I/home/hnavarro/Desktop/WRF/BUILD_WRF/WRF/chem -I/home/hnavarro/Desktop/WRF/BUILD_WRF/WRF/inc -I/home/hnavarro/Desktop/WRF/Install-WRF-Chem/LIBRARIES/netcdf/include    physics_mmm/cu_ntiedtke.tmp.f90
3.86user 0.20system 0:04.10elapsed 99%CPU (0avgtext+0avgdata 217240maxresident)k
0inputs+1656outputs (0major+58665minor)pagefaults 0swaps
rm -f module_cu_gd.o
sed -e "s/^\!.*'.*//" -e "s/^ *\!.*'.*//" module_cu_gd.F > module_cu_gd.G
/lib/cpp -P -nostdinc -I/home/hnavarro/Desktop/WRF/BUILD_WRF/WRF/inc -DEM_CORE=1 -DNMM_CORE=0 -DNMM_MAX_DIM=2600 -DDA_CORE=0 -DWRFPLUS=0 -DIWORDSIZE=4 -DDWORDSIZE=8 -DRWORDSIZE=4 -DLWORDSIZE=4 -DNONSTANDARD_SYSTEM_SUBR  -DWRF_USE_CLM  -DDM_PARALLEL -DNETCDF -DLANDREAD_STUB=1 -DUSE_ALLOCATABLES -Dwrfmodel -DGRIB1 -DINTIO -DKEEP_INT_AROUND -DLIMIT_ARGS -DBUILD_RRTMG_FAST=0 -DBUILD_RRTMK=0 -DBUILD_SBM_FAST=1 -DSHOW_ALL_VARS_USED=0 -DCONFIG_BUF_LEN=65536 -DMAX_DOMAINS_F=21 -DMAX_HISTORY=25 -DNMM_NEST=0 -DWRF_CHEM -DBUILD_CHEM=1 -I. -traditional-cpp   module_cu_gd.G  > module_cu_gd.bb
/home/hnavarro/Desktop/WRF/BUILD_WRF/WRF/tools/standard.exe module_cu_gd.bb | /lib/cpp -P -nostdinc -traditional-cpp > module_cu_gd.f90
rm -f module_cu_gd.G module_cu_gd.bb
time mpif90 -f90=gfortran -o module_cu_gd.o -c -O2 -ftree-vectorize -funroll-loops -w -ffree-form -ffree-line-length-none -fconvert=big-endian -frecord-marker=4 -fallow-argument-mismatch -fallow-invalid-boz   -I../dyn_em  -I/home/hnavarro/Desktop/WRF/BUILD_WRF/WRF/external/esmf_time_f90  -I/home/hnavarro/Desktop/WRF/BUILD_WRF/WRF/main -I/home/hnavarro/Desktop/WRF/BUILD_WRF/WRF/external/io_netcdf -I/home/hnavarro/Desktop/WRF/BUILD_WRF/WRF/external/io_int -I/home/hnavarro/Desktop/WRF/BUILD_WRF/WRF/frame -I/home/hnavarro/Desktop/WRF/BUILD_WRF/WRF/share -I/home/hnavarro/Desktop/WRF/BUILD_WRF/WRF/phys -I/home/hnavarro/Desktop/WRF/BUILD_WRF/WRF/wrftladj -I/home/hnavarro/Desktop/WRF/BUILD_WRF/WRF/chem -I/home/hnavarro/Desktop/WRF/BUILD_WRF/WRF/inc -I/home/hnavarro/Desktop/WRF/Install-WRF-Chem/LIBRARIES/netcdf/include    module_cu_gd.f90
8.77user 0.23system 0:09.06elapsed 99%CPU (0avgtext+0avgdata 268264maxresident)k
0inputs+2664outputs (0major+72851minor)pagefaults 0swaps
rm -f ../chem/module_chem_utilities.o
sed -e "s/^\!.*'.*//" -e "s/^ *\!.*'.*//" ../chem/module_chem_utilities.F > ../chem/module_chem_utilities.G
/lib/cpp -P -nostdinc -I/home/hnavarro/Desktop/WRF/BUILD_WRF/WRF/inc -DEM_CORE=1 -DNMM_CORE=0 -DNMM_MAX_DIM=2600 -DDA_CORE=0 -DWRFPLUS=0 -DIWORDSIZE=4 -DDWORDSIZE=8 -DRWORDSIZE=4 -DLWORDSIZE=4 -DNONSTANDARD_SYSTEM_SUBR  -DWRF_USE_CLM  -DDM_PARALLEL -DNETCDF -DLANDREAD_STUB=1 -DUSE_ALLOCATABLES -Dwrfmodel -DGRIB1 -DINTIO -DKEEP_INT_AROUND -DLIMIT_ARGS -DBUILD_RRTMG_FAST=0 -DBUILD_RRTMK=0 -DBUILD_SBM_FAST=1 -DSHOW_ALL_VARS_USED=0 -DCONFIG_BUF_LEN=65536 -DMAX_DOMAINS_F=21 -DMAX_HISTORY=25 -DNMM_NEST=0 -DWRF_CHEM -DBUILD_CHEM=1 -I. -traditional-cpp   ../chem/module_chem_utilities.G  > ../chem/module_chem_utilities.bb
/home/hnavarro/Desktop/WRF/BUILD_WRF/WRF/tools/standard.exe ../chem/module_chem_utilities.bb | /lib/cpp -P -nostdinc -traditional-cpp > ../chem/module_chem_utilities.f90
rm -f ../chem/module_chem_utilities.G ../chem/module_chem_utilities.bb
time mpif90 -f90=gfortran -o ../chem/module_chem_utilities.o -c -O2 -ftree-vectorize -funroll-loops -w -ffree-form -ffree-line-length-none -fconvert=big-endian -frecord-marker=4 -fallow-argument-mismatch -fallow-invalid-boz   -I../dyn_em  -I/home/hnavarro/Desktop/WRF/BUILD_WRF/WRF/external/esmf_time_f90  -I/home/hnavarro/Desktop/WRF/BUILD_WRF/WRF/main -I/home/hnavarro/Desktop/WRF/BUILD_WRF/WRF/external/io_netcdf -I/home/hnavarro/Desktop/WRF/BUILD_WRF/WRF/external/io_int -I/home/hnavarro/Desktop/WRF/BUILD_WRF/WRF/frame -I/home/hnavarro/Desktop/WRF/BUILD_WRF/WRF/share -I/home/hnavarro/Desktop/WRF/BUILD_WRF/WRF/phys -I/home/hnavarro/Desktop/WRF/BUILD_WRF/WRF/wrftladj -I/home/hnavarro/Desktop/WRF/BUILD_WRF/WRF/chem -I/home/hnavarro/Desktop/WRF/BUILD_WRF/WRF/inc -I/home/hnavarro/Desktop/WRF/Install-WRF-Chem/LIBRARIES/netcdf/include    ../chem/module_chem_utilities.f90
4.09user 0.19system 0:04.30elapsed 99%CPU (0avgtext+0avgdata 162660maxresident)k
0inputs+2032outputs (0major+44558minor)pagefaults 0swaps
rm -f module_cu_ksas.o
sed -e "s/^\!.*'.*//" -e "s/^ *\!.*'.*//" module_cu_ksas.F > module_cu_ksas.G
/lib/cpp -P -nostdinc -I/home/hnavarro/Desktop/WRF/BUILD_WRF/WRF/inc -DEM_CORE=1 -DNMM_CORE=0 -DNMM_MAX_DIM=2600 -DDA_CORE=0 -DWRFPLUS=0 -DIWORDSIZE=4 -DDWORDSIZE=8 -DRWORDSIZE=4 -DLWORDSIZE=4 -DNONSTANDARD_SYSTEM_SUBR  -DWRF_USE_CLM  -DDM_PARALLEL -DNETCDF -DLANDREAD_STUB=1 -DUSE_ALLOCATABLES -Dwrfmodel -DGRIB1 -DINTIO -DKEEP_INT_AROUND -DLIMIT_ARGS -DBUILD_RRTMG_FAST=0 -DBUILD_RRTMK=0 -DBUILD_SBM_FAST=1 -DSHOW_ALL_VARS_USED=0 -DCONFIG_BUF_LEN=65536 -DMAX_DOMAINS_F=21 -DMAX_HISTORY=25 -DNMM_NEST=0 -DWRF_CHEM -DBUILD_CHEM=1 -I. -traditional-cpp   module_cu_ksas.G  > module_cu_ksas.bb
/home/hnavarro/Desktop/WRF/BUILD_WRF/WRF/tools/standard.exe module_cu_ksas.bb | /lib/cpp -P -nostdinc -traditional-cpp > module_cu_ksas.f90
rm -f module_cu_ksas.G module_cu_ksas.bb
time mpif90 -f90=gfortran -o module_cu_ksas.o -c -O2 -ftree-vectorize -funroll-loops -w -ffree-form -ffree-line-length-none -fconvert=big-endian -frecord-marker=4 -fallow-argument-mismatch -fallow-invalid-boz   -I../dyn_em  -I/home/hnavarro/Desktop/WRF/BUILD_WRF/WRF/external/esmf_time_f90  -I/home/hnavarro/Desktop/WRF/BUILD_WRF/WRF/main -I/home/hnavarro/Desktop/WRF/BUILD_WRF/WRF/external/io_netcdf -I/home/hnavarro/Desktop/WRF/BUILD_WRF/WRF/external/io_int -I/home/hnavarro/Desktop/WRF/BUILD_WRF/WRF/frame -I/home/hnavarro/Desktop/WRF/BUILD_WRF/WRF/share -I/home/hnavarro/Desktop/WRF/BUILD_WRF/WRF/phys -I/home/hnavarro/Desktop/WRF/BUILD_WRF/WRF/wrftladj -I/home/hnavarro/Desktop/WRF/BUILD_WRF/WRF/chem -I/home/hnavarro/Desktop/WRF/BUILD_WRF/WRF/inc -I/home/hnavarro/Desktop/WRF/Install-WRF-Chem/LIBRARIES/netcdf/include    module_cu_ksas.f90
4.94user 0.29system 0:05.26elapsed 99%CPU (0avgtext+0avgdata 287132maxresident)k
0inputs+1816outputs (0major+86079minor)pagefaults 0swaps
rm -f module_cu_nsas.o
sed -e "s/^\!.*'.*//" -e "s/^ *\!.*'.*//" module_cu_nsas.F > module_cu_nsas.G
/lib/cpp -P -nostdinc -I/home/hnavarro/Desktop/WRF/BUILD_WRF/WRF/inc -DEM_CORE=1 -DNMM_CORE=0 -DNMM_MAX_DIM=2600 -DDA_CORE=0 -DWRFPLUS=0 -DIWORDSIZE=4 -DDWORDSIZE=8 -DRWORDSIZE=4 -DLWORDSIZE=4 -DNONSTANDARD_SYSTEM_SUBR  -DWRF_USE_CLM  -DDM_PARALLEL -DNETCDF -DLANDREAD_STUB=1 -DUSE_ALLOCATABLES -Dwrfmodel -DGRIB1 -DINTIO -DKEEP_INT_AROUND -DLIMIT_ARGS -DBUILD_RRTMG_FAST=0 -DBUILD_RRTMK=0 -DBUILD_SBM_FAST=1 -DSHOW_ALL_VARS_USED=0 -DCONFIG_BUF_LEN=65536 -DMAX_DOMAINS_F=21 -DMAX_HISTORY=25 -DNMM_NEST=0 -DWRF_CHEM -DBUILD_CHEM=1 -I. -traditional-cpp   module_cu_nsas.G  > module_cu_nsas.bb
/home/hnavarro/Desktop/WRF/BUILD_WRF/WRF/tools/standard.exe module_cu_nsas.bb | /lib/cpp -P -nostdinc -traditional-cpp > module_cu_nsas.f90
rm -f module_cu_nsas.G module_cu_nsas.bb
time mpif90 -f90=gfortran -o module_cu_nsas.o -c -O2 -ftree-vectorize -funroll-loops -w -ffree-form -ffree-line-length-none -fconvert=big-endian -frecord-marker=4 -fallow-argument-mismatch -fallow-invalid-boz   -I../dyn_em  -I/home/hnavarro/Desktop/WRF/BUILD_WRF/WRF/external/esmf_time_f90  -I/home/hnavarro/Desktop/WRF/BUILD_WRF/WRF/main -I/home/hnavarro/Desktop/WRF/BUILD_WRF/WRF/external/io_netcdf -I/home/hnavarro/Desktop/WRF/BUILD_WRF/WRF/external/io_int -I/home/hnavarro/Desktop/WRF/BUILD_WRF/WRF/frame -I/home/hnavarro/Desktop/WRF/BUILD_WRF/WRF/share -I/home/hnavarro/Desktop/WRF/BUILD_WRF/WRF/phys -I/home/hnavarro/Desktop/WRF/BUILD_WRF/WRF/wrftladj -I/home/hnavarro/Desktop/WRF/BUILD_WRF/WRF/chem -I/home/hnavarro/Desktop/WRF/BUILD_WRF/WRF/inc -I/home/hnavarro/Desktop/WRF/Install-WRF-Chem/LIBRARIES/netcdf/include    module_cu_nsas.f90
10.03user 0.10system 0:10.15elapsed 99%CPU (0avgtext+0avgdata 60724maxresident)k
0inputs+744outputs (0major+17192minor)pagefaults 0swaps
rm -f module_gocart_coupling.o
sed -e "s/^\!.*'.*//" -e "s/^ *\!.*'.*//" module_gocart_coupling.F > module_gocart_coupling.G
/lib/cpp -P -nostdinc -I/home/hnavarro/Desktop/WRF/BUILD_WRF/WRF/inc -DEM_CORE=1 -DNMM_CORE=0 -DNMM_MAX_DIM=2600 -DDA_CORE=0 -DWRFPLUS=0 -DIWORDSIZE=4 -DDWORDSIZE=8 -DRWORDSIZE=4 -DLWORDSIZE=4 -DNONSTANDARD_SYSTEM_SUBR  -DWRF_USE_CLM  -DDM_PARALLEL -DNETCDF -DLANDREAD_STUB=1 -DUSE_ALLOCATABLES -Dwrfmodel -DGRIB1 -DINTIO -DKEEP_INT_AROUND -DLIMIT_ARGS -DBUILD_RRTMG_FAST=0 -DBUILD_RRTMK=0 -DBUILD_SBM_FAST=1 -DSHOW_ALL_VARS_USED=0 -DCONFIG_BUF_LEN=65536 -DMAX_DOMAINS_F=21 -DMAX_HISTORY=25 -DNMM_NEST=0 -DWRF_CHEM -DBUILD_CHEM=1 -I. -traditional-cpp   module_gocart_coupling.G  > module_gocart_coupling.bb
/home/hnavarro/Desktop/WRF/BUILD_WRF/WRF/tools/standard.exe module_gocart_coupling.bb | /lib/cpp -P -nostdinc -traditional-cpp > module_gocart_coupling.f90
rm -f module_gocart_coupling.G module_gocart_coupling.bb
time mpif90 -f90=gfortran -o module_gocart_coupling.o -c -O2 -ftree-vectorize -funroll-loops -w -ffree-form -ffree-line-length-none -fconvert=big-endian -frecord-marker=4 -fallow-argument-mismatch -fallow-invalid-boz   -I../dyn_em  -I/home/hnavarro/Desktop/WRF/BUILD_WRF/WRF/external/esmf_time_f90  -I/home/hnavarro/Desktop/WRF/BUILD_WRF/WRF/main -I/home/hnavarro/Desktop/WRF/BUILD_WRF/WRF/external/io_netcdf -I/home/hnavarro/Desktop/WRF/BUILD_WRF/WRF/external/io_int -I/home/hnavarro/Desktop/WRF/BUILD_WRF/WRF/frame -I/home/hnavarro/Desktop/WRF/BUILD_WRF/WRF/share -I/home/hnavarro/Desktop/WRF/BUILD_WRF/WRF/phys -I/home/hnavarro/Desktop/WRF/BUILD_WRF/WRF/wrftladj -I/home/hnavarro/Desktop/WRF/BUILD_WRF/WRF/chem -I/home/hnavarro/Desktop/WRF/BUILD_WRF/WRF/inc -I/home/hnavarro/Desktop/WRF/Install-WRF-Chem/LIBRARIES/netcdf/include    module_gocart_coupling.f90
0.65user 0.13system 0:00.78elapsed 100%CPU (0avgtext+0avgdata 121472maxresident)k
0inputs+4024outputs (0major+31147minor)pagefaults 0swaps
rm -f ../chem/module_data_mosaic_asect.o
sed -e "s/^\!.*'.*//" -e "s/^ *\!.*'.*//" ../chem/module_data_mosaic_asect.F > ../chem/module_data_mosaic_asect.G
/lib/cpp -P -nostdinc -I/home/hnavarro/Desktop/WRF/BUILD_WRF/WRF/inc -DEM_CORE=1 -DNMM_CORE=0 -DNMM_MAX_DIM=2600 -DDA_CORE=0 -DWRFPLUS=0 -DIWORDSIZE=4 -DDWORDSIZE=8 -DRWORDSIZE=4 -DLWORDSIZE=4 -DNONSTANDARD_SYSTEM_SUBR  -DWRF_USE_CLM  -DDM_PARALLEL -DNETCDF -DLANDREAD_STUB=1 -DUSE_ALLOCATABLES -Dwrfmodel -DGRIB1 -DINTIO -DKEEP_INT_AROUND -DLIMIT_ARGS -DBUILD_RRTMG_FAST=0 -DBUILD_RRTMK=0 -DBUILD_SBM_FAST=1 -DSHOW_ALL_VARS_USED=0 -DCONFIG_BUF_LEN=65536 -DMAX_DOMAINS_F=21 -DMAX_HISTORY=25 -DNMM_NEST=0 -DWRF_CHEM -DBUILD_CHEM=1 -I. -traditional-cpp   ../chem/module_data_mosaic_asect.G  > ../chem/module_data_mosaic_asect.bb
/home/hnavarro/Desktop/WRF/BUILD_WRF/WRF/tools/standard.exe ../chem/module_data_mosaic_asect.bb | /lib/cpp -P -nostdinc -traditional-cpp > ../chem/module_data_mosaic_asect.f90
rm -f ../chem/module_data_mosaic_asect.G ../chem/module_data_mosaic_asect.bb
time mpif90 -f90=gfortran -o ../chem/module_data_mosaic_asect.o -c -O2 -ftree-vectorize -funroll-loops -w -ffree-form -ffree-line-length-none -fconvert=big-endian -frecord-marker=4 -fallow-argument-mismatch -fallow-invalid-boz   -I../dyn_em  -I/home/hnavarro/Desktop/WRF/BUILD_WRF/WRF/external/esmf_time_f90  -I/home/hnavarro/Desktop/WRF/BUILD_WRF/WRF/main -I/home/hnavarro/Desktop/WRF/BUILD_WRF/WRF/external/io_netcdf -I/home/hnavarro/Desktop/WRF/BUILD_WRF/WRF/external/io_int -I/home/hnavarro/Desktop/WRF/BUILD_WRF/WRF/frame -I/home/hnavarro/Desktop/WRF/BUILD_WRF/WRF/share -I/home/hnavarro/Desktop/WRF/BUILD_WRF/WRF/phys -I/home/hnavarro/Desktop/WRF/BUILD_WRF/WRF/wrftladj -I/home/hnavarro/Desktop/WRF/BUILD_WRF/WRF/chem -I/home/hnavarro/Desktop/WRF/BUILD_WRF/WRF/inc -I/home/hnavarro/Desktop/WRF/Install-WRF-Chem/LIBRARIES/netcdf/include    ../chem/module_data_mosaic_asect.f90
0.07user 0.10system 0:00.17elapsed 96%CPU (0avgtext+0avgdata 17664maxresident)k
0inputs+216outputs (0major+7487minor)pagefaults 0swaps
rm -f module_ra_sw.o
sed -e "s/^\!.*'.*//" -e "s/^ *\!.*'.*//" module_ra_sw.F > module_ra_sw.G
/lib/cpp -P -nostdinc -I/home/hnavarro/Desktop/WRF/BUILD_WRF/WRF/inc -DEM_CORE=1 -DNMM_CORE=0 -DNMM_MAX_DIM=2600 -DDA_CORE=0 -DWRFPLUS=0 -DIWORDSIZE=4 -DDWORDSIZE=8 -DRWORDSIZE=4 -DLWORDSIZE=4 -DNONSTANDARD_SYSTEM_SUBR  -DWRF_USE_CLM  -DDM_PARALLEL -DNETCDF -DLANDREAD_STUB=1 -DUSE_ALLOCATABLES -Dwrfmodel -DGRIB1 -DINTIO -DKEEP_INT_AROUND -DLIMIT_ARGS -DBUILD_RRTMG_FAST=0 -DBUILD_RRTMK=0 -DBUILD_SBM_FAST=1 -DSHOW_ALL_VARS_USED=0 -DCONFIG_BUF_LEN=65536 -DMAX_DOMAINS_F=21 -DMAX_HISTORY=25 -DNMM_NEST=0 -DWRF_CHEM -DBUILD_CHEM=1 -I. -traditional-cpp   module_ra_sw.G  > module_ra_sw.bb
/home/hnavarro/Desktop/WRF/BUILD_WRF/WRF/tools/standard.exe module_ra_sw.bb | /lib/cpp -P -nostdinc -traditional-cpp > module_ra_sw.f90
rm -f module_ra_sw.G module_ra_sw.bb
time mpif90 -f90=gfortran -o module_ra_sw.o -c -O2 -ftree-vectorize -funroll-loops -w -ffree-form -ffree-line-length-none -fconvert=big-endian -frecord-marker=4 -fallow-argument-mismatch -fallow-invalid-boz   -I../dyn_em  -I/home/hnavarro/Desktop/WRF/BUILD_WRF/WRF/external/esmf_time_f90  -I/home/hnavarro/Desktop/WRF/BUILD_WRF/WRF/main -I/home/hnavarro/Desktop/WRF/BUILD_WRF/WRF/external/io_netcdf -I/home/hnavarro/Desktop/WRF/BUILD_WRF/WRF/external/io_int -I/home/hnavarro/Desktop/WRF/BUILD_WRF/WRF/frame -I/home/hnavarro/Desktop/WRF/BUILD_WRF/WRF/share -I/home/hnavarro/Desktop/WRF/BUILD_WRF/WRF/phys -I/home/hnavarro/Desktop/WRF/BUILD_WRF/WRF/wrftladj -I/home/hnavarro/Desktop/WRF/BUILD_WRF/WRF/chem -I/home/hnavarro/Desktop/WRF/BUILD_WRF/WRF/inc -I/home/hnavarro/Desktop/WRF/Install-WRF-Chem/LIBRARIES/netcdf/include    module_ra_sw.f90
0.41user 0.11system 0:00.53elapsed 96%CPU (0avgtext+0avgdata 43340maxresident)k
0inputs+200outputs (0major+11580minor)pagefaults 0swaps
rm -f module_ra_gsfcsw.o
sed -e "s/^\!.*'.*//" -e "s/^ *\!.*'.*//" module_ra_gsfcsw.F > module_ra_gsfcsw.G
/lib/cpp -P -nostdinc -I/home/hnavarro/Desktop/WRF/BUILD_WRF/WRF/inc -DEM_CORE=1 -DNMM_CORE=0 -DNMM_MAX_DIM=2600 -DDA_CORE=0 -DWRFPLUS=0 -DIWORDSIZE=4 -DDWORDSIZE=8 -DRWORDSIZE=4 -DLWORDSIZE=4 -DNONSTANDARD_SYSTEM_SUBR  -DWRF_USE_CLM  -DDM_PARALLEL -DNETCDF -DLANDREAD_STUB=1 -DUSE_ALLOCATABLES -Dwrfmodel -DGRIB1 -DINTIO -DKEEP_INT_AROUND -DLIMIT_ARGS -DBUILD_RRTMG_FAST=0 -DBUILD_RRTMK=0 -DBUILD_SBM_FAST=1 -DSHOW_ALL_VARS_USED=0 -DCONFIG_BUF_LEN=65536 -DMAX_DOMAINS_F=21 -DMAX_HISTORY=25 -DNMM_NEST=0 -DWRF_CHEM -DBUILD_CHEM=1 -I. -traditional-cpp   module_ra_gsfcsw.G  > module_ra_gsfcsw.bb
/home/hnavarro/Desktop/WRF/BUILD_WRF/WRF/tools/standard.exe module_ra_gsfcsw.bb | /lib/cpp -P -nostdinc -traditional-cpp > module_ra_gsfcsw.f90
rm -f module_ra_gsfcsw.G module_ra_gsfcsw.bb
time mpif90 -f90=gfortran -o module_ra_gsfcsw.o -c -O2 -ftree-vectorize -funroll-loops -w -ffree-form -ffree-line-length-none -fconvert=big-endian -frecord-marker=4 -fallow-argument-mismatch -fallow-invalid-boz   -I../dyn_em  -I/home/hnavarro/Desktop/WRF/BUILD_WRF/WRF/external/esmf_time_f90  -I/home/hnavarro/Desktop/WRF/BUILD_WRF/WRF/main -I/home/hnavarro/Desktop/WRF/BUILD_WRF/WRF/external/io_netcdf -I/home/hnavarro/Desktop/WRF/BUILD_WRF/WRF/external/io_int -I/home/hnavarro/Desktop/WRF/BUILD_WRF/WRF/frame -I/home/hnavarro/Desktop/WRF/BUILD_WRF/WRF/share -I/home/hnavarro/Desktop/WRF/BUILD_WRF/WRF/phys -I/home/hnavarro/Desktop/WRF/BUILD_WRF/WRF/wrftladj -I/home/hnavarro/Desktop/WRF/BUILD_WRF/WRF/chem -I/home/hnavarro/Desktop/WRF/BUILD_WRF/WRF/inc -I/home/hnavarro/Desktop/WRF/Install-WRF-Chem/LIBRARIES/netcdf/include    module_ra_gsfcsw.f90
7.53user 0.31system 0:07.89elapsed 99%CPU (0avgtext+0avgdata 291332maxresident)k
0inputs+2488outputs (0major+82771minor)pagefaults 0swaps
rm -f module_ra_clWRF_support.o
sed -e "s/^\!.*'.*//" -e "s/^ *\!.*'.*//" module_ra_clWRF_support.F > module_ra_clWRF_support.G
/lib/cpp -P -nostdinc -I/home/hnavarro/Desktop/WRF/BUILD_WRF/WRF/inc -DEM_CORE=1 -DNMM_CORE=0 -DNMM_MAX_DIM=2600 -DDA_CORE=0 -DWRFPLUS=0 -DIWORDSIZE=4 -DDWORDSIZE=8 -DRWORDSIZE=4 -DLWORDSIZE=4 -DNONSTANDARD_SYSTEM_SUBR  -DWRF_USE_CLM  -DDM_PARALLEL -DNETCDF -DLANDREAD_STUB=1 -DUSE_ALLOCATABLES -Dwrfmodel -DGRIB1 -DINTIO -DKEEP_INT_AROUND -DLIMIT_ARGS -DBUILD_RRTMG_FAST=0 -DBUILD_RRTMK=0 -DBUILD_SBM_FAST=1 -DSHOW_ALL_VARS_USED=0 -DCONFIG_BUF_LEN=65536 -DMAX_DOMAINS_F=21 -DMAX_HISTORY=25 -DNMM_NEST=0 -DWRF_CHEM -DBUILD_CHEM=1 -I. -traditional-cpp   module_ra_clWRF_support.G  > module_ra_clWRF_support.bb
/home/hnavarro/Desktop/WRF/BUILD_WRF/WRF/tools/standard.exe module_ra_clWRF_support.bb | /lib/cpp -P -nostdinc -traditional-cpp > module_ra_clWRF_support.f90
rm -f module_ra_clWRF_support.G module_ra_clWRF_support.bb
time mpif90 -f90=gfortran -o module_ra_clWRF_support.o -c -O2 -ftree-vectorize -funroll-loops -w -ffree-form -ffree-line-length-none -fconvert=big-endian -frecord-marker=4 -fallow-argument-mismatch -fallow-invalid-boz   -I../dyn_em  -I/home/hnavarro/Desktop/WRF/BUILD_WRF/WRF/external/esmf_time_f90  -I/home/hnavarro/Desktop/WRF/BUILD_WRF/WRF/main -I/home/hnavarro/Desktop/WRF/BUILD_WRF/WRF/external/io_netcdf -I/home/hnavarro/Desktop/WRF/BUILD_WRF/WRF/external/io_int -I/home/hnavarro/Desktop/WRF/BUILD_WRF/WRF/frame -I/home/hnavarro/Desktop/WRF/BUILD_WRF/WRF/share -I/home/hnavarro/Desktop/WRF/BUILD_WRF/WRF/phys -I/home/hnavarro/Desktop/WRF/BUILD_WRF/WRF/wrftladj -I/home/hnavarro/Desktop/WRF/BUILD_WRF/WRF/chem -I/home/hnavarro/Desktop/WRF/BUILD_WRF/WRF/inc -I/home/hnavarro/Desktop/WRF/Install-WRF-Chem/LIBRARIES/netcdf/include    module_ra_clWRF_support.f90
3.75user 0.23system 0:04.04elapsed 98%CPU (0avgtext+0avgdata 154392maxresident)k
0inputs+1592outputs (0major+42590minor)pagefaults 0swaps
rm -f module_ra_rrtmg_aero_optical_util_cmaq.o
sed -e "s/^\!.*'.*//" -e "s/^ *\!.*'.*//" module_ra_rrtmg_aero_optical_util_cmaq.F > module_ra_rrtmg_aero_optical_util_cmaq.G
/lib/cpp -P -nostdinc -I/home/hnavarro/Desktop/WRF/BUILD_WRF/WRF/inc -DEM_CORE=1 -DNMM_CORE=0 -DNMM_MAX_DIM=2600 -DDA_CORE=0 -DWRFPLUS=0 -DIWORDSIZE=4 -DDWORDSIZE=8 -DRWORDSIZE=4 -DLWORDSIZE=4 -DNONSTANDARD_SYSTEM_SUBR  -DWRF_USE_CLM  -DDM_PARALLEL -DNETCDF -DLANDREAD_STUB=1 -DUSE_ALLOCATABLES -Dwrfmodel -DGRIB1 -DINTIO -DKEEP_INT_AROUND -DLIMIT_ARGS -DBUILD_RRTMG_FAST=0 -DBUILD_RRTMK=0 -DBUILD_SBM_FAST=1 -DSHOW_ALL_VARS_USED=0 -DCONFIG_BUF_LEN=65536 -DMAX_DOMAINS_F=21 -DMAX_HISTORY=25 -DNMM_NEST=0 -DWRF_CHEM -DBUILD_CHEM=1 -I. -traditional-cpp   module_ra_rrtmg_aero_optical_util_cmaq.G  > module_ra_rrtmg_aero_optical_util_cmaq.bb
/home/hnavarro/Desktop/WRF/BUILD_WRF/WRF/tools/standard.exe module_ra_rrtmg_aero_optical_util_cmaq.bb | /lib/cpp -P -nostdinc -traditional-cpp > module_ra_rrtmg_aero_optical_util_cmaq.f90
rm -f module_ra_rrtmg_aero_optical_util_cmaq.G module_ra_rrtmg_aero_optical_util_cmaq.bb
time mpif90 -f90=gfortran -o module_ra_rrtmg_aero_optical_util_cmaq.o -c -O2 -ftree-vectorize -funroll-loops -w -ffree-form -ffree-line-length-none -fconvert=big-endian -frecord-marker=4 -fallow-argument-mismatch -fallow-invalid-boz   -I../dyn_em  -I/home/hnavarro/Desktop/WRF/BUILD_WRF/WRF/external/esmf_time_f90  -I/home/hnavarro/Desktop/WRF/BUILD_WRF/WRF/main -I/home/hnavarro/Desktop/WRF/BUILD_WRF/WRF/external/io_netcdf -I/home/hnavarro/Desktop/WRF/BUILD_WRF/WRF/external/io_int -I/home/hnavarro/Desktop/WRF/BUILD_WRF/WRF/frame -I/home/hnavarro/Desktop/WRF/BUILD_WRF/WRF/share -I/home/hnavarro/Desktop/WRF/BUILD_WRF/WRF/phys -I/home/hnavarro/Desktop/WRF/BUILD_WRF/WRF/wrftladj -I/home/hnavarro/Desktop/WRF/BUILD_WRF/WRF/chem -I/home/hnavarro/Desktop/WRF/BUILD_WRF/WRF/inc -I/home/hnavarro/Desktop/WRF/Install-WRF-Chem/LIBRARIES/netcdf/include    module_ra_rrtmg_aero_optical_util_cmaq.f90
0.56user 0.16system 0:00.72elapsed 100%CPU (0avgtext+0avgdata 40672maxresident)k
0inputs+208outputs (0major+10973minor)pagefaults 0swaps
rm -f module_ra_rrtmg_lwk.o
sed -e "s/^\!.*'.*//" -e "s/^ *\!.*'.*//" module_ra_rrtmg_lwk.F > module_ra_rrtmg_lwk.G
/lib/cpp -P -nostdinc -I/home/hnavarro/Desktop/WRF/BUILD_WRF/WRF/inc -DEM_CORE=1 -DNMM_CORE=0 -DNMM_MAX_DIM=2600 -DDA_CORE=0 -DWRFPLUS=0 -DIWORDSIZE=4 -DDWORDSIZE=8 -DRWORDSIZE=4 -DLWORDSIZE=4 -DNONSTANDARD_SYSTEM_SUBR  -DWRF_USE_CLM  -DDM_PARALLEL -DNETCDF -DLANDREAD_STUB=1 -DUSE_ALLOCATABLES -Dwrfmodel -DGRIB1 -DINTIO -DKEEP_INT_AROUND -DLIMIT_ARGS -DBUILD_RRTMG_FAST=0 -DBUILD_RRTMK=0 -DBUILD_SBM_FAST=1 -DSHOW_ALL_VARS_USED=0 -DCONFIG_BUF_LEN=65536 -DMAX_DOMAINS_F=21 -DMAX_HISTORY=25 -DNMM_NEST=0 -DWRF_CHEM -DBUILD_CHEM=1 -I. -traditional-cpp   module_ra_rrtmg_lwk.G  > module_ra_rrtmg_lwk.bb
/home/hnavarro/Desktop/WRF/BUILD_WRF/WRF/tools/standard.exe module_ra_rrtmg_lwk.bb | /lib/cpp -P -nostdinc -traditional-cpp > module_ra_rrtmg_lwk.f90
rm -f module_ra_rrtmg_lwk.G module_ra_rrtmg_lwk.bb
time mpif90 -f90=gfortran -o module_ra_rrtmg_lwk.o -c -O2 -ftree-vectorize -funroll-loops -w -ffree-form -ffree-line-length-none -fconvert=big-endian -frecord-marker=4 -fallow-argument-mismatch -fallow-invalid-boz   -I../dyn_em  -I/home/hnavarro/Desktop/WRF/BUILD_WRF/WRF/external/esmf_time_f90  -I/home/hnavarro/Desktop/WRF/BUILD_WRF/WRF/main -I/home/hnavarro/Desktop/WRF/BUILD_WRF/WRF/external/io_netcdf -I/home/hnavarro/Desktop/WRF/BUILD_WRF/WRF/external/io_int -I/home/hnavarro/Desktop/WRF/BUILD_WRF/WRF/frame -I/home/hnavarro/Desktop/WRF/BUILD_WRF/WRF/share -I/home/hnavarro/Desktop/WRF/BUILD_WRF/WRF/phys -I/home/hnavarro/Desktop/WRF/BUILD_WRF/WRF/wrftladj -I/home/hnavarro/Desktop/WRF/BUILD_WRF/WRF/chem -I/home/hnavarro/Desktop/WRF/BUILD_WRF/WRF/inc -I/home/hnavarro/Desktop/WRF/Install-WRF-Chem/LIBRARIES/netcdf/include    module_ra_rrtmg_lwk.f90
0.04user 0.07system 0:00.12elapsed 96%CPU (0avgtext+0avgdata 23168maxresident)k
0inputs+24outputs (0major+7403minor)pagefaults 0swaps
rm -f module_ra_effective_radius.o
sed -e "s/^\!.*'.*//" -e "s/^ *\!.*'.*//" module_ra_effective_radius.F > module_ra_effective_radius.G
/lib/cpp -P -nostdinc -I/home/hnavarro/Desktop/WRF/BUILD_WRF/WRF/inc -DEM_CORE=1 -DNMM_CORE=0 -DNMM_MAX_DIM=2600 -DDA_CORE=0 -DWRFPLUS=0 -DIWORDSIZE=4 -DDWORDSIZE=8 -DRWORDSIZE=4 -DLWORDSIZE=4 -DNONSTANDARD_SYSTEM_SUBR  -DWRF_USE_CLM  -DDM_PARALLEL -DNETCDF -DLANDREAD_STUB=1 -DUSE_ALLOCATABLES -Dwrfmodel -DGRIB1 -DINTIO -DKEEP_INT_AROUND -DLIMIT_ARGS -DBUILD_RRTMG_FAST=0 -DBUILD_RRTMK=0 -DBUILD_SBM_FAST=1 -DSHOW_ALL_VARS_USED=0 -DCONFIG_BUF_LEN=65536 -DMAX_DOMAINS_F=21 -DMAX_HISTORY=25 -DNMM_NEST=0 -DWRF_CHEM -DBUILD_CHEM=1 -I. -traditional-cpp   module_ra_effective_radius.G  > module_ra_effective_radius.bb
/home/hnavarro/Desktop/WRF/BUILD_WRF/WRF/tools/standard.exe module_ra_effective_radius.bb | /lib/cpp -P -nostdinc -traditional-cpp > module_ra_effective_radius.f90
rm -f module_ra_effective_radius.G module_ra_effective_radius.bb
time mpif90 -f90=gfortran -o module_ra_effective_radius.o -c -O2 -ftree-vectorize -funroll-loops -w -ffree-form -ffree-line-length-none -fconvert=big-endian -frecord-marker=4 -fallow-argument-mismatch -fallow-invalid-boz   -I../dyn_em  -I/home/hnavarro/Desktop/WRF/BUILD_WRF/WRF/external/esmf_time_f90  -I/home/hnavarro/Desktop/WRF/BUILD_WRF/WRF/main -I/home/hnavarro/Desktop/WRF/BUILD_WRF/WRF/external/io_netcdf -I/home/hnavarro/Desktop/WRF/BUILD_WRF/WRF/external/io_int -I/home/hnavarro/Desktop/WRF/BUILD_WRF/WRF/frame -I/home/hnavarro/Desktop/WRF/BUILD_WRF/WRF/share -I/home/hnavarro/Desktop/WRF/BUILD_WRF/WRF/phys -I/home/hnavarro/Desktop/WRF/BUILD_WRF/WRF/wrftladj -I/home/hnavarro/Desktop/WRF/BUILD_WRF/WRF/chem -I/home/hnavarro/Desktop/WRF/BUILD_WRF/WRF/inc -I/home/hnavarro/Desktop/WRF/Install-WRF-Chem/LIBRARIES/netcdf/include    module_ra_effective_radius.f90
0.60user 0.11system 0:00.74elapsed 97%CPU (0avgtext+0avgdata 40064maxresident)k
0inputs+312outputs (0major+10600minor)pagefaults 0swaps
rm -f module_ra_farms.o
sed -e "s/^\!.*'.*//" -e "s/^ *\!.*'.*//" module_ra_farms.F > module_ra_farms.G
/lib/cpp -P -nostdinc -I/home/hnavarro/Desktop/WRF/BUILD_WRF/WRF/inc -DEM_CORE=1 -DNMM_CORE=0 -DNMM_MAX_DIM=2600 -DDA_CORE=0 -DWRFPLUS=0 -DIWORDSIZE=4 -DDWORDSIZE=8 -DRWORDSIZE=4 -DLWORDSIZE=4 -DNONSTANDARD_SYSTEM_SUBR  -DWRF_USE_CLM  -DDM_PARALLEL -DNETCDF -DLANDREAD_STUB=1 -DUSE_ALLOCATABLES -Dwrfmodel -DGRIB1 -DINTIO -DKEEP_INT_AROUND -DLIMIT_ARGS -DBUILD_RRTMG_FAST=0 -DBUILD_RRTMK=0 -DBUILD_SBM_FAST=1 -DSHOW_ALL_VARS_USED=0 -DCONFIG_BUF_LEN=65536 -DMAX_DOMAINS_F=21 -DMAX_HISTORY=25 -DNMM_NEST=0 -DWRF_CHEM -DBUILD_CHEM=1 -I. -traditional-cpp   module_ra_farms.G  > module_ra_farms.bb
/home/hnavarro/Desktop/WRF/BUILD_WRF/WRF/tools/standard.exe module_ra_farms.bb | /lib/cpp -P -nostdinc -traditional-cpp > module_ra_farms.f90
rm -f module_ra_farms.G module_ra_farms.bb
time mpif90 -f90=gfortran -o module_ra_farms.o -c -O2 -ftree-vectorize -funroll-loops -w -ffree-form -ffree-line-length-none -fconvert=big-endian -frecord-marker=4 -fallow-argument-mismatch -fallow-invalid-boz   -I../dyn_em  -I/home/hnavarro/Desktop/WRF/BUILD_WRF/WRF/external/esmf_time_f90  -I/home/hnavarro/Desktop/WRF/BUILD_WRF/WRF/main -I/home/hnavarro/Desktop/WRF/BUILD_WRF/WRF/external/io_netcdf -I/home/hnavarro/Desktop/WRF/BUILD_WRF/WRF/external/io_int -I/home/hnavarro/Desktop/WRF/BUILD_WRF/WRF/frame -I/home/hnavarro/Desktop/WRF/BUILD_WRF/WRF/share -I/home/hnavarro/Desktop/WRF/BUILD_WRF/WRF/phys -I/home/hnavarro/Desktop/WRF/BUILD_WRF/WRF/wrftladj -I/home/hnavarro/Desktop/WRF/BUILD_WRF/WRF/chem -I/home/hnavarro/Desktop/WRF/BUILD_WRF/WRF/inc -I/home/hnavarro/Desktop/WRF/Install-WRF-Chem/LIBRARIES/netcdf/include    module_ra_farms.f90
0.28user 0.08system 0:00.37elapsed 98%CPU (0avgtext+0avgdata 36492maxresident)k
0inputs+136outputs (0major+9969minor)pagefaults 0swaps
rm -f module_mp_etanew.o
sed -e "s/^\!.*'.*//" -e "s/^ *\!.*'.*//" module_mp_etanew.F > module_mp_etanew.G
/lib/cpp -P -nostdinc -I/home/hnavarro/Desktop/WRF/BUILD_WRF/WRF/inc -DEM_CORE=1 -DNMM_CORE=0 -DNMM_MAX_DIM=2600 -DDA_CORE=0 -DWRFPLUS=0 -DIWORDSIZE=4 -DDWORDSIZE=8 -DRWORDSIZE=4 -DLWORDSIZE=4 -DNONSTANDARD_SYSTEM_SUBR  -DWRF_USE_CLM  -DDM_PARALLEL -DNETCDF -DLANDREAD_STUB=1 -DUSE_ALLOCATABLES -Dwrfmodel -DGRIB1 -DINTIO -DKEEP_INT_AROUND -DLIMIT_ARGS -DBUILD_RRTMG_FAST=0 -DBUILD_RRTMK=0 -DBUILD_SBM_FAST=1 -DSHOW_ALL_VARS_USED=0 -DCONFIG_BUF_LEN=65536 -DMAX_DOMAINS_F=21 -DMAX_HISTORY=25 -DNMM_NEST=0 -DWRF_CHEM -DBUILD_CHEM=1 -I. -traditional-cpp   module_mp_etanew.G  > module_mp_etanew.bb
/home/hnavarro/Desktop/WRF/BUILD_WRF/WRF/tools/standard.exe module_mp_etanew.bb | /lib/cpp -P -nostdinc -traditional-cpp > module_mp_etanew.f90
rm -f module_mp_etanew.G module_mp_etanew.bb
time mpif90 -f90=gfortran -o module_mp_etanew.o -c -O2 -ftree-vectorize -funroll-loops -w -ffree-form -ffree-line-length-none -fconvert=big-endian -frecord-marker=4 -fallow-argument-mismatch -fallow-invalid-boz   -I../dyn_em  -I/home/hnavarro/Desktop/WRF/BUILD_WRF/WRF/external/esmf_time_f90  -I/home/hnavarro/Desktop/WRF/BUILD_WRF/WRF/main -I/home/hnavarro/Desktop/WRF/BUILD_WRF/WRF/external/io_netcdf -I/home/hnavarro/Desktop/WRF/BUILD_WRF/WRF/external/io_int -I/home/hnavarro/Desktop/WRF/BUILD_WRF/WRF/frame -I/home/hnavarro/Desktop/WRF/BUILD_WRF/WRF/share -I/home/hnavarro/Desktop/WRF/BUILD_WRF/WRF/phys -I/home/hnavarro/Desktop/WRF/BUILD_WRF/WRF/wrftladj -I/home/hnavarro/Desktop/WRF/BUILD_WRF/WRF/chem -I/home/hnavarro/Desktop/WRF/BUILD_WRF/WRF/inc -I/home/hnavarro/Desktop/WRF/Install-WRF-Chem/LIBRARIES/netcdf/include    module_mp_etanew.f90
0.94user 0.12system 0:01.06elapsed 99%CPU (0avgtext+0avgdata 64456maxresident)k
0inputs+328outputs (0major+18727minor)pagefaults 0swaps
rm -f module_ra_hs.o
sed -e "s/^\!.*'.*//" -e "s/^ *\!.*'.*//" module_ra_hs.F > module_ra_hs.G
/lib/cpp -P -nostdinc -I/home/hnavarro/Desktop/WRF/BUILD_WRF/WRF/inc -DEM_CORE=1 -DNMM_CORE=0 -DNMM_MAX_DIM=2600 -DDA_CORE=0 -DWRFPLUS=0 -DIWORDSIZE=4 -DDWORDSIZE=8 -DRWORDSIZE=4 -DLWORDSIZE=4 -DNONSTANDARD_SYSTEM_SUBR  -DWRF_USE_CLM  -DDM_PARALLEL -DNETCDF -DLANDREAD_STUB=1 -DUSE_ALLOCATABLES -Dwrfmodel -DGRIB1 -DINTIO -DKEEP_INT_AROUND -DLIMIT_ARGS -DBUILD_RRTMG_FAST=0 -DBUILD_RRTMK=0 -DBUILD_SBM_FAST=1 -DSHOW_ALL_VARS_USED=0 -DCONFIG_BUF_LEN=65536 -DMAX_DOMAINS_F=21 -DMAX_HISTORY=25 -DNMM_NEST=0 -DWRF_CHEM -DBUILD_CHEM=1 -I. -traditional-cpp   module_ra_hs.G  > module_ra_hs.bb
/home/hnavarro/Desktop/WRF/BUILD_WRF/WRF/tools/standard.exe module_ra_hs.bb | /lib/cpp -P -nostdinc -traditional-cpp > module_ra_hs.f90
rm -f module_ra_hs.G module_ra_hs.bb
time mpif90 -f90=gfortran -o module_ra_hs.o -c -O2 -ftree-vectorize -funroll-loops -w -ffree-form -ffree-line-length-none -fconvert=big-endian -frecord-marker=4 -fallow-argument-mismatch -fallow-invalid-boz   -I../dyn_em  -I/home/hnavarro/Desktop/WRF/BUILD_WRF/WRF/external/esmf_time_f90  -I/home/hnavarro/Desktop/WRF/BUILD_WRF/WRF/main -I/home/hnavarro/Desktop/WRF/BUILD_WRF/WRF/external/io_netcdf -I/home/hnavarro/Desktop/WRF/BUILD_WRF/WRF/external/io_int -I/home/hnavarro/Desktop/WRF/BUILD_WRF/WRF/frame -I/home/hnavarro/Desktop/WRF/BUILD_WRF/WRF/share -I/home/hnavarro/Desktop/WRF/BUILD_WRF/WRF/phys -I/home/hnavarro/Desktop/WRF/BUILD_WRF/WRF/wrftladj -I/home/hnavarro/Desktop/WRF/BUILD_WRF/WRF/chem -I/home/hnavarro/Desktop/WRF/BUILD_WRF/WRF/inc -I/home/hnavarro/Desktop/WRF/Install-WRF-Chem/LIBRARIES/netcdf/include    module_ra_hs.f90
0.98user 0.11system 0:01.12elapsed 98%CPU (0avgtext+0avgdata 51744maxresident)k
0inputs+488outputs (0major+13937minor)pagefaults 0swaps
rm -f module_ra_goddard.o
sed -e "s/^\!.*'.*//" -e "s/^ *\!.*'.*//" module_ra_goddard.F > module_ra_goddard.G
/lib/cpp -P -nostdinc -I/home/hnavarro/Desktop/WRF/BUILD_WRF/WRF/inc -DEM_CORE=1 -DNMM_CORE=0 -DNMM_MAX_DIM=2600 -DDA_CORE=0 -DWRFPLUS=0 -DIWORDSIZE=4 -DDWORDSIZE=8 -DRWORDSIZE=4 -DLWORDSIZE=4 -DNONSTANDARD_SYSTEM_SUBR  -DWRF_USE_CLM  -DDM_PARALLEL -DNETCDF -DLANDREAD_STUB=1 -DUSE_ALLOCATABLES -Dwrfmodel -DGRIB1 -DINTIO -DKEEP_INT_AROUND -DLIMIT_ARGS -DBUILD_RRTMG_FAST=0 -DBUILD_RRTMK=0 -DBUILD_SBM_FAST=1 -DSHOW_ALL_VARS_USED=0 -DCONFIG_BUF_LEN=65536 -DMAX_DOMAINS_F=21 -DMAX_HISTORY=25 -DNMM_NEST=0 -DWRF_CHEM -DBUILD_CHEM=1 -I. -traditional-cpp   module_ra_goddard.G  > module_ra_goddard.bb
/home/hnavarro/Desktop/WRF/BUILD_WRF/WRF/tools/standard.exe module_ra_goddard.bb | /lib/cpp -P -nostdinc -traditional-cpp > module_ra_goddard.f90
0.11user 0.14system 0:00.27elapsed 96%CPU (0avgtext+0avgdata 29952maxresident)k
0inputs+48outputs (0major+8233minor)pagefaults 0swaps
rm -f module_ra_flg.o
sed -e "s/^\!.*'.*//" -e "s/^ *\!.*'.*//" module_ra_flg.F > module_ra_flg.G
rm -f module_ra_goddard.G module_ra_goddard.bb
time mpif90 -f90=gfortran -o module_ra_goddard.o -c -O2 -ftree-vectorize -funroll-loops -w -ffree-form -ffree-line-length-none -fconvert=big-endian -frecord-marker=4 -fallow-argument-mismatch -fallow-invalid-boz   -I../dyn_em  -I/home/hnavarro/Desktop/WRF/BUILD_WRF/WRF/external/esmf_time_f90  -I/home/hnavarro/Desktop/WRF/BUILD_WRF/WRF/main -I/home/hnavarro/Desktop/WRF/BUILD_WRF/WRF/external/io_netcdf -I/home/hnavarro/Desktop/WRF/BUILD_WRF/WRF/external/io_int -I/home/hnavarro/Desktop/WRF/BUILD_WRF/WRF/frame -I/home/hnavarro/Desktop/WRF/BUILD_WRF/WRF/share -I/home/hnavarro/Desktop/WRF/BUILD_WRF/WRF/phys -I/home/hnavarro/Desktop/WRF/BUILD_WRF/WRF/wrftladj -I/home/hnavarro/Desktop/WRF/BUILD_WRF/WRF/chem -I/home/hnavarro/Desktop/WRF/BUILD_WRF/WRF/inc -I/home/hnavarro/Desktop/WRF/Install-WRF-Chem/LIBRARIES/netcdf/include    module_ra_goddard.f90
/lib/cpp -P -nostdinc -I/home/hnavarro/Desktop/WRF/BUILD_WRF/WRF/inc -DEM_CORE=1 -DNMM_CORE=0 -DNMM_MAX_DIM=2600 -DDA_CORE=0 -DWRFPLUS=0 -DIWORDSIZE=4 -DDWORDSIZE=8 -DRWORDSIZE=4 -DLWORDSIZE=4 -DNONSTANDARD_SYSTEM_SUBR  -DWRF_USE_CLM  -DDM_PARALLEL -DNETCDF -DLANDREAD_STUB=1 -DUSE_ALLOCATABLES -Dwrfmodel -DGRIB1 -DINTIO -DKEEP_INT_AROUND -DLIMIT_ARGS -DBUILD_RRTMG_FAST=0 -DBUILD_RRTMK=0 -DBUILD_SBM_FAST=1 -DSHOW_ALL_VARS_USED=0 -DCONFIG_BUF_LEN=65536 -DMAX_DOMAINS_F=21 -DMAX_HISTORY=25 -DNMM_NEST=0 -DWRF_CHEM -DBUILD_CHEM=1 -I. -traditional-cpp   module_ra_flg.G  > module_ra_flg.bb
/home/hnavarro/Desktop/WRF/BUILD_WRF/WRF/tools/standard.exe module_ra_flg.bb | /lib/cpp -P -nostdinc -traditional-cpp > module_ra_flg.f90
rm -f module_ra_flg.G module_ra_flg.bb
time mpif90 -f90=gfortran -o module_ra_flg.o -c -O2 -ftree-vectorize -funroll-loops -w -ffree-form -ffree-line-length-none -fconvert=big-endian -frecord-marker=4 -fallow-argument-mismatch -fallow-invalid-boz   -I../dyn_em  -I/home/hnavarro/Desktop/WRF/BUILD_WRF/WRF/external/esmf_time_f90  -I/home/hnavarro/Desktop/WRF/BUILD_WRF/WRF/main -I/home/hnavarro/Desktop/WRF/BUILD_WRF/WRF/external/io_netcdf -I/home/hnavarro/Desktop/WRF/BUILD_WRF/WRF/external/io_int -I/home/hnavarro/Desktop/WRF/BUILD_WRF/WRF/frame -I/home/hnavarro/Desktop/WRF/BUILD_WRF/WRF/share -I/home/hnavarro/Desktop/WRF/BUILD_WRF/WRF/phys -I/home/hnavarro/Desktop/WRF/BUILD_WRF/WRF/wrftladj -I/home/hnavarro/Desktop/WRF/BUILD_WRF/WRF/chem -I/home/hnavarro/Desktop/WRF/BUILD_WRF/WRF/inc -I/home/hnavarro/Desktop/WRF/Install-WRF-Chem/LIBRARIES/netcdf/include    module_ra_flg.f90
3.71user 0.20system 0:04.00elapsed 97%CPU (0avgtext+0avgdata 174848maxresident)k
0inputs+4536outputs (0major+45844minor)pagefaults 0swaps
rm -f module_ra_eclipse.o
sed -e "s/^\!.*'.*//" -e "s/^ *\!.*'.*//" module_ra_eclipse.F > module_ra_eclipse.G
/lib/cpp -P -nostdinc -I/home/hnavarro/Desktop/WRF/BUILD_WRF/WRF/inc -DEM_CORE=1 -DNMM_CORE=0 -DNMM_MAX_DIM=2600 -DDA_CORE=0 -DWRFPLUS=0 -DIWORDSIZE=4 -DDWORDSIZE=8 -DRWORDSIZE=4 -DLWORDSIZE=4 -DNONSTANDARD_SYSTEM_SUBR  -DWRF_USE_CLM  -DDM_PARALLEL -DNETCDF -DLANDREAD_STUB=1 -DUSE_ALLOCATABLES -Dwrfmodel -DGRIB1 -DINTIO -DKEEP_INT_AROUND -DLIMIT_ARGS -DBUILD_RRTMG_FAST=0 -DBUILD_RRTMK=0 -DBUILD_SBM_FAST=1 -DSHOW_ALL_VARS_USED=0 -DCONFIG_BUF_LEN=65536 -DMAX_DOMAINS_F=21 -DMAX_HISTORY=25 -DNMM_NEST=0 -DWRF_CHEM -DBUILD_CHEM=1 -I. -traditional-cpp   module_ra_eclipse.G  > module_ra_eclipse.bb
/home/hnavarro/Desktop/WRF/BUILD_WRF/WRF/tools/standard.exe module_ra_eclipse.bb | /lib/cpp -P -nostdinc -traditional-cpp > module_ra_eclipse.f90
rm -f module_ra_eclipse.G module_ra_eclipse.bb
time mpif90 -f90=gfortran -o module_ra_eclipse.o -c -O2 -ftree-vectorize -funroll-loops -w -ffree-form -ffree-line-length-none -fconvert=big-endian -frecord-marker=4 -fallow-argument-mismatch -fallow-invalid-boz   -I../dyn_em  -I/home/hnavarro/Desktop/WRF/BUILD_WRF/WRF/external/esmf_time_f90  -I/home/hnavarro/Desktop/WRF/BUILD_WRF/WRF/main -I/home/hnavarro/Desktop/WRF/BUILD_WRF/WRF/external/io_netcdf -I/home/hnavarro/Desktop/WRF/BUILD_WRF/WRF/external/io_int -I/home/hnavarro/Desktop/WRF/BUILD_WRF/WRF/frame -I/home/hnavarro/Desktop/WRF/BUILD_WRF/WRF/share -I/home/hnavarro/Desktop/WRF/BUILD_WRF/WRF/phys -I/home/hnavarro/Desktop/WRF/BUILD_WRF/WRF/wrftladj -I/home/hnavarro/Desktop/WRF/BUILD_WRF/WRF/chem -I/home/hnavarro/Desktop/WRF/BUILD_WRF/WRF/inc -I/home/hnavarro/Desktop/WRF/Install-WRF-Chem/LIBRARIES/netcdf/include    module_ra_eclipse.f90
0.20user 0.11system 0:00.31elapsed 99%CPU (0avgtext+0avgdata 35220maxresident)k
0inputs+120outputs (0major+9559minor)pagefaults 0swaps
rm -f module_ra_aerosol.o
sed -e "s/^\!.*'.*//" -e "s/^ *\!.*'.*//" module_ra_aerosol.F > module_ra_aerosol.G
/lib/cpp -P -nostdinc -I/home/hnavarro/Desktop/WRF/BUILD_WRF/WRF/inc -DEM_CORE=1 -DNMM_CORE=0 -DNMM_MAX_DIM=2600 -DDA_CORE=0 -DWRFPLUS=0 -DIWORDSIZE=4 -DDWORDSIZE=8 -DRWORDSIZE=4 -DLWORDSIZE=4 -DNONSTANDARD_SYSTEM_SUBR  -DWRF_USE_CLM  -DDM_PARALLEL -DNETCDF -DLANDREAD_STUB=1 -DUSE_ALLOCATABLES -Dwrfmodel -DGRIB1 -DINTIO -DKEEP_INT_AROUND -DLIMIT_ARGS -DBUILD_RRTMG_FAST=0 -DBUILD_RRTMK=0 -DBUILD_SBM_FAST=1 -DSHOW_ALL_VARS_USED=0 -DCONFIG_BUF_LEN=65536 -DMAX_DOMAINS_F=21 -DMAX_HISTORY=25 -DNMM_NEST=0 -DWRF_CHEM -DBUILD_CHEM=1 -I. -traditional-cpp   module_ra_aerosol.G  > module_ra_aerosol.bb
/home/hnavarro/Desktop/WRF/BUILD_WRF/WRF/tools/standard.exe module_ra_aerosol.bb | /lib/cpp -P -nostdinc -traditional-cpp > module_ra_aerosol.f90
rm -f module_ra_aerosol.G module_ra_aerosol.bb
time mpif90 -f90=gfortran -o module_ra_aerosol.o -c -O2 -ftree-vectorize -funroll-loops -w -ffree-form -ffree-line-length-none -fconvert=big-endian -frecord-marker=4 -fallow-argument-mismatch -fallow-invalid-boz   -I../dyn_em  -I/home/hnavarro/Desktop/WRF/BUILD_WRF/WRF/external/esmf_time_f90  -I/home/hnavarro/Desktop/WRF/BUILD_WRF/WRF/main -I/home/hnavarro/Desktop/WRF/BUILD_WRF/WRF/external/io_netcdf -I/home/hnavarro/Desktop/WRF/BUILD_WRF/WRF/external/io_int -I/home/hnavarro/Desktop/WRF/BUILD_WRF/WRF/frame -I/home/hnavarro/Desktop/WRF/BUILD_WRF/WRF/share -I/home/hnavarro/Desktop/WRF/BUILD_WRF/WRF/phys -I/home/hnavarro/Desktop/WRF/BUILD_WRF/WRF/wrftladj -I/home/hnavarro/Desktop/WRF/BUILD_WRF/WRF/chem -I/home/hnavarro/Desktop/WRF/BUILD_WRF/WRF/inc -I/home/hnavarro/Desktop/WRF/Install-WRF-Chem/LIBRARIES/netcdf/include    module_ra_aerosol.f90
2.05user 0.11system 0:02.17elapsed 99%CPU (0avgtext+0avgdata 92832maxresident)k
0inputs+1064outputs (0major+29226minor)pagefaults 0swaps
rm -f module_mp_radar.o
sed -e "s/^\!.*'.*//" -e "s/^ *\!.*'.*//" module_mp_radar.F > module_mp_radar.G
/lib/cpp -P -nostdinc -I/home/hnavarro/Desktop/WRF/BUILD_WRF/WRF/inc -DEM_CORE=1 -DNMM_CORE=0 -DNMM_MAX_DIM=2600 -DDA_CORE=0 -DWRFPLUS=0 -DIWORDSIZE=4 -DDWORDSIZE=8 -DRWORDSIZE=4 -DLWORDSIZE=4 -DNONSTANDARD_SYSTEM_SUBR  -DWRF_USE_CLM  -DDM_PARALLEL -DNETCDF -DLANDREAD_STUB=1 -DUSE_ALLOCATABLES -Dwrfmodel -DGRIB1 -DINTIO -DKEEP_INT_AROUND -DLIMIT_ARGS -DBUILD_RRTMG_FAST=0 -DBUILD_RRTMK=0 -DBUILD_SBM_FAST=1 -DSHOW_ALL_VARS_USED=0 -DCONFIG_BUF_LEN=65536 -DMAX_DOMAINS_F=21 -DMAX_HISTORY=25 -DNMM_NEST=0 -DWRF_CHEM -DBUILD_CHEM=1 -I. -traditional-cpp   module_mp_radar.G  > module_mp_radar.bb
/home/hnavarro/Desktop/WRF/BUILD_WRF/WRF/tools/standard.exe module_mp_radar.bb | /lib/cpp -P -nostdinc -traditional-cpp > module_mp_radar.f90
rm -f module_mp_radar.G module_mp_radar.bb
time mpif90 -f90=gfortran -o module_mp_radar.o -c -O2 -ftree-vectorize -funroll-loops -w -ffree-form -ffree-line-length-none -fconvert=big-endian -frecord-marker=4 -fallow-argument-mismatch -fallow-invalid-boz   -I../dyn_em  -I/home/hnavarro/Desktop/WRF/BUILD_WRF/WRF/external/esmf_time_f90  -I/home/hnavarro/Desktop/WRF/BUILD_WRF/WRF/main -I/home/hnavarro/Desktop/WRF/BUILD_WRF/WRF/external/io_netcdf -I/home/hnavarro/Desktop/WRF/BUILD_WRF/WRF/external/io_int -I/home/hnavarro/Desktop/WRF/BUILD_WRF/WRF/frame -I/home/hnavarro/Desktop/WRF/BUILD_WRF/WRF/share -I/home/hnavarro/Desktop/WRF/BUILD_WRF/WRF/phys -I/home/hnavarro/Desktop/WRF/BUILD_WRF/WRF/wrftladj -I/home/hnavarro/Desktop/WRF/BUILD_WRF/WRF/chem -I/home/hnavarro/Desktop/WRF/BUILD_WRF/WRF/inc -I/home/hnavarro/Desktop/WRF/Install-WRF-Chem/LIBRARIES/netcdf/include    module_mp_radar.f90
0.20user 0.06system 0:00.26elapsed 99%CPU (0avgtext+0avgdata 35632maxresident)k
0inputs+232outputs (0major+9702minor)pagefaults 0swaps
rm -f module_mp_kessler.o
sed -e "s/^\!.*'.*//" -e "s/^ *\!.*'.*//" module_mp_kessler.F > module_mp_kessler.G
/lib/cpp -P -nostdinc -I/home/hnavarro/Desktop/WRF/BUILD_WRF/WRF/inc -DEM_CORE=1 -DNMM_CORE=0 -DNMM_MAX_DIM=2600 -DDA_CORE=0 -DWRFPLUS=0 -DIWORDSIZE=4 -DDWORDSIZE=8 -DRWORDSIZE=4 -DLWORDSIZE=4 -DNONSTANDARD_SYSTEM_SUBR  -DWRF_USE_CLM  -DDM_PARALLEL -DNETCDF -DLANDREAD_STUB=1 -DUSE_ALLOCATABLES -Dwrfmodel -DGRIB1 -DINTIO -DKEEP_INT_AROUND -DLIMIT_ARGS -DBUILD_RRTMG_FAST=0 -DBUILD_RRTMK=0 -DBUILD_SBM_FAST=1 -DSHOW_ALL_VARS_USED=0 -DCONFIG_BUF_LEN=65536 -DMAX_DOMAINS_F=21 -DMAX_HISTORY=25 -DNMM_NEST=0 -DWRF_CHEM -DBUILD_CHEM=1 -I. -traditional-cpp   module_mp_kessler.G  > module_mp_kessler.bb
/home/hnavarro/Desktop/WRF/BUILD_WRF/WRF/tools/standard.exe module_mp_kessler.bb | /lib/cpp -P -nostdinc -traditional-cpp > module_mp_kessler.f90
rm -f module_mp_kessler.G module_mp_kessler.bb
time mpif90 -f90=gfortran -o module_mp_kessler.o -c -O2 -ftree-vectorize -funroll-loops -w -ffree-form -ffree-line-length-none -fconvert=big-endian -frecord-marker=4 -fallow-argument-mismatch -fallow-invalid-boz   -I../dyn_em  -I/home/hnavarro/Desktop/WRF/BUILD_WRF/WRF/external/esmf_time_f90  -I/home/hnavarro/Desktop/WRF/BUILD_WRF/WRF/main -I/home/hnavarro/Desktop/WRF/BUILD_WRF/WRF/external/io_netcdf -I/home/hnavarro/Desktop/WRF/BUILD_WRF/WRF/external/io_int -I/home/hnavarro/Desktop/WRF/BUILD_WRF/WRF/frame -I/home/hnavarro/Desktop/WRF/BUILD_WRF/WRF/share -I/home/hnavarro/Desktop/WRF/BUILD_WRF/WRF/phys -I/home/hnavarro/Desktop/WRF/BUILD_WRF/WRF/wrftladj -I/home/hnavarro/Desktop/WRF/BUILD_WRF/WRF/chem -I/home/hnavarro/Desktop/WRF/BUILD_WRF/WRF/inc -I/home/hnavarro/Desktop/WRF/Install-WRF-Chem/LIBRARIES/netcdf/include    module_mp_kessler.f90
0.25user 0.06system 0:00.31elapsed 99%CPU (0avgtext+0avgdata 44572maxresident)k
0inputs+160outputs (0major+11816minor)pagefaults 0swaps
rm -f module_mp_lin.o
sed -e "s/^\!.*'.*//" -e "s/^ *\!.*'.*//" module_mp_lin.F > module_mp_lin.G
/lib/cpp -P -nostdinc -I/home/hnavarro/Desktop/WRF/BUILD_WRF/WRF/inc -DEM_CORE=1 -DNMM_CORE=0 -DNMM_MAX_DIM=2600 -DDA_CORE=0 -DWRFPLUS=0 -DIWORDSIZE=4 -DDWORDSIZE=8 -DRWORDSIZE=4 -DLWORDSIZE=4 -DNONSTANDARD_SYSTEM_SUBR  -DWRF_USE_CLM  -DDM_PARALLEL -DNETCDF -DLANDREAD_STUB=1 -DUSE_ALLOCATABLES -Dwrfmodel -DGRIB1 -DINTIO -DKEEP_INT_AROUND -DLIMIT_ARGS -DBUILD_RRTMG_FAST=0 -DBUILD_RRTMK=0 -DBUILD_SBM_FAST=1 -DSHOW_ALL_VARS_USED=0 -DCONFIG_BUF_LEN=65536 -DMAX_DOMAINS_F=21 -DMAX_HISTORY=25 -DNMM_NEST=0 -DWRF_CHEM -DBUILD_CHEM=1 -I. -traditional-cpp   module_mp_lin.G  > module_mp_lin.bb
/home/hnavarro/Desktop/WRF/BUILD_WRF/WRF/tools/standard.exe module_mp_lin.bb | /lib/cpp -P -nostdinc -traditional-cpp > module_mp_lin.f90
rm -f module_mp_lin.G module_mp_lin.bb
time mpif90 -f90=gfortran -o module_mp_lin.o -c -O2 -ftree-vectorize -funroll-loops -w -ffree-form -ffree-line-length-none -fconvert=big-endian -frecord-marker=4 -fallow-argument-mismatch -fallow-invalid-boz   -I../dyn_em  -I/home/hnavarro/Desktop/WRF/BUILD_WRF/WRF/external/esmf_time_f90  -I/home/hnavarro/Desktop/WRF/BUILD_WRF/WRF/main -I/home/hnavarro/Desktop/WRF/BUILD_WRF/WRF/external/io_netcdf -I/home/hnavarro/Desktop/WRF/BUILD_WRF/WRF/external/io_int -I/home/hnavarro/Desktop/WRF/BUILD_WRF/WRF/frame -I/home/hnavarro/Desktop/WRF/BUILD_WRF/WRF/share -I/home/hnavarro/Desktop/WRF/BUILD_WRF/WRF/phys -I/home/hnavarro/Desktop/WRF/BUILD_WRF/WRF/wrftladj -I/home/hnavarro/Desktop/WRF/BUILD_WRF/WRF/chem -I/home/hnavarro/Desktop/WRF/BUILD_WRF/WRF/inc -I/home/hnavarro/Desktop/WRF/Install-WRF-Chem/LIBRARIES/netcdf/include    module_mp_lin.f90
1.51user 0.12system 0:01.65elapsed 99%CPU (0avgtext+0avgdata 72356maxresident)k
0inputs+696outputs (0major+21088minor)pagefaults 0swaps
rm -f module_mp_sbu_ylin.o
sed -e "s/^\!.*'.*//" -e "s/^ *\!.*'.*//" module_mp_sbu_ylin.F > module_mp_sbu_ylin.G
/lib/cpp -P -nostdinc -I/home/hnavarro/Desktop/WRF/BUILD_WRF/WRF/inc -DEM_CORE=1 -DNMM_CORE=0 -DNMM_MAX_DIM=2600 -DDA_CORE=0 -DWRFPLUS=0 -DIWORDSIZE=4 -DDWORDSIZE=8 -DRWORDSIZE=4 -DLWORDSIZE=4 -DNONSTANDARD_SYSTEM_SUBR  -DWRF_USE_CLM  -DDM_PARALLEL -DNETCDF -DLANDREAD_STUB=1 -DUSE_ALLOCATABLES -Dwrfmodel -DGRIB1 -DINTIO -DKEEP_INT_AROUND -DLIMIT_ARGS -DBUILD_RRTMG_FAST=0 -DBUILD_RRTMK=0 -DBUILD_SBM_FAST=1 -DSHOW_ALL_VARS_USED=0 -DCONFIG_BUF_LEN=65536 -DMAX_DOMAINS_F=21 -DMAX_HISTORY=25 -DNMM_NEST=0 -DWRF_CHEM -DBUILD_CHEM=1 -I. -traditional-cpp   module_mp_sbu_ylin.G  > module_mp_sbu_ylin.bb
/home/hnavarro/Desktop/WRF/BUILD_WRF/WRF/tools/standard.exe module_mp_sbu_ylin.bb | /lib/cpp -P -nostdinc -traditional-cpp > module_mp_sbu_ylin.f90
rm -f module_mp_sbu_ylin.G module_mp_sbu_ylin.bb
time mpif90 -f90=gfortran -o module_mp_sbu_ylin.o -c -O2 -ftree-vectorize -funroll-loops -w -ffree-form -ffree-line-length-none -fconvert=big-endian -frecord-marker=4 -fallow-argument-mismatch -fallow-invalid-boz   -I../dyn_em  -I/home/hnavarro/Desktop/WRF/BUILD_WRF/WRF/external/esmf_time_f90  -I/home/hnavarro/Desktop/WRF/BUILD_WRF/WRF/main -I/home/hnavarro/Desktop/WRF/BUILD_WRF/WRF/external/io_netcdf -I/home/hnavarro/Desktop/WRF/BUILD_WRF/WRF/external/io_int -I/home/hnavarro/Desktop/WRF/BUILD_WRF/WRF/frame -I/home/hnavarro/Desktop/WRF/BUILD_WRF/WRF/share -I/home/hnavarro/Desktop/WRF/BUILD_WRF/WRF/phys -I/home/hnavarro/Desktop/WRF/BUILD_WRF/WRF/wrftladj -I/home/hnavarro/Desktop/WRF/BUILD_WRF/WRF/chem -I/home/hnavarro/Desktop/WRF/BUILD_WRF/WRF/inc -I/home/hnavarro/Desktop/WRF/Install-WRF-Chem/LIBRARIES/netcdf/include    module_mp_sbu_ylin.f90
0.82user 0.10system 0:00.93elapsed 99%CPU (0avgtext+0avgdata 60140maxresident)k
0inputs+496outputs (0major+17532minor)pagefaults 0swaps
rm -f module_mp_wsm3.o
sed -e "s/^\!.*'.*//" -e "s/^ *\!.*'.*//" module_mp_wsm3.F > module_mp_wsm3.G
/lib/cpp -P -nostdinc -I/home/hnavarro/Desktop/WRF/BUILD_WRF/WRF/inc -DEM_CORE=1 -DNMM_CORE=0 -DNMM_MAX_DIM=2600 -DDA_CORE=0 -DWRFPLUS=0 -DIWORDSIZE=4 -DDWORDSIZE=8 -DRWORDSIZE=4 -DLWORDSIZE=4 -DNONSTANDARD_SYSTEM_SUBR  -DWRF_USE_CLM  -DDM_PARALLEL -DNETCDF -DLANDREAD_STUB=1 -DUSE_ALLOCATABLES -Dwrfmodel -DGRIB1 -DINTIO -DKEEP_INT_AROUND -DLIMIT_ARGS -DBUILD_RRTMG_FAST=0 -DBUILD_RRTMK=0 -DBUILD_SBM_FAST=1 -DSHOW_ALL_VARS_USED=0 -DCONFIG_BUF_LEN=65536 -DMAX_DOMAINS_F=21 -DMAX_HISTORY=25 -DNMM_NEST=0 -DWRF_CHEM -DBUILD_CHEM=1 -I. -traditional-cpp   module_mp_wsm3.G  > module_mp_wsm3.bb
/home/hnavarro/Desktop/WRF/BUILD_WRF/WRF/tools/standard.exe module_mp_wsm3.bb | /lib/cpp -P -nostdinc -traditional-cpp > module_mp_wsm3.f90
rm -f module_mp_wsm3.G module_mp_wsm3.bb
time mpif90 -f90=gfortran -o module_mp_wsm3.o -c -O2 -ftree-vectorize -funroll-loops -w -ffree-form -ffree-line-length-none -fconvert=big-endian -frecord-marker=4 -fallow-argument-mismatch -fallow-invalid-boz   -I../dyn_em  -I/home/hnavarro/Desktop/WRF/BUILD_WRF/WRF/external/esmf_time_f90  -I/home/hnavarro/Desktop/WRF/BUILD_WRF/WRF/main -I/home/hnavarro/Desktop/WRF/BUILD_WRF/WRF/external/io_netcdf -I/home/hnavarro/Desktop/WRF/BUILD_WRF/WRF/external/io_int -I/home/hnavarro/Desktop/WRF/BUILD_WRF/WRF/frame -I/home/hnavarro/Desktop/WRF/BUILD_WRF/WRF/share -I/home/hnavarro/Desktop/WRF/BUILD_WRF/WRF/phys -I/home/hnavarro/Desktop/WRF/BUILD_WRF/WRF/wrftladj -I/home/hnavarro/Desktop/WRF/BUILD_WRF/WRF/chem -I/home/hnavarro/Desktop/WRF/BUILD_WRF/WRF/inc -I/home/hnavarro/Desktop/WRF/Install-WRF-Chem/LIBRARIES/netcdf/include    module_mp_wsm3.f90
1.84user 0.11system 0:01.98elapsed 98%CPU (0avgtext+0avgdata 106140maxresident)k
0inputs+960outputs (0major+28689minor)pagefaults 0swaps
rm -f module_mp_wsm5.o
sed -e "s/^\!.*'.*//" -e "s/^ *\!.*'.*//" module_mp_wsm5.F > module_mp_wsm5.G
/lib/cpp -P -nostdinc -I/home/hnavarro/Desktop/WRF/BUILD_WRF/WRF/inc -DEM_CORE=1 -DNMM_CORE=0 -DNMM_MAX_DIM=2600 -DDA_CORE=0 -DWRFPLUS=0 -DIWORDSIZE=4 -DDWORDSIZE=8 -DRWORDSIZE=4 -DLWORDSIZE=4 -DNONSTANDARD_SYSTEM_SUBR  -DWRF_USE_CLM  -DDM_PARALLEL -DNETCDF -DLANDREAD_STUB=1 -DUSE_ALLOCATABLES -Dwrfmodel -DGRIB1 -DINTIO -DKEEP_INT_AROUND -DLIMIT_ARGS -DBUILD_RRTMG_FAST=0 -DBUILD_RRTMK=0 -DBUILD_SBM_FAST=1 -DSHOW_ALL_VARS_USED=0 -DCONFIG_BUF_LEN=65536 -DMAX_DOMAINS_F=21 -DMAX_HISTORY=25 -DNMM_NEST=0 -DWRF_CHEM -DBUILD_CHEM=1 -I. -traditional-cpp   module_mp_wsm5.G  > module_mp_wsm5.bb
/home/hnavarro/Desktop/WRF/BUILD_WRF/WRF/tools/standard.exe module_mp_wsm5.bb | /lib/cpp -P -nostdinc -traditional-cpp > module_mp_wsm5.f90
rm -f module_mp_wsm5.G module_mp_wsm5.bb
time mpif90 -f90=gfortran -o module_mp_wsm5.o -c -O2 -ftree-vectorize -funroll-loops -w -ffree-form -ffree-line-length-none -fconvert=big-endian -frecord-marker=4 -fallow-argument-mismatch -fallow-invalid-boz   -I../dyn_em  -I/home/hnavarro/Desktop/WRF/BUILD_WRF/WRF/external/esmf_time_f90  -I/home/hnavarro/Desktop/WRF/BUILD_WRF/WRF/main -I/home/hnavarro/Desktop/WRF/BUILD_WRF/WRF/external/io_netcdf -I/home/hnavarro/Desktop/WRF/BUILD_WRF/WRF/external/io_int -I/home/hnavarro/Desktop/WRF/BUILD_WRF/WRF/frame -I/home/hnavarro/Desktop/WRF/BUILD_WRF/WRF/share -I/home/hnavarro/Desktop/WRF/BUILD_WRF/WRF/phys -I/home/hnavarro/Desktop/WRF/BUILD_WRF/WRF/wrftladj -I/home/hnavarro/Desktop/WRF/BUILD_WRF/WRF/chem -I/home/hnavarro/Desktop/WRF/BUILD_WRF/WRF/inc -I/home/hnavarro/Desktop/WRF/Install-WRF-Chem/LIBRARIES/netcdf/include    module_mp_wsm5.f90
2.45user 0.19system 0:02.66elapsed 99%CPU (0avgtext+0avgdata 178192maxresident)k
0inputs+1160outputs (0major+48577minor)pagefaults 0swaps
rm -f physics_mmm/mp_radar.o
sed -e "s/^\!.*'.*//" -e "s/^ *\!.*'.*//" physics_mmm/mp_radar.F90 > physics_mmm/mp_radar.G
/lib/cpp -P -nostdinc -I/home/hnavarro/Desktop/WRF/BUILD_WRF/WRF/inc -DEM_CORE=1 -DNMM_CORE=0 -DNMM_MAX_DIM=2600 -DDA_CORE=0 -DWRFPLUS=0 -DIWORDSIZE=4 -DDWORDSIZE=8 -DRWORDSIZE=4 -DLWORDSIZE=4 -DNONSTANDARD_SYSTEM_SUBR  -DWRF_USE_CLM  -DDM_PARALLEL -DNETCDF -DLANDREAD_STUB=1 -DUSE_ALLOCATABLES -Dwrfmodel -DGRIB1 -DINTIO -DKEEP_INT_AROUND -DLIMIT_ARGS -DBUILD_RRTMG_FAST=0 -DBUILD_RRTMK=0 -DBUILD_SBM_FAST=1 -DSHOW_ALL_VARS_USED=0 -DCONFIG_BUF_LEN=65536 -DMAX_DOMAINS_F=21 -DMAX_HISTORY=25 -DNMM_NEST=0 -DWRF_CHEM -DBUILD_CHEM=1 -I. -traditional-cpp   physics_mmm/mp_radar.G  > physics_mmm/mp_radar.bb
/home/hnavarro/Desktop/WRF/BUILD_WRF/WRF/tools/standard.exe physics_mmm/mp_radar.bb | /lib/cpp -P -nostdinc -traditional-cpp > physics_mmm/mp_radar.tmp.f90
rm -f physics_mmm/mp_radar.G physics_mmm/mp_radar.bb
time mpif90 -f90=gfortran -o physics_mmm/mp_radar.o -c -O2 -ftree-vectorize -funroll-loops -w -ffree-form -ffree-line-length-none -fconvert=big-endian -frecord-marker=4 -fallow-argument-mismatch -fallow-invalid-boz   -I../dyn_em  -I/home/hnavarro/Desktop/WRF/BUILD_WRF/WRF/external/esmf_time_f90  -I/home/hnavarro/Desktop/WRF/BUILD_WRF/WRF/main -I/home/hnavarro/Desktop/WRF/BUILD_WRF/WRF/external/io_netcdf -I/home/hnavarro/Desktop/WRF/BUILD_WRF/WRF/external/io_int -I/home/hnavarro/Desktop/WRF/BUILD_WRF/WRF/frame -I/home/hnavarro/Desktop/WRF/BUILD_WRF/WRF/share -I/home/hnavarro/Desktop/WRF/BUILD_WRF/WRF/phys -I/home/hnavarro/Desktop/WRF/BUILD_WRF/WRF/wrftladj -I/home/hnavarro/Desktop/WRF/BUILD_WRF/WRF/chem -I/home/hnavarro/Desktop/WRF/BUILD_WRF/WRF/inc -I/home/hnavarro/Desktop/WRF/Install-WRF-Chem/LIBRARIES/netcdf/include    physics_mmm/mp_radar.tmp.f90
0.24user 0.09system 0:00.34elapsed 99%CPU (0avgtext+0avgdata 34880maxresident)k
0inputs+224outputs (0major+9602minor)pagefaults 0swaps
rm -f physics_mmm/module_libmassv.o
sed -e "s/^\!.*'.*//" -e "s/^ *\!.*'.*//" physics_mmm/module_libmassv.F90 > physics_mmm/module_libmassv.G
/lib/cpp -P -nostdinc -I/home/hnavarro/Desktop/WRF/BUILD_WRF/WRF/inc -DEM_CORE=1 -DNMM_CORE=0 -DNMM_MAX_DIM=2600 -DDA_CORE=0 -DWRFPLUS=0 -DIWORDSIZE=4 -DDWORDSIZE=8 -DRWORDSIZE=4 -DLWORDSIZE=4 -DNONSTANDARD_SYSTEM_SUBR  -DWRF_USE_CLM  -DDM_PARALLEL -DNETCDF -DLANDREAD_STUB=1 -DUSE_ALLOCATABLES -Dwrfmodel -DGRIB1 -DINTIO -DKEEP_INT_AROUND -DLIMIT_ARGS -DBUILD_RRTMG_FAST=0 -DBUILD_RRTMK=0 -DBUILD_SBM_FAST=1 -DSHOW_ALL_VARS_USED=0 -DCONFIG_BUF_LEN=65536 -DMAX_DOMAINS_F=21 -DMAX_HISTORY=25 -DNMM_NEST=0 -DWRF_CHEM -DBUILD_CHEM=1 -I. -traditional-cpp   physics_mmm/module_libmassv.G  > physics_mmm/module_libmassv.bb
/home/hnavarro/Desktop/WRF/BUILD_WRF/WRF/tools/standard.exe physics_mmm/module_libmassv.bb | /lib/cpp -P -nostdinc -traditional-cpp > physics_mmm/module_libmassv.tmp.f90
rm -f physics_mmm/module_libmassv.G physics_mmm/module_libmassv.bb
time mpif90 -f90=gfortran -o physics_mmm/module_libmassv.o -c -O2 -ftree-vectorize -funroll-loops -w -ffree-form -ffree-line-length-none -fconvert=big-endian -frecord-marker=4 -fallow-argument-mismatch -fallow-invalid-boz   -I../dyn_em  -I/home/hnavarro/Desktop/WRF/BUILD_WRF/WRF/external/esmf_time_f90  -I/home/hnavarro/Desktop/WRF/BUILD_WRF/WRF/main -I/home/hnavarro/Desktop/WRF/BUILD_WRF/WRF/external/io_netcdf -I/home/hnavarro/Desktop/WRF/BUILD_WRF/WRF/external/io_int -I/home/hnavarro/Desktop/WRF/BUILD_WRF/WRF/frame -I/home/hnavarro/Desktop/WRF/BUILD_WRF/WRF/share -I/home/hnavarro/Desktop/WRF/BUILD_WRF/WRF/phys -I/home/hnavarro/Desktop/WRF/BUILD_WRF/WRF/wrftladj -I/home/hnavarro/Desktop/WRF/BUILD_WRF/WRF/chem -I/home/hnavarro/Desktop/WRF/BUILD_WRF/WRF/inc -I/home/hnavarro/Desktop/WRF/Install-WRF-Chem/LIBRARIES/netcdf/include    physics_mmm/module_libmassv.tmp.f90
0.09user 0.05system 0:00.15elapsed 99%CPU (0avgtext+0avgdata 28800maxresident)k
0inputs+40outputs (0major+8005minor)pagefaults 0swaps
rm -f module_mp_wsm6r.o
sed -e "s/^\!.*'.*//" -e "s/^ *\!.*'.*//" module_mp_wsm6r.F > module_mp_wsm6r.G
/lib/cpp -P -nostdinc -I/home/hnavarro/Desktop/WRF/BUILD_WRF/WRF/inc -DEM_CORE=1 -DNMM_CORE=0 -DNMM_MAX_DIM=2600 -DDA_CORE=0 -DWRFPLUS=0 -DIWORDSIZE=4 -DDWORDSIZE=8 -DRWORDSIZE=4 -DLWORDSIZE=4 -DNONSTANDARD_SYSTEM_SUBR  -DWRF_USE_CLM  -DDM_PARALLEL -DNETCDF -DLANDREAD_STUB=1 -DUSE_ALLOCATABLES -Dwrfmodel -DGRIB1 -DINTIO -DKEEP_INT_AROUND -DLIMIT_ARGS -DBUILD_RRTMG_FAST=0 -DBUILD_RRTMK=0 -DBUILD_SBM_FAST=1 -DSHOW_ALL_VARS_USED=0 -DCONFIG_BUF_LEN=65536 -DMAX_DOMAINS_F=21 -DMAX_HISTORY=25 -DNMM_NEST=0 -DWRF_CHEM -DBUILD_CHEM=1 -I. -traditional-cpp   module_mp_wsm6r.G  > module_mp_wsm6r.bb
/home/hnavarro/Desktop/WRF/BUILD_WRF/WRF/tools/standard.exe module_mp_wsm6r.bb | /lib/cpp -P -nostdinc -traditional-cpp > module_mp_wsm6r.f90
rm -f module_mp_wsm6r.G module_mp_wsm6r.bb
time mpif90 -f90=gfortran -o module_mp_wsm6r.o -c -O2 -ftree-vectorize -funroll-loops -w -ffree-form -ffree-line-length-none -fconvert=big-endian -frecord-marker=4 -fallow-argument-mismatch -fallow-invalid-boz   -I../dyn_em  -I/home/hnavarro/Desktop/WRF/BUILD_WRF/WRF/external/esmf_time_f90  -I/home/hnavarro/Desktop/WRF/BUILD_WRF/WRF/main -I/home/hnavarro/Desktop/WRF/BUILD_WRF/WRF/external/io_netcdf -I/home/hnavarro/Desktop/WRF/BUILD_WRF/WRF/external/io_int -I/home/hnavarro/Desktop/WRF/BUILD_WRF/WRF/frame -I/home/hnavarro/Desktop/WRF/BUILD_WRF/WRF/share -I/home/hnavarro/Desktop/WRF/BUILD_WRF/WRF/phys -I/home/hnavarro/Desktop/WRF/BUILD_WRF/WRF/wrftladj -I/home/hnavarro/Desktop/WRF/BUILD_WRF/WRF/chem -I/home/hnavarro/Desktop/WRF/BUILD_WRF/WRF/inc -I/home/hnavarro/Desktop/WRF/Install-WRF-Chem/LIBRARIES/netcdf/include    module_mp_wsm6r.f90
1.35user 0.12system 0:01.49elapsed 99%CPU (0avgtext+0avgdata 72792maxresident)k
0inputs+864outputs (0major+19828minor)pagefaults 0swaps
rm -f module_mp_wsm7.o
sed -e "s/^\!.*'.*//" -e "s/^ *\!.*'.*//" module_mp_wsm7.F > module_mp_wsm7.G
/lib/cpp -P -nostdinc -I/home/hnavarro/Desktop/WRF/BUILD_WRF/WRF/inc -DEM_CORE=1 -DNMM_CORE=0 -DNMM_MAX_DIM=2600 -DDA_CORE=0 -DWRFPLUS=0 -DIWORDSIZE=4 -DDWORDSIZE=8 -DRWORDSIZE=4 -DLWORDSIZE=4 -DNONSTANDARD_SYSTEM_SUBR  -DWRF_USE_CLM  -DDM_PARALLEL -DNETCDF -DLANDREAD_STUB=1 -DUSE_ALLOCATABLES -Dwrfmodel -DGRIB1 -DINTIO -DKEEP_INT_AROUND -DLIMIT_ARGS -DBUILD_RRTMG_FAST=0 -DBUILD_RRTMK=0 -DBUILD_SBM_FAST=1 -DSHOW_ALL_VARS_USED=0 -DCONFIG_BUF_LEN=65536 -DMAX_DOMAINS_F=21 -DMAX_HISTORY=25 -DNMM_NEST=0 -DWRF_CHEM -DBUILD_CHEM=1 -I. -traditional-cpp   module_mp_wsm7.G  > module_mp_wsm7.bb
/home/hnavarro/Desktop/WRF/BUILD_WRF/WRF/tools/standard.exe module_mp_wsm7.bb | /lib/cpp -P -nostdinc -traditional-cpp > module_mp_wsm7.f90
rm -f module_mp_wsm7.G module_mp_wsm7.bb
time mpif90 -f90=gfortran -o module_mp_wsm7.o -c -O2 -ftree-vectorize -funroll-loops -w -ffree-form -ffree-line-length-none -fconvert=big-endian -frecord-marker=4 -fallow-argument-mismatch -fallow-invalid-boz   -I../dyn_em  -I/home/hnavarro/Desktop/WRF/BUILD_WRF/WRF/external/esmf_time_f90  -I/home/hnavarro/Desktop/WRF/BUILD_WRF/WRF/main -I/home/hnavarro/Desktop/WRF/BUILD_WRF/WRF/external/io_netcdf -I/home/hnavarro/Desktop/WRF/BUILD_WRF/WRF/external/io_int -I/home/hnavarro/Desktop/WRF/BUILD_WRF/WRF/frame -I/home/hnavarro/Desktop/WRF/BUILD_WRF/WRF/share -I/home/hnavarro/Desktop/WRF/BUILD_WRF/WRF/phys -I/home/hnavarro/Desktop/WRF/BUILD_WRF/WRF/wrftladj -I/home/hnavarro/Desktop/WRF/BUILD_WRF/WRF/chem -I/home/hnavarro/Desktop/WRF/BUILD_WRF/WRF/inc -I/home/hnavarro/Desktop/WRF/Install-WRF-Chem/LIBRARIES/netcdf/include    module_mp_wsm7.f90
3.41user 0.24system 0:03.67elapsed 99%CPU (0avgtext+0avgdata 276204maxresident)k
0inputs+1640outputs (0major+74086minor)pagefaults 0swaps
rm -f module_mp_fer_hires.o
sed -e "s/^\!.*'.*//" -e "s/^ *\!.*'.*//" module_mp_fer_hires.F > module_mp_fer_hires.G
/lib/cpp -P -nostdinc -I/home/hnavarro/Desktop/WRF/BUILD_WRF/WRF/inc -DEM_CORE=1 -DNMM_CORE=0 -DNMM_MAX_DIM=2600 -DDA_CORE=0 -DWRFPLUS=0 -DIWORDSIZE=4 -DDWORDSIZE=8 -DRWORDSIZE=4 -DLWORDSIZE=4 -DNONSTANDARD_SYSTEM_SUBR  -DWRF_USE_CLM  -DDM_PARALLEL -DNETCDF -DLANDREAD_STUB=1 -DUSE_ALLOCATABLES -Dwrfmodel -DGRIB1 -DINTIO -DKEEP_INT_AROUND -DLIMIT_ARGS -DBUILD_RRTMG_FAST=0 -DBUILD_RRTMK=0 -DBUILD_SBM_FAST=1 -DSHOW_ALL_VARS_USED=0 -DCONFIG_BUF_LEN=65536 -DMAX_DOMAINS_F=21 -DMAX_HISTORY=25 -DNMM_NEST=0 -DWRF_CHEM -DBUILD_CHEM=1 -I. -traditional-cpp   module_mp_fer_hires.G  > module_mp_fer_hires.bb
/home/hnavarro/Desktop/WRF/BUILD_WRF/WRF/tools/standard.exe module_mp_fer_hires.bb | /lib/cpp -P -nostdinc -traditional-cpp > module_mp_fer_hires.f90
rm -f module_mp_fer_hires.G module_mp_fer_hires.bb
time mpif90 -f90=gfortran -o module_mp_fer_hires.o -c -O2 -ftree-vectorize -funroll-loops -w -ffree-form -ffree-line-length-none -fconvert=big-endian -frecord-marker=4 -fallow-argument-mismatch -fallow-invalid-boz   -I../dyn_em  -I/home/hnavarro/Desktop/WRF/BUILD_WRF/WRF/external/esmf_time_f90  -I/home/hnavarro/Desktop/WRF/BUILD_WRF/WRF/main -I/home/hnavarro/Desktop/WRF/BUILD_WRF/WRF/external/io_netcdf -I/home/hnavarro/Desktop/WRF/BUILD_WRF/WRF/external/io_int -I/home/hnavarro/Desktop/WRF/BUILD_WRF/WRF/frame -I/home/hnavarro/Desktop/WRF/BUILD_WRF/WRF/share -I/home/hnavarro/Desktop/WRF/BUILD_WRF/WRF/phys -I/home/hnavarro/Desktop/WRF/BUILD_WRF/WRF/wrftladj -I/home/hnavarro/Desktop/WRF/BUILD_WRF/WRF/chem -I/home/hnavarro/Desktop/WRF/BUILD_WRF/WRF/inc -I/home/hnavarro/Desktop/WRF/Install-WRF-Chem/LIBRARIES/netcdf/include    module_mp_fer_hires.f90
1.41user 0.11system 0:01.53elapsed 99%CPU (0avgtext+0avgdata 66860maxresident)k
0inputs+840outputs (0major+18473minor)pagefaults 0swaps
rm -f module_fire_emis.o
sed -e "s/^\!.*'.*//" -e "s/^ *\!.*'.*//" module_fire_emis.F > module_fire_emis.G
/lib/cpp -P -nostdinc -I/home/hnavarro/Desktop/WRF/BUILD_WRF/WRF/inc -DEM_CORE=1 -DNMM_CORE=0 -DNMM_MAX_DIM=2600 -DDA_CORE=0 -DWRFPLUS=0 -DIWORDSIZE=4 -DDWORDSIZE=8 -DRWORDSIZE=4 -DLWORDSIZE=4 -DNONSTANDARD_SYSTEM_SUBR  -DWRF_USE_CLM  -DDM_PARALLEL -DNETCDF -DLANDREAD_STUB=1 -DUSE_ALLOCATABLES -Dwrfmodel -DGRIB1 -DINTIO -DKEEP_INT_AROUND -DLIMIT_ARGS -DBUILD_RRTMG_FAST=0 -DBUILD_RRTMK=0 -DBUILD_SBM_FAST=1 -DSHOW_ALL_VARS_USED=0 -DCONFIG_BUF_LEN=65536 -DMAX_DOMAINS_F=21 -DMAX_HISTORY=25 -DNMM_NEST=0 -DWRF_CHEM -DBUILD_CHEM=1 -I. -traditional-cpp   module_fire_emis.G  > module_fire_emis.bb
/home/hnavarro/Desktop/WRF/BUILD_WRF/WRF/tools/standard.exe module_fire_emis.bb | /lib/cpp -P -nostdinc -traditional-cpp > module_fire_emis.f90
rm -f module_fire_emis.G module_fire_emis.bb
time mpif90 -f90=gfortran -o module_fire_emis.o -c -O2 -ftree-vectorize -funroll-loops -w -ffree-form -ffree-line-length-none -fconvert=big-endian -frecord-marker=4 -fallow-argument-mismatch -fallow-invalid-boz   -I../dyn_em  -I/home/hnavarro/Desktop/WRF/BUILD_WRF/WRF/external/esmf_time_f90  -I/home/hnavarro/Desktop/WRF/BUILD_WRF/WRF/main -I/home/hnavarro/Desktop/WRF/BUILD_WRF/WRF/external/io_netcdf -I/home/hnavarro/Desktop/WRF/BUILD_WRF/WRF/external/io_int -I/home/hnavarro/Desktop/WRF/BUILD_WRF/WRF/frame -I/home/hnavarro/Desktop/WRF/BUILD_WRF/WRF/share -I/home/hnavarro/Desktop/WRF/BUILD_WRF/WRF/phys -I/home/hnavarro/Desktop/WRF/BUILD_WRF/WRF/wrftladj -I/home/hnavarro/Desktop/WRF/BUILD_WRF/WRF/chem -I/home/hnavarro/Desktop/WRF/BUILD_WRF/WRF/inc -I/home/hnavarro/Desktop/WRF/Install-WRF-Chem/LIBRARIES/netcdf/include    module_fire_emis.f90
0.08user 0.06system 0:00.14elapsed 100%CPU (0avgtext+0avgdata 29740maxresident)k
0inputs+56outputs (0major+8650minor)pagefaults 0swaps
rm -f module_mp_SBM_polar_radar.o
sed -e "s/^\!.*'.*//" -e "s/^ *\!.*'.*//" module_mp_SBM_polar_radar.F > module_mp_SBM_polar_radar.G
/lib/cpp -P -nostdinc -I/home/hnavarro/Desktop/WRF/BUILD_WRF/WRF/inc -DEM_CORE=1 -DNMM_CORE=0 -DNMM_MAX_DIM=2600 -DDA_CORE=0 -DWRFPLUS=0 -DIWORDSIZE=4 -DDWORDSIZE=8 -DRWORDSIZE=4 -DLWORDSIZE=4 -DNONSTANDARD_SYSTEM_SUBR  -DWRF_USE_CLM  -DDM_PARALLEL -DNETCDF -DLANDREAD_STUB=1 -DUSE_ALLOCATABLES -Dwrfmodel -DGRIB1 -DINTIO -DKEEP_INT_AROUND -DLIMIT_ARGS -DBUILD_RRTMG_FAST=0 -DBUILD_RRTMK=0 -DBUILD_SBM_FAST=1 -DSHOW_ALL_VARS_USED=0 -DCONFIG_BUF_LEN=65536 -DMAX_DOMAINS_F=21 -DMAX_HISTORY=25 -DNMM_NEST=0 -DWRF_CHEM -DBUILD_CHEM=1 -I. -traditional-cpp   module_mp_SBM_polar_radar.G  > module_mp_SBM_polar_radar.bb
/home/hnavarro/Desktop/WRF/BUILD_WRF/WRF/tools/standard.exe module_mp_SBM_polar_radar.bb | /lib/cpp -P -nostdinc -traditional-cpp > module_mp_SBM_polar_radar.f90
rm -f module_mp_SBM_polar_radar.G module_mp_SBM_polar_radar.bb
time mpif90 -f90=gfortran -o module_mp_SBM_polar_radar.o -c -O2 -ftree-vectorize -funroll-loops -w -ffree-form -ffree-line-length-none -fconvert=big-endian -frecord-marker=4 -fallow-argument-mismatch -fallow-invalid-boz   -I../dyn_em  -I/home/hnavarro/Desktop/WRF/BUILD_WRF/WRF/external/esmf_time_f90  -I/home/hnavarro/Desktop/WRF/BUILD_WRF/WRF/main -I/home/hnavarro/Desktop/WRF/BUILD_WRF/WRF/external/io_netcdf -I/home/hnavarro/Desktop/WRF/BUILD_WRF/WRF/external/io_int -I/home/hnavarro/Desktop/WRF/BUILD_WRF/WRF/frame -I/home/hnavarro/Desktop/WRF/BUILD_WRF/WRF/share -I/home/hnavarro/Desktop/WRF/BUILD_WRF/WRF/phys -I/home/hnavarro/Desktop/WRF/BUILD_WRF/WRF/wrftladj -I/home/hnavarro/Desktop/WRF/BUILD_WRF/WRF/chem -I/home/hnavarro/Desktop/WRF/BUILD_WRF/WRF/inc -I/home/hnavarro/Desktop/WRF/Install-WRF-Chem/LIBRARIES/netcdf/include    module_mp_SBM_polar_radar.f90
1.71user 0.12system 0:01.85elapsed 99%CPU (0avgtext+0avgdata 88416maxresident)k
0inputs+1008outputs (0major+25752minor)pagefaults 0swaps
rm -f module_mp_full_sbm.o
sed -e "s/^\!.*'.*//" -e "s/^ *\!.*'.*//" module_mp_full_sbm.F > module_mp_full_sbm.G
/lib/cpp -P -nostdinc -I/home/hnavarro/Desktop/WRF/BUILD_WRF/WRF/inc -DEM_CORE=1 -DNMM_CORE=0 -DNMM_MAX_DIM=2600 -DDA_CORE=0 -DWRFPLUS=0 -DIWORDSIZE=4 -DDWORDSIZE=8 -DRWORDSIZE=4 -DLWORDSIZE=4 -DNONSTANDARD_SYSTEM_SUBR  -DWRF_USE_CLM  -DDM_PARALLEL -DNETCDF -DLANDREAD_STUB=1 -DUSE_ALLOCATABLES -Dwrfmodel -DGRIB1 -DINTIO -DKEEP_INT_AROUND -DLIMIT_ARGS -DBUILD_RRTMG_FAST=0 -DBUILD_RRTMK=0 -DBUILD_SBM_FAST=1 -DSHOW_ALL_VARS_USED=0 -DCONFIG_BUF_LEN=65536 -DMAX_DOMAINS_F=21 -DMAX_HISTORY=25 -DNMM_NEST=0 -DWRF_CHEM -DBUILD_CHEM=1 -I. -traditional-cpp   module_mp_full_sbm.G  > module_mp_full_sbm.bb
/home/hnavarro/Desktop/WRF/BUILD_WRF/WRF/tools/standard.exe module_mp_full_sbm.bb | /lib/cpp -P -nostdinc -traditional-cpp > module_mp_full_sbm.f90
rm -f module_mp_full_sbm.G module_mp_full_sbm.bb
time mpif90 -f90=gfortran -o module_mp_full_sbm.o -c -O2 -ftree-vectorize -funroll-loops -w -ffree-form -ffree-line-length-none -fconvert=big-endian -frecord-marker=4 -fallow-argument-mismatch -fallow-invalid-boz   -I../dyn_em  -I/home/hnavarro/Desktop/WRF/BUILD_WRF/WRF/external/esmf_time_f90  -I/home/hnavarro/Desktop/WRF/BUILD_WRF/WRF/main -I/home/hnavarro/Desktop/WRF/BUILD_WRF/WRF/external/io_netcdf -I/home/hnavarro/Desktop/WRF/BUILD_WRF/WRF/external/io_int -I/home/hnavarro/Desktop/WRF/BUILD_WRF/WRF/frame -I/home/hnavarro/Desktop/WRF/BUILD_WRF/WRF/share -I/home/hnavarro/Desktop/WRF/BUILD_WRF/WRF/phys -I/home/hnavarro/Desktop/WRF/BUILD_WRF/WRF/wrftladj -I/home/hnavarro/Desktop/WRF/BUILD_WRF/WRF/chem -I/home/hnavarro/Desktop/WRF/BUILD_WRF/WRF/inc -I/home/hnavarro/Desktop/WRF/Install-WRF-Chem/LIBRARIES/netcdf/include    module_mp_full_sbm.f90
7.34user 0.33system 0:07.69elapsed 99%CPU (0avgtext+0avgdata 742028maxresident)k
0inputs+4400outputs (0major+194762minor)pagefaults 0swaps
rm -f module_mp_fast_sbm.o
sed -e "s/^\!.*'.*//" -e "s/^ *\!.*'.*//" module_mp_fast_sbm.F > module_mp_fast_sbm.G
/lib/cpp -P -nostdinc -I/home/hnavarro/Desktop/WRF/BUILD_WRF/WRF/inc -DEM_CORE=1 -DNMM_CORE=0 -DNMM_MAX_DIM=2600 -DDA_CORE=0 -DWRFPLUS=0 -DIWORDSIZE=4 -DDWORDSIZE=8 -DRWORDSIZE=4 -DLWORDSIZE=4 -DNONSTANDARD_SYSTEM_SUBR  -DWRF_USE_CLM  -DDM_PARALLEL -DNETCDF -DLANDREAD_STUB=1 -DUSE_ALLOCATABLES -Dwrfmodel -DGRIB1 -DINTIO -DKEEP_INT_AROUND -DLIMIT_ARGS -DBUILD_RRTMG_FAST=0 -DBUILD_RRTMK=0 -DBUILD_SBM_FAST=1 -DSHOW_ALL_VARS_USED=0 -DCONFIG_BUF_LEN=65536 -DMAX_DOMAINS_F=21 -DMAX_HISTORY=25 -DNMM_NEST=0 -DWRF_CHEM -DBUILD_CHEM=1 -I. -traditional-cpp   module_mp_fast_sbm.G  > module_mp_fast_sbm.bb
/home/hnavarro/Desktop/WRF/BUILD_WRF/WRF/tools/standard.exe module_mp_fast_sbm.bb | /lib/cpp -P -nostdinc -traditional-cpp > module_mp_fast_sbm.f90
rm -f module_mp_fast_sbm.G module_mp_fast_sbm.bb
time mpif90 -f90=gfortran -o module_mp_fast_sbm.o -c -O2 -ftree-vectorize -funroll-loops -w -ffree-form -ffree-line-length-none -fconvert=big-endian -frecord-marker=4 -fallow-argument-mismatch -fallow-invalid-boz   -I../dyn_em  -I/home/hnavarro/Desktop/WRF/BUILD_WRF/WRF/external/esmf_time_f90  -I/home/hnavarro/Desktop/WRF/BUILD_WRF/WRF/main -I/home/hnavarro/Desktop/WRF/BUILD_WRF/WRF/external/io_netcdf -I/home/hnavarro/Desktop/WRF/BUILD_WRF/WRF/external/io_int -I/home/hnavarro/Desktop/WRF/BUILD_WRF/WRF/frame -I/home/hnavarro/Desktop/WRF/BUILD_WRF/WRF/share -I/home/hnavarro/Desktop/WRF/BUILD_WRF/WRF/phys -I/home/hnavarro/Desktop/WRF/BUILD_WRF/WRF/wrftladj -I/home/hnavarro/Desktop/WRF/BUILD_WRF/WRF/chem -I/home/hnavarro/Desktop/WRF/BUILD_WRF/WRF/inc -I/home/hnavarro/Desktop/WRF/Install-WRF-Chem/LIBRARIES/netcdf/include    module_mp_fast_sbm.f90
32.70user 0.45system 0:33.27elapsed 99%CPU (0avgtext+0avgdata 391576maxresident)k
0inputs+4112outputs (0major+142523minor)pagefaults 0swaps
rm -f module_ltng_lpi.o
sed -e "s/^\!.*'.*//" -e "s/^ *\!.*'.*//" module_ltng_lpi.F > module_ltng_lpi.G
/lib/cpp -P -nostdinc -I/home/hnavarro/Desktop/WRF/BUILD_WRF/WRF/inc -DEM_CORE=1 -DNMM_CORE=0 -DNMM_MAX_DIM=2600 -DDA_CORE=0 -DWRFPLUS=0 -DIWORDSIZE=4 -DDWORDSIZE=8 -DRWORDSIZE=4 -DLWORDSIZE=4 -DNONSTANDARD_SYSTEM_SUBR  -DWRF_USE_CLM  -DDM_PARALLEL -DNETCDF -DLANDREAD_STUB=1 -DUSE_ALLOCATABLES -Dwrfmodel -DGRIB1 -DINTIO -DKEEP_INT_AROUND -DLIMIT_ARGS -DBUILD_RRTMG_FAST=0 -DBUILD_RRTMK=0 -DBUILD_SBM_FAST=1 -DSHOW_ALL_VARS_USED=0 -DCONFIG_BUF_LEN=65536 -DMAX_DOMAINS_F=21 -DMAX_HISTORY=25 -DNMM_NEST=0 -DWRF_CHEM -DBUILD_CHEM=1 -I. -traditional-cpp   module_ltng_lpi.G  > module_ltng_lpi.bb
/home/hnavarro/Desktop/WRF/BUILD_WRF/WRF/tools/standard.exe module_ltng_lpi.bb | /lib/cpp -P -nostdinc -traditional-cpp > module_ltng_lpi.f90
rm -f module_ltng_lpi.G module_ltng_lpi.bb
time mpif90 -f90=gfortran -o module_ltng_lpi.o -c -O2 -ftree-vectorize -funroll-loops -w -ffree-form -ffree-line-length-none -fconvert=big-endian -frecord-marker=4 -fallow-argument-mismatch -fallow-invalid-boz   -I../dyn_em  -I/home/hnavarro/Desktop/WRF/BUILD_WRF/WRF/external/esmf_time_f90  -I/home/hnavarro/Desktop/WRF/BUILD_WRF/WRF/main -I/home/hnavarro/Desktop/WRF/BUILD_WRF/WRF/external/io_netcdf -I/home/hnavarro/Desktop/WRF/BUILD_WRF/WRF/external/io_int -I/home/hnavarro/Desktop/WRF/BUILD_WRF/WRF/frame -I/home/hnavarro/Desktop/WRF/BUILD_WRF/WRF/share -I/home/hnavarro/Desktop/WRF/BUILD_WRF/WRF/phys -I/home/hnavarro/Desktop/WRF/BUILD_WRF/WRF/wrftladj -I/home/hnavarro/Desktop/WRF/BUILD_WRF/WRF/chem -I/home/hnavarro/Desktop/WRF/BUILD_WRF/WRF/inc -I/home/hnavarro/Desktop/WRF/Install-WRF-Chem/LIBRARIES/netcdf/include    module_ltng_lpi.f90
0.13user 0.07system 0:00.20elapsed 99%CPU (0avgtext+0avgdata 33144maxresident)k
0inputs+88outputs (0major+9282minor)pagefaults 0swaps
rm -f module_mp_gsfcgce.o
sed -e "s/^\!.*'.*//" -e "s/^ *\!.*'.*//" module_mp_gsfcgce.F > module_mp_gsfcgce.G
/lib/cpp -P -nostdinc -I/home/hnavarro/Desktop/WRF/BUILD_WRF/WRF/inc -DEM_CORE=1 -DNMM_CORE=0 -DNMM_MAX_DIM=2600 -DDA_CORE=0 -DWRFPLUS=0 -DIWORDSIZE=4 -DDWORDSIZE=8 -DRWORDSIZE=4 -DLWORDSIZE=4 -DNONSTANDARD_SYSTEM_SUBR  -DWRF_USE_CLM  -DDM_PARALLEL -DNETCDF -DLANDREAD_STUB=1 -DUSE_ALLOCATABLES -Dwrfmodel -DGRIB1 -DINTIO -DKEEP_INT_AROUND -DLIMIT_ARGS -DBUILD_RRTMG_FAST=0 -DBUILD_RRTMK=0 -DBUILD_SBM_FAST=1 -DSHOW_ALL_VARS_USED=0 -DCONFIG_BUF_LEN=65536 -DMAX_DOMAINS_F=21 -DMAX_HISTORY=25 -DNMM_NEST=0 -DWRF_CHEM -DBUILD_CHEM=1 -I. -traditional-cpp   module_mp_gsfcgce.G  > module_mp_gsfcgce.bb
/home/hnavarro/Desktop/WRF/BUILD_WRF/WRF/tools/standard.exe module_mp_gsfcgce.bb | /lib/cpp -P -nostdinc -traditional-cpp > module_mp_gsfcgce.f90
rm -f module_mp_gsfcgce.G module_mp_gsfcgce.bb
time mpif90 -f90=gfortran -o module_mp_gsfcgce.o -c -O2 -ftree-vectorize -funroll-loops -w -ffree-form -ffree-line-length-none -fconvert=big-endian -frecord-marker=4 -fallow-argument-mismatch -fallow-invalid-boz   -I../dyn_em  -I/home/hnavarro/Desktop/WRF/BUILD_WRF/WRF/external/esmf_time_f90  -I/home/hnavarro/Desktop/WRF/BUILD_WRF/WRF/main -I/home/hnavarro/Desktop/WRF/BUILD_WRF/WRF/external/io_netcdf -I/home/hnavarro/Desktop/WRF/BUILD_WRF/WRF/external/io_int -I/home/hnavarro/Desktop/WRF/BUILD_WRF/WRF/frame -I/home/hnavarro/Desktop/WRF/BUILD_WRF/WRF/share -I/home/hnavarro/Desktop/WRF/BUILD_WRF/WRF/phys -I/home/hnavarro/Desktop/WRF/BUILD_WRF/WRF/wrftladj -I/home/hnavarro/Desktop/WRF/BUILD_WRF/WRF/chem -I/home/hnavarro/Desktop/WRF/BUILD_WRF/WRF/inc -I/home/hnavarro/Desktop/WRF/Install-WRF-Chem/LIBRARIES/netcdf/include    module_mp_gsfcgce.f90
1.77user 0.09system 0:01.86elapsed 99%CPU (0avgtext+0avgdata 81948maxresident)k
0inputs+864outputs (0major+24067minor)pagefaults 0swaps
rm -f module_mp_gsfcgce_4ice_nuwrf.o
sed -e "s/^\!.*'.*//" -e "s/^ *\!.*'.*//" module_mp_gsfcgce_4ice_nuwrf.F > module_mp_gsfcgce_4ice_nuwrf.G
/lib/cpp -P -nostdinc -I/home/hnavarro/Desktop/WRF/BUILD_WRF/WRF/inc -DEM_CORE=1 -DNMM_CORE=0 -DNMM_MAX_DIM=2600 -DDA_CORE=0 -DWRFPLUS=0 -DIWORDSIZE=4 -DDWORDSIZE=8 -DRWORDSIZE=4 -DLWORDSIZE=4 -DNONSTANDARD_SYSTEM_SUBR  -DWRF_USE_CLM  -DDM_PARALLEL -DNETCDF -DLANDREAD_STUB=1 -DUSE_ALLOCATABLES -Dwrfmodel -DGRIB1 -DINTIO -DKEEP_INT_AROUND -DLIMIT_ARGS -DBUILD_RRTMG_FAST=0 -DBUILD_RRTMK=0 -DBUILD_SBM_FAST=1 -DSHOW_ALL_VARS_USED=0 -DCONFIG_BUF_LEN=65536 -DMAX_DOMAINS_F=21 -DMAX_HISTORY=25 -DNMM_NEST=0 -DWRF_CHEM -DBUILD_CHEM=1 -I. -traditional-cpp   module_mp_gsfcgce_4ice_nuwrf.G  > module_mp_gsfcgce_4ice_nuwrf.bb
/home/hnavarro/Desktop/WRF/BUILD_WRF/WRF/tools/standard.exe module_mp_gsfcgce_4ice_nuwrf.bb | /lib/cpp -P -nostdinc -traditional-cpp > module_mp_gsfcgce_4ice_nuwrf.f90
rm -f module_mp_gsfcgce_4ice_nuwrf.G module_mp_gsfcgce_4ice_nuwrf.bb
time mpif90 -f90=gfortran -o module_mp_gsfcgce_4ice_nuwrf.o -c -O2 -ftree-vectorize -funroll-loops -w -ffree-form -ffree-line-length-none -fconvert=big-endian -frecord-marker=4 -fallow-argument-mismatch -fallow-invalid-boz   -I../dyn_em  -I/home/hnavarro/Desktop/WRF/BUILD_WRF/WRF/external/esmf_time_f90  -I/home/hnavarro/Desktop/WRF/BUILD_WRF/WRF/main -I/home/hnavarro/Desktop/WRF/BUILD_WRF/WRF/external/io_netcdf -I/home/hnavarro/Desktop/WRF/BUILD_WRF/WRF/external/io_int -I/home/hnavarro/Desktop/WRF/BUILD_WRF/WRF/frame -I/home/hnavarro/Desktop/WRF/BUILD_WRF/WRF/share -I/home/hnavarro/Desktop/WRF/BUILD_WRF/WRF/phys -I/home/hnavarro/Desktop/WRF/BUILD_WRF/WRF/wrftladj -I/home/hnavarro/Desktop/WRF/BUILD_WRF/WRF/chem -I/home/hnavarro/Desktop/WRF/BUILD_WRF/WRF/inc -I/home/hnavarro/Desktop/WRF/Install-WRF-Chem/LIBRARIES/netcdf/include    module_mp_gsfcgce_4ice_nuwrf.f90
2.46user 0.12system 0:02.59elapsed 99%CPU (0avgtext+0avgdata 109604maxresident)k
0inputs+1200outputs (0major+32326minor)pagefaults 0swaps
rm -f module_mp_morr_two_moment.o
sed -e "s/^\!.*'.*//" -e "s/^ *\!.*'.*//" module_mp_morr_two_moment.F > module_mp_morr_two_moment.G
/lib/cpp -P -nostdinc -I/home/hnavarro/Desktop/WRF/BUILD_WRF/WRF/inc -DEM_CORE=1 -DNMM_CORE=0 -DNMM_MAX_DIM=2600 -DDA_CORE=0 -DWRFPLUS=0 -DIWORDSIZE=4 -DDWORDSIZE=8 -DRWORDSIZE=4 -DLWORDSIZE=4 -DNONSTANDARD_SYSTEM_SUBR  -DWRF_USE_CLM  -DDM_PARALLEL -DNETCDF -DLANDREAD_STUB=1 -DUSE_ALLOCATABLES -Dwrfmodel -DGRIB1 -DINTIO -DKEEP_INT_AROUND -DLIMIT_ARGS -DBUILD_RRTMG_FAST=0 -DBUILD_RRTMK=0 -DBUILD_SBM_FAST=1 -DSHOW_ALL_VARS_USED=0 -DCONFIG_BUF_LEN=65536 -DMAX_DOMAINS_F=21 -DMAX_HISTORY=25 -DNMM_NEST=0 -DWRF_CHEM -DBUILD_CHEM=1 -I. -traditional-cpp   module_mp_morr_two_moment.G  > module_mp_morr_two_moment.bb
/home/hnavarro/Desktop/WRF/BUILD_WRF/WRF/tools/standard.exe module_mp_morr_two_moment.bb | /lib/cpp -P -nostdinc -traditional-cpp > module_mp_morr_two_moment.f90
rm -f module_mp_morr_two_moment.G module_mp_morr_two_moment.bb
time mpif90 -f90=gfortran -o module_mp_morr_two_moment.o -c -O2 -ftree-vectorize -funroll-loops -w -ffree-form -ffree-line-length-none -fconvert=big-endian -frecord-marker=4 -fallow-argument-mismatch -fallow-invalid-boz   -I../dyn_em  -I/home/hnavarro/Desktop/WRF/BUILD_WRF/WRF/external/esmf_time_f90  -I/home/hnavarro/Desktop/WRF/BUILD_WRF/WRF/main -I/home/hnavarro/Desktop/WRF/BUILD_WRF/WRF/external/io_netcdf -I/home/hnavarro/Desktop/WRF/BUILD_WRF/WRF/external/io_int -I/home/hnavarro/Desktop/WRF/BUILD_WRF/WRF/frame -I/home/hnavarro/Desktop/WRF/BUILD_WRF/WRF/share -I/home/hnavarro/Desktop/WRF/BUILD_WRF/WRF/phys -I/home/hnavarro/Desktop/WRF/BUILD_WRF/WRF/wrftladj -I/home/hnavarro/Desktop/WRF/BUILD_WRF/WRF/chem -I/home/hnavarro/Desktop/WRF/BUILD_WRF/WRF/inc -I/home/hnavarro/Desktop/WRF/Install-WRF-Chem/LIBRARIES/netcdf/include    module_mp_morr_two_moment.f90
2.29user 0.10system 0:02.40elapsed 99%CPU (0avgtext+0avgdata 115724maxresident)k
0inputs+904outputs (1major+33035minor)pagefaults 0swaps
rm -f module_mp_p3.o
sed -e "s/^\!.*'.*//" -e "s/^ *\!.*'.*//" module_mp_p3.F > module_mp_p3.G
/lib/cpp -P -nostdinc -I/home/hnavarro/Desktop/WRF/BUILD_WRF/WRF/inc -DEM_CORE=1 -DNMM_CORE=0 -DNMM_MAX_DIM=2600 -DDA_CORE=0 -DWRFPLUS=0 -DIWORDSIZE=4 -DDWORDSIZE=8 -DRWORDSIZE=4 -DLWORDSIZE=4 -DNONSTANDARD_SYSTEM_SUBR  -DWRF_USE_CLM  -DDM_PARALLEL -DNETCDF -DLANDREAD_STUB=1 -DUSE_ALLOCATABLES -Dwrfmodel -DGRIB1 -DINTIO -DKEEP_INT_AROUND -DLIMIT_ARGS -DBUILD_RRTMG_FAST=0 -DBUILD_RRTMK=0 -DBUILD_SBM_FAST=1 -DSHOW_ALL_VARS_USED=0 -DCONFIG_BUF_LEN=65536 -DMAX_DOMAINS_F=21 -DMAX_HISTORY=25 -DNMM_NEST=0 -DWRF_CHEM -DBUILD_CHEM=1 -I. -traditional-cpp   module_mp_p3.G  > module_mp_p3.bb
/home/hnavarro/Desktop/WRF/BUILD_WRF/WRF/tools/standard.exe module_mp_p3.bb | /lib/cpp -P -nostdinc -traditional-cpp > module_mp_p3.f90
rm -f module_mp_p3.G module_mp_p3.bb
time mpif90 -f90=gfortran -o module_mp_p3.o -c -O2 -ftree-vectorize -funroll-loops -w -ffree-form -ffree-line-length-none -fconvert=big-endian -frecord-marker=4 -fallow-argument-mismatch -fallow-invalid-boz   -I../dyn_em  -I/home/hnavarro/Desktop/WRF/BUILD_WRF/WRF/external/esmf_time_f90  -I/home/hnavarro/Desktop/WRF/BUILD_WRF/WRF/main -I/home/hnavarro/Desktop/WRF/BUILD_WRF/WRF/external/io_netcdf -I/home/hnavarro/Desktop/WRF/BUILD_WRF/WRF/external/io_int -I/home/hnavarro/Desktop/WRF/BUILD_WRF/WRF/frame -I/home/hnavarro/Desktop/WRF/BUILD_WRF/WRF/share -I/home/hnavarro/Desktop/WRF/BUILD_WRF/WRF/phys -I/home/hnavarro/Desktop/WRF/BUILD_WRF/WRF/wrftladj -I/home/hnavarro/Desktop/WRF/BUILD_WRF/WRF/chem -I/home/hnavarro/Desktop/WRF/BUILD_WRF/WRF/inc -I/home/hnavarro/Desktop/WRF/Install-WRF-Chem/LIBRARIES/netcdf/include    module_mp_p3.f90
14.34user 0.52system 0:14.91elapsed 99%CPU (0avgtext+0avgdata 982732maxresident)k
0inputs+5416outputs (0major+254643minor)pagefaults 0swaps
rm -f module_mp_jensen_ishmael.o
sed -e "s/^\!.*'.*//" -e "s/^ *\!.*'.*//" module_mp_jensen_ishmael.F > module_mp_jensen_ishmael.G
/lib/cpp -P -nostdinc -I/home/hnavarro/Desktop/WRF/BUILD_WRF/WRF/inc -DEM_CORE=1 -DNMM_CORE=0 -DNMM_MAX_DIM=2600 -DDA_CORE=0 -DWRFPLUS=0 -DIWORDSIZE=4 -DDWORDSIZE=8 -DRWORDSIZE=4 -DLWORDSIZE=4 -DNONSTANDARD_SYSTEM_SUBR  -DWRF_USE_CLM  -DDM_PARALLEL -DNETCDF -DLANDREAD_STUB=1 -DUSE_ALLOCATABLES -Dwrfmodel -DGRIB1 -DINTIO -DKEEP_INT_AROUND -DLIMIT_ARGS -DBUILD_RRTMG_FAST=0 -DBUILD_RRTMK=0 -DBUILD_SBM_FAST=1 -DSHOW_ALL_VARS_USED=0 -DCONFIG_BUF_LEN=65536 -DMAX_DOMAINS_F=21 -DMAX_HISTORY=25 -DNMM_NEST=0 -DWRF_CHEM -DBUILD_CHEM=1 -I. -traditional-cpp   module_mp_jensen_ishmael.G  > module_mp_jensen_ishmael.bb
/home/hnavarro/Desktop/WRF/BUILD_WRF/WRF/tools/standard.exe module_mp_jensen_ishmael.bb | /lib/cpp -P -nostdinc -traditional-cpp > module_mp_jensen_ishmael.f90
rm -f module_mp_jensen_ishmael.G module_mp_jensen_ishmael.bb
time mpif90 -f90=gfortran -o module_mp_jensen_ishmael.o -c -O2 -ftree-vectorize -funroll-loops -w -ffree-form -ffree-line-length-none -fconvert=big-endian -frecord-marker=4 -fallow-argument-mismatch -fallow-invalid-boz   -I../dyn_em  -I/home/hnavarro/Desktop/WRF/BUILD_WRF/WRF/external/esmf_time_f90  -I/home/hnavarro/Desktop/WRF/BUILD_WRF/WRF/main -I/home/hnavarro/Desktop/WRF/BUILD_WRF/WRF/external/io_netcdf -I/home/hnavarro/Desktop/WRF/BUILD_WRF/WRF/external/io_int -I/home/hnavarro/Desktop/WRF/BUILD_WRF/WRF/frame -I/home/hnavarro/Desktop/WRF/BUILD_WRF/WRF/share -I/home/hnavarro/Desktop/WRF/BUILD_WRF/WRF/phys -I/home/hnavarro/Desktop/WRF/BUILD_WRF/WRF/wrftladj -I/home/hnavarro/Desktop/WRF/BUILD_WRF/WRF/chem -I/home/hnavarro/Desktop/WRF/BUILD_WRF/WRF/inc -I/home/hnavarro/Desktop/WRF/Install-WRF-Chem/LIBRARIES/netcdf/include    module_mp_jensen_ishmael.f90
3.41user 0.17system 0:03.59elapsed 99%CPU (0avgtext+0avgdata 203932maxresident)k
0inputs+1512outputs (0major+59077minor)pagefaults 0swaps
rm -f module_mp_morr_two_moment_aero.o
sed -e "s/^\!.*'.*//" -e "s/^ *\!.*'.*//" module_mp_morr_two_moment_aero.F > module_mp_morr_two_moment_aero.G
/lib/cpp -P -nostdinc -I/home/hnavarro/Desktop/WRF/BUILD_WRF/WRF/inc -DEM_CORE=1 -DNMM_CORE=0 -DNMM_MAX_DIM=2600 -DDA_CORE=0 -DWRFPLUS=0 -DIWORDSIZE=4 -DDWORDSIZE=8 -DRWORDSIZE=4 -DLWORDSIZE=4 -DNONSTANDARD_SYSTEM_SUBR  -DWRF_USE_CLM  -DDM_PARALLEL -DNETCDF -DLANDREAD_STUB=1 -DUSE_ALLOCATABLES -Dwrfmodel -DGRIB1 -DINTIO -DKEEP_INT_AROUND -DLIMIT_ARGS -DBUILD_RRTMG_FAST=0 -DBUILD_RRTMK=0 -DBUILD_SBM_FAST=1 -DSHOW_ALL_VARS_USED=0 -DCONFIG_BUF_LEN=65536 -DMAX_DOMAINS_F=21 -DMAX_HISTORY=25 -DNMM_NEST=0 -DWRF_CHEM -DBUILD_CHEM=1 -I. -traditional-cpp   module_mp_morr_two_moment_aero.G  > module_mp_morr_two_moment_aero.bb
/home/hnavarro/Desktop/WRF/BUILD_WRF/WRF/tools/standard.exe module_mp_morr_two_moment_aero.bb | /lib/cpp -P -nostdinc -traditional-cpp > module_mp_morr_two_moment_aero.f90
rm -f module_mp_morr_two_moment_aero.G module_mp_morr_two_moment_aero.bb
time mpif90 -f90=gfortran -o module_mp_morr_two_moment_aero.o -c -O2 -ftree-vectorize -funroll-loops -w -ffree-form -ffree-line-length-none -fconvert=big-endian -frecord-marker=4 -fallow-argument-mismatch -fallow-invalid-boz   -I../dyn_em  -I/home/hnavarro/Desktop/WRF/BUILD_WRF/WRF/external/esmf_time_f90  -I/home/hnavarro/Desktop/WRF/BUILD_WRF/WRF/main -I/home/hnavarro/Desktop/WRF/BUILD_WRF/WRF/external/io_netcdf -I/home/hnavarro/Desktop/WRF/BUILD_WRF/WRF/external/io_int -I/home/hnavarro/Desktop/WRF/BUILD_WRF/WRF/frame -I/home/hnavarro/Desktop/WRF/BUILD_WRF/WRF/share -I/home/hnavarro/Desktop/WRF/BUILD_WRF/WRF/phys -I/home/hnavarro/Desktop/WRF/BUILD_WRF/WRF/wrftladj -I/home/hnavarro/Desktop/WRF/BUILD_WRF/WRF/chem -I/home/hnavarro/Desktop/WRF/BUILD_WRF/WRF/inc -I/home/hnavarro/Desktop/WRF/Install-WRF-Chem/LIBRARIES/netcdf/include    module_mp_morr_two_moment_aero.f90
4.56user 0.23system 0:04.81elapsed 99%CPU (0avgtext+0avgdata 198340maxresident)k
0inputs+1480outputs (0major+56006minor)pagefaults 0swaps
rm -f module_mp_milbrandt2mom.o
sed -e "s/^\!.*'.*//" -e "s/^ *\!.*'.*//" module_mp_milbrandt2mom.F > module_mp_milbrandt2mom.G
/lib/cpp -P -nostdinc -I/home/hnavarro/Desktop/WRF/BUILD_WRF/WRF/inc -DEM_CORE=1 -DNMM_CORE=0 -DNMM_MAX_DIM=2600 -DDA_CORE=0 -DWRFPLUS=0 -DIWORDSIZE=4 -DDWORDSIZE=8 -DRWORDSIZE=4 -DLWORDSIZE=4 -DNONSTANDARD_SYSTEM_SUBR  -DWRF_USE_CLM  -DDM_PARALLEL -DNETCDF -DLANDREAD_STUB=1 -DUSE_ALLOCATABLES -Dwrfmodel -DGRIB1 -DINTIO -DKEEP_INT_AROUND -DLIMIT_ARGS -DBUILD_RRTMG_FAST=0 -DBUILD_RRTMK=0 -DBUILD_SBM_FAST=1 -DSHOW_ALL_VARS_USED=0 -DCONFIG_BUF_LEN=65536 -DMAX_DOMAINS_F=21 -DMAX_HISTORY=25 -DNMM_NEST=0 -DWRF_CHEM -DBUILD_CHEM=1 -I. -traditional-cpp   module_mp_milbrandt2mom.G  > module_mp_milbrandt2mom.bb
/home/hnavarro/Desktop/WRF/BUILD_WRF/WRF/tools/standard.exe module_mp_milbrandt2mom.bb | /lib/cpp -P -nostdinc -traditional-cpp > module_mp_milbrandt2mom.f90
rm -f module_mp_milbrandt2mom.G module_mp_milbrandt2mom.bb
time mpif90 -f90=gfortran -o module_mp_milbrandt2mom.o -c -O2 -ftree-vectorize -funroll-loops -w -ffree-form -ffree-line-length-none -fconvert=big-endian -frecord-marker=4 -fallow-argument-mismatch -fallow-invalid-boz   -I../dyn_em  -I/home/hnavarro/Desktop/WRF/BUILD_WRF/WRF/external/esmf_time_f90  -I/home/hnavarro/Desktop/WRF/BUILD_WRF/WRF/main -I/home/hnavarro/Desktop/WRF/BUILD_WRF/WRF/external/io_netcdf -I/home/hnavarro/Desktop/WRF/BUILD_WRF/WRF/external/io_int -I/home/hnavarro/Desktop/WRF/BUILD_WRF/WRF/frame -I/home/hnavarro/Desktop/WRF/BUILD_WRF/WRF/share -I/home/hnavarro/Desktop/WRF/BUILD_WRF/WRF/phys -I/home/hnavarro/Desktop/WRF/BUILD_WRF/WRF/wrftladj -I/home/hnavarro/Desktop/WRF/BUILD_WRF/WRF/chem -I/home/hnavarro/Desktop/WRF/BUILD_WRF/WRF/inc -I/home/hnavarro/Desktop/WRF/Install-WRF-Chem/LIBRARIES/netcdf/include    module_mp_milbrandt2mom.f90
18.01user 0.38system 0:18.42elapsed 99%CPU (0avgtext+0avgdata 664576maxresident)k
0inputs+3896outputs (0major+190398minor)pagefaults 0swaps
rm -f module_mp_nssl_2mom.o
sed -e "s/^\!.*'.*//" -e "s/^ *\!.*'.*//" module_mp_nssl_2mom.F > module_mp_nssl_2mom.G
/lib/cpp -P -nostdinc -I/home/hnavarro/Desktop/WRF/BUILD_WRF/WRF/inc -DEM_CORE=1 -DNMM_CORE=0 -DNMM_MAX_DIM=2600 -DDA_CORE=0 -DWRFPLUS=0 -DIWORDSIZE=4 -DDWORDSIZE=8 -DRWORDSIZE=4 -DLWORDSIZE=4 -DNONSTANDARD_SYSTEM_SUBR  -DWRF_USE_CLM  -DDM_PARALLEL -DNETCDF -DLANDREAD_STUB=1 -DUSE_ALLOCATABLES -Dwrfmodel -DGRIB1 -DINTIO -DKEEP_INT_AROUND -DLIMIT_ARGS -DBUILD_RRTMG_FAST=0 -DBUILD_RRTMK=0 -DBUILD_SBM_FAST=1 -DSHOW_ALL_VARS_USED=0 -DCONFIG_BUF_LEN=65536 -DMAX_DOMAINS_F=21 -DMAX_HISTORY=25 -DNMM_NEST=0 -DWRF_CHEM -DBUILD_CHEM=1 -I. -traditional-cpp   module_mp_nssl_2mom.G  > module_mp_nssl_2mom.bb
/home/hnavarro/Desktop/WRF/BUILD_WRF/WRF/tools/standard.exe module_mp_nssl_2mom.bb | /lib/cpp -P -nostdinc -traditional-cpp > module_mp_nssl_2mom.f90
rm -f module_mp_nssl_2mom.G module_mp_nssl_2mom.bb
time mpif90 -f90=gfortran -o module_mp_nssl_2mom.o -c -O2 -ftree-vectorize -funroll-loops -w -ffree-form -ffree-line-length-none -fconvert=big-endian -frecord-marker=4 -fallow-argument-mismatch -fallow-invalid-boz   -I../dyn_em  -I/home/hnavarro/Desktop/WRF/BUILD_WRF/WRF/external/esmf_time_f90  -I/home/hnavarro/Desktop/WRF/BUILD_WRF/WRF/main -I/home/hnavarro/Desktop/WRF/BUILD_WRF/WRF/external/io_netcdf -I/home/hnavarro/Desktop/WRF/BUILD_WRF/WRF/external/io_int -I/home/hnavarro/Desktop/WRF/BUILD_WRF/WRF/frame -I/home/hnavarro/Desktop/WRF/BUILD_WRF/WRF/share -I/home/hnavarro/Desktop/WRF/BUILD_WRF/WRF/phys -I/home/hnavarro/Desktop/WRF/BUILD_WRF/WRF/wrftladj -I/home/hnavarro/Desktop/WRF/BUILD_WRF/WRF/chem -I/home/hnavarro/Desktop/WRF/BUILD_WRF/WRF/inc -I/home/hnavarro/Desktop/WRF/Install-WRF-Chem/LIBRARIES/netcdf/include    module_mp_nssl_2mom.f90
5.34user 0.26system 0:05.61elapsed 99%CPU (0avgtext+0avgdata 261792maxresident)k
0inputs+1472outputs (0major+76622minor)pagefaults 0swaps
rm -f module_mp_wdm5.o
sed -e "s/^\!.*'.*//" -e "s/^ *\!.*'.*//" module_mp_wdm5.F > module_mp_wdm5.G
/lib/cpp -P -nostdinc -I/home/hnavarro/Desktop/WRF/BUILD_WRF/WRF/inc -DEM_CORE=1 -DNMM_CORE=0 -DNMM_MAX_DIM=2600 -DDA_CORE=0 -DWRFPLUS=0 -DIWORDSIZE=4 -DDWORDSIZE=8 -DRWORDSIZE=4 -DLWORDSIZE=4 -DNONSTANDARD_SYSTEM_SUBR  -DWRF_USE_CLM  -DDM_PARALLEL -DNETCDF -DLANDREAD_STUB=1 -DUSE_ALLOCATABLES -Dwrfmodel -DGRIB1 -DINTIO -DKEEP_INT_AROUND -DLIMIT_ARGS -DBUILD_RRTMG_FAST=0 -DBUILD_RRTMK=0 -DBUILD_SBM_FAST=1 -DSHOW_ALL_VARS_USED=0 -DCONFIG_BUF_LEN=65536 -DMAX_DOMAINS_F=21 -DMAX_HISTORY=25 -DNMM_NEST=0 -DWRF_CHEM -DBUILD_CHEM=1 -I. -traditional-cpp   module_mp_wdm5.G  > module_mp_wdm5.bb
/home/hnavarro/Desktop/WRF/BUILD_WRF/WRF/tools/standard.exe module_mp_wdm5.bb | /lib/cpp -P -nostdinc -traditional-cpp > module_mp_wdm5.f90
rm -f module_mp_wdm5.G module_mp_wdm5.bb
time mpif90 -f90=gfortran -o module_mp_wdm5.o -c -O2 -ftree-vectorize -funroll-loops -w -ffree-form -ffree-line-length-none -fconvert=big-endian -frecord-marker=4 -fallow-argument-mismatch -fallow-invalid-boz   -I../dyn_em  -I/home/hnavarro/Desktop/WRF/BUILD_WRF/WRF/external/esmf_time_f90  -I/home/hnavarro/Desktop/WRF/BUILD_WRF/WRF/main -I/home/hnavarro/Desktop/WRF/BUILD_WRF/WRF/external/io_netcdf -I/home/hnavarro/Desktop/WRF/BUILD_WRF/WRF/external/io_int -I/home/hnavarro/Desktop/WRF/BUILD_WRF/WRF/frame -I/home/hnavarro/Desktop/WRF/BUILD_WRF/WRF/share -I/home/hnavarro/Desktop/WRF/BUILD_WRF/WRF/phys -I/home/hnavarro/Desktop/WRF/BUILD_WRF/WRF/wrftladj -I/home/hnavarro/Desktop/WRF/BUILD_WRF/WRF/chem -I/home/hnavarro/Desktop/WRF/BUILD_WRF/WRF/inc -I/home/hnavarro/Desktop/WRF/Install-WRF-Chem/LIBRARIES/netcdf/include    module_mp_wdm5.f90
3.33user 0.19system 0:03.53elapsed 99%CPU (0avgtext+0avgdata 285396maxresident)k
0inputs+1352outputs (0major+76064minor)pagefaults 0swaps
rm -f module_mp_wdm6.o
sed -e "s/^\!.*'.*//" -e "s/^ *\!.*'.*//" module_mp_wdm6.F > module_mp_wdm6.G
/lib/cpp -P -nostdinc -I/home/hnavarro/Desktop/WRF/BUILD_WRF/WRF/inc -DEM_CORE=1 -DNMM_CORE=0 -DNMM_MAX_DIM=2600 -DDA_CORE=0 -DWRFPLUS=0 -DIWORDSIZE=4 -DDWORDSIZE=8 -DRWORDSIZE=4 -DLWORDSIZE=4 -DNONSTANDARD_SYSTEM_SUBR  -DWRF_USE_CLM  -DDM_PARALLEL -DNETCDF -DLANDREAD_STUB=1 -DUSE_ALLOCATABLES -Dwrfmodel -DGRIB1 -DINTIO -DKEEP_INT_AROUND -DLIMIT_ARGS -DBUILD_RRTMG_FAST=0 -DBUILD_RRTMK=0 -DBUILD_SBM_FAST=1 -DSHOW_ALL_VARS_USED=0 -DCONFIG_BUF_LEN=65536 -DMAX_DOMAINS_F=21 -DMAX_HISTORY=25 -DNMM_NEST=0 -DWRF_CHEM -DBUILD_CHEM=1 -I. -traditional-cpp   module_mp_wdm6.G  > module_mp_wdm6.bb
/home/hnavarro/Desktop/WRF/BUILD_WRF/WRF/tools/standard.exe module_mp_wdm6.bb | /lib/cpp -P -nostdinc -traditional-cpp > module_mp_wdm6.f90
rm -f module_mp_wdm6.G module_mp_wdm6.bb
time mpif90 -f90=gfortran -o module_mp_wdm6.o -c -O2 -ftree-vectorize -funroll-loops -w -ffree-form -ffree-line-length-none -fconvert=big-endian -frecord-marker=4 -fallow-argument-mismatch -fallow-invalid-boz   -I../dyn_em  -I/home/hnavarro/Desktop/WRF/BUILD_WRF/WRF/external/esmf_time_f90  -I/home/hnavarro/Desktop/WRF/BUILD_WRF/WRF/main -I/home/hnavarro/Desktop/WRF/BUILD_WRF/WRF/external/io_netcdf -I/home/hnavarro/Desktop/WRF/BUILD_WRF/WRF/external/io_int -I/home/hnavarro/Desktop/WRF/BUILD_WRF/WRF/frame -I/home/hnavarro/Desktop/WRF/BUILD_WRF/WRF/share -I/home/hnavarro/Desktop/WRF/BUILD_WRF/WRF/phys -I/home/hnavarro/Desktop/WRF/BUILD_WRF/WRF/wrftladj -I/home/hnavarro/Desktop/WRF/BUILD_WRF/WRF/chem -I/home/hnavarro/Desktop/WRF/BUILD_WRF/WRF/inc -I/home/hnavarro/Desktop/WRF/Install-WRF-Chem/LIBRARIES/netcdf/include    module_mp_wdm6.f90
4.49user 0.25system 0:04.76elapsed 99%CPU (0avgtext+0avgdata 397040maxresident)k
0inputs+1792outputs (0major+104911minor)pagefaults 0swaps
rm -f module_mp_wdm7.o
sed -e "s/^\!.*'.*//" -e "s/^ *\!.*'.*//" module_mp_wdm7.F > module_mp_wdm7.G
/lib/cpp -P -nostdinc -I/home/hnavarro/Desktop/WRF/BUILD_WRF/WRF/inc -DEM_CORE=1 -DNMM_CORE=0 -DNMM_MAX_DIM=2600 -DDA_CORE=0 -DWRFPLUS=0 -DIWORDSIZE=4 -DDWORDSIZE=8 -DRWORDSIZE=4 -DLWORDSIZE=4 -DNONSTANDARD_SYSTEM_SUBR  -DWRF_USE_CLM  -DDM_PARALLEL -DNETCDF -DLANDREAD_STUB=1 -DUSE_ALLOCATABLES -Dwrfmodel -DGRIB1 -DINTIO -DKEEP_INT_AROUND -DLIMIT_ARGS -DBUILD_RRTMG_FAST=0 -DBUILD_RRTMK=0 -DBUILD_SBM_FAST=1 -DSHOW_ALL_VARS_USED=0 -DCONFIG_BUF_LEN=65536 -DMAX_DOMAINS_F=21 -DMAX_HISTORY=25 -DNMM_NEST=0 -DWRF_CHEM -DBUILD_CHEM=1 -I. -traditional-cpp   module_mp_wdm7.G  > module_mp_wdm7.bb
/home/hnavarro/Desktop/WRF/BUILD_WRF/WRF/tools/standard.exe module_mp_wdm7.bb | /lib/cpp -P -nostdinc -traditional-cpp > module_mp_wdm7.f90
rm -f module_mp_wdm7.G module_mp_wdm7.bb
time mpif90 -f90=gfortran -o module_mp_wdm7.o -c -O2 -ftree-vectorize -funroll-loops -w -ffree-form -ffree-line-length-none -fconvert=big-endian -frecord-marker=4 -fallow-argument-mismatch -fallow-invalid-boz   -I../dyn_em  -I/home/hnavarro/Desktop/WRF/BUILD_WRF/WRF/external/esmf_time_f90  -I/home/hnavarro/Desktop/WRF/BUILD_WRF/WRF/main -I/home/hnavarro/Desktop/WRF/BUILD_WRF/WRF/external/io_netcdf -I/home/hnavarro/Desktop/WRF/BUILD_WRF/WRF/external/io_int -I/home/hnavarro/Desktop/WRF/BUILD_WRF/WRF/frame -I/home/hnavarro/Desktop/WRF/BUILD_WRF/WRF/share -I/home/hnavarro/Desktop/WRF/BUILD_WRF/WRF/phys -I/home/hnavarro/Desktop/WRF/BUILD_WRF/WRF/wrftladj -I/home/hnavarro/Desktop/WRF/BUILD_WRF/WRF/chem -I/home/hnavarro/Desktop/WRF/BUILD_WRF/WRF/inc -I/home/hnavarro/Desktop/WRF/Install-WRF-Chem/LIBRARIES/netcdf/include    module_mp_wdm7.f90
4.68user 0.25system 0:04.94elapsed 99%CPU (0avgtext+0avgdata 455400maxresident)k
0inputs+1960outputs (0major+120329minor)pagefaults 0swaps
rm -f module_mp_ntu.o
sed -e "s/^\!.*'.*//" -e "s/^ *\!.*'.*//" module_mp_ntu.F > module_mp_ntu.G
/lib/cpp -P -nostdinc -I/home/hnavarro/Desktop/WRF/BUILD_WRF/WRF/inc -DEM_CORE=1 -DNMM_CORE=0 -DNMM_MAX_DIM=2600 -DDA_CORE=0 -DWRFPLUS=0 -DIWORDSIZE=4 -DDWORDSIZE=8 -DRWORDSIZE=4 -DLWORDSIZE=4 -DNONSTANDARD_SYSTEM_SUBR  -DWRF_USE_CLM  -DDM_PARALLEL -DNETCDF -DLANDREAD_STUB=1 -DUSE_ALLOCATABLES -Dwrfmodel -DGRIB1 -DINTIO -DKEEP_INT_AROUND -DLIMIT_ARGS -DBUILD_RRTMG_FAST=0 -DBUILD_RRTMK=0 -DBUILD_SBM_FAST=1 -DSHOW_ALL_VARS_USED=0 -DCONFIG_BUF_LEN=65536 -DMAX_DOMAINS_F=21 -DMAX_HISTORY=25 -DNMM_NEST=0 -DWRF_CHEM -DBUILD_CHEM=1 -I. -traditional-cpp   module_mp_ntu.G  > module_mp_ntu.bb
/home/hnavarro/Desktop/WRF/BUILD_WRF/WRF/tools/standard.exe module_mp_ntu.bb | /lib/cpp -P -nostdinc -traditional-cpp > module_mp_ntu.f90
rm -f module_mp_ntu.G module_mp_ntu.bb
time mpif90 -f90=gfortran -o module_mp_ntu.o -c -O2 -ftree-vectorize -funroll-loops -w -ffree-form -ffree-line-length-none -fconvert=big-endian -frecord-marker=4 -fallow-argument-mismatch -fallow-invalid-boz   -I../dyn_em  -I/home/hnavarro/Desktop/WRF/BUILD_WRF/WRF/external/esmf_time_f90  -I/home/hnavarro/Desktop/WRF/BUILD_WRF/WRF/main -I/home/hnavarro/Desktop/WRF/BUILD_WRF/WRF/external/io_netcdf -I/home/hnavarro/Desktop/WRF/BUILD_WRF/WRF/external/io_int -I/home/hnavarro/Desktop/WRF/BUILD_WRF/WRF/frame -I/home/hnavarro/Desktop/WRF/BUILD_WRF/WRF/share -I/home/hnavarro/Desktop/WRF/BUILD_WRF/WRF/phys -I/home/hnavarro/Desktop/WRF/BUILD_WRF/WRF/wrftladj -I/home/hnavarro/Desktop/WRF/BUILD_WRF/WRF/chem -I/home/hnavarro/Desktop/WRF/BUILD_WRF/WRF/inc -I/home/hnavarro/Desktop/WRF/Install-WRF-Chem/LIBRARIES/netcdf/include    module_mp_ntu.f90
3.35user 0.15system 0:03.52elapsed 99%CPU (0avgtext+0avgdata 126892maxresident)k
0inputs+2456outputs (0major+43397minor)pagefaults 0swaps
rm -f module_sf_sfclay.o
sed -e "s/^\!.*'.*//" -e "s/^ *\!.*'.*//" module_sf_sfclay.F > module_sf_sfclay.G
/lib/cpp -P -nostdinc -I/home/hnavarro/Desktop/WRF/BUILD_WRF/WRF/inc -DEM_CORE=1 -DNMM_CORE=0 -DNMM_MAX_DIM=2600 -DDA_CORE=0 -DWRFPLUS=0 -DIWORDSIZE=4 -DDWORDSIZE=8 -DRWORDSIZE=4 -DLWORDSIZE=4 -DNONSTANDARD_SYSTEM_SUBR  -DWRF_USE_CLM  -DDM_PARALLEL -DNETCDF -DLANDREAD_STUB=1 -DUSE_ALLOCATABLES -Dwrfmodel -DGRIB1 -DINTIO -DKEEP_INT_AROUND -DLIMIT_ARGS -DBUILD_RRTMG_FAST=0 -DBUILD_RRTMK=0 -DBUILD_SBM_FAST=1 -DSHOW_ALL_VARS_USED=0 -DCONFIG_BUF_LEN=65536 -DMAX_DOMAINS_F=21 -DMAX_HISTORY=25 -DNMM_NEST=0 -DWRF_CHEM -DBUILD_CHEM=1 -I. -traditional-cpp   module_sf_sfclay.G  > module_sf_sfclay.bb
/home/hnavarro/Desktop/WRF/BUILD_WRF/WRF/tools/standard.exe module_sf_sfclay.bb | /lib/cpp -P -nostdinc -traditional-cpp > module_sf_sfclay.f90
rm -f module_sf_sfclay.G module_sf_sfclay.bb
time mpif90 -f90=gfortran -o module_sf_sfclay.o -c -O2 -ftree-vectorize -funroll-loops -w -ffree-form -ffree-line-length-none -fconvert=big-endian -frecord-marker=4 -fallow-argument-mismatch -fallow-invalid-boz   -I../dyn_em  -I/home/hnavarro/Desktop/WRF/BUILD_WRF/WRF/external/esmf_time_f90  -I/home/hnavarro/Desktop/WRF/BUILD_WRF/WRF/main -I/home/hnavarro/Desktop/WRF/BUILD_WRF/WRF/external/io_netcdf -I/home/hnavarro/Desktop/WRF/BUILD_WRF/WRF/external/io_int -I/home/hnavarro/Desktop/WRF/BUILD_WRF/WRF/frame -I/home/hnavarro/Desktop/WRF/BUILD_WRF/WRF/share -I/home/hnavarro/Desktop/WRF/BUILD_WRF/WRF/phys -I/home/hnavarro/Desktop/WRF/BUILD_WRF/WRF/wrftladj -I/home/hnavarro/Desktop/WRF/BUILD_WRF/WRF/chem -I/home/hnavarro/Desktop/WRF/BUILD_WRF/WRF/inc -I/home/hnavarro/Desktop/WRF/Install-WRF-Chem/LIBRARIES/netcdf/include    module_sf_sfclay.f90
0.53user 0.11system 0:00.65elapsed 99%CPU (0avgtext+0avgdata 50864maxresident)k
0inputs+304outputs (0major+14280minor)pagefaults 0swaps
rm -f physics_mmm/sf_sfclayrev.o
sed -e "s/^\!.*'.*//" -e "s/^ *\!.*'.*//" physics_mmm/sf_sfclayrev.F90 > physics_mmm/sf_sfclayrev.G
/lib/cpp -P -nostdinc -I/home/hnavarro/Desktop/WRF/BUILD_WRF/WRF/inc -DEM_CORE=1 -DNMM_CORE=0 -DNMM_MAX_DIM=2600 -DDA_CORE=0 -DWRFPLUS=0 -DIWORDSIZE=4 -DDWORDSIZE=8 -DRWORDSIZE=4 -DLWORDSIZE=4 -DNONSTANDARD_SYSTEM_SUBR  -DWRF_USE_CLM  -DDM_PARALLEL -DNETCDF -DLANDREAD_STUB=1 -DUSE_ALLOCATABLES -Dwrfmodel -DGRIB1 -DINTIO -DKEEP_INT_AROUND -DLIMIT_ARGS -DBUILD_RRTMG_FAST=0 -DBUILD_RRTMK=0 -DBUILD_SBM_FAST=1 -DSHOW_ALL_VARS_USED=0 -DCONFIG_BUF_LEN=65536 -DMAX_DOMAINS_F=21 -DMAX_HISTORY=25 -DNMM_NEST=0 -DWRF_CHEM -DBUILD_CHEM=1 -I. -traditional-cpp   physics_mmm/sf_sfclayrev.G  > physics_mmm/sf_sfclayrev.bb
/home/hnavarro/Desktop/WRF/BUILD_WRF/WRF/tools/standard.exe physics_mmm/sf_sfclayrev.bb | /lib/cpp -P -nostdinc -traditional-cpp > physics_mmm/sf_sfclayrev.tmp.f90
rm -f physics_mmm/sf_sfclayrev.G physics_mmm/sf_sfclayrev.bb
time mpif90 -f90=gfortran -o physics_mmm/sf_sfclayrev.o -c -O2 -ftree-vectorize -funroll-loops -w -ffree-form -ffree-line-length-none -fconvert=big-endian -frecord-marker=4 -fallow-argument-mismatch -fallow-invalid-boz   -I../dyn_em  -I/home/hnavarro/Desktop/WRF/BUILD_WRF/WRF/external/esmf_time_f90  -I/home/hnavarro/Desktop/WRF/BUILD_WRF/WRF/main -I/home/hnavarro/Desktop/WRF/BUILD_WRF/WRF/external/io_netcdf -I/home/hnavarro/Desktop/WRF/BUILD_WRF/WRF/external/io_int -I/home/hnavarro/Desktop/WRF/BUILD_WRF/WRF/frame -I/home/hnavarro/Desktop/WRF/BUILD_WRF/WRF/share -I/home/hnavarro/Desktop/WRF/BUILD_WRF/WRF/phys -I/home/hnavarro/Desktop/WRF/BUILD_WRF/WRF/wrftladj -I/home/hnavarro/Desktop/WRF/BUILD_WRF/WRF/chem -I/home/hnavarro/Desktop/WRF/BUILD_WRF/WRF/inc -I/home/hnavarro/Desktop/WRF/Install-WRF-Chem/LIBRARIES/netcdf/include    physics_mmm/sf_sfclayrev.tmp.f90
1.18user 0.15system 0:01.35elapsed 99%CPU (0avgtext+0avgdata 64220maxresident)k
0inputs+464outputs (0major+18407minor)pagefaults 0swaps
rm -f module_progtm.o
sed -e "s/^\!.*'.*//" -e "s/^ *\!.*'.*//" module_progtm.F > module_progtm.G
/lib/cpp -P -nostdinc -I/home/hnavarro/Desktop/WRF/BUILD_WRF/WRF/inc -DEM_CORE=1 -DNMM_CORE=0 -DNMM_MAX_DIM=2600 -DDA_CORE=0 -DWRFPLUS=0 -DIWORDSIZE=4 -DDWORDSIZE=8 -DRWORDSIZE=4 -DLWORDSIZE=4 -DNONSTANDARD_SYSTEM_SUBR  -DWRF_USE_CLM  -DDM_PARALLEL -DNETCDF -DLANDREAD_STUB=1 -DUSE_ALLOCATABLES -Dwrfmodel -DGRIB1 -DINTIO -DKEEP_INT_AROUND -DLIMIT_ARGS -DBUILD_RRTMG_FAST=0 -DBUILD_RRTMK=0 -DBUILD_SBM_FAST=1 -DSHOW_ALL_VARS_USED=0 -DCONFIG_BUF_LEN=65536 -DMAX_DOMAINS_F=21 -DMAX_HISTORY=25 -DNMM_NEST=0 -DWRF_CHEM -DBUILD_CHEM=1 -I. -traditional-cpp   module_progtm.G  > module_progtm.bb
/home/hnavarro/Desktop/WRF/BUILD_WRF/WRF/tools/standard.exe module_progtm.bb | /lib/cpp -P -nostdinc -traditional-cpp > module_progtm.f90
rm -f module_progtm.G module_progtm.bb
time mpif90 -f90=gfortran -o module_progtm.o -c -O2 -ftree-vectorize -funroll-loops -w -ffree-form -ffree-line-length-none -fconvert=big-endian -frecord-marker=4 -fallow-argument-mismatch -fallow-invalid-boz   -I../dyn_em  -I/home/hnavarro/Desktop/WRF/BUILD_WRF/WRF/external/esmf_time_f90  -I/home/hnavarro/Desktop/WRF/BUILD_WRF/WRF/main -I/home/hnavarro/Desktop/WRF/BUILD_WRF/WRF/external/io_netcdf -I/home/hnavarro/Desktop/WRF/BUILD_WRF/WRF/external/io_int -I/home/hnavarro/Desktop/WRF/BUILD_WRF/WRF/frame -I/home/hnavarro/Desktop/WRF/BUILD_WRF/WRF/share -I/home/hnavarro/Desktop/WRF/BUILD_WRF/WRF/phys -I/home/hnavarro/Desktop/WRF/BUILD_WRF/WRF/wrftladj -I/home/hnavarro/Desktop/WRF/BUILD_WRF/WRF/chem -I/home/hnavarro/Desktop/WRF/BUILD_WRF/WRF/inc -I/home/hnavarro/Desktop/WRF/Install-WRF-Chem/LIBRARIES/netcdf/include    module_progtm.f90
0.06user 0.09system 0:00.15elapsed 101%CPU (0avgtext+0avgdata 30464maxresident)k
0inputs+64outputs (0major+8201minor)pagefaults 0swaps
rm -f module_sf_exchcoef.o
sed -e "s/^\!.*'.*//" -e "s/^ *\!.*'.*//" module_sf_exchcoef.F > module_sf_exchcoef.G
/lib/cpp -P -nostdinc -I/home/hnavarro/Desktop/WRF/BUILD_WRF/WRF/inc -DEM_CORE=1 -DNMM_CORE=0 -DNMM_MAX_DIM=2600 -DDA_CORE=0 -DWRFPLUS=0 -DIWORDSIZE=4 -DDWORDSIZE=8 -DRWORDSIZE=4 -DLWORDSIZE=4 -DNONSTANDARD_SYSTEM_SUBR  -DWRF_USE_CLM  -DDM_PARALLEL -DNETCDF -DLANDREAD_STUB=1 -DUSE_ALLOCATABLES -Dwrfmodel -DGRIB1 -DINTIO -DKEEP_INT_AROUND -DLIMIT_ARGS -DBUILD_RRTMG_FAST=0 -DBUILD_RRTMK=0 -DBUILD_SBM_FAST=1 -DSHOW_ALL_VARS_USED=0 -DCONFIG_BUF_LEN=65536 -DMAX_DOMAINS_F=21 -DMAX_HISTORY=25 -DNMM_NEST=0 -DWRF_CHEM -DBUILD_CHEM=1 -I. -traditional-cpp   module_sf_exchcoef.G  > module_sf_exchcoef.bb
/home/hnavarro/Desktop/WRF/BUILD_WRF/WRF/tools/standard.exe module_sf_exchcoef.bb | /lib/cpp -P -nostdinc -traditional-cpp > module_sf_exchcoef.f90
rm -f module_sf_exchcoef.G module_sf_exchcoef.bb
time mpif90 -f90=gfortran -o module_sf_exchcoef.o -c -O2 -ftree-vectorize -funroll-loops -w -ffree-form -ffree-line-length-none -fconvert=big-endian -frecord-marker=4 -fallow-argument-mismatch -fallow-invalid-boz   -I../dyn_em  -I/home/hnavarro/Desktop/WRF/BUILD_WRF/WRF/external/esmf_time_f90  -I/home/hnavarro/Desktop/WRF/BUILD_WRF/WRF/main -I/home/hnavarro/Desktop/WRF/BUILD_WRF/WRF/external/io_netcdf -I/home/hnavarro/Desktop/WRF/BUILD_WRF/WRF/external/io_int -I/home/hnavarro/Desktop/WRF/BUILD_WRF/WRF/frame -I/home/hnavarro/Desktop/WRF/BUILD_WRF/WRF/share -I/home/hnavarro/Desktop/WRF/BUILD_WRF/WRF/phys -I/home/hnavarro/Desktop/WRF/BUILD_WRF/WRF/wrftladj -I/home/hnavarro/Desktop/WRF/BUILD_WRF/WRF/chem -I/home/hnavarro/Desktop/WRF/BUILD_WRF/WRF/inc -I/home/hnavarro/Desktop/WRF/Install-WRF-Chem/LIBRARIES/netcdf/include    module_sf_exchcoef.f90
0.11user 0.11system 0:00.22elapsed 99%CPU (0avgtext+0avgdata 31744maxresident)k
0inputs+168outputs (0major+8755minor)pagefaults 0swaps
rm -f module_sf_slab.o
sed -e "s/^\!.*'.*//" -e "s/^ *\!.*'.*//" module_sf_slab.F > module_sf_slab.G
/lib/cpp -P -nostdinc -I/home/hnavarro/Desktop/WRF/BUILD_WRF/WRF/inc -DEM_CORE=1 -DNMM_CORE=0 -DNMM_MAX_DIM=2600 -DDA_CORE=0 -DWRFPLUS=0 -DIWORDSIZE=4 -DDWORDSIZE=8 -DRWORDSIZE=4 -DLWORDSIZE=4 -DNONSTANDARD_SYSTEM_SUBR  -DWRF_USE_CLM  -DDM_PARALLEL -DNETCDF -DLANDREAD_STUB=1 -DUSE_ALLOCATABLES -Dwrfmodel -DGRIB1 -DINTIO -DKEEP_INT_AROUND -DLIMIT_ARGS -DBUILD_RRTMG_FAST=0 -DBUILD_RRTMK=0 -DBUILD_SBM_FAST=1 -DSHOW_ALL_VARS_USED=0 -DCONFIG_BUF_LEN=65536 -DMAX_DOMAINS_F=21 -DMAX_HISTORY=25 -DNMM_NEST=0 -DWRF_CHEM -DBUILD_CHEM=1 -I. -traditional-cpp   module_sf_slab.G  > module_sf_slab.bb
/home/hnavarro/Desktop/WRF/BUILD_WRF/WRF/tools/standard.exe module_sf_slab.bb | /lib/cpp -P -nostdinc -traditional-cpp > module_sf_slab.f90
rm -f module_sf_slab.G module_sf_slab.bb
time mpif90 -f90=gfortran -o module_sf_slab.o -c -O2 -ftree-vectorize -funroll-loops -w -ffree-form -ffree-line-length-none -fconvert=big-endian -frecord-marker=4 -fallow-argument-mismatch -fallow-invalid-boz   -I../dyn_em  -I/home/hnavarro/Desktop/WRF/BUILD_WRF/WRF/external/esmf_time_f90  -I/home/hnavarro/Desktop/WRF/BUILD_WRF/WRF/main -I/home/hnavarro/Desktop/WRF/BUILD_WRF/WRF/external/io_netcdf -I/home/hnavarro/Desktop/WRF/BUILD_WRF/WRF/external/io_int -I/home/hnavarro/Desktop/WRF/BUILD_WRF/WRF/frame -I/home/hnavarro/Desktop/WRF/BUILD_WRF/WRF/share -I/home/hnavarro/Desktop/WRF/BUILD_WRF/WRF/phys -I/home/hnavarro/Desktop/WRF/BUILD_WRF/WRF/wrftladj -I/home/hnavarro/Desktop/WRF/BUILD_WRF/WRF/chem -I/home/hnavarro/Desktop/WRF/BUILD_WRF/WRF/inc -I/home/hnavarro/Desktop/WRF/Install-WRF-Chem/LIBRARIES/netcdf/include    module_sf_slab.f90
0.22user 0.06system 0:00.28elapsed 100%CPU (0avgtext+0avgdata 42404maxresident)k
0inputs+192outputs (0major+11827minor)pagefaults 0swaps
rm -f module_sf_noahlsm.o
sed -e "s/^\!.*'.*//" -e "s/^ *\!.*'.*//" module_sf_noahlsm.F > module_sf_noahlsm.G
/lib/cpp -P -nostdinc -I/home/hnavarro/Desktop/WRF/BUILD_WRF/WRF/inc -DEM_CORE=1 -DNMM_CORE=0 -DNMM_MAX_DIM=2600 -DDA_CORE=0 -DWRFPLUS=0 -DIWORDSIZE=4 -DDWORDSIZE=8 -DRWORDSIZE=4 -DLWORDSIZE=4 -DNONSTANDARD_SYSTEM_SUBR  -DWRF_USE_CLM  -DDM_PARALLEL -DNETCDF -DLANDREAD_STUB=1 -DUSE_ALLOCATABLES -Dwrfmodel -DGRIB1 -DINTIO -DKEEP_INT_AROUND -DLIMIT_ARGS -DBUILD_RRTMG_FAST=0 -DBUILD_RRTMK=0 -DBUILD_SBM_FAST=1 -DSHOW_ALL_VARS_USED=0 -DCONFIG_BUF_LEN=65536 -DMAX_DOMAINS_F=21 -DMAX_HISTORY=25 -DNMM_NEST=0 -DWRF_CHEM -DBUILD_CHEM=1 -I. -traditional-cpp   module_sf_noahlsm.G  > module_sf_noahlsm.bb
/home/hnavarro/Desktop/WRF/BUILD_WRF/WRF/tools/standard.exe module_sf_noahlsm.bb | /lib/cpp -P -nostdinc -traditional-cpp > module_sf_noahlsm.f90
rm -f module_sf_noahlsm.G module_sf_noahlsm.bb
time mpif90 -f90=gfortran -o module_sf_noahlsm.o -c -O2 -ftree-vectorize -funroll-loops -w -ffree-form -ffree-line-length-none -fconvert=big-endian -frecord-marker=4 -fallow-argument-mismatch -fallow-invalid-boz   -I../dyn_em  -I/home/hnavarro/Desktop/WRF/BUILD_WRF/WRF/external/esmf_time_f90  -I/home/hnavarro/Desktop/WRF/BUILD_WRF/WRF/main -I/home/hnavarro/Desktop/WRF/BUILD_WRF/WRF/external/io_netcdf -I/home/hnavarro/Desktop/WRF/BUILD_WRF/WRF/external/io_int -I/home/hnavarro/Desktop/WRF/BUILD_WRF/WRF/frame -I/home/hnavarro/Desktop/WRF/BUILD_WRF/WRF/share -I/home/hnavarro/Desktop/WRF/BUILD_WRF/WRF/phys -I/home/hnavarro/Desktop/WRF/BUILD_WRF/WRF/wrftladj -I/home/hnavarro/Desktop/WRF/BUILD_WRF/WRF/chem -I/home/hnavarro/Desktop/WRF/BUILD_WRF/WRF/inc -I/home/hnavarro/Desktop/WRF/Install-WRF-Chem/LIBRARIES/netcdf/include    module_sf_noahlsm.f90
0.73user 0.08system 0:00.82elapsed 99%CPU (0avgtext+0avgdata 54212maxresident)k
0inputs+752outputs (0major+14973minor)pagefaults 0swaps
rm -f module_sf_gecros.o
sed -e "s/^\!.*'.*//" -e "s/^ *\!.*'.*//" module_sf_gecros.F > module_sf_gecros.G
/lib/cpp -P -nostdinc -I/home/hnavarro/Desktop/WRF/BUILD_WRF/WRF/inc -DEM_CORE=1 -DNMM_CORE=0 -DNMM_MAX_DIM=2600 -DDA_CORE=0 -DWRFPLUS=0 -DIWORDSIZE=4 -DDWORDSIZE=8 -DRWORDSIZE=4 -DLWORDSIZE=4 -DNONSTANDARD_SYSTEM_SUBR  -DWRF_USE_CLM  -DDM_PARALLEL -DNETCDF -DLANDREAD_STUB=1 -DUSE_ALLOCATABLES -Dwrfmodel -DGRIB1 -DINTIO -DKEEP_INT_AROUND -DLIMIT_ARGS -DBUILD_RRTMG_FAST=0 -DBUILD_RRTMK=0 -DBUILD_SBM_FAST=1 -DSHOW_ALL_VARS_USED=0 -DCONFIG_BUF_LEN=65536 -DMAX_DOMAINS_F=21 -DMAX_HISTORY=25 -DNMM_NEST=0 -DWRF_CHEM -DBUILD_CHEM=1 -I. -traditional-cpp   module_sf_gecros.G  > module_sf_gecros.bb
/home/hnavarro/Desktop/WRF/BUILD_WRF/WRF/tools/standard.exe module_sf_gecros.bb | /lib/cpp -P -nostdinc -traditional-cpp > module_sf_gecros.f90
rm -f module_sf_gecros.G module_sf_gecros.bb
time mpif90 -f90=gfortran -o module_sf_gecros.o -c -O2 -ftree-vectorize -funroll-loops -w -ffree-form -ffree-line-length-none -fconvert=big-endian -frecord-marker=4 -fallow-argument-mismatch -fallow-invalid-boz   -I../dyn_em  -I/home/hnavarro/Desktop/WRF/BUILD_WRF/WRF/external/esmf_time_f90  -I/home/hnavarro/Desktop/WRF/BUILD_WRF/WRF/main -I/home/hnavarro/Desktop/WRF/BUILD_WRF/WRF/external/io_netcdf -I/home/hnavarro/Desktop/WRF/BUILD_WRF/WRF/external/io_int -I/home/hnavarro/Desktop/WRF/BUILD_WRF/WRF/frame -I/home/hnavarro/Desktop/WRF/BUILD_WRF/WRF/share -I/home/hnavarro/Desktop/WRF/BUILD_WRF/WRF/phys -I/home/hnavarro/Desktop/WRF/BUILD_WRF/WRF/wrftladj -I/home/hnavarro/Desktop/WRF/BUILD_WRF/WRF/chem -I/home/hnavarro/Desktop/WRF/BUILD_WRF/WRF/inc -I/home/hnavarro/Desktop/WRF/Install-WRF-Chem/LIBRARIES/netcdf/include    module_sf_gecros.f90
0.39user 0.07system 0:00.47elapsed 99%CPU (0avgtext+0avgdata 41968maxresident)k
0inputs+360outputs (0major+11358minor)pagefaults 0swaps
rm -f module_sf_myjsfc.o
sed -e "s/^\!.*'.*//" -e "s/^ *\!.*'.*//" module_sf_myjsfc.F > module_sf_myjsfc.G
/lib/cpp -P -nostdinc -I/home/hnavarro/Desktop/WRF/BUILD_WRF/WRF/inc -DEM_CORE=1 -DNMM_CORE=0 -DNMM_MAX_DIM=2600 -DDA_CORE=0 -DWRFPLUS=0 -DIWORDSIZE=4 -DDWORDSIZE=8 -DRWORDSIZE=4 -DLWORDSIZE=4 -DNONSTANDARD_SYSTEM_SUBR  -DWRF_USE_CLM  -DDM_PARALLEL -DNETCDF -DLANDREAD_STUB=1 -DUSE_ALLOCATABLES -Dwrfmodel -DGRIB1 -DINTIO -DKEEP_INT_AROUND -DLIMIT_ARGS -DBUILD_RRTMG_FAST=0 -DBUILD_RRTMK=0 -DBUILD_SBM_FAST=1 -DSHOW_ALL_VARS_USED=0 -DCONFIG_BUF_LEN=65536 -DMAX_DOMAINS_F=21 -DMAX_HISTORY=25 -DNMM_NEST=0 -DWRF_CHEM -DBUILD_CHEM=1 -I. -traditional-cpp   module_sf_myjsfc.G  > module_sf_myjsfc.bb
/home/hnavarro/Desktop/WRF/BUILD_WRF/WRF/tools/standard.exe module_sf_myjsfc.bb | /lib/cpp -P -nostdinc -traditional-cpp > module_sf_myjsfc.f90
rm -f module_sf_myjsfc.G module_sf_myjsfc.bb
time mpif90 -f90=gfortran -o module_sf_myjsfc.o -c -O2 -ftree-vectorize -funroll-loops -w -ffree-form -ffree-line-length-none -fconvert=big-endian -frecord-marker=4 -fallow-argument-mismatch -fallow-invalid-boz   -I../dyn_em  -I/home/hnavarro/Desktop/WRF/BUILD_WRF/WRF/external/esmf_time_f90  -I/home/hnavarro/Desktop/WRF/BUILD_WRF/WRF/main -I/home/hnavarro/Desktop/WRF/BUILD_WRF/WRF/external/io_netcdf -I/home/hnavarro/Desktop/WRF/BUILD_WRF/WRF/external/io_int -I/home/hnavarro/Desktop/WRF/BUILD_WRF/WRF/frame -I/home/hnavarro/Desktop/WRF/BUILD_WRF/WRF/share -I/home/hnavarro/Desktop/WRF/BUILD_WRF/WRF/phys -I/home/hnavarro/Desktop/WRF/BUILD_WRF/WRF/wrftladj -I/home/hnavarro/Desktop/WRF/BUILD_WRF/WRF/chem -I/home/hnavarro/Desktop/WRF/BUILD_WRF/WRF/inc -I/home/hnavarro/Desktop/WRF/Install-WRF-Chem/LIBRARIES/netcdf/include    module_sf_myjsfc.f90
0.43user 0.09system 0:00.53elapsed 100%CPU (0avgtext+0avgdata 48928maxresident)k
0inputs+512outputs (0major+13765minor)pagefaults 0swaps
rm -f module_data_gocart_dust.o
sed -e "s/^\!.*'.*//" -e "s/^ *\!.*'.*//" module_data_gocart_dust.F > module_data_gocart_dust.G
/lib/cpp -P -nostdinc -I/home/hnavarro/Desktop/WRF/BUILD_WRF/WRF/inc -DEM_CORE=1 -DNMM_CORE=0 -DNMM_MAX_DIM=2600 -DDA_CORE=0 -DWRFPLUS=0 -DIWORDSIZE=4 -DDWORDSIZE=8 -DRWORDSIZE=4 -DLWORDSIZE=4 -DNONSTANDARD_SYSTEM_SUBR  -DWRF_USE_CLM  -DDM_PARALLEL -DNETCDF -DLANDREAD_STUB=1 -DUSE_ALLOCATABLES -Dwrfmodel -DGRIB1 -DINTIO -DKEEP_INT_AROUND -DLIMIT_ARGS -DBUILD_RRTMG_FAST=0 -DBUILD_RRTMK=0 -DBUILD_SBM_FAST=1 -DSHOW_ALL_VARS_USED=0 -DCONFIG_BUF_LEN=65536 -DMAX_DOMAINS_F=21 -DMAX_HISTORY=25 -DNMM_NEST=0 -DWRF_CHEM -DBUILD_CHEM=1 -I. -traditional-cpp   module_data_gocart_dust.G  > module_data_gocart_dust.bb
/home/hnavarro/Desktop/WRF/BUILD_WRF/WRF/tools/standard.exe module_data_gocart_dust.bb | /lib/cpp -P -nostdinc -traditional-cpp > module_data_gocart_dust.f90
rm -f module_data_gocart_dust.G module_data_gocart_dust.bb
time mpif90 -f90=gfortran -o module_data_gocart_dust.o -c -O2 -ftree-vectorize -funroll-loops -w -ffree-form -ffree-line-length-none -fconvert=big-endian -frecord-marker=4 -fallow-argument-mismatch -fallow-invalid-boz   -I../dyn_em  -I/home/hnavarro/Desktop/WRF/BUILD_WRF/WRF/external/esmf_time_f90  -I/home/hnavarro/Desktop/WRF/BUILD_WRF/WRF/main -I/home/hnavarro/Desktop/WRF/BUILD_WRF/WRF/external/io_netcdf -I/home/hnavarro/Desktop/WRF/BUILD_WRF/WRF/external/io_int -I/home/hnavarro/Desktop/WRF/BUILD_WRF/WRF/frame -I/home/hnavarro/Desktop/WRF/BUILD_WRF/WRF/share -I/home/hnavarro/Desktop/WRF/BUILD_WRF/WRF/phys -I/home/hnavarro/Desktop/WRF/BUILD_WRF/WRF/wrftladj -I/home/hnavarro/Desktop/WRF/BUILD_WRF/WRF/chem -I/home/hnavarro/Desktop/WRF/BUILD_WRF/WRF/inc -I/home/hnavarro/Desktop/WRF/Install-WRF-Chem/LIBRARIES/netcdf/include    module_data_gocart_dust.f90
0.05user 0.07system 0:00.13elapsed 99%CPU (0avgtext+0avgdata 16512maxresident)k
0inputs+32outputs (1major+7128minor)pagefaults 0swaps
rm -f module_sf_urban.o
sed -e "s/^\!.*'.*//" -e "s/^ *\!.*'.*//" module_sf_urban.F > module_sf_urban.G
/lib/cpp -P -nostdinc -I/home/hnavarro/Desktop/WRF/BUILD_WRF/WRF/inc -DEM_CORE=1 -DNMM_CORE=0 -DNMM_MAX_DIM=2600 -DDA_CORE=0 -DWRFPLUS=0 -DIWORDSIZE=4 -DDWORDSIZE=8 -DRWORDSIZE=4 -DLWORDSIZE=4 -DNONSTANDARD_SYSTEM_SUBR  -DWRF_USE_CLM  -DDM_PARALLEL -DNETCDF -DLANDREAD_STUB=1 -DUSE_ALLOCATABLES -Dwrfmodel -DGRIB1 -DINTIO -DKEEP_INT_AROUND -DLIMIT_ARGS -DBUILD_RRTMG_FAST=0 -DBUILD_RRTMK=0 -DBUILD_SBM_FAST=1 -DSHOW_ALL_VARS_USED=0 -DCONFIG_BUF_LEN=65536 -DMAX_DOMAINS_F=21 -DMAX_HISTORY=25 -DNMM_NEST=0 -DWRF_CHEM -DBUILD_CHEM=1 -I. -traditional-cpp   module_sf_urban.G  > module_sf_urban.bb
/home/hnavarro/Desktop/WRF/BUILD_WRF/WRF/tools/standard.exe module_sf_urban.bb | /lib/cpp -P -nostdinc -traditional-cpp > module_sf_urban.f90
rm -f module_sf_urban.G module_sf_urban.bb
time mpif90 -f90=gfortran -o module_sf_urban.o -c -O2 -ftree-vectorize -funroll-loops -w -ffree-form -ffree-line-length-none -fconvert=big-endian -frecord-marker=4 -fallow-argument-mismatch -fallow-invalid-boz   -I../dyn_em  -I/home/hnavarro/Desktop/WRF/BUILD_WRF/WRF/external/esmf_time_f90  -I/home/hnavarro/Desktop/WRF/BUILD_WRF/WRF/main -I/home/hnavarro/Desktop/WRF/BUILD_WRF/WRF/external/io_netcdf -I/home/hnavarro/Desktop/WRF/BUILD_WRF/WRF/external/io_int -I/home/hnavarro/Desktop/WRF/BUILD_WRF/WRF/frame -I/home/hnavarro/Desktop/WRF/BUILD_WRF/WRF/share -I/home/hnavarro/Desktop/WRF/BUILD_WRF/WRF/phys -I/home/hnavarro/Desktop/WRF/BUILD_WRF/WRF/wrftladj -I/home/hnavarro/Desktop/WRF/BUILD_WRF/WRF/chem -I/home/hnavarro/Desktop/WRF/BUILD_WRF/WRF/inc -I/home/hnavarro/Desktop/WRF/Install-WRF-Chem/LIBRARIES/netcdf/include    module_sf_urban.f90
2.60user 0.12system 0:02.73elapsed 99%CPU (0avgtext+0avgdata 103932maxresident)k
0inputs+1456outputs (0major+30864minor)pagefaults 0swaps
rm -f module_sf_bem.o
sed -e "s/^\!.*'.*//" -e "s/^ *\!.*'.*//" module_sf_bem.F > module_sf_bem.G
/lib/cpp -P -nostdinc -I/home/hnavarro/Desktop/WRF/BUILD_WRF/WRF/inc -DEM_CORE=1 -DNMM_CORE=0 -DNMM_MAX_DIM=2600 -DDA_CORE=0 -DWRFPLUS=0 -DIWORDSIZE=4 -DDWORDSIZE=8 -DRWORDSIZE=4 -DLWORDSIZE=4 -DNONSTANDARD_SYSTEM_SUBR  -DWRF_USE_CLM  -DDM_PARALLEL -DNETCDF -DLANDREAD_STUB=1 -DUSE_ALLOCATABLES -Dwrfmodel -DGRIB1 -DINTIO -DKEEP_INT_AROUND -DLIMIT_ARGS -DBUILD_RRTMG_FAST=0 -DBUILD_RRTMK=0 -DBUILD_SBM_FAST=1 -DSHOW_ALL_VARS_USED=0 -DCONFIG_BUF_LEN=65536 -DMAX_DOMAINS_F=21 -DMAX_HISTORY=25 -DNMM_NEST=0 -DWRF_CHEM -DBUILD_CHEM=1 -I. -traditional-cpp   module_sf_bem.G  > module_sf_bem.bb
/home/hnavarro/Desktop/WRF/BUILD_WRF/WRF/tools/standard.exe module_sf_bem.bb | /lib/cpp -P -nostdinc -traditional-cpp > module_sf_bem.f90
rm -f module_sf_bem.G module_sf_bem.bb
time mpif90 -f90=gfortran -o module_sf_bem.o -c -O2 -ftree-vectorize -funroll-loops -w -ffree-form -ffree-line-length-none -fconvert=big-endian -frecord-marker=4 -fallow-argument-mismatch -fallow-invalid-boz   -I../dyn_em  -I/home/hnavarro/Desktop/WRF/BUILD_WRF/WRF/external/esmf_time_f90  -I/home/hnavarro/Desktop/WRF/BUILD_WRF/WRF/main -I/home/hnavarro/Desktop/WRF/BUILD_WRF/WRF/external/io_netcdf -I/home/hnavarro/Desktop/WRF/BUILD_WRF/WRF/external/io_int -I/home/hnavarro/Desktop/WRF/BUILD_WRF/WRF/frame -I/home/hnavarro/Desktop/WRF/BUILD_WRF/WRF/share -I/home/hnavarro/Desktop/WRF/BUILD_WRF/WRF/phys -I/home/hnavarro/Desktop/WRF/BUILD_WRF/WRF/wrftladj -I/home/hnavarro/Desktop/WRF/BUILD_WRF/WRF/chem -I/home/hnavarro/Desktop/WRF/BUILD_WRF/WRF/inc -I/home/hnavarro/Desktop/WRF/Install-WRF-Chem/LIBRARIES/netcdf/include    module_sf_bem.f90
0.57user 0.07system 0:00.65elapsed 99%CPU (0avgtext+0avgdata 54164maxresident)k
0inputs+448outputs (0major+14461minor)pagefaults 0swaps
rm -f module_sf_ctsm.o
sed -e "s/^\!.*'.*//" -e "s/^ *\!.*'.*//" module_sf_ctsm.F > module_sf_ctsm.G
/lib/cpp -P -nostdinc -I/home/hnavarro/Desktop/WRF/BUILD_WRF/WRF/inc -DEM_CORE=1 -DNMM_CORE=0 -DNMM_MAX_DIM=2600 -DDA_CORE=0 -DWRFPLUS=0 -DIWORDSIZE=4 -DDWORDSIZE=8 -DRWORDSIZE=4 -DLWORDSIZE=4 -DNONSTANDARD_SYSTEM_SUBR  -DWRF_USE_CLM  -DDM_PARALLEL -DNETCDF -DLANDREAD_STUB=1 -DUSE_ALLOCATABLES -Dwrfmodel -DGRIB1 -DINTIO -DKEEP_INT_AROUND -DLIMIT_ARGS -DBUILD_RRTMG_FAST=0 -DBUILD_RRTMK=0 -DBUILD_SBM_FAST=1 -DSHOW_ALL_VARS_USED=0 -DCONFIG_BUF_LEN=65536 -DMAX_DOMAINS_F=21 -DMAX_HISTORY=25 -DNMM_NEST=0 -DWRF_CHEM -DBUILD_CHEM=1 -I. -traditional-cpp   module_sf_ctsm.G  > module_sf_ctsm.bb
/home/hnavarro/Desktop/WRF/BUILD_WRF/WRF/tools/standard.exe module_sf_ctsm.bb | /lib/cpp -P -nostdinc -traditional-cpp > module_sf_ctsm.f90
rm -f module_sf_ctsm.G module_sf_ctsm.bb
time mpif90 -f90=gfortran -o module_sf_ctsm.o -c -O2 -ftree-vectorize -funroll-loops -w -ffree-form -ffree-line-length-none -fconvert=big-endian -frecord-marker=4 -fallow-argument-mismatch -fallow-invalid-boz   -I../dyn_em  -I/home/hnavarro/Desktop/WRF/BUILD_WRF/WRF/external/esmf_time_f90  -I/home/hnavarro/Desktop/WRF/BUILD_WRF/WRF/main -I/home/hnavarro/Desktop/WRF/BUILD_WRF/WRF/external/io_netcdf -I/home/hnavarro/Desktop/WRF/BUILD_WRF/WRF/external/io_int -I/home/hnavarro/Desktop/WRF/BUILD_WRF/WRF/frame -I/home/hnavarro/Desktop/WRF/BUILD_WRF/WRF/share -I/home/hnavarro/Desktop/WRF/BUILD_WRF/WRF/phys -I/home/hnavarro/Desktop/WRF/BUILD_WRF/WRF/wrftladj -I/home/hnavarro/Desktop/WRF/BUILD_WRF/WRF/chem -I/home/hnavarro/Desktop/WRF/BUILD_WRF/WRF/inc -I/home/hnavarro/Desktop/WRF/Install-WRF-Chem/LIBRARIES/netcdf/include    module_sf_ctsm.f90
0.01user 0.05system 0:00.07elapsed 98%CPU (0avgtext+0avgdata 14976maxresident)k
0inputs+24outputs (0major+7144minor)pagefaults 0swaps
rm -f module_sf_ssib.o
sed -e "s/^\!.*'.*//" -e "s/^ *\!.*'.*//" module_sf_ssib.F > module_sf_ssib.G
/lib/cpp -P -nostdinc -I/home/hnavarro/Desktop/WRF/BUILD_WRF/WRF/inc -DEM_CORE=1 -DNMM_CORE=0 -DNMM_MAX_DIM=2600 -DDA_CORE=0 -DWRFPLUS=0 -DIWORDSIZE=4 -DDWORDSIZE=8 -DRWORDSIZE=4 -DLWORDSIZE=4 -DNONSTANDARD_SYSTEM_SUBR  -DWRF_USE_CLM  -DDM_PARALLEL -DNETCDF -DLANDREAD_STUB=1 -DUSE_ALLOCATABLES -Dwrfmodel -DGRIB1 -DINTIO -DKEEP_INT_AROUND -DLIMIT_ARGS -DBUILD_RRTMG_FAST=0 -DBUILD_RRTMK=0 -DBUILD_SBM_FAST=1 -DSHOW_ALL_VARS_USED=0 -DCONFIG_BUF_LEN=65536 -DMAX_DOMAINS_F=21 -DMAX_HISTORY=25 -DNMM_NEST=0 -DWRF_CHEM -DBUILD_CHEM=1 -I. -traditional-cpp   module_sf_ssib.G  > module_sf_ssib.bb
/home/hnavarro/Desktop/WRF/BUILD_WRF/WRF/tools/standard.exe module_sf_ssib.bb | /lib/cpp -P -nostdinc -traditional-cpp > module_sf_ssib.f90
rm -f module_sf_ssib.G module_sf_ssib.bb
time mpif90 -f90=gfortran -o module_sf_ssib.o -c -O2 -ftree-vectorize -funroll-loops -w -ffree-form -ffree-line-length-none -fconvert=big-endian -frecord-marker=4 -fallow-argument-mismatch -fallow-invalid-boz   -I../dyn_em  -I/home/hnavarro/Desktop/WRF/BUILD_WRF/WRF/external/esmf_time_f90  -I/home/hnavarro/Desktop/WRF/BUILD_WRF/WRF/main -I/home/hnavarro/Desktop/WRF/BUILD_WRF/WRF/external/io_netcdf -I/home/hnavarro/Desktop/WRF/BUILD_WRF/WRF/external/io_int -I/home/hnavarro/Desktop/WRF/BUILD_WRF/WRF/frame -I/home/hnavarro/Desktop/WRF/BUILD_WRF/WRF/share -I/home/hnavarro/Desktop/WRF/BUILD_WRF/WRF/phys -I/home/hnavarro/Desktop/WRF/BUILD_WRF/WRF/wrftladj -I/home/hnavarro/Desktop/WRF/BUILD_WRF/WRF/chem -I/home/hnavarro/Desktop/WRF/BUILD_WRF/WRF/inc -I/home/hnavarro/Desktop/WRF/Install-WRF-Chem/LIBRARIES/netcdf/include    module_sf_ssib.f90
1.29user 0.07system 0:01.37elapsed 99%CPU (0avgtext+0avgdata 72448maxresident)k
0inputs+1208outputs (0major+19040minor)pagefaults 0swaps
rm -f module_sf_noah_seaice.o
sed -e "s/^\!.*'.*//" -e "s/^ *\!.*'.*//" module_sf_noah_seaice.F > module_sf_noah_seaice.G
/lib/cpp -P -nostdinc -I/home/hnavarro/Desktop/WRF/BUILD_WRF/WRF/inc -DEM_CORE=1 -DNMM_CORE=0 -DNMM_MAX_DIM=2600 -DDA_CORE=0 -DWRFPLUS=0 -DIWORDSIZE=4 -DDWORDSIZE=8 -DRWORDSIZE=4 -DLWORDSIZE=4 -DNONSTANDARD_SYSTEM_SUBR  -DWRF_USE_CLM  -DDM_PARALLEL -DNETCDF -DLANDREAD_STUB=1 -DUSE_ALLOCATABLES -Dwrfmodel -DGRIB1 -DINTIO -DKEEP_INT_AROUND -DLIMIT_ARGS -DBUILD_RRTMG_FAST=0 -DBUILD_RRTMK=0 -DBUILD_SBM_FAST=1 -DSHOW_ALL_VARS_USED=0 -DCONFIG_BUF_LEN=65536 -DMAX_DOMAINS_F=21 -DMAX_HISTORY=25 -DNMM_NEST=0 -DWRF_CHEM -DBUILD_CHEM=1 -I. -traditional-cpp   module_sf_noah_seaice.G  > module_sf_noah_seaice.bb
/home/hnavarro/Desktop/WRF/BUILD_WRF/WRF/tools/standard.exe module_sf_noah_seaice.bb | /lib/cpp -P -nostdinc -traditional-cpp > module_sf_noah_seaice.f90
rm -f module_sf_noah_seaice.G module_sf_noah_seaice.bb
time mpif90 -f90=gfortran -o module_sf_noah_seaice.o -c -O2 -ftree-vectorize -funroll-loops -w -ffree-form -ffree-line-length-none -fconvert=big-endian -frecord-marker=4 -fallow-argument-mismatch -fallow-invalid-boz   -I../dyn_em  -I/home/hnavarro/Desktop/WRF/BUILD_WRF/WRF/external/esmf_time_f90  -I/home/hnavarro/Desktop/WRF/BUILD_WRF/WRF/main -I/home/hnavarro/Desktop/WRF/BUILD_WRF/WRF/external/io_netcdf -I/home/hnavarro/Desktop/WRF/BUILD_WRF/WRF/external/io_int -I/home/hnavarro/Desktop/WRF/BUILD_WRF/WRF/frame -I/home/hnavarro/Desktop/WRF/BUILD_WRF/WRF/share -I/home/hnavarro/Desktop/WRF/BUILD_WRF/WRF/phys -I/home/hnavarro/Desktop/WRF/BUILD_WRF/WRF/wrftladj -I/home/hnavarro/Desktop/WRF/BUILD_WRF/WRF/chem -I/home/hnavarro/Desktop/WRF/BUILD_WRF/WRF/inc -I/home/hnavarro/Desktop/WRF/Install-WRF-Chem/LIBRARIES/netcdf/include    module_sf_noah_seaice.f90
0.16user 0.06system 0:00.22elapsed 100%CPU (0avgtext+0avgdata 35684maxresident)k
0inputs+120outputs (0major+9516minor)pagefaults 0swaps
rm -f module_sf_noahmp_glacier.o
sed -e "s/^\!.*'.*//" -e "s/^ *\!.*'.*//" module_sf_noahmp_glacier.F > module_sf_noahmp_glacier.G
/lib/cpp -P -nostdinc -I/home/hnavarro/Desktop/WRF/BUILD_WRF/WRF/inc -DEM_CORE=1 -DNMM_CORE=0 -DNMM_MAX_DIM=2600 -DDA_CORE=0 -DWRFPLUS=0 -DIWORDSIZE=4 -DDWORDSIZE=8 -DRWORDSIZE=4 -DLWORDSIZE=4 -DNONSTANDARD_SYSTEM_SUBR  -DWRF_USE_CLM  -DDM_PARALLEL -DNETCDF -DLANDREAD_STUB=1 -DUSE_ALLOCATABLES -Dwrfmodel -DGRIB1 -DINTIO -DKEEP_INT_AROUND -DLIMIT_ARGS -DBUILD_RRTMG_FAST=0 -DBUILD_RRTMK=0 -DBUILD_SBM_FAST=1 -DSHOW_ALL_VARS_USED=0 -DCONFIG_BUF_LEN=65536 -DMAX_DOMAINS_F=21 -DMAX_HISTORY=25 -DNMM_NEST=0 -DWRF_CHEM -DBUILD_CHEM=1 -I. -traditional-cpp   module_sf_noahmp_glacier.G  > module_sf_noahmp_glacier.bb
/home/hnavarro/Desktop/WRF/BUILD_WRF/WRF/tools/standard.exe module_sf_noahmp_glacier.bb | /lib/cpp -P -nostdinc -traditional-cpp > module_sf_noahmp_glacier.f90
rm -f module_sf_noahmp_glacier.G module_sf_noahmp_glacier.bb
time mpif90 -f90=gfortran -o module_sf_noahmp_glacier.o -c -O2 -ftree-vectorize -funroll-loops -w -ffree-form -ffree-line-length-none -fconvert=big-endian -frecord-marker=4 -fallow-argument-mismatch -fallow-invalid-boz   -I../dyn_em  -I/home/hnavarro/Desktop/WRF/BUILD_WRF/WRF/external/esmf_time_f90  -I/home/hnavarro/Desktop/WRF/BUILD_WRF/WRF/main -I/home/hnavarro/Desktop/WRF/BUILD_WRF/WRF/external/io_netcdf -I/home/hnavarro/Desktop/WRF/BUILD_WRF/WRF/external/io_int -I/home/hnavarro/Desktop/WRF/BUILD_WRF/WRF/frame -I/home/hnavarro/Desktop/WRF/BUILD_WRF/WRF/share -I/home/hnavarro/Desktop/WRF/BUILD_WRF/WRF/phys -I/home/hnavarro/Desktop/WRF/BUILD_WRF/WRF/wrftladj -I/home/hnavarro/Desktop/WRF/BUILD_WRF/WRF/chem -I/home/hnavarro/Desktop/WRF/BUILD_WRF/WRF/inc -I/home/hnavarro/Desktop/WRF/Install-WRF-Chem/LIBRARIES/netcdf/include    module_sf_noahmp_glacier.f90
1.46user 0.10system 0:01.58elapsed 98%CPU (0avgtext+0avgdata 86680maxresident)k
0inputs+784outputs (0major+25776minor)pagefaults 0swaps
rm -f module_sf_pxlsm_data.o
sed -e "s/^\!.*'.*//" -e "s/^ *\!.*'.*//" module_sf_pxlsm_data.F > module_sf_pxlsm_data.G
/lib/cpp -P -nostdinc -I/home/hnavarro/Desktop/WRF/BUILD_WRF/WRF/inc -DEM_CORE=1 -DNMM_CORE=0 -DNMM_MAX_DIM=2600 -DDA_CORE=0 -DWRFPLUS=0 -DIWORDSIZE=4 -DDWORDSIZE=8 -DRWORDSIZE=4 -DLWORDSIZE=4 -DNONSTANDARD_SYSTEM_SUBR  -DWRF_USE_CLM  -DDM_PARALLEL -DNETCDF -DLANDREAD_STUB=1 -DUSE_ALLOCATABLES -Dwrfmodel -DGRIB1 -DINTIO -DKEEP_INT_AROUND -DLIMIT_ARGS -DBUILD_RRTMG_FAST=0 -DBUILD_RRTMK=0 -DBUILD_SBM_FAST=1 -DSHOW_ALL_VARS_USED=0 -DCONFIG_BUF_LEN=65536 -DMAX_DOMAINS_F=21 -DMAX_HISTORY=25 -DNMM_NEST=0 -DWRF_CHEM -DBUILD_CHEM=1 -I. -traditional-cpp   module_sf_pxlsm_data.G  > module_sf_pxlsm_data.bb
/home/hnavarro/Desktop/WRF/BUILD_WRF/WRF/tools/standard.exe module_sf_pxlsm_data.bb | /lib/cpp -P -nostdinc -traditional-cpp > module_sf_pxlsm_data.f90
rm -f module_sf_pxlsm_data.G module_sf_pxlsm_data.bb
time mpif90 -f90=gfortran -o module_sf_pxlsm_data.o -c -O2 -ftree-vectorize -funroll-loops -w -ffree-form -ffree-line-length-none -fconvert=big-endian -frecord-marker=4 -fallow-argument-mismatch -fallow-invalid-boz   -I../dyn_em  -I/home/hnavarro/Desktop/WRF/BUILD_WRF/WRF/external/esmf_time_f90  -I/home/hnavarro/Desktop/WRF/BUILD_WRF/WRF/main -I/home/hnavarro/Desktop/WRF/BUILD_WRF/WRF/external/io_netcdf -I/home/hnavarro/Desktop/WRF/BUILD_WRF/WRF/external/io_int -I/home/hnavarro/Desktop/WRF/BUILD_WRF/WRF/frame -I/home/hnavarro/Desktop/WRF/BUILD_WRF/WRF/share -I/home/hnavarro/Desktop/WRF/BUILD_WRF/WRF/phys -I/home/hnavarro/Desktop/WRF/BUILD_WRF/WRF/wrftladj -I/home/hnavarro/Desktop/WRF/BUILD_WRF/WRF/chem -I/home/hnavarro/Desktop/WRF/BUILD_WRF/WRF/inc -I/home/hnavarro/Desktop/WRF/Install-WRF-Chem/LIBRARIES/netcdf/include    module_sf_pxlsm_data.f90
0.03user 0.03system 0:00.06elapsed 100%CPU (0avgtext+0avgdata 18304maxresident)k
0inputs+120outputs (0major+7650minor)pagefaults 0swaps
rm -f module_sf_ruclsm.o
/home/hnavarro/Desktop/WRF/BUILD_WRF/WRF/tools/standard.exe module_sf_ruclsm.F > module_sf_ruclsm.b 
/lib/cpp -P -nostdinc -I/home/hnavarro/Desktop/WRF/BUILD_WRF/WRF/inc -DEM_CORE=1 -DNMM_CORE=0 -DNMM_MAX_DIM=2600 -DDA_CORE=0 -DWRFPLUS=0 -DIWORDSIZE=4 -DDWORDSIZE=8 -DRWORDSIZE=4 -DLWORDSIZE=4 -DNONSTANDARD_SYSTEM_SUBR  -DWRF_USE_CLM  -DDM_PARALLEL -DNETCDF -DLANDREAD_STUB=1 -DUSE_ALLOCATABLES -Dwrfmodel -DGRIB1 -DINTIO -DKEEP_INT_AROUND -DLIMIT_ARGS -DBUILD_RRTMG_FAST=0 -DBUILD_RRTMK=0 -DBUILD_SBM_FAST=1 -DSHOW_ALL_VARS_USED=0 -DCONFIG_BUF_LEN=65536 -DMAX_DOMAINS_F=21 -DMAX_HISTORY=25 -DNMM_NEST=0 -DWRF_CHEM -DBUILD_CHEM=1 -I. -traditional-cpp   module_sf_ruclsm.b  > module_sf_ruclsm.f90
rm -f module_sf_ruclsm.b
time mpif90 -f90=gfortran -c  -O2 -ftree-vectorize -funroll-loops -w -ffree-form -ffree-line-length-none -fconvert=big-endian -frecord-marker=4 -fallow-argument-mismatch -fallow-invalid-boz  -I../dyn_em  -I/home/hnavarro/Desktop/WRF/BUILD_WRF/WRF/external/esmf_time_f90  -I/home/hnavarro/Desktop/WRF/BUILD_WRF/WRF/main -I/home/hnavarro/Desktop/WRF/BUILD_WRF/WRF/external/io_netcdf -I/home/hnavarro/Desktop/WRF/BUILD_WRF/WRF/external/io_int -I/home/hnavarro/Desktop/WRF/BUILD_WRF/WRF/frame -I/home/hnavarro/Desktop/WRF/BUILD_WRF/WRF/share -I/home/hnavarro/Desktop/WRF/BUILD_WRF/WRF/phys -I/home/hnavarro/Desktop/WRF/BUILD_WRF/WRF/wrftladj -I/home/hnavarro/Desktop/WRF/BUILD_WRF/WRF/chem -I/home/hnavarro/Desktop/WRF/BUILD_WRF/WRF/inc -I/home/hnavarro/Desktop/WRF/Install-WRF-Chem/LIBRARIES/netcdf/include    module_sf_ruclsm.f90
2.66user 0.08system 0:02.74elapsed 99%CPU (0avgtext+0avgdata 123908maxresident)k
0inputs+2288outputs (0major+33312minor)pagefaults 0swaps
rm -f module_sf_sfcdiags.o
sed -e "s/^\!.*'.*//" -e "s/^ *\!.*'.*//" module_sf_sfcdiags.F > module_sf_sfcdiags.G
/lib/cpp -P -nostdinc -I/home/hnavarro/Desktop/WRF/BUILD_WRF/WRF/inc -DEM_CORE=1 -DNMM_CORE=0 -DNMM_MAX_DIM=2600 -DDA_CORE=0 -DWRFPLUS=0 -DIWORDSIZE=4 -DDWORDSIZE=8 -DRWORDSIZE=4 -DLWORDSIZE=4 -DNONSTANDARD_SYSTEM_SUBR  -DWRF_USE_CLM  -DDM_PARALLEL -DNETCDF -DLANDREAD_STUB=1 -DUSE_ALLOCATABLES -Dwrfmodel -DGRIB1 -DINTIO -DKEEP_INT_AROUND -DLIMIT_ARGS -DBUILD_RRTMG_FAST=0 -DBUILD_RRTMK=0 -DBUILD_SBM_FAST=1 -DSHOW_ALL_VARS_USED=0 -DCONFIG_BUF_LEN=65536 -DMAX_DOMAINS_F=21 -DMAX_HISTORY=25 -DNMM_NEST=0 -DWRF_CHEM -DBUILD_CHEM=1 -I. -traditional-cpp   module_sf_sfcdiags.G  > module_sf_sfcdiags.bb
/home/hnavarro/Desktop/WRF/BUILD_WRF/WRF/tools/standard.exe module_sf_sfcdiags.bb | /lib/cpp -P -nostdinc -traditional-cpp > module_sf_sfcdiags.f90
rm -f module_sf_sfcdiags.G module_sf_sfcdiags.bb
time mpif90 -f90=gfortran -o module_sf_sfcdiags.o -c -O2 -ftree-vectorize -funroll-loops -w -ffree-form -ffree-line-length-none -fconvert=big-endian -frecord-marker=4 -fallow-argument-mismatch -fallow-invalid-boz   -I../dyn_em  -I/home/hnavarro/Desktop/WRF/BUILD_WRF/WRF/external/esmf_time_f90  -I/home/hnavarro/Desktop/WRF/BUILD_WRF/WRF/main -I/home/hnavarro/Desktop/WRF/BUILD_WRF/WRF/external/io_netcdf -I/home/hnavarro/Desktop/WRF/BUILD_WRF/WRF/external/io_int -I/home/hnavarro/Desktop/WRF/BUILD_WRF/WRF/frame -I/home/hnavarro/Desktop/WRF/BUILD_WRF/WRF/share -I/home/hnavarro/Desktop/WRF/BUILD_WRF/WRF/phys -I/home/hnavarro/Desktop/WRF/BUILD_WRF/WRF/wrftladj -I/home/hnavarro/Desktop/WRF/BUILD_WRF/WRF/chem -I/home/hnavarro/Desktop/WRF/BUILD_WRF/WRF/inc -I/home/hnavarro/Desktop/WRF/Install-WRF-Chem/LIBRARIES/netcdf/include    module_sf_sfcdiags.f90
0.06user 0.04system 0:00.11elapsed 100%CPU (0avgtext+0avgdata 29440maxresident)k
0inputs+40outputs (0major+8107minor)pagefaults 0swaps
rm -f module_sf_sfcdiags_ruclsm.o
sed -e "s/^\!.*'.*//" -e "s/^ *\!.*'.*//" module_sf_sfcdiags_ruclsm.F > module_sf_sfcdiags_ruclsm.G
/lib/cpp -P -nostdinc -I/home/hnavarro/Desktop/WRF/BUILD_WRF/WRF/inc -DEM_CORE=1 -DNMM_CORE=0 -DNMM_MAX_DIM=2600 -DDA_CORE=0 -DWRFPLUS=0 -DIWORDSIZE=4 -DDWORDSIZE=8 -DRWORDSIZE=4 -DLWORDSIZE=4 -DNONSTANDARD_SYSTEM_SUBR  -DWRF_USE_CLM  -DDM_PARALLEL -DNETCDF -DLANDREAD_STUB=1 -DUSE_ALLOCATABLES -Dwrfmodel -DGRIB1 -DINTIO -DKEEP_INT_AROUND -DLIMIT_ARGS -DBUILD_RRTMG_FAST=0 -DBUILD_RRTMK=0 -DBUILD_SBM_FAST=1 -DSHOW_ALL_VARS_USED=0 -DCONFIG_BUF_LEN=65536 -DMAX_DOMAINS_F=21 -DMAX_HISTORY=25 -DNMM_NEST=0 -DWRF_CHEM -DBUILD_CHEM=1 -I. -traditional-cpp   module_sf_sfcdiags_ruclsm.G  > module_sf_sfcdiags_ruclsm.bb
/home/hnavarro/Desktop/WRF/BUILD_WRF/WRF/tools/standard.exe module_sf_sfcdiags_ruclsm.bb | /lib/cpp -P -nostdinc -traditional-cpp > module_sf_sfcdiags_ruclsm.f90
rm -f module_sf_sfcdiags_ruclsm.G module_sf_sfcdiags_ruclsm.bb
time mpif90 -f90=gfortran -o module_sf_sfcdiags_ruclsm.o -c -O2 -ftree-vectorize -funroll-loops -w -ffree-form -ffree-line-length-none -fconvert=big-endian -frecord-marker=4 -fallow-argument-mismatch -fallow-invalid-boz   -I../dyn_em  -I/home/hnavarro/Desktop/WRF/BUILD_WRF/WRF/external/esmf_time_f90  -I/home/hnavarro/Desktop/WRF/BUILD_WRF/WRF/main -I/home/hnavarro/Desktop/WRF/BUILD_WRF/WRF/external/io_netcdf -I/home/hnavarro/Desktop/WRF/BUILD_WRF/WRF/external/io_int -I/home/hnavarro/Desktop/WRF/BUILD_WRF/WRF/frame -I/home/hnavarro/Desktop/WRF/BUILD_WRF/WRF/share -I/home/hnavarro/Desktop/WRF/BUILD_WRF/WRF/phys -I/home/hnavarro/Desktop/WRF/BUILD_WRF/WRF/wrftladj -I/home/hnavarro/Desktop/WRF/BUILD_WRF/WRF/chem -I/home/hnavarro/Desktop/WRF/BUILD_WRF/WRF/inc -I/home/hnavarro/Desktop/WRF/Install-WRF-Chem/LIBRARIES/netcdf/include    module_sf_sfcdiags_ruclsm.f90
0.06user 0.05system 0:00.12elapsed 97%CPU (0avgtext+0avgdata 29952maxresident)k
0inputs+48outputs (0major+8207minor)pagefaults 0swaps
rm -f module_sf_sstskin.o
sed -e "s/^\!.*'.*//" -e "s/^ *\!.*'.*//" module_sf_sstskin.F > module_sf_sstskin.G
/lib/cpp -P -nostdinc -I/home/hnavarro/Desktop/WRF/BUILD_WRF/WRF/inc -DEM_CORE=1 -DNMM_CORE=0 -DNMM_MAX_DIM=2600 -DDA_CORE=0 -DWRFPLUS=0 -DIWORDSIZE=4 -DDWORDSIZE=8 -DRWORDSIZE=4 -DLWORDSIZE=4 -DNONSTANDARD_SYSTEM_SUBR  -DWRF_USE_CLM  -DDM_PARALLEL -DNETCDF -DLANDREAD_STUB=1 -DUSE_ALLOCATABLES -Dwrfmodel -DGRIB1 -DINTIO -DKEEP_INT_AROUND -DLIMIT_ARGS -DBUILD_RRTMG_FAST=0 -DBUILD_RRTMK=0 -DBUILD_SBM_FAST=1 -DSHOW_ALL_VARS_USED=0 -DCONFIG_BUF_LEN=65536 -DMAX_DOMAINS_F=21 -DMAX_HISTORY=25 -DNMM_NEST=0 -DWRF_CHEM -DBUILD_CHEM=1 -I. -traditional-cpp   module_sf_sstskin.G  > module_sf_sstskin.bb
/home/hnavarro/Desktop/WRF/BUILD_WRF/WRF/tools/standard.exe module_sf_sstskin.bb | /lib/cpp -P -nostdinc -traditional-cpp > module_sf_sstskin.f90
rm -f module_sf_sstskin.G module_sf_sstskin.bb
time mpif90 -f90=gfortran -o module_sf_sstskin.o -c -O2 -ftree-vectorize -funroll-loops -w -ffree-form -ffree-line-length-none -fconvert=big-endian -frecord-marker=4 -fallow-argument-mismatch -fallow-invalid-boz   -I../dyn_em  -I/home/hnavarro/Desktop/WRF/BUILD_WRF/WRF/external/esmf_time_f90  -I/home/hnavarro/Desktop/WRF/BUILD_WRF/WRF/main -I/home/hnavarro/Desktop/WRF/BUILD_WRF/WRF/external/io_netcdf -I/home/hnavarro/Desktop/WRF/BUILD_WRF/WRF/external/io_int -I/home/hnavarro/Desktop/WRF/BUILD_WRF/WRF/frame -I/home/hnavarro/Desktop/WRF/BUILD_WRF/WRF/share -I/home/hnavarro/Desktop/WRF/BUILD_WRF/WRF/phys -I/home/hnavarro/Desktop/WRF/BUILD_WRF/WRF/wrftladj -I/home/hnavarro/Desktop/WRF/BUILD_WRF/WRF/chem -I/home/hnavarro/Desktop/WRF/BUILD_WRF/WRF/inc -I/home/hnavarro/Desktop/WRF/Install-WRF-Chem/LIBRARIES/netcdf/include    module_sf_sstskin.f90
0.04user 0.04system 0:00.08elapsed 97%CPU (0avgtext+0avgdata 29824maxresident)k
0inputs+40outputs (0major+8093minor)pagefaults 0swaps
rm -f module_sf_tmnupdate.o
sed -e "s/^\!.*'.*//" -e "s/^ *\!.*'.*//" module_sf_tmnupdate.F > module_sf_tmnupdate.G
/lib/cpp -P -nostdinc -I/home/hnavarro/Desktop/WRF/BUILD_WRF/WRF/inc -DEM_CORE=1 -DNMM_CORE=0 -DNMM_MAX_DIM=2600 -DDA_CORE=0 -DWRFPLUS=0 -DIWORDSIZE=4 -DDWORDSIZE=8 -DRWORDSIZE=4 -DLWORDSIZE=4 -DNONSTANDARD_SYSTEM_SUBR  -DWRF_USE_CLM  -DDM_PARALLEL -DNETCDF -DLANDREAD_STUB=1 -DUSE_ALLOCATABLES -Dwrfmodel -DGRIB1 -DINTIO -DKEEP_INT_AROUND -DLIMIT_ARGS -DBUILD_RRTMG_FAST=0 -DBUILD_RRTMK=0 -DBUILD_SBM_FAST=1 -DSHOW_ALL_VARS_USED=0 -DCONFIG_BUF_LEN=65536 -DMAX_DOMAINS_F=21 -DMAX_HISTORY=25 -DNMM_NEST=0 -DWRF_CHEM -DBUILD_CHEM=1 -I. -traditional-cpp   module_sf_tmnupdate.G  > module_sf_tmnupdate.bb
/home/hnavarro/Desktop/WRF/BUILD_WRF/WRF/tools/standard.exe module_sf_tmnupdate.bb | /lib/cpp -P -nostdinc -traditional-cpp > module_sf_tmnupdate.f90
rm -f module_sf_tmnupdate.G module_sf_tmnupdate.bb
time mpif90 -f90=gfortran -o module_sf_tmnupdate.o -c -O2 -ftree-vectorize -funroll-loops -w -ffree-form -ffree-line-length-none -fconvert=big-endian -frecord-marker=4 -fallow-argument-mismatch -fallow-invalid-boz   -I../dyn_em  -I/home/hnavarro/Desktop/WRF/BUILD_WRF/WRF/external/esmf_time_f90  -I/home/hnavarro/Desktop/WRF/BUILD_WRF/WRF/main -I/home/hnavarro/Desktop/WRF/BUILD_WRF/WRF/external/io_netcdf -I/home/hnavarro/Desktop/WRF/BUILD_WRF/WRF/external/io_int -I/home/hnavarro/Desktop/WRF/BUILD_WRF/WRF/frame -I/home/hnavarro/Desktop/WRF/BUILD_WRF/WRF/share -I/home/hnavarro/Desktop/WRF/BUILD_WRF/WRF/phys -I/home/hnavarro/Desktop/WRF/BUILD_WRF/WRF/wrftladj -I/home/hnavarro/Desktop/WRF/BUILD_WRF/WRF/chem -I/home/hnavarro/Desktop/WRF/BUILD_WRF/WRF/inc -I/home/hnavarro/Desktop/WRF/Install-WRF-Chem/LIBRARIES/netcdf/include    module_sf_tmnupdate.f90
0.10user 0.04system 0:00.15elapsed 100%CPU (0avgtext+0avgdata 34920maxresident)k
0inputs+72outputs (0major+9325minor)pagefaults 0swaps
rm -f module_sf_oml.o
sed -e "s/^\!.*'.*//" -e "s/^ *\!.*'.*//" module_sf_oml.F > module_sf_oml.G
/lib/cpp -P -nostdinc -I/home/hnavarro/Desktop/WRF/BUILD_WRF/WRF/inc -DEM_CORE=1 -DNMM_CORE=0 -DNMM_MAX_DIM=2600 -DDA_CORE=0 -DWRFPLUS=0 -DIWORDSIZE=4 -DDWORDSIZE=8 -DRWORDSIZE=4 -DLWORDSIZE=4 -DNONSTANDARD_SYSTEM_SUBR  -DWRF_USE_CLM  -DDM_PARALLEL -DNETCDF -DLANDREAD_STUB=1 -DUSE_ALLOCATABLES -Dwrfmodel -DGRIB1 -DINTIO -DKEEP_INT_AROUND -DLIMIT_ARGS -DBUILD_RRTMG_FAST=0 -DBUILD_RRTMK=0 -DBUILD_SBM_FAST=1 -DSHOW_ALL_VARS_USED=0 -DCONFIG_BUF_LEN=65536 -DMAX_DOMAINS_F=21 -DMAX_HISTORY=25 -DNMM_NEST=0 -DWRF_CHEM -DBUILD_CHEM=1 -I. -traditional-cpp   module_sf_oml.G  > module_sf_oml.bb
/home/hnavarro/Desktop/WRF/BUILD_WRF/WRF/tools/standard.exe module_sf_oml.bb | /lib/cpp -P -nostdinc -traditional-cpp > module_sf_oml.f90
rm -f module_sf_oml.G module_sf_oml.bb
time mpif90 -f90=gfortran -o module_sf_oml.o -c -O2 -ftree-vectorize -funroll-loops -w -ffree-form -ffree-line-length-none -fconvert=big-endian -frecord-marker=4 -fallow-argument-mismatch -fallow-invalid-boz   -I../dyn_em  -I/home/hnavarro/Desktop/WRF/BUILD_WRF/WRF/external/esmf_time_f90  -I/home/hnavarro/Desktop/WRF/BUILD_WRF/WRF/main -I/home/hnavarro/Desktop/WRF/BUILD_WRF/WRF/external/io_netcdf -I/home/hnavarro/Desktop/WRF/BUILD_WRF/WRF/external/io_int -I/home/hnavarro/Desktop/WRF/BUILD_WRF/WRF/frame -I/home/hnavarro/Desktop/WRF/BUILD_WRF/WRF/share -I/home/hnavarro/Desktop/WRF/BUILD_WRF/WRF/phys -I/home/hnavarro/Desktop/WRF/BUILD_WRF/WRF/wrftladj -I/home/hnavarro/Desktop/WRF/BUILD_WRF/WRF/chem -I/home/hnavarro/Desktop/WRF/BUILD_WRF/WRF/inc -I/home/hnavarro/Desktop/WRF/Install-WRF-Chem/LIBRARIES/netcdf/include    module_sf_oml.f90
0.13user 0.05system 0:00.19elapsed 96%CPU (0avgtext+0avgdata 32984maxresident)k
0inputs+88outputs (0major+9195minor)pagefaults 0swaps
rm -f module_sf_3dpwp.o
sed -e "s/^\!.*'.*//" -e "s/^ *\!.*'.*//" module_sf_3dpwp.F > module_sf_3dpwp.G
/lib/cpp -P -nostdinc -I/home/hnavarro/Desktop/WRF/BUILD_WRF/WRF/inc -DEM_CORE=1 -DNMM_CORE=0 -DNMM_MAX_DIM=2600 -DDA_CORE=0 -DWRFPLUS=0 -DIWORDSIZE=4 -DDWORDSIZE=8 -DRWORDSIZE=4 -DLWORDSIZE=4 -DNONSTANDARD_SYSTEM_SUBR  -DWRF_USE_CLM  -DDM_PARALLEL -DNETCDF -DLANDREAD_STUB=1 -DUSE_ALLOCATABLES -Dwrfmodel -DGRIB1 -DINTIO -DKEEP_INT_AROUND -DLIMIT_ARGS -DBUILD_RRTMG_FAST=0 -DBUILD_RRTMK=0 -DBUILD_SBM_FAST=1 -DSHOW_ALL_VARS_USED=0 -DCONFIG_BUF_LEN=65536 -DMAX_DOMAINS_F=21 -DMAX_HISTORY=25 -DNMM_NEST=0 -DWRF_CHEM -DBUILD_CHEM=1 -I. -traditional-cpp   module_sf_3dpwp.G  > module_sf_3dpwp.bb
/home/hnavarro/Desktop/WRF/BUILD_WRF/WRF/tools/standard.exe module_sf_3dpwp.bb | /lib/cpp -P -nostdinc -traditional-cpp > module_sf_3dpwp.f90
rm -f module_sf_3dpwp.G module_sf_3dpwp.bb
time mpif90 -f90=gfortran -o module_sf_3dpwp.o -c -O2 -ftree-vectorize -funroll-loops -w -ffree-form -ffree-line-length-none -fconvert=big-endian -frecord-marker=4 -fallow-argument-mismatch -fallow-invalid-boz   -I../dyn_em  -I/home/hnavarro/Desktop/WRF/BUILD_WRF/WRF/external/esmf_time_f90  -I/home/hnavarro/Desktop/WRF/BUILD_WRF/WRF/main -I/home/hnavarro/Desktop/WRF/BUILD_WRF/WRF/external/io_netcdf -I/home/hnavarro/Desktop/WRF/BUILD_WRF/WRF/external/io_int -I/home/hnavarro/Desktop/WRF/BUILD_WRF/WRF/frame -I/home/hnavarro/Desktop/WRF/BUILD_WRF/WRF/share -I/home/hnavarro/Desktop/WRF/BUILD_WRF/WRF/phys -I/home/hnavarro/Desktop/WRF/BUILD_WRF/WRF/wrftladj -I/home/hnavarro/Desktop/WRF/BUILD_WRF/WRF/chem -I/home/hnavarro/Desktop/WRF/BUILD_WRF/WRF/inc -I/home/hnavarro/Desktop/WRF/Install-WRF-Chem/LIBRARIES/netcdf/include    module_sf_3dpwp.f90
1.63user 0.10system 0:01.75elapsed 99%CPU (0avgtext+0avgdata 115928maxresident)k
0inputs+608outputs (0major+31888minor)pagefaults 0swaps
rm -f module_sf_qnsesfc.o
sed -e "s/^\!.*'.*//" -e "s/^ *\!.*'.*//" module_sf_qnsesfc.F > module_sf_qnsesfc.G
/lib/cpp -P -nostdinc -I/home/hnavarro/Desktop/WRF/BUILD_WRF/WRF/inc -DEM_CORE=1 -DNMM_CORE=0 -DNMM_MAX_DIM=2600 -DDA_CORE=0 -DWRFPLUS=0 -DIWORDSIZE=4 -DDWORDSIZE=8 -DRWORDSIZE=4 -DLWORDSIZE=4 -DNONSTANDARD_SYSTEM_SUBR  -DWRF_USE_CLM  -DDM_PARALLEL -DNETCDF -DLANDREAD_STUB=1 -DUSE_ALLOCATABLES -Dwrfmodel -DGRIB1 -DINTIO -DKEEP_INT_AROUND -DLIMIT_ARGS -DBUILD_RRTMG_FAST=0 -DBUILD_RRTMK=0 -DBUILD_SBM_FAST=1 -DSHOW_ALL_VARS_USED=0 -DCONFIG_BUF_LEN=65536 -DMAX_DOMAINS_F=21 -DMAX_HISTORY=25 -DNMM_NEST=0 -DWRF_CHEM -DBUILD_CHEM=1 -I. -traditional-cpp   module_sf_qnsesfc.G  > module_sf_qnsesfc.bb
/home/hnavarro/Desktop/WRF/BUILD_WRF/WRF/tools/standard.exe module_sf_qnsesfc.bb | /lib/cpp -P -nostdinc -traditional-cpp > module_sf_qnsesfc.f90
rm -f module_sf_qnsesfc.G module_sf_qnsesfc.bb
time mpif90 -f90=gfortran -o module_sf_qnsesfc.o -c -O2 -ftree-vectorize -funroll-loops -w -ffree-form -ffree-line-length-none -fconvert=big-endian -frecord-marker=4 -fallow-argument-mismatch -fallow-invalid-boz   -I../dyn_em  -I/home/hnavarro/Desktop/WRF/BUILD_WRF/WRF/external/esmf_time_f90  -I/home/hnavarro/Desktop/WRF/BUILD_WRF/WRF/main -I/home/hnavarro/Desktop/WRF/BUILD_WRF/WRF/external/io_netcdf -I/home/hnavarro/Desktop/WRF/BUILD_WRF/WRF/external/io_int -I/home/hnavarro/Desktop/WRF/BUILD_WRF/WRF/frame -I/home/hnavarro/Desktop/WRF/BUILD_WRF/WRF/share -I/home/hnavarro/Desktop/WRF/BUILD_WRF/WRF/phys -I/home/hnavarro/Desktop/WRF/BUILD_WRF/WRF/wrftladj -I/home/hnavarro/Desktop/WRF/BUILD_WRF/WRF/chem -I/home/hnavarro/Desktop/WRF/BUILD_WRF/WRF/inc -I/home/hnavarro/Desktop/WRF/Install-WRF-Chem/LIBRARIES/netcdf/include    module_sf_qnsesfc.f90
0.46user 0.05system 0:00.52elapsed 99%CPU (0avgtext+0avgdata 48704maxresident)k
0inputs+512outputs (0major+13814minor)pagefaults 0swaps
rm -f module_sf_fogdes.o
sed -e "s/^\!.*'.*//" -e "s/^ *\!.*'.*//" module_sf_fogdes.F > module_sf_fogdes.G
/lib/cpp -P -nostdinc -I/home/hnavarro/Desktop/WRF/BUILD_WRF/WRF/inc -DEM_CORE=1 -DNMM_CORE=0 -DNMM_MAX_DIM=2600 -DDA_CORE=0 -DWRFPLUS=0 -DIWORDSIZE=4 -DDWORDSIZE=8 -DRWORDSIZE=4 -DLWORDSIZE=4 -DNONSTANDARD_SYSTEM_SUBR  -DWRF_USE_CLM  -DDM_PARALLEL -DNETCDF -DLANDREAD_STUB=1 -DUSE_ALLOCATABLES -Dwrfmodel -DGRIB1 -DINTIO -DKEEP_INT_AROUND -DLIMIT_ARGS -DBUILD_RRTMG_FAST=0 -DBUILD_RRTMK=0 -DBUILD_SBM_FAST=1 -DSHOW_ALL_VARS_USED=0 -DCONFIG_BUF_LEN=65536 -DMAX_DOMAINS_F=21 -DMAX_HISTORY=25 -DNMM_NEST=0 -DWRF_CHEM -DBUILD_CHEM=1 -I. -traditional-cpp   module_sf_fogdes.G  > module_sf_fogdes.bb
/home/hnavarro/Desktop/WRF/BUILD_WRF/WRF/tools/standard.exe module_sf_fogdes.bb | /lib/cpp -P -nostdinc -traditional-cpp > module_sf_fogdes.f90
rm -f module_sf_fogdes.G module_sf_fogdes.bb
time mpif90 -f90=gfortran -o module_sf_fogdes.o -c -O2 -ftree-vectorize -funroll-loops -w -ffree-form -ffree-line-length-none -fconvert=big-endian -frecord-marker=4 -fallow-argument-mismatch -fallow-invalid-boz   -I../dyn_em  -I/home/hnavarro/Desktop/WRF/BUILD_WRF/WRF/external/esmf_time_f90  -I/home/hnavarro/Desktop/WRF/BUILD_WRF/WRF/main -I/home/hnavarro/Desktop/WRF/BUILD_WRF/WRF/external/io_netcdf -I/home/hnavarro/Desktop/WRF/BUILD_WRF/WRF/external/io_int -I/home/hnavarro/Desktop/WRF/BUILD_WRF/WRF/frame -I/home/hnavarro/Desktop/WRF/BUILD_WRF/WRF/share -I/home/hnavarro/Desktop/WRF/BUILD_WRF/WRF/phys -I/home/hnavarro/Desktop/WRF/BUILD_WRF/WRF/wrftladj -I/home/hnavarro/Desktop/WRF/BUILD_WRF/WRF/chem -I/home/hnavarro/Desktop/WRF/BUILD_WRF/WRF/inc -I/home/hnavarro/Desktop/WRF/Install-WRF-Chem/LIBRARIES/netcdf/include    module_sf_fogdes.f90
0.09user 0.04system 0:00.14elapsed 100%CPU (0avgtext+0avgdata 30976maxresident)k
0inputs+64outputs (0major+8474minor)pagefaults 0swaps
rm -f module_sf_pxsfclay.o
sed -e "s/^\!.*'.*//" -e "s/^ *\!.*'.*//" module_sf_pxsfclay.F > module_sf_pxsfclay.G
/lib/cpp -P -nostdinc -I/home/hnavarro/Desktop/WRF/BUILD_WRF/WRF/inc -DEM_CORE=1 -DNMM_CORE=0 -DNMM_MAX_DIM=2600 -DDA_CORE=0 -DWRFPLUS=0 -DIWORDSIZE=4 -DDWORDSIZE=8 -DRWORDSIZE=4 -DLWORDSIZE=4 -DNONSTANDARD_SYSTEM_SUBR  -DWRF_USE_CLM  -DDM_PARALLEL -DNETCDF -DLANDREAD_STUB=1 -DUSE_ALLOCATABLES -Dwrfmodel -DGRIB1 -DINTIO -DKEEP_INT_AROUND -DLIMIT_ARGS -DBUILD_RRTMG_FAST=0 -DBUILD_RRTMK=0 -DBUILD_SBM_FAST=1 -DSHOW_ALL_VARS_USED=0 -DCONFIG_BUF_LEN=65536 -DMAX_DOMAINS_F=21 -DMAX_HISTORY=25 -DNMM_NEST=0 -DWRF_CHEM -DBUILD_CHEM=1 -I. -traditional-cpp   module_sf_pxsfclay.G  > module_sf_pxsfclay.bb
/home/hnavarro/Desktop/WRF/BUILD_WRF/WRF/tools/standard.exe module_sf_pxsfclay.bb | /lib/cpp -P -nostdinc -traditional-cpp > module_sf_pxsfclay.f90
rm -f module_sf_pxsfclay.G module_sf_pxsfclay.bb
time mpif90 -f90=gfortran -o module_sf_pxsfclay.o -c -O2 -ftree-vectorize -funroll-loops -w -ffree-form -ffree-line-length-none -fconvert=big-endian -frecord-marker=4 -fallow-argument-mismatch -fallow-invalid-boz   -I../dyn_em  -I/home/hnavarro/Desktop/WRF/BUILD_WRF/WRF/external/esmf_time_f90  -I/home/hnavarro/Desktop/WRF/BUILD_WRF/WRF/main -I/home/hnavarro/Desktop/WRF/BUILD_WRF/WRF/external/io_netcdf -I/home/hnavarro/Desktop/WRF/BUILD_WRF/WRF/external/io_int -I/home/hnavarro/Desktop/WRF/BUILD_WRF/WRF/frame -I/home/hnavarro/Desktop/WRF/BUILD_WRF/WRF/share -I/home/hnavarro/Desktop/WRF/BUILD_WRF/WRF/phys -I/home/hnavarro/Desktop/WRF/BUILD_WRF/WRF/wrftladj -I/home/hnavarro/Desktop/WRF/BUILD_WRF/WRF/chem -I/home/hnavarro/Desktop/WRF/BUILD_WRF/WRF/inc -I/home/hnavarro/Desktop/WRF/Install-WRF-Chem/LIBRARIES/netcdf/include    module_sf_pxsfclay.f90
0.16user 0.05system 0:00.21elapsed 100%CPU (0avgtext+0avgdata 39172maxresident)k
0inputs+176outputs (0major+10711minor)pagefaults 0swaps
rm -f module_sf_temfsfclay.o
sed -e "s/^\!.*'.*//" -e "s/^ *\!.*'.*//" module_sf_temfsfclay.F > module_sf_temfsfclay.G
/lib/cpp -P -nostdinc -I/home/hnavarro/Desktop/WRF/BUILD_WRF/WRF/inc -DEM_CORE=1 -DNMM_CORE=0 -DNMM_MAX_DIM=2600 -DDA_CORE=0 -DWRFPLUS=0 -DIWORDSIZE=4 -DDWORDSIZE=8 -DRWORDSIZE=4 -DLWORDSIZE=4 -DNONSTANDARD_SYSTEM_SUBR  -DWRF_USE_CLM  -DDM_PARALLEL -DNETCDF -DLANDREAD_STUB=1 -DUSE_ALLOCATABLES -Dwrfmodel -DGRIB1 -DINTIO -DKEEP_INT_AROUND -DLIMIT_ARGS -DBUILD_RRTMG_FAST=0 -DBUILD_RRTMK=0 -DBUILD_SBM_FAST=1 -DSHOW_ALL_VARS_USED=0 -DCONFIG_BUF_LEN=65536 -DMAX_DOMAINS_F=21 -DMAX_HISTORY=25 -DNMM_NEST=0 -DWRF_CHEM -DBUILD_CHEM=1 -I. -traditional-cpp   module_sf_temfsfclay.G  > module_sf_temfsfclay.bb
/home/hnavarro/Desktop/WRF/BUILD_WRF/WRF/tools/standard.exe module_sf_temfsfclay.bb | /lib/cpp -P -nostdinc -traditional-cpp > module_sf_temfsfclay.f90
rm -f module_sf_temfsfclay.G module_sf_temfsfclay.bb
time mpif90 -f90=gfortran -o module_sf_temfsfclay.o -c -O2 -ftree-vectorize -funroll-loops -w -ffree-form -ffree-line-length-none -fconvert=big-endian -frecord-marker=4 -fallow-argument-mismatch -fallow-invalid-boz   -I../dyn_em  -I/home/hnavarro/Desktop/WRF/BUILD_WRF/WRF/external/esmf_time_f90  -I/home/hnavarro/Desktop/WRF/BUILD_WRF/WRF/main -I/home/hnavarro/Desktop/WRF/BUILD_WRF/WRF/external/io_netcdf -I/home/hnavarro/Desktop/WRF/BUILD_WRF/WRF/external/io_int -I/home/hnavarro/Desktop/WRF/BUILD_WRF/WRF/frame -I/home/hnavarro/Desktop/WRF/BUILD_WRF/WRF/share -I/home/hnavarro/Desktop/WRF/BUILD_WRF/WRF/phys -I/home/hnavarro/Desktop/WRF/BUILD_WRF/WRF/wrftladj -I/home/hnavarro/Desktop/WRF/BUILD_WRF/WRF/chem -I/home/hnavarro/Desktop/WRF/BUILD_WRF/WRF/inc -I/home/hnavarro/Desktop/WRF/Install-WRF-Chem/LIBRARIES/netcdf/include    module_sf_temfsfclay.f90
0.14user 0.05system 0:00.19elapsed 100%CPU (0avgtext+0avgdata 34536maxresident)k
0inputs+104outputs (0major+9412minor)pagefaults 0swaps
rm -f module_sf_idealscmsfclay.o
sed -e "s/^\!.*'.*//" -e "s/^ *\!.*'.*//" module_sf_idealscmsfclay.F > module_sf_idealscmsfclay.G
/lib/cpp -P -nostdinc -I/home/hnavarro/Desktop/WRF/BUILD_WRF/WRF/inc -DEM_CORE=1 -DNMM_CORE=0 -DNMM_MAX_DIM=2600 -DDA_CORE=0 -DWRFPLUS=0 -DIWORDSIZE=4 -DDWORDSIZE=8 -DRWORDSIZE=4 -DLWORDSIZE=4 -DNONSTANDARD_SYSTEM_SUBR  -DWRF_USE_CLM  -DDM_PARALLEL -DNETCDF -DLANDREAD_STUB=1 -DUSE_ALLOCATABLES -Dwrfmodel -DGRIB1 -DINTIO -DKEEP_INT_AROUND -DLIMIT_ARGS -DBUILD_RRTMG_FAST=0 -DBUILD_RRTMK=0 -DBUILD_SBM_FAST=1 -DSHOW_ALL_VARS_USED=0 -DCONFIG_BUF_LEN=65536 -DMAX_DOMAINS_F=21 -DMAX_HISTORY=25 -DNMM_NEST=0 -DWRF_CHEM -DBUILD_CHEM=1 -I. -traditional-cpp   module_sf_idealscmsfclay.G  > module_sf_idealscmsfclay.bb
/home/hnavarro/Desktop/WRF/BUILD_WRF/WRF/tools/standard.exe module_sf_idealscmsfclay.bb | /lib/cpp -P -nostdinc -traditional-cpp > module_sf_idealscmsfclay.f90
rm -f module_sf_idealscmsfclay.G module_sf_idealscmsfclay.bb
time mpif90 -f90=gfortran -o module_sf_idealscmsfclay.o -c -O2 -ftree-vectorize -funroll-loops -w -ffree-form -ffree-line-length-none -fconvert=big-endian -frecord-marker=4 -fallow-argument-mismatch -fallow-invalid-boz   -I../dyn_em  -I/home/hnavarro/Desktop/WRF/BUILD_WRF/WRF/external/esmf_time_f90  -I/home/hnavarro/Desktop/WRF/BUILD_WRF/WRF/main -I/home/hnavarro/Desktop/WRF/BUILD_WRF/WRF/external/io_netcdf -I/home/hnavarro/Desktop/WRF/BUILD_WRF/WRF/external/io_int -I/home/hnavarro/Desktop/WRF/BUILD_WRF/WRF/frame -I/home/hnavarro/Desktop/WRF/BUILD_WRF/WRF/share -I/home/hnavarro/Desktop/WRF/BUILD_WRF/WRF/phys -I/home/hnavarro/Desktop/WRF/BUILD_WRF/WRF/wrftladj -I/home/hnavarro/Desktop/WRF/BUILD_WRF/WRF/chem -I/home/hnavarro/Desktop/WRF/BUILD_WRF/WRF/inc -I/home/hnavarro/Desktop/WRF/Install-WRF-Chem/LIBRARIES/netcdf/include    module_sf_idealscmsfclay.f90
0.07user 0.04system 0:00.11elapsed 99%CPU (0avgtext+0avgdata 32116maxresident)k
0inputs+64outputs (0major+8732minor)pagefaults 0swaps
rm -f module_sf_scmflux.o
sed -e "s/^\!.*'.*//" -e "s/^ *\!.*'.*//" module_sf_scmflux.F > module_sf_scmflux.G
/lib/cpp -P -nostdinc -I/home/hnavarro/Desktop/WRF/BUILD_WRF/WRF/inc -DEM_CORE=1 -DNMM_CORE=0 -DNMM_MAX_DIM=2600 -DDA_CORE=0 -DWRFPLUS=0 -DIWORDSIZE=4 -DDWORDSIZE=8 -DRWORDSIZE=4 -DLWORDSIZE=4 -DNONSTANDARD_SYSTEM_SUBR  -DWRF_USE_CLM  -DDM_PARALLEL -DNETCDF -DLANDREAD_STUB=1 -DUSE_ALLOCATABLES -Dwrfmodel -DGRIB1 -DINTIO -DKEEP_INT_AROUND -DLIMIT_ARGS -DBUILD_RRTMG_FAST=0 -DBUILD_RRTMK=0 -DBUILD_SBM_FAST=1 -DSHOW_ALL_VARS_USED=0 -DCONFIG_BUF_LEN=65536 -DMAX_DOMAINS_F=21 -DMAX_HISTORY=25 -DNMM_NEST=0 -DWRF_CHEM -DBUILD_CHEM=1 -I. -traditional-cpp   module_sf_scmflux.G  > module_sf_scmflux.bb
/home/hnavarro/Desktop/WRF/BUILD_WRF/WRF/tools/standard.exe module_sf_scmflux.bb | /lib/cpp -P -nostdinc -traditional-cpp > module_sf_scmflux.f90
rm -f module_sf_scmflux.G module_sf_scmflux.bb
time mpif90 -f90=gfortran -o module_sf_scmflux.o -c -O2 -ftree-vectorize -funroll-loops -w -ffree-form -ffree-line-length-none -fconvert=big-endian -frecord-marker=4 -fallow-argument-mismatch -fallow-invalid-boz   -I../dyn_em  -I/home/hnavarro/Desktop/WRF/BUILD_WRF/WRF/external/esmf_time_f90  -I/home/hnavarro/Desktop/WRF/BUILD_WRF/WRF/main -I/home/hnavarro/Desktop/WRF/BUILD_WRF/WRF/external/io_netcdf -I/home/hnavarro/Desktop/WRF/BUILD_WRF/WRF/external/io_int -I/home/hnavarro/Desktop/WRF/BUILD_WRF/WRF/frame -I/home/hnavarro/Desktop/WRF/BUILD_WRF/WRF/share -I/home/hnavarro/Desktop/WRF/BUILD_WRF/WRF/phys -I/home/hnavarro/Desktop/WRF/BUILD_WRF/WRF/wrftladj -I/home/hnavarro/Desktop/WRF/BUILD_WRF/WRF/chem -I/home/hnavarro/Desktop/WRF/BUILD_WRF/WRF/inc -I/home/hnavarro/Desktop/WRF/Install-WRF-Chem/LIBRARIES/netcdf/include    module_sf_scmflux.f90
0.21user 0.04system 0:00.25elapsed 99%CPU (0avgtext+0avgdata 37652maxresident)k
0inputs+120outputs (0major+10143minor)pagefaults 0swaps
rm -f module_sf_scmskintemp.o
sed -e "s/^\!.*'.*//" -e "s/^ *\!.*'.*//" module_sf_scmskintemp.F > module_sf_scmskintemp.G
/lib/cpp -P -nostdinc -I/home/hnavarro/Desktop/WRF/BUILD_WRF/WRF/inc -DEM_CORE=1 -DNMM_CORE=0 -DNMM_MAX_DIM=2600 -DDA_CORE=0 -DWRFPLUS=0 -DIWORDSIZE=4 -DDWORDSIZE=8 -DRWORDSIZE=4 -DLWORDSIZE=4 -DNONSTANDARD_SYSTEM_SUBR  -DWRF_USE_CLM  -DDM_PARALLEL -DNETCDF -DLANDREAD_STUB=1 -DUSE_ALLOCATABLES -Dwrfmodel -DGRIB1 -DINTIO -DKEEP_INT_AROUND -DLIMIT_ARGS -DBUILD_RRTMG_FAST=0 -DBUILD_RRTMK=0 -DBUILD_SBM_FAST=1 -DSHOW_ALL_VARS_USED=0 -DCONFIG_BUF_LEN=65536 -DMAX_DOMAINS_F=21 -DMAX_HISTORY=25 -DNMM_NEST=0 -DWRF_CHEM -DBUILD_CHEM=1 -I. -traditional-cpp   module_sf_scmskintemp.G  > module_sf_scmskintemp.bb
/home/hnavarro/Desktop/WRF/BUILD_WRF/WRF/tools/standard.exe module_sf_scmskintemp.bb | /lib/cpp -P -nostdinc -traditional-cpp > module_sf_scmskintemp.f90
rm -f module_sf_scmskintemp.G module_sf_scmskintemp.bb
time mpif90 -f90=gfortran -o module_sf_scmskintemp.o -c -O2 -ftree-vectorize -funroll-loops -w -ffree-form -ffree-line-length-none -fconvert=big-endian -frecord-marker=4 -fallow-argument-mismatch -fallow-invalid-boz   -I../dyn_em  -I/home/hnavarro/Desktop/WRF/BUILD_WRF/WRF/external/esmf_time_f90  -I/home/hnavarro/Desktop/WRF/BUILD_WRF/WRF/main -I/home/hnavarro/Desktop/WRF/BUILD_WRF/WRF/external/io_netcdf -I/home/hnavarro/Desktop/WRF/BUILD_WRF/WRF/external/io_int -I/home/hnavarro/Desktop/WRF/BUILD_WRF/WRF/frame -I/home/hnavarro/Desktop/WRF/BUILD_WRF/WRF/share -I/home/hnavarro/Desktop/WRF/BUILD_WRF/WRF/phys -I/home/hnavarro/Desktop/WRF/BUILD_WRF/WRF/wrftladj -I/home/hnavarro/Desktop/WRF/BUILD_WRF/WRF/chem -I/home/hnavarro/Desktop/WRF/BUILD_WRF/WRF/inc -I/home/hnavarro/Desktop/WRF/Install-WRF-Chem/LIBRARIES/netcdf/include    module_sf_scmskintemp.f90
0.06user 0.05system 0:00.12elapsed 99%CPU (0avgtext+0avgdata 30080maxresident)k
0inputs+48outputs (0major+8190minor)pagefaults 0swaps
rm -f module_physics_addtendc.o
sed -e "s/^\!.*'.*//" -e "s/^ *\!.*'.*//" module_physics_addtendc.F > module_physics_addtendc.G
/lib/cpp -P -nostdinc -I/home/hnavarro/Desktop/WRF/BUILD_WRF/WRF/inc -DEM_CORE=1 -DNMM_CORE=0 -DNMM_MAX_DIM=2600 -DDA_CORE=0 -DWRFPLUS=0 -DIWORDSIZE=4 -DDWORDSIZE=8 -DRWORDSIZE=4 -DLWORDSIZE=4 -DNONSTANDARD_SYSTEM_SUBR  -DWRF_USE_CLM  -DDM_PARALLEL -DNETCDF -DLANDREAD_STUB=1 -DUSE_ALLOCATABLES -Dwrfmodel -DGRIB1 -DINTIO -DKEEP_INT_AROUND -DLIMIT_ARGS -DBUILD_RRTMG_FAST=0 -DBUILD_RRTMK=0 -DBUILD_SBM_FAST=1 -DSHOW_ALL_VARS_USED=0 -DCONFIG_BUF_LEN=65536 -DMAX_DOMAINS_F=21 -DMAX_HISTORY=25 -DNMM_NEST=0 -DWRF_CHEM -DBUILD_CHEM=1 -I. -traditional-cpp   module_physics_addtendc.G  > module_physics_addtendc.bb
/home/hnavarro/Desktop/WRF/BUILD_WRF/WRF/tools/standard.exe module_physics_addtendc.bb | /lib/cpp -P -nostdinc -traditional-cpp > module_physics_addtendc.f90
rm -f module_physics_addtendc.G module_physics_addtendc.bb
time mpif90 -f90=gfortran -o module_physics_addtendc.o -c -O2 -ftree-vectorize -funroll-loops -w -ffree-form -ffree-line-length-none -fconvert=big-endian -frecord-marker=4 -fallow-argument-mismatch -fallow-invalid-boz   -I../dyn_em  -I/home/hnavarro/Desktop/WRF/BUILD_WRF/WRF/external/esmf_time_f90  -I/home/hnavarro/Desktop/WRF/BUILD_WRF/WRF/main -I/home/hnavarro/Desktop/WRF/BUILD_WRF/WRF/external/io_netcdf -I/home/hnavarro/Desktop/WRF/BUILD_WRF/WRF/external/io_int -I/home/hnavarro/Desktop/WRF/BUILD_WRF/WRF/frame -I/home/hnavarro/Desktop/WRF/BUILD_WRF/WRF/share -I/home/hnavarro/Desktop/WRF/BUILD_WRF/WRF/phys -I/home/hnavarro/Desktop/WRF/BUILD_WRF/WRF/wrftladj -I/home/hnavarro/Desktop/WRF/BUILD_WRF/WRF/chem -I/home/hnavarro/Desktop/WRF/BUILD_WRF/WRF/inc -I/home/hnavarro/Desktop/WRF/Install-WRF-Chem/LIBRARIES/netcdf/include    module_physics_addtendc.f90
38.14user 0.49system 0:38.75elapsed 99%CPU (0avgtext+0avgdata 540440maxresident)k
0inputs+7424outputs (0major+186993minor)pagefaults 0swaps
rm -f module_sf_lake.o
sed -e "s/^\!.*'.*//" -e "s/^ *\!.*'.*//" module_sf_lake.F > module_sf_lake.G
/lib/cpp -P -nostdinc -I/home/hnavarro/Desktop/WRF/BUILD_WRF/WRF/inc -DEM_CORE=1 -DNMM_CORE=0 -DNMM_MAX_DIM=2600 -DDA_CORE=0 -DWRFPLUS=0 -DIWORDSIZE=4 -DDWORDSIZE=8 -DRWORDSIZE=4 -DLWORDSIZE=4 -DNONSTANDARD_SYSTEM_SUBR  -DWRF_USE_CLM  -DDM_PARALLEL -DNETCDF -DLANDREAD_STUB=1 -DUSE_ALLOCATABLES -Dwrfmodel -DGRIB1 -DINTIO -DKEEP_INT_AROUND -DLIMIT_ARGS -DBUILD_RRTMG_FAST=0 -DBUILD_RRTMK=0 -DBUILD_SBM_FAST=1 -DSHOW_ALL_VARS_USED=0 -DCONFIG_BUF_LEN=65536 -DMAX_DOMAINS_F=21 -DMAX_HISTORY=25 -DNMM_NEST=0 -DWRF_CHEM -DBUILD_CHEM=1 -I. -traditional-cpp   module_sf_lake.G  > module_sf_lake.bb
/home/hnavarro/Desktop/WRF/BUILD_WRF/WRF/tools/standard.exe module_sf_lake.bb | /lib/cpp -P -nostdinc -traditional-cpp > module_sf_lake.f90
rm -f module_sf_lake.G module_sf_lake.bb
time mpif90 -f90=gfortran -o module_sf_lake.o -c -O2 -ftree-vectorize -funroll-loops -w -ffree-form -ffree-line-length-none -fconvert=big-endian -frecord-marker=4 -fallow-argument-mismatch -fallow-invalid-boz   -I../dyn_em  -I/home/hnavarro/Desktop/WRF/BUILD_WRF/WRF/external/esmf_time_f90  -I/home/hnavarro/Desktop/WRF/BUILD_WRF/WRF/main -I/home/hnavarro/Desktop/WRF/BUILD_WRF/WRF/external/io_netcdf -I/home/hnavarro/Desktop/WRF/BUILD_WRF/WRF/external/io_int -I/home/hnavarro/Desktop/WRF/BUILD_WRF/WRF/frame -I/home/hnavarro/Desktop/WRF/BUILD_WRF/WRF/share -I/home/hnavarro/Desktop/WRF/BUILD_WRF/WRF/phys -I/home/hnavarro/Desktop/WRF/BUILD_WRF/WRF/wrftladj -I/home/hnavarro/Desktop/WRF/BUILD_WRF/WRF/chem -I/home/hnavarro/Desktop/WRF/BUILD_WRF/WRF/inc -I/home/hnavarro/Desktop/WRF/Install-WRF-Chem/LIBRARIES/netcdf/include    module_sf_lake.f90
1.93user 0.08system 0:02.02elapsed 99%CPU (0avgtext+0avgdata 99792maxresident)k
0inputs+1280outputs (0major+27144minor)pagefaults 0swaps
rm -f module_fdda_psufddagd.o
sed -e "s/^\!.*'.*//" -e "s/^ *\!.*'.*//" module_fdda_psufddagd.F > module_fdda_psufddagd.G
/lib/cpp -P -nostdinc -I/home/hnavarro/Desktop/WRF/BUILD_WRF/WRF/inc -DEM_CORE=1 -DNMM_CORE=0 -DNMM_MAX_DIM=2600 -DDA_CORE=0 -DWRFPLUS=0 -DIWORDSIZE=4 -DDWORDSIZE=8 -DRWORDSIZE=4 -DLWORDSIZE=4 -DNONSTANDARD_SYSTEM_SUBR  -DWRF_USE_CLM  -DDM_PARALLEL -DNETCDF -DLANDREAD_STUB=1 -DUSE_ALLOCATABLES -Dwrfmodel -DGRIB1 -DINTIO -DKEEP_INT_AROUND -DLIMIT_ARGS -DBUILD_RRTMG_FAST=0 -DBUILD_RRTMK=0 -DBUILD_SBM_FAST=1 -DSHOW_ALL_VARS_USED=0 -DCONFIG_BUF_LEN=65536 -DMAX_DOMAINS_F=21 -DMAX_HISTORY=25 -DNMM_NEST=0 -DWRF_CHEM -DBUILD_CHEM=1 -I. -traditional-cpp   module_fdda_psufddagd.G  > module_fdda_psufddagd.bb
/home/hnavarro/Desktop/WRF/BUILD_WRF/WRF/tools/standard.exe module_fdda_psufddagd.bb | /lib/cpp -P -nostdinc -traditional-cpp > module_fdda_psufddagd.f90
rm -f module_fdda_psufddagd.G module_fdda_psufddagd.bb
time mpif90 -f90=gfortran -o module_fdda_psufddagd.o -c -O2 -ftree-vectorize -funroll-loops -w -ffree-form -ffree-line-length-none -fconvert=big-endian -frecord-marker=4 -fallow-argument-mismatch -fallow-invalid-boz   -I../dyn_em  -I/home/hnavarro/Desktop/WRF/BUILD_WRF/WRF/external/esmf_time_f90  -I/home/hnavarro/Desktop/WRF/BUILD_WRF/WRF/main -I/home/hnavarro/Desktop/WRF/BUILD_WRF/WRF/external/io_netcdf -I/home/hnavarro/Desktop/WRF/BUILD_WRF/WRF/external/io_int -I/home/hnavarro/Desktop/WRF/BUILD_WRF/WRF/frame -I/home/hnavarro/Desktop/WRF/BUILD_WRF/WRF/share -I/home/hnavarro/Desktop/WRF/BUILD_WRF/WRF/phys -I/home/hnavarro/Desktop/WRF/BUILD_WRF/WRF/wrftladj -I/home/hnavarro/Desktop/WRF/BUILD_WRF/WRF/chem -I/home/hnavarro/Desktop/WRF/BUILD_WRF/WRF/inc -I/home/hnavarro/Desktop/WRF/Install-WRF-Chem/LIBRARIES/netcdf/include    module_fdda_psufddagd.f90
3.58user 0.10system 0:03.69elapsed 99%CPU (0avgtext+0avgdata 65060maxresident)k
0inputs+896outputs (0major+21762minor)pagefaults 0swaps
rm -f module_fdda_spnudging.o
sed -e "s/^\!.*'.*//" -e "s/^ *\!.*'.*//" module_fdda_spnudging.F > module_fdda_spnudging.G
/lib/cpp -P -nostdinc -I/home/hnavarro/Desktop/WRF/BUILD_WRF/WRF/inc -DEM_CORE=1 -DNMM_CORE=0 -DNMM_MAX_DIM=2600 -DDA_CORE=0 -DWRFPLUS=0 -DIWORDSIZE=4 -DDWORDSIZE=8 -DRWORDSIZE=4 -DLWORDSIZE=4 -DNONSTANDARD_SYSTEM_SUBR  -DWRF_USE_CLM  -DDM_PARALLEL -DNETCDF -DLANDREAD_STUB=1 -DUSE_ALLOCATABLES -Dwrfmodel -DGRIB1 -DINTIO -DKEEP_INT_AROUND -DLIMIT_ARGS -DBUILD_RRTMG_FAST=0 -DBUILD_RRTMK=0 -DBUILD_SBM_FAST=1 -DSHOW_ALL_VARS_USED=0 -DCONFIG_BUF_LEN=65536 -DMAX_DOMAINS_F=21 -DMAX_HISTORY=25 -DNMM_NEST=0 -DWRF_CHEM -DBUILD_CHEM=1 -I. -traditional-cpp   module_fdda_spnudging.G  > module_fdda_spnudging.bb
/home/hnavarro/Desktop/WRF/BUILD_WRF/WRF/tools/standard.exe module_fdda_spnudging.bb | /lib/cpp -P -nostdinc -traditional-cpp > module_fdda_spnudging.f90
rm -f module_fdda_spnudging.G module_fdda_spnudging.bb
time mpif90 -f90=gfortran -o module_fdda_spnudging.o -c -O2 -ftree-vectorize -funroll-loops -w -ffree-form -ffree-line-length-none -fconvert=big-endian -frecord-marker=4 -fallow-argument-mismatch -fallow-invalid-boz   -I../dyn_em  -I/home/hnavarro/Desktop/WRF/BUILD_WRF/WRF/external/esmf_time_f90  -I/home/hnavarro/Desktop/WRF/BUILD_WRF/WRF/main -I/home/hnavarro/Desktop/WRF/BUILD_WRF/WRF/external/io_netcdf -I/home/hnavarro/Desktop/WRF/BUILD_WRF/WRF/external/io_int -I/home/hnavarro/Desktop/WRF/BUILD_WRF/WRF/frame -I/home/hnavarro/Desktop/WRF/BUILD_WRF/WRF/share -I/home/hnavarro/Desktop/WRF/BUILD_WRF/WRF/phys -I/home/hnavarro/Desktop/WRF/BUILD_WRF/WRF/wrftladj -I/home/hnavarro/Desktop/WRF/BUILD_WRF/WRF/chem -I/home/hnavarro/Desktop/WRF/BUILD_WRF/WRF/inc -I/home/hnavarro/Desktop/WRF/Install-WRF-Chem/LIBRARIES/netcdf/include    module_fdda_spnudging.f90
1.64user 0.09system 0:01.74elapsed 99%CPU (0avgtext+0avgdata 87660maxresident)k
0inputs+800outputs (0major+24404minor)pagefaults 0swaps
rm -f module_fddaobs_rtfdda.o
sed -e "s/^\!.*'.*//" -e "s/^ *\!.*'.*//" module_fddaobs_rtfdda.F > module_fddaobs_rtfdda.G
/lib/cpp -P -nostdinc -I/home/hnavarro/Desktop/WRF/BUILD_WRF/WRF/inc -DEM_CORE=1 -DNMM_CORE=0 -DNMM_MAX_DIM=2600 -DDA_CORE=0 -DWRFPLUS=0 -DIWORDSIZE=4 -DDWORDSIZE=8 -DRWORDSIZE=4 -DLWORDSIZE=4 -DNONSTANDARD_SYSTEM_SUBR  -DWRF_USE_CLM  -DDM_PARALLEL -DNETCDF -DLANDREAD_STUB=1 -DUSE_ALLOCATABLES -Dwrfmodel -DGRIB1 -DINTIO -DKEEP_INT_AROUND -DLIMIT_ARGS -DBUILD_RRTMG_FAST=0 -DBUILD_RRTMK=0 -DBUILD_SBM_FAST=1 -DSHOW_ALL_VARS_USED=0 -DCONFIG_BUF_LEN=65536 -DMAX_DOMAINS_F=21 -DMAX_HISTORY=25 -DNMM_NEST=0 -DWRF_CHEM -DBUILD_CHEM=1 -I. -traditional-cpp   module_fddaobs_rtfdda.G  > module_fddaobs_rtfdda.bb
/home/hnavarro/Desktop/WRF/BUILD_WRF/WRF/tools/standard.exe module_fddaobs_rtfdda.bb | /lib/cpp -P -nostdinc -traditional-cpp > module_fddaobs_rtfdda.f90
rm -f module_fddaobs_rtfdda.G module_fddaobs_rtfdda.bb
time mpif90 -f90=gfortran -o module_fddaobs_rtfdda.o -c -O2 -ftree-vectorize -funroll-loops -w -ffree-form -ffree-line-length-none -fconvert=big-endian -frecord-marker=4 -fallow-argument-mismatch -fallow-invalid-boz   -I../dyn_em  -I/home/hnavarro/Desktop/WRF/BUILD_WRF/WRF/external/esmf_time_f90  -I/home/hnavarro/Desktop/WRF/BUILD_WRF/WRF/main -I/home/hnavarro/Desktop/WRF/BUILD_WRF/WRF/external/io_netcdf -I/home/hnavarro/Desktop/WRF/BUILD_WRF/WRF/external/io_int -I/home/hnavarro/Desktop/WRF/BUILD_WRF/WRF/frame -I/home/hnavarro/Desktop/WRF/BUILD_WRF/WRF/share -I/home/hnavarro/Desktop/WRF/BUILD_WRF/WRF/phys -I/home/hnavarro/Desktop/WRF/BUILD_WRF/WRF/wrftladj -I/home/hnavarro/Desktop/WRF/BUILD_WRF/WRF/chem -I/home/hnavarro/Desktop/WRF/BUILD_WRF/WRF/inc -I/home/hnavarro/Desktop/WRF/Install-WRF-Chem/LIBRARIES/netcdf/include    module_fddaobs_rtfdda.f90
2.68user 0.09system 0:02.78elapsed 99%CPU (0avgtext+0avgdata 95508maxresident)k
0inputs+952outputs (0major+26859minor)pagefaults 0swaps
rm -f module_wind_fitch.o
sed -e "s/^\!.*'.*//" -e "s/^ *\!.*'.*//" module_wind_fitch.F > module_wind_fitch.G
/lib/cpp -P -nostdinc -I/home/hnavarro/Desktop/WRF/BUILD_WRF/WRF/inc -DEM_CORE=1 -DNMM_CORE=0 -DNMM_MAX_DIM=2600 -DDA_CORE=0 -DWRFPLUS=0 -DIWORDSIZE=4 -DDWORDSIZE=8 -DRWORDSIZE=4 -DLWORDSIZE=4 -DNONSTANDARD_SYSTEM_SUBR  -DWRF_USE_CLM  -DDM_PARALLEL -DNETCDF -DLANDREAD_STUB=1 -DUSE_ALLOCATABLES -Dwrfmodel -DGRIB1 -DINTIO -DKEEP_INT_AROUND -DLIMIT_ARGS -DBUILD_RRTMG_FAST=0 -DBUILD_RRTMK=0 -DBUILD_SBM_FAST=1 -DSHOW_ALL_VARS_USED=0 -DCONFIG_BUF_LEN=65536 -DMAX_DOMAINS_F=21 -DMAX_HISTORY=25 -DNMM_NEST=0 -DWRF_CHEM -DBUILD_CHEM=1 -I. -traditional-cpp   module_wind_fitch.G  > module_wind_fitch.bb
/home/hnavarro/Desktop/WRF/BUILD_WRF/WRF/tools/standard.exe module_wind_fitch.bb | /lib/cpp -P -nostdinc -traditional-cpp > module_wind_fitch.f90
rm -f module_wind_fitch.G module_wind_fitch.bb
time mpif90 -f90=gfortran -o module_wind_fitch.o -c -O2 -ftree-vectorize -funroll-loops -w -ffree-form -ffree-line-length-none -fconvert=big-endian -frecord-marker=4 -fallow-argument-mismatch -fallow-invalid-boz   -I../dyn_em  -I/home/hnavarro/Desktop/WRF/BUILD_WRF/WRF/external/esmf_time_f90  -I/home/hnavarro/Desktop/WRF/BUILD_WRF/WRF/main -I/home/hnavarro/Desktop/WRF/BUILD_WRF/WRF/external/io_netcdf -I/home/hnavarro/Desktop/WRF/BUILD_WRF/WRF/external/io_int -I/home/hnavarro/Desktop/WRF/BUILD_WRF/WRF/frame -I/home/hnavarro/Desktop/WRF/BUILD_WRF/WRF/share -I/home/hnavarro/Desktop/WRF/BUILD_WRF/WRF/phys -I/home/hnavarro/Desktop/WRF/BUILD_WRF/WRF/wrftladj -I/home/hnavarro/Desktop/WRF/BUILD_WRF/WRF/chem -I/home/hnavarro/Desktop/WRF/BUILD_WRF/WRF/inc -I/home/hnavarro/Desktop/WRF/Install-WRF-Chem/LIBRARIES/netcdf/include    module_wind_fitch.f90
0.42user 0.09system 0:00.52elapsed 98%CPU (0avgtext+0avgdata 45044maxresident)k
0inputs+456outputs (0major+13835minor)pagefaults 0swaps
rm -f module_wind_mav.o
sed -e "s/^\!.*'.*//" -e "s/^ *\!.*'.*//" module_wind_mav.F > module_wind_mav.G
/lib/cpp -P -nostdinc -I/home/hnavarro/Desktop/WRF/BUILD_WRF/WRF/inc -DEM_CORE=1 -DNMM_CORE=0 -DNMM_MAX_DIM=2600 -DDA_CORE=0 -DWRFPLUS=0 -DIWORDSIZE=4 -DDWORDSIZE=8 -DRWORDSIZE=4 -DLWORDSIZE=4 -DNONSTANDARD_SYSTEM_SUBR  -DWRF_USE_CLM  -DDM_PARALLEL -DNETCDF -DLANDREAD_STUB=1 -DUSE_ALLOCATABLES -Dwrfmodel -DGRIB1 -DINTIO -DKEEP_INT_AROUND -DLIMIT_ARGS -DBUILD_RRTMG_FAST=0 -DBUILD_RRTMK=0 -DBUILD_SBM_FAST=1 -DSHOW_ALL_VARS_USED=0 -DCONFIG_BUF_LEN=65536 -DMAX_DOMAINS_F=21 -DMAX_HISTORY=25 -DNMM_NEST=0 -DWRF_CHEM -DBUILD_CHEM=1 -I. -traditional-cpp   module_wind_mav.G  > module_wind_mav.bb
/home/hnavarro/Desktop/WRF/BUILD_WRF/WRF/tools/standard.exe module_wind_mav.bb | /lib/cpp -P -nostdinc -traditional-cpp > module_wind_mav.f90
rm -f module_wind_mav.G module_wind_mav.bb
time mpif90 -f90=gfortran -o module_wind_mav.o -c -O2 -ftree-vectorize -funroll-loops -w -ffree-form -ffree-line-length-none -fconvert=big-endian -frecord-marker=4 -fallow-argument-mismatch -fallow-invalid-boz   -I../dyn_em  -I/home/hnavarro/Desktop/WRF/BUILD_WRF/WRF/external/esmf_time_f90  -I/home/hnavarro/Desktop/WRF/BUILD_WRF/WRF/main -I/home/hnavarro/Desktop/WRF/BUILD_WRF/WRF/external/io_netcdf -I/home/hnavarro/Desktop/WRF/BUILD_WRF/WRF/external/io_int -I/home/hnavarro/Desktop/WRF/BUILD_WRF/WRF/frame -I/home/hnavarro/Desktop/WRF/BUILD_WRF/WRF/share -I/home/hnavarro/Desktop/WRF/BUILD_WRF/WRF/phys -I/home/hnavarro/Desktop/WRF/BUILD_WRF/WRF/wrftladj -I/home/hnavarro/Desktop/WRF/BUILD_WRF/WRF/chem -I/home/hnavarro/Desktop/WRF/BUILD_WRF/WRF/inc -I/home/hnavarro/Desktop/WRF/Install-WRF-Chem/LIBRARIES/netcdf/include    module_wind_mav.f90
6.16user 0.22system 0:06.39elapsed 99%CPU (0avgtext+0avgdata 333488maxresident)k
0inputs+2072outputs (0major+95666minor)pagefaults 0swaps
rm -f module_dust_emis.o
sed -e "s/^\!.*'.*//" -e "s/^ *\!.*'.*//" module_dust_emis.F > module_dust_emis.G
/lib/cpp -P -nostdinc -I/home/hnavarro/Desktop/WRF/BUILD_WRF/WRF/inc -DEM_CORE=1 -DNMM_CORE=0 -DNMM_MAX_DIM=2600 -DDA_CORE=0 -DWRFPLUS=0 -DIWORDSIZE=4 -DDWORDSIZE=8 -DRWORDSIZE=4 -DLWORDSIZE=4 -DNONSTANDARD_SYSTEM_SUBR  -DWRF_USE_CLM  -DDM_PARALLEL -DNETCDF -DLANDREAD_STUB=1 -DUSE_ALLOCATABLES -Dwrfmodel -DGRIB1 -DINTIO -DKEEP_INT_AROUND -DLIMIT_ARGS -DBUILD_RRTMG_FAST=0 -DBUILD_RRTMK=0 -DBUILD_SBM_FAST=1 -DSHOW_ALL_VARS_USED=0 -DCONFIG_BUF_LEN=65536 -DMAX_DOMAINS_F=21 -DMAX_HISTORY=25 -DNMM_NEST=0 -DWRF_CHEM -DBUILD_CHEM=1 -I. -traditional-cpp   module_dust_emis.G  > module_dust_emis.bb
/home/hnavarro/Desktop/WRF/BUILD_WRF/WRF/tools/standard.exe module_dust_emis.bb | /lib/cpp -P -nostdinc -traditional-cpp > module_dust_emis.f90
rm -f module_dust_emis.G module_dust_emis.bb
time mpif90 -f90=gfortran -o module_dust_emis.o -c -O2 -ftree-vectorize -funroll-loops -w -ffree-form -ffree-line-length-none -fconvert=big-endian -frecord-marker=4 -fallow-argument-mismatch -fallow-invalid-boz   -I../dyn_em  -I/home/hnavarro/Desktop/WRF/BUILD_WRF/WRF/external/esmf_time_f90  -I/home/hnavarro/Desktop/WRF/BUILD_WRF/WRF/main -I/home/hnavarro/Desktop/WRF/BUILD_WRF/WRF/external/io_netcdf -I/home/hnavarro/Desktop/WRF/BUILD_WRF/WRF/external/io_int -I/home/hnavarro/Desktop/WRF/BUILD_WRF/WRF/frame -I/home/hnavarro/Desktop/WRF/BUILD_WRF/WRF/share -I/home/hnavarro/Desktop/WRF/BUILD_WRF/WRF/phys -I/home/hnavarro/Desktop/WRF/BUILD_WRF/WRF/wrftladj -I/home/hnavarro/Desktop/WRF/BUILD_WRF/WRF/chem -I/home/hnavarro/Desktop/WRF/BUILD_WRF/WRF/inc -I/home/hnavarro/Desktop/WRF/Install-WRF-Chem/LIBRARIES/netcdf/include    module_dust_emis.f90
0.11user 0.10system 0:00.22elapsed 99%CPU (0avgtext+0avgdata 31872maxresident)k
0inputs+56outputs (0major+8762minor)pagefaults 0swaps
rm -f module_irrigation.o
sed -e "s/^\!.*'.*//" -e "s/^ *\!.*'.*//" module_irrigation.F > module_irrigation.G
/lib/cpp -P -nostdinc -I/home/hnavarro/Desktop/WRF/BUILD_WRF/WRF/inc -DEM_CORE=1 -DNMM_CORE=0 -DNMM_MAX_DIM=2600 -DDA_CORE=0 -DWRFPLUS=0 -DIWORDSIZE=4 -DDWORDSIZE=8 -DRWORDSIZE=4 -DLWORDSIZE=4 -DNONSTANDARD_SYSTEM_SUBR  -DWRF_USE_CLM  -DDM_PARALLEL -DNETCDF -DLANDREAD_STUB=1 -DUSE_ALLOCATABLES -Dwrfmodel -DGRIB1 -DINTIO -DKEEP_INT_AROUND -DLIMIT_ARGS -DBUILD_RRTMG_FAST=0 -DBUILD_RRTMK=0 -DBUILD_SBM_FAST=1 -DSHOW_ALL_VARS_USED=0 -DCONFIG_BUF_LEN=65536 -DMAX_DOMAINS_F=21 -DMAX_HISTORY=25 -DNMM_NEST=0 -DWRF_CHEM -DBUILD_CHEM=1 -I. -traditional-cpp   module_irrigation.G  > module_irrigation.bb
/home/hnavarro/Desktop/WRF/BUILD_WRF/WRF/tools/standard.exe module_irrigation.bb | /lib/cpp -P -nostdinc -traditional-cpp > module_irrigation.f90
rm -f module_irrigation.G module_irrigation.bb
time mpif90 -f90=gfortran -o module_irrigation.o -c -O2 -ftree-vectorize -funroll-loops -w -ffree-form -ffree-line-length-none -fconvert=big-endian -frecord-marker=4 -fallow-argument-mismatch -fallow-invalid-boz   -I../dyn_em  -I/home/hnavarro/Desktop/WRF/BUILD_WRF/WRF/external/esmf_time_f90  -I/home/hnavarro/Desktop/WRF/BUILD_WRF/WRF/main -I/home/hnavarro/Desktop/WRF/BUILD_WRF/WRF/external/io_netcdf -I/home/hnavarro/Desktop/WRF/BUILD_WRF/WRF/external/io_int -I/home/hnavarro/Desktop/WRF/BUILD_WRF/WRF/frame -I/home/hnavarro/Desktop/WRF/BUILD_WRF/WRF/share -I/home/hnavarro/Desktop/WRF/BUILD_WRF/WRF/phys -I/home/hnavarro/Desktop/WRF/BUILD_WRF/WRF/wrftladj -I/home/hnavarro/Desktop/WRF/BUILD_WRF/WRF/chem -I/home/hnavarro/Desktop/WRF/BUILD_WRF/WRF/inc -I/home/hnavarro/Desktop/WRF/Install-WRF-Chem/LIBRARIES/netcdf/include    module_irrigation.f90
2.74user 0.12system 0:02.87elapsed 99%CPU (0avgtext+0avgdata 95120maxresident)k
0inputs+1488outputs (0major+27554minor)pagefaults 0swaps
rm -f module_microphysics_zero_out.o
sed -e "s/^\!.*'.*//" -e "s/^ *\!.*'.*//" module_microphysics_zero_out.F > module_microphysics_zero_out.G
/lib/cpp -P -nostdinc -I/home/hnavarro/Desktop/WRF/BUILD_WRF/WRF/inc -DEM_CORE=1 -DNMM_CORE=0 -DNMM_MAX_DIM=2600 -DDA_CORE=0 -DWRFPLUS=0 -DIWORDSIZE=4 -DDWORDSIZE=8 -DRWORDSIZE=4 -DLWORDSIZE=4 -DNONSTANDARD_SYSTEM_SUBR  -DWRF_USE_CLM  -DDM_PARALLEL -DNETCDF -DLANDREAD_STUB=1 -DUSE_ALLOCATABLES -Dwrfmodel -DGRIB1 -DINTIO -DKEEP_INT_AROUND -DLIMIT_ARGS -DBUILD_RRTMG_FAST=0 -DBUILD_RRTMK=0 -DBUILD_SBM_FAST=1 -DSHOW_ALL_VARS_USED=0 -DCONFIG_BUF_LEN=65536 -DMAX_DOMAINS_F=21 -DMAX_HISTORY=25 -DNMM_NEST=0 -DWRF_CHEM -DBUILD_CHEM=1 -I. -traditional-cpp   module_microphysics_zero_out.G  > module_microphysics_zero_out.bb
/home/hnavarro/Desktop/WRF/BUILD_WRF/WRF/tools/standard.exe module_microphysics_zero_out.bb | /lib/cpp -P -nostdinc -traditional-cpp > module_microphysics_zero_out.f90
rm -f module_microphysics_zero_out.G module_microphysics_zero_out.bb
time mpif90 -f90=gfortran -o module_microphysics_zero_out.o -c -O2 -ftree-vectorize -funroll-loops -w -ffree-form -ffree-line-length-none -fconvert=big-endian -frecord-marker=4 -fallow-argument-mismatch -fallow-invalid-boz   -I../dyn_em  -I/home/hnavarro/Desktop/WRF/BUILD_WRF/WRF/external/esmf_time_f90  -I/home/hnavarro/Desktop/WRF/BUILD_WRF/WRF/main -I/home/hnavarro/Desktop/WRF/BUILD_WRF/WRF/external/io_netcdf -I/home/hnavarro/Desktop/WRF/BUILD_WRF/WRF/external/io_int -I/home/hnavarro/Desktop/WRF/BUILD_WRF/WRF/frame -I/home/hnavarro/Desktop/WRF/BUILD_WRF/WRF/share -I/home/hnavarro/Desktop/WRF/BUILD_WRF/WRF/phys -I/home/hnavarro/Desktop/WRF/BUILD_WRF/WRF/wrftladj -I/home/hnavarro/Desktop/WRF/BUILD_WRF/WRF/chem -I/home/hnavarro/Desktop/WRF/BUILD_WRF/WRF/inc -I/home/hnavarro/Desktop/WRF/Install-WRF-Chem/LIBRARIES/netcdf/include    module_microphysics_zero_out.f90
0.11user 0.07system 0:00.20elapsed 98%CPU (0avgtext+0avgdata 30796maxresident)k
0inputs+72outputs (0major+8733minor)pagefaults 0swaps
rm -f module_ltng_crmpr92.o
sed -e "s/^\!.*'.*//" -e "s/^ *\!.*'.*//" module_ltng_crmpr92.F > module_ltng_crmpr92.G
/lib/cpp -P -nostdinc -I/home/hnavarro/Desktop/WRF/BUILD_WRF/WRF/inc -DEM_CORE=1 -DNMM_CORE=0 -DNMM_MAX_DIM=2600 -DDA_CORE=0 -DWRFPLUS=0 -DIWORDSIZE=4 -DDWORDSIZE=8 -DRWORDSIZE=4 -DLWORDSIZE=4 -DNONSTANDARD_SYSTEM_SUBR  -DWRF_USE_CLM  -DDM_PARALLEL -DNETCDF -DLANDREAD_STUB=1 -DUSE_ALLOCATABLES -Dwrfmodel -DGRIB1 -DINTIO -DKEEP_INT_AROUND -DLIMIT_ARGS -DBUILD_RRTMG_FAST=0 -DBUILD_RRTMK=0 -DBUILD_SBM_FAST=1 -DSHOW_ALL_VARS_USED=0 -DCONFIG_BUF_LEN=65536 -DMAX_DOMAINS_F=21 -DMAX_HISTORY=25 -DNMM_NEST=0 -DWRF_CHEM -DBUILD_CHEM=1 -I. -traditional-cpp   module_ltng_crmpr92.G  > module_ltng_crmpr92.bb
/home/hnavarro/Desktop/WRF/BUILD_WRF/WRF/tools/standard.exe module_ltng_crmpr92.bb | /lib/cpp -P -nostdinc -traditional-cpp > module_ltng_crmpr92.f90
rm -f module_ltng_crmpr92.G module_ltng_crmpr92.bb
time mpif90 -f90=gfortran -o module_ltng_crmpr92.o -c -O2 -ftree-vectorize -funroll-loops -w -ffree-form -ffree-line-length-none -fconvert=big-endian -frecord-marker=4 -fallow-argument-mismatch -fallow-invalid-boz   -I../dyn_em  -I/home/hnavarro/Desktop/WRF/BUILD_WRF/WRF/external/esmf_time_f90  -I/home/hnavarro/Desktop/WRF/BUILD_WRF/WRF/main -I/home/hnavarro/Desktop/WRF/BUILD_WRF/WRF/external/io_netcdf -I/home/hnavarro/Desktop/WRF/BUILD_WRF/WRF/external/io_int -I/home/hnavarro/Desktop/WRF/BUILD_WRF/WRF/frame -I/home/hnavarro/Desktop/WRF/BUILD_WRF/WRF/share -I/home/hnavarro/Desktop/WRF/BUILD_WRF/WRF/phys -I/home/hnavarro/Desktop/WRF/BUILD_WRF/WRF/wrftladj -I/home/hnavarro/Desktop/WRF/BUILD_WRF/WRF/chem -I/home/hnavarro/Desktop/WRF/BUILD_WRF/WRF/inc -I/home/hnavarro/Desktop/WRF/Install-WRF-Chem/LIBRARIES/netcdf/include    module_ltng_crmpr92.f90
1.64user 0.08system 0:01.73elapsed 99%CPU (0avgtext+0avgdata 57212maxresident)k
0inputs+160outputs (0major+18394minor)pagefaults 0swaps
rm -f module_ltng_cpmpr92z.o
sed -e "s/^\!.*'.*//" -e "s/^ *\!.*'.*//" module_ltng_cpmpr92z.F > module_ltng_cpmpr92z.G
/lib/cpp -P -nostdinc -I/home/hnavarro/Desktop/WRF/BUILD_WRF/WRF/inc -DEM_CORE=1 -DNMM_CORE=0 -DNMM_MAX_DIM=2600 -DDA_CORE=0 -DWRFPLUS=0 -DIWORDSIZE=4 -DDWORDSIZE=8 -DRWORDSIZE=4 -DLWORDSIZE=4 -DNONSTANDARD_SYSTEM_SUBR  -DWRF_USE_CLM  -DDM_PARALLEL -DNETCDF -DLANDREAD_STUB=1 -DUSE_ALLOCATABLES -Dwrfmodel -DGRIB1 -DINTIO -DKEEP_INT_AROUND -DLIMIT_ARGS -DBUILD_RRTMG_FAST=0 -DBUILD_RRTMK=0 -DBUILD_SBM_FAST=1 -DSHOW_ALL_VARS_USED=0 -DCONFIG_BUF_LEN=65536 -DMAX_DOMAINS_F=21 -DMAX_HISTORY=25 -DNMM_NEST=0 -DWRF_CHEM -DBUILD_CHEM=1 -I. -traditional-cpp   module_ltng_cpmpr92z.G  > module_ltng_cpmpr92z.bb
/home/hnavarro/Desktop/WRF/BUILD_WRF/WRF/tools/standard.exe module_ltng_cpmpr92z.bb | /lib/cpp -P -nostdinc -traditional-cpp > module_ltng_cpmpr92z.f90
rm -f module_ltng_cpmpr92z.G module_ltng_cpmpr92z.bb
time mpif90 -f90=gfortran -o module_ltng_cpmpr92z.o -c -O2 -ftree-vectorize -funroll-loops -w -ffree-form -ffree-line-length-none -fconvert=big-endian -frecord-marker=4 -fallow-argument-mismatch -fallow-invalid-boz   -I../dyn_em  -I/home/hnavarro/Desktop/WRF/BUILD_WRF/WRF/external/esmf_time_f90  -I/home/hnavarro/Desktop/WRF/BUILD_WRF/WRF/main -I/home/hnavarro/Desktop/WRF/BUILD_WRF/WRF/external/io_netcdf -I/home/hnavarro/Desktop/WRF/BUILD_WRF/WRF/external/io_int -I/home/hnavarro/Desktop/WRF/BUILD_WRF/WRF/frame -I/home/hnavarro/Desktop/WRF/BUILD_WRF/WRF/share -I/home/hnavarro/Desktop/WRF/BUILD_WRF/WRF/phys -I/home/hnavarro/Desktop/WRF/BUILD_WRF/WRF/wrftladj -I/home/hnavarro/Desktop/WRF/BUILD_WRF/WRF/chem -I/home/hnavarro/Desktop/WRF/BUILD_WRF/WRF/inc -I/home/hnavarro/Desktop/WRF/Install-WRF-Chem/LIBRARIES/netcdf/include    module_ltng_cpmpr92z.f90
0.68user 0.05system 0:00.73elapsed 99%CPU (0avgtext+0avgdata 34824maxresident)k
0inputs+64outputs (0major+10820minor)pagefaults 0swaps
rm -f module_ltng_iccg.o
sed -e "s/^\!.*'.*//" -e "s/^ *\!.*'.*//" module_ltng_iccg.F > module_ltng_iccg.G
/lib/cpp -P -nostdinc -I/home/hnavarro/Desktop/WRF/BUILD_WRF/WRF/inc -DEM_CORE=1 -DNMM_CORE=0 -DNMM_MAX_DIM=2600 -DDA_CORE=0 -DWRFPLUS=0 -DIWORDSIZE=4 -DDWORDSIZE=8 -DRWORDSIZE=4 -DLWORDSIZE=4 -DNONSTANDARD_SYSTEM_SUBR  -DWRF_USE_CLM  -DDM_PARALLEL -DNETCDF -DLANDREAD_STUB=1 -DUSE_ALLOCATABLES -Dwrfmodel -DGRIB1 -DINTIO -DKEEP_INT_AROUND -DLIMIT_ARGS -DBUILD_RRTMG_FAST=0 -DBUILD_RRTMK=0 -DBUILD_SBM_FAST=1 -DSHOW_ALL_VARS_USED=0 -DCONFIG_BUF_LEN=65536 -DMAX_DOMAINS_F=21 -DMAX_HISTORY=25 -DNMM_NEST=0 -DWRF_CHEM -DBUILD_CHEM=1 -I. -traditional-cpp   module_ltng_iccg.G  > module_ltng_iccg.bb
/home/hnavarro/Desktop/WRF/BUILD_WRF/WRF/tools/standard.exe module_ltng_iccg.bb | /lib/cpp -P -nostdinc -traditional-cpp > module_ltng_iccg.f90
rm -f module_ltng_iccg.G module_ltng_iccg.bb
time mpif90 -f90=gfortran -o module_ltng_iccg.o -c -O2 -ftree-vectorize -funroll-loops -w -ffree-form -ffree-line-length-none -fconvert=big-endian -frecord-marker=4 -fallow-argument-mismatch -fallow-invalid-boz   -I../dyn_em  -I/home/hnavarro/Desktop/WRF/BUILD_WRF/WRF/external/esmf_time_f90  -I/home/hnavarro/Desktop/WRF/BUILD_WRF/WRF/main -I/home/hnavarro/Desktop/WRF/BUILD_WRF/WRF/external/io_netcdf -I/home/hnavarro/Desktop/WRF/BUILD_WRF/WRF/external/io_int -I/home/hnavarro/Desktop/WRF/BUILD_WRF/WRF/frame -I/home/hnavarro/Desktop/WRF/BUILD_WRF/WRF/share -I/home/hnavarro/Desktop/WRF/BUILD_WRF/WRF/phys -I/home/hnavarro/Desktop/WRF/BUILD_WRF/WRF/wrftladj -I/home/hnavarro/Desktop/WRF/BUILD_WRF/WRF/chem -I/home/hnavarro/Desktop/WRF/BUILD_WRF/WRF/inc -I/home/hnavarro/Desktop/WRF/Install-WRF-Chem/LIBRARIES/netcdf/include    module_ltng_iccg.f90
0.33user 0.12system 0:00.46elapsed 98%CPU (0avgtext+0avgdata 39364maxresident)k
0inputs+176outputs (0major+11235minor)pagefaults 0swaps
rm -f module_fddagd_driver.o
sed -e "s/^\!.*'.*//" -e "s/^ *\!.*'.*//" module_fddagd_driver.F > module_fddagd_driver.G
/lib/cpp -P -nostdinc -I/home/hnavarro/Desktop/WRF/BUILD_WRF/WRF/inc -DEM_CORE=1 -DNMM_CORE=0 -DNMM_MAX_DIM=2600 -DDA_CORE=0 -DWRFPLUS=0 -DIWORDSIZE=4 -DDWORDSIZE=8 -DRWORDSIZE=4 -DLWORDSIZE=4 -DNONSTANDARD_SYSTEM_SUBR  -DWRF_USE_CLM  -DDM_PARALLEL -DNETCDF -DLANDREAD_STUB=1 -DUSE_ALLOCATABLES -Dwrfmodel -DGRIB1 -DINTIO -DKEEP_INT_AROUND -DLIMIT_ARGS -DBUILD_RRTMG_FAST=0 -DBUILD_RRTMK=0 -DBUILD_SBM_FAST=1 -DSHOW_ALL_VARS_USED=0 -DCONFIG_BUF_LEN=65536 -DMAX_DOMAINS_F=21 -DMAX_HISTORY=25 -DNMM_NEST=0 -DWRF_CHEM -DBUILD_CHEM=1 -I. -traditional-cpp   module_fddagd_driver.G  > module_fddagd_driver.bb
/home/hnavarro/Desktop/WRF/BUILD_WRF/WRF/tools/standard.exe module_fddagd_driver.bb | /lib/cpp -P -nostdinc -traditional-cpp > module_fddagd_driver.f90
rm -f module_fddagd_driver.G module_fddagd_driver.bb
time mpif90 -f90=gfortran -o module_fddagd_driver.o -c -O2 -ftree-vectorize -funroll-loops -w -ffree-form -ffree-line-length-none -fconvert=big-endian -frecord-marker=4 -fallow-argument-mismatch -fallow-invalid-boz   -I../dyn_em  -I/home/hnavarro/Desktop/WRF/BUILD_WRF/WRF/external/esmf_time_f90  -I/home/hnavarro/Desktop/WRF/BUILD_WRF/WRF/main -I/home/hnavarro/Desktop/WRF/BUILD_WRF/WRF/external/io_netcdf -I/home/hnavarro/Desktop/WRF/BUILD_WRF/WRF/external/io_int -I/home/hnavarro/Desktop/WRF/BUILD_WRF/WRF/frame -I/home/hnavarro/Desktop/WRF/BUILD_WRF/WRF/share -I/home/hnavarro/Desktop/WRF/BUILD_WRF/WRF/phys -I/home/hnavarro/Desktop/WRF/BUILD_WRF/WRF/wrftladj -I/home/hnavarro/Desktop/WRF/BUILD_WRF/WRF/chem -I/home/hnavarro/Desktop/WRF/BUILD_WRF/WRF/inc -I/home/hnavarro/Desktop/WRF/Install-WRF-Chem/LIBRARIES/netcdf/include    module_fddagd_driver.f90
4.19user 0.09system 0:04.31elapsed 99%CPU (0avgtext+0avgdata 52844maxresident)k
0inputs+160outputs (0major+17067minor)pagefaults 0swaps
rm -f module_fddaobs_driver.o
sed -e "s/^\!.*'.*//" -e "s/^ *\!.*'.*//" module_fddaobs_driver.F > module_fddaobs_driver.G
/lib/cpp -P -nostdinc -I/home/hnavarro/Desktop/WRF/BUILD_WRF/WRF/inc -DEM_CORE=1 -DNMM_CORE=0 -DNMM_MAX_DIM=2600 -DDA_CORE=0 -DWRFPLUS=0 -DIWORDSIZE=4 -DDWORDSIZE=8 -DRWORDSIZE=4 -DLWORDSIZE=4 -DNONSTANDARD_SYSTEM_SUBR  -DWRF_USE_CLM  -DDM_PARALLEL -DNETCDF -DLANDREAD_STUB=1 -DUSE_ALLOCATABLES -Dwrfmodel -DGRIB1 -DINTIO -DKEEP_INT_AROUND -DLIMIT_ARGS -DBUILD_RRTMG_FAST=0 -DBUILD_RRTMK=0 -DBUILD_SBM_FAST=1 -DSHOW_ALL_VARS_USED=0 -DCONFIG_BUF_LEN=65536 -DMAX_DOMAINS_F=21 -DMAX_HISTORY=25 -DNMM_NEST=0 -DWRF_CHEM -DBUILD_CHEM=1 -I. -traditional-cpp   module_fddaobs_driver.G  > module_fddaobs_driver.bb
/home/hnavarro/Desktop/WRF/BUILD_WRF/WRF/tools/standard.exe module_fddaobs_driver.bb | /lib/cpp -P -nostdinc -traditional-cpp > module_fddaobs_driver.f90
rm -f module_fddaobs_driver.G module_fddaobs_driver.bb
time mpif90 -f90=gfortran -o module_fddaobs_driver.o -c -O2 -ftree-vectorize -funroll-loops -w -ffree-form -ffree-line-length-none -fconvert=big-endian -frecord-marker=4 -fallow-argument-mismatch -fallow-invalid-boz   -I../dyn_em  -I/home/hnavarro/Desktop/WRF/BUILD_WRF/WRF/external/esmf_time_f90  -I/home/hnavarro/Desktop/WRF/BUILD_WRF/WRF/main -I/home/hnavarro/Desktop/WRF/BUILD_WRF/WRF/external/io_netcdf -I/home/hnavarro/Desktop/WRF/BUILD_WRF/WRF/external/io_int -I/home/hnavarro/Desktop/WRF/BUILD_WRF/WRF/frame -I/home/hnavarro/Desktop/WRF/BUILD_WRF/WRF/share -I/home/hnavarro/Desktop/WRF/BUILD_WRF/WRF/phys -I/home/hnavarro/Desktop/WRF/BUILD_WRF/WRF/wrftladj -I/home/hnavarro/Desktop/WRF/BUILD_WRF/WRF/chem -I/home/hnavarro/Desktop/WRF/BUILD_WRF/WRF/inc -I/home/hnavarro/Desktop/WRF/Install-WRF-Chem/LIBRARIES/netcdf/include    module_fddaobs_driver.f90
2.71user 0.10system 0:02.82elapsed 99%CPU (0avgtext+0avgdata 68804maxresident)k
0inputs+368outputs (0major+20557minor)pagefaults 0swaps
rm -f module_diag_misc.o
sed -e "s/^\!.*'.*//" -e "s/^ *\!.*'.*//" module_diag_misc.F > module_diag_misc.G
/lib/cpp -P -nostdinc -I/home/hnavarro/Desktop/WRF/BUILD_WRF/WRF/inc -DEM_CORE=1 -DNMM_CORE=0 -DNMM_MAX_DIM=2600 -DDA_CORE=0 -DWRFPLUS=0 -DIWORDSIZE=4 -DDWORDSIZE=8 -DRWORDSIZE=4 -DLWORDSIZE=4 -DNONSTANDARD_SYSTEM_SUBR  -DWRF_USE_CLM  -DDM_PARALLEL -DNETCDF -DLANDREAD_STUB=1 -DUSE_ALLOCATABLES -Dwrfmodel -DGRIB1 -DINTIO -DKEEP_INT_AROUND -DLIMIT_ARGS -DBUILD_RRTMG_FAST=0 -DBUILD_RRTMK=0 -DBUILD_SBM_FAST=1 -DSHOW_ALL_VARS_USED=0 -DCONFIG_BUF_LEN=65536 -DMAX_DOMAINS_F=21 -DMAX_HISTORY=25 -DNMM_NEST=0 -DWRF_CHEM -DBUILD_CHEM=1 -I. -traditional-cpp   module_diag_misc.G  > module_diag_misc.bb
/home/hnavarro/Desktop/WRF/BUILD_WRF/WRF/tools/standard.exe module_diag_misc.bb | /lib/cpp -P -nostdinc -traditional-cpp > module_diag_misc.f90
rm -f module_diag_misc.G module_diag_misc.bb
time mpif90 -f90=gfortran -o module_diag_misc.o -c -O2 -ftree-vectorize -funroll-loops -w -ffree-form -ffree-line-length-none -fconvert=big-endian -frecord-marker=4 -fallow-argument-mismatch -fallow-invalid-boz   -I../dyn_em  -I/home/hnavarro/Desktop/WRF/BUILD_WRF/WRF/external/esmf_time_f90  -I/home/hnavarro/Desktop/WRF/BUILD_WRF/WRF/main -I/home/hnavarro/Desktop/WRF/BUILD_WRF/WRF/external/io_netcdf -I/home/hnavarro/Desktop/WRF/BUILD_WRF/WRF/external/io_int -I/home/hnavarro/Desktop/WRF/BUILD_WRF/WRF/frame -I/home/hnavarro/Desktop/WRF/BUILD_WRF/WRF/share -I/home/hnavarro/Desktop/WRF/BUILD_WRF/WRF/phys -I/home/hnavarro/Desktop/WRF/BUILD_WRF/WRF/wrftladj -I/home/hnavarro/Desktop/WRF/BUILD_WRF/WRF/chem -I/home/hnavarro/Desktop/WRF/BUILD_WRF/WRF/inc -I/home/hnavarro/Desktop/WRF/Install-WRF-Chem/LIBRARIES/netcdf/include    module_diag_misc.f90
2.30user 0.13system 0:02.44elapsed 99%CPU (0avgtext+0avgdata 77536maxresident)k
0inputs+528outputs (0major+21633minor)pagefaults 0swaps
rm -f module_diag_cl.o
sed -e "s/^\!.*'.*//" -e "s/^ *\!.*'.*//" module_diag_cl.F > module_diag_cl.G
/lib/cpp -P -nostdinc -I/home/hnavarro/Desktop/WRF/BUILD_WRF/WRF/inc -DEM_CORE=1 -DNMM_CORE=0 -DNMM_MAX_DIM=2600 -DDA_CORE=0 -DWRFPLUS=0 -DIWORDSIZE=4 -DDWORDSIZE=8 -DRWORDSIZE=4 -DLWORDSIZE=4 -DNONSTANDARD_SYSTEM_SUBR  -DWRF_USE_CLM  -DDM_PARALLEL -DNETCDF -DLANDREAD_STUB=1 -DUSE_ALLOCATABLES -Dwrfmodel -DGRIB1 -DINTIO -DKEEP_INT_AROUND -DLIMIT_ARGS -DBUILD_RRTMG_FAST=0 -DBUILD_RRTMK=0 -DBUILD_SBM_FAST=1 -DSHOW_ALL_VARS_USED=0 -DCONFIG_BUF_LEN=65536 -DMAX_DOMAINS_F=21 -DMAX_HISTORY=25 -DNMM_NEST=0 -DWRF_CHEM -DBUILD_CHEM=1 -I. -traditional-cpp   module_diag_cl.G  > module_diag_cl.bb
/home/hnavarro/Desktop/WRF/BUILD_WRF/WRF/tools/standard.exe module_diag_cl.bb | /lib/cpp -P -nostdinc -traditional-cpp > module_diag_cl.f90
rm -f module_diag_cl.G module_diag_cl.bb
time mpif90 -f90=gfortran -o module_diag_cl.o -c -O2 -ftree-vectorize -funroll-loops -w -ffree-form -ffree-line-length-none -fconvert=big-endian -frecord-marker=4 -fallow-argument-mismatch -fallow-invalid-boz   -I../dyn_em  -I/home/hnavarro/Desktop/WRF/BUILD_WRF/WRF/external/esmf_time_f90  -I/home/hnavarro/Desktop/WRF/BUILD_WRF/WRF/main -I/home/hnavarro/Desktop/WRF/BUILD_WRF/WRF/external/io_netcdf -I/home/hnavarro/Desktop/WRF/BUILD_WRF/WRF/external/io_int -I/home/hnavarro/Desktop/WRF/BUILD_WRF/WRF/frame -I/home/hnavarro/Desktop/WRF/BUILD_WRF/WRF/share -I/home/hnavarro/Desktop/WRF/BUILD_WRF/WRF/phys -I/home/hnavarro/Desktop/WRF/BUILD_WRF/WRF/wrftladj -I/home/hnavarro/Desktop/WRF/BUILD_WRF/WRF/chem -I/home/hnavarro/Desktop/WRF/BUILD_WRF/WRF/inc -I/home/hnavarro/Desktop/WRF/Install-WRF-Chem/LIBRARIES/netcdf/include    module_diag_cl.f90
1.21user 0.10system 0:01.32elapsed 99%CPU (0avgtext+0avgdata 74324maxresident)k
0inputs+400outputs (0major+20504minor)pagefaults 0swaps
rm -f module_diag_pld.o
sed -e "s/^\!.*'.*//" -e "s/^ *\!.*'.*//" module_diag_pld.F > module_diag_pld.G
/lib/cpp -P -nostdinc -I/home/hnavarro/Desktop/WRF/BUILD_WRF/WRF/inc -DEM_CORE=1 -DNMM_CORE=0 -DNMM_MAX_DIM=2600 -DDA_CORE=0 -DWRFPLUS=0 -DIWORDSIZE=4 -DDWORDSIZE=8 -DRWORDSIZE=4 -DLWORDSIZE=4 -DNONSTANDARD_SYSTEM_SUBR  -DWRF_USE_CLM  -DDM_PARALLEL -DNETCDF -DLANDREAD_STUB=1 -DUSE_ALLOCATABLES -Dwrfmodel -DGRIB1 -DINTIO -DKEEP_INT_AROUND -DLIMIT_ARGS -DBUILD_RRTMG_FAST=0 -DBUILD_RRTMK=0 -DBUILD_SBM_FAST=1 -DSHOW_ALL_VARS_USED=0 -DCONFIG_BUF_LEN=65536 -DMAX_DOMAINS_F=21 -DMAX_HISTORY=25 -DNMM_NEST=0 -DWRF_CHEM -DBUILD_CHEM=1 -I. -traditional-cpp   module_diag_pld.G  > module_diag_pld.bb
/home/hnavarro/Desktop/WRF/BUILD_WRF/WRF/tools/standard.exe module_diag_pld.bb | /lib/cpp -P -nostdinc -traditional-cpp > module_diag_pld.f90
rm -f module_diag_pld.G module_diag_pld.bb
time mpif90 -f90=gfortran -o module_diag_pld.o -c -O2 -ftree-vectorize -funroll-loops -w -ffree-form -ffree-line-length-none -fconvert=big-endian -frecord-marker=4 -fallow-argument-mismatch -fallow-invalid-boz   -I../dyn_em  -I/home/hnavarro/Desktop/WRF/BUILD_WRF/WRF/external/esmf_time_f90  -I/home/hnavarro/Desktop/WRF/BUILD_WRF/WRF/main -I/home/hnavarro/Desktop/WRF/BUILD_WRF/WRF/external/io_netcdf -I/home/hnavarro/Desktop/WRF/BUILD_WRF/WRF/external/io_int -I/home/hnavarro/Desktop/WRF/BUILD_WRF/WRF/frame -I/home/hnavarro/Desktop/WRF/BUILD_WRF/WRF/share -I/home/hnavarro/Desktop/WRF/BUILD_WRF/WRF/phys -I/home/hnavarro/Desktop/WRF/BUILD_WRF/WRF/wrftladj -I/home/hnavarro/Desktop/WRF/BUILD_WRF/WRF/chem -I/home/hnavarro/Desktop/WRF/BUILD_WRF/WRF/inc -I/home/hnavarro/Desktop/WRF/Install-WRF-Chem/LIBRARIES/netcdf/include    module_diag_pld.f90
0.13user 0.05system 0:00.19elapsed 98%CPU (0avgtext+0avgdata 36140maxresident)k
0inputs+96outputs (0major+9948minor)pagefaults 0swaps
rm -f module_diag_zld.o
sed -e "s/^\!.*'.*//" -e "s/^ *\!.*'.*//" module_diag_zld.F > module_diag_zld.G
/lib/cpp -P -nostdinc -I/home/hnavarro/Desktop/WRF/BUILD_WRF/WRF/inc -DEM_CORE=1 -DNMM_CORE=0 -DNMM_MAX_DIM=2600 -DDA_CORE=0 -DWRFPLUS=0 -DIWORDSIZE=4 -DDWORDSIZE=8 -DRWORDSIZE=4 -DLWORDSIZE=4 -DNONSTANDARD_SYSTEM_SUBR  -DWRF_USE_CLM  -DDM_PARALLEL -DNETCDF -DLANDREAD_STUB=1 -DUSE_ALLOCATABLES -Dwrfmodel -DGRIB1 -DINTIO -DKEEP_INT_AROUND -DLIMIT_ARGS -DBUILD_RRTMG_FAST=0 -DBUILD_RRTMK=0 -DBUILD_SBM_FAST=1 -DSHOW_ALL_VARS_USED=0 -DCONFIG_BUF_LEN=65536 -DMAX_DOMAINS_F=21 -DMAX_HISTORY=25 -DNMM_NEST=0 -DWRF_CHEM -DBUILD_CHEM=1 -I. -traditional-cpp   module_diag_zld.G  > module_diag_zld.bb
/home/hnavarro/Desktop/WRF/BUILD_WRF/WRF/tools/standard.exe module_diag_zld.bb | /lib/cpp -P -nostdinc -traditional-cpp > module_diag_zld.f90
rm -f module_diag_zld.G module_diag_zld.bb
time mpif90 -f90=gfortran -o module_diag_zld.o -c -O2 -ftree-vectorize -funroll-loops -w -ffree-form -ffree-line-length-none -fconvert=big-endian -frecord-marker=4 -fallow-argument-mismatch -fallow-invalid-boz   -I../dyn_em  -I/home/hnavarro/Desktop/WRF/BUILD_WRF/WRF/external/esmf_time_f90  -I/home/hnavarro/Desktop/WRF/BUILD_WRF/WRF/main -I/home/hnavarro/Desktop/WRF/BUILD_WRF/WRF/external/io_netcdf -I/home/hnavarro/Desktop/WRF/BUILD_WRF/WRF/external/io_int -I/home/hnavarro/Desktop/WRF/BUILD_WRF/WRF/frame -I/home/hnavarro/Desktop/WRF/BUILD_WRF/WRF/share -I/home/hnavarro/Desktop/WRF/BUILD_WRF/WRF/phys -I/home/hnavarro/Desktop/WRF/BUILD_WRF/WRF/wrftladj -I/home/hnavarro/Desktop/WRF/BUILD_WRF/WRF/chem -I/home/hnavarro/Desktop/WRF/BUILD_WRF/WRF/inc -I/home/hnavarro/Desktop/WRF/Install-WRF-Chem/LIBRARIES/netcdf/include    module_diag_zld.f90
0.15user 0.08system 0:00.27elapsed 85%CPU (0avgtext+0avgdata 35328maxresident)k
0inputs+80outputs (0major+9439minor)pagefaults 0swaps
rm -f module_diag_functions.o
sed -e "s/^\!.*'.*//" -e "s/^ *\!.*'.*//" module_diag_functions.F > module_diag_functions.G
/lib/cpp -P -nostdinc -I/home/hnavarro/Desktop/WRF/BUILD_WRF/WRF/inc -DEM_CORE=1 -DNMM_CORE=0 -DNMM_MAX_DIM=2600 -DDA_CORE=0 -DWRFPLUS=0 -DIWORDSIZE=4 -DDWORDSIZE=8 -DRWORDSIZE=4 -DLWORDSIZE=4 -DNONSTANDARD_SYSTEM_SUBR  -DWRF_USE_CLM  -DDM_PARALLEL -DNETCDF -DLANDREAD_STUB=1 -DUSE_ALLOCATABLES -Dwrfmodel -DGRIB1 -DINTIO -DKEEP_INT_AROUND -DLIMIT_ARGS -DBUILD_RRTMG_FAST=0 -DBUILD_RRTMK=0 -DBUILD_SBM_FAST=1 -DSHOW_ALL_VARS_USED=0 -DCONFIG_BUF_LEN=65536 -DMAX_DOMAINS_F=21 -DMAX_HISTORY=25 -DNMM_NEST=0 -DWRF_CHEM -DBUILD_CHEM=1 -I. -traditional-cpp   module_diag_functions.G  > module_diag_functions.bb
/home/hnavarro/Desktop/WRF/BUILD_WRF/WRF/tools/standard.exe module_diag_functions.bb | /lib/cpp -P -nostdinc -traditional-cpp > module_diag_functions.f90
rm -f module_diag_functions.G module_diag_functions.bb
time mpif90 -f90=gfortran -o module_diag_functions.o -c -O2 -ftree-vectorize -funroll-loops -w -ffree-form -ffree-line-length-none -fconvert=big-endian -frecord-marker=4 -fallow-argument-mismatch -fallow-invalid-boz   -I../dyn_em  -I/home/hnavarro/Desktop/WRF/BUILD_WRF/WRF/external/esmf_time_f90  -I/home/hnavarro/Desktop/WRF/BUILD_WRF/WRF/main -I/home/hnavarro/Desktop/WRF/BUILD_WRF/WRF/external/io_netcdf -I/home/hnavarro/Desktop/WRF/BUILD_WRF/WRF/external/io_int -I/home/hnavarro/Desktop/WRF/BUILD_WRF/WRF/frame -I/home/hnavarro/Desktop/WRF/BUILD_WRF/WRF/share -I/home/hnavarro/Desktop/WRF/BUILD_WRF/WRF/phys -I/home/hnavarro/Desktop/WRF/BUILD_WRF/WRF/wrftladj -I/home/hnavarro/Desktop/WRF/BUILD_WRF/WRF/chem -I/home/hnavarro/Desktop/WRF/BUILD_WRF/WRF/inc -I/home/hnavarro/Desktop/WRF/Install-WRF-Chem/LIBRARIES/netcdf/include    module_diag_functions.f90
0.24user 0.04system 0:00.28elapsed 100%CPU (0avgtext+0avgdata 41756maxresident)k
0inputs+256outputs (0major+11533minor)pagefaults 0swaps
rm -f module_diag_hailcast.o
sed -e "s/^\!.*'.*//" -e "s/^ *\!.*'.*//" module_diag_hailcast.F > module_diag_hailcast.G
/lib/cpp -P -nostdinc -I/home/hnavarro/Desktop/WRF/BUILD_WRF/WRF/inc -DEM_CORE=1 -DNMM_CORE=0 -DNMM_MAX_DIM=2600 -DDA_CORE=0 -DWRFPLUS=0 -DIWORDSIZE=4 -DDWORDSIZE=8 -DRWORDSIZE=4 -DLWORDSIZE=4 -DNONSTANDARD_SYSTEM_SUBR  -DWRF_USE_CLM  -DDM_PARALLEL -DNETCDF -DLANDREAD_STUB=1 -DUSE_ALLOCATABLES -Dwrfmodel -DGRIB1 -DINTIO -DKEEP_INT_AROUND -DLIMIT_ARGS -DBUILD_RRTMG_FAST=0 -DBUILD_RRTMK=0 -DBUILD_SBM_FAST=1 -DSHOW_ALL_VARS_USED=0 -DCONFIG_BUF_LEN=65536 -DMAX_DOMAINS_F=21 -DMAX_HISTORY=25 -DNMM_NEST=0 -DWRF_CHEM -DBUILD_CHEM=1 -I. -traditional-cpp   module_diag_hailcast.G  > module_diag_hailcast.bb
/home/hnavarro/Desktop/WRF/BUILD_WRF/WRF/tools/standard.exe module_diag_hailcast.bb | /lib/cpp -P -nostdinc -traditional-cpp > module_diag_hailcast.f90
rm -f module_diag_hailcast.G module_diag_hailcast.bb
time mpif90 -f90=gfortran -o module_diag_hailcast.o -c -O2 -ftree-vectorize -funroll-loops -w -ffree-form -ffree-line-length-none -fconvert=big-endian -frecord-marker=4 -fallow-argument-mismatch -fallow-invalid-boz   -I../dyn_em  -I/home/hnavarro/Desktop/WRF/BUILD_WRF/WRF/external/esmf_time_f90  -I/home/hnavarro/Desktop/WRF/BUILD_WRF/WRF/main -I/home/hnavarro/Desktop/WRF/BUILD_WRF/WRF/external/io_netcdf -I/home/hnavarro/Desktop/WRF/BUILD_WRF/WRF/external/io_int -I/home/hnavarro/Desktop/WRF/BUILD_WRF/WRF/frame -I/home/hnavarro/Desktop/WRF/BUILD_WRF/WRF/share -I/home/hnavarro/Desktop/WRF/BUILD_WRF/WRF/phys -I/home/hnavarro/Desktop/WRF/BUILD_WRF/WRF/wrftladj -I/home/hnavarro/Desktop/WRF/BUILD_WRF/WRF/chem -I/home/hnavarro/Desktop/WRF/BUILD_WRF/WRF/inc -I/home/hnavarro/Desktop/WRF/Install-WRF-Chem/LIBRARIES/netcdf/include    module_diag_hailcast.f90
1.51user 0.07system 0:01.59elapsed 99%CPU (0avgtext+0avgdata 72940maxresident)k
0inputs+400outputs (0major+20942minor)pagefaults 0swaps
rm -f module_diag_solar.o
sed -e "s/^\!.*'.*//" -e "s/^ *\!.*'.*//" module_diag_solar.F > module_diag_solar.G
/lib/cpp -P -nostdinc -I/home/hnavarro/Desktop/WRF/BUILD_WRF/WRF/inc -DEM_CORE=1 -DNMM_CORE=0 -DNMM_MAX_DIM=2600 -DDA_CORE=0 -DWRFPLUS=0 -DIWORDSIZE=4 -DDWORDSIZE=8 -DRWORDSIZE=4 -DLWORDSIZE=4 -DNONSTANDARD_SYSTEM_SUBR  -DWRF_USE_CLM  -DDM_PARALLEL -DNETCDF -DLANDREAD_STUB=1 -DUSE_ALLOCATABLES -Dwrfmodel -DGRIB1 -DINTIO -DKEEP_INT_AROUND -DLIMIT_ARGS -DBUILD_RRTMG_FAST=0 -DBUILD_RRTMK=0 -DBUILD_SBM_FAST=1 -DSHOW_ALL_VARS_USED=0 -DCONFIG_BUF_LEN=65536 -DMAX_DOMAINS_F=21 -DMAX_HISTORY=25 -DNMM_NEST=0 -DWRF_CHEM -DBUILD_CHEM=1 -I. -traditional-cpp   module_diag_solar.G  > module_diag_solar.bb
/home/hnavarro/Desktop/WRF/BUILD_WRF/WRF/tools/standard.exe module_diag_solar.bb | /lib/cpp -P -nostdinc -traditional-cpp > module_diag_solar.f90
rm -f module_diag_solar.G module_diag_solar.bb
time mpif90 -f90=gfortran -o module_diag_solar.o -c -O2 -ftree-vectorize -funroll-loops -w -ffree-form -ffree-line-length-none -fconvert=big-endian -frecord-marker=4 -fallow-argument-mismatch -fallow-invalid-boz   -I../dyn_em  -I/home/hnavarro/Desktop/WRF/BUILD_WRF/WRF/external/esmf_time_f90  -I/home/hnavarro/Desktop/WRF/BUILD_WRF/WRF/main -I/home/hnavarro/Desktop/WRF/BUILD_WRF/WRF/external/io_netcdf -I/home/hnavarro/Desktop/WRF/BUILD_WRF/WRF/external/io_int -I/home/hnavarro/Desktop/WRF/BUILD_WRF/WRF/frame -I/home/hnavarro/Desktop/WRF/BUILD_WRF/WRF/share -I/home/hnavarro/Desktop/WRF/BUILD_WRF/WRF/phys -I/home/hnavarro/Desktop/WRF/BUILD_WRF/WRF/wrftladj -I/home/hnavarro/Desktop/WRF/BUILD_WRF/WRF/chem -I/home/hnavarro/Desktop/WRF/BUILD_WRF/WRF/inc -I/home/hnavarro/Desktop/WRF/Install-WRF-Chem/LIBRARIES/netcdf/include    module_diag_solar.f90
0.78user 0.06system 0:00.85elapsed 99%CPU (0avgtext+0avgdata 85316maxresident)k
0inputs+344outputs (0major+24025minor)pagefaults 0swaps
rm -f module_fr_fire_util.o
sed -e "s/^\!.*'.*//" -e "s/^ *\!.*'.*//" module_fr_fire_util.F > module_fr_fire_util.G
/lib/cpp -P -nostdinc -I/home/hnavarro/Desktop/WRF/BUILD_WRF/WRF/inc -DEM_CORE=1 -DNMM_CORE=0 -DNMM_MAX_DIM=2600 -DDA_CORE=0 -DWRFPLUS=0 -DIWORDSIZE=4 -DDWORDSIZE=8 -DRWORDSIZE=4 -DLWORDSIZE=4 -DNONSTANDARD_SYSTEM_SUBR  -DWRF_USE_CLM  -DDM_PARALLEL -DNETCDF -DLANDREAD_STUB=1 -DUSE_ALLOCATABLES -Dwrfmodel -DGRIB1 -DINTIO -DKEEP_INT_AROUND -DLIMIT_ARGS -DBUILD_RRTMG_FAST=0 -DBUILD_RRTMK=0 -DBUILD_SBM_FAST=1 -DSHOW_ALL_VARS_USED=0 -DCONFIG_BUF_LEN=65536 -DMAX_DOMAINS_F=21 -DMAX_HISTORY=25 -DNMM_NEST=0 -DWRF_CHEM -DBUILD_CHEM=1 -I. -traditional-cpp   module_fr_fire_util.G  > module_fr_fire_util.bb
/home/hnavarro/Desktop/WRF/BUILD_WRF/WRF/tools/standard.exe module_fr_fire_util.bb | /lib/cpp -P -nostdinc -traditional-cpp > module_fr_fire_util.f90
rm -f module_fr_fire_util.G module_fr_fire_util.bb
time mpif90 -f90=gfortran -o module_fr_fire_util.o -c -O2 -ftree-vectorize -funroll-loops -w -ffree-form -ffree-line-length-none -fconvert=big-endian -frecord-marker=4 -fallow-argument-mismatch -fallow-invalid-boz   -I../dyn_em  -I/home/hnavarro/Desktop/WRF/BUILD_WRF/WRF/external/esmf_time_f90  -I/home/hnavarro/Desktop/WRF/BUILD_WRF/WRF/main -I/home/hnavarro/Desktop/WRF/BUILD_WRF/WRF/external/io_netcdf -I/home/hnavarro/Desktop/WRF/BUILD_WRF/WRF/external/io_int -I/home/hnavarro/Desktop/WRF/BUILD_WRF/WRF/frame -I/home/hnavarro/Desktop/WRF/BUILD_WRF/WRF/share -I/home/hnavarro/Desktop/WRF/BUILD_WRF/WRF/phys -I/home/hnavarro/Desktop/WRF/BUILD_WRF/WRF/wrftladj -I/home/hnavarro/Desktop/WRF/BUILD_WRF/WRF/chem -I/home/hnavarro/Desktop/WRF/BUILD_WRF/WRF/inc -I/home/hnavarro/Desktop/WRF/Install-WRF-Chem/LIBRARIES/netcdf/include    module_fr_fire_util.f90
1.49user 0.07system 0:01.56elapsed 99%CPU (0avgtext+0avgdata 80816maxresident)k
0inputs+608outputs (0major+22059minor)pagefaults 0swaps
rm -f module_firebrand_spotting_mpi.o
sed -e "s/^\!.*'.*//" -e "s/^ *\!.*'.*//" module_firebrand_spotting_mpi.F > module_firebrand_spotting_mpi.G
/lib/cpp -P -nostdinc -I/home/hnavarro/Desktop/WRF/BUILD_WRF/WRF/inc -DEM_CORE=1 -DNMM_CORE=0 -DNMM_MAX_DIM=2600 -DDA_CORE=0 -DWRFPLUS=0 -DIWORDSIZE=4 -DDWORDSIZE=8 -DRWORDSIZE=4 -DLWORDSIZE=4 -DNONSTANDARD_SYSTEM_SUBR  -DWRF_USE_CLM  -DDM_PARALLEL -DNETCDF -DLANDREAD_STUB=1 -DUSE_ALLOCATABLES -Dwrfmodel -DGRIB1 -DINTIO -DKEEP_INT_AROUND -DLIMIT_ARGS -DBUILD_RRTMG_FAST=0 -DBUILD_RRTMK=0 -DBUILD_SBM_FAST=1 -DSHOW_ALL_VARS_USED=0 -DCONFIG_BUF_LEN=65536 -DMAX_DOMAINS_F=21 -DMAX_HISTORY=25 -DNMM_NEST=0 -DWRF_CHEM -DBUILD_CHEM=1 -I. -traditional-cpp   module_firebrand_spotting_mpi.G  > module_firebrand_spotting_mpi.bb
/home/hnavarro/Desktop/WRF/BUILD_WRF/WRF/tools/standard.exe module_firebrand_spotting_mpi.bb | /lib/cpp -P -nostdinc -traditional-cpp > module_firebrand_spotting_mpi.f90
rm -f module_firebrand_spotting_mpi.G module_firebrand_spotting_mpi.bb
time mpif90 -f90=gfortran -o module_firebrand_spotting_mpi.o -c -O2 -ftree-vectorize -funroll-loops -w -ffree-form -ffree-line-length-none -fconvert=big-endian -frecord-marker=4 -fallow-argument-mismatch -fallow-invalid-boz   -I../dyn_em  -I/home/hnavarro/Desktop/WRF/BUILD_WRF/WRF/external/esmf_time_f90  -I/home/hnavarro/Desktop/WRF/BUILD_WRF/WRF/main -I/home/hnavarro/Desktop/WRF/BUILD_WRF/WRF/external/io_netcdf -I/home/hnavarro/Desktop/WRF/BUILD_WRF/WRF/external/io_int -I/home/hnavarro/Desktop/WRF/BUILD_WRF/WRF/frame -I/home/hnavarro/Desktop/WRF/BUILD_WRF/WRF/share -I/home/hnavarro/Desktop/WRF/BUILD_WRF/WRF/phys -I/home/hnavarro/Desktop/WRF/BUILD_WRF/WRF/wrftladj -I/home/hnavarro/Desktop/WRF/BUILD_WRF/WRF/chem -I/home/hnavarro/Desktop/WRF/BUILD_WRF/WRF/inc -I/home/hnavarro/Desktop/WRF/Install-WRF-Chem/LIBRARIES/netcdf/include    module_firebrand_spotting_mpi.f90
0.93user 0.08system 0:01.02elapsed 99%CPU (0avgtext+0avgdata 67988maxresident)k
0inputs+848outputs (0major+19773minor)pagefaults 0swaps
rm -f module_cam_support.o
sed -e "s/^\!.*'.*//" -e "s/^ *\!.*'.*//" module_cam_support.F > module_cam_support.G
/lib/cpp -P -nostdinc -I/home/hnavarro/Desktop/WRF/BUILD_WRF/WRF/inc -DEM_CORE=1 -DNMM_CORE=0 -DNMM_MAX_DIM=2600 -DDA_CORE=0 -DWRFPLUS=0 -DIWORDSIZE=4 -DDWORDSIZE=8 -DRWORDSIZE=4 -DLWORDSIZE=4 -DNONSTANDARD_SYSTEM_SUBR  -DWRF_USE_CLM  -DDM_PARALLEL -DNETCDF -DLANDREAD_STUB=1 -DUSE_ALLOCATABLES -Dwrfmodel -DGRIB1 -DINTIO -DKEEP_INT_AROUND -DLIMIT_ARGS -DBUILD_RRTMG_FAST=0 -DBUILD_RRTMK=0 -DBUILD_SBM_FAST=1 -DSHOW_ALL_VARS_USED=0 -DCONFIG_BUF_LEN=65536 -DMAX_DOMAINS_F=21 -DMAX_HISTORY=25 -DNMM_NEST=0 -DWRF_CHEM -DBUILD_CHEM=1 -I. -traditional-cpp   module_cam_support.G  > module_cam_support.bb
/home/hnavarro/Desktop/WRF/BUILD_WRF/WRF/tools/standard.exe module_cam_support.bb | /lib/cpp -P -nostdinc -traditional-cpp > module_cam_support.f90
rm -f module_cam_support.G module_cam_support.bb
time mpif90 -f90=gfortran -o module_cam_support.o -c -O2 -ftree-vectorize -funroll-loops -w -ffree-form -ffree-line-length-none -fconvert=big-endian -frecord-marker=4 -fallow-argument-mismatch -fallow-invalid-boz   -I../dyn_em  -I/home/hnavarro/Desktop/WRF/BUILD_WRF/WRF/external/esmf_time_f90  -I/home/hnavarro/Desktop/WRF/BUILD_WRF/WRF/main -I/home/hnavarro/Desktop/WRF/BUILD_WRF/WRF/external/io_netcdf -I/home/hnavarro/Desktop/WRF/BUILD_WRF/WRF/external/io_int -I/home/hnavarro/Desktop/WRF/BUILD_WRF/WRF/frame -I/home/hnavarro/Desktop/WRF/BUILD_WRF/WRF/share -I/home/hnavarro/Desktop/WRF/BUILD_WRF/WRF/phys -I/home/hnavarro/Desktop/WRF/BUILD_WRF/WRF/wrftladj -I/home/hnavarro/Desktop/WRF/BUILD_WRF/WRF/chem -I/home/hnavarro/Desktop/WRF/BUILD_WRF/WRF/inc -I/home/hnavarro/Desktop/WRF/Install-WRF-Chem/LIBRARIES/netcdf/include    module_cam_support.f90
0.08user 0.10system 0:00.20elapsed 96%CPU (0avgtext+0avgdata 29608maxresident)k
0inputs+48outputs (0major+8971minor)pagefaults 0swaps
rm -f module_cam_shr_const_mod.o
sed -e "s/^\!.*'.*//" -e "s/^ *\!.*'.*//" module_cam_shr_const_mod.F > module_cam_shr_const_mod.G
/lib/cpp -P -nostdinc -I/home/hnavarro/Desktop/WRF/BUILD_WRF/WRF/inc -DEM_CORE=1 -DNMM_CORE=0 -DNMM_MAX_DIM=2600 -DDA_CORE=0 -DWRFPLUS=0 -DIWORDSIZE=4 -DDWORDSIZE=8 -DRWORDSIZE=4 -DLWORDSIZE=4 -DNONSTANDARD_SYSTEM_SUBR  -DWRF_USE_CLM  -DDM_PARALLEL -DNETCDF -DLANDREAD_STUB=1 -DUSE_ALLOCATABLES -Dwrfmodel -DGRIB1 -DINTIO -DKEEP_INT_AROUND -DLIMIT_ARGS -DBUILD_RRTMG_FAST=0 -DBUILD_RRTMK=0 -DBUILD_SBM_FAST=1 -DSHOW_ALL_VARS_USED=0 -DCONFIG_BUF_LEN=65536 -DMAX_DOMAINS_F=21 -DMAX_HISTORY=25 -DNMM_NEST=0 -DWRF_CHEM -DBUILD_CHEM=1 -I. -traditional-cpp   module_cam_shr_const_mod.G  > module_cam_shr_const_mod.bb
/home/hnavarro/Desktop/WRF/BUILD_WRF/WRF/tools/standard.exe module_cam_shr_const_mod.bb | /lib/cpp -P -nostdinc -traditional-cpp > module_cam_shr_const_mod.f90
rm -f module_cam_shr_const_mod.G module_cam_shr_const_mod.bb
time mpif90 -f90=gfortran -o module_cam_shr_const_mod.o -c -O2 -ftree-vectorize -funroll-loops -w -ffree-form -ffree-line-length-none -fconvert=big-endian -frecord-marker=4 -fallow-argument-mismatch -fallow-invalid-boz   -I../dyn_em  -I/home/hnavarro/Desktop/WRF/BUILD_WRF/WRF/external/esmf_time_f90  -I/home/hnavarro/Desktop/WRF/BUILD_WRF/WRF/main -I/home/hnavarro/Desktop/WRF/BUILD_WRF/WRF/external/io_netcdf -I/home/hnavarro/Desktop/WRF/BUILD_WRF/WRF/external/io_int -I/home/hnavarro/Desktop/WRF/BUILD_WRF/WRF/frame -I/home/hnavarro/Desktop/WRF/BUILD_WRF/WRF/share -I/home/hnavarro/Desktop/WRF/BUILD_WRF/WRF/phys -I/home/hnavarro/Desktop/WRF/BUILD_WRF/WRF/wrftladj -I/home/hnavarro/Desktop/WRF/BUILD_WRF/WRF/chem -I/home/hnavarro/Desktop/WRF/BUILD_WRF/WRF/inc -I/home/hnavarro/Desktop/WRF/Install-WRF-Chem/LIBRARIES/netcdf/include    module_cam_shr_const_mod.f90
0.02user 0.03system 0:00.06elapsed 98%CPU (0avgtext+0avgdata 15548maxresident)k
0inputs+24outputs (0major+7136minor)pagefaults 0swaps
rm -f module_cam_trb_mtn_stress.o
sed -e "s/^\!.*'.*//" -e "s/^ *\!.*'.*//" module_cam_trb_mtn_stress.F > module_cam_trb_mtn_stress.G
/lib/cpp -P -nostdinc -I/home/hnavarro/Desktop/WRF/BUILD_WRF/WRF/inc -DEM_CORE=1 -DNMM_CORE=0 -DNMM_MAX_DIM=2600 -DDA_CORE=0 -DWRFPLUS=0 -DIWORDSIZE=4 -DDWORDSIZE=8 -DRWORDSIZE=4 -DLWORDSIZE=4 -DNONSTANDARD_SYSTEM_SUBR  -DWRF_USE_CLM  -DDM_PARALLEL -DNETCDF -DLANDREAD_STUB=1 -DUSE_ALLOCATABLES -Dwrfmodel -DGRIB1 -DINTIO -DKEEP_INT_AROUND -DLIMIT_ARGS -DBUILD_RRTMG_FAST=0 -DBUILD_RRTMK=0 -DBUILD_SBM_FAST=1 -DSHOW_ALL_VARS_USED=0 -DCONFIG_BUF_LEN=65536 -DMAX_DOMAINS_F=21 -DMAX_HISTORY=25 -DNMM_NEST=0 -DWRF_CHEM -DBUILD_CHEM=1 -I. -traditional-cpp   module_cam_trb_mtn_stress.G  > module_cam_trb_mtn_stress.bb
/home/hnavarro/Desktop/WRF/BUILD_WRF/WRF/tools/standard.exe module_cam_trb_mtn_stress.bb | /lib/cpp -P -nostdinc -traditional-cpp > module_cam_trb_mtn_stress.f90
0.80user 0.07system 0:00.88elapsed 99%CPU (0avgtext+0avgdata 79112maxresident)k
56inputs+608outputs (0major+22910minor)pagefaults 0swaps
rm -f module_cam_upper_bc.o
rm -f module_cam_trb_mtn_stress.G module_cam_trb_mtn_stress.bb
sed -e "s/^\!.*'.*//" -e "s/^ *\!.*'.*//" module_cam_upper_bc.F > module_cam_upper_bc.G
/lib/cpp -P -nostdinc -I/home/hnavarro/Desktop/WRF/BUILD_WRF/WRF/inc -DEM_CORE=1 -DNMM_CORE=0 -DNMM_MAX_DIM=2600 -DDA_CORE=0 -DWRFPLUS=0 -DIWORDSIZE=4 -DDWORDSIZE=8 -DRWORDSIZE=4 -DLWORDSIZE=4 -DNONSTANDARD_SYSTEM_SUBR  -DWRF_USE_CLM  -DDM_PARALLEL -DNETCDF -DLANDREAD_STUB=1 -DUSE_ALLOCATABLES -Dwrfmodel -DGRIB1 -DINTIO -DKEEP_INT_AROUND -DLIMIT_ARGS -DBUILD_RRTMG_FAST=0 -DBUILD_RRTMK=0 -DBUILD_SBM_FAST=1 -DSHOW_ALL_VARS_USED=0 -DCONFIG_BUF_LEN=65536 -DMAX_DOMAINS_F=21 -DMAX_HISTORY=25 -DNMM_NEST=0 -DWRF_CHEM -DBUILD_CHEM=1 -I. -traditional-cpp   module_cam_upper_bc.G  > module_cam_upper_bc.bb
time mpif90 -f90=gfortran -o module_cam_trb_mtn_stress.o -c -O2 -ftree-vectorize -funroll-loops -w -ffree-form -ffree-line-length-none -fconvert=big-endian -frecord-marker=4 -fallow-argument-mismatch -fallow-invalid-boz   -I../dyn_em  -I/home/hnavarro/Desktop/WRF/BUILD_WRF/WRF/external/esmf_time_f90  -I/home/hnavarro/Desktop/WRF/BUILD_WRF/WRF/main -I/home/hnavarro/Desktop/WRF/BUILD_WRF/WRF/external/io_netcdf -I/home/hnavarro/Desktop/WRF/BUILD_WRF/WRF/external/io_int -I/home/hnavarro/Desktop/WRF/BUILD_WRF/WRF/frame -I/home/hnavarro/Desktop/WRF/BUILD_WRF/WRF/share -I/home/hnavarro/Desktop/WRF/BUILD_WRF/WRF/phys -I/home/hnavarro/Desktop/WRF/BUILD_WRF/WRF/wrftladj -I/home/hnavarro/Desktop/WRF/BUILD_WRF/WRF/chem -I/home/hnavarro/Desktop/WRF/BUILD_WRF/WRF/inc -I/home/hnavarro/Desktop/WRF/Install-WRF-Chem/LIBRARIES/netcdf/include    module_cam_trb_mtn_stress.f90
/home/hnavarro/Desktop/WRF/BUILD_WRF/WRF/tools/standard.exe module_cam_upper_bc.bb | /lib/cpp -P -nostdinc -traditional-cpp > module_cam_upper_bc.f90
rm -f module_cam_upper_bc.G module_cam_upper_bc.bb
time mpif90 -f90=gfortran -o module_cam_upper_bc.o -c -O2 -ftree-vectorize -funroll-loops -w -ffree-form -ffree-line-length-none -fconvert=big-endian -frecord-marker=4 -fallow-argument-mismatch -fallow-invalid-boz   -I../dyn_em  -I/home/hnavarro/Desktop/WRF/BUILD_WRF/WRF/external/esmf_time_f90  -I/home/hnavarro/Desktop/WRF/BUILD_WRF/WRF/main -I/home/hnavarro/Desktop/WRF/BUILD_WRF/WRF/external/io_netcdf -I/home/hnavarro/Desktop/WRF/BUILD_WRF/WRF/external/io_int -I/home/hnavarro/Desktop/WRF/BUILD_WRF/WRF/frame -I/home/hnavarro/Desktop/WRF/BUILD_WRF/WRF/share -I/home/hnavarro/Desktop/WRF/BUILD_WRF/WRF/phys -I/home/hnavarro/Desktop/WRF/BUILD_WRF/WRF/wrftladj -I/home/hnavarro/Desktop/WRF/BUILD_WRF/WRF/chem -I/home/hnavarro/Desktop/WRF/BUILD_WRF/WRF/inc -I/home/hnavarro/Desktop/WRF/Install-WRF-Chem/LIBRARIES/netcdf/include    module_cam_upper_bc.f90
0.030.07user 0.05system 0:00.13elapsed 96%CPU (0avgtext+0avgdata 28928maxresident)k
0inputs+40outputs (2major+7884minor)pagefaults 0swaps
user 0.06system 0:00.10elapsed 94%CPU (0avgtext+0avgdata 23552maxresident)k
0inputs+24outrm -f module_cam_bl_diffusion_solver.o
puts (1major+7512minor)pagefaults 0swaps
rm -f module_cam_mp_radconstants.o
sed -e "s/^\!.*'.*//" -e "s/^ *\!.*'.*//" module_cam_bl_diffusion_solver.F > module_cam_bl_diffusion_solver.G
sed -e "s/^\!.*'.*//" -e "s/^ *\!.*'.*//" module_cam_mp_radconstants.F > module_cam_mp_radconstants.G
/lib/cpp -P -nostdinc -I/home/hnavarro/Desktop/WRF/BUILD_WRF/WRF/inc -DEM_CORE=1 -DNMM_CORE=0 -DNMM_MAX_DIM=2600 -DDA_CORE=0 -DWRFPLUS=0 -DIWORDSIZE=4 -DDWORDSIZE=8 -DRWORDSIZE=4 -DLWORDSIZE=4 -DNONSTANDARD_SYSTEM_SUBR  -DWRF_USE_CLM  -DDM_PARALLEL -DNETCDF -DLANDREAD_STUB=1 -DUSE_ALLOCATABLES -Dwrfmodel -DGRIB1 -DINTIO -DKEEP_INT_AROUND -DLIMIT_ARGS -DBUILD_RRTMG_FAST=0 -DBUILD_RRTMK=0 -DBUILD_SBM_FAST=1 -DSHOW_ALL_VARS_USED=0 -DCONFIG_BUF_LEN=65536 -DMAX_DOMAINS_F=21 -DMAX_HISTORY=25 -DNMM_NEST=0 -DWRF_CHEM -DBUILD_CHEM=1 -I. -traditional-cpp   module_cam_bl_diffusion_solver.G  > module_cam_bl_diffusion_solver.bb
/lib/cpp -P -nostdinc -I/home/hnavarro/Desktop/WRF/BUILD_WRF/WRF/inc -DEM_CORE=1 -DNMM_CORE=0 -DNMM_MAX_DIM=2600 -DDA_CORE=0 -DWRFPLUS=0 -DIWORDSIZE=4 -DDWORDSIZE=8 -DRWORDSIZE=4 -DLWORDSIZE=4 -DNONSTANDARD_SYSTEM_SUBR  -DWRF_USE_CLM  -DDM_PARALLEL -DNETCDF -DLANDREAD_STUB=1 -DUSE_ALLOCATABLES -Dwrfmodel -DGRIB1 -DINTIO -DKEEP_INT_AROUND -DLIMIT_ARGS -DBUILD_RRTMG_FAST=0 -DBUILD_RRTMK=0 -DBUILD_SBM_FAST=1 -DSHOW_ALL_VARS_USED=0 -DCONFIG_BUF_LEN=65536 -DMAX_DOMAINS_F=21 -DMAX_HISTORY=25 -DNMM_NEST=0 -DWRF_CHEM -DBUILD_CHEM=1 -I. -traditional-cpp   module_cam_mp_radconstants.G  > module_cam_mp_radconstants.bb
/home/hnavarro/Desktop/WRF/BUILD_WRF/WRF/tools/standard.exe module_cam_mp_radconstants.bb | /lib/cpp -P -nostdinc -traditional-cpp > module_cam_mp_radconstants.f90
/home/hnavarro/Desktop/WRF/BUILD_WRF/WRF/tools/standard.exe module_cam_bl_diffusion_solver.bb | /lib/cpp -P -nostdinc -traditional-cpp > module_cam_bl_diffusion_solver.f90
rm -f module_cam_bl_diffusion_solver.G module_cam_bl_diffusion_solver.bb
rm -f module_cam_mp_radconstants.G module_cam_mp_radconstants.bb
time mpif90 -f90=gfortran -o module_cam_bl_diffusion_solver.o -c -O2 -ftree-vectorize -funroll-loops -w -ffree-form -ffree-line-length-none -fconvert=big-endian -frecord-marker=4 -fallow-argument-mismatch -fallow-invalid-boz   -I../dyn_em  -I/home/hnavarro/Desktop/WRF/BUILD_WRF/WRF/external/esmf_time_f90  -I/home/hnavarro/Desktop/WRF/BUILD_WRF/WRF/main -I/home/hnavarro/Desktop/WRF/BUILD_WRF/WRF/external/io_netcdf -I/home/hnavarro/Desktop/WRF/BUILD_WRF/WRF/external/io_int -I/home/hnavarro/Desktop/WRF/BUILD_WRF/WRF/frame -I/home/hnavarro/Desktop/WRF/BUILD_WRF/WRF/share -I/home/hnavarro/Desktop/WRF/BUILD_WRF/WRF/phys -I/home/hnavarro/Desktop/WRF/BUILD_WRF/WRF/wrftladj -I/home/hnavarro/Desktop/WRF/BUILD_WRF/WRF/chem -I/home/hnavarro/Desktop/WRF/BUILD_WRF/WRF/inc -I/home/hnavarro/Desktop/WRF/Install-WRF-Chem/LIBRARIES/netcdf/include    module_cam_bl_diffusion_solver.f90
time mpif90 -f90=gfortran -o module_cam_mp_radconstants.o -c -O2 -ftree-vectorize -funroll-loops -w -ffree-form -ffree-line-length-none -fconvert=big-endian -frecord-marker=4 -fallow-argument-mismatch -fallow-invalid-boz   -I../dyn_em  -I/home/hnavarro/Desktop/WRF/BUILD_WRF/WRF/external/esmf_time_f90  -I/home/hnavarro/Desktop/WRF/BUILD_WRF/WRF/main -I/home/hnavarro/Desktop/WRF/BUILD_WRF/WRF/external/io_netcdf -I/home/hnavarro/Desktop/WRF/BUILD_WRF/WRF/external/io_int -I/home/hnavarro/Desktop/WRF/BUILD_WRF/WRF/frame -I/home/hnavarro/Desktop/WRF/BUILD_WRF/WRF/share -I/home/hnavarro/Desktop/WRF/BUILD_WRF/WRF/phys -I/home/hnavarro/Desktop/WRF/BUILD_WRF/WRF/wrftladj -I/home/hnavarro/Desktop/WRF/BUILD_WRF/WRF/chem -I/home/hnavarro/Desktop/WRF/BUILD_WRF/WRF/inc -I/home/hnavarro/Desktop/WRF/Install-WRF-Chem/LIBRARIES/netcdf/include    module_cam_mp_radconstants.f90
0.06user 0.04system 0:00.11elapsed 100%CPU (0avgtext+0avgdata 29696maxresident)k
0inputs+104outputs (11major+8251minor)pagefaults 0swaps
rm -f module_cam_mp_qneg3.o
sed -e "s/^\!.*'.*//" -e "s/^ *\!.*'.*//" module_cam_mp_qneg3.F > module_cam_mp_qneg3.G
/lib/cpp -P -nostdinc -I/home/hnavarro/Desktop/WRF/BUILD_WRF/WRF/inc -DEM_CORE=1 -DNMM_CORE=0 -DNMM_MAX_DIM=2600 -DDA_CORE=0 -DWRFPLUS=0 -DIWORDSIZE=4 -DDWORDSIZE=8 -DRWORDSIZE=4 -DLWORDSIZE=4 -DNONSTANDARD_SYSTEM_SUBR  -DWRF_USE_CLM  -DDM_PARALLEL -DNETCDF -DLANDREAD_STUB=1 -DUSE_ALLOCATABLES -Dwrfmodel -DGRIB1 -DINTIO -DKEEP_INT_AROUND -DLIMIT_ARGS -DBUILD_RRTMG_FAST=0 -DBUILD_RRTMK=0 -DBUILD_SBM_FAST=1 -DSHOW_ALL_VARS_USED=0 -DCONFIG_BUF_LEN=65536 -DMAX_DOMAINS_F=21 -DMAX_HISTORY=25 -DNMM_NEST=0 -DWRF_CHEM -DBUILD_CHEM=1 -I. -traditional-cpp   module_cam_mp_qneg3.G  > module_cam_mp_qneg3.bb
/home/hnavarro/Desktop/WRF/BUILD_WRF/WRF/tools/standard.exe module_cam_mp_qneg3.bb | /lib/cpp -P -nostdinc -traditional-cpp > module_cam_mp_qneg3.f90
rm -f module_cam_mp_qneg3.G module_cam_mp_qneg3.bb
time mpif90 -f90=gfortran -o module_cam_mp_qneg3.o -c -O2 -ftree-vectorize -funroll-loops -w -ffree-form -ffree-line-length-none -fconvert=big-endian -frecord-marker=4 -fallow-argument-mismatch -fallow-invalid-boz   -I../dyn_em  -I/home/hnavarro/Desktop/WRF/BUILD_WRF/WRF/external/esmf_time_f90  -I/home/hnavarro/Desktop/WRF/BUILD_WRF/WRF/main -I/home/hnavarro/Desktop/WRF/BUILD_WRF/WRF/external/io_netcdf -I/home/hnavarro/Desktop/WRF/BUILD_WRF/WRF/external/io_int -I/home/hnavarro/Desktop/WRF/BUILD_WRF/WRF/frame -I/home/hnavarro/Desktop/WRF/BUILD_WRF/WRF/share -I/home/hnavarro/Desktop/WRF/BUILD_WRF/WRF/phys -I/home/hnavarro/Desktop/WRF/BUILD_WRF/WRF/wrftladj -I/home/hnavarro/Desktop/WRF/BUILD_WRF/WRF/chem -I/home/hnavarro/Desktop/WRF/BUILD_WRF/WRF/inc -I/home/hnavarro/Desktop/WRF/Install-WRF-Chem/LIBRARIES/netcdf/include    module_cam_mp_qneg3.f90
0.12user 0.04system 0:00.16elapsed 100%CPU (0avgtext+0avgdata 32908maxresident)k
0inputs+80outputs (0major+9112minor)pagefaults 0swaps
rm -f module_cam_infnan.o
sed -e "s/^\!.*'.*//" -e "s/^ *\!.*'.*//" module_cam_infnan.F > module_cam_infnan.G
/lib/cpp -P -nostdinc -I/home/hnavarro/Desktop/WRF/BUILD_WRF/WRF/inc -DEM_CORE=1 -DNMM_CORE=0 -DNMM_MAX_DIM=2600 -DDA_CORE=0 -DWRFPLUS=0 -DIWORDSIZE=4 -DDWORDSIZE=8 -DRWORDSIZE=4 -DLWORDSIZE=4 -DNONSTANDARD_SYSTEM_SUBR  -DWRF_USE_CLM  -DDM_PARALLEL -DNETCDF -DLANDREAD_STUB=1 -DUSE_ALLOCATABLES -Dwrfmodel -DGRIB1 -DINTIO -DKEEP_INT_AROUND -DLIMIT_ARGS -DBUILD_RRTMG_FAST=0 -DBUILD_RRTMK=0 -DBUILD_SBM_FAST=1 -DSHOW_ALL_VARS_USED=0 -DCONFIG_BUF_LEN=65536 -DMAX_DOMAINS_F=21 -DMAX_HISTORY=25 -DNMM_NEST=0 -DWRF_CHEM -DBUILD_CHEM=1 -I. -traditional-cpp   module_cam_infnan.G  > module_cam_infnan.bb
/home/hnavarro/Desktop/WRF/BUILD_WRF/WRF/tools/standard.exe module_cam_infnan.bb | /lib/cpp -P -nostdinc -traditional-cpp > module_cam_infnan.f90
rm -f module_cam_infnan.G module_cam_infnan.bb
time mpif90 -f90=gfortran -o module_cam_infnan.o -c -O2 -ftree-vectorize -funroll-loops -w -ffree-form -ffree-line-length-none -fconvert=big-endian -frecord-marker=4 -fallow-argument-mismatch -fallow-invalid-boz   -I../dyn_em  -I/home/hnavarro/Desktop/WRF/BUILD_WRF/WRF/external/esmf_time_f90  -I/home/hnavarro/Desktop/WRF/BUILD_WRF/WRF/main -I/home/hnavarro/Desktop/WRF/BUILD_WRF/WRF/external/io_netcdf -I/home/hnavarro/Desktop/WRF/BUILD_WRF/WRF/external/io_int -I/home/hnavarro/Desktop/WRF/BUILD_WRF/WRF/frame -I/home/hnavarro/Desktop/WRF/BUILD_WRF/WRF/share -I/home/hnavarro/Desktop/WRF/BUILD_WRF/WRF/phys -I/home/hnavarro/Desktop/WRF/BUILD_WRF/WRF/wrftladj -I/home/hnavarro/Desktop/WRF/BUILD_WRF/WRF/chem -I/home/hnavarro/Desktop/WRF/BUILD_WRF/WRF/inc -I/home/hnavarro/Desktop/WRF/Install-WRF-Chem/LIBRARIES/netcdf/include    module_cam_infnan.f90
0.01user 0.03system 0:00.05elapsed 96%CPU (0avgtext+0avgdata 15488maxresident)k
0inputs+24outputs (0major+7168minor)pagefaults 0swaps
rm -f module_bl_ysu.o
sed -e "s/^\!.*'.*//" -e "s/^ *\!.*'.*//" module_bl_ysu.F > module_bl_ysu.G
/lib/cpp -P -nostdinc -I/home/hnavarro/Desktop/WRF/BUILD_WRF/WRF/inc -DEM_CORE=1 -DNMM_CORE=0 -DNMM_MAX_DIM=2600 -DDA_CORE=0 -DWRFPLUS=0 -DIWORDSIZE=4 -DDWORDSIZE=8 -DRWORDSIZE=4 -DLWORDSIZE=4 -DNONSTANDARD_SYSTEM_SUBR  -DWRF_USE_CLM  -DDM_PARALLEL -DNETCDF -DLANDREAD_STUB=1 -DUSE_ALLOCATABLES -Dwrfmodel -DGRIB1 -DINTIO -DKEEP_INT_AROUND -DLIMIT_ARGS -DBUILD_RRTMG_FAST=0 -DBUILD_RRTMK=0 -DBUILD_SBM_FAST=1 -DSHOW_ALL_VARS_USED=0 -DCONFIG_BUF_LEN=65536 -DMAX_DOMAINS_F=21 -DMAX_HISTORY=25 -DNMM_NEST=0 -DWRF_CHEM -DBUILD_CHEM=1 -I. -traditional-cpp   module_bl_ysu.G  > module_bl_ysu.bb
/home/hnavarro/Desktop/WRF/BUILD_WRF/WRF/tools/standard.exe module_bl_ysu.bb | /lib/cpp -P -nostdinc -traditional-cpp > module_bl_ysu.f90
rm -f module_bl_ysu.G module_bl_ysu.bb
time mpif90 -f90=gfortran -o module_bl_ysu.o -c -O2 -ftree-vectorize -funroll-loops -w -ffree-form -ffree-line-length-none -fconvert=big-endian -frecord-marker=4 -fallow-argument-mismatch -fallow-invalid-boz   -I../dyn_em  -I/home/hnavarro/Desktop/WRF/BUILD_WRF/WRF/external/esmf_time_f90  -I/home/hnavarro/Desktop/WRF/BUILD_WRF/WRF/main -I/home/hnavarro/Desktop/WRF/BUILD_WRF/WRF/external/io_netcdf -I/home/hnavarro/Desktop/WRF/BUILD_WRF/WRF/external/io_int -I/home/hnavarro/Desktop/WRF/BUILD_WRF/WRF/frame -I/home/hnavarro/Desktop/WRF/BUILD_WRF/WRF/share -I/home/hnavarro/Desktop/WRF/BUILD_WRF/WRF/phys -I/home/hnavarro/Desktop/WRF/BUILD_WRF/WRF/wrftladj -I/home/hnavarro/Desktop/WRF/BUILD_WRF/WRF/chem -I/home/hnavarro/Desktop/WRF/BUILD_WRF/WRF/inc -I/home/hnavarro/Desktop/WRF/Install-WRF-Chem/LIBRARIES/netcdf/include    module_bl_ysu.f90
0.72user 0.07system 0:00.80elapsed 99%CPU (0avgtext+0avgdata 66496maxresident)k
0inputs+488outputs (9major+18360minor)pagefaults 0swaps
rm -f module_gfs_physcons.o
sed -e "s/^\!.*'.*//" -e "s/^ *\!.*'.*//" module_gfs_physcons.F > module_gfs_physcons.G
/lib/cpp -P -nostdinc -I/home/hnavarro/Desktop/WRF/BUILD_WRF/WRF/inc -DEM_CORE=1 -DNMM_CORE=0 -DNMM_MAX_DIM=2600 -DDA_CORE=0 -DWRFPLUS=0 -DIWORDSIZE=4 -DDWORDSIZE=8 -DRWORDSIZE=4 -DLWORDSIZE=4 -DNONSTANDARD_SYSTEM_SUBR  -DWRF_USE_CLM  -DDM_PARALLEL -DNETCDF -DLANDREAD_STUB=1 -DUSE_ALLOCATABLES -Dwrfmodel -DGRIB1 -DINTIO -DKEEP_INT_AROUND -DLIMIT_ARGS -DBUILD_RRTMG_FAST=0 -DBUILD_RRTMK=0 -DBUILD_SBM_FAST=1 -DSHOW_ALL_VARS_USED=0 -DCONFIG_BUF_LEN=65536 -DMAX_DOMAINS_F=21 -DMAX_HISTORY=25 -DNMM_NEST=0 -DWRF_CHEM -DBUILD_CHEM=1 -I. -traditional-cpp   module_gfs_physcons.G  > module_gfs_physcons.bb
/home/hnavarro/Desktop/WRF/BUILD_WRF/WRF/tools/standard.exe module_gfs_physcons.bb | /lib/cpp -P -nostdinc -traditional-cpp > module_gfs_physcons.f90
rm -f module_gfs_physcons.G module_gfs_physcons.bb
time mpif90 -f90=gfortran -o module_gfs_physcons.o -c -O2 -ftree-vectorize -funroll-loops -w -ffree-form -ffree-line-length-none -fconvert=big-endian -frecord-marker=4 -fallow-argument-mismatch -fallow-invalid-boz   -I../dyn_em  -I/home/hnavarro/Desktop/WRF/BUILD_WRF/WRF/external/esmf_time_f90  -I/home/hnavarro/Desktop/WRF/BUILD_WRF/WRF/main -I/home/hnavarro/Desktop/WRF/BUILD_WRF/WRF/external/io_netcdf -I/home/hnavarro/Desktop/WRF/BUILD_WRF/WRF/external/io_int -I/home/hnavarro/Desktop/WRF/BUILD_WRF/WRF/frame -I/home/hnavarro/Desktop/WRF/BUILD_WRF/WRF/share -I/home/hnavarro/Desktop/WRF/BUILD_WRF/WRF/phys -I/home/hnavarro/Desktop/WRF/BUILD_WRF/WRF/wrftladj -I/home/hnavarro/Desktop/WRF/BUILD_WRF/WRF/chem -I/home/hnavarro/Desktop/WRF/BUILD_WRF/WRF/inc -I/home/hnavarro/Desktop/WRF/Install-WRF-Chem/LIBRARIES/netcdf/include    module_gfs_physcons.f90
0.04user 0.08system 0:00.13elapsed 98%CPU (0avgtext+0avgdata 15488maxresident)k
0inputs+24outputs (0major+7048minor)pagefaults 0swaps
rm -f module_bl_mynn.o
sed -e "s/^\!.*'.*//" -e "s/^ *\!.*'.*//" module_bl_mynn.F > module_bl_mynn.G
/lib/cpp -P -nostdinc -I/home/hnavarro/Desktop/WRF/BUILD_WRF/WRF/inc -DEM_CORE=1 -DNMM_CORE=0 -DNMM_MAX_DIM=2600 -DDA_CORE=0 -DWRFPLUS=0 -DIWORDSIZE=4 -DDWORDSIZE=8 -DRWORDSIZE=4 -DLWORDSIZE=4 -DNONSTANDARD_SYSTEM_SUBR  -DWRF_USE_CLM  -DDM_PARALLEL -DNETCDF -DLANDREAD_STUB=1 -DUSE_ALLOCATABLES -Dwrfmodel -DGRIB1 -DINTIO -DKEEP_INT_AROUND -DLIMIT_ARGS -DBUILD_RRTMG_FAST=0 -DBUILD_RRTMK=0 -DBUILD_SBM_FAST=1 -DSHOW_ALL_VARS_USED=0 -DCONFIG_BUF_LEN=65536 -DMAX_DOMAINS_F=21 -DMAX_HISTORY=25 -DNMM_NEST=0 -DWRF_CHEM -DBUILD_CHEM=1 -I. -traditional-cpp   module_bl_mynn.G  > module_bl_mynn.bb
/home/hnavarro/Desktop/WRF/BUILD_WRF/WRF/tools/standard.exe module_bl_mynn.bb | /lib/cpp -P -nostdinc -traditional-cpp > module_bl_mynn.f90
rm -f module_bl_mynn.G module_bl_mynn.bb
time mpif90 -f90=gfortran -o module_bl_mynn.o -c -O2 -ftree-vectorize -funroll-loops -w -ffree-form -ffree-line-length-none -fconvert=big-endian -frecord-marker=4 -fallow-argument-mismatch -fallow-invalid-boz   -I../dyn_em  -I/home/hnavarro/Desktop/WRF/BUILD_WRF/WRF/external/esmf_time_f90  -I/home/hnavarro/Desktop/WRF/BUILD_WRF/WRF/main -I/home/hnavarro/Desktop/WRF/BUILD_WRF/WRF/external/io_netcdf -I/home/hnavarro/Desktop/WRF/BUILD_WRF/WRF/external/io_int -I/home/hnavarro/Desktop/WRF/BUILD_WRF/WRF/frame -I/home/hnavarro/Desktop/WRF/BUILD_WRF/WRF/share -I/home/hnavarro/Desktop/WRF/BUILD_WRF/WRF/phys -I/home/hnavarro/Desktop/WRF/BUILD_WRF/WRF/wrftladj -I/home/hnavarro/Desktop/WRF/BUILD_WRF/WRF/chem -I/home/hnavarro/Desktop/WRF/BUILD_WRF/WRF/inc -I/home/hnavarro/Desktop/WRF/Install-WRF-Chem/LIBRARIES/netcdf/include    module_bl_mynn.f90
0.53user 0.09system 0:00.63elapsed 99%CPU (0avgtext+0avgdata 45960maxresident)k
0inputs+176outputs (0major+12820minor)pagefaults 0swaps
rm -f module_bl_gwdo.o
sed -e "s/^\!.*'.*//" -e "s/^ *\!.*'.*//" module_bl_gwdo.F > module_bl_gwdo.G
/lib/cpp -P -nostdinc -I/home/hnavarro/Desktop/WRF/BUILD_WRF/WRF/inc -DEM_CORE=1 -DNMM_CORE=0 -DNMM_MAX_DIM=2600 -DDA_CORE=0 -DWRFPLUS=0 -DIWORDSIZE=4 -DDWORDSIZE=8 -DRWORDSIZE=4 -DLWORDSIZE=4 -DNONSTANDARD_SYSTEM_SUBR  -DWRF_USE_CLM  -DDM_PARALLEL -DNETCDF -DLANDREAD_STUB=1 -DUSE_ALLOCATABLES -Dwrfmodel -DGRIB1 -DINTIO -DKEEP_INT_AROUND -DLIMIT_ARGS -DBUILD_RRTMG_FAST=0 -DBUILD_RRTMK=0 -DBUILD_SBM_FAST=1 -DSHOW_ALL_VARS_USED=0 -DCONFIG_BUF_LEN=65536 -DMAX_DOMAINS_F=21 -DMAX_HISTORY=25 -DNMM_NEST=0 -DWRF_CHEM -DBUILD_CHEM=1 -I. -traditional-cpp   module_bl_gwdo.G  > module_bl_gwdo.bb
/home/hnavarro/Desktop/WRF/BUILD_WRF/WRF/tools/standard.exe module_bl_gwdo.bb | /lib/cpp -P -nostdinc -traditional-cpp > module_bl_gwdo.f90
rm -f module_bl_gwdo.G module_bl_gwdo.bb
time mpif90 -f90=gfortran -o module_bl_gwdo.o -c -O2 -ftree-vectorize -funroll-loops -w -ffree-form -ffree-line-length-none -fconvert=big-endian -frecord-marker=4 -fallow-argument-mismatch -fallow-invalid-boz   -I../dyn_em  -I/home/hnavarro/Desktop/WRF/BUILD_WRF/WRF/external/esmf_time_f90  -I/home/hnavarro/Desktop/WRF/BUILD_WRF/WRF/main -I/home/hnavarro/Desktop/WRF/BUILD_WRF/WRF/external/io_netcdf -I/home/hnavarro/Desktop/WRF/BUILD_WRF/WRF/external/io_int -I/home/hnavarro/Desktop/WRF/BUILD_WRF/WRF/frame -I/home/hnavarro/Desktop/WRF/BUILD_WRF/WRF/share -I/home/hnavarro/Desktop/WRF/BUILD_WRF/WRF/phys -I/home/hnavarro/Desktop/WRF/BUILD_WRF/WRF/wrftladj -I/home/hnavarro/Desktop/WRF/BUILD_WRF/WRF/chem -I/home/hnavarro/Desktop/WRF/BUILD_WRF/WRF/inc -I/home/hnavarro/Desktop/WRF/Install-WRF-Chem/LIBRARIES/netcdf/include    module_bl_gwdo.f90
0.17user 0.08system 0:00.25elapsed 98%CPU (0avgtext+0avgdata 35456maxresident)k
0inputs+88outputs (0major+9810minor)pagefaults 0swaps
rm -f module_gfs_funcphys.o
sed -e "s/^\!.*'.*//" -e "s/^ *\!.*'.*//" module_gfs_funcphys.F > module_gfs_funcphys.G
/lib/cpp -P -nostdinc -I/home/hnavarro/Desktop/WRF/BUILD_WRF/WRF/inc -DEM_CORE=1 -DNMM_CORE=0 -DNMM_MAX_DIM=2600 -DDA_CORE=0 -DWRFPLUS=0 -DIWORDSIZE=4 -DDWORDSIZE=8 -DRWORDSIZE=4 -DLWORDSIZE=4 -DNONSTANDARD_SYSTEM_SUBR  -DWRF_USE_CLM  -DDM_PARALLEL -DNETCDF -DLANDREAD_STUB=1 -DUSE_ALLOCATABLES -Dwrfmodel -DGRIB1 -DINTIO -DKEEP_INT_AROUND -DLIMIT_ARGS -DBUILD_RRTMG_FAST=0 -DBUILD_RRTMK=0 -DBUILD_SBM_FAST=1 -DSHOW_ALL_VARS_USED=0 -DCONFIG_BUF_LEN=65536 -DMAX_DOMAINS_F=21 -DMAX_HISTORY=25 -DNMM_NEST=0 -DWRF_CHEM -DBUILD_CHEM=1 -I. -traditional-cpp   module_gfs_funcphys.G  > module_gfs_funcphys.bb
/home/hnavarro/Desktop/WRF/BUILD_WRF/WRF/tools/standard.exe module_gfs_funcphys.bb | /lib/cpp -P -nostdinc -traditional-cpp > module_gfs_funcphys.f90
rm -f module_gfs_funcphys.G module_gfs_funcphys.bb
time mpif90 -f90=gfortran -o module_gfs_funcphys.o -c -O2 -ftree-vectorize -funroll-loops -w -ffree-form -ffree-line-length-none -fconvert=big-endian -frecord-marker=4 -fallow-argument-mismatch -fallow-invalid-boz   -I../dyn_em  -I/home/hnavarro/Desktop/WRF/BUILD_WRF/WRF/external/esmf_time_f90  -I/home/hnavarro/Desktop/WRF/BUILD_WRF/WRF/main -I/home/hnavarro/Desktop/WRF/BUILD_WRF/WRF/external/io_netcdf -I/home/hnavarro/Desktop/WRF/BUILD_WRF/WRF/external/io_int -I/home/hnavarro/Desktop/WRF/BUILD_WRF/WRF/frame -I/home/hnavarro/Desktop/WRF/BUILD_WRF/WRF/share -I/home/hnavarro/Desktop/WRF/BUILD_WRF/WRF/phys -I/home/hnavarro/Desktop/WRF/BUILD_WRF/WRF/wrftladj -I/home/hnavarro/Desktop/WRF/BUILD_WRF/WRF/chem -I/home/hnavarro/Desktop/WRF/BUILD_WRF/WRF/inc -I/home/hnavarro/Desktop/WRF/Install-WRF-Chem/LIBRARIES/netcdf/include    module_gfs_funcphys.f90
0.31user 0.09system 0:00.41elapsed 99%CPU (0avgtext+0avgdata 36348maxresident)k
0inputs+440outputs (0major+10550minor)pagefaults 0swaps
rm -f module_cu_ntiedtke.o
sed -e "s/^\!.*'.*//" -e "s/^ *\!.*'.*//" module_cu_ntiedtke.F > module_cu_ntiedtke.G
/lib/cpp -P -nostdinc -I/home/hnavarro/Desktop/WRF/BUILD_WRF/WRF/inc -DEM_CORE=1 -DNMM_CORE=0 -DNMM_MAX_DIM=2600 -DDA_CORE=0 -DWRFPLUS=0 -DIWORDSIZE=4 -DDWORDSIZE=8 -DRWORDSIZE=4 -DLWORDSIZE=4 -DNONSTANDARD_SYSTEM_SUBR  -DWRF_USE_CLM  -DDM_PARALLEL -DNETCDF -DLANDREAD_STUB=1 -DUSE_ALLOCATABLES -Dwrfmodel -DGRIB1 -DINTIO -DKEEP_INT_AROUND -DLIMIT_ARGS -DBUILD_RRTMG_FAST=0 -DBUILD_RRTMK=0 -DBUILD_SBM_FAST=1 -DSHOW_ALL_VARS_USED=0 -DCONFIG_BUF_LEN=65536 -DMAX_DOMAINS_F=21 -DMAX_HISTORY=25 -DNMM_NEST=0 -DWRF_CHEM -DBUILD_CHEM=1 -I. -traditional-cpp   module_cu_ntiedtke.G  > module_cu_ntiedtke.bb
/home/hnavarro/Desktop/WRF/BUILD_WRF/WRF/tools/standard.exe module_cu_ntiedtke.bb | /lib/cpp -P -nostdinc -traditional-cpp > module_cu_ntiedtke.f90
rm -f module_cu_ntiedtke.G module_cu_ntiedtke.bb
time mpif90 -f90=gfortran -o module_cu_ntiedtke.o -c -O2 -ftree-vectorize -funroll-loops -w -ffree-form -ffree-line-length-none -fconvert=big-endian -frecord-marker=4 -fallow-argument-mismatch -fallow-invalid-boz   -I../dyn_em  -I/home/hnavarro/Desktop/WRF/BUILD_WRF/WRF/external/esmf_time_f90  -I/home/hnavarro/Desktop/WRF/BUILD_WRF/WRF/main -I/home/hnavarro/Desktop/WRF/BUILD_WRF/WRF/external/io_netcdf -I/home/hnavarro/Desktop/WRF/BUILD_WRF/WRF/external/io_int -I/home/hnavarro/Desktop/WRF/BUILD_WRF/WRF/frame -I/home/hnavarro/Desktop/WRF/BUILD_WRF/WRF/share -I/home/hnavarro/Desktop/WRF/BUILD_WRF/WRF/phys -I/home/hnavarro/Desktop/WRF/BUILD_WRF/WRF/wrftladj -I/home/hnavarro/Desktop/WRF/BUILD_WRF/WRF/chem -I/home/hnavarro/Desktop/WRF/BUILD_WRF/WRF/inc -I/home/hnavarro/Desktop/WRF/Install-WRF-Chem/LIBRARIES/netcdf/include    module_cu_ntiedtke.f90
0.41user 0.06system 0:00.48elapsed 100%CPU (0avgtext+0avgdata 57488maxresident)k
0inputs+272outputs (0major+15649minor)pagefaults 0swaps
rm -f module_cu_gf_ctrans.o
sed -e "s/^\!.*'.*//" -e "s/^ *\!.*'.*//" module_cu_gf_ctrans.F > module_cu_gf_ctrans.G
/lib/cpp -P -nostdinc -I/home/hnavarro/Desktop/WRF/BUILD_WRF/WRF/inc -DEM_CORE=1 -DNMM_CORE=0 -DNMM_MAX_DIM=2600 -DDA_CORE=0 -DWRFPLUS=0 -DIWORDSIZE=4 -DDWORDSIZE=8 -DRWORDSIZE=4 -DLWORDSIZE=4 -DNONSTANDARD_SYSTEM_SUBR  -DWRF_USE_CLM  -DDM_PARALLEL -DNETCDF -DLANDREAD_STUB=1 -DUSE_ALLOCATABLES -Dwrfmodel -DGRIB1 -DINTIO -DKEEP_INT_AROUND -DLIMIT_ARGS -DBUILD_RRTMG_FAST=0 -DBUILD_RRTMK=0 -DBUILD_SBM_FAST=1 -DSHOW_ALL_VARS_USED=0 -DCONFIG_BUF_LEN=65536 -DMAX_DOMAINS_F=21 -DMAX_HISTORY=25 -DNMM_NEST=0 -DWRF_CHEM -DBUILD_CHEM=1 -I. -traditional-cpp   module_cu_gf_ctrans.G  > module_cu_gf_ctrans.bb
/home/hnavarro/Desktop/WRF/BUILD_WRF/WRF/tools/standard.exe module_cu_gf_ctrans.bb | /lib/cpp -P -nostdinc -traditional-cpp > module_cu_gf_ctrans.f90
rm -f module_cu_gf_ctrans.G module_cu_gf_ctrans.bb
time mpif90 -f90=gfortran -o module_cu_gf_ctrans.o -c -O2 -ftree-vectorize -funroll-loops -w -ffree-form -ffree-line-length-none -fconvert=big-endian -frecord-marker=4 -fallow-argument-mismatch -fallow-invalid-boz   -I../dyn_em  -I/home/hnavarro/Desktop/WRF/BUILD_WRF/WRF/external/esmf_time_f90  -I/home/hnavarro/Desktop/WRF/BUILD_WRF/WRF/main -I/home/hnavarro/Desktop/WRF/BUILD_WRF/WRF/external/io_netcdf -I/home/hnavarro/Desktop/WRF/BUILD_WRF/WRF/external/io_int -I/home/hnavarro/Desktop/WRF/BUILD_WRF/WRF/frame -I/home/hnavarro/Desktop/WRF/BUILD_WRF/WRF/share -I/home/hnavarro/Desktop/WRF/BUILD_WRF/WRF/phys -I/home/hnavarro/Desktop/WRF/BUILD_WRF/WRF/wrftladj -I/home/hnavarro/Desktop/WRF/BUILD_WRF/WRF/chem -I/home/hnavarro/Desktop/WRF/BUILD_WRF/WRF/inc -I/home/hnavarro/Desktop/WRF/Install-WRF-Chem/LIBRARIES/netcdf/include    module_cu_gf_ctrans.f90
0.57user 0.06system 0:00.64elapsed 98%CPU (0avgtext+0avgdata 56704maxresident)k
0inputs+456outputs (0major+17998minor)pagefaults 0swaps
rm -f module_cu_sas.o
sed -e "s/^\!.*'.*//" -e "s/^ *\!.*'.*//" module_cu_sas.F > module_cu_sas.G
/lib/cpp -P -nostdinc -I/home/hnavarro/Desktop/WRF/BUILD_WRF/WRF/inc -DEM_CORE=1 -DNMM_CORE=0 -DNMM_MAX_DIM=2600 -DDA_CORE=0 -DWRFPLUS=0 -DIWORDSIZE=4 -DDWORDSIZE=8 -DRWORDSIZE=4 -DLWORDSIZE=4 -DNONSTANDARD_SYSTEM_SUBR  -DWRF_USE_CLM  -DDM_PARALLEL -DNETCDF -DLANDREAD_STUB=1 -DUSE_ALLOCATABLES -Dwrfmodel -DGRIB1 -DINTIO -DKEEP_INT_AROUND -DLIMIT_ARGS -DBUILD_RRTMG_FAST=0 -DBUILD_RRTMK=0 -DBUILD_SBM_FAST=1 -DSHOW_ALL_VARS_USED=0 -DCONFIG_BUF_LEN=65536 -DMAX_DOMAINS_F=21 -DMAX_HISTORY=25 -DNMM_NEST=0 -DWRF_CHEM -DBUILD_CHEM=1 -I. -traditional-cpp   module_cu_sas.G  > module_cu_sas.bb
/home/hnavarro/Desktop/WRF/BUILD_WRF/WRF/tools/standard.exe module_cu_sas.bb | /lib/cpp -P -nostdinc -traditional-cpp > module_cu_sas.f90
rm -f module_cu_sas.G module_cu_sas.bb
time mpif90 -f90=gfortran -o module_cu_sas.o -c -O2 -ftree-vectorize -funroll-loops -w -ffree-form -ffree-line-length-none -fconvert=big-endian -frecord-marker=4 -fallow-argument-mismatch -fallow-invalid-boz   -I../dyn_em  -I/home/hnavarro/Desktop/WRF/BUILD_WRF/WRF/external/esmf_time_f90  -I/home/hnavarro/Desktop/WRF/BUILD_WRF/WRF/main -I/home/hnavarro/Desktop/WRF/BUILD_WRF/WRF/external/io_netcdf -I/home/hnavarro/Desktop/WRF/BUILD_WRF/WRF/external/io_int -I/home/hnavarro/Desktop/WRF/BUILD_WRF/WRF/frame -I/home/hnavarro/Desktop/WRF/BUILD_WRF/WRF/share -I/home/hnavarro/Desktop/WRF/BUILD_WRF/WRF/phys -I/home/hnavarro/Desktop/WRF/BUILD_WRF/WRF/wrftladj -I/home/hnavarro/Desktop/WRF/BUILD_WRF/WRF/chem -I/home/hnavarro/Desktop/WRF/BUILD_WRF/WRF/inc -I/home/hnavarro/Desktop/WRF/Install-WRF-Chem/LIBRARIES/netcdf/include    module_cu_sas.f90
5.99user 0.28system 0:06.29elapsed 99%CPU (0avgtext+0avgdata 496768maxresident)k
0inputs+3056outputs (1major+135213minor)pagefaults 0swaps
rm -f module_cu_scalesas.o
sed -e "s/^\!.*'.*//" -e "s/^ *\!.*'.*//" module_cu_scalesas.F > module_cu_scalesas.G
/lib/cpp -P -nostdinc -I/home/hnavarro/Desktop/WRF/BUILD_WRF/WRF/inc -DEM_CORE=1 -DNMM_CORE=0 -DNMM_MAX_DIM=2600 -DDA_CORE=0 -DWRFPLUS=0 -DIWORDSIZE=4 -DDWORDSIZE=8 -DRWORDSIZE=4 -DLWORDSIZE=4 -DNONSTANDARD_SYSTEM_SUBR  -DWRF_USE_CLM  -DDM_PARALLEL -DNETCDF -DLANDREAD_STUB=1 -DUSE_ALLOCATABLES -Dwrfmodel -DGRIB1 -DINTIO -DKEEP_INT_AROUND -DLIMIT_ARGS -DBUILD_RRTMG_FAST=0 -DBUILD_RRTMK=0 -DBUILD_SBM_FAST=1 -DSHOW_ALL_VARS_USED=0 -DCONFIG_BUF_LEN=65536 -DMAX_DOMAINS_F=21 -DMAX_HISTORY=25 -DNMM_NEST=0 -DWRF_CHEM -DBUILD_CHEM=1 -I. -traditional-cpp   module_cu_scalesas.G  > module_cu_scalesas.bb
/home/hnavarro/Desktop/WRF/BUILD_WRF/WRF/tools/standard.exe module_cu_scalesas.bb | /lib/cpp -P -nostdinc -traditional-cpp > module_cu_scalesas.f90
rm -f module_cu_scalesas.G module_cu_scalesas.bb
time mpif90 -f90=gfortran -o module_cu_scalesas.o -c -O2 -ftree-vectorize -funroll-loops -w -ffree-form -ffree-line-length-none -fconvert=big-endian -frecord-marker=4 -fallow-argument-mismatch -fallow-invalid-boz   -I../dyn_em  -I/home/hnavarro/Desktop/WRF/BUILD_WRF/WRF/external/esmf_time_f90  -I/home/hnavarro/Desktop/WRF/BUILD_WRF/WRF/main -I/home/hnavarro/Desktop/WRF/BUILD_WRF/WRF/external/io_netcdf -I/home/hnavarro/Desktop/WRF/BUILD_WRF/WRF/external/io_int -I/home/hnavarro/Desktop/WRF/BUILD_WRF/WRF/frame -I/home/hnavarro/Desktop/WRF/BUILD_WRF/WRF/share -I/home/hnavarro/Desktop/WRF/BUILD_WRF/WRF/phys -I/home/hnavarro/Desktop/WRF/BUILD_WRF/WRF/wrftladj -I/home/hnavarro/Desktop/WRF/BUILD_WRF/WRF/chem -I/home/hnavarro/Desktop/WRF/BUILD_WRF/WRF/inc -I/home/hnavarro/Desktop/WRF/Install-WRF-Chem/LIBRARIES/netcdf/include    module_cu_scalesas.f90
7.98user 0.20system 0:08.20elapsed 99%CPU (0avgtext+0avgdata 316308maxresident)k
0inputs+4120outputs (0major+88976minor)pagefaults 0swaps
rm -f module_cu_osas.o
sed -e "s/^\!.*'.*//" -e "s/^ *\!.*'.*//" module_cu_osas.F > module_cu_osas.G
/lib/cpp -P -nostdinc -I/home/hnavarro/Desktop/WRF/BUILD_WRF/WRF/inc -DEM_CORE=1 -DNMM_CORE=0 -DNMM_MAX_DIM=2600 -DDA_CORE=0 -DWRFPLUS=0 -DIWORDSIZE=4 -DDWORDSIZE=8 -DRWORDSIZE=4 -DLWORDSIZE=4 -DNONSTANDARD_SYSTEM_SUBR  -DWRF_USE_CLM  -DDM_PARALLEL -DNETCDF -DLANDREAD_STUB=1 -DUSE_ALLOCATABLES -Dwrfmodel -DGRIB1 -DINTIO -DKEEP_INT_AROUND -DLIMIT_ARGS -DBUILD_RRTMG_FAST=0 -DBUILD_RRTMK=0 -DBUILD_SBM_FAST=1 -DSHOW_ALL_VARS_USED=0 -DCONFIG_BUF_LEN=65536 -DMAX_DOMAINS_F=21 -DMAX_HISTORY=25 -DNMM_NEST=0 -DWRF_CHEM -DBUILD_CHEM=1 -I. -traditional-cpp   module_cu_osas.G  > module_cu_osas.bb
/home/hnavarro/Desktop/WRF/BUILD_WRF/WRF/tools/standard.exe module_cu_osas.bb | /lib/cpp -P -nostdinc -traditional-cpp > module_cu_osas.f90
rm -f module_cu_osas.G module_cu_osas.bb
time mpif90 -f90=gfortran -o module_cu_osas.o -c -O2 -ftree-vectorize -funroll-loops -w -ffree-form -ffree-line-length-none -fconvert=big-endian -frecord-marker=4 -fallow-argument-mismatch -fallow-invalid-boz   -I../dyn_em  -I/home/hnavarro/Desktop/WRF/BUILD_WRF/WRF/external/esmf_time_f90  -I/home/hnavarro/Desktop/WRF/BUILD_WRF/WRF/main -I/home/hnavarro/Desktop/WRF/BUILD_WRF/WRF/external/io_netcdf -I/home/hnavarro/Desktop/WRF/BUILD_WRF/WRF/external/io_int -I/home/hnavarro/Desktop/WRF/BUILD_WRF/WRF/frame -I/home/hnavarro/Desktop/WRF/BUILD_WRF/WRF/share -I/home/hnavarro/Desktop/WRF/BUILD_WRF/WRF/phys -I/home/hnavarro/Desktop/WRF/BUILD_WRF/WRF/wrftladj -I/home/hnavarro/Desktop/WRF/BUILD_WRF/WRF/chem -I/home/hnavarro/Desktop/WRF/BUILD_WRF/WRF/inc -I/home/hnavarro/Desktop/WRF/Install-WRF-Chem/LIBRARIES/netcdf/include    module_cu_osas.f90
6.99user 0.18system 0:07.18elapsed 99%CPU (0avgtext+0avgdata 245976maxresident)k
0inputs+3264outputs (0major+72091minor)pagefaults 0swaps
rm -f module_ra_rrtm.o
sed -e "s/^\!.*'.*//" -e "s/^ *\!.*'.*//" module_ra_rrtm.F > module_ra_rrtm.G
/lib/cpp -P -nostdinc -I/home/hnavarro/Desktop/WRF/BUILD_WRF/WRF/inc -DEM_CORE=1 -DNMM_CORE=0 -DNMM_MAX_DIM=2600 -DDA_CORE=0 -DWRFPLUS=0 -DIWORDSIZE=4 -DDWORDSIZE=8 -DRWORDSIZE=4 -DLWORDSIZE=4 -DNONSTANDARD_SYSTEM_SUBR  -DWRF_USE_CLM  -DDM_PARALLEL -DNETCDF -DLANDREAD_STUB=1 -DUSE_ALLOCATABLES -Dwrfmodel -DGRIB1 -DINTIO -DKEEP_INT_AROUND -DLIMIT_ARGS -DBUILD_RRTMG_FAST=0 -DBUILD_RRTMK=0 -DBUILD_SBM_FAST=1 -DSHOW_ALL_VARS_USED=0 -DCONFIG_BUF_LEN=65536 -DMAX_DOMAINS_F=21 -DMAX_HISTORY=25 -DNMM_NEST=0 -DWRF_CHEM -DBUILD_CHEM=1 -I. -traditional-cpp   module_ra_rrtm.G  > module_ra_rrtm.bb
/home/hnavarro/Desktop/WRF/BUILD_WRF/WRF/tools/standard.exe module_ra_rrtm.bb | /lib/cpp -P -nostdinc -traditional-cpp > module_ra_rrtm.f90
rm -f module_ra_rrtm.G module_ra_rrtm.bb
time mpif90 -f90=gfortran -o module_ra_rrtm.o -c -O2 -ftree-vectorize -funroll-loops -w -ffree-form -ffree-line-length-none -fconvert=big-endian -frecord-marker=4 -fallow-argument-mismatch -fallow-invalid-boz   -I../dyn_em  -I/home/hnavarro/Desktop/WRF/BUILD_WRF/WRF/external/esmf_time_f90  -I/home/hnavarro/Desktop/WRF/BUILD_WRF/WRF/main -I/home/hnavarro/Desktop/WRF/BUILD_WRF/WRF/external/io_netcdf -I/home/hnavarro/Desktop/WRF/BUILD_WRF/WRF/external/io_int -I/home/hnavarro/Desktop/WRF/BUILD_WRF/WRF/frame -I/home/hnavarro/Desktop/WRF/BUILD_WRF/WRF/share -I/home/hnavarro/Desktop/WRF/BUILD_WRF/WRF/phys -I/home/hnavarro/Desktop/WRF/BUILD_WRF/WRF/wrftladj -I/home/hnavarro/Desktop/WRF/BUILD_WRF/WRF/chem -I/home/hnavarro/Desktop/WRF/BUILD_WRF/WRF/inc -I/home/hnavarro/Desktop/WRF/Install-WRF-Chem/LIBRARIES/netcdf/include    module_ra_rrtm.f90
3.57user 0.19system 0:03.77elapsed 99%CPU (0avgtext+0avgdata 230264maxresident)k
0inputs+1912outputs (0major+65219minor)pagefaults 0swaps
rm -f module_ra_rrtmg_lw.o
sed -e "s/^\!.*'.*//" -e "s/^ *\!.*'.*//" module_ra_rrtmg_lw.F > module_ra_rrtmg_lw.G
/lib/cpp -P -nostdinc -I/home/hnavarro/Desktop/WRF/BUILD_WRF/WRF/inc -DEM_CORE=1 -DNMM_CORE=0 -DNMM_MAX_DIM=2600 -DDA_CORE=0 -DWRFPLUS=0 -DIWORDSIZE=4 -DDWORDSIZE=8 -DRWORDSIZE=4 -DLWORDSIZE=4 -DNONSTANDARD_SYSTEM_SUBR  -DWRF_USE_CLM  -DDM_PARALLEL -DNETCDF -DLANDREAD_STUB=1 -DUSE_ALLOCATABLES -Dwrfmodel -DGRIB1 -DINTIO -DKEEP_INT_AROUND -DLIMIT_ARGS -DBUILD_RRTMG_FAST=0 -DBUILD_RRTMK=0 -DBUILD_SBM_FAST=1 -DSHOW_ALL_VARS_USED=0 -DCONFIG_BUF_LEN=65536 -DMAX_DOMAINS_F=21 -DMAX_HISTORY=25 -DNMM_NEST=0 -DWRF_CHEM -DBUILD_CHEM=1 -I. -traditional-cpp   module_ra_rrtmg_lw.G  > module_ra_rrtmg_lw.bb
/home/hnavarro/Desktop/WRF/BUILD_WRF/WRF/tools/standard.exe module_ra_rrtmg_lw.bb | /lib/cpp -P -nostdinc -traditional-cpp > module_ra_rrtmg_lw.f90
rm -f module_ra_rrtmg_lw.G module_ra_rrtmg_lw.bb
time mpif90 -f90=gfortran -o module_ra_rrtmg_lw.o -c -O2 -ftree-vectorize -funroll-loops -w -ffree-form -ffree-line-length-none -fconvert=big-endian -frecord-marker=4 -fallow-argument-mismatch -fallow-invalid-boz   -I../dyn_em  -I/home/hnavarro/Desktop/WRF/BUILD_WRF/WRF/external/esmf_time_f90  -I/home/hnavarro/Desktop/WRF/BUILD_WRF/WRF/main -I/home/hnavarro/Desktop/WRF/BUILD_WRF/WRF/external/io_netcdf -I/home/hnavarro/Desktop/WRF/BUILD_WRF/WRF/external/io_int -I/home/hnavarro/Desktop/WRF/BUILD_WRF/WRF/frame -I/home/hnavarro/Desktop/WRF/BUILD_WRF/WRF/share -I/home/hnavarro/Desktop/WRF/BUILD_WRF/WRF/phys -I/home/hnavarro/Desktop/WRF/BUILD_WRF/WRF/wrftladj -I/home/hnavarro/Desktop/WRF/BUILD_WRF/WRF/chem -I/home/hnavarro/Desktop/WRF/BUILD_WRF/WRF/inc -I/home/hnavarro/Desktop/WRF/Install-WRF-Chem/LIBRARIES/netcdf/include    module_ra_rrtmg_lw.f90
2.59user 0.11system 0:02.71elapsed 99%CPU (0avgtext+0avgdata 125420maxresident)k
0inputs+1992outputs (0major+32439minor)pagefaults 0swaps
rm -f module_ra_rrtmg_lwf.o
sed -e "s/^\!.*'.*//" -e "s/^ *\!.*'.*//" module_ra_rrtmg_lwf.F > module_ra_rrtmg_lwf.G
/lib/cpp -P -nostdinc -I/home/hnavarro/Desktop/WRF/BUILD_WRF/WRF/inc -DEM_CORE=1 -DNMM_CORE=0 -DNMM_MAX_DIM=2600 -DDA_CORE=0 -DWRFPLUS=0 -DIWORDSIZE=4 -DDWORDSIZE=8 -DRWORDSIZE=4 -DLWORDSIZE=4 -DNONSTANDARD_SYSTEM_SUBR  -DWRF_USE_CLM  -DDM_PARALLEL -DNETCDF -DLANDREAD_STUB=1 -DUSE_ALLOCATABLES -Dwrfmodel -DGRIB1 -DINTIO -DKEEP_INT_AROUND -DLIMIT_ARGS -DBUILD_RRTMG_FAST=0 -DBUILD_RRTMK=0 -DBUILD_SBM_FAST=1 -DSHOW_ALL_VARS_USED=0 -DCONFIG_BUF_LEN=65536 -DMAX_DOMAINS_F=21 -DMAX_HISTORY=25 -DNMM_NEST=0 -DWRF_CHEM -DBUILD_CHEM=1 -I. -traditional-cpp   module_ra_rrtmg_lwf.G  > module_ra_rrtmg_lwf.bb
/home/hnavarro/Desktop/WRF/BUILD_WRF/WRF/tools/standard.exe module_ra_rrtmg_lwf.bb | /lib/cpp -P -nostdinc -traditional-cpp > module_ra_rrtmg_lwf.f90
rm -f module_ra_rrtmg_lwf.G module_ra_rrtmg_lwf.bb
time mpif90 -f90=gfortran -o module_ra_rrtmg_lwf.o -c -O2 -ftree-vectorize -funroll-loops -w -ffree-form -ffree-line-length-none -fconvert=big-endian -frecord-marker=4 -fallow-argument-mismatch -fallow-invalid-boz   -I../dyn_em  -I/home/hnavarro/Desktop/WRF/BUILD_WRF/WRF/external/esmf_time_f90  -I/home/hnavarro/Desktop/WRF/BUILD_WRF/WRF/main -I/home/hnavarro/Desktop/WRF/BUILD_WRF/WRF/external/io_netcdf -I/home/hnavarro/Desktop/WRF/BUILD_WRF/WRF/external/io_int -I/home/hnavarro/Desktop/WRF/BUILD_WRF/WRF/frame -I/home/hnavarro/Desktop/WRF/BUILD_WRF/WRF/share -I/home/hnavarro/Desktop/WRF/BUILD_WRF/WRF/phys -I/home/hnavarro/Desktop/WRF/BUILD_WRF/WRF/wrftladj -I/home/hnavarro/Desktop/WRF/BUILD_WRF/WRF/chem -I/home/hnavarro/Desktop/WRF/BUILD_WRF/WRF/inc -I/home/hnavarro/Desktop/WRF/Install-WRF-Chem/LIBRARIES/netcdf/include    module_ra_rrtmg_lwf.f90
0.02user 0.07system 0:00.10elapsed 96%CPU (0avgtext+0avgdata 23296maxresident)k
0inputs+24outputs (0major+7446minor)pagefaults 0swaps
rm -f module_ra_rrtmg_swk.o
sed -e "s/^\!.*'.*//" -e "s/^ *\!.*'.*//" module_ra_rrtmg_swk.F > module_ra_rrtmg_swk.G
/lib/cpp -P -nostdinc -I/home/hnavarro/Desktop/WRF/BUILD_WRF/WRF/inc -DEM_CORE=1 -DNMM_CORE=0 -DNMM_MAX_DIM=2600 -DDA_CORE=0 -DWRFPLUS=0 -DIWORDSIZE=4 -DDWORDSIZE=8 -DRWORDSIZE=4 -DLWORDSIZE=4 -DNONSTANDARD_SYSTEM_SUBR  -DWRF_USE_CLM  -DDM_PARALLEL -DNETCDF -DLANDREAD_STUB=1 -DUSE_ALLOCATABLES -Dwrfmodel -DGRIB1 -DINTIO -DKEEP_INT_AROUND -DLIMIT_ARGS -DBUILD_RRTMG_FAST=0 -DBUILD_RRTMK=0 -DBUILD_SBM_FAST=1 -DSHOW_ALL_VARS_USED=0 -DCONFIG_BUF_LEN=65536 -DMAX_DOMAINS_F=21 -DMAX_HISTORY=25 -DNMM_NEST=0 -DWRF_CHEM -DBUILD_CHEM=1 -I. -traditional-cpp   module_ra_rrtmg_swk.G  > module_ra_rrtmg_swk.bb
/home/hnavarro/Desktop/WRF/BUILD_WRF/WRF/tools/standard.exe module_ra_rrtmg_swk.bb | /lib/cpp -P -nostdinc -traditional-cpp > module_ra_rrtmg_swk.f90
rm -f module_ra_rrtmg_swk.G module_ra_rrtmg_swk.bb
time mpif90 -f90=gfortran -o module_ra_rrtmg_swk.o -c -O2 -ftree-vectorize -funroll-loops -w -ffree-form -ffree-line-length-none -fconvert=big-endian -frecord-marker=4 -fallow-argument-mismatch -fallow-invalid-boz   -I../dyn_em  -I/home/hnavarro/Desktop/WRF/BUILD_WRF/WRF/external/esmf_time_f90  -I/home/hnavarro/Desktop/WRF/BUILD_WRF/WRF/main -I/home/hnavarro/Desktop/WRF/BUILD_WRF/WRF/external/io_netcdf -I/home/hnavarro/Desktop/WRF/BUILD_WRF/WRF/external/io_int -I/home/hnavarro/Desktop/WRF/BUILD_WRF/WRF/frame -I/home/hnavarro/Desktop/WRF/BUILD_WRF/WRF/share -I/home/hnavarro/Desktop/WRF/BUILD_WRF/WRF/phys -I/home/hnavarro/Desktop/WRF/BUILD_WRF/WRF/wrftladj -I/home/hnavarro/Desktop/WRF/BUILD_WRF/WRF/chem -I/home/hnavarro/Desktop/WRF/BUILD_WRF/WRF/inc -I/home/hnavarro/Desktop/WRF/Install-WRF-Chem/LIBRARIES/netcdf/include    module_ra_rrtmg_swk.f90
0.02user 0.05system 0:00.08elapsed 94%CPU (0avgtext+0avgdata 23168maxresident)k
0inputs+24outputs (0major+7393minor)pagefaults 0swaps
rm -f module_ra_cam_support.o
sed -e "s/^\!.*'.*//" -e "s/^ *\!.*'.*//" module_ra_cam_support.F > module_ra_cam_support.G
/lib/cpp -P -nostdinc -I/home/hnavarro/Desktop/WRF/BUILD_WRF/WRF/inc -DEM_CORE=1 -DNMM_CORE=0 -DNMM_MAX_DIM=2600 -DDA_CORE=0 -DWRFPLUS=0 -DIWORDSIZE=4 -DDWORDSIZE=8 -DRWORDSIZE=4 -DLWORDSIZE=4 -DNONSTANDARD_SYSTEM_SUBR  -DWRF_USE_CLM  -DDM_PARALLEL -DNETCDF -DLANDREAD_STUB=1 -DUSE_ALLOCATABLES -Dwrfmodel -DGRIB1 -DINTIO -DKEEP_INT_AROUND -DLIMIT_ARGS -DBUILD_RRTMG_FAST=0 -DBUILD_RRTMK=0 -DBUILD_SBM_FAST=1 -DSHOW_ALL_VARS_USED=0 -DCONFIG_BUF_LEN=65536 -DMAX_DOMAINS_F=21 -DMAX_HISTORY=25 -DNMM_NEST=0 -DWRF_CHEM -DBUILD_CHEM=1 -I. -traditional-cpp   module_ra_cam_support.G  > module_ra_cam_support.bb
/home/hnavarro/Desktop/WRF/BUILD_WRF/WRF/tools/standard.exe module_ra_cam_support.bb | /lib/cpp -P -nostdinc -traditional-cpp > module_ra_cam_support.f90
rm -f module_ra_cam_support.G module_ra_cam_support.bb
time mpif90 -f90=gfortran -o module_ra_cam_support.o -c -O2 -ftree-vectorize -funroll-loops -w -ffree-form -ffree-line-length-none -fconvert=big-endian -frecord-marker=4 -fallow-argument-mismatch -fallow-invalid-boz   -I../dyn_em  -I/home/hnavarro/Desktop/WRF/BUILD_WRF/WRF/external/esmf_time_f90  -I/home/hnavarro/Desktop/WRF/BUILD_WRF/WRF/main -I/home/hnavarro/Desktop/WRF/BUILD_WRF/WRF/external/io_netcdf -I/home/hnavarro/Desktop/WRF/BUILD_WRF/WRF/external/io_int -I/home/hnavarro/Desktop/WRF/BUILD_WRF/WRF/frame -I/home/hnavarro/Desktop/WRF/BUILD_WRF/WRF/share -I/home/hnavarro/Desktop/WRF/BUILD_WRF/WRF/phys -I/home/hnavarro/Desktop/WRF/BUILD_WRF/WRF/wrftladj -I/home/hnavarro/Desktop/WRF/BUILD_WRF/WRF/chem -I/home/hnavarro/Desktop/WRF/BUILD_WRF/WRF/inc -I/home/hnavarro/Desktop/WRF/Install-WRF-Chem/LIBRARIES/netcdf/include    module_ra_cam_support.f90
1.52user 0.09system 0:01.62elapsed 99%CPU (0avgtext+0avgdata 76328maxresident)k
0inputs+1216outputs (0major+21105minor)pagefaults 0swaps
rm -f module_ra_gfdleta.o
sed -e "s/^\!.*'.*//" -e "s/^ *\!.*'.*//" module_ra_gfdleta.F > module_ra_gfdleta.G
/lib/cpp -P -nostdinc -I/home/hnavarro/Desktop/WRF/BUILD_WRF/WRF/inc -DEM_CORE=1 -DNMM_CORE=0 -DNMM_MAX_DIM=2600 -DDA_CORE=0 -DWRFPLUS=0 -DIWORDSIZE=4 -DDWORDSIZE=8 -DRWORDSIZE=4 -DLWORDSIZE=4 -DNONSTANDARD_SYSTEM_SUBR  -DWRF_USE_CLM  -DDM_PARALLEL -DNETCDF -DLANDREAD_STUB=1 -DUSE_ALLOCATABLES -Dwrfmodel -DGRIB1 -DINTIO -DKEEP_INT_AROUND -DLIMIT_ARGS -DBUILD_RRTMG_FAST=0 -DBUILD_RRTMK=0 -DBUILD_SBM_FAST=1 -DSHOW_ALL_VARS_USED=0 -DCONFIG_BUF_LEN=65536 -DMAX_DOMAINS_F=21 -DMAX_HISTORY=25 -DNMM_NEST=0 -DWRF_CHEM -DBUILD_CHEM=1 -I. -traditional-cpp   module_ra_gfdleta.G  > module_ra_gfdleta.bb
/home/hnavarro/Desktop/WRF/BUILD_WRF/WRF/tools/standard.exe module_ra_gfdleta.bb | /lib/cpp -P -nostdinc -traditional-cpp > module_ra_gfdleta.f90
rm -f module_ra_gfdleta.G module_ra_gfdleta.bb
time mpif90 -f90=gfortran -o module_ra_gfdleta.o -c -O2 -ftree-vectorize -funroll-loops -w -ffree-form -ffree-line-length-none -fconvert=big-endian -frecord-marker=4 -fallow-argument-mismatch -fallow-invalid-boz   -I../dyn_em  -I/home/hnavarro/Desktop/WRF/BUILD_WRF/WRF/external/esmf_time_f90  -I/home/hnavarro/Desktop/WRF/BUILD_WRF/WRF/main -I/home/hnavarro/Desktop/WRF/BUILD_WRF/WRF/external/io_netcdf -I/home/hnavarro/Desktop/WRF/BUILD_WRF/WRF/external/io_int -I/home/hnavarro/Desktop/WRF/BUILD_WRF/WRF/frame -I/home/hnavarro/Desktop/WRF/BUILD_WRF/WRF/share -I/home/hnavarro/Desktop/WRF/BUILD_WRF/WRF/phys -I/home/hnavarro/Desktop/WRF/BUILD_WRF/WRF/wrftladj -I/home/hnavarro/Desktop/WRF/BUILD_WRF/WRF/chem -I/home/hnavarro/Desktop/WRF/BUILD_WRF/WRF/inc -I/home/hnavarro/Desktop/WRF/Install-WRF-Chem/LIBRARIES/netcdf/include    module_ra_gfdleta.f90
8.97user 0.30system 0:09.30elapsed 99%CPU (0avgtext+0avgdata 409872maxresident)k
0inputs+5080outputs (0major+109316minor)pagefaults 0swaps
rm -f module_mp_thompson.o
sed -e "s/^\!.*'.*//" -e "s/^ *\!.*'.*//" module_mp_thompson.F > module_mp_thompson.G
/lib/cpp -P -nostdinc -I/home/hnavarro/Desktop/WRF/BUILD_WRF/WRF/inc -DEM_CORE=1 -DNMM_CORE=0 -DNMM_MAX_DIM=2600 -DDA_CORE=0 -DWRFPLUS=0 -DIWORDSIZE=4 -DDWORDSIZE=8 -DRWORDSIZE=4 -DLWORDSIZE=4 -DNONSTANDARD_SYSTEM_SUBR  -DWRF_USE_CLM  -DDM_PARALLEL -DNETCDF -DLANDREAD_STUB=1 -DUSE_ALLOCATABLES -Dwrfmodel -DGRIB1 -DINTIO -DKEEP_INT_AROUND -DLIMIT_ARGS -DBUILD_RRTMG_FAST=0 -DBUILD_RRTMK=0 -DBUILD_SBM_FAST=1 -DSHOW_ALL_VARS_USED=0 -DCONFIG_BUF_LEN=65536 -DMAX_DOMAINS_F=21 -DMAX_HISTORY=25 -DNMM_NEST=0 -DWRF_CHEM -DBUILD_CHEM=1 -I. -traditional-cpp   module_mp_thompson.G  > module_mp_thompson.bb
/home/hnavarro/Desktop/WRF/BUILD_WRF/WRF/tools/standard.exe module_mp_thompson.bb | /lib/cpp -P -nostdinc -traditional-cpp > module_mp_thompson.f90
rm -f module_mp_thompson.G module_mp_thompson.bb
time mpif90 -f90=gfortran -o module_mp_thompson.o -c -O2 -ftree-vectorize -funroll-loops -w -ffree-form -ffree-line-length-none -fconvert=big-endian -frecord-marker=4 -fallow-argument-mismatch -fallow-invalid-boz   -I../dyn_em  -I/home/hnavarro/Desktop/WRF/BUILD_WRF/WRF/external/esmf_time_f90  -I/home/hnavarro/Desktop/WRF/BUILD_WRF/WRF/main -I/home/hnavarro/Desktop/WRF/BUILD_WRF/WRF/external/io_netcdf -I/home/hnavarro/Desktop/WRF/BUILD_WRF/WRF/external/io_int -I/home/hnavarro/Desktop/WRF/BUILD_WRF/WRF/frame -I/home/hnavarro/Desktop/WRF/BUILD_WRF/WRF/share -I/home/hnavarro/Desktop/WRF/BUILD_WRF/WRF/phys -I/home/hnavarro/Desktop/WRF/BUILD_WRF/WRF/wrftladj -I/home/hnavarro/Desktop/WRF/BUILD_WRF/WRF/chem -I/home/hnavarro/Desktop/WRF/BUILD_WRF/WRF/inc -I/home/hnavarro/Desktop/WRF/Install-WRF-Chem/LIBRARIES/netcdf/include    module_mp_thompson.f90
6.34user 0.23system 0:06.60elapsed 99%CPU (0avgtext+0avgdata 257744maxresident)k
0inputs+2984outputs (0major+68230minor)pagefaults 0swaps
rm -f physics_mmm/mp_wsm6.o
sed -e "s/^\!.*'.*//" -e "s/^ *\!.*'.*//" physics_mmm/mp_wsm6.F90 > physics_mmm/mp_wsm6.G
/lib/cpp -P -nostdinc -I/home/hnavarro/Desktop/WRF/BUILD_WRF/WRF/inc -DEM_CORE=1 -DNMM_CORE=0 -DNMM_MAX_DIM=2600 -DDA_CORE=0 -DWRFPLUS=0 -DIWORDSIZE=4 -DDWORDSIZE=8 -DRWORDSIZE=4 -DLWORDSIZE=4 -DNONSTANDARD_SYSTEM_SUBR  -DWRF_USE_CLM  -DDM_PARALLEL -DNETCDF -DLANDREAD_STUB=1 -DUSE_ALLOCATABLES -Dwrfmodel -DGRIB1 -DINTIO -DKEEP_INT_AROUND -DLIMIT_ARGS -DBUILD_RRTMG_FAST=0 -DBUILD_RRTMK=0 -DBUILD_SBM_FAST=1 -DSHOW_ALL_VARS_USED=0 -DCONFIG_BUF_LEN=65536 -DMAX_DOMAINS_F=21 -DMAX_HISTORY=25 -DNMM_NEST=0 -DWRF_CHEM -DBUILD_CHEM=1 -I. -traditional-cpp   physics_mmm/mp_wsm6.G  > physics_mmm/mp_wsm6.bb
/home/hnavarro/Desktop/WRF/BUILD_WRF/WRF/tools/standard.exe physics_mmm/mp_wsm6.bb | /lib/cpp -P -nostdinc -traditional-cpp > physics_mmm/mp_wsm6.tmp.f90
rm -f physics_mmm/mp_wsm6.G physics_mmm/mp_wsm6.bb
time mpif90 -f90=gfortran -o physics_mmm/mp_wsm6.o -c -O2 -ftree-vectorize -funroll-loops -w -ffree-form -ffree-line-length-none -fconvert=big-endian -frecord-marker=4 -fallow-argument-mismatch -fallow-invalid-boz   -I../dyn_em  -I/home/hnavarro/Desktop/WRF/BUILD_WRF/WRF/external/esmf_time_f90  -I/home/hnavarro/Desktop/WRF/BUILD_WRF/WRF/main -I/home/hnavarro/Desktop/WRF/BUILD_WRF/WRF/external/io_netcdf -I/home/hnavarro/Desktop/WRF/BUILD_WRF/WRF/external/io_int -I/home/hnavarro/Desktop/WRF/BUILD_WRF/WRF/frame -I/home/hnavarro/Desktop/WRF/BUILD_WRF/WRF/share -I/home/hnavarro/Desktop/WRF/BUILD_WRF/WRF/phys -I/home/hnavarro/Desktop/WRF/BUILD_WRF/WRF/wrftladj -I/home/hnavarro/Desktop/WRF/BUILD_WRF/WRF/chem -I/home/hnavarro/Desktop/WRF/BUILD_WRF/WRF/inc -I/home/hnavarro/Desktop/WRF/Install-WRF-Chem/LIBRARIES/netcdf/include    physics_mmm/mp_wsm6.tmp.f90
13.03user 0.32system 0:13.39elapsed 99%CPU (0avgtext+0avgdata 428484maxresident)k
0inputs+6576outputs (0major+121398minor)pagefaults 0swaps
rm -f module_sf_sfclayrev.o
sed -e "s/^\!.*'.*//" -e "s/^ *\!.*'.*//" module_sf_sfclayrev.F > module_sf_sfclayrev.G
/lib/cpp -P -nostdinc -I/home/hnavarro/Desktop/WRF/BUILD_WRF/WRF/inc -DEM_CORE=1 -DNMM_CORE=0 -DNMM_MAX_DIM=2600 -DDA_CORE=0 -DWRFPLUS=0 -DIWORDSIZE=4 -DDWORDSIZE=8 -DRWORDSIZE=4 -DLWORDSIZE=4 -DNONSTANDARD_SYSTEM_SUBR  -DWRF_USE_CLM  -DDM_PARALLEL -DNETCDF -DLANDREAD_STUB=1 -DUSE_ALLOCATABLES -Dwrfmodel -DGRIB1 -DINTIO -DKEEP_INT_AROUND -DLIMIT_ARGS -DBUILD_RRTMG_FAST=0 -DBUILD_RRTMK=0 -DBUILD_SBM_FAST=1 -DSHOW_ALL_VARS_USED=0 -DCONFIG_BUF_LEN=65536 -DMAX_DOMAINS_F=21 -DMAX_HISTORY=25 -DNMM_NEST=0 -DWRF_CHEM -DBUILD_CHEM=1 -I. -traditional-cpp   module_sf_sfclayrev.G  > module_sf_sfclayrev.bb
/home/hnavarro/Desktop/WRF/BUILD_WRF/WRF/tools/standard.exe module_sf_sfclayrev.bb | /lib/cpp -P -nostdinc -traditional-cpp > module_sf_sfclayrev.f90
rm -f module_sf_sfclayrev.G module_sf_sfclayrev.bb
time mpif90 -f90=gfortran -o module_sf_sfclayrev.o -c -O2 -ftree-vectorize -funroll-loops -w -ffree-form -ffree-line-length-none -fconvert=big-endian -frecord-marker=4 -fallow-argument-mismatch -fallow-invalid-boz   -I../dyn_em  -I/home/hnavarro/Desktop/WRF/BUILD_WRF/WRF/external/esmf_time_f90  -I/home/hnavarro/Desktop/WRF/BUILD_WRF/WRF/main -I/home/hnavarro/Desktop/WRF/BUILD_WRF/WRF/external/io_netcdf -I/home/hnavarro/Desktop/WRF/BUILD_WRF/WRF/external/io_int -I/home/hnavarro/Desktop/WRF/BUILD_WRF/WRF/frame -I/home/hnavarro/Desktop/WRF/BUILD_WRF/WRF/share -I/home/hnavarro/Desktop/WRF/BUILD_WRF/WRF/phys -I/home/hnavarro/Desktop/WRF/BUILD_WRF/WRF/wrftladj -I/home/hnavarro/Desktop/WRF/BUILD_WRF/WRF/chem -I/home/hnavarro/Desktop/WRF/BUILD_WRF/WRF/inc -I/home/hnavarro/Desktop/WRF/Install-WRF-Chem/LIBRARIES/netcdf/include    module_sf_sfclayrev.f90
0.28user 0.05system 0:00.34elapsed 98%CPU (0avgtext+0avgdata 42048maxresident)k
0inputs+136outputs (0major+11687minor)pagefaults 0swaps
rm -f module_sf_gfs.o
sed -e "s/^\!.*'.*//" -e "s/^ *\!.*'.*//" module_sf_gfs.F > module_sf_gfs.G
/lib/cpp -P -nostdinc -I/home/hnavarro/Desktop/WRF/BUILD_WRF/WRF/inc -DEM_CORE=1 -DNMM_CORE=0 -DNMM_MAX_DIM=2600 -DDA_CORE=0 -DWRFPLUS=0 -DIWORDSIZE=4 -DDWORDSIZE=8 -DRWORDSIZE=4 -DLWORDSIZE=4 -DNONSTANDARD_SYSTEM_SUBR  -DWRF_USE_CLM  -DDM_PARALLEL -DNETCDF -DLANDREAD_STUB=1 -DUSE_ALLOCATABLES -Dwrfmodel -DGRIB1 -DINTIO -DKEEP_INT_AROUND -DLIMIT_ARGS -DBUILD_RRTMG_FAST=0 -DBUILD_RRTMK=0 -DBUILD_SBM_FAST=1 -DSHOW_ALL_VARS_USED=0 -DCONFIG_BUF_LEN=65536 -DMAX_DOMAINS_F=21 -DMAX_HISTORY=25 -DNMM_NEST=0 -DWRF_CHEM -DBUILD_CHEM=1 -I. -traditional-cpp   module_sf_gfs.G  > module_sf_gfs.bb
/home/hnavarro/Desktop/WRF/BUILD_WRF/WRF/tools/standard.exe module_sf_gfs.bb | /lib/cpp -P -nostdinc -traditional-cpp > module_sf_gfs.f90
rm -f module_sf_gfs.G module_sf_gfs.bb
time mpif90 -f90=gfortran -o module_sf_gfs.o -c -O2 -ftree-vectorize -funroll-loops -w -ffree-form -ffree-line-length-none -fconvert=big-endian -frecord-marker=4 -fallow-argument-mismatch -fallow-invalid-boz   -I../dyn_em  -I/home/hnavarro/Desktop/WRF/BUILD_WRF/WRF/external/esmf_time_f90  -I/home/hnavarro/Desktop/WRF/BUILD_WRF/WRF/main -I/home/hnavarro/Desktop/WRF/BUILD_WRF/WRF/external/io_netcdf -I/home/hnavarro/Desktop/WRF/BUILD_WRF/WRF/external/io_int -I/home/hnavarro/Desktop/WRF/BUILD_WRF/WRF/frame -I/home/hnavarro/Desktop/WRF/BUILD_WRF/WRF/share -I/home/hnavarro/Desktop/WRF/BUILD_WRF/WRF/phys -I/home/hnavarro/Desktop/WRF/BUILD_WRF/WRF/wrftladj -I/home/hnavarro/Desktop/WRF/BUILD_WRF/WRF/chem -I/home/hnavarro/Desktop/WRF/BUILD_WRF/WRF/inc -I/home/hnavarro/Desktop/WRF/Install-WRF-Chem/LIBRARIES/netcdf/include    module_sf_gfs.f90
0.46user 0.06system 0:00.53elapsed 99%CPU (0avgtext+0avgdata 51992maxresident)k
0inputs+384outputs (0major+14237minor)pagefaults 0swaps
rm -f module_sf_gfdl.o
sed -e "s/^\!.*'.*//" -e "s/^ *\!.*'.*//" module_sf_gfdl.F > module_sf_gfdl.G
/lib/cpp -P -nostdinc -I/home/hnavarro/Desktop/WRF/BUILD_WRF/WRF/inc -DEM_CORE=1 -DNMM_CORE=0 -DNMM_MAX_DIM=2600 -DDA_CORE=0 -DWRFPLUS=0 -DIWORDSIZE=4 -DDWORDSIZE=8 -DRWORDSIZE=4 -DLWORDSIZE=4 -DNONSTANDARD_SYSTEM_SUBR  -DWRF_USE_CLM  -DDM_PARALLEL -DNETCDF -DLANDREAD_STUB=1 -DUSE_ALLOCATABLES -Dwrfmodel -DGRIB1 -DINTIO -DKEEP_INT_AROUND -DLIMIT_ARGS -DBUILD_RRTMG_FAST=0 -DBUILD_RRTMK=0 -DBUILD_SBM_FAST=1 -DSHOW_ALL_VARS_USED=0 -DCONFIG_BUF_LEN=65536 -DMAX_DOMAINS_F=21 -DMAX_HISTORY=25 -DNMM_NEST=0 -DWRF_CHEM -DBUILD_CHEM=1 -I. -traditional-cpp   module_sf_gfdl.G  > module_sf_gfdl.bb
/home/hnavarro/Desktop/WRF/BUILD_WRF/WRF/tools/standard.exe module_sf_gfdl.bb | /lib/cpp -P -nostdinc -traditional-cpp > module_sf_gfdl.f90
rm -f module_sf_gfdl.G module_sf_gfdl.bb
time mpif90 -f90=gfortran -o module_sf_gfdl.o -c -O2 -ftree-vectorize -funroll-loops -w -ffree-form -ffree-line-length-none -fconvert=big-endian -frecord-marker=4 -fallow-argument-mismatch -fallow-invalid-boz   -I../dyn_em  -I/home/hnavarro/Desktop/WRF/BUILD_WRF/WRF/external/esmf_time_f90  -I/home/hnavarro/Desktop/WRF/BUILD_WRF/WRF/main -I/home/hnavarro/Desktop/WRF/BUILD_WRF/WRF/external/io_netcdf -I/home/hnavarro/Desktop/WRF/BUILD_WRF/WRF/external/io_int -I/home/hnavarro/Desktop/WRF/BUILD_WRF/WRF/frame -I/home/hnavarro/Desktop/WRF/BUILD_WRF/WRF/share -I/home/hnavarro/Desktop/WRF/BUILD_WRF/WRF/phys -I/home/hnavarro/Desktop/WRF/BUILD_WRF/WRF/wrftladj -I/home/hnavarro/Desktop/WRF/BUILD_WRF/WRF/chem -I/home/hnavarro/Desktop/WRF/BUILD_WRF/WRF/inc -I/home/hnavarro/Desktop/WRF/Install-WRF-Chem/LIBRARIES/netcdf/include    module_sf_gfdl.f90
0.79user 0.08system 0:00.88elapsed 99%CPU (0avgtext+0avgdata 66364maxresident)k
0inputs+608outputs (0major+18800minor)pagefaults 0swaps
rm -f module_sf_noahmplsm.o
sed -e "s/^\!.*'.*//" -e "s/^ *\!.*'.*//" module_sf_noahmplsm.F > module_sf_noahmplsm.G
/lib/cpp -P -nostdinc -I/home/hnavarro/Desktop/WRF/BUILD_WRF/WRF/inc -DEM_CORE=1 -DNMM_CORE=0 -DNMM_MAX_DIM=2600 -DDA_CORE=0 -DWRFPLUS=0 -DIWORDSIZE=4 -DDWORDSIZE=8 -DRWORDSIZE=4 -DLWORDSIZE=4 -DNONSTANDARD_SYSTEM_SUBR  -DWRF_USE_CLM  -DDM_PARALLEL -DNETCDF -DLANDREAD_STUB=1 -DUSE_ALLOCATABLES -Dwrfmodel -DGRIB1 -DINTIO -DKEEP_INT_AROUND -DLIMIT_ARGS -DBUILD_RRTMG_FAST=0 -DBUILD_RRTMK=0 -DBUILD_SBM_FAST=1 -DSHOW_ALL_VARS_USED=0 -DCONFIG_BUF_LEN=65536 -DMAX_DOMAINS_F=21 -DMAX_HISTORY=25 -DNMM_NEST=0 -DWRF_CHEM -DBUILD_CHEM=1 -I. -traditional-cpp   module_sf_noahmplsm.G  > module_sf_noahmplsm.bb
/home/hnavarro/Desktop/WRF/BUILD_WRF/WRF/tools/standard.exe module_sf_noahmplsm.bb | /lib/cpp -P -nostdinc -traditional-cpp > module_sf_noahmplsm.f90
rm -f module_sf_noahmplsm.G module_sf_noahmplsm.bb
time mpif90 -f90=gfortran -o module_sf_noahmplsm.o -c -O2 -ftree-vectorize -funroll-loops -w -ffree-form -ffree-line-length-none -fconvert=big-endian -frecord-marker=4 -fallow-argument-mismatch -fallow-invalid-boz   -I../dyn_em  -I/home/hnavarro/Desktop/WRF/BUILD_WRF/WRF/external/esmf_time_f90  -I/home/hnavarro/Desktop/WRF/BUILD_WRF/WRF/main -I/home/hnavarro/Desktop/WRF/BUILD_WRF/WRF/external/io_netcdf -I/home/hnavarro/Desktop/WRF/BUILD_WRF/WRF/external/io_int -I/home/hnavarro/Desktop/WRF/BUILD_WRF/WRF/frame -I/home/hnavarro/Desktop/WRF/BUILD_WRF/WRF/share -I/home/hnavarro/Desktop/WRF/BUILD_WRF/WRF/phys -I/home/hnavarro/Desktop/WRF/BUILD_WRF/WRF/wrftladj -I/home/hnavarro/Desktop/WRF/BUILD_WRF/WRF/chem -I/home/hnavarro/Desktop/WRF/BUILD_WRF/WRF/inc -I/home/hnavarro/Desktop/WRF/Install-WRF-Chem/LIBRARIES/netcdf/include    module_sf_noahmplsm.f90
4.94user 0.31system 0:05.28elapsed 99%CPU (0avgtext+0avgdata 482120maxresident)k
0inputs+1336outputs (0major+126492minor)pagefaults 0swaps
rm -f module_sf_bep.o
sed -e "s/^\!.*'.*//" -e "s/^ *\!.*'.*//" module_sf_bep.F > module_sf_bep.G
/lib/cpp -P -nostdinc -I/home/hnavarro/Desktop/WRF/BUILD_WRF/WRF/inc -DEM_CORE=1 -DNMM_CORE=0 -DNMM_MAX_DIM=2600 -DDA_CORE=0 -DWRFPLUS=0 -DIWORDSIZE=4 -DDWORDSIZE=8 -DRWORDSIZE=4 -DLWORDSIZE=4 -DNONSTANDARD_SYSTEM_SUBR  -DWRF_USE_CLM  -DDM_PARALLEL -DNETCDF -DLANDREAD_STUB=1 -DUSE_ALLOCATABLES -Dwrfmodel -DGRIB1 -DINTIO -DKEEP_INT_AROUND -DLIMIT_ARGS -DBUILD_RRTMG_FAST=0 -DBUILD_RRTMK=0 -DBUILD_SBM_FAST=1 -DSHOW_ALL_VARS_USED=0 -DCONFIG_BUF_LEN=65536 -DMAX_DOMAINS_F=21 -DMAX_HISTORY=25 -DNMM_NEST=0 -DWRF_CHEM -DBUILD_CHEM=1 -I. -traditional-cpp   module_sf_bep.G  > module_sf_bep.bb
/home/hnavarro/Desktop/WRF/BUILD_WRF/WRF/tools/standard.exe module_sf_bep.bb | /lib/cpp -P -nostdinc -traditional-cpp > module_sf_bep.f90
rm -f module_sf_bep.G module_sf_bep.bb
time mpif90 -f90=gfortran -o module_sf_bep.o -c -O2 -ftree-vectorize -funroll-loops -w -ffree-form -ffree-line-length-none -fconvert=big-endian -frecord-marker=4 -fallow-argument-mismatch -fallow-invalid-boz   -I../dyn_em  -I/home/hnavarro/Desktop/WRF/BUILD_WRF/WRF/external/esmf_time_f90  -I/home/hnavarro/Desktop/WRF/BUILD_WRF/WRF/main -I/home/hnavarro/Desktop/WRF/BUILD_WRF/WRF/external/io_netcdf -I/home/hnavarro/Desktop/WRF/BUILD_WRF/WRF/external/io_int -I/home/hnavarro/Desktop/WRF/BUILD_WRF/WRF/frame -I/home/hnavarro/Desktop/WRF/BUILD_WRF/WRF/share -I/home/hnavarro/Desktop/WRF/BUILD_WRF/WRF/phys -I/home/hnavarro/Desktop/WRF/BUILD_WRF/WRF/wrftladj -I/home/hnavarro/Desktop/WRF/BUILD_WRF/WRF/chem -I/home/hnavarro/Desktop/WRF/BUILD_WRF/WRF/inc -I/home/hnavarro/Desktop/WRF/Install-WRF-Chem/LIBRARIES/netcdf/include    module_sf_bep.f90
2.00user 0.09system 0:02.10elapsed 99%CPU (0avgtext+0avgdata 108300maxresident)k
0inputs+1296outputs (0major+28986minor)pagefaults 0swaps
rm -f module_sf_bep_bem.o
sed -e "s/^\!.*'.*//" -e "s/^ *\!.*'.*//" module_sf_bep_bem.F > module_sf_bep_bem.G
/lib/cpp -P -nostdinc -I/home/hnavarro/Desktop/WRF/BUILD_WRF/WRF/inc -DEM_CORE=1 -DNMM_CORE=0 -DNMM_MAX_DIM=2600 -DDA_CORE=0 -DWRFPLUS=0 -DIWORDSIZE=4 -DDWORDSIZE=8 -DRWORDSIZE=4 -DLWORDSIZE=4 -DNONSTANDARD_SYSTEM_SUBR  -DWRF_USE_CLM  -DDM_PARALLEL -DNETCDF -DLANDREAD_STUB=1 -DUSE_ALLOCATABLES -Dwrfmodel -DGRIB1 -DINTIO -DKEEP_INT_AROUND -DLIMIT_ARGS -DBUILD_RRTMG_FAST=0 -DBUILD_RRTMK=0 -DBUILD_SBM_FAST=1 -DSHOW_ALL_VARS_USED=0 -DCONFIG_BUF_LEN=65536 -DMAX_DOMAINS_F=21 -DMAX_HISTORY=25 -DNMM_NEST=0 -DWRF_CHEM -DBUILD_CHEM=1 -I. -traditional-cpp   module_sf_bep_bem.G  > module_sf_bep_bem.bb
/home/hnavarro/Desktop/WRF/BUILD_WRF/WRF/tools/standard.exe module_sf_bep_bem.bb | /lib/cpp -P -nostdinc -traditional-cpp > module_sf_bep_bem.f90
rm -f module_sf_bep_bem.G module_sf_bep_bem.bb
time mpif90 -f90=gfortran -o module_sf_bep_bem.o -c -O2 -ftree-vectorize -funroll-loops -w -ffree-form -ffree-line-length-none -fconvert=big-endian -frecord-marker=4 -fallow-argument-mismatch -fallow-invalid-boz   -I../dyn_em  -I/home/hnavarro/Desktop/WRF/BUILD_WRF/WRF/external/esmf_time_f90  -I/home/hnavarro/Desktop/WRF/BUILD_WRF/WRF/main -I/home/hnavarro/Desktop/WRF/BUILD_WRF/WRF/external/io_netcdf -I/home/hnavarro/Desktop/WRF/BUILD_WRF/WRF/external/io_int -I/home/hnavarro/Desktop/WRF/BUILD_WRF/WRF/frame -I/home/hnavarro/Desktop/WRF/BUILD_WRF/WRF/share -I/home/hnavarro/Desktop/WRF/BUILD_WRF/WRF/phys -I/home/hnavarro/Desktop/WRF/BUILD_WRF/WRF/wrftladj -I/home/hnavarro/Desktop/WRF/BUILD_WRF/WRF/chem -I/home/hnavarro/Desktop/WRF/BUILD_WRF/WRF/inc -I/home/hnavarro/Desktop/WRF/Install-WRF-Chem/LIBRARIES/netcdf/include    module_sf_bep_bem.f90
4.07user 0.14system 0:04.23elapsed 99%CPU (0avgtext+0avgdata 138476maxresident)k
0inputs+2960outputs (0major+38704minor)pagefaults 0swaps
rm -f module_sf_clm.o
sed -e "s/^\!.*'.*//" -e "s/^ *\!.*'.*//" module_sf_clm.F > module_sf_clm.G
/lib/cpp -P -nostdinc -I/home/hnavarro/Desktop/WRF/BUILD_WRF/WRF/inc -DEM_CORE=1 -DNMM_CORE=0 -DNMM_MAX_DIM=2600 -DDA_CORE=0 -DWRFPLUS=0 -DIWORDSIZE=4 -DDWORDSIZE=8 -DRWORDSIZE=4 -DLWORDSIZE=4 -DNONSTANDARD_SYSTEM_SUBR  -DWRF_USE_CLM  -DDM_PARALLEL -DNETCDF -DLANDREAD_STUB=1 -DUSE_ALLOCATABLES -Dwrfmodel -DGRIB1 -DINTIO -DKEEP_INT_AROUND -DLIMIT_ARGS -DBUILD_RRTMG_FAST=0 -DBUILD_RRTMK=0 -DBUILD_SBM_FAST=1 -DSHOW_ALL_VARS_USED=0 -DCONFIG_BUF_LEN=65536 -DMAX_DOMAINS_F=21 -DMAX_HISTORY=25 -DNMM_NEST=0 -DWRF_CHEM -DBUILD_CHEM=1 -I. -traditional-cpp   module_sf_clm.G  > module_sf_clm.bb
/home/hnavarro/Desktop/WRF/BUILD_WRF/WRF/tools/standard.exe module_sf_clm.bb | /lib/cpp -P -nostdinc -traditional-cpp > module_sf_clm.f90
rm -f module_sf_clm.G module_sf_clm.bb
time mpif90 -f90=gfortran -o module_sf_clm.o -c -O2 -ftree-vectorize -funroll-loops -w -ffree-form -ffree-line-length-none -fconvert=big-endian -frecord-marker=4 -fallow-argument-mismatch -fallow-invalid-boz   -I../dyn_em  -I/home/hnavarro/Desktop/WRF/BUILD_WRF/WRF/external/esmf_time_f90  -I/home/hnavarro/Desktop/WRF/BUILD_WRF/WRF/main -I/home/hnavarro/Desktop/WRF/BUILD_WRF/WRF/external/io_netcdf -I/home/hnavarro/Desktop/WRF/BUILD_WRF/WRF/external/io_int -I/home/hnavarro/Desktop/WRF/BUILD_WRF/WRF/frame -I/home/hnavarro/Desktop/WRF/BUILD_WRF/WRF/share -I/home/hnavarro/Desktop/WRF/BUILD_WRF/WRF/phys -I/home/hnavarro/Desktop/WRF/BUILD_WRF/WRF/wrftladj -I/home/hnavarro/Desktop/WRF/BUILD_WRF/WRF/chem -I/home/hnavarro/Desktop/WRF/BUILD_WRF/WRF/inc -I/home/hnavarro/Desktop/WRF/Install-WRF-Chem/LIBRARIES/netcdf/include    module_sf_clm.f90
3.45user 0.17system 0:03.65elapsed 99%CPU (0avgtext+0avgdata 234592maxresident)k
0inputs+1912outputs (0major+61930minor)pagefaults 0swaps
rm -f module_sf_noah_seaice_drv.o
sed -e "s/^\!.*'.*//" -e "s/^ *\!.*'.*//" module_sf_noah_seaice_drv.F > module_sf_noah_seaice_drv.G
/lib/cpp -P -nostdinc -I/home/hnavarro/Desktop/WRF/BUILD_WRF/WRF/inc -DEM_CORE=1 -DNMM_CORE=0 -DNMM_MAX_DIM=2600 -DDA_CORE=0 -DWRFPLUS=0 -DIWORDSIZE=4 -DDWORDSIZE=8 -DRWORDSIZE=4 -DLWORDSIZE=4 -DNONSTANDARD_SYSTEM_SUBR  -DWRF_USE_CLM  -DDM_PARALLEL -DNETCDF -DLANDREAD_STUB=1 -DUSE_ALLOCATABLES -Dwrfmodel -DGRIB1 -DINTIO -DKEEP_INT_AROUND -DLIMIT_ARGS -DBUILD_RRTMG_FAST=0 -DBUILD_RRTMK=0 -DBUILD_SBM_FAST=1 -DSHOW_ALL_VARS_USED=0 -DCONFIG_BUF_LEN=65536 -DMAX_DOMAINS_F=21 -DMAX_HISTORY=25 -DNMM_NEST=0 -DWRF_CHEM -DBUILD_CHEM=1 -I. -traditional-cpp   module_sf_noah_seaice_drv.G  > module_sf_noah_seaice_drv.bb
/home/hnavarro/Desktop/WRF/BUILD_WRF/WRF/tools/standard.exe module_sf_noah_seaice_drv.bb | /lib/cpp -P -nostdinc -traditional-cpp > module_sf_noah_seaice_drv.f90
rm -f module_sf_noah_seaice_drv.G module_sf_noah_seaice_drv.bb
time mpif90 -f90=gfortran -o module_sf_noah_seaice_drv.o -c -O2 -ftree-vectorize -funroll-loops -w -ffree-form -ffree-line-length-none -fconvert=big-endian -frecord-marker=4 -fallow-argument-mismatch -fallow-invalid-boz   -I../dyn_em  -I/home/hnavarro/Desktop/WRF/BUILD_WRF/WRF/external/esmf_time_f90  -I/home/hnavarro/Desktop/WRF/BUILD_WRF/WRF/main -I/home/hnavarro/Desktop/WRF/BUILD_WRF/WRF/external/io_netcdf -I/home/hnavarro/Desktop/WRF/BUILD_WRF/WRF/external/io_int -I/home/hnavarro/Desktop/WRF/BUILD_WRF/WRF/frame -I/home/hnavarro/Desktop/WRF/BUILD_WRF/WRF/share -I/home/hnavarro/Desktop/WRF/BUILD_WRF/WRF/phys -I/home/hnavarro/Desktop/WRF/BUILD_WRF/WRF/wrftladj -I/home/hnavarro/Desktop/WRF/BUILD_WRF/WRF/chem -I/home/hnavarro/Desktop/WRF/BUILD_WRF/WRF/inc -I/home/hnavarro/Desktop/WRF/Install-WRF-Chem/LIBRARIES/netcdf/include    module_sf_noah_seaice_drv.f90
0.17user 0.04system 0:00.22elapsed 100%CPU (0avgtext+0avgdata 35040maxresident)k
0inputs+88outputs (0major+10188minor)pagefaults 0swaps
rm -f module_sf_noahmp_groundwater.o
sed -e "s/^\!.*'.*//" -e "s/^ *\!.*'.*//" module_sf_noahmp_groundwater.F > module_sf_noahmp_groundwater.G
/lib/cpp -P -nostdinc -I/home/hnavarro/Desktop/WRF/BUILD_WRF/WRF/inc -DEM_CORE=1 -DNMM_CORE=0 -DNMM_MAX_DIM=2600 -DDA_CORE=0 -DWRFPLUS=0 -DIWORDSIZE=4 -DDWORDSIZE=8 -DRWORDSIZE=4 -DLWORDSIZE=4 -DNONSTANDARD_SYSTEM_SUBR  -DWRF_USE_CLM  -DDM_PARALLEL -DNETCDF -DLANDREAD_STUB=1 -DUSE_ALLOCATABLES -Dwrfmodel -DGRIB1 -DINTIO -DKEEP_INT_AROUND -DLIMIT_ARGS -DBUILD_RRTMG_FAST=0 -DBUILD_RRTMK=0 -DBUILD_SBM_FAST=1 -DSHOW_ALL_VARS_USED=0 -DCONFIG_BUF_LEN=65536 -DMAX_DOMAINS_F=21 -DMAX_HISTORY=25 -DNMM_NEST=0 -DWRF_CHEM -DBUILD_CHEM=1 -I. -traditional-cpp   module_sf_noahmp_groundwater.G  > module_sf_noahmp_groundwater.bb
/home/hnavarro/Desktop/WRF/BUILD_WRF/WRF/tools/standard.exe module_sf_noahmp_groundwater.bb | /lib/cpp -P -nostdinc -traditional-cpp > module_sf_noahmp_groundwater.f90
rm -f module_sf_noahmp_groundwater.G module_sf_noahmp_groundwater.bb
time mpif90 -f90=gfortran -o module_sf_noahmp_groundwater.o -c -O2 -ftree-vectorize -funroll-loops -w -ffree-form -ffree-line-length-none -fconvert=big-endian -frecord-marker=4 -fallow-argument-mismatch -fallow-invalid-boz   -I../dyn_em  -I/home/hnavarro/Desktop/WRF/BUILD_WRF/WRF/external/esmf_time_f90  -I/home/hnavarro/Desktop/WRF/BUILD_WRF/WRF/main -I/home/hnavarro/Desktop/WRF/BUILD_WRF/WRF/external/io_netcdf -I/home/hnavarro/Desktop/WRF/BUILD_WRF/WRF/external/io_int -I/home/hnavarro/Desktop/WRF/BUILD_WRF/WRF/frame -I/home/hnavarro/Desktop/WRF/BUILD_WRF/WRF/share -I/home/hnavarro/Desktop/WRF/BUILD_WRF/WRF/phys -I/home/hnavarro/Desktop/WRF/BUILD_WRF/WRF/wrftladj -I/home/hnavarro/Desktop/WRF/BUILD_WRF/WRF/chem -I/home/hnavarro/Desktop/WRF/BUILD_WRF/WRF/inc -I/home/hnavarro/Desktop/WRF/Install-WRF-Chem/LIBRARIES/netcdf/include    module_sf_noahmp_groundwater.f90
0.24user 0.04system 0:00.30elapsed 98%CPU (0avgtext+0avgdata 43680maxresident)k
0inputs+240outputs (0major+12052minor)pagefaults 0swaps
rm -f module_sf_pxlsm.o
sed -e "s/^\!.*'.*//" -e "s/^ *\!.*'.*//" module_sf_pxlsm.F > module_sf_pxlsm.G
/lib/cpp -P -nostdinc -I/home/hnavarro/Desktop/WRF/BUILD_WRF/WRF/inc -DEM_CORE=1 -DNMM_CORE=0 -DNMM_MAX_DIM=2600 -DDA_CORE=0 -DWRFPLUS=0 -DIWORDSIZE=4 -DDWORDSIZE=8 -DRWORDSIZE=4 -DLWORDSIZE=4 -DNONSTANDARD_SYSTEM_SUBR  -DWRF_USE_CLM  -DDM_PARALLEL -DNETCDF -DLANDREAD_STUB=1 -DUSE_ALLOCATABLES -Dwrfmodel -DGRIB1 -DINTIO -DKEEP_INT_AROUND -DLIMIT_ARGS -DBUILD_RRTMG_FAST=0 -DBUILD_RRTMK=0 -DBUILD_SBM_FAST=1 -DSHOW_ALL_VARS_USED=0 -DCONFIG_BUF_LEN=65536 -DMAX_DOMAINS_F=21 -DMAX_HISTORY=25 -DNMM_NEST=0 -DWRF_CHEM -DBUILD_CHEM=1 -I. -traditional-cpp   module_sf_pxlsm.G  > module_sf_pxlsm.bb
/home/hnavarro/Desktop/WRF/BUILD_WRF/WRF/tools/standard.exe module_sf_pxlsm.bb | /lib/cpp -P -nostdinc -traditional-cpp > module_sf_pxlsm.f90
rm -f module_sf_pxlsm.G module_sf_pxlsm.bb
time mpif90 -f90=gfortran -o module_sf_pxlsm.o -c -O2 -ftree-vectorize -funroll-loops -w -ffree-form -ffree-line-length-none -fconvert=big-endian -frecord-marker=4 -fallow-argument-mismatch -fallow-invalid-boz   -I../dyn_em  -I/home/hnavarro/Desktop/WRF/BUILD_WRF/WRF/external/esmf_time_f90  -I/home/hnavarro/Desktop/WRF/BUILD_WRF/WRF/main -I/home/hnavarro/Desktop/WRF/BUILD_WRF/WRF/external/io_netcdf -I/home/hnavarro/Desktop/WRF/BUILD_WRF/WRF/external/io_int -I/home/hnavarro/Desktop/WRF/BUILD_WRF/WRF/frame -I/home/hnavarro/Desktop/WRF/BUILD_WRF/WRF/share -I/home/hnavarro/Desktop/WRF/BUILD_WRF/WRF/phys -I/home/hnavarro/Desktop/WRF/BUILD_WRF/WRF/wrftladj -I/home/hnavarro/Desktop/WRF/BUILD_WRF/WRF/chem -I/home/hnavarro/Desktop/WRF/BUILD_WRF/WRF/inc -I/home/hnavarro/Desktop/WRF/Install-WRF-Chem/LIBRARIES/netcdf/include    module_sf_pxlsm.f90
0.68user 0.08system 0:00.77elapsed 99%CPU (0avgtext+0avgdata 50072maxresident)k
0inputs+432outputs (0major+13964minor)pagefaults 0swaps
rm -f module_sf_ocean_driver.o
sed -e "s/^\!.*'.*//" -e "s/^ *\!.*'.*//" module_sf_ocean_driver.F > module_sf_ocean_driver.G
/lib/cpp -P -nostdinc -I/home/hnavarro/Desktop/WRF/BUILD_WRF/WRF/inc -DEM_CORE=1 -DNMM_CORE=0 -DNMM_MAX_DIM=2600 -DDA_CORE=0 -DWRFPLUS=0 -DIWORDSIZE=4 -DDWORDSIZE=8 -DRWORDSIZE=4 -DLWORDSIZE=4 -DNONSTANDARD_SYSTEM_SUBR  -DWRF_USE_CLM  -DDM_PARALLEL -DNETCDF -DLANDREAD_STUB=1 -DUSE_ALLOCATABLES -Dwrfmodel -DGRIB1 -DINTIO -DKEEP_INT_AROUND -DLIMIT_ARGS -DBUILD_RRTMG_FAST=0 -DBUILD_RRTMK=0 -DBUILD_SBM_FAST=1 -DSHOW_ALL_VARS_USED=0 -DCONFIG_BUF_LEN=65536 -DMAX_DOMAINS_F=21 -DMAX_HISTORY=25 -DNMM_NEST=0 -DWRF_CHEM -DBUILD_CHEM=1 -I. -traditional-cpp   module_sf_ocean_driver.G  > module_sf_ocean_driver.bb
/home/hnavarro/Desktop/WRF/BUILD_WRF/WRF/tools/standard.exe module_sf_ocean_driver.bb | /lib/cpp -P -nostdinc -traditional-cpp > module_sf_ocean_driver.f90
rm -f module_sf_ocean_driver.G module_sf_ocean_driver.bb
time mpif90 -f90=gfortran -o module_sf_ocean_driver.o -c -O2 -ftree-vectorize -funroll-loops -w -ffree-form -ffree-line-length-none -fconvert=big-endian -frecord-marker=4 -fallow-argument-mismatch -fallow-invalid-boz   -I../dyn_em  -I/home/hnavarro/Desktop/WRF/BUILD_WRF/WRF/external/esmf_time_f90  -I/home/hnavarro/Desktop/WRF/BUILD_WRF/WRF/main -I/home/hnavarro/Desktop/WRF/BUILD_WRF/WRF/external/io_netcdf -I/home/hnavarro/Desktop/WRF/BUILD_WRF/WRF/external/io_int -I/home/hnavarro/Desktop/WRF/BUILD_WRF/WRF/frame -I/home/hnavarro/Desktop/WRF/BUILD_WRF/WRF/share -I/home/hnavarro/Desktop/WRF/BUILD_WRF/WRF/phys -I/home/hnavarro/Desktop/WRF/BUILD_WRF/WRF/wrftladj -I/home/hnavarro/Desktop/WRF/BUILD_WRF/WRF/chem -I/home/hnavarro/Desktop/WRF/BUILD_WRF/WRF/inc -I/home/hnavarro/Desktop/WRF/Install-WRF-Chem/LIBRARIES/netcdf/include    module_sf_ocean_driver.f90
0.17user 0.11system 0:00.30elapsed 94%CPU (0avgtext+0avgdata 32940maxresident)k
0inputs+88outputs (0major+9773minor)pagefaults 0swaps
rm -f module_sf_mynn.o
sed -e "s/^\!.*'.*//" -e "s/^ *\!.*'.*//" module_sf_mynn.F > module_sf_mynn.G
/lib/cpp -P -nostdinc -I/home/hnavarro/Desktop/WRF/BUILD_WRF/WRF/inc -DEM_CORE=1 -DNMM_CORE=0 -DNMM_MAX_DIM=2600 -DDA_CORE=0 -DWRFPLUS=0 -DIWORDSIZE=4 -DDWORDSIZE=8 -DRWORDSIZE=4 -DLWORDSIZE=4 -DNONSTANDARD_SYSTEM_SUBR  -DWRF_USE_CLM  -DDM_PARALLEL -DNETCDF -DLANDREAD_STUB=1 -DUSE_ALLOCATABLES -Dwrfmodel -DGRIB1 -DINTIO -DKEEP_INT_AROUND -DLIMIT_ARGS -DBUILD_RRTMG_FAST=0 -DBUILD_RRTMK=0 -DBUILD_SBM_FAST=1 -DSHOW_ALL_VARS_USED=0 -DCONFIG_BUF_LEN=65536 -DMAX_DOMAINS_F=21 -DMAX_HISTORY=25 -DNMM_NEST=0 -DWRF_CHEM -DBUILD_CHEM=1 -I. -traditional-cpp   module_sf_mynn.G  > module_sf_mynn.bb
/home/hnavarro/Desktop/WRF/BUILD_WRF/WRF/tools/standard.exe module_sf_mynn.bb | /lib/cpp -P -nostdinc -traditional-cpp > module_sf_mynn.f90
rm -f module_sf_mynn.G module_sf_mynn.bb
time mpif90 -f90=gfortran -o module_sf_mynn.o -c -O2 -ftree-vectorize -funroll-loops -w -ffree-form -ffree-line-length-none -fconvert=big-endian -frecord-marker=4 -fallow-argument-mismatch -fallow-invalid-boz   -I../dyn_em  -I/home/hnavarro/Desktop/WRF/BUILD_WRF/WRF/external/esmf_time_f90  -I/home/hnavarro/Desktop/WRF/BUILD_WRF/WRF/main -I/home/hnavarro/Desktop/WRF/BUILD_WRF/WRF/external/io_netcdf -I/home/hnavarro/Desktop/WRF/BUILD_WRF/WRF/external/io_int -I/home/hnavarro/Desktop/WRF/BUILD_WRF/WRF/frame -I/home/hnavarro/Desktop/WRF/BUILD_WRF/WRF/share -I/home/hnavarro/Desktop/WRF/BUILD_WRF/WRF/phys -I/home/hnavarro/Desktop/WRF/BUILD_WRF/WRF/wrftladj -I/home/hnavarro/Desktop/WRF/BUILD_WRF/WRF/chem -I/home/hnavarro/Desktop/WRF/BUILD_WRF/WRF/inc -I/home/hnavarro/Desktop/WRF/Install-WRF-Chem/LIBRARIES/netcdf/include    module_sf_mynn.f90
0.59user 0.09system 0:00.70elapsed 99%CPU (0avgtext+0avgdata 49420maxresident)k
0inputs+456outputs (0major+13760minor)pagefaults 0swaps
rm -f module_lightning_driver.o
sed -e "s/^\!.*'.*//" -e "s/^ *\!.*'.*//" module_lightning_driver.F > module_lightning_driver.G
/lib/cpp -P -nostdinc -I/home/hnavarro/Desktop/WRF/BUILD_WRF/WRF/inc -DEM_CORE=1 -DNMM_CORE=0 -DNMM_MAX_DIM=2600 -DDA_CORE=0 -DWRFPLUS=0 -DIWORDSIZE=4 -DDWORDSIZE=8 -DRWORDSIZE=4 -DLWORDSIZE=4 -DNONSTANDARD_SYSTEM_SUBR  -DWRF_USE_CLM  -DDM_PARALLEL -DNETCDF -DLANDREAD_STUB=1 -DUSE_ALLOCATABLES -Dwrfmodel -DGRIB1 -DINTIO -DKEEP_INT_AROUND -DLIMIT_ARGS -DBUILD_RRTMG_FAST=0 -DBUILD_RRTMK=0 -DBUILD_SBM_FAST=1 -DSHOW_ALL_VARS_USED=0 -DCONFIG_BUF_LEN=65536 -DMAX_DOMAINS_F=21 -DMAX_HISTORY=25 -DNMM_NEST=0 -DWRF_CHEM -DBUILD_CHEM=1 -I. -traditional-cpp   module_lightning_driver.G  > module_lightning_driver.bb
/home/hnavarro/Desktop/WRF/BUILD_WRF/WRF/tools/standard.exe module_lightning_driver.bb | /lib/cpp -P -nostdinc -traditional-cpp > module_lightning_driver.f90
rm -f module_lightning_driver.G module_lightning_driver.bb
time mpif90 -f90=gfortran -o module_lightning_driver.o -c -O2 -ftree-vectorize -funroll-loops -w -ffree-form -ffree-line-length-none -fconvert=big-endian -frecord-marker=4 -fallow-argument-mismatch -fallow-invalid-boz   -I../dyn_em  -I/home/hnavarro/Desktop/WRF/BUILD_WRF/WRF/external/esmf_time_f90  -I/home/hnavarro/Desktop/WRF/BUILD_WRF/WRF/main -I/home/hnavarro/Desktop/WRF/BUILD_WRF/WRF/external/io_netcdf -I/home/hnavarro/Desktop/WRF/BUILD_WRF/WRF/external/io_int -I/home/hnavarro/Desktop/WRF/BUILD_WRF/WRF/frame -I/home/hnavarro/Desktop/WRF/BUILD_WRF/WRF/share -I/home/hnavarro/Desktop/WRF/BUILD_WRF/WRF/phys -I/home/hnavarro/Desktop/WRF/BUILD_WRF/WRF/wrftladj -I/home/hnavarro/Desktop/WRF/BUILD_WRF/WRF/chem -I/home/hnavarro/Desktop/WRF/BUILD_WRF/WRF/inc -I/home/hnavarro/Desktop/WRF/Install-WRF-Chem/LIBRARIES/netcdf/include    module_lightning_driver.f90
2.46user 0.09system 0:02.62elapsed 97%CPU (0avgtext+0avgdata 55396maxresident)k
0inputs+256outputs (0major+17083minor)pagefaults 0swaps
rm -f module_diag_nwp.o
sed -e "s/^\!.*'.*//" -e "s/^ *\!.*'.*//" module_diag_nwp.F > module_diag_nwp.G
/lib/cpp -P -nostdinc -I/home/hnavarro/Desktop/WRF/BUILD_WRF/WRF/inc -DEM_CORE=1 -DNMM_CORE=0 -DNMM_MAX_DIM=2600 -DDA_CORE=0 -DWRFPLUS=0 -DIWORDSIZE=4 -DDWORDSIZE=8 -DRWORDSIZE=4 -DLWORDSIZE=4 -DNONSTANDARD_SYSTEM_SUBR  -DWRF_USE_CLM  -DDM_PARALLEL -DNETCDF -DLANDREAD_STUB=1 -DUSE_ALLOCATABLES -Dwrfmodel -DGRIB1 -DINTIO -DKEEP_INT_AROUND -DLIMIT_ARGS -DBUILD_RRTMG_FAST=0 -DBUILD_RRTMK=0 -DBUILD_SBM_FAST=1 -DSHOW_ALL_VARS_USED=0 -DCONFIG_BUF_LEN=65536 -DMAX_DOMAINS_F=21 -DMAX_HISTORY=25 -DNMM_NEST=0 -DWRF_CHEM -DBUILD_CHEM=1 -I. -traditional-cpp   module_diag_nwp.G  > module_diag_nwp.bb
/home/hnavarro/Desktop/WRF/BUILD_WRF/WRF/tools/standard.exe module_diag_nwp.bb | /lib/cpp -P -nostdinc -traditional-cpp > module_diag_nwp.f90
rm -f module_diag_nwp.G module_diag_nwp.bb
time mpif90 -f90=gfortran -o module_diag_nwp.o -c -O2 -ftree-vectorize -funroll-loops -w -ffree-form -ffree-line-length-none -fconvert=big-endian -frecord-marker=4 -fallow-argument-mismatch -fallow-invalid-boz   -I../dyn_em  -I/home/hnavarro/Desktop/WRF/BUILD_WRF/WRF/external/esmf_time_f90  -I/home/hnavarro/Desktop/WRF/BUILD_WRF/WRF/main -I/home/hnavarro/Desktop/WRF/BUILD_WRF/WRF/external/io_netcdf -I/home/hnavarro/Desktop/WRF/BUILD_WRF/WRF/external/io_int -I/home/hnavarro/Desktop/WRF/BUILD_WRF/WRF/frame -I/home/hnavarro/Desktop/WRF/BUILD_WRF/WRF/share -I/home/hnavarro/Desktop/WRF/BUILD_WRF/WRF/phys -I/home/hnavarro/Desktop/WRF/BUILD_WRF/WRF/wrftladj -I/home/hnavarro/Desktop/WRF/BUILD_WRF/WRF/chem -I/home/hnavarro/Desktop/WRF/BUILD_WRF/WRF/inc -I/home/hnavarro/Desktop/WRF/Install-WRF-Chem/LIBRARIES/netcdf/include    module_diag_nwp.f90
1.23user 0.11system 0:01.36elapsed 99%CPU (0avgtext+0avgdata 86400maxresident)k
0inputs+440outputs (0major+24280minor)pagefaults 0swaps
rm -f module_diag_trad_fields.o
sed -e "s/^\!.*'.*//" -e "s/^ *\!.*'.*//" module_diag_trad_fields.F > module_diag_trad_fields.G
/lib/cpp -P -nostdinc -I/home/hnavarro/Desktop/WRF/BUILD_WRF/WRF/inc -DEM_CORE=1 -DNMM_CORE=0 -DNMM_MAX_DIM=2600 -DDA_CORE=0 -DWRFPLUS=0 -DIWORDSIZE=4 -DDWORDSIZE=8 -DRWORDSIZE=4 -DLWORDSIZE=4 -DNONSTANDARD_SYSTEM_SUBR  -DWRF_USE_CLM  -DDM_PARALLEL -DNETCDF -DLANDREAD_STUB=1 -DUSE_ALLOCATABLES -Dwrfmodel -DGRIB1 -DINTIO -DKEEP_INT_AROUND -DLIMIT_ARGS -DBUILD_RRTMG_FAST=0 -DBUILD_RRTMK=0 -DBUILD_SBM_FAST=1 -DSHOW_ALL_VARS_USED=0 -DCONFIG_BUF_LEN=65536 -DMAX_DOMAINS_F=21 -DMAX_HISTORY=25 -DNMM_NEST=0 -DWRF_CHEM -DBUILD_CHEM=1 -I. -traditional-cpp   module_diag_trad_fields.G  > module_diag_trad_fields.bb
/home/hnavarro/Desktop/WRF/BUILD_WRF/WRF/tools/standard.exe module_diag_trad_fields.bb | /lib/cpp -P -nostdinc -traditional-cpp > module_diag_trad_fields.f90
rm -f module_diag_trad_fields.G module_diag_trad_fields.bb
time mpif90 -f90=gfortran -o module_diag_trad_fields.o -c -O2 -ftree-vectorize -funroll-loops -w -ffree-form -ffree-line-length-none -fconvert=big-endian -frecord-marker=4 -fallow-argument-mismatch -fallow-invalid-boz   -I../dyn_em  -I/home/hnavarro/Desktop/WRF/BUILD_WRF/WRF/external/esmf_time_f90  -I/home/hnavarro/Desktop/WRF/BUILD_WRF/WRF/main -I/home/hnavarro/Desktop/WRF/BUILD_WRF/WRF/external/io_netcdf -I/home/hnavarro/Desktop/WRF/BUILD_WRF/WRF/external/io_int -I/home/hnavarro/Desktop/WRF/BUILD_WRF/WRF/frame -I/home/hnavarro/Desktop/WRF/BUILD_WRF/WRF/share -I/home/hnavarro/Desktop/WRF/BUILD_WRF/WRF/phys -I/home/hnavarro/Desktop/WRF/BUILD_WRF/WRF/wrftladj -I/home/hnavarro/Desktop/WRF/BUILD_WRF/WRF/chem -I/home/hnavarro/Desktop/WRF/BUILD_WRF/WRF/inc -I/home/hnavarro/Desktop/WRF/Install-WRF-Chem/LIBRARIES/netcdf/include    module_diag_trad_fields.f90
0.17user 0.07system 0:00.25elapsed 98%CPU (0avgtext+0avgdata 35200maxresident)k
0inputs+64outputs (0major+9698minor)pagefaults 0swaps
rm -f module_diag_rasm.o
sed -e "s/^\!.*'.*//" -e "s/^ *\!.*'.*//" module_diag_rasm.F > module_diag_rasm.G
/lib/cpp -P -nostdinc -I/home/hnavarro/Desktop/WRF/BUILD_WRF/WRF/inc -DEM_CORE=1 -DNMM_CORE=0 -DNMM_MAX_DIM=2600 -DDA_CORE=0 -DWRFPLUS=0 -DIWORDSIZE=4 -DDWORDSIZE=8 -DRWORDSIZE=4 -DLWORDSIZE=4 -DNONSTANDARD_SYSTEM_SUBR  -DWRF_USE_CLM  -DDM_PARALLEL -DNETCDF -DLANDREAD_STUB=1 -DUSE_ALLOCATABLES -Dwrfmodel -DGRIB1 -DINTIO -DKEEP_INT_AROUND -DLIMIT_ARGS -DBUILD_RRTMG_FAST=0 -DBUILD_RRTMK=0 -DBUILD_SBM_FAST=1 -DSHOW_ALL_VARS_USED=0 -DCONFIG_BUF_LEN=65536 -DMAX_DOMAINS_F=21 -DMAX_HISTORY=25 -DNMM_NEST=0 -DWRF_CHEM -DBUILD_CHEM=1 -I. -traditional-cpp   module_diag_rasm.G  > module_diag_rasm.bb
/home/hnavarro/Desktop/WRF/BUILD_WRF/WRF/tools/standard.exe module_diag_rasm.bb | /lib/cpp -P -nostdinc -traditional-cpp > module_diag_rasm.f90
rm -f module_diag_rasm.G module_diag_rasm.bb
time mpif90 -f90=gfortran -o module_diag_rasm.o -c -O2 -ftree-vectorize -funroll-loops -w -ffree-form -ffree-line-length-none -fconvert=big-endian -frecord-marker=4 -fallow-argument-mismatch -fallow-invalid-boz   -I../dyn_em  -I/home/hnavarro/Desktop/WRF/BUILD_WRF/WRF/external/esmf_time_f90  -I/home/hnavarro/Desktop/WRF/BUILD_WRF/WRF/main -I/home/hnavarro/Desktop/WRF/BUILD_WRF/WRF/external/io_netcdf -I/home/hnavarro/Desktop/WRF/BUILD_WRF/WRF/external/io_int -I/home/hnavarro/Desktop/WRF/BUILD_WRF/WRF/frame -I/home/hnavarro/Desktop/WRF/BUILD_WRF/WRF/share -I/home/hnavarro/Desktop/WRF/BUILD_WRF/WRF/phys -I/home/hnavarro/Desktop/WRF/BUILD_WRF/WRF/wrftladj -I/home/hnavarro/Desktop/WRF/BUILD_WRF/WRF/chem -I/home/hnavarro/Desktop/WRF/BUILD_WRF/WRF/inc -I/home/hnavarro/Desktop/WRF/Install-WRF-Chem/LIBRARIES/netcdf/include    module_diag_rasm.f90
1.76user 0.15system 0:01.92elapsed 99%CPU (0avgtext+0avgdata 110944maxresident)k
0inputs+888outputs (0major+32795minor)pagefaults 0swaps
rm -f module_fr_fire_phys.o
sed -e "s/^\!.*'.*//" -e "s/^ *\!.*'.*//" module_fr_fire_phys.F > module_fr_fire_phys.G
/lib/cpp -P -nostdinc -I/home/hnavarro/Desktop/WRF/BUILD_WRF/WRF/inc -DEM_CORE=1 -DNMM_CORE=0 -DNMM_MAX_DIM=2600 -DDA_CORE=0 -DWRFPLUS=0 -DIWORDSIZE=4 -DDWORDSIZE=8 -DRWORDSIZE=4 -DLWORDSIZE=4 -DNONSTANDARD_SYSTEM_SUBR  -DWRF_USE_CLM  -DDM_PARALLEL -DNETCDF -DLANDREAD_STUB=1 -DUSE_ALLOCATABLES -Dwrfmodel -DGRIB1 -DINTIO -DKEEP_INT_AROUND -DLIMIT_ARGS -DBUILD_RRTMG_FAST=0 -DBUILD_RRTMK=0 -DBUILD_SBM_FAST=1 -DSHOW_ALL_VARS_USED=0 -DCONFIG_BUF_LEN=65536 -DMAX_DOMAINS_F=21 -DMAX_HISTORY=25 -DNMM_NEST=0 -DWRF_CHEM -DBUILD_CHEM=1 -I. -traditional-cpp   module_fr_fire_phys.G  > module_fr_fire_phys.bb
/home/hnavarro/Desktop/WRF/BUILD_WRF/WRF/tools/standard.exe module_fr_fire_phys.bb | /lib/cpp -P -nostdinc -traditional-cpp > module_fr_fire_phys.f90
rm -f module_fr_fire_phys.G module_fr_fire_phys.bb
time mpif90 -f90=gfortran -o module_fr_fire_phys.o -c -O2 -ftree-vectorize -funroll-loops -w -ffree-form -ffree-line-length-none -fconvert=big-endian -frecord-marker=4 -fallow-argument-mismatch -fallow-invalid-boz   -I../dyn_em  -I/home/hnavarro/Desktop/WRF/BUILD_WRF/WRF/external/esmf_time_f90  -I/home/hnavarro/Desktop/WRF/BUILD_WRF/WRF/main -I/home/hnavarro/Desktop/WRF/BUILD_WRF/WRF/external/io_netcdf -I/home/hnavarro/Desktop/WRF/BUILD_WRF/WRF/external/io_int -I/home/hnavarro/Desktop/WRF/BUILD_WRF/WRF/frame -I/home/hnavarro/Desktop/WRF/BUILD_WRF/WRF/share -I/home/hnavarro/Desktop/WRF/BUILD_WRF/WRF/phys -I/home/hnavarro/Desktop/WRF/BUILD_WRF/WRF/wrftladj -I/home/hnavarro/Desktop/WRF/BUILD_WRF/WRF/chem -I/home/hnavarro/Desktop/WRF/BUILD_WRF/WRF/inc -I/home/hnavarro/Desktop/WRF/Install-WRF-Chem/LIBRARIES/netcdf/include    module_fr_fire_phys.f90
0.84user 0.06system 0:00.91elapsed 99%CPU (0avgtext+0avgdata 52992maxresident)k
0inputs+848outputs (0major+14148minor)pagefaults 0swaps
rm -f module_fr_fire_atm.o
sed -e "s/^\!.*'.*//" -e "s/^ *\!.*'.*//" module_fr_fire_atm.F > module_fr_fire_atm.G
/lib/cpp -P -nostdinc -I/home/hnavarro/Desktop/WRF/BUILD_WRF/WRF/inc -DEM_CORE=1 -DNMM_CORE=0 -DNMM_MAX_DIM=2600 -DDA_CORE=0 -DWRFPLUS=0 -DIWORDSIZE=4 -DDWORDSIZE=8 -DRWORDSIZE=4 -DLWORDSIZE=4 -DNONSTANDARD_SYSTEM_SUBR  -DWRF_USE_CLM  -DDM_PARALLEL -DNETCDF -DLANDREAD_STUB=1 -DUSE_ALLOCATABLES -Dwrfmodel -DGRIB1 -DINTIO -DKEEP_INT_AROUND -DLIMIT_ARGS -DBUILD_RRTMG_FAST=0 -DBUILD_RRTMK=0 -DBUILD_SBM_FAST=1 -DSHOW_ALL_VARS_USED=0 -DCONFIG_BUF_LEN=65536 -DMAX_DOMAINS_F=21 -DMAX_HISTORY=25 -DNMM_NEST=0 -DWRF_CHEM -DBUILD_CHEM=1 -I. -traditional-cpp   module_fr_fire_atm.G  > module_fr_fire_atm.bb
/home/hnavarro/Desktop/WRF/BUILD_WRF/WRF/tools/standard.exe module_fr_fire_atm.bb | /lib/cpp -P -nostdinc -traditional-cpp > module_fr_fire_atm.f90
rm -f module_fr_fire_atm.G module_fr_fire_atm.bb
time mpif90 -f90=gfortran -o module_fr_fire_atm.o -c -O2 -ftree-vectorize -funroll-loops -w -ffree-form -ffree-line-length-none -fconvert=big-endian -frecord-marker=4 -fallow-argument-mismatch -fallow-invalid-boz   -I../dyn_em  -I/home/hnavarro/Desktop/WRF/BUILD_WRF/WRF/external/esmf_time_f90  -I/home/hnavarro/Desktop/WRF/BUILD_WRF/WRF/main -I/home/hnavarro/Desktop/WRF/BUILD_WRF/WRF/external/io_netcdf -I/home/hnavarro/Desktop/WRF/BUILD_WRF/WRF/external/io_int -I/home/hnavarro/Desktop/WRF/BUILD_WRF/WRF/frame -I/home/hnavarro/Desktop/WRF/BUILD_WRF/WRF/share -I/home/hnavarro/Desktop/WRF/BUILD_WRF/WRF/phys -I/home/hnavarro/Desktop/WRF/BUILD_WRF/WRF/wrftladj -I/home/hnavarro/Desktop/WRF/BUILD_WRF/WRF/chem -I/home/hnavarro/Desktop/WRF/BUILD_WRF/WRF/inc -I/home/hnavarro/Desktop/WRF/Install-WRF-Chem/LIBRARIES/netcdf/include    module_fr_fire_atm.f90
0.25user 0.05system 0:00.30elapsed 99%CPU (0avgtext+0avgdata 40264maxresident)k
0inputs+184outputs (0major+11168minor)pagefaults 0swaps
rm -f module_firebrand_spotting.o
sed -e "s/^\!.*'.*//" -e "s/^ *\!.*'.*//" module_firebrand_spotting.F > module_firebrand_spotting.G
/lib/cpp -P -nostdinc -I/home/hnavarro/Desktop/WRF/BUILD_WRF/WRF/inc -DEM_CORE=1 -DNMM_CORE=0 -DNMM_MAX_DIM=2600 -DDA_CORE=0 -DWRFPLUS=0 -DIWORDSIZE=4 -DDWORDSIZE=8 -DRWORDSIZE=4 -DLWORDSIZE=4 -DNONSTANDARD_SYSTEM_SUBR  -DWRF_USE_CLM  -DDM_PARALLEL -DNETCDF -DLANDREAD_STUB=1 -DUSE_ALLOCATABLES -Dwrfmodel -DGRIB1 -DINTIO -DKEEP_INT_AROUND -DLIMIT_ARGS -DBUILD_RRTMG_FAST=0 -DBUILD_RRTMK=0 -DBUILD_SBM_FAST=1 -DSHOW_ALL_VARS_USED=0 -DCONFIG_BUF_LEN=65536 -DMAX_DOMAINS_F=21 -DMAX_HISTORY=25 -DNMM_NEST=0 -DWRF_CHEM -DBUILD_CHEM=1 -I. -traditional-cpp   module_firebrand_spotting.G  > module_firebrand_spotting.bb
/home/hnavarro/Desktop/WRF/BUILD_WRF/WRF/tools/standard.exe module_firebrand_spotting.bb | /lib/cpp -P -nostdinc -traditional-cpp > module_firebrand_spotting.f90
rm -f module_firebrand_spotting.G module_firebrand_spotting.bb
time mpif90 -f90=gfortran -o module_firebrand_spotting.o -c -O2 -ftree-vectorize -funroll-loops -w -ffree-form -ffree-line-length-none -fconvert=big-endian -frecord-marker=4 -fallow-argument-mismatch -fallow-invalid-boz   -I../dyn_em  -I/home/hnavarro/Desktop/WRF/BUILD_WRF/WRF/external/esmf_time_f90  -I/home/hnavarro/Desktop/WRF/BUILD_WRF/WRF/main -I/home/hnavarro/Desktop/WRF/BUILD_WRF/WRF/external/io_netcdf -I/home/hnavarro/Desktop/WRF/BUILD_WRF/WRF/external/io_int -I/home/hnavarro/Desktop/WRF/BUILD_WRF/WRF/frame -I/home/hnavarro/Desktop/WRF/BUILD_WRF/WRF/share -I/home/hnavarro/Desktop/WRF/BUILD_WRF/WRF/phys -I/home/hnavarro/Desktop/WRF/BUILD_WRF/WRF/wrftladj -I/home/hnavarro/Desktop/WRF/BUILD_WRF/WRF/chem -I/home/hnavarro/Desktop/WRF/BUILD_WRF/WRF/inc -I/home/hnavarro/Desktop/WRF/Install-WRF-Chem/LIBRARIES/netcdf/include    module_firebrand_spotting.f90
6.38user 0.21system 0:06.62elapsed 99%CPU (0avgtext+0avgdata 258864maxresident)k
0inputs+2608outputs (0major+82283minor)pagefaults 0swaps
rm -f module_cam_physconst.o
sed -e "s/^\!.*'.*//" -e "s/^ *\!.*'.*//" module_cam_physconst.F > module_cam_physconst.G
/lib/cpp -P -nostdinc -I/home/hnavarro/Desktop/WRF/BUILD_WRF/WRF/inc -DEM_CORE=1 -DNMM_CORE=0 -DNMM_MAX_DIM=2600 -DDA_CORE=0 -DWRFPLUS=0 -DIWORDSIZE=4 -DDWORDSIZE=8 -DRWORDSIZE=4 -DLWORDSIZE=4 -DNONSTANDARD_SYSTEM_SUBR  -DWRF_USE_CLM  -DDM_PARALLEL -DNETCDF -DLANDREAD_STUB=1 -DUSE_ALLOCATABLES -Dwrfmodel -DGRIB1 -DINTIO -DKEEP_INT_AROUND -DLIMIT_ARGS -DBUILD_RRTMG_FAST=0 -DBUILD_RRTMK=0 -DBUILD_SBM_FAST=1 -DSHOW_ALL_VARS_USED=0 -DCONFIG_BUF_LEN=65536 -DMAX_DOMAINS_F=21 -DMAX_HISTORY=25 -DNMM_NEST=0 -DWRF_CHEM -DBUILD_CHEM=1 -I. -traditional-cpp   module_cam_physconst.G  > module_cam_physconst.bb
/home/hnavarro/Desktop/WRF/BUILD_WRF/WRF/tools/standard.exe module_cam_physconst.bb | /lib/cpp -P -nostdinc -traditional-cpp > module_cam_physconst.f90
rm -f module_cam_physconst.G module_cam_physconst.bb
time mpif90 -f90=gfortran -o module_cam_physconst.o -c -O2 -ftree-vectorize -funroll-loops -w -ffree-form -ffree-line-length-none -fconvert=big-endian -frecord-marker=4 -fallow-argument-mismatch -fallow-invalid-boz   -I../dyn_em  -I/home/hnavarro/Desktop/WRF/BUILD_WRF/WRF/external/esmf_time_f90  -I/home/hnavarro/Desktop/WRF/BUILD_WRF/WRF/main -I/home/hnavarro/Desktop/WRF/BUILD_WRF/WRF/external/io_netcdf -I/home/hnavarro/Desktop/WRF/BUILD_WRF/WRF/external/io_int -I/home/hnavarro/Desktop/WRF/BUILD_WRF/WRF/frame -I/home/hnavarro/Desktop/WRF/BUILD_WRF/WRF/share -I/home/hnavarro/Desktop/WRF/BUILD_WRF/WRF/phys -I/home/hnavarro/Desktop/WRF/BUILD_WRF/WRF/wrftladj -I/home/hnavarro/Desktop/WRF/BUILD_WRF/WRF/chem -I/home/hnavarro/Desktop/WRF/BUILD_WRF/WRF/inc -I/home/hnavarro/Desktop/WRF/Install-WRF-Chem/LIBRARIES/netcdf/include    module_cam_physconst.f90
0.04user 0.07system 0:00.13elapsed 94%CPU (0avgtext+0avgdata 22912maxresident)k
0inputs+24outputs (0major+7500minor)pagefaults 0swaps
rm -f module_cam_bl_eddy_diff.o
sed -e "s/^\!.*'.*//" -e "s/^ *\!.*'.*//" module_cam_bl_eddy_diff.F > module_cam_bl_eddy_diff.G
/lib/cpp -P -nostdinc -I/home/hnavarro/Desktop/WRF/BUILD_WRF/WRF/inc -DEM_CORE=1 -DNMM_CORE=0 -DNMM_MAX_DIM=2600 -DDA_CORE=0 -DWRFPLUS=0 -DIWORDSIZE=4 -DDWORDSIZE=8 -DRWORDSIZE=4 -DLWORDSIZE=4 -DNONSTANDARD_SYSTEM_SUBR  -DWRF_USE_CLM  -DDM_PARALLEL -DNETCDF -DLANDREAD_STUB=1 -DUSE_ALLOCATABLES -Dwrfmodel -DGRIB1 -DINTIO -DKEEP_INT_AROUND -DLIMIT_ARGS -DBUILD_RRTMG_FAST=0 -DBUILD_RRTMK=0 -DBUILD_SBM_FAST=1 -DSHOW_ALL_VARS_USED=0 -DCONFIG_BUF_LEN=65536 -DMAX_DOMAINS_F=21 -DMAX_HISTORY=25 -DNMM_NEST=0 -DWRF_CHEM -DBUILD_CHEM=1 -I. -traditional-cpp   module_cam_bl_eddy_diff.G  > module_cam_bl_eddy_diff.bb
/home/hnavarro/Desktop/WRF/BUILD_WRF/WRF/tools/standard.exe module_cam_bl_eddy_diff.bb | /lib/cpp -P -nostdinc -traditional-cpp > module_cam_bl_eddy_diff.f90
rm -f module_cam_bl_eddy_diff.G module_cam_bl_eddy_diff.bb
time mpif90 -f90=gfortran -o module_cam_bl_eddy_diff.o -c -O2 -ftree-vectorize -funroll-loops -w -ffree-form -ffree-line-length-none -fconvert=big-endian -frecord-marker=4 -fallow-argument-mismatch -fallow-invalid-boz   -I../dyn_em  -I/home/hnavarro/Desktop/WRF/BUILD_WRF/WRF/external/esmf_time_f90  -I/home/hnavarro/Desktop/WRF/BUILD_WRF/WRF/main -I/home/hnavarro/Desktop/WRF/BUILD_WRF/WRF/external/io_netcdf -I/home/hnavarro/Desktop/WRF/BUILD_WRF/WRF/external/io_int -I/home/hnavarro/Desktop/WRF/BUILD_WRF/WRF/frame -I/home/hnavarro/Desktop/WRF/BUILD_WRF/WRF/share -I/home/hnavarro/Desktop/WRF/BUILD_WRF/WRF/phys -I/home/hnavarro/Desktop/WRF/BUILD_WRF/WRF/wrftladj -I/home/hnavarro/Desktop/WRF/BUILD_WRF/WRF/chem -I/home/hnavarro/Desktop/WRF/BUILD_WRF/WRF/inc -I/home/hnavarro/Desktop/WRF/Install-WRF-Chem/LIBRARIES/netcdf/include    module_cam_bl_eddy_diff.f90
3.01user 0.15system 0:03.17elapsed 99%CPU (0avgtext+0avgdata 129936maxresident)k
0inputs+1200outputs (0major+35964minor)pagefaults 0swaps
rm -f module_data_cam_mam_aero.o
sed -e "s/^\!.*'.*//" -e "s/^ *\!.*'.*//" module_data_cam_mam_aero.F > module_data_cam_mam_aero.G
/lib/cpp -P -nostdinc -I/home/hnavarro/Desktop/WRF/BUILD_WRF/WRF/inc -DEM_CORE=1 -DNMM_CORE=0 -DNMM_MAX_DIM=2600 -DDA_CORE=0 -DWRFPLUS=0 -DIWORDSIZE=4 -DDWORDSIZE=8 -DRWORDSIZE=4 -DLWORDSIZE=4 -DNONSTANDARD_SYSTEM_SUBR  -DWRF_USE_CLM  -DDM_PARALLEL -DNETCDF -DLANDREAD_STUB=1 -DUSE_ALLOCATABLES -Dwrfmodel -DGRIB1 -DINTIO -DKEEP_INT_AROUND -DLIMIT_ARGS -DBUILD_RRTMG_FAST=0 -DBUILD_RRTMK=0 -DBUILD_SBM_FAST=1 -DSHOW_ALL_VARS_USED=0 -DCONFIG_BUF_LEN=65536 -DMAX_DOMAINS_F=21 -DMAX_HISTORY=25 -DNMM_NEST=0 -DWRF_CHEM -DBUILD_CHEM=1 -I. -traditional-cpp   module_data_cam_mam_aero.G  > module_data_cam_mam_aero.bb
/home/hnavarro/Desktop/WRF/BUILD_WRF/WRF/tools/standard.exe module_data_cam_mam_aero.bb | /lib/cpp -P -nostdinc -traditional-cpp > module_data_cam_mam_aero.f90
rm -f module_data_cam_mam_aero.G module_data_cam_mam_aero.bb
time mpif90 -f90=gfortran -o module_data_cam_mam_aero.o -c -O2 -ftree-vectorize -funroll-loops -w -ffree-form -ffree-line-length-none -fconvert=big-endian -frecord-marker=4 -fallow-argument-mismatch -fallow-invalid-boz   -I../dyn_em  -I/home/hnavarro/Desktop/WRF/BUILD_WRF/WRF/external/esmf_time_f90  -I/home/hnavarro/Desktop/WRF/BUILD_WRF/WRF/main -I/home/hnavarro/Desktop/WRF/BUILD_WRF/WRF/external/io_netcdf -I/home/hnavarro/Desktop/WRF/BUILD_WRF/WRF/external/io_int -I/home/hnavarro/Desktop/WRF/BUILD_WRF/WRF/frame -I/home/hnavarro/Desktop/WRF/BUILD_WRF/WRF/share -I/home/hnavarro/Desktop/WRF/BUILD_WRF/WRF/phys -I/home/hnavarro/Desktop/WRF/BUILD_WRF/WRF/wrftladj -I/home/hnavarro/Desktop/WRF/BUILD_WRF/WRF/chem -I/home/hnavarro/Desktop/WRF/BUILD_WRF/WRF/inc -I/home/hnavarro/Desktop/WRF/Install-WRF-Chem/LIBRARIES/netcdf/include    module_data_cam_mam_aero.f90
0.02user 0.06system 0:00.09elapsed 96%CPU (0avgtext+0avgdata 16768maxresident)k
0inputs+88outputs (0major+7315minor)pagefaults 0swaps
rm -f module_cam_mp_conv_water.o
sed -e "s/^\!.*'.*//" -e "s/^ *\!.*'.*//" module_cam_mp_conv_water.F > module_cam_mp_conv_water.G
/lib/cpp -P -nostdinc -I/home/hnavarro/Desktop/WRF/BUILD_WRF/WRF/inc -DEM_CORE=1 -DNMM_CORE=0 -DNMM_MAX_DIM=2600 -DDA_CORE=0 -DWRFPLUS=0 -DIWORDSIZE=4 -DDWORDSIZE=8 -DRWORDSIZE=4 -DLWORDSIZE=4 -DNONSTANDARD_SYSTEM_SUBR  -DWRF_USE_CLM  -DDM_PARALLEL -DNETCDF -DLANDREAD_STUB=1 -DUSE_ALLOCATABLES -Dwrfmodel -DGRIB1 -DINTIO -DKEEP_INT_AROUND -DLIMIT_ARGS -DBUILD_RRTMG_FAST=0 -DBUILD_RRTMK=0 -DBUILD_SBM_FAST=1 -DSHOW_ALL_VARS_USED=0 -DCONFIG_BUF_LEN=65536 -DMAX_DOMAINS_F=21 -DMAX_HISTORY=25 -DNMM_NEST=0 -DWRF_CHEM -DBUILD_CHEM=1 -I. -traditional-cpp   module_cam_mp_conv_water.G  > module_cam_mp_conv_water.bb
/home/hnavarro/Desktop/WRF/BUILD_WRF/WRF/tools/standard.exe module_cam_mp_conv_water.bb | /lib/cpp -P -nostdinc -traditional-cpp > module_cam_mp_conv_water.f90
rm -f module_cam_mp_conv_water.G module_cam_mp_conv_water.bb
time mpif90 -f90=gfortran -o module_cam_mp_conv_water.o -c -O2 -ftree-vectorize -funroll-loops -w -ffree-form -ffree-line-length-none -fconvert=big-endian -frecord-marker=4 -fallow-argument-mismatch -fallow-invalid-boz   -I../dyn_em  -I/home/hnavarro/Desktop/WRF/BUILD_WRF/WRF/external/esmf_time_f90  -I/home/hnavarro/Desktop/WRF/BUILD_WRF/WRF/main -I/home/hnavarro/Desktop/WRF/BUILD_WRF/WRF/external/io_netcdf -I/home/hnavarro/Desktop/WRF/BUILD_WRF/WRF/external/io_int -I/home/hnavarro/Desktop/WRF/BUILD_WRF/WRF/frame -I/home/hnavarro/Desktop/WRF/BUILD_WRF/WRF/share -I/home/hnavarro/Desktop/WRF/BUILD_WRF/WRF/phys -I/home/hnavarro/Desktop/WRF/BUILD_WRF/WRF/wrftladj -I/home/hnavarro/Desktop/WRF/BUILD_WRF/WRF/chem -I/home/hnavarro/Desktop/WRF/BUILD_WRF/WRF/inc -I/home/hnavarro/Desktop/WRF/Install-WRF-Chem/LIBRARIES/netcdf/include    module_cam_mp_conv_water.f90
0.13user 0.06system 0:00.20elapsed 95%CPU (0avgtext+0avgdata 31872maxresident)k
0inputs+80outputs (0major+8762minor)pagefaults 0swaps
rm -f module_data_cam_mam_asect.o
sed -e "s/^\!.*'.*//" -e "s/^ *\!.*'.*//" module_data_cam_mam_asect.F > module_data_cam_mam_asect.G
/lib/cpp -P -nostdinc -I/home/hnavarro/Desktop/WRF/BUILD_WRF/WRF/inc -DEM_CORE=1 -DNMM_CORE=0 -DNMM_MAX_DIM=2600 -DDA_CORE=0 -DWRFPLUS=0 -DIWORDSIZE=4 -DDWORDSIZE=8 -DRWORDSIZE=4 -DLWORDSIZE=4 -DNONSTANDARD_SYSTEM_SUBR  -DWRF_USE_CLM  -DDM_PARALLEL -DNETCDF -DLANDREAD_STUB=1 -DUSE_ALLOCATABLES -Dwrfmodel -DGRIB1 -DINTIO -DKEEP_INT_AROUND -DLIMIT_ARGS -DBUILD_RRTMG_FAST=0 -DBUILD_RRTMK=0 -DBUILD_SBM_FAST=1 -DSHOW_ALL_VARS_USED=0 -DCONFIG_BUF_LEN=65536 -DMAX_DOMAINS_F=21 -DMAX_HISTORY=25 -DNMM_NEST=0 -DWRF_CHEM -DBUILD_CHEM=1 -I. -traditional-cpp   module_data_cam_mam_asect.G  > module_data_cam_mam_asect.bb
/home/hnavarro/Desktop/WRF/BUILD_WRF/WRF/tools/standard.exe module_data_cam_mam_asect.bb | /lib/cpp -P -nostdinc -traditional-cpp > module_data_cam_mam_asect.f90
rm -f module_data_cam_mam_asect.G module_data_cam_mam_asect.bb
time mpif90 -f90=gfortran -o module_data_cam_mam_asect.o -c -O2 -ftree-vectorize -funroll-loops -w -ffree-form -ffree-line-length-none -fconvert=big-endian -frecord-marker=4 -fallow-argument-mismatch -fallow-invalid-boz   -I../dyn_em  -I/home/hnavarro/Desktop/WRF/BUILD_WRF/WRF/external/esmf_time_f90  -I/home/hnavarro/Desktop/WRF/BUILD_WRF/WRF/main -I/home/hnavarro/Desktop/WRF/BUILD_WRF/WRF/external/io_netcdf -I/home/hnavarro/Desktop/WRF/BUILD_WRF/WRF/external/io_int -I/home/hnavarro/Desktop/WRF/BUILD_WRF/WRF/frame -I/home/hnavarro/Desktop/WRF/BUILD_WRF/WRF/share -I/home/hnavarro/Desktop/WRF/BUILD_WRF/WRF/phys -I/home/hnavarro/Desktop/WRF/BUILD_WRF/WRF/wrftladj -I/home/hnavarro/Desktop/WRF/BUILD_WRF/WRF/chem -I/home/hnavarro/Desktop/WRF/BUILD_WRF/WRF/inc -I/home/hnavarro/Desktop/WRF/Install-WRF-Chem/LIBRARIES/netcdf/include    module_data_cam_mam_asect.f90
0.03user 0.07system 0:00.11elapsed 95%CPU (0avgtext+0avgdata 16376maxresident)k
0inputs+64outputs (0major+7192minor)pagefaults 0swaps
rm -f module_bl_gfs.o
sed -e "s/^\!.*'.*//" -e "s/^ *\!.*'.*//" module_bl_gfs.F > module_bl_gfs.G
/lib/cpp -P -nostdinc -I/home/hnavarro/Desktop/WRF/BUILD_WRF/WRF/inc -DEM_CORE=1 -DNMM_CORE=0 -DNMM_MAX_DIM=2600 -DDA_CORE=0 -DWRFPLUS=0 -DIWORDSIZE=4 -DDWORDSIZE=8 -DRWORDSIZE=4 -DLWORDSIZE=4 -DNONSTANDARD_SYSTEM_SUBR  -DWRF_USE_CLM  -DDM_PARALLEL -DNETCDF -DLANDREAD_STUB=1 -DUSE_ALLOCATABLES -Dwrfmodel -DGRIB1 -DINTIO -DKEEP_INT_AROUND -DLIMIT_ARGS -DBUILD_RRTMG_FAST=0 -DBUILD_RRTMK=0 -DBUILD_SBM_FAST=1 -DSHOW_ALL_VARS_USED=0 -DCONFIG_BUF_LEN=65536 -DMAX_DOMAINS_F=21 -DMAX_HISTORY=25 -DNMM_NEST=0 -DWRF_CHEM -DBUILD_CHEM=1 -I. -traditional-cpp   module_bl_gfs.G  > module_bl_gfs.bb
/home/hnavarro/Desktop/WRF/BUILD_WRF/WRF/tools/standard.exe module_bl_gfs.bb | /lib/cpp -P -nostdinc -traditional-cpp > module_bl_gfs.f90
rm -f module_bl_gfs.G module_bl_gfs.bb
time mpif90 -f90=gfortran -o module_bl_gfs.o -c -O2 -ftree-vectorize -funroll-loops -w -ffree-form -ffree-line-length-none -fconvert=big-endian -frecord-marker=4 -fallow-argument-mismatch -fallow-invalid-boz   -I../dyn_em  -I/home/hnavarro/Desktop/WRF/BUILD_WRF/WRF/external/esmf_time_f90  -I/home/hnavarro/Desktop/WRF/BUILD_WRF/WRF/main -I/home/hnavarro/Desktop/WRF/BUILD_WRF/WRF/external/io_netcdf -I/home/hnavarro/Desktop/WRF/BUILD_WRF/WRF/external/io_int -I/home/hnavarro/Desktop/WRF/BUILD_WRF/WRF/frame -I/home/hnavarro/Desktop/WRF/BUILD_WRF/WRF/share -I/home/hnavarro/Desktop/WRF/BUILD_WRF/WRF/phys -I/home/hnavarro/Desktop/WRF/BUILD_WRF/WRF/wrftladj -I/home/hnavarro/Desktop/WRF/BUILD_WRF/WRF/chem -I/home/hnavarro/Desktop/WRF/BUILD_WRF/WRF/inc -I/home/hnavarro/Desktop/WRF/Install-WRF-Chem/LIBRARIES/netcdf/include    module_bl_gfs.f90
1.85user 0.13system 0:02.00elapsed 99%CPU (0avgtext+0avgdata 88740maxresident)k
0inputs+928outputs (0major+24779minor)pagefaults 0swaps
rm -f module_bl_gfsedmf.o
sed -e "s/^\!.*'.*//" -e "s/^ *\!.*'.*//" module_bl_gfsedmf.F > module_bl_gfsedmf.G
/lib/cpp -P -nostdinc -I/home/hnavarro/Desktop/WRF/BUILD_WRF/WRF/inc -DEM_CORE=1 -DNMM_CORE=0 -DNMM_MAX_DIM=2600 -DDA_CORE=0 -DWRFPLUS=0 -DIWORDSIZE=4 -DDWORDSIZE=8 -DRWORDSIZE=4 -DLWORDSIZE=4 -DNONSTANDARD_SYSTEM_SUBR  -DWRF_USE_CLM  -DDM_PARALLEL -DNETCDF -DLANDREAD_STUB=1 -DUSE_ALLOCATABLES -Dwrfmodel -DGRIB1 -DINTIO -DKEEP_INT_AROUND -DLIMIT_ARGS -DBUILD_RRTMG_FAST=0 -DBUILD_RRTMK=0 -DBUILD_SBM_FAST=1 -DSHOW_ALL_VARS_USED=0 -DCONFIG_BUF_LEN=65536 -DMAX_DOMAINS_F=21 -DMAX_HISTORY=25 -DNMM_NEST=0 -DWRF_CHEM -DBUILD_CHEM=1 -I. -traditional-cpp   module_bl_gfsedmf.G  > module_bl_gfsedmf.bb
/home/hnavarro/Desktop/WRF/BUILD_WRF/WRF/tools/standard.exe module_bl_gfsedmf.bb | /lib/cpp -P -nostdinc -traditional-cpp > module_bl_gfsedmf.f90
rm -f module_bl_gfsedmf.G module_bl_gfsedmf.bb
time mpif90 -f90=gfortran -o module_bl_gfsedmf.o -c -O2 -ftree-vectorize -funroll-loops -w -ffree-form -ffree-line-length-none -fconvert=big-endian -frecord-marker=4 -fallow-argument-mismatch -fallow-invalid-boz   -I../dyn_em  -I/home/hnavarro/Desktop/WRF/BUILD_WRF/WRF/external/esmf_time_f90  -I/home/hnavarro/Desktop/WRF/BUILD_WRF/WRF/main -I/home/hnavarro/Desktop/WRF/BUILD_WRF/WRF/external/io_netcdf -I/home/hnavarro/Desktop/WRF/BUILD_WRF/WRF/external/io_int -I/home/hnavarro/Desktop/WRF/BUILD_WRF/WRF/frame -I/home/hnavarro/Desktop/WRF/BUILD_WRF/WRF/share -I/home/hnavarro/Desktop/WRF/BUILD_WRF/WRF/phys -I/home/hnavarro/Desktop/WRF/BUILD_WRF/WRF/wrftladj -I/home/hnavarro/Desktop/WRF/BUILD_WRF/WRF/chem -I/home/hnavarro/Desktop/WRF/BUILD_WRF/WRF/inc -I/home/hnavarro/Desktop/WRF/Install-WRF-Chem/LIBRARIES/netcdf/include    module_bl_gfsedmf.f90
0.01user 0.03system 0:00.05elapsed 96%CPU (0avgtext+0avgdata 15232maxresident)k
0inputs+24outputs (0major+7071minor)pagefaults 0swaps
rm -f module_bl_mynn_wrapper.o
sed -e "s/^\!.*'.*//" -e "s/^ *\!.*'.*//" module_bl_mynn_wrapper.F > module_bl_mynn_wrapper.G
/lib/cpp -P -nostdinc -I/home/hnavarro/Desktop/WRF/BUILD_WRF/WRF/inc -DEM_CORE=1 -DNMM_CORE=0 -DNMM_MAX_DIM=2600 -DDA_CORE=0 -DWRFPLUS=0 -DIWORDSIZE=4 -DDWORDSIZE=8 -DRWORDSIZE=4 -DLWORDSIZE=4 -DNONSTANDARD_SYSTEM_SUBR  -DWRF_USE_CLM  -DDM_PARALLEL -DNETCDF -DLANDREAD_STUB=1 -DUSE_ALLOCATABLES -Dwrfmodel -DGRIB1 -DINTIO -DKEEP_INT_AROUND -DLIMIT_ARGS -DBUILD_RRTMG_FAST=0 -DBUILD_RRTMK=0 -DBUILD_SBM_FAST=1 -DSHOW_ALL_VARS_USED=0 -DCONFIG_BUF_LEN=65536 -DMAX_DOMAINS_F=21 -DMAX_HISTORY=25 -DNMM_NEST=0 -DWRF_CHEM -DBUILD_CHEM=1 -I. -traditional-cpp   module_bl_mynn_wrapper.G  > module_bl_mynn_wrapper.bb
/home/hnavarro/Desktop/WRF/BUILD_WRF/WRF/tools/standard.exe module_bl_mynn_wrapper.bb | /lib/cpp -P -nostdinc -traditional-cpp > module_bl_mynn_wrapper.f90
rm -f module_bl_mynn_wrapper.G module_bl_mynn_wrapper.bb
time mpif90 -f90=gfortran -o module_bl_mynn_wrapper.o -c -O2 -ftree-vectorize -funroll-loops -w -ffree-form -ffree-line-length-none -fconvert=big-endian -frecord-marker=4 -fallow-argument-mismatch -fallow-invalid-boz   -I../dyn_em  -I/home/hnavarro/Desktop/WRF/BUILD_WRF/WRF/external/esmf_time_f90  -I/home/hnavarro/Desktop/WRF/BUILD_WRF/WRF/main -I/home/hnavarro/Desktop/WRF/BUILD_WRF/WRF/external/io_netcdf -I/home/hnavarro/Desktop/WRF/BUILD_WRF/WRF/external/io_int -I/home/hnavarro/Desktop/WRF/BUILD_WRF/WRF/frame -I/home/hnavarro/Desktop/WRF/BUILD_WRF/WRF/share -I/home/hnavarro/Desktop/WRF/BUILD_WRF/WRF/phys -I/home/hnavarro/Desktop/WRF/BUILD_WRF/WRF/wrftladj -I/home/hnavarro/Desktop/WRF/BUILD_WRF/WRF/chem -I/home/hnavarro/Desktop/WRF/BUILD_WRF/WRF/inc -I/home/hnavarro/Desktop/WRF/Install-WRF-Chem/LIBRARIES/netcdf/include    module_bl_mynn_wrapper.f90
1.66user 0.11system 0:01.77elapsed 99%CPU (0avgtext+0avgdata 133688maxresident)k
0inputs+624outputs (0major+41593minor)pagefaults 0swaps
rm -f module_cu_tiedtke.o
sed -e "s/^\!.*'.*//" -e "s/^ *\!.*'.*//" module_cu_tiedtke.F > module_cu_tiedtke.G
/lib/cpp -P -nostdinc -I/home/hnavarro/Desktop/WRF/BUILD_WRF/WRF/inc -DEM_CORE=1 -DNMM_CORE=0 -DNMM_MAX_DIM=2600 -DDA_CORE=0 -DWRFPLUS=0 -DIWORDSIZE=4 -DDWORDSIZE=8 -DRWORDSIZE=4 -DLWORDSIZE=4 -DNONSTANDARD_SYSTEM_SUBR  -DWRF_USE_CLM  -DDM_PARALLEL -DNETCDF -DLANDREAD_STUB=1 -DUSE_ALLOCATABLES -Dwrfmodel -DGRIB1 -DINTIO -DKEEP_INT_AROUND -DLIMIT_ARGS -DBUILD_RRTMG_FAST=0 -DBUILD_RRTMK=0 -DBUILD_SBM_FAST=1 -DSHOW_ALL_VARS_USED=0 -DCONFIG_BUF_LEN=65536 -DMAX_DOMAINS_F=21 -DMAX_HISTORY=25 -DNMM_NEST=0 -DWRF_CHEM -DBUILD_CHEM=1 -I. -traditional-cpp   module_cu_tiedtke.G  > module_cu_tiedtke.bb
/home/hnavarro/Desktop/WRF/BUILD_WRF/WRF/tools/standard.exe module_cu_tiedtke.bb | /lib/cpp -P -nostdinc -traditional-cpp > module_cu_tiedtke.f90
rm -f module_cu_tiedtke.G module_cu_tiedtke.bb
time mpif90 -f90=gfortran -o module_cu_tiedtke.o -c -O2 -ftree-vectorize -funroll-loops -w -ffree-form -ffree-line-length-none -fconvert=big-endian -frecord-marker=4 -fallow-argument-mismatch -fallow-invalid-boz   -I../dyn_em  -I/home/hnavarro/Desktop/WRF/BUILD_WRF/WRF/external/esmf_time_f90  -I/home/hnavarro/Desktop/WRF/BUILD_WRF/WRF/main -I/home/hnavarro/Desktop/WRF/BUILD_WRF/WRF/external/io_netcdf -I/home/hnavarro/Desktop/WRF/BUILD_WRF/WRF/external/io_int -I/home/hnavarro/Desktop/WRF/BUILD_WRF/WRF/frame -I/home/hnavarro/Desktop/WRF/BUILD_WRF/WRF/share -I/home/hnavarro/Desktop/WRF/BUILD_WRF/WRF/phys -I/home/hnavarro/Desktop/WRF/BUILD_WRF/WRF/wrftladj -I/home/hnavarro/Desktop/WRF/BUILD_WRF/WRF/chem -I/home/hnavarro/Desktop/WRF/BUILD_WRF/WRF/inc -I/home/hnavarro/Desktop/WRF/Install-WRF-Chem/LIBRARIES/netcdf/include    module_cu_tiedtke.f90
1.71user 0.10system 0:01.82elapsed 99%CPU (0avgtext+0avgdata 103296maxresident)k
0inputs+1424outputs (0major+28712minor)pagefaults 0swaps
rm -f module_cu_gf_deep.o
sed -e "s/^\!.*'.*//" -e "s/^ *\!.*'.*//" module_cu_gf_deep.F > module_cu_gf_deep.G
/lib/cpp -P -nostdinc -I/home/hnavarro/Desktop/WRF/BUILD_WRF/WRF/inc -DEM_CORE=1 -DNMM_CORE=0 -DNMM_MAX_DIM=2600 -DDA_CORE=0 -DWRFPLUS=0 -DIWORDSIZE=4 -DDWORDSIZE=8 -DRWORDSIZE=4 -DLWORDSIZE=4 -DNONSTANDARD_SYSTEM_SUBR  -DWRF_USE_CLM  -DDM_PARALLEL -DNETCDF -DLANDREAD_STUB=1 -DUSE_ALLOCATABLES -Dwrfmodel -DGRIB1 -DINTIO -DKEEP_INT_AROUND -DLIMIT_ARGS -DBUILD_RRTMG_FAST=0 -DBUILD_RRTMK=0 -DBUILD_SBM_FAST=1 -DSHOW_ALL_VARS_USED=0 -DCONFIG_BUF_LEN=65536 -DMAX_DOMAINS_F=21 -DMAX_HISTORY=25 -DNMM_NEST=0 -DWRF_CHEM -DBUILD_CHEM=1 -I. -traditional-cpp   module_cu_gf_deep.G  > module_cu_gf_deep.bb
/home/hnavarro/Desktop/WRF/BUILD_WRF/WRF/tools/standard.exe module_cu_gf_deep.bb | /lib/cpp -P -nostdinc -traditional-cpp > module_cu_gf_deep.f90
rm -f module_cu_gf_deep.G module_cu_gf_deep.bb
time mpif90 -f90=gfortran -o module_cu_gf_deep.o -c -O2 -ftree-vectorize -funroll-loops -w -ffree-form -ffree-line-length-none -fconvert=big-endian -frecord-marker=4 -fallow-argument-mismatch -fallow-invalid-boz   -I../dyn_em  -I/home/hnavarro/Desktop/WRF/BUILD_WRF/WRF/external/esmf_time_f90  -I/home/hnavarro/Desktop/WRF/BUILD_WRF/WRF/main -I/home/hnavarro/Desktop/WRF/BUILD_WRF/WRF/external/io_netcdf -I/home/hnavarro/Desktop/WRF/BUILD_WRF/WRF/external/io_int -I/home/hnavarro/Desktop/WRF/BUILD_WRF/WRF/frame -I/home/hnavarro/Desktop/WRF/BUILD_WRF/WRF/share -I/home/hnavarro/Desktop/WRF/BUILD_WRF/WRF/phys -I/home/hnavarro/Desktop/WRF/BUILD_WRF/WRF/wrftladj -I/home/hnavarro/Desktop/WRF/BUILD_WRF/WRF/chem -I/home/hnavarro/Desktop/WRF/BUILD_WRF/WRF/inc -I/home/hnavarro/Desktop/WRF/Install-WRF-Chem/LIBRARIES/netcdf/include    module_cu_gf_deep.f90
3.86user 0.17system 0:04.05elapsed 99%CPU (0avgtext+0avgdata 290152maxresident)k
0inputs+2200outputs (0major+79140minor)pagefaults 0swaps
rm -f module_ra_rrtmg_sw.o
sed -e "s/^\!.*'.*//" -e "s/^ *\!.*'.*//" module_ra_rrtmg_sw.F > module_ra_rrtmg_sw.G
/lib/cpp -P -nostdinc -I/home/hnavarro/Desktop/WRF/BUILD_WRF/WRF/inc -DEM_CORE=1 -DNMM_CORE=0 -DNMM_MAX_DIM=2600 -DDA_CORE=0 -DWRFPLUS=0 -DIWORDSIZE=4 -DDWORDSIZE=8 -DRWORDSIZE=4 -DLWORDSIZE=4 -DNONSTANDARD_SYSTEM_SUBR  -DWRF_USE_CLM  -DDM_PARALLEL -DNETCDF -DLANDREAD_STUB=1 -DUSE_ALLOCATABLES -Dwrfmodel -DGRIB1 -DINTIO -DKEEP_INT_AROUND -DLIMIT_ARGS -DBUILD_RRTMG_FAST=0 -DBUILD_RRTMK=0 -DBUILD_SBM_FAST=1 -DSHOW_ALL_VARS_USED=0 -DCONFIG_BUF_LEN=65536 -DMAX_DOMAINS_F=21 -DMAX_HISTORY=25 -DNMM_NEST=0 -DWRF_CHEM -DBUILD_CHEM=1 -I. -traditional-cpp   module_ra_rrtmg_sw.G  > module_ra_rrtmg_sw.bb
/home/hnavarro/Desktop/WRF/BUILD_WRF/WRF/tools/standard.exe module_ra_rrtmg_sw.bb | /lib/cpp -P -nostdinc -traditional-cpp > module_ra_rrtmg_sw.f90
rm -f module_ra_rrtmg_sw.G module_ra_rrtmg_sw.bb
time mpif90 -f90=gfortran -o module_ra_rrtmg_sw.o -c -O2 -ftree-vectorize -funroll-loops -w -ffree-form -ffree-line-length-none -fconvert=big-endian -frecord-marker=4 -fallow-argument-mismatch -fallow-invalid-boz   -I../dyn_em  -I/home/hnavarro/Desktop/WRF/BUILD_WRF/WRF/external/esmf_time_f90  -I/home/hnavarro/Desktop/WRF/BUILD_WRF/WRF/main -I/home/hnavarro/Desktop/WRF/BUILD_WRF/WRF/external/io_netcdf -I/home/hnavarro/Desktop/WRF/BUILD_WRF/WRF/external/io_int -I/home/hnavarro/Desktop/WRF/BUILD_WRF/WRF/frame -I/home/hnavarro/Desktop/WRF/BUILD_WRF/WRF/share -I/home/hnavarro/Desktop/WRF/BUILD_WRF/WRF/phys -I/home/hnavarro/Desktop/WRF/BUILD_WRF/WRF/wrftladj -I/home/hnavarro/Desktop/WRF/BUILD_WRF/WRF/chem -I/home/hnavarro/Desktop/WRF/BUILD_WRF/WRF/inc -I/home/hnavarro/Desktop/WRF/Install-WRF-Chem/LIBRARIES/netcdf/include    module_ra_rrtmg_sw.f90
8.13user 0.30system 0:08.45elapsed 99%CPU (0avgtext+0avgdata 530620maxresident)k
0inputs+4744outputs (0major+139116minor)pagefaults 0swaps
rm -f module_ra_rrtmg_swf.o
sed -e "s/^\!.*'.*//" -e "s/^ *\!.*'.*//" module_ra_rrtmg_swf.F > module_ra_rrtmg_swf.G
/lib/cpp -P -nostdinc -I/home/hnavarro/Desktop/WRF/BUILD_WRF/WRF/inc -DEM_CORE=1 -DNMM_CORE=0 -DNMM_MAX_DIM=2600 -DDA_CORE=0 -DWRFPLUS=0 -DIWORDSIZE=4 -DDWORDSIZE=8 -DRWORDSIZE=4 -DLWORDSIZE=4 -DNONSTANDARD_SYSTEM_SUBR  -DWRF_USE_CLM  -DDM_PARALLEL -DNETCDF -DLANDREAD_STUB=1 -DUSE_ALLOCATABLES -Dwrfmodel -DGRIB1 -DINTIO -DKEEP_INT_AROUND -DLIMIT_ARGS -DBUILD_RRTMG_FAST=0 -DBUILD_RRTMK=0 -DBUILD_SBM_FAST=1 -DSHOW_ALL_VARS_USED=0 -DCONFIG_BUF_LEN=65536 -DMAX_DOMAINS_F=21 -DMAX_HISTORY=25 -DNMM_NEST=0 -DWRF_CHEM -DBUILD_CHEM=1 -I. -traditional-cpp   module_ra_rrtmg_swf.G  > module_ra_rrtmg_swf.bb
/home/hnavarro/Desktop/WRF/BUILD_WRF/WRF/tools/standard.exe module_ra_rrtmg_swf.bb | /lib/cpp -P -nostdinc -traditional-cpp > module_ra_rrtmg_swf.f90
rm -f module_ra_rrtmg_swf.G module_ra_rrtmg_swf.bb
time mpif90 -f90=gfortran -o module_ra_rrtmg_swf.o -c -O2 -ftree-vectorize -funroll-loops -w -ffree-form -ffree-line-length-none -fconvert=big-endian -frecord-marker=4 -fallow-argument-mismatch -fallow-invalid-boz   -I../dyn_em  -I/home/hnavarro/Desktop/WRF/BUILD_WRF/WRF/external/esmf_time_f90  -I/home/hnavarro/Desktop/WRF/BUILD_WRF/WRF/main -I/home/hnavarro/Desktop/WRF/BUILD_WRF/WRF/external/io_netcdf -I/home/hnavarro/Desktop/WRF/BUILD_WRF/WRF/external/io_int -I/home/hnavarro/Desktop/WRF/BUILD_WRF/WRF/frame -I/home/hnavarro/Desktop/WRF/BUILD_WRF/WRF/share -I/home/hnavarro/Desktop/WRF/BUILD_WRF/WRF/phys -I/home/hnavarro/Desktop/WRF/BUILD_WRF/WRF/wrftladj -I/home/hnavarro/Desktop/WRF/BUILD_WRF/WRF/chem -I/home/hnavarro/Desktop/WRF/BUILD_WRF/WRF/inc -I/home/hnavarro/Desktop/WRF/Install-WRF-Chem/LIBRARIES/netcdf/include    module_ra_rrtmg_swf.f90
0.03user 0.08system 0:00.11elapsed 99%CPU (0avgtext+0avgdata 23168maxresident)k
0inputs+24outputs (0major+7409minor)pagefaults 0swaps
rm -f module_ra_cam.o
sed -e "s/^\!.*'.*//" -e "s/^ *\!.*'.*//" module_ra_cam.F > module_ra_cam.G
/lib/cpp -P -nostdinc -I/home/hnavarro/Desktop/WRF/BUILD_WRF/WRF/inc -DEM_CORE=1 -DNMM_CORE=0 -DNMM_MAX_DIM=2600 -DDA_CORE=0 -DWRFPLUS=0 -DIWORDSIZE=4 -DDWORDSIZE=8 -DRWORDSIZE=4 -DLWORDSIZE=4 -DNONSTANDARD_SYSTEM_SUBR  -DWRF_USE_CLM  -DDM_PARALLEL -DNETCDF -DLANDREAD_STUB=1 -DUSE_ALLOCATABLES -Dwrfmodel -DGRIB1 -DINTIO -DKEEP_INT_AROUND -DLIMIT_ARGS -DBUILD_RRTMG_FAST=0 -DBUILD_RRTMK=0 -DBUILD_SBM_FAST=1 -DSHOW_ALL_VARS_USED=0 -DCONFIG_BUF_LEN=65536 -DMAX_DOMAINS_F=21 -DMAX_HISTORY=25 -DNMM_NEST=0 -DWRF_CHEM -DBUILD_CHEM=1 -I. -traditional-cpp   module_ra_cam.G  > module_ra_cam.bb
/home/hnavarro/Desktop/WRF/BUILD_WRF/WRF/tools/standard.exe module_ra_cam.bb | /lib/cpp -P -nostdinc -traditional-cpp > module_ra_cam.f90
rm -f module_ra_cam.G module_ra_cam.bb
time mpif90 -f90=gfortran -o module_ra_cam.o -c -O2 -ftree-vectorize -funroll-loops -w -ffree-form -ffree-line-length-none -fconvert=big-endian -frecord-marker=4 -fallow-argument-mismatch -fallow-invalid-boz   -I../dyn_em  -I/home/hnavarro/Desktop/WRF/BUILD_WRF/WRF/external/esmf_time_f90  -I/home/hnavarro/Desktop/WRF/BUILD_WRF/WRF/main -I/home/hnavarro/Desktop/WRF/BUILD_WRF/WRF/external/io_netcdf -I/home/hnavarro/Desktop/WRF/BUILD_WRF/WRF/external/io_int -I/home/hnavarro/Desktop/WRF/BUILD_WRF/WRF/frame -I/home/hnavarro/Desktop/WRF/BUILD_WRF/WRF/share -I/home/hnavarro/Desktop/WRF/BUILD_WRF/WRF/phys -I/home/hnavarro/Desktop/WRF/BUILD_WRF/WRF/wrftladj -I/home/hnavarro/Desktop/WRF/BUILD_WRF/WRF/chem -I/home/hnavarro/Desktop/WRF/BUILD_WRF/WRF/inc -I/home/hnavarro/Desktop/WRF/Install-WRF-Chem/LIBRARIES/netcdf/include    module_ra_cam.f90
45.12user 0.52system 0:45.84elapsed 99%CPU (0avgtext+0avgdata 580640maxresident)k
0inputs+18984outputs (1major+175322minor)pagefaults 0swaps
rm -f module_madwrf.o
sed -e "s/^\!.*'.*//" -e "s/^ *\!.*'.*//" module_madwrf.F > module_madwrf.G
/lib/cpp -P -nostdinc -I/home/hnavarro/Desktop/WRF/BUILD_WRF/WRF/inc -DEM_CORE=1 -DNMM_CORE=0 -DNMM_MAX_DIM=2600 -DDA_CORE=0 -DWRFPLUS=0 -DIWORDSIZE=4 -DDWORDSIZE=8 -DRWORDSIZE=4 -DLWORDSIZE=4 -DNONSTANDARD_SYSTEM_SUBR  -DWRF_USE_CLM  -DDM_PARALLEL -DNETCDF -DLANDREAD_STUB=1 -DUSE_ALLOCATABLES -Dwrfmodel -DGRIB1 -DINTIO -DKEEP_INT_AROUND -DLIMIT_ARGS -DBUILD_RRTMG_FAST=0 -DBUILD_RRTMK=0 -DBUILD_SBM_FAST=1 -DSHOW_ALL_VARS_USED=0 -DCONFIG_BUF_LEN=65536 -DMAX_DOMAINS_F=21 -DMAX_HISTORY=25 -DNMM_NEST=0 -DWRF_CHEM -DBUILD_CHEM=1 -I. -traditional-cpp   module_madwrf.G  > module_madwrf.bb
/home/hnavarro/Desktop/WRF/BUILD_WRF/WRF/tools/standard.exe module_madwrf.bb | /lib/cpp -P -nostdinc -traditional-cpp > module_madwrf.f90
rm -f module_madwrf.G module_madwrf.bb
time mpif90 -f90=gfortran -o module_madwrf.o -c -O2 -ftree-vectorize -funroll-loops -w -ffree-form -ffree-line-length-none -fconvert=big-endian -frecord-marker=4 -fallow-argument-mismatch -fallow-invalid-boz   -I../dyn_em  -I/home/hnavarro/Desktop/WRF/BUILD_WRF/WRF/external/esmf_time_f90  -I/home/hnavarro/Desktop/WRF/BUILD_WRF/WRF/main -I/home/hnavarro/Desktop/WRF/BUILD_WRF/WRF/external/io_netcdf -I/home/hnavarro/Desktop/WRF/BUILD_WRF/WRF/external/io_int -I/home/hnavarro/Desktop/WRF/BUILD_WRF/WRF/frame -I/home/hnavarro/Desktop/WRF/BUILD_WRF/WRF/share -I/home/hnavarro/Desktop/WRF/BUILD_WRF/WRF/phys -I/home/hnavarro/Desktop/WRF/BUILD_WRF/WRF/wrftladj -I/home/hnavarro/Desktop/WRF/BUILD_WRF/WRF/chem -I/home/hnavarro/Desktop/WRF/BUILD_WRF/WRF/inc -I/home/hnavarro/Desktop/WRF/Install-WRF-Chem/LIBRARIES/netcdf/include    module_madwrf.f90
1.49user 0.09system 0:01.59elapsed 99%CPU (0avgtext+0avgdata 89200maxresident)k
0inputs+768outputs (0major+24602minor)pagefaults 0swaps
rm -f physics_mmm/mp_wsm6_effectRad.o
sed -e "s/^\!.*'.*//" -e "s/^ *\!.*'.*//" physics_mmm/mp_wsm6_effectRad.F90 > physics_mmm/mp_wsm6_effectRad.G
/lib/cpp -P -nostdinc -I/home/hnavarro/Desktop/WRF/BUILD_WRF/WRF/inc -DEM_CORE=1 -DNMM_CORE=0 -DNMM_MAX_DIM=2600 -DDA_CORE=0 -DWRFPLUS=0 -DIWORDSIZE=4 -DDWORDSIZE=8 -DRWORDSIZE=4 -DLWORDSIZE=4 -DNONSTANDARD_SYSTEM_SUBR  -DWRF_USE_CLM  -DDM_PARALLEL -DNETCDF -DLANDREAD_STUB=1 -DUSE_ALLOCATABLES -Dwrfmodel -DGRIB1 -DINTIO -DKEEP_INT_AROUND -DLIMIT_ARGS -DBUILD_RRTMG_FAST=0 -DBUILD_RRTMK=0 -DBUILD_SBM_FAST=1 -DSHOW_ALL_VARS_USED=0 -DCONFIG_BUF_LEN=65536 -DMAX_DOMAINS_F=21 -DMAX_HISTORY=25 -DNMM_NEST=0 -DWRF_CHEM -DBUILD_CHEM=1 -I. -traditional-cpp   physics_mmm/mp_wsm6_effectRad.G  > physics_mmm/mp_wsm6_effectRad.bb
/home/hnavarro/Desktop/WRF/BUILD_WRF/WRF/tools/standard.exe physics_mmm/mp_wsm6_effectRad.bb | /lib/cpp -P -nostdinc -traditional-cpp > physics_mmm/mp_wsm6_effectRad.tmp.f90
rm -f physics_mmm/mp_wsm6_effectRad.G physics_mmm/mp_wsm6_effectRad.bb
time mpif90 -f90=gfortran -o physics_mmm/mp_wsm6_effectRad.o -c -O2 -ftree-vectorize -funroll-loops -w -ffree-form -ffree-line-length-none -fconvert=big-endian -frecord-marker=4 -fallow-argument-mismatch -fallow-invalid-boz   -I../dyn_em  -I/home/hnavarro/Desktop/WRF/BUILD_WRF/WRF/external/esmf_time_f90  -I/home/hnavarro/Desktop/WRF/BUILD_WRF/WRF/main -I/home/hnavarro/Desktop/WRF/BUILD_WRF/WRF/external/io_netcdf -I/home/hnavarro/Desktop/WRF/BUILD_WRF/WRF/external/io_int -I/home/hnavarro/Desktop/WRF/BUILD_WRF/WRF/frame -I/home/hnavarro/Desktop/WRF/BUILD_WRF/WRF/share -I/home/hnavarro/Desktop/WRF/BUILD_WRF/WRF/phys -I/home/hnavarro/Desktop/WRF/BUILD_WRF/WRF/wrftladj -I/home/hnavarro/Desktop/WRF/BUILD_WRF/WRF/chem -I/home/hnavarro/Desktop/WRF/BUILD_WRF/WRF/inc -I/home/hnavarro/Desktop/WRF/Install-WRF-Chem/LIBRARIES/netcdf/include    physics_mmm/mp_wsm6_effectRad.tmp.f90
0.25user 0.09system 0:00.34elapsed 100%CPU (0avgtext+0avgdata 35752maxresident)k
0inputs+128outputs (0major+10126minor)pagefaults 0swaps
rm -f module_sf_noahlsm_glacial_only.o
sed -e "s/^\!.*'.*//" -e "s/^ *\!.*'.*//" module_sf_noahlsm_glacial_only.F > module_sf_noahlsm_glacial_only.G
/lib/cpp -P -nostdinc -I/home/hnavarro/Desktop/WRF/BUILD_WRF/WRF/inc -DEM_CORE=1 -DNMM_CORE=0 -DNMM_MAX_DIM=2600 -DDA_CORE=0 -DWRFPLUS=0 -DIWORDSIZE=4 -DDWORDSIZE=8 -DRWORDSIZE=4 -DLWORDSIZE=4 -DNONSTANDARD_SYSTEM_SUBR  -DWRF_USE_CLM  -DDM_PARALLEL -DNETCDF -DLANDREAD_STUB=1 -DUSE_ALLOCATABLES -Dwrfmodel -DGRIB1 -DINTIO -DKEEP_INT_AROUND -DLIMIT_ARGS -DBUILD_RRTMG_FAST=0 -DBUILD_RRTMK=0 -DBUILD_SBM_FAST=1 -DSHOW_ALL_VARS_USED=0 -DCONFIG_BUF_LEN=65536 -DMAX_DOMAINS_F=21 -DMAX_HISTORY=25 -DNMM_NEST=0 -DWRF_CHEM -DBUILD_CHEM=1 -I. -traditional-cpp   module_sf_noahlsm_glacial_only.G  > module_sf_noahlsm_glacial_only.bb
/home/hnavarro/Desktop/WRF/BUILD_WRF/WRF/tools/standard.exe module_sf_noahlsm_glacial_only.bb | /lib/cpp -P -nostdinc -traditional-cpp > module_sf_noahlsm_glacial_only.f90
rm -f module_sf_noahlsm_glacial_only.G module_sf_noahlsm_glacial_only.bb
time mpif90 -f90=gfortran -o module_sf_noahlsm_glacial_only.o -c -O2 -ftree-vectorize -funroll-loops -w -ffree-form -ffree-line-length-none -fconvert=big-endian -frecord-marker=4 -fallow-argument-mismatch -fallow-invalid-boz   -I../dyn_em  -I/home/hnavarro/Desktop/WRF/BUILD_WRF/WRF/external/esmf_time_f90  -I/home/hnavarro/Desktop/WRF/BUILD_WRF/WRF/main -I/home/hnavarro/Desktop/WRF/BUILD_WRF/WRF/external/io_netcdf -I/home/hnavarro/Desktop/WRF/BUILD_WRF/WRF/external/io_int -I/home/hnavarro/Desktop/WRF/BUILD_WRF/WRF/frame -I/home/hnavarro/Desktop/WRF/BUILD_WRF/WRF/share -I/home/hnavarro/Desktop/WRF/BUILD_WRF/WRF/phys -I/home/hnavarro/Desktop/WRF/BUILD_WRF/WRF/wrftladj -I/home/hnavarro/Desktop/WRF/BUILD_WRF/WRF/chem -I/home/hnavarro/Desktop/WRF/BUILD_WRF/WRF/inc -I/home/hnavarro/Desktop/WRF/Install-WRF-Chem/LIBRARIES/netcdf/include    module_sf_noahlsm_glacial_only.f90
0.16user 0.10system 0:00.30elapsed 86%CPU (0avgtext+0avgdata 36136maxresident)k
0inputs+128outputs (0major+9859minor)pagefaults 0swaps
rm -f module_sf_noahmpdrv.o
sed -e "s/^\!.*'.*//" -e "s/^ *\!.*'.*//" module_sf_noahmpdrv.F > module_sf_noahmpdrv.G
/lib/cpp -P -nostdinc -I/home/hnavarro/Desktop/WRF/BUILD_WRF/WRF/inc -DEM_CORE=1 -DNMM_CORE=0 -DNMM_MAX_DIM=2600 -DDA_CORE=0 -DWRFPLUS=0 -DIWORDSIZE=4 -DDWORDSIZE=8 -DRWORDSIZE=4 -DLWORDSIZE=4 -DNONSTANDARD_SYSTEM_SUBR  -DWRF_USE_CLM  -DDM_PARALLEL -DNETCDF -DLANDREAD_STUB=1 -DUSE_ALLOCATABLES -Dwrfmodel -DGRIB1 -DINTIO -DKEEP_INT_AROUND -DLIMIT_ARGS -DBUILD_RRTMG_FAST=0 -DBUILD_RRTMK=0 -DBUILD_SBM_FAST=1 -DSHOW_ALL_VARS_USED=0 -DCONFIG_BUF_LEN=65536 -DMAX_DOMAINS_F=21 -DMAX_HISTORY=25 -DNMM_NEST=0 -DWRF_CHEM -DBUILD_CHEM=1 -I. -traditional-cpp   module_sf_noahmpdrv.G  > module_sf_noahmpdrv.bb
/home/hnavarro/Desktop/WRF/BUILD_WRF/WRF/tools/standard.exe module_sf_noahmpdrv.bb | /lib/cpp -P -nostdinc -traditional-cpp > module_sf_noahmpdrv.f90
rm -f module_sf_noahmpdrv.G module_sf_noahmpdrv.bb
time mpif90 -f90=gfortran -o module_sf_noahmpdrv.o -c -O2 -ftree-vectorize -funroll-loops -w -ffree-form -ffree-line-length-none -fconvert=big-endian -frecord-marker=4 -fallow-argument-mismatch -fallow-invalid-boz   -I../dyn_em  -I/home/hnavarro/Desktop/WRF/BUILD_WRF/WRF/external/esmf_time_f90  -I/home/hnavarro/Desktop/WRF/BUILD_WRF/WRF/main -I/home/hnavarro/Desktop/WRF/BUILD_WRF/WRF/external/io_netcdf -I/home/hnavarro/Desktop/WRF/BUILD_WRF/WRF/external/io_int -I/home/hnavarro/Desktop/WRF/BUILD_WRF/WRF/frame -I/home/hnavarro/Desktop/WRF/BUILD_WRF/WRF/share -I/home/hnavarro/Desktop/WRF/BUILD_WRF/WRF/phys -I/home/hnavarro/Desktop/WRF/BUILD_WRF/WRF/wrftladj -I/home/hnavarro/Desktop/WRF/BUILD_WRF/WRF/chem -I/home/hnavarro/Desktop/WRF/BUILD_WRF/WRF/inc -I/home/hnavarro/Desktop/WRF/Install-WRF-Chem/LIBRARIES/netcdf/include    module_sf_noahmpdrv.f90
7.53user 0.18system 0:07.74elapsed 99%CPU (0avgtext+0avgdata 242892maxresident)k
0inputs+3080outputs (0major+63411minor)pagefaults 0swaps
rm -f module_diag_afwa.o
sed -e "s/^\!.*'.*//" -e "s/^ *\!.*'.*//" module_diag_afwa.F > module_diag_afwa.G
/lib/cpp -P -nostdinc -I/home/hnavarro/Desktop/WRF/BUILD_WRF/WRF/inc -DEM_CORE=1 -DNMM_CORE=0 -DNMM_MAX_DIM=2600 -DDA_CORE=0 -DWRFPLUS=0 -DIWORDSIZE=4 -DDWORDSIZE=8 -DRWORDSIZE=4 -DLWORDSIZE=4 -DNONSTANDARD_SYSTEM_SUBR  -DWRF_USE_CLM  -DDM_PARALLEL -DNETCDF -DLANDREAD_STUB=1 -DUSE_ALLOCATABLES -Dwrfmodel -DGRIB1 -DINTIO -DKEEP_INT_AROUND -DLIMIT_ARGS -DBUILD_RRTMG_FAST=0 -DBUILD_RRTMK=0 -DBUILD_SBM_FAST=1 -DSHOW_ALL_VARS_USED=0 -DCONFIG_BUF_LEN=65536 -DMAX_DOMAINS_F=21 -DMAX_HISTORY=25 -DNMM_NEST=0 -DWRF_CHEM -DBUILD_CHEM=1 -I. -traditional-cpp   module_diag_afwa.G  > module_diag_afwa.bb
/home/hnavarro/Desktop/WRF/BUILD_WRF/WRF/tools/standard.exe module_diag_afwa.bb | /lib/cpp -P -nostdinc -traditional-cpp > module_diag_afwa.f90
rm -f module_diag_afwa.G module_diag_afwa.bb
time mpif90 -f90=gfortran -o module_diag_afwa.o -c -O2 -ftree-vectorize -funroll-loops -w -ffree-form -ffree-line-length-none -fconvert=big-endian -frecord-marker=4 -fallow-argument-mismatch -fallow-invalid-boz   -I../dyn_em  -I/home/hnavarro/Desktop/WRF/BUILD_WRF/WRF/external/esmf_time_f90  -I/home/hnavarro/Desktop/WRF/BUILD_WRF/WRF/main -I/home/hnavarro/Desktop/WRF/BUILD_WRF/WRF/external/io_netcdf -I/home/hnavarro/Desktop/WRF/BUILD_WRF/WRF/external/io_int -I/home/hnavarro/Desktop/WRF/BUILD_WRF/WRF/frame -I/home/hnavarro/Desktop/WRF/BUILD_WRF/WRF/share -I/home/hnavarro/Desktop/WRF/BUILD_WRF/WRF/phys -I/home/hnavarro/Desktop/WRF/BUILD_WRF/WRF/wrftladj -I/home/hnavarro/Desktop/WRF/BUILD_WRF/WRF/chem -I/home/hnavarro/Desktop/WRF/BUILD_WRF/WRF/inc -I/home/hnavarro/Desktop/WRF/Install-WRF-Chem/LIBRARIES/netcdf/include    module_diag_afwa.f90
4.81user 0.32system 0:05.15elapsed 99%CPU (0avgtext+0avgdata 318968maxresident)k
0inputs+1496outputs (0major+115767minor)pagefaults 0swaps
rm -f module_fr_fire_core.o
sed -e "s/^\!.*'.*//" -e "s/^ *\!.*'.*//" module_fr_fire_core.F > module_fr_fire_core.G
/lib/cpp -P -nostdinc -I/home/hnavarro/Desktop/WRF/BUILD_WRF/WRF/inc -DEM_CORE=1 -DNMM_CORE=0 -DNMM_MAX_DIM=2600 -DDA_CORE=0 -DWRFPLUS=0 -DIWORDSIZE=4 -DDWORDSIZE=8 -DRWORDSIZE=4 -DLWORDSIZE=4 -DNONSTANDARD_SYSTEM_SUBR  -DWRF_USE_CLM  -DDM_PARALLEL -DNETCDF -DLANDREAD_STUB=1 -DUSE_ALLOCATABLES -Dwrfmodel -DGRIB1 -DINTIO -DKEEP_INT_AROUND -DLIMIT_ARGS -DBUILD_RRTMG_FAST=0 -DBUILD_RRTMK=0 -DBUILD_SBM_FAST=1 -DSHOW_ALL_VARS_USED=0 -DCONFIG_BUF_LEN=65536 -DMAX_DOMAINS_F=21 -DMAX_HISTORY=25 -DNMM_NEST=0 -DWRF_CHEM -DBUILD_CHEM=1 -I. -traditional-cpp   module_fr_fire_core.G  > module_fr_fire_core.bb
/home/hnavarro/Desktop/WRF/BUILD_WRF/WRF/tools/standard.exe module_fr_fire_core.bb | /lib/cpp -P -nostdinc -traditional-cpp > module_fr_fire_core.f90
rm -f module_fr_fire_core.G module_fr_fire_core.bb
time mpif90 -f90=gfortran -o module_fr_fire_core.o -c -O2 -ftree-vectorize -funroll-loops -w -ffree-form -ffree-line-length-none -fconvert=big-endian -frecord-marker=4 -fallow-argument-mismatch -fallow-invalid-boz   -I../dyn_em  -I/home/hnavarro/Desktop/WRF/BUILD_WRF/WRF/external/esmf_time_f90  -I/home/hnavarro/Desktop/WRF/BUILD_WRF/WRF/main -I/home/hnavarro/Desktop/WRF/BUILD_WRF/WRF/external/io_netcdf -I/home/hnavarro/Desktop/WRF/BUILD_WRF/WRF/external/io_int -I/home/hnavarro/Desktop/WRF/BUILD_WRF/WRF/frame -I/home/hnavarro/Desktop/WRF/BUILD_WRF/WRF/share -I/home/hnavarro/Desktop/WRF/BUILD_WRF/WRF/phys -I/home/hnavarro/Desktop/WRF/BUILD_WRF/WRF/wrftladj -I/home/hnavarro/Desktop/WRF/BUILD_WRF/WRF/chem -I/home/hnavarro/Desktop/WRF/BUILD_WRF/WRF/inc -I/home/hnavarro/Desktop/WRF/Install-WRF-Chem/LIBRARIES/netcdf/include    module_fr_fire_core.f90
3.47user 0.37system 0:03.86elapsed 99%CPU (0avgtext+0avgdata 316728maxresident)k
0inputs+896outputs (0major+131382minor)pagefaults 0swaps
rm -f module_cam_gffgch.o
sed -e "s/^\!.*'.*//" -e "s/^ *\!.*'.*//" module_cam_gffgch.F > module_cam_gffgch.G
/lib/cpp -P -nostdinc -I/home/hnavarro/Desktop/WRF/BUILD_WRF/WRF/inc -DEM_CORE=1 -DNMM_CORE=0 -DNMM_MAX_DIM=2600 -DDA_CORE=0 -DWRFPLUS=0 -DIWORDSIZE=4 -DDWORDSIZE=8 -DRWORDSIZE=4 -DLWORDSIZE=4 -DNONSTANDARD_SYSTEM_SUBR  -DWRF_USE_CLM  -DDM_PARALLEL -DNETCDF -DLANDREAD_STUB=1 -DUSE_ALLOCATABLES -Dwrfmodel -DGRIB1 -DINTIO -DKEEP_INT_AROUND -DLIMIT_ARGS -DBUILD_RRTMG_FAST=0 -DBUILD_RRTMK=0 -DBUILD_SBM_FAST=1 -DSHOW_ALL_VARS_USED=0 -DCONFIG_BUF_LEN=65536 -DMAX_DOMAINS_F=21 -DMAX_HISTORY=25 -DNMM_NEST=0 -DWRF_CHEM -DBUILD_CHEM=1 -I. -traditional-cpp   module_cam_gffgch.G  > module_cam_gffgch.bb
/home/hnavarro/Desktop/WRF/BUILD_WRF/WRF/tools/standard.exe module_cam_gffgch.bb | /lib/cpp -P -nostdinc -traditional-cpp > module_cam_gffgch.f90
rm -f module_cam_gffgch.G module_cam_gffgch.bb
time mpif90 -f90=gfortran -o module_cam_gffgch.o -c -O2 -ftree-vectorize -funroll-loops -w -ffree-form -ffree-line-length-none -fconvert=big-endian -frecord-marker=4 -fallow-argument-mismatch -fallow-invalid-boz   -I../dyn_em  -I/home/hnavarro/Desktop/WRF/BUILD_WRF/WRF/external/esmf_time_f90  -I/home/hnavarro/Desktop/WRF/BUILD_WRF/WRF/main -I/home/hnavarro/Desktop/WRF/BUILD_WRF/WRF/external/io_netcdf -I/home/hnavarro/Desktop/WRF/BUILD_WRF/WRF/external/io_int -I/home/hnavarro/Desktop/WRF/BUILD_WRF/WRF/frame -I/home/hnavarro/Desktop/WRF/BUILD_WRF/WRF/share -I/home/hnavarro/Desktop/WRF/BUILD_WRF/WRF/phys -I/home/hnavarro/Desktop/WRF/BUILD_WRF/WRF/wrftladj -I/home/hnavarro/Desktop/WRF/BUILD_WRF/WRF/chem -I/home/hnavarro/Desktop/WRF/BUILD_WRF/WRF/inc -I/home/hnavarro/Desktop/WRF/Install-WRF-Chem/LIBRARIES/netcdf/include    module_cam_gffgch.f90
0.04user 0.06system 0:00.11elapsed 100%CPU (0avgtext+0avgdata 28160maxresident)k
0inputs+40outputs (0major+7875minor)pagefaults 0swaps
rm -f module_cam_constituents.o
sed -e "s/^\!.*'.*//" -e "s/^ *\!.*'.*//" module_cam_constituents.F > module_cam_constituents.G
/lib/cpp -P -nostdinc -I/home/hnavarro/Desktop/WRF/BUILD_WRF/WRF/inc -DEM_CORE=1 -DNMM_CORE=0 -DNMM_MAX_DIM=2600 -DDA_CORE=0 -DWRFPLUS=0 -DIWORDSIZE=4 -DDWORDSIZE=8 -DRWORDSIZE=4 -DLWORDSIZE=4 -DNONSTANDARD_SYSTEM_SUBR  -DWRF_USE_CLM  -DDM_PARALLEL -DNETCDF -DLANDREAD_STUB=1 -DUSE_ALLOCATABLES -Dwrfmodel -DGRIB1 -DINTIO -DKEEP_INT_AROUND -DLIMIT_ARGS -DBUILD_RRTMG_FAST=0 -DBUILD_RRTMK=0 -DBUILD_SBM_FAST=1 -DSHOW_ALL_VARS_USED=0 -DCONFIG_BUF_LEN=65536 -DMAX_DOMAINS_F=21 -DMAX_HISTORY=25 -DNMM_NEST=0 -DWRF_CHEM -DBUILD_CHEM=1 -I. -traditional-cpp   module_cam_constituents.G  > module_cam_constituents.bb
/home/hnavarro/Desktop/WRF/BUILD_WRF/WRF/tools/standard.exe module_cam_constituents.bb | /lib/cpp -P -nostdinc -traditional-cpp > module_cam_constituents.f90
rm -f module_cam_constituents.G module_cam_constituents.bb
time mpif90 -f90=gfortran -o module_cam_constituents.o -c -O2 -ftree-vectorize -funroll-loops -w -ffree-form -ffree-line-length-none -fconvert=big-endian -frecord-marker=4 -fallow-argument-mismatch -fallow-invalid-boz   -I../dyn_em  -I/home/hnavarro/Desktop/WRF/BUILD_WRF/WRF/external/esmf_time_f90  -I/home/hnavarro/Desktop/WRF/BUILD_WRF/WRF/main -I/home/hnavarro/Desktop/WRF/BUILD_WRF/WRF/external/io_netcdf -I/home/hnavarro/Desktop/WRF/BUILD_WRF/WRF/external/io_int -I/home/hnavarro/Desktop/WRF/BUILD_WRF/WRF/frame -I/home/hnavarro/Desktop/WRF/BUILD_WRF/WRF/share -I/home/hnavarro/Desktop/WRF/BUILD_WRF/WRF/phys -I/home/hnavarro/Desktop/WRF/BUILD_WRF/WRF/wrftladj -I/home/hnavarro/Desktop/WRF/BUILD_WRF/WRF/chem -I/home/hnavarro/Desktop/WRF/BUILD_WRF/WRF/inc -I/home/hnavarro/Desktop/WRF/Install-WRF-Chem/LIBRARIES/netcdf/include    module_cam_constituents.f90
6.81user 0.24system 0:07.07elapsed 99%CPU (0avgtext+0avgdata 319228maxresident)k
0inputs+2040outputs (0major+91137minor)pagefaults 0swaps
rm -f module_cam_mp_modal_aero_initialize_data_phys.o
sed -e "s/^\!.*'.*//" -e "s/^ *\!.*'.*//" module_cam_mp_modal_aero_initialize_data_phys.F > module_cam_mp_modal_aero_initialize_data_phys.G
0.12user 0.05system 0:00.18elapsed 96%CPU (0avgtext+0avgdata 32424maxresident)k
0inputs+136outputs (0major+8952minor)pagefaults 0swaps
rm -f module_cu_gf_sh.o
sed -e "s/^\!.*'.*//" -e "s/^ *\!.*'.*//" module_cu_gf_sh.F > module_cu_gf_sh.G
/lib/cpp -P -nostdinc -I/home/hnavarro/Desktop/WRF/BUILD_WRF/WRF/inc -DEM_CORE=1 -DNMM_CORE=0 -DNMM_MAX_DIM=2600 -DDA_CORE=0 -DWRFPLUS=0 -DIWORDSIZE=4 -DDWORDSIZE=8 -DRWORDSIZE=4 -DLWORDSIZE=4 -DNONSTANDARD_SYSTEM_SUBR  -DWRF_USE_CLM  -DDM_PARALLEL -DNETCDF -DLANDREAD_STUB=1 -DUSE_ALLOCATABLES -Dwrfmodel -DGRIB1 -DINTIO -DKEEP_INT_AROUND -DLIMIT_ARGS -DBUILD_RRTMG_FAST=0 -DBUILD_RRTMK=0 -DBUILD_SBM_FAST=1 -DSHOW_ALL_VARS_USED=0 -DCONFIG_BUF_LEN=65536 -DMAX_DOMAINS_F=21 -DMAX_HISTORY=25 -DNMM_NEST=0 -DWRF_CHEM -DBUILD_CHEM=1 -I. -traditional-cpp   module_cam_mp_modal_aero_initialize_data_phys.G  > module_cam_mp_modal_aero_initialize_data_phys.bb
/lib/cpp -P -nostdinc -I/home/hnavarro/Desktop/WRF/BUILD_WRF/WRF/inc -DEM_CORE=1 -DNMM_CORE=0 -DNMM_MAX_DIM=2600 -DDA_CORE=0 -DWRFPLUS=0 -DIWORDSIZE=4 -DDWORDSIZE=8 -DRWORDSIZE=4 -DLWORDSIZE=4 -DNONSTANDARD_SYSTEM_SUBR  -DWRF_USE_CLM  -DDM_PARALLEL -DNETCDF -DLANDREAD_STUB=1 -DUSE_ALLOCATABLES -Dwrfmodel -DGRIB1 -DINTIO -DKEEP_INT_AROUND -DLIMIT_ARGS -DBUILD_RRTMG_FAST=0 -DBUILD_RRTMK=0 -DBUILD_SBM_FAST=1 -DSHOW_ALL_VARS_USED=0 -DCONFIG_BUF_LEN=65536 -DMAX_DOMAINS_F=21 -DMAX_HISTORY=25 -DNMM_NEST=0 -DWRF_CHEM -DBUILD_CHEM=1 -I. -traditional-cpp   module_cu_gf_sh.G  > module_cu_gf_sh.bb
/home/hnavarro/Desktop/WRF/BUILD_WRF/WRF/tools/standard.exe module_cam_mp_modal_aero_initialize_data_phys.bb | /lib/cpp -P -nostdinc -traditional-cpp > module_cam_mp_modal_aero_initialize_data_phys.f90
/home/hnavarro/Desktop/WRF/BUILD_WRF/WRF/tools/standard.exe module_cu_gf_sh.bb | /lib/cpp -P -nostdinc -traditional-cpp > module_cu_gf_sh.f90
rm -f module_cam_mp_modal_aero_initialize_data_phys.G module_cam_mp_modal_aero_initialize_data_phys.bb
time mpif90 -f90=gfortran -o module_cam_mp_modal_aero_initialize_data_phys.o -c -O2 -ftree-vectorize -funroll-loops -w -ffree-form -ffree-line-length-none -fconvert=big-endian -frecord-marker=4 -fallow-argument-mismatch -fallow-invalid-boz   -I../dyn_em  -I/home/hnavarro/Desktop/WRF/BUILD_WRF/WRF/external/esmf_time_f90  -I/home/hnavarro/Desktop/WRF/BUILD_WRF/WRF/main -I/home/hnavarro/Desktop/WRF/BUILD_WRF/WRF/external/io_netcdf -I/home/hnavarro/Desktop/WRF/BUILD_WRF/WRF/external/io_int -I/home/hnavarro/Desktop/WRF/BUILD_WRF/WRF/frame -I/home/hnavarro/Desktop/WRF/BUILD_WRF/WRF/share -I/home/hnavarro/Desktop/WRF/BUILD_WRF/WRF/phys -I/home/hnavarro/Desktop/WRF/BUILD_WRF/WRF/wrftladj -I/home/hnavarro/Desktop/WRF/BUILD_WRF/WRF/chem -I/home/hnavarro/Desktop/WRF/BUILD_WRF/WRF/inc -I/home/hnavarro/Desktop/WRF/Install-WRF-Chem/LIBRARIES/netcdf/include    module_cam_mp_modal_aero_initialize_data_phys.f90
rm -f module_cu_gf_sh.G module_cu_gf_sh.bb
time mpif90 -f90=gfortran -o module_cu_gf_sh.o -c -O2 -ftree-vectorize -funroll-loops -w -ffree-form -ffree-line-length-none -fconvert=big-endian -frecord-marker=4 -fallow-argument-mismatch -fallow-invalid-boz   -I../dyn_em  -I/home/hnavarro/Desktop/WRF/BUILD_WRF/WRF/external/esmf_time_f90  -I/home/hnavarro/Desktop/WRF/BUILD_WRF/WRF/main -I/home/hnavarro/Desktop/WRF/BUILD_WRF/WRF/external/io_netcdf -I/home/hnavarro/Desktop/WRF/BUILD_WRF/WRF/external/io_int -I/home/hnavarro/Desktop/WRF/BUILD_WRF/WRF/frame -I/home/hnavarro/Desktop/WRF/BUILD_WRF/WRF/share -I/home/hnavarro/Desktop/WRF/BUILD_WRF/WRF/phys -I/home/hnavarro/Desktop/WRF/BUILD_WRF/WRF/wrftladj -I/home/hnavarro/Desktop/WRF/BUILD_WRF/WRF/chem -I/home/hnavarro/Desktop/WRF/BUILD_WRF/WRF/inc -I/home/hnavarro/Desktop/WRF/Install-WRF-Chem/LIBRARIES/netcdf/include    module_cu_gf_sh.f90
0.06user 0.05system 0:00.11elapsed 100%CPU (0avgtext+0avgdata 29056maxresident)k
0inputs+80outputs (2major+8192minor)pagefaults 0swaps
rm -f module_radiation_driver.o
sed -e "s/^\!.*'.*//" -e "s/^ *\!.*'.*//" module_radiation_driver.F > module_radiation_driver.G
/lib/cpp -P -nostdinc -I/home/hnavarro/Desktop/WRF/BUILD_WRF/WRF/inc -DEM_CORE=1 -DNMM_CORE=0 -DNMM_MAX_DIM=2600 -DDA_CORE=0 -DWRFPLUS=0 -DIWORDSIZE=4 -DDWORDSIZE=8 -DRWORDSIZE=4 -DLWORDSIZE=4 -DNONSTANDARD_SYSTEM_SUBR  -DWRF_USE_CLM  -DDM_PARALLEL -DNETCDF -DLANDREAD_STUB=1 -DUSE_ALLOCATABLES -Dwrfmodel -DGRIB1 -DINTIO -DKEEP_INT_AROUND -DLIMIT_ARGS -DBUILD_RRTMG_FAST=0 -DBUILD_RRTMK=0 -DBUILD_SBM_FAST=1 -DSHOW_ALL_VARS_USED=0 -DCONFIG_BUF_LEN=65536 -DMAX_DOMAINS_F=21 -DMAX_HISTORY=25 -DNMM_NEST=0 -DWRF_CHEM -DBUILD_CHEM=1 -I. -traditional-cpp   module_radiation_driver.G  > module_radiation_driver.bb
/home/hnavarro/Desktop/WRF/BUILD_WRF/WRF/tools/standard.exe module_radiation_driver.bb | /lib/cpp -P -nostdinc -traditional-cpp > module_radiation_driver.f90
rm -f module_radiation_driver.G module_radiation_driver.bb
time mpif90 -f90=gfortran -o module_radiation_driver.o -c -O2 -ftree-vectorize -funroll-loops -w -ffree-form -ffree-line-length-none -fconvert=big-endian -frecord-marker=4 -fallow-argument-mismatch -fallow-invalid-boz   -I../dyn_em  -I/home/hnavarro/Desktop/WRF/BUILD_WRF/WRF/external/esmf_time_f90  -I/home/hnavarro/Desktop/WRF/BUILD_WRF/WRF/main -I/home/hnavarro/Desktop/WRF/BUILD_WRF/WRF/external/io_netcdf -I/home/hnavarro/Desktop/WRF/BUILD_WRF/WRF/external/io_int -I/home/hnavarro/Desktop/WRF/BUILD_WRF/WRF/frame -I/home/hnavarro/Desktop/WRF/BUILD_WRF/WRF/share -I/home/hnavarro/Desktop/WRF/BUILD_WRF/WRF/phys -I/home/hnavarro/Desktop/WRF/BUILD_WRF/WRF/wrftladj -I/home/hnavarro/Desktop/WRF/BUILD_WRF/WRF/chem -I/home/hnavarro/Desktop/WRF/BUILD_WRF/WRF/inc -I/home/hnavarro/Desktop/WRF/Install-WRF-Chem/LIBRARIES/netcdf/include    module_radiation_driver.f90
1.01user 0.09system 0:01.11elapsed 100%CPU (0avgtext+0avgdata 106816maxresident)k
0inputs+576outputs (4major+30080minor)pagefaults 0swaps
rm -f module_mp_wsm6.o
sed -e "s/^\!.*'.*//" -e "s/^ *\!.*'.*//" module_mp_wsm6.F > module_mp_wsm6.G
/lib/cpp -P -nostdinc -I/home/hnavarro/Desktop/WRF/BUILD_WRF/WRF/inc -DEM_CORE=1 -DNMM_CORE=0 -DNMM_MAX_DIM=2600 -DDA_CORE=0 -DWRFPLUS=0 -DIWORDSIZE=4 -DDWORDSIZE=8 -DRWORDSIZE=4 -DLWORDSIZE=4 -DNONSTANDARD_SYSTEM_SUBR  -DWRF_USE_CLM  -DDM_PARALLEL -DNETCDF -DLANDREAD_STUB=1 -DUSE_ALLOCATABLES -Dwrfmodel -DGRIB1 -DINTIO -DKEEP_INT_AROUND -DLIMIT_ARGS -DBUILD_RRTMG_FAST=0 -DBUILD_RRTMK=0 -DBUILD_SBM_FAST=1 -DSHOW_ALL_VARS_USED=0 -DCONFIG_BUF_LEN=65536 -DMAX_DOMAINS_F=21 -DMAX_HISTORY=25 -DNMM_NEST=0 -DWRF_CHEM -DBUILD_CHEM=1 -I. -traditional-cpp   module_mp_wsm6.G  > module_mp_wsm6.bb
/home/hnavarro/Desktop/WRF/BUILD_WRF/WRF/tools/standard.exe module_mp_wsm6.bb | /lib/cpp -P -nostdinc -traditional-cpp > module_mp_wsm6.f90
rm -f module_mp_wsm6.G module_mp_wsm6.bb
time mpif90 -f90=gfortran -o module_mp_wsm6.o -c -O2 -ftree-vectorize -funroll-loops -w -ffree-form -ffree-line-length-none -fconvert=big-endian -frecord-marker=4 -fallow-argument-mismatch -fallow-invalid-boz   -I../dyn_em  -I/home/hnavarro/Desktop/WRF/BUILD_WRF/WRF/external/esmf_time_f90  -I/home/hnavarro/Desktop/WRF/BUILD_WRF/WRF/main -I/home/hnavarro/Desktop/WRF/BUILD_WRF/WRF/external/io_netcdf -I/home/hnavarro/Desktop/WRF/BUILD_WRF/WRF/external/io_int -I/home/hnavarro/Desktop/WRF/BUILD_WRF/WRF/frame -I/home/hnavarro/Desktop/WRF/BUILD_WRF/WRF/share -I/home/hnavarro/Desktop/WRF/BUILD_WRF/WRF/phys -I/home/hnavarro/Desktop/WRF/BUILD_WRF/WRF/wrftladj -I/home/hnavarro/Desktop/WRF/BUILD_WRF/WRF/chem -I/home/hnavarro/Desktop/WRF/BUILD_WRF/WRF/inc -I/home/hnavarro/Desktop/WRF/Install-WRF-Chem/LIBRARIES/netcdf/include    module_mp_wsm6.f90
0.28user 0.05system 0:00.33elapsed 100%CPU (0avgtext+0avgdata 44928maxresident)k
0inputs+168outputs (0major+11988minor)pagefaults 0swaps
rm -f module_sf_noahdrv.o
sed -e "s/^\!.*'.*//" -e "s/^ *\!.*'.*//" module_sf_noahdrv.F > module_sf_noahdrv.G
/lib/cpp -P -nostdinc -I/home/hnavarro/Desktop/WRF/BUILD_WRF/WRF/inc -DEM_CORE=1 -DNMM_CORE=0 -DNMM_MAX_DIM=2600 -DDA_CORE=0 -DWRFPLUS=0 -DIWORDSIZE=4 -DDWORDSIZE=8 -DRWORDSIZE=4 -DLWORDSIZE=4 -DNONSTANDARD_SYSTEM_SUBR  -DWRF_USE_CLM  -DDM_PARALLEL -DNETCDF -DLANDREAD_STUB=1 -DUSE_ALLOCATABLES -Dwrfmodel -DGRIB1 -DINTIO -DKEEP_INT_AROUND -DLIMIT_ARGS -DBUILD_RRTMG_FAST=0 -DBUILD_RRTMK=0 -DBUILD_SBM_FAST=1 -DSHOW_ALL_VARS_USED=0 -DCONFIG_BUF_LEN=65536 -DMAX_DOMAINS_F=21 -DMAX_HISTORY=25 -DNMM_NEST=0 -DWRF_CHEM -DBUILD_CHEM=1 -I. -traditional-cpp   module_sf_noahdrv.G  > module_sf_noahdrv.bb
/home/hnavarro/Desktop/WRF/BUILD_WRF/WRF/tools/standard.exe module_sf_noahdrv.bb | /lib/cpp -P -nostdinc -traditional-cpp > module_sf_noahdrv.f90
rm -f module_sf_noahdrv.G module_sf_noahdrv.bb
time mpif90 -f90=gfortran -o module_sf_noahdrv.o -c -O2 -ftree-vectorize -funroll-loops -w -ffree-form -ffree-line-length-none -fconvert=big-endian -frecord-marker=4 -fallow-argument-mismatch -fallow-invalid-boz   -I../dyn_em  -I/home/hnavarro/Desktop/WRF/BUILD_WRF/WRF/external/esmf_time_f90  -I/home/hnavarro/Desktop/WRF/BUILD_WRF/WRF/main -I/home/hnavarro/Desktop/WRF/BUILD_WRF/WRF/external/io_netcdf -I/home/hnavarro/Desktop/WRF/BUILD_WRF/WRF/external/io_int -I/home/hnavarro/Desktop/WRF/BUILD_WRF/WRF/frame -I/home/hnavarro/Desktop/WRF/BUILD_WRF/WRF/share -I/home/hnavarro/Desktop/WRF/BUILD_WRF/WRF/phys -I/home/hnavarro/Desktop/WRF/BUILD_WRF/WRF/wrftladj -I/home/hnavarro/Desktop/WRF/BUILD_WRF/WRF/chem -I/home/hnavarro/Desktop/WRF/BUILD_WRF/WRF/inc -I/home/hnavarro/Desktop/WRF/Install-WRF-Chem/LIBRARIES/netcdf/include    module_sf_noahdrv.f90
3.63user 0.12system 0:03.77elapsed 99%CPU (0avgtext+0avgdata 261872maxresident)k
0inputs+1680outputs (0major+71416minor)pagefaults 0swaps
rm -f module_diagnostics_driver.o
sed -e "s/^\!.*'.*//" -e "s/^ *\!.*'.*//" module_diagnostics_driver.F > module_diagnostics_driver.G
/lib/cpp -P -nostdinc -I/home/hnavarro/Desktop/WRF/BUILD_WRF/WRF/inc -DEM_CORE=1 -DNMM_CORE=0 -DNMM_MAX_DIM=2600 -DDA_CORE=0 -DWRFPLUS=0 -DIWORDSIZE=4 -DDWORDSIZE=8 -DRWORDSIZE=4 -DLWORDSIZE=4 -DNONSTANDARD_SYSTEM_SUBR  -DWRF_USE_CLM  -DDM_PARALLEL -DNETCDF -DLANDREAD_STUB=1 -DUSE_ALLOCATABLES -Dwrfmodel -DGRIB1 -DINTIO -DKEEP_INT_AROUND -DLIMIT_ARGS -DBUILD_RRTMG_FAST=0 -DBUILD_RRTMK=0 -DBUILD_SBM_FAST=1 -DSHOW_ALL_VARS_USED=0 -DCONFIG_BUF_LEN=65536 -DMAX_DOMAINS_F=21 -DMAX_HISTORY=25 -DNMM_NEST=0 -DWRF_CHEM -DBUILD_CHEM=1 -I. -traditional-cpp   module_diagnostics_driver.G  > module_diagnostics_driver.bb
/home/hnavarro/Desktop/WRF/BUILD_WRF/WRF/tools/standard.exe module_diagnostics_driver.bb | /lib/cpp -P -nostdinc -traditional-cpp > module_diagnostics_driver.f90
rm -f module_diagnostics_driver.G module_diagnostics_driver.bb
time mpif90 -f90=gfortran -o module_diagnostics_driver.o -c -O2 -ftree-vectorize -funroll-loops -w -ffree-form -ffree-line-length-none -fconvert=big-endian -frecord-marker=4 -fallow-argument-mismatch -fallow-invalid-boz   -I../dyn_em  -I/home/hnavarro/Desktop/WRF/BUILD_WRF/WRF/external/esmf_time_f90  -I/home/hnavarro/Desktop/WRF/BUILD_WRF/WRF/main -I/home/hnavarro/Desktop/WRF/BUILD_WRF/WRF/external/io_netcdf -I/home/hnavarro/Desktop/WRF/BUILD_WRF/WRF/external/io_int -I/home/hnavarro/Desktop/WRF/BUILD_WRF/WRF/frame -I/home/hnavarro/Desktop/WRF/BUILD_WRF/WRF/share -I/home/hnavarro/Desktop/WRF/BUILD_WRF/WRF/phys -I/home/hnavarro/Desktop/WRF/BUILD_WRF/WRF/wrftladj -I/home/hnavarro/Desktop/WRF/BUILD_WRF/WRF/chem -I/home/hnavarro/Desktop/WRF/BUILD_WRF/WRF/inc -I/home/hnavarro/Desktop/WRF/Install-WRF-Chem/LIBRARIES/netcdf/include    module_diagnostics_driver.f90
15.62user 0.79system 0:16.44elapsed 99%CPU (0avgtext+0avgdata 1516772maxresident)k
0inputs+2832outputs (0major+479270minor)pagefaults 0swaps
rm -f module_fr_fire_model.o
sed -e "s/^\!.*'.*//" -e "s/^ *\!.*'.*//" module_fr_fire_model.F > module_fr_fire_model.G
/lib/cpp -P -nostdinc -I/home/hnavarro/Desktop/WRF/BUILD_WRF/WRF/inc -DEM_CORE=1 -DNMM_CORE=0 -DNMM_MAX_DIM=2600 -DDA_CORE=0 -DWRFPLUS=0 -DIWORDSIZE=4 -DDWORDSIZE=8 -DRWORDSIZE=4 -DLWORDSIZE=4 -DNONSTANDARD_SYSTEM_SUBR  -DWRF_USE_CLM  -DDM_PARALLEL -DNETCDF -DLANDREAD_STUB=1 -DUSE_ALLOCATABLES -Dwrfmodel -DGRIB1 -DINTIO -DKEEP_INT_AROUND -DLIMIT_ARGS -DBUILD_RRTMG_FAST=0 -DBUILD_RRTMK=0 -DBUILD_SBM_FAST=1 -DSHOW_ALL_VARS_USED=0 -DCONFIG_BUF_LEN=65536 -DMAX_DOMAINS_F=21 -DMAX_HISTORY=25 -DNMM_NEST=0 -DWRF_CHEM -DBUILD_CHEM=1 -I. -traditional-cpp   module_fr_fire_model.G  > module_fr_fire_model.bb
/home/hnavarro/Desktop/WRF/BUILD_WRF/WRF/tools/standard.exe module_fr_fire_model.bb | /lib/cpp -P -nostdinc -traditional-cpp > module_fr_fire_model.f90
rm -f module_fr_fire_model.G module_fr_fire_model.bb
time mpif90 -f90=gfortran -o module_fr_fire_model.o -c -O2 -ftree-vectorize -funroll-loops -w -ffree-form -ffree-line-length-none -fconvert=big-endian -frecord-marker=4 -fallow-argument-mismatch -fallow-invalid-boz   -I../dyn_em  -I/home/hnavarro/Desktop/WRF/BUILD_WRF/WRF/external/esmf_time_f90  -I/home/hnavarro/Desktop/WRF/BUILD_WRF/WRF/main -I/home/hnavarro/Desktop/WRF/BUILD_WRF/WRF/external/io_netcdf -I/home/hnavarro/Desktop/WRF/BUILD_WRF/WRF/external/io_int -I/home/hnavarro/Desktop/WRF/BUILD_WRF/WRF/frame -I/home/hnavarro/Desktop/WRF/BUILD_WRF/WRF/share -I/home/hnavarro/Desktop/WRF/BUILD_WRF/WRF/phys -I/home/hnavarro/Desktop/WRF/BUILD_WRF/WRF/wrftladj -I/home/hnavarro/Desktop/WRF/BUILD_WRF/WRF/chem -I/home/hnavarro/Desktop/WRF/BUILD_WRF/WRF/inc -I/home/hnavarro/Desktop/WRF/Install-WRF-Chem/LIBRARIES/netcdf/include    module_fr_fire_model.f90
2.27user 0.23system 0:02.51elapsed 99%CPU (0avgtext+0avgdata 315468maxresident)k
0inputs+624outputs (0major+90312minor)pagefaults 0swaps
rm -f module_cam_wv_saturation.o
sed -e "s/^\!.*'.*//" -e "s/^ *\!.*'.*//" module_cam_wv_saturation.F > module_cam_wv_saturation.G
/lib/cpp -P -nostdinc -I/home/hnavarro/Desktop/WRF/BUILD_WRF/WRF/inc -DEM_CORE=1 -DNMM_CORE=0 -DNMM_MAX_DIM=2600 -DDA_CORE=0 -DWRFPLUS=0 -DIWORDSIZE=4 -DDWORDSIZE=8 -DRWORDSIZE=4 -DLWORDSIZE=4 -DNONSTANDARD_SYSTEM_SUBR  -DWRF_USE_CLM  -DDM_PARALLEL -DNETCDF -DLANDREAD_STUB=1 -DUSE_ALLOCATABLES -Dwrfmodel -DGRIB1 -DINTIO -DKEEP_INT_AROUND -DLIMIT_ARGS -DBUILD_RRTMG_FAST=0 -DBUILD_RRTMK=0 -DBUILD_SBM_FAST=1 -DSHOW_ALL_VARS_USED=0 -DCONFIG_BUF_LEN=65536 -DMAX_DOMAINS_F=21 -DMAX_HISTORY=25 -DNMM_NEST=0 -DWRF_CHEM -DBUILD_CHEM=1 -I. -traditional-cpp   module_cam_wv_saturation.G  > module_cam_wv_saturation.bb
/home/hnavarro/Desktop/WRF/BUILD_WRF/WRF/tools/standard.exe module_cam_wv_saturation.bb | /lib/cpp -P -nostdinc -traditional-cpp > module_cam_wv_saturation.f90
rm -f module_cam_wv_saturation.G module_cam_wv_saturation.bb
time mpif90 -f90=gfortran -o module_cam_wv_saturation.o -c -O2 -ftree-vectorize -funroll-loops -w -ffree-form -ffree-line-length-none -fconvert=big-endian -frecord-marker=4 -fallow-argument-mismatch -fallow-invalid-boz   -I../dyn_em  -I/home/hnavarro/Desktop/WRF/BUILD_WRF/WRF/external/esmf_time_f90  -I/home/hnavarro/Desktop/WRF/BUILD_WRF/WRF/main -I/home/hnavarro/Desktop/WRF/BUILD_WRF/WRF/external/io_netcdf -I/home/hnavarro/Desktop/WRF/BUILD_WRF/WRF/external/io_int -I/home/hnavarro/Desktop/WRF/BUILD_WRF/WRF/frame -I/home/hnavarro/Desktop/WRF/BUILD_WRF/WRF/share -I/home/hnavarro/Desktop/WRF/BUILD_WRF/WRF/phys -I/home/hnavarro/Desktop/WRF/BUILD_WRF/WRF/wrftladj -I/home/hnavarro/Desktop/WRF/BUILD_WRF/WRF/chem -I/home/hnavarro/Desktop/WRF/BUILD_WRF/WRF/inc -I/home/hnavarro/Desktop/WRF/Install-WRF-Chem/LIBRARIES/netcdf/include    module_cam_wv_saturation.f90
0.21user 0.05system 0:00.26elapsed 99%CPU (0avgtext+0avgdata 34008maxresident)k
0inputs+168outputs (0major+9193minor)pagefaults 0swaps
rm -f module_cam_molec_diff.o
sed -e "s/^\!.*'.*//" -e "s/^ *\!.*'.*//" module_cam_molec_diff.F > module_cam_molec_diff.G
/lib/cpp -P -nostdinc -I/home/hnavarro/Desktop/WRF/BUILD_WRF/WRF/inc -DEM_CORE=1 -DNMM_CORE=0 -DNMM_MAX_DIM=2600 -DDA_CORE=0 -DWRFPLUS=0 -DIWORDSIZE=4 -DDWORDSIZE=8 -DRWORDSIZE=4 -DLWORDSIZE=4 -DNONSTANDARD_SYSTEM_SUBR  -DWRF_USE_CLM  -DDM_PARALLEL -DNETCDF -DLANDREAD_STUB=1 -DUSE_ALLOCATABLES -Dwrfmodel -DGRIB1 -DINTIO -DKEEP_INT_AROUND -DLIMIT_ARGS -DBUILD_RRTMG_FAST=0 -DBUILD_RRTMK=0 -DBUILD_SBM_FAST=1 -DSHOW_ALL_VARS_USED=0 -DCONFIG_BUF_LEN=65536 -DMAX_DOMAINS_F=21 -DMAX_HISTORY=25 -DNMM_NEST=0 -DWRF_CHEM -DBUILD_CHEM=1 -I. -traditional-cpp   module_cam_molec_diff.G  > module_cam_molec_diff.bb
/home/hnavarro/Desktop/WRF/BUILD_WRF/WRF/tools/standard.exe module_cam_molec_diff.bb | /lib/cpp -P -nostdinc -traditional-cpp > module_cam_molec_diff.f90
rm -f module_cam_molec_diff.G module_cam_molec_diff.bb
time mpif90 -f90=gfortran -o module_cam_molec_diff.o -c -O2 -ftree-vectorize -funroll-loops -w -ffree-form -ffree-line-length-none -fconvert=big-endian -frecord-marker=4 -fallow-argument-mismatch -fallow-invalid-boz   -I../dyn_em  -I/home/hnavarro/Desktop/WRF/BUILD_WRF/WRF/external/esmf_time_f90  -I/home/hnavarro/Desktop/WRF/BUILD_WRF/WRF/main -I/home/hnavarro/Desktop/WRF/BUILD_WRF/WRF/external/io_netcdf -I/home/hnavarro/Desktop/WRF/BUILD_WRF/WRF/external/io_int -I/home/hnavarro/Desktop/WRF/BUILD_WRF/WRF/frame -I/home/hnavarro/Desktop/WRF/BUILD_WRF/WRF/share -I/home/hnavarro/Desktop/WRF/BUILD_WRF/WRF/phys -I/home/hnavarro/Desktop/WRF/BUILD_WRF/WRF/wrftladj -I/home/hnavarro/Desktop/WRF/BUILD_WRF/WRF/chem -I/home/hnavarro/Desktop/WRF/BUILD_WRF/WRF/inc -I/home/hnavarro/Desktop/WRF/Install-WRF-Chem/LIBRARIES/netcdf/include    module_cam_molec_diff.f90
0.52user 0.10system 0:00.63elapsed 99%CPU (0avgtext+0avgdata 47056maxresident)k
0inputs+296outputs (0major+13152minor)pagefaults 0swaps
rm -f module_cam_mp_ndrop.o
sed -e "s/^\!.*'.*//" -e "s/^ *\!.*'.*//" module_cam_mp_ndrop.F > module_cam_mp_ndrop.G
/lib/cpp -P -nostdinc -I/home/hnavarro/Desktop/WRF/BUILD_WRF/WRF/inc -DEM_CORE=1 -DNMM_CORE=0 -DNMM_MAX_DIM=2600 -DDA_CORE=0 -DWRFPLUS=0 -DIWORDSIZE=4 -DDWORDSIZE=8 -DRWORDSIZE=4 -DLWORDSIZE=4 -DNONSTANDARD_SYSTEM_SUBR  -DWRF_USE_CLM  -DDM_PARALLEL -DNETCDF -DLANDREAD_STUB=1 -DUSE_ALLOCATABLES -Dwrfmodel -DGRIB1 -DINTIO -DKEEP_INT_AROUND -DLIMIT_ARGS -DBUILD_RRTMG_FAST=0 -DBUILD_RRTMK=0 -DBUILD_SBM_FAST=1 -DSHOW_ALL_VARS_USED=0 -DCONFIG_BUF_LEN=65536 -DMAX_DOMAINS_F=21 -DMAX_HISTORY=25 -DNMM_NEST=0 -DWRF_CHEM -DBUILD_CHEM=1 -I. -traditional-cpp   module_cam_mp_ndrop.G  > module_cam_mp_ndrop.bb
/home/hnavarro/Desktop/WRF/BUILD_WRF/WRF/tools/standard.exe module_cam_mp_ndrop.bb | /lib/cpp -P -nostdinc -traditional-cpp > module_cam_mp_ndrop.f90
rm -f module_cam_mp_ndrop.G module_cam_mp_ndrop.bb
time mpif90 -f90=gfortran -o module_cam_mp_ndrop.o -c -O2 -ftree-vectorize -funroll-loops -w -ffree-form -ffree-line-length-none -fconvert=big-endian -frecord-marker=4 -fallow-argument-mismatch -fallow-invalid-boz   -I../dyn_em  -I/home/hnavarro/Desktop/WRF/BUILD_WRF/WRF/external/esmf_time_f90  -I/home/hnavarro/Desktop/WRF/BUILD_WRF/WRF/main -I/home/hnavarro/Desktop/WRF/BUILD_WRF/WRF/external/io_netcdf -I/home/hnavarro/Desktop/WRF/BUILD_WRF/WRF/external/io_int -I/home/hnavarro/Desktop/WRF/BUILD_WRF/WRF/frame -I/home/hnavarro/Desktop/WRF/BUILD_WRF/WRF/share -I/home/hnavarro/Desktop/WRF/BUILD_WRF/WRF/phys -I/home/hnavarro/Desktop/WRF/BUILD_WRF/WRF/wrftladj -I/home/hnavarro/Desktop/WRF/BUILD_WRF/WRF/chem -I/home/hnavarro/Desktop/WRF/BUILD_WRF/WRF/inc -I/home/hnavarro/Desktop/WRF/Install-WRF-Chem/LIBRARIES/netcdf/include    module_cam_mp_ndrop.f90
1.01user 0.07system 0:01.09elapsed 99%CPU (0avgtext+0avgdata 91420maxresident)k
0inputs+632outputs (0major+24775minor)pagefaults 0swaps
rm -f module_cam_mp_cldwat2m_micro.o
sed -e "s/^\!.*'.*//" -e "s/^ *\!.*'.*//" module_cam_mp_cldwat2m_micro.F > module_cam_mp_cldwat2m_micro.G
/lib/cpp -P -nostdinc -I/home/hnavarro/Desktop/WRF/BUILD_WRF/WRF/inc -DEM_CORE=1 -DNMM_CORE=0 -DNMM_MAX_DIM=2600 -DDA_CORE=0 -DWRFPLUS=0 -DIWORDSIZE=4 -DDWORDSIZE=8 -DRWORDSIZE=4 -DLWORDSIZE=4 -DNONSTANDARD_SYSTEM_SUBR  -DWRF_USE_CLM  -DDM_PARALLEL -DNETCDF -DLANDREAD_STUB=1 -DUSE_ALLOCATABLES -Dwrfmodel -DGRIB1 -DINTIO -DKEEP_INT_AROUND -DLIMIT_ARGS -DBUILD_RRTMG_FAST=0 -DBUILD_RRTMK=0 -DBUILD_SBM_FAST=1 -DSHOW_ALL_VARS_USED=0 -DCONFIG_BUF_LEN=65536 -DMAX_DOMAINS_F=21 -DMAX_HISTORY=25 -DNMM_NEST=0 -DWRF_CHEM -DBUILD_CHEM=1 -I. -traditional-cpp   module_cam_mp_cldwat2m_micro.G  > module_cam_mp_cldwat2m_micro.bb
/home/hnavarro/Desktop/WRF/BUILD_WRF/WRF/tools/standard.exe module_cam_mp_cldwat2m_micro.bb | /lib/cpp -P -nostdinc -traditional-cpp > module_cam_mp_cldwat2m_micro.f90
rm -f module_cam_mp_cldwat2m_micro.G module_cam_mp_cldwat2m_micro.bb
time mpif90 -f90=gfortran -o module_cam_mp_cldwat2m_micro.o -c -O2 -ftree-vectorize -funroll-loops -w -ffree-form -ffree-line-length-none -fconvert=big-endian -frecord-marker=4 -fallow-argument-mismatch -fallow-invalid-boz   -I../dyn_em  -I/home/hnavarro/Desktop/WRF/BUILD_WRF/WRF/external/esmf_time_f90  -I/home/hnavarro/Desktop/WRF/BUILD_WRF/WRF/main -I/home/hnavarro/Desktop/WRF/BUILD_WRF/WRF/external/io_netcdf -I/home/hnavarro/Desktop/WRF/BUILD_WRF/WRF/external/io_int -I/home/hnavarro/Desktop/WRF/BUILD_WRF/WRF/frame -I/home/hnavarro/Desktop/WRF/BUILD_WRF/WRF/share -I/home/hnavarro/Desktop/WRF/BUILD_WRF/WRF/phys -I/home/hnavarro/Desktop/WRF/BUILD_WRF/WRF/wrftladj -I/home/hnavarro/Desktop/WRF/BUILD_WRF/WRF/chem -I/home/hnavarro/Desktop/WRF/BUILD_WRF/WRF/inc -I/home/hnavarro/Desktop/WRF/Install-WRF-Chem/LIBRARIES/netcdf/include    module_cam_mp_cldwat2m_micro.f90
3.07user 0.20system 0:03.27elapsed 100%CPU (0avgtext+0avgdata 253888maxresident)k
0inputs+1344outputs (0major+75274minor)pagefaults 0swaps
rm -f module_cu_gf_wrfdrv.o
sed -e "s/^\!.*'.*//" -e "s/^ *\!.*'.*//" module_cu_gf_wrfdrv.F > module_cu_gf_wrfdrv.G
/lib/cpp -P -nostdinc -I/home/hnavarro/Desktop/WRF/BUILD_WRF/WRF/inc -DEM_CORE=1 -DNMM_CORE=0 -DNMM_MAX_DIM=2600 -DDA_CORE=0 -DWRFPLUS=0 -DIWORDSIZE=4 -DDWORDSIZE=8 -DRWORDSIZE=4 -DLWORDSIZE=4 -DNONSTANDARD_SYSTEM_SUBR  -DWRF_USE_CLM  -DDM_PARALLEL -DNETCDF -DLANDREAD_STUB=1 -DUSE_ALLOCATABLES -Dwrfmodel -DGRIB1 -DINTIO -DKEEP_INT_AROUND -DLIMIT_ARGS -DBUILD_RRTMG_FAST=0 -DBUILD_RRTMK=0 -DBUILD_SBM_FAST=1 -DSHOW_ALL_VARS_USED=0 -DCONFIG_BUF_LEN=65536 -DMAX_DOMAINS_F=21 -DMAX_HISTORY=25 -DNMM_NEST=0 -DWRF_CHEM -DBUILD_CHEM=1 -I. -traditional-cpp   module_cu_gf_wrfdrv.G  > module_cu_gf_wrfdrv.bb
/home/hnavarro/Desktop/WRF/BUILD_WRF/WRF/tools/standard.exe module_cu_gf_wrfdrv.bb | /lib/cpp -P -nostdinc -traditional-cpp > module_cu_gf_wrfdrv.f90
rm -f module_cu_gf_wrfdrv.G module_cu_gf_wrfdrv.bb
time mpif90 -f90=gfortran -o module_cu_gf_wrfdrv.o -c -O2 -ftree-vectorize -funroll-loops -w -ffree-form -ffree-line-length-none -fconvert=big-endian -frecord-marker=4 -fallow-argument-mismatch -fallow-invalid-boz   -I../dyn_em  -I/home/hnavarro/Desktop/WRF/BUILD_WRF/WRF/external/esmf_time_f90  -I/home/hnavarro/Desktop/WRF/BUILD_WRF/WRF/main -I/home/hnavarro/Desktop/WRF/BUILD_WRF/WRF/external/io_netcdf -I/home/hnavarro/Desktop/WRF/BUILD_WRF/WRF/external/io_int -I/home/hnavarro/Desktop/WRF/BUILD_WRF/WRF/frame -I/home/hnavarro/Desktop/WRF/BUILD_WRF/WRF/share -I/home/hnavarro/Desktop/WRF/BUILD_WRF/WRF/phys -I/home/hnavarro/Desktop/WRF/BUILD_WRF/WRF/wrftladj -I/home/hnavarro/Desktop/WRF/BUILD_WRF/WRF/chem -I/home/hnavarro/Desktop/WRF/BUILD_WRF/WRF/inc -I/home/hnavarro/Desktop/WRF/Install-WRF-Chem/LIBRARIES/netcdf/include    module_cu_gf_wrfdrv.f90
0.87user 0.08system 0:00.95elapsed 99%CPU (0avgtext+0avgdata 108284maxresident)k
0inputs+408outputs (0major+30197minor)pagefaults 0swaps
rm -f module_mixactivate.o
sed -e "s/^\!.*'.*//" -e "s/^ *\!.*'.*//" module_mixactivate.F > module_mixactivate.G
/lib/cpp -P -nostdinc -I/home/hnavarro/Desktop/WRF/BUILD_WRF/WRF/inc -DEM_CORE=1 -DNMM_CORE=0 -DNMM_MAX_DIM=2600 -DDA_CORE=0 -DWRFPLUS=0 -DIWORDSIZE=4 -DDWORDSIZE=8 -DRWORDSIZE=4 -DLWORDSIZE=4 -DNONSTANDARD_SYSTEM_SUBR  -DWRF_USE_CLM  -DDM_PARALLEL -DNETCDF -DLANDREAD_STUB=1 -DUSE_ALLOCATABLES -Dwrfmodel -DGRIB1 -DINTIO -DKEEP_INT_AROUND -DLIMIT_ARGS -DBUILD_RRTMG_FAST=0 -DBUILD_RRTMK=0 -DBUILD_SBM_FAST=1 -DSHOW_ALL_VARS_USED=0 -DCONFIG_BUF_LEN=65536 -DMAX_DOMAINS_F=21 -DMAX_HISTORY=25 -DNMM_NEST=0 -DWRF_CHEM -DBUILD_CHEM=1 -I. -traditional-cpp   module_mixactivate.G  > module_mixactivate.bb
/home/hnavarro/Desktop/WRF/BUILD_WRF/WRF/tools/standard.exe module_mixactivate.bb | /lib/cpp -P -nostdinc -traditional-cpp > module_mixactivate.f90
rm -f module_mixactivate.G module_mixactivate.bb
time mpif90 -f90=gfortran -o module_mixactivate.o -c -O2 -ftree-vectorize -funroll-loops -w -ffree-form -ffree-line-length-none -fconvert=big-endian -frecord-marker=4 -fallow-argument-mismatch -fallow-invalid-boz   -I../dyn_em  -I/home/hnavarro/Desktop/WRF/BUILD_WRF/WRF/external/esmf_time_f90  -I/home/hnavarro/Desktop/WRF/BUILD_WRF/WRF/main -I/home/hnavarro/Desktop/WRF/BUILD_WRF/WRF/external/io_netcdf -I/home/hnavarro/Desktop/WRF/BUILD_WRF/WRF/external/io_int -I/home/hnavarro/Desktop/WRF/BUILD_WRF/WRF/frame -I/home/hnavarro/Desktop/WRF/BUILD_WRF/WRF/share -I/home/hnavarro/Desktop/WRF/BUILD_WRF/WRF/phys -I/home/hnavarro/Desktop/WRF/BUILD_WRF/WRF/wrftladj -I/home/hnavarro/Desktop/WRF/BUILD_WRF/WRF/chem -I/home/hnavarro/Desktop/WRF/BUILD_WRF/WRF/inc -I/home/hnavarro/Desktop/WRF/Install-WRF-Chem/LIBRARIES/netcdf/include    module_mixactivate.f90
2.93user 0.20system 0:03.14elapsed 99%CPU (0avgtext+0avgdata 315100maxresident)k
0inputs+1216outputs (0major+83521minor)pagefaults 0swaps
rm -f module_surface_driver.o
sed -e "s/^\!.*'.*//" -e "s/^ *\!.*'.*//" module_surface_driver.F > module_surface_driver.G
/lib/cpp -P -nostdinc -I/home/hnavarro/Desktop/WRF/BUILD_WRF/WRF/inc -DEM_CORE=1 -DNMM_CORE=0 -DNMM_MAX_DIM=2600 -DDA_CORE=0 -DWRFPLUS=0 -DIWORDSIZE=4 -DDWORDSIZE=8 -DRWORDSIZE=4 -DLWORDSIZE=4 -DNONSTANDARD_SYSTEM_SUBR  -DWRF_USE_CLM  -DDM_PARALLEL -DNETCDF -DLANDREAD_STUB=1 -DUSE_ALLOCATABLES -Dwrfmodel -DGRIB1 -DINTIO -DKEEP_INT_AROUND -DLIMIT_ARGS -DBUILD_RRTMG_FAST=0 -DBUILD_RRTMK=0 -DBUILD_SBM_FAST=1 -DSHOW_ALL_VARS_USED=0 -DCONFIG_BUF_LEN=65536 -DMAX_DOMAINS_F=21 -DMAX_HISTORY=25 -DNMM_NEST=0 -DWRF_CHEM -DBUILD_CHEM=1 -I. -traditional-cpp   module_surface_driver.G  > module_surface_driver.bb
/home/hnavarro/Desktop/WRF/BUILD_WRF/WRF/tools/standard.exe module_surface_driver.bb | /lib/cpp -P -nostdinc -traditional-cpp > module_surface_driver.f90
rm -f module_surface_driver.G module_surface_driver.bb
time mpif90 -f90=gfortran -o module_surface_driver.o -c -O2 -ftree-vectorize -funroll-loops -w -ffree-form -ffree-line-length-none -fconvert=big-endian -frecord-marker=4 -fallow-argument-mismatch -fallow-invalid-boz   -I../dyn_em  -I/home/hnavarro/Desktop/WRF/BUILD_WRF/WRF/external/esmf_time_f90  -I/home/hnavarro/Desktop/WRF/BUILD_WRF/WRF/main -I/home/hnavarro/Desktop/WRF/BUILD_WRF/WRF/external/io_netcdf -I/home/hnavarro/Desktop/WRF/BUILD_WRF/WRF/external/io_int -I/home/hnavarro/Desktop/WRF/BUILD_WRF/WRF/frame -I/home/hnavarro/Desktop/WRF/BUILD_WRF/WRF/share -I/home/hnavarro/Desktop/WRF/BUILD_WRF/WRF/phys -I/home/hnavarro/Desktop/WRF/BUILD_WRF/WRF/wrftladj -I/home/hnavarro/Desktop/WRF/BUILD_WRF/WRF/chem -I/home/hnavarro/Desktop/WRF/BUILD_WRF/WRF/inc -I/home/hnavarro/Desktop/WRF/Install-WRF-Chem/LIBRARIES/netcdf/include    module_surface_driver.f90
31.71user 0.54system 0:32.31elapsed 99%CPU (0avgtext+0avgdata 718508maxresident)k
0inputs+6984outputs (0major+311841minor)pagefaults 0swaps
rm -f module_fr_fire_driver.o
sed -e "s/^\!.*'.*//" -e "s/^ *\!.*'.*//" module_fr_fire_driver.F > module_fr_fire_driver.G
/lib/cpp -P -nostdinc -I/home/hnavarro/Desktop/WRF/BUILD_WRF/WRF/inc -DEM_CORE=1 -DNMM_CORE=0 -DNMM_MAX_DIM=2600 -DDA_CORE=0 -DWRFPLUS=0 -DIWORDSIZE=4 -DDWORDSIZE=8 -DRWORDSIZE=4 -DLWORDSIZE=4 -DNONSTANDARD_SYSTEM_SUBR  -DWRF_USE_CLM  -DDM_PARALLEL -DNETCDF -DLANDREAD_STUB=1 -DUSE_ALLOCATABLES -Dwrfmodel -DGRIB1 -DINTIO -DKEEP_INT_AROUND -DLIMIT_ARGS -DBUILD_RRTMG_FAST=0 -DBUILD_RRTMK=0 -DBUILD_SBM_FAST=1 -DSHOW_ALL_VARS_USED=0 -DCONFIG_BUF_LEN=65536 -DMAX_DOMAINS_F=21 -DMAX_HISTORY=25 -DNMM_NEST=0 -DWRF_CHEM -DBUILD_CHEM=1 -I. -traditional-cpp   module_fr_fire_driver.G  > module_fr_fire_driver.bb
/home/hnavarro/Desktop/WRF/BUILD_WRF/WRF/tools/standard.exe module_fr_fire_driver.bb | /lib/cpp -P -nostdinc -traditional-cpp > module_fr_fire_driver.f90
rm -f module_fr_fire_driver.G module_fr_fire_driver.bb
time mpif90 -f90=gfortran -o module_fr_fire_driver.o -c -O2 -ftree-vectorize -funroll-loops -w -ffree-form -ffree-line-length-none -fconvert=big-endian -frecord-marker=4 -fallow-argument-mismatch -fallow-invalid-boz   -I../dyn_em  -I/home/hnavarro/Desktop/WRF/BUILD_WRF/WRF/external/esmf_time_f90  -I/home/hnavarro/Desktop/WRF/BUILD_WRF/WRF/main -I/home/hnavarro/Desktop/WRF/BUILD_WRF/WRF/external/io_netcdf -I/home/hnavarro/Desktop/WRF/BUILD_WRF/WRF/external/io_int -I/home/hnavarro/Desktop/WRF/BUILD_WRF/WRF/frame -I/home/hnavarro/Desktop/WRF/BUILD_WRF/WRF/share -I/home/hnavarro/Desktop/WRF/BUILD_WRF/WRF/phys -I/home/hnavarro/Desktop/WRF/BUILD_WRF/WRF/wrftladj -I/home/hnavarro/Desktop/WRF/BUILD_WRF/WRF/chem -I/home/hnavarro/Desktop/WRF/BUILD_WRF/WRF/inc -I/home/hnavarro/Desktop/WRF/Install-WRF-Chem/LIBRARIES/netcdf/include    module_fr_fire_driver.f90
11.61user 0.23system 0:11.87elapsed 99%CPU (0avgtext+0avgdata 352180maxresident)k
0inputs+4440outputs (0major+105035minor)pagefaults 0swaps
rm -f module_cam_cldwat.o
sed -e "s/^\!.*'.*//" -e "s/^ *\!.*'.*//" module_cam_cldwat.F > module_cam_cldwat.G
/lib/cpp -P -nostdinc -I/home/hnavarro/Desktop/WRF/BUILD_WRF/WRF/inc -DEM_CORE=1 -DNMM_CORE=0 -DNMM_MAX_DIM=2600 -DDA_CORE=0 -DWRFPLUS=0 -DIWORDSIZE=4 -DDWORDSIZE=8 -DRWORDSIZE=4 -DLWORDSIZE=4 -DNONSTANDARD_SYSTEM_SUBR  -DWRF_USE_CLM  -DDM_PARALLEL -DNETCDF -DLANDREAD_STUB=1 -DUSE_ALLOCATABLES -Dwrfmodel -DGRIB1 -DINTIO -DKEEP_INT_AROUND -DLIMIT_ARGS -DBUILD_RRTMG_FAST=0 -DBUILD_RRTMK=0 -DBUILD_SBM_FAST=1 -DSHOW_ALL_VARS_USED=0 -DCONFIG_BUF_LEN=65536 -DMAX_DOMAINS_F=21 -DMAX_HISTORY=25 -DNMM_NEST=0 -DWRF_CHEM -DBUILD_CHEM=1 -I. -traditional-cpp   module_cam_cldwat.G  > module_cam_cldwat.bb
/home/hnavarro/Desktop/WRF/BUILD_WRF/WRF/tools/standard.exe module_cam_cldwat.bb | /lib/cpp -P -nostdinc -traditional-cpp > module_cam_cldwat.f90
rm -f module_cam_cldwat.G module_cam_cldwat.bb
time mpif90 -f90=gfortran -o module_cam_cldwat.o -c -O2 -ftree-vectorize -funroll-loops -w -ffree-form -ffree-line-length-none -fconvert=big-endian -frecord-marker=4 -fallow-argument-mismatch -fallow-invalid-boz   -I../dyn_em  -I/home/hnavarro/Desktop/WRF/BUILD_WRF/WRF/external/esmf_time_f90  -I/home/hnavarro/Desktop/WRF/BUILD_WRF/WRF/main -I/home/hnavarro/Desktop/WRF/BUILD_WRF/WRF/external/io_netcdf -I/home/hnavarro/Desktop/WRF/BUILD_WRF/WRF/external/io_int -I/home/hnavarro/Desktop/WRF/BUILD_WRF/WRF/frame -I/home/hnavarro/Desktop/WRF/BUILD_WRF/WRF/share -I/home/hnavarro/Desktop/WRF/BUILD_WRF/WRF/phys -I/home/hnavarro/Desktop/WRF/BUILD_WRF/WRF/wrftladj -I/home/hnavarro/Desktop/WRF/BUILD_WRF/WRF/chem -I/home/hnavarro/Desktop/WRF/BUILD_WRF/WRF/inc -I/home/hnavarro/Desktop/WRF/Install-WRF-Chem/LIBRARIES/netcdf/include    module_cam_cldwat.f90
0.05user 0.04system 0:00.10elapsed 96%CPU (0avgtext+0avgdata 27520maxresident)k
0inputs+56outputs (0major+7928minor)pagefaults 0swaps
rm -f module_cam_esinti.o
sed -e "s/^\!.*'.*//" -e "s/^ *\!.*'.*//" module_cam_esinti.F > module_cam_esinti.G
/lib/cpp -P -nostdinc -I/home/hnavarro/Desktop/WRF/BUILD_WRF/WRF/inc -DEM_CORE=1 -DNMM_CORE=0 -DNMM_MAX_DIM=2600 -DDA_CORE=0 -DWRFPLUS=0 -DIWORDSIZE=4 -DDWORDSIZE=8 -DRWORDSIZE=4 -DLWORDSIZE=4 -DNONSTANDARD_SYSTEM_SUBR  -DWRF_USE_CLM  -DDM_PARALLEL -DNETCDF -DLANDREAD_STUB=1 -DUSE_ALLOCATABLES -Dwrfmodel -DGRIB1 -DINTIO -DKEEP_INT_AROUND -DLIMIT_ARGS -DBUILD_RRTMG_FAST=0 -DBUILD_RRTMK=0 -DBUILD_SBM_FAST=1 -DSHOW_ALL_VARS_USED=0 -DCONFIG_BUF_LEN=65536 -DMAX_DOMAINS_F=21 -DMAX_HISTORY=25 -DNMM_NEST=0 -DWRF_CHEM -DBUILD_CHEM=1 -I. -traditional-cpp   module_cam_esinti.G  > module_cam_esinti.bb
/home/hnavarro/Desktop/WRF/BUILD_WRF/WRF/tools/standard.exe module_cam_esinti.bb | /lib/cpp -P -nostdinc -traditional-cpp > module_cam_esinti.f90
rm -f module_cam_esinti.G module_cam_esinti.bb
time mpif90 -f90=gfortran -o module_cam_esinti.o -c -O2 -ftree-vectorize -funroll-loops -w -ffree-form -ffree-line-length-none -fconvert=big-endian -frecord-marker=4 -fallow-argument-mismatch -fallow-invalid-boz   -I../dyn_em  -I/home/hnavarro/Desktop/WRF/BUILD_WRF/WRF/external/esmf_time_f90  -I/home/hnavarro/Desktop/WRF/BUILD_WRF/WRF/main -I/home/hnavarro/Desktop/WRF/BUILD_WRF/WRF/external/io_netcdf -I/home/hnavarro/Desktop/WRF/BUILD_WRF/WRF/external/io_int -I/home/hnavarro/Desktop/WRF/BUILD_WRF/WRF/frame -I/home/hnavarro/Desktop/WRF/BUILD_WRF/WRF/share -I/home/hnavarro/Desktop/WRF/BUILD_WRF/WRF/phys -I/home/hnavarro/Desktop/WRF/BUILD_WRF/WRF/wrftladj -I/home/hnavarro/Desktop/WRF/BUILD_WRF/WRF/chem -I/home/hnavarro/Desktop/WRF/BUILD_WRF/WRF/inc -I/home/hnavarro/Desktop/WRF/Install-WRF-Chem/LIBRARIES/netcdf/include    module_cam_esinti.f90
0.02user 0.05system 0:00.07elapsed 98%CPU (0avgtext+0avgdata 24704maxresident)k
0inputs+24outputs (0major+7586minor)pagefaults 0swaps
rm -f module_cam_mp_microp_aero.o
sed -e "s/^\!.*'.*//" -e "s/^ *\!.*'.*//" module_cam_mp_microp_aero.F > module_cam_mp_microp_aero.G
/lib/cpp -P -nostdinc -I/home/hnavarro/Desktop/WRF/BUILD_WRF/WRF/inc -DEM_CORE=1 -DNMM_CORE=0 -DNMM_MAX_DIM=2600 -DDA_CORE=0 -DWRFPLUS=0 -DIWORDSIZE=4 -DDWORDSIZE=8 -DRWORDSIZE=4 -DLWORDSIZE=4 -DNONSTANDARD_SYSTEM_SUBR  -DWRF_USE_CLM  -DDM_PARALLEL -DNETCDF -DLANDREAD_STUB=1 -DUSE_ALLOCATABLES -Dwrfmodel -DGRIB1 -DINTIO -DKEEP_INT_AROUND -DLIMIT_ARGS -DBUILD_RRTMG_FAST=0 -DBUILD_RRTMK=0 -DBUILD_SBM_FAST=1 -DSHOW_ALL_VARS_USED=0 -DCONFIG_BUF_LEN=65536 -DMAX_DOMAINS_F=21 -DMAX_HISTORY=25 -DNMM_NEST=0 -DWRF_CHEM -DBUILD_CHEM=1 -I. -traditional-cpp   module_cam_mp_microp_aero.G  > module_cam_mp_microp_aero.bb
/home/hnavarro/Desktop/WRF/BUILD_WRF/WRF/tools/standard.exe module_cam_mp_microp_aero.bb | /lib/cpp -P -nostdinc -traditional-cpp > module_cam_mp_microp_aero.f90
rm -f module_cam_mp_microp_aero.G module_cam_mp_microp_aero.bb
time mpif90 -f90=gfortran -o module_cam_mp_microp_aero.o -c -O2 -ftree-vectorize -funroll-loops -w -ffree-form -ffree-line-length-none -fconvert=big-endian -frecord-marker=4 -fallow-argument-mismatch -fallow-invalid-boz   -I../dyn_em  -I/home/hnavarro/Desktop/WRF/BUILD_WRF/WRF/external/esmf_time_f90  -I/home/hnavarro/Desktop/WRF/BUILD_WRF/WRF/main -I/home/hnavarro/Desktop/WRF/BUILD_WRF/WRF/external/io_netcdf -I/home/hnavarro/Desktop/WRF/BUILD_WRF/WRF/external/io_int -I/home/hnavarro/Desktop/WRF/BUILD_WRF/WRF/frame -I/home/hnavarro/Desktop/WRF/BUILD_WRF/WRF/share -I/home/hnavarro/Desktop/WRF/BUILD_WRF/WRF/phys -I/home/hnavarro/Desktop/WRF/BUILD_WRF/WRF/wrftladj -I/home/hnavarro/Desktop/WRF/BUILD_WRF/WRF/chem -I/home/hnavarro/Desktop/WRF/BUILD_WRF/WRF/inc -I/home/hnavarro/Desktop/WRF/Install-WRF-Chem/LIBRARIES/netcdf/include    module_cam_mp_microp_aero.f90
0.38user 0.07system 0:00.45elapsed 99%CPU (0avgtext+0avgdata 55056maxresident)k
0inputs+344outputs (0major+15641minor)pagefaults 0swaps
rm -f module_bl_camuwpbl_driver.o
sed -e "s/^\!.*'.*//" -e "s/^ *\!.*'.*//" module_bl_camuwpbl_driver.F > module_bl_camuwpbl_driver.G
/lib/cpp -P -nostdinc -I/home/hnavarro/Desktop/WRF/BUILD_WRF/WRF/inc -DEM_CORE=1 -DNMM_CORE=0 -DNMM_MAX_DIM=2600 -DDA_CORE=0 -DWRFPLUS=0 -DIWORDSIZE=4 -DDWORDSIZE=8 -DRWORDSIZE=4 -DLWORDSIZE=4 -DNONSTANDARD_SYSTEM_SUBR  -DWRF_USE_CLM  -DDM_PARALLEL -DNETCDF -DLANDREAD_STUB=1 -DUSE_ALLOCATABLES -Dwrfmodel -DGRIB1 -DINTIO -DKEEP_INT_AROUND -DLIMIT_ARGS -DBUILD_RRTMG_FAST=0 -DBUILD_RRTMK=0 -DBUILD_SBM_FAST=1 -DSHOW_ALL_VARS_USED=0 -DCONFIG_BUF_LEN=65536 -DMAX_DOMAINS_F=21 -DMAX_HISTORY=25 -DNMM_NEST=0 -DWRF_CHEM -DBUILD_CHEM=1 -I. -traditional-cpp   module_bl_camuwpbl_driver.G  > module_bl_camuwpbl_driver.bb
/home/hnavarro/Desktop/WRF/BUILD_WRF/WRF/tools/standard.exe module_bl_camuwpbl_driver.bb | /lib/cpp -P -nostdinc -traditional-cpp > module_bl_camuwpbl_driver.f90
rm -f module_bl_camuwpbl_driver.G module_bl_camuwpbl_driver.bb
time mpif90 -f90=gfortran -o module_bl_camuwpbl_driver.o -c -O2 -ftree-vectorize -funroll-loops -w -ffree-form -ffree-line-length-none -fconvert=big-endian -frecord-marker=4 -fallow-argument-mismatch -fallow-invalid-boz   -I../dyn_em  -I/home/hnavarro/Desktop/WRF/BUILD_WRF/WRF/external/esmf_time_f90  -I/home/hnavarro/Desktop/WRF/BUILD_WRF/WRF/main -I/home/hnavarro/Desktop/WRF/BUILD_WRF/WRF/external/io_netcdf -I/home/hnavarro/Desktop/WRF/BUILD_WRF/WRF/external/io_int -I/home/hnavarro/Desktop/WRF/BUILD_WRF/WRF/frame -I/home/hnavarro/Desktop/WRF/BUILD_WRF/WRF/share -I/home/hnavarro/Desktop/WRF/BUILD_WRF/WRF/phys -I/home/hnavarro/Desktop/WRF/BUILD_WRF/WRF/wrftladj -I/home/hnavarro/Desktop/WRF/BUILD_WRF/WRF/chem -I/home/hnavarro/Desktop/WRF/BUILD_WRF/WRF/inc -I/home/hnavarro/Desktop/WRF/Install-WRF-Chem/LIBRARIES/netcdf/include    module_bl_camuwpbl_driver.f90
2.15user 0.13system 0:02.30elapsed 99%CPU (0avgtext+0avgdata 170476maxresident)k
0inputs+752outputs (0major+47860minor)pagefaults 0swaps
rm -f module_mp_cammgmp_driver.o
sed -e "s/^\!.*'.*//" -e "s/^ *\!.*'.*//" module_mp_cammgmp_driver.F > module_mp_cammgmp_driver.G
/lib/cpp -P -nostdinc -I/home/hnavarro/Desktop/WRF/BUILD_WRF/WRF/inc -DEM_CORE=1 -DNMM_CORE=0 -DNMM_MAX_DIM=2600 -DDA_CORE=0 -DWRFPLUS=0 -DIWORDSIZE=4 -DDWORDSIZE=8 -DRWORDSIZE=4 -DLWORDSIZE=4 -DNONSTANDARD_SYSTEM_SUBR  -DWRF_USE_CLM  -DDM_PARALLEL -DNETCDF -DLANDREAD_STUB=1 -DUSE_ALLOCATABLES -Dwrfmodel -DGRIB1 -DINTIO -DKEEP_INT_AROUND -DLIMIT_ARGS -DBUILD_RRTMG_FAST=0 -DBUILD_RRTMK=0 -DBUILD_SBM_FAST=1 -DSHOW_ALL_VARS_USED=0 -DCONFIG_BUF_LEN=65536 -DMAX_DOMAINS_F=21 -DMAX_HISTORY=25 -DNMM_NEST=0 -DWRF_CHEM -DBUILD_CHEM=1 -I. -traditional-cpp   module_mp_cammgmp_driver.G  > module_mp_cammgmp_driver.bb
/home/hnavarro/Desktop/WRF/BUILD_WRF/WRF/tools/standard.exe module_mp_cammgmp_driver.bb | /lib/cpp -P -nostdinc -traditional-cpp > module_mp_cammgmp_driver.f90
rm -f module_mp_cammgmp_driver.G module_mp_cammgmp_driver.bb
time mpif90 -f90=gfortran -o module_mp_cammgmp_driver.o -c -O2 -ftree-vectorize -funroll-loops -w -ffree-form -ffree-line-length-none -fconvert=big-endian -frecord-marker=4 -fallow-argument-mismatch -fallow-invalid-boz   -I../dyn_em  -I/home/hnavarro/Desktop/WRF/BUILD_WRF/WRF/external/esmf_time_f90  -I/home/hnavarro/Desktop/WRF/BUILD_WRF/WRF/main -I/home/hnavarro/Desktop/WRF/BUILD_WRF/WRF/external/io_netcdf -I/home/hnavarro/Desktop/WRF/BUILD_WRF/WRF/external/io_int -I/home/hnavarro/Desktop/WRF/BUILD_WRF/WRF/frame -I/home/hnavarro/Desktop/WRF/BUILD_WRF/WRF/share -I/home/hnavarro/Desktop/WRF/BUILD_WRF/WRF/phys -I/home/hnavarro/Desktop/WRF/BUILD_WRF/WRF/wrftladj -I/home/hnavarro/Desktop/WRF/BUILD_WRF/WRF/chem -I/home/hnavarro/Desktop/WRF/BUILD_WRF/WRF/inc -I/home/hnavarro/Desktop/WRF/Install-WRF-Chem/LIBRARIES/netcdf/include    module_mp_cammgmp_driver.f90
2.38user 0.16system 0:02.59elapsed 98%CPU (0avgtext+0avgdata 190484maxresident)k
0inputs+824outputs (0major+50630minor)pagefaults 0swaps
rm -f module_shcu_camuwshcu.o
sed -e "s/^\!.*'.*//" -e "s/^ *\!.*'.*//" module_shcu_camuwshcu.F > module_shcu_camuwshcu.G
/lib/cpp -P -nostdinc -I/home/hnavarro/Desktop/WRF/BUILD_WRF/WRF/inc -DEM_CORE=1 -DNMM_CORE=0 -DNMM_MAX_DIM=2600 -DDA_CORE=0 -DWRFPLUS=0 -DIWORDSIZE=4 -DDWORDSIZE=8 -DRWORDSIZE=4 -DLWORDSIZE=4 -DNONSTANDARD_SYSTEM_SUBR  -DWRF_USE_CLM  -DDM_PARALLEL -DNETCDF -DLANDREAD_STUB=1 -DUSE_ALLOCATABLES -Dwrfmodel -DGRIB1 -DINTIO -DKEEP_INT_AROUND -DLIMIT_ARGS -DBUILD_RRTMG_FAST=0 -DBUILD_RRTMK=0 -DBUILD_SBM_FAST=1 -DSHOW_ALL_VARS_USED=0 -DCONFIG_BUF_LEN=65536 -DMAX_DOMAINS_F=21 -DMAX_HISTORY=25 -DNMM_NEST=0 -DWRF_CHEM -DBUILD_CHEM=1 -I. -traditional-cpp   module_shcu_camuwshcu.G  > module_shcu_camuwshcu.bb
/home/hnavarro/Desktop/WRF/BUILD_WRF/WRF/tools/standard.exe module_shcu_camuwshcu.bb | /lib/cpp -P -nostdinc -traditional-cpp > module_shcu_camuwshcu.f90
rm -f module_shcu_camuwshcu.G module_shcu_camuwshcu.bb
time mpif90 -f90=gfortran -o module_shcu_camuwshcu.o -c -O2 -ftree-vectorize -funroll-loops -w -ffree-form -ffree-line-length-none -fconvert=big-endian -frecord-marker=4 -fallow-argument-mismatch -fallow-invalid-boz   -I../dyn_em  -I/home/hnavarro/Desktop/WRF/BUILD_WRF/WRF/external/esmf_time_f90  -I/home/hnavarro/Desktop/WRF/BUILD_WRF/WRF/main -I/home/hnavarro/Desktop/WRF/BUILD_WRF/WRF/external/io_netcdf -I/home/hnavarro/Desktop/WRF/BUILD_WRF/WRF/external/io_int -I/home/hnavarro/Desktop/WRF/BUILD_WRF/WRF/frame -I/home/hnavarro/Desktop/WRF/BUILD_WRF/WRF/share -I/home/hnavarro/Desktop/WRF/BUILD_WRF/WRF/phys -I/home/hnavarro/Desktop/WRF/BUILD_WRF/WRF/wrftladj -I/home/hnavarro/Desktop/WRF/BUILD_WRF/WRF/chem -I/home/hnavarro/Desktop/WRF/BUILD_WRF/WRF/inc -I/home/hnavarro/Desktop/WRF/Install-WRF-Chem/LIBRARIES/netcdf/include    module_shcu_camuwshcu.f90
8.62user 0.36system 0:09.00elapsed 99%CPU (0avgtext+0avgdata 444468maxresident)k
0inputs+1632outputs (0major+154757minor)pagefaults 0swaps
rm -f module_cu_camzm.o
sed -e "s/^\!.*'.*//" -e "s/^ *\!.*'.*//" module_cu_camzm.F > module_cu_camzm.G
/lib/cpp -P -nostdinc -I/home/hnavarro/Desktop/WRF/BUILD_WRF/WRF/inc -DEM_CORE=1 -DNMM_CORE=0 -DNMM_MAX_DIM=2600 -DDA_CORE=0 -DWRFPLUS=0 -DIWORDSIZE=4 -DDWORDSIZE=8 -DRWORDSIZE=4 -DLWORDSIZE=4 -DNONSTANDARD_SYSTEM_SUBR  -DWRF_USE_CLM  -DDM_PARALLEL -DNETCDF -DLANDREAD_STUB=1 -DUSE_ALLOCATABLES -Dwrfmodel -DGRIB1 -DINTIO -DKEEP_INT_AROUND -DLIMIT_ARGS -DBUILD_RRTMG_FAST=0 -DBUILD_RRTMK=0 -DBUILD_SBM_FAST=1 -DSHOW_ALL_VARS_USED=0 -DCONFIG_BUF_LEN=65536 -DMAX_DOMAINS_F=21 -DMAX_HISTORY=25 -DNMM_NEST=0 -DWRF_CHEM -DBUILD_CHEM=1 -I. -traditional-cpp   module_cu_camzm.G  > module_cu_camzm.bb
/home/hnavarro/Desktop/WRF/BUILD_WRF/WRF/tools/standard.exe module_cu_camzm.bb | /lib/cpp -P -nostdinc -traditional-cpp > module_cu_camzm.f90
rm -f module_cu_camzm.G module_cu_camzm.bb
time mpif90 -f90=gfortran -o module_cu_camzm.o -c -O2 -ftree-vectorize -funroll-loops -w -ffree-form -ffree-line-length-none -fconvert=big-endian -frecord-marker=4 -fallow-argument-mismatch -fallow-invalid-boz   -I../dyn_em  -I/home/hnavarro/Desktop/WRF/BUILD_WRF/WRF/external/esmf_time_f90  -I/home/hnavarro/Desktop/WRF/BUILD_WRF/WRF/main -I/home/hnavarro/Desktop/WRF/BUILD_WRF/WRF/external/io_netcdf -I/home/hnavarro/Desktop/WRF/BUILD_WRF/WRF/external/io_int -I/home/hnavarro/Desktop/WRF/BUILD_WRF/WRF/frame -I/home/hnavarro/Desktop/WRF/BUILD_WRF/WRF/share -I/home/hnavarro/Desktop/WRF/BUILD_WRF/WRF/phys -I/home/hnavarro/Desktop/WRF/BUILD_WRF/WRF/wrftladj -I/home/hnavarro/Desktop/WRF/BUILD_WRF/WRF/chem -I/home/hnavarro/Desktop/WRF/BUILD_WRF/WRF/inc -I/home/hnavarro/Desktop/WRF/Install-WRF-Chem/LIBRARIES/netcdf/include    module_cu_camzm.f90
2.88user 0.13system 0:03.02elapsed 99%CPU (0avgtext+0avgdata 121964maxresident)k
0inputs+1360outputs (0major+34797minor)pagefaults 0swaps
rm -f module_cu_kfcup.o
sed -e "s/^\!.*'.*//" -e "s/^ *\!.*'.*//" module_cu_kfcup.F > module_cu_kfcup.G
/lib/cpp -P -nostdinc -I/home/hnavarro/Desktop/WRF/BUILD_WRF/WRF/inc -DEM_CORE=1 -DNMM_CORE=0 -DNMM_MAX_DIM=2600 -DDA_CORE=0 -DWRFPLUS=0 -DIWORDSIZE=4 -DDWORDSIZE=8 -DRWORDSIZE=4 -DLWORDSIZE=4 -DNONSTANDARD_SYSTEM_SUBR  -DWRF_USE_CLM  -DDM_PARALLEL -DNETCDF -DLANDREAD_STUB=1 -DUSE_ALLOCATABLES -Dwrfmodel -DGRIB1 -DINTIO -DKEEP_INT_AROUND -DLIMIT_ARGS -DBUILD_RRTMG_FAST=0 -DBUILD_RRTMK=0 -DBUILD_SBM_FAST=1 -DSHOW_ALL_VARS_USED=0 -DCONFIG_BUF_LEN=65536 -DMAX_DOMAINS_F=21 -DMAX_HISTORY=25 -DNMM_NEST=0 -DWRF_CHEM -DBUILD_CHEM=1 -I. -traditional-cpp   module_cu_kfcup.G  > module_cu_kfcup.bb
/home/hnavarro/Desktop/WRF/BUILD_WRF/WRF/tools/standard.exe module_cu_kfcup.bb | /lib/cpp -P -nostdinc -traditional-cpp > module_cu_kfcup.f90
rm -f module_cu_kfcup.G module_cu_kfcup.bb
time mpif90 -f90=gfortran -o module_cu_kfcup.o -c -O2 -ftree-vectorize -funroll-loops -w -ffree-form -ffree-line-length-none -fconvert=big-endian -frecord-marker=4 -fallow-argument-mismatch -fallow-invalid-boz   -I../dyn_em  -I/home/hnavarro/Desktop/WRF/BUILD_WRF/WRF/external/esmf_time_f90  -I/home/hnavarro/Desktop/WRF/BUILD_WRF/WRF/main -I/home/hnavarro/Desktop/WRF/BUILD_WRF/WRF/external/io_netcdf -I/home/hnavarro/Desktop/WRF/BUILD_WRF/WRF/external/io_int -I/home/hnavarro/Desktop/WRF/BUILD_WRF/WRF/frame -I/home/hnavarro/Desktop/WRF/BUILD_WRF/WRF/share -I/home/hnavarro/Desktop/WRF/BUILD_WRF/WRF/phys -I/home/hnavarro/Desktop/WRF/BUILD_WRF/WRF/wrftladj -I/home/hnavarro/Desktop/WRF/BUILD_WRF/WRF/chem -I/home/hnavarro/Desktop/WRF/BUILD_WRF/WRF/inc -I/home/hnavarro/Desktop/WRF/Install-WRF-Chem/LIBRARIES/netcdf/include    module_cu_kfcup.f90
5.66user 0.24system 0:05.93elapsed 99%CPU (0avgtext+0avgdata 271028maxresident)k
0inputs+2200outputs (0major+71651minor)pagefaults 0swaps
rm -f module_pbl_driver.o
sed -e "s/^\!.*'.*//" -e "s/^ *\!.*'.*//" module_pbl_driver.F > module_pbl_driver.G
/lib/cpp -P -nostdinc -I/home/hnavarro/Desktop/WRF/BUILD_WRF/WRF/inc -DEM_CORE=1 -DNMM_CORE=0 -DNMM_MAX_DIM=2600 -DDA_CORE=0 -DWRFPLUS=0 -DIWORDSIZE=4 -DDWORDSIZE=8 -DRWORDSIZE=4 -DLWORDSIZE=4 -DNONSTANDARD_SYSTEM_SUBR  -DWRF_USE_CLM  -DDM_PARALLEL -DNETCDF -DLANDREAD_STUB=1 -DUSE_ALLOCATABLES -Dwrfmodel -DGRIB1 -DINTIO -DKEEP_INT_AROUND -DLIMIT_ARGS -DBUILD_RRTMG_FAST=0 -DBUILD_RRTMK=0 -DBUILD_SBM_FAST=1 -DSHOW_ALL_VARS_USED=0 -DCONFIG_BUF_LEN=65536 -DMAX_DOMAINS_F=21 -DMAX_HISTORY=25 -DNMM_NEST=0 -DWRF_CHEM -DBUILD_CHEM=1 -I. -traditional-cpp   module_pbl_driver.G  > module_pbl_driver.bb
/home/hnavarro/Desktop/WRF/BUILD_WRF/WRF/tools/standard.exe module_pbl_driver.bb | /lib/cpp -P -nostdinc -traditional-cpp > module_pbl_driver.f90
rm -f module_pbl_driver.G module_pbl_driver.bb
time mpif90 -f90=gfortran -o module_pbl_driver.o -c -O2 -ftree-vectorize -funroll-loops -w -ffree-form -ffree-line-length-none -fconvert=big-endian -frecord-marker=4 -fallow-argument-mismatch -fallow-invalid-boz   -I../dyn_em  -I/home/hnavarro/Desktop/WRF/BUILD_WRF/WRF/external/esmf_time_f90  -I/home/hnavarro/Desktop/WRF/BUILD_WRF/WRF/main -I/home/hnavarro/Desktop/WRF/BUILD_WRF/WRF/external/io_netcdf -I/home/hnavarro/Desktop/WRF/BUILD_WRF/WRF/external/io_int -I/home/hnavarro/Desktop/WRF/BUILD_WRF/WRF/frame -I/home/hnavarro/Desktop/WRF/BUILD_WRF/WRF/share -I/home/hnavarro/Desktop/WRF/BUILD_WRF/WRF/phys -I/home/hnavarro/Desktop/WRF/BUILD_WRF/WRF/wrftladj -I/home/hnavarro/Desktop/WRF/BUILD_WRF/WRF/chem -I/home/hnavarro/Desktop/WRF/BUILD_WRF/WRF/inc -I/home/hnavarro/Desktop/WRF/Install-WRF-Chem/LIBRARIES/netcdf/include    module_pbl_driver.f90
1.63user 0.08system 0:01.72elapsed 99%CPU (0avgtext+0avgdata 114040maxresident)k
0inputs+928outputs (0major+31266minor)pagefaults 0swaps
rm -f module_microphysics_driver.o
sed -e "s/^\!.*'.*//" -e "s/^ *\!.*'.*//" module_microphysics_driver.F > module_microphysics_driver.G
/lib/cpp -P -nostdinc -I/home/hnavarro/Desktop/WRF/BUILD_WRF/WRF/inc -DEM_CORE=1 -DNMM_CORE=0 -DNMM_MAX_DIM=2600 -DDA_CORE=0 -DWRFPLUS=0 -DIWORDSIZE=4 -DDWORDSIZE=8 -DRWORDSIZE=4 -DLWORDSIZE=4 -DNONSTANDARD_SYSTEM_SUBR  -DWRF_USE_CLM  -DDM_PARALLEL -DNETCDF -DLANDREAD_STUB=1 -DUSE_ALLOCATABLES -Dwrfmodel -DGRIB1 -DINTIO -DKEEP_INT_AROUND -DLIMIT_ARGS -DBUILD_RRTMG_FAST=0 -DBUILD_RRTMK=0 -DBUILD_SBM_FAST=1 -DSHOW_ALL_VARS_USED=0 -DCONFIG_BUF_LEN=65536 -DMAX_DOMAINS_F=21 -DMAX_HISTORY=25 -DNMM_NEST=0 -DWRF_CHEM -DBUILD_CHEM=1 -I. -traditional-cpp   module_microphysics_driver.G  > module_microphysics_driver.bb
/home/hnavarro/Desktop/WRF/BUILD_WRF/WRF/tools/standard.exe module_microphysics_driver.bb | /lib/cpp -P -nostdinc -traditional-cpp > module_microphysics_driver.f90
rm -f module_microphysics_driver.G module_microphysics_driver.bb
time mpif90 -f90=gfortran -o module_microphysics_driver.o -c -O2 -ftree-vectorize -funroll-loops -w -ffree-form -ffree-line-length-none -fconvert=big-endian -frecord-marker=4 -fallow-argument-mismatch -fallow-invalid-boz   -I../dyn_em  -I/home/hnavarro/Desktop/WRF/BUILD_WRF/WRF/external/esmf_time_f90  -I/home/hnavarro/Desktop/WRF/BUILD_WRF/WRF/main -I/home/hnavarro/Desktop/WRF/BUILD_WRF/WRF/external/io_netcdf -I/home/hnavarro/Desktop/WRF/BUILD_WRF/WRF/external/io_int -I/home/hnavarro/Desktop/WRF/BUILD_WRF/WRF/frame -I/home/hnavarro/Desktop/WRF/BUILD_WRF/WRF/share -I/home/hnavarro/Desktop/WRF/BUILD_WRF/WRF/phys -I/home/hnavarro/Desktop/WRF/BUILD_WRF/WRF/wrftladj -I/home/hnavarro/Desktop/WRF/BUILD_WRF/WRF/chem -I/home/hnavarro/Desktop/WRF/BUILD_WRF/WRF/inc -I/home/hnavarro/Desktop/WRF/Install-WRF-Chem/LIBRARIES/netcdf/include    module_microphysics_driver.f90
11.43user 0.25system 0:11.71elapsed 99%CPU (0avgtext+0avgdata 297916maxresident)k
0inputs+2816outputs (0major+94459minor)pagefaults 0swaps
rm -f module_fr_fire_driver_wrf.o
sed -e "s/^\!.*'.*//" -e "s/^ *\!.*'.*//" module_fr_fire_driver_wrf.F > module_fr_fire_driver_wrf.G
/lib/cpp -P -nostdinc -I/home/hnavarro/Desktop/WRF/BUILD_WRF/WRF/inc -DEM_CORE=1 -DNMM_CORE=0 -DNMM_MAX_DIM=2600 -DDA_CORE=0 -DWRFPLUS=0 -DIWORDSIZE=4 -DDWORDSIZE=8 -DRWORDSIZE=4 -DLWORDSIZE=4 -DNONSTANDARD_SYSTEM_SUBR  -DWRF_USE_CLM  -DDM_PARALLEL -DNETCDF -DLANDREAD_STUB=1 -DUSE_ALLOCATABLES -Dwrfmodel -DGRIB1 -DINTIO -DKEEP_INT_AROUND -DLIMIT_ARGS -DBUILD_RRTMG_FAST=0 -DBUILD_RRTMK=0 -DBUILD_SBM_FAST=1 -DSHOW_ALL_VARS_USED=0 -DCONFIG_BUF_LEN=65536 -DMAX_DOMAINS_F=21 -DMAX_HISTORY=25 -DNMM_NEST=0 -DWRF_CHEM -DBUILD_CHEM=1 -I. -traditional-cpp   module_fr_fire_driver_wrf.G  > module_fr_fire_driver_wrf.bb
/home/hnavarro/Desktop/WRF/BUILD_WRF/WRF/tools/standard.exe module_fr_fire_driver_wrf.bb | /lib/cpp -P -nostdinc -traditional-cpp > module_fr_fire_driver_wrf.f90
rm -f module_fr_fire_driver_wrf.G module_fr_fire_driver_wrf.bb
time mpif90 -f90=gfortran -o module_fr_fire_driver_wrf.o -c -O2 -ftree-vectorize -funroll-loops -w -ffree-form -ffree-line-length-none -fconvert=big-endian -frecord-marker=4 -fallow-argument-mismatch -fallow-invalid-boz   -I../dyn_em  -I/home/hnavarro/Desktop/WRF/BUILD_WRF/WRF/external/esmf_time_f90  -I/home/hnavarro/Desktop/WRF/BUILD_WRF/WRF/main -I/home/hnavarro/Desktop/WRF/BUILD_WRF/WRF/external/io_netcdf -I/home/hnavarro/Desktop/WRF/BUILD_WRF/WRF/external/io_int -I/home/hnavarro/Desktop/WRF/BUILD_WRF/WRF/frame -I/home/hnavarro/Desktop/WRF/BUILD_WRF/WRF/share -I/home/hnavarro/Desktop/WRF/BUILD_WRF/WRF/phys -I/home/hnavarro/Desktop/WRF/BUILD_WRF/WRF/wrftladj -I/home/hnavarro/Desktop/WRF/BUILD_WRF/WRF/chem -I/home/hnavarro/Desktop/WRF/BUILD_WRF/WRF/inc -I/home/hnavarro/Desktop/WRF/Install-WRF-Chem/LIBRARIES/netcdf/include    module_fr_fire_driver_wrf.f90
0.48user 0.06system 0:00.54elapsed 100%CPU (0avgtext+0avgdata 70060maxresident)k
0inputs+720outputs (0major+21181minor)pagefaults 0swaps
rm -f module_shcu_camuwshcu_driver.o
sed -e "s/^\!.*'.*//" -e "s/^ *\!.*'.*//" module_shcu_camuwshcu_driver.F > module_shcu_camuwshcu_driver.G
/lib/cpp -P -nostdinc -I/home/hnavarro/Desktop/WRF/BUILD_WRF/WRF/inc -DEM_CORE=1 -DNMM_CORE=0 -DNMM_MAX_DIM=2600 -DDA_CORE=0 -DWRFPLUS=0 -DIWORDSIZE=4 -DDWORDSIZE=8 -DRWORDSIZE=4 -DLWORDSIZE=4 -DNONSTANDARD_SYSTEM_SUBR  -DWRF_USE_CLM  -DDM_PARALLEL -DNETCDF -DLANDREAD_STUB=1 -DUSE_ALLOCATABLES -Dwrfmodel -DGRIB1 -DINTIO -DKEEP_INT_AROUND -DLIMIT_ARGS -DBUILD_RRTMG_FAST=0 -DBUILD_RRTMK=0 -DBUILD_SBM_FAST=1 -DSHOW_ALL_VARS_USED=0 -DCONFIG_BUF_LEN=65536 -DMAX_DOMAINS_F=21 -DMAX_HISTORY=25 -DNMM_NEST=0 -DWRF_CHEM -DBUILD_CHEM=1 -I. -traditional-cpp   module_shcu_camuwshcu_driver.G  > module_shcu_camuwshcu_driver.bb
/home/hnavarro/Desktop/WRF/BUILD_WRF/WRF/tools/standard.exe module_shcu_camuwshcu_driver.bb | /lib/cpp -P -nostdinc -traditional-cpp > module_shcu_camuwshcu_driver.f90
rm -f module_shcu_camuwshcu_driver.G module_shcu_camuwshcu_driver.bb
time mpif90 -f90=gfortran -o module_shcu_camuwshcu_driver.o -c -O2 -ftree-vectorize -funroll-loops -w -ffree-form -ffree-line-length-none -fconvert=big-endian -frecord-marker=4 -fallow-argument-mismatch -fallow-invalid-boz   -I../dyn_em  -I/home/hnavarro/Desktop/WRF/BUILD_WRF/WRF/external/esmf_time_f90  -I/home/hnavarro/Desktop/WRF/BUILD_WRF/WRF/main -I/home/hnavarro/Desktop/WRF/BUILD_WRF/WRF/external/io_netcdf -I/home/hnavarro/Desktop/WRF/BUILD_WRF/WRF/external/io_int -I/home/hnavarro/Desktop/WRF/BUILD_WRF/WRF/frame -I/home/hnavarro/Desktop/WRF/BUILD_WRF/WRF/share -I/home/hnavarro/Desktop/WRF/BUILD_WRF/WRF/phys -I/home/hnavarro/Desktop/WRF/BUILD_WRF/WRF/wrftladj -I/home/hnavarro/Desktop/WRF/BUILD_WRF/WRF/chem -I/home/hnavarro/Desktop/WRF/BUILD_WRF/WRF/inc -I/home/hnavarro/Desktop/WRF/Install-WRF-Chem/LIBRARIES/netcdf/include    module_shcu_camuwshcu_driver.f90
0.30user 0.12system 0:00.42elapsed 99%CPU (0avgtext+0avgdata 48328maxresident)k
0inputs+184outputs (0major+13488minor)pagefaults 0swaps
rm -f module_cu_camzm_driver.o
sed -e "s/^\!.*'.*//" -e "s/^ *\!.*'.*//" module_cu_camzm_driver.F > module_cu_camzm_driver.G
/lib/cpp -P -nostdinc -I/home/hnavarro/Desktop/WRF/BUILD_WRF/WRF/inc -DEM_CORE=1 -DNMM_CORE=0 -DNMM_MAX_DIM=2600 -DDA_CORE=0 -DWRFPLUS=0 -DIWORDSIZE=4 -DDWORDSIZE=8 -DRWORDSIZE=4 -DLWORDSIZE=4 -DNONSTANDARD_SYSTEM_SUBR  -DWRF_USE_CLM  -DDM_PARALLEL -DNETCDF -DLANDREAD_STUB=1 -DUSE_ALLOCATABLES -Dwrfmodel -DGRIB1 -DINTIO -DKEEP_INT_AROUND -DLIMIT_ARGS -DBUILD_RRTMG_FAST=0 -DBUILD_RRTMK=0 -DBUILD_SBM_FAST=1 -DSHOW_ALL_VARS_USED=0 -DCONFIG_BUF_LEN=65536 -DMAX_DOMAINS_F=21 -DMAX_HISTORY=25 -DNMM_NEST=0 -DWRF_CHEM -DBUILD_CHEM=1 -I. -traditional-cpp   module_cu_camzm_driver.G  > module_cu_camzm_driver.bb
/home/hnavarro/Desktop/WRF/BUILD_WRF/WRF/tools/standard.exe module_cu_camzm_driver.bb | /lib/cpp -P -nostdinc -traditional-cpp > module_cu_camzm_driver.f90
rm -f module_cu_camzm_driver.G module_cu_camzm_driver.bb
time mpif90 -f90=gfortran -o module_cu_camzm_driver.o -c -O2 -ftree-vectorize -funroll-loops -w -ffree-form -ffree-line-length-none -fconvert=big-endian -frecord-marker=4 -fallow-argument-mismatch -fallow-invalid-boz   -I../dyn_em  -I/home/hnavarro/Desktop/WRF/BUILD_WRF/WRF/external/esmf_time_f90  -I/home/hnavarro/Desktop/WRF/BUILD_WRF/WRF/main -I/home/hnavarro/Desktop/WRF/BUILD_WRF/WRF/external/io_netcdf -I/home/hnavarro/Desktop/WRF/BUILD_WRF/WRF/external/io_int -I/home/hnavarro/Desktop/WRF/BUILD_WRF/WRF/frame -I/home/hnavarro/Desktop/WRF/BUILD_WRF/WRF/share -I/home/hnavarro/Desktop/WRF/BUILD_WRF/WRF/phys -I/home/hnavarro/Desktop/WRF/BUILD_WRF/WRF/wrftladj -I/home/hnavarro/Desktop/WRF/BUILD_WRF/WRF/chem -I/home/hnavarro/Desktop/WRF/BUILD_WRF/WRF/inc -I/home/hnavarro/Desktop/WRF/Install-WRF-Chem/LIBRARIES/netcdf/include    module_cu_camzm_driver.f90
0.95user 0.08system 0:01.04elapsed 99%CPU (0avgtext+0avgdata 84132maxresident)k
0inputs+472outputs (0major+22932minor)pagefaults 0swaps
rm -f module_shallowcu_driver.o
sed -e "s/^\!.*'.*//" -e "s/^ *\!.*'.*//" module_shallowcu_driver.F > module_shallowcu_driver.G
/lib/cpp -P -nostdinc -I/home/hnavarro/Desktop/WRF/BUILD_WRF/WRF/inc -DEM_CORE=1 -DNMM_CORE=0 -DNMM_MAX_DIM=2600 -DDA_CORE=0 -DWRFPLUS=0 -DIWORDSIZE=4 -DDWORDSIZE=8 -DRWORDSIZE=4 -DLWORDSIZE=4 -DNONSTANDARD_SYSTEM_SUBR  -DWRF_USE_CLM  -DDM_PARALLEL -DNETCDF -DLANDREAD_STUB=1 -DUSE_ALLOCATABLES -Dwrfmodel -DGRIB1 -DINTIO -DKEEP_INT_AROUND -DLIMIT_ARGS -DBUILD_RRTMG_FAST=0 -DBUILD_RRTMK=0 -DBUILD_SBM_FAST=1 -DSHOW_ALL_VARS_USED=0 -DCONFIG_BUF_LEN=65536 -DMAX_DOMAINS_F=21 -DMAX_HISTORY=25 -DNMM_NEST=0 -DWRF_CHEM -DBUILD_CHEM=1 -I. -traditional-cpp   module_shallowcu_driver.G  > module_shallowcu_driver.bb
/home/hnavarro/Desktop/WRF/BUILD_WRF/WRF/tools/standard.exe module_shallowcu_driver.bb | /lib/cpp -P -nostdinc -traditional-cpp > module_shallowcu_driver.f90
rm -f module_shallowcu_driver.G module_shallowcu_driver.bb
time mpif90 -f90=gfortran -o module_shallowcu_driver.o -c -O2 -ftree-vectorize -funroll-loops -w -ffree-form -ffree-line-length-none -fconvert=big-endian -frecord-marker=4 -fallow-argument-mismatch -fallow-invalid-boz   -I../dyn_em  -I/home/hnavarro/Desktop/WRF/BUILD_WRF/WRF/external/esmf_time_f90  -I/home/hnavarro/Desktop/WRF/BUILD_WRF/WRF/main -I/home/hnavarro/Desktop/WRF/BUILD_WRF/WRF/external/io_netcdf -I/home/hnavarro/Desktop/WRF/BUILD_WRF/WRF/external/io_int -I/home/hnavarro/Desktop/WRF/BUILD_WRF/WRF/frame -I/home/hnavarro/Desktop/WRF/BUILD_WRF/WRF/share -I/home/hnavarro/Desktop/WRF/BUILD_WRF/WRF/phys -I/home/hnavarro/Desktop/WRF/BUILD_WRF/WRF/wrftladj -I/home/hnavarro/Desktop/WRF/BUILD_WRF/WRF/chem -I/home/hnavarro/Desktop/WRF/BUILD_WRF/WRF/inc -I/home/hnavarro/Desktop/WRF/Install-WRF-Chem/LIBRARIES/netcdf/include    module_shallowcu_driver.f90
2.74user 0.19system 0:02.96elapsed 99%CPU (0avgtext+0avgdata 245468maxresident)k
0inputs+920outputs (0major+68718minor)pagefaults 0swaps
rm -f module_physics_init.o
/lib/cpp -P -nostdinc -I/home/hnavarro/Desktop/WRF/BUILD_WRF/WRF/inc -DEM_CORE=1 -DNMM_CORE=0 -DNMM_MAX_DIM=2600 -DDA_CORE=0 -DWRFPLUS=0 -DIWORDSIZE=4 -DDWORDSIZE=8 -DRWORDSIZE=4 -DLWORDSIZE=4 -DNONSTANDARD_SYSTEM_SUBR  -DWRF_USE_CLM  -DDM_PARALLEL -DNETCDF -DLANDREAD_STUB=1 -DUSE_ALLOCATABLES -Dwrfmodel -DGRIB1 -DINTIO -DKEEP_INT_AROUND -DLIMIT_ARGS -DBUILD_RRTMG_FAST=0 -DBUILD_RRTMK=0 -DBUILD_SBM_FAST=1 -DSHOW_ALL_VARS_USED=0 -DCONFIG_BUF_LEN=65536 -DMAX_DOMAINS_F=21 -DMAX_HISTORY=25 -DNMM_NEST=0 -DWRF_CHEM -DBUILD_CHEM=1 -I. -traditional-cpp   module_physics_init.F  > module_physics_init.bb
/home/hnavarro/Desktop/WRF/BUILD_WRF/WRF/tools/standard.exe module_physics_init.bb | /lib/cpp -P -nostdinc -traditional-cpp > module_physics_init.f90
rm -f module_physics_init.b module_physics_init.bb
time mpif90 -f90=gfortran -c   -O0 -w -ffree-form -ffree-line-length-none -fconvert=big-endian -frecord-marker=4 -fallow-argument-mismatch -fallow-invalid-boz  -I../dyn_em  -I/home/hnavarro/Desktop/WRF/BUILD_WRF/WRF/external/esmf_time_f90  -I/home/hnavarro/Desktop/WRF/BUILD_WRF/WRF/main -I/home/hnavarro/Desktop/WRF/BUILD_WRF/WRF/external/io_netcdf -I/home/hnavarro/Desktop/WRF/BUILD_WRF/WRF/external/io_int -I/home/hnavarro/Desktop/WRF/BUILD_WRF/WRF/frame -I/home/hnavarro/Desktop/WRF/BUILD_WRF/WRF/share -I/home/hnavarro/Desktop/WRF/BUILD_WRF/WRF/phys -I/home/hnavarro/Desktop/WRF/BUILD_WRF/WRF/wrftladj -I/home/hnavarro/Desktop/WRF/BUILD_WRF/WRF/chem -I/home/hnavarro/Desktop/WRF/BUILD_WRF/WRF/inc -I/home/hnavarro/Desktop/WRF/Install-WRF-Chem/LIBRARIES/netcdf/include   module_physics_init.f90
0.45user 0.05system 0:00.51elapsed 98%CPU (0avgtext+0avgdata 54476maxresident)k
0inputs+232outputs (0major+17207minor)pagefaults 0swaps
rm -f module_cumulus_driver.o
sed -e "s/^\!.*'.*//" -e "s/^ *\!.*'.*//" module_cumulus_driver.F > module_cumulus_driver.G
/lib/cpp -P -nostdinc -I/home/hnavarro/Desktop/WRF/BUILD_WRF/WRF/inc -DEM_CORE=1 -DNMM_CORE=0 -DNMM_MAX_DIM=2600 -DDA_CORE=0 -DWRFPLUS=0 -DIWORDSIZE=4 -DDWORDSIZE=8 -DRWORDSIZE=4 -DLWORDSIZE=4 -DNONSTANDARD_SYSTEM_SUBR  -DWRF_USE_CLM  -DDM_PARALLEL -DNETCDF -DLANDREAD_STUB=1 -DUSE_ALLOCATABLES -Dwrfmodel -DGRIB1 -DINTIO -DKEEP_INT_AROUND -DLIMIT_ARGS -DBUILD_RRTMG_FAST=0 -DBUILD_RRTMK=0 -DBUILD_SBM_FAST=1 -DSHOW_ALL_VARS_USED=0 -DCONFIG_BUF_LEN=65536 -DMAX_DOMAINS_F=21 -DMAX_HISTORY=25 -DNMM_NEST=0 -DWRF_CHEM -DBUILD_CHEM=1 -I. -traditional-cpp   module_cumulus_driver.G  > module_cumulus_driver.bb
/home/hnavarro/Desktop/WRF/BUILD_WRF/WRF/tools/standard.exe module_cumulus_driver.bb | /lib/cpp -P -nostdinc -traditional-cpp > module_cumulus_driver.f90
rm -f module_cumulus_driver.G module_cumulus_driver.bb
time mpif90 -f90=gfortran -o module_cumulus_driver.o -c -O2 -ftree-vectorize -funroll-loops -w -ffree-form -ffree-line-length-none -fconvert=big-endian -frecord-marker=4 -fallow-argument-mismatch -fallow-invalid-boz   -I../dyn_em  -I/home/hnavarro/Desktop/WRF/BUILD_WRF/WRF/external/esmf_time_f90  -I/home/hnavarro/Desktop/WRF/BUILD_WRF/WRF/main -I/home/hnavarro/Desktop/WRF/BUILD_WRF/WRF/external/io_netcdf -I/home/hnavarro/Desktop/WRF/BUILD_WRF/WRF/external/io_int -I/home/hnavarro/Desktop/WRF/BUILD_WRF/WRF/frame -I/home/hnavarro/Desktop/WRF/BUILD_WRF/WRF/share -I/home/hnavarro/Desktop/WRF/BUILD_WRF/WRF/phys -I/home/hnavarro/Desktop/WRF/BUILD_WRF/WRF/wrftladj -I/home/hnavarro/Desktop/WRF/BUILD_WRF/WRF/chem -I/home/hnavarro/Desktop/WRF/BUILD_WRF/WRF/inc -I/home/hnavarro/Desktop/WRF/Install-WRF-Chem/LIBRARIES/netcdf/include    module_cumulus_driver.f90
2.17user 0.22system 0:02.40elapsed 99%CPU (0avgtext+0avgdata 310676maxresident)k
0inputs+688outputs (0major+99899minor)pagefaults 0swaps
4.55user 0.13system 0:04.69elapsed 99%CPU (0avgtext+0avgdata 179880maxresident)k
0inputs+4064outputs (0major+52266minor)pagefaults 0swaps
make[3]: Leaving directory '/home/hnavarro/Desktop/WRF/BUILD_WRF/WRF/phys'
ar: `u' modifier ignored since `D' is the default (see `U')
make[2]: Leaving directory '/home/hnavarro/Desktop/WRF/BUILD_WRF/WRF/phys'
make[1]: Leaving directory '/home/hnavarro/Desktop/WRF/BUILD_WRF/WRF'
------------------------------------------------------------------------------
NoahMP submodule files populating WRF directories
------------------------------------------------------------------------------
if [ 1  -eq 1 ]    ; then make -i -r MODULE_DIRS="-I../dyn_em  -I/home/hnavarro/Desktop/WRF/BUILD_WRF/WRF/external/esmf_time_f90  -I/home/hnavarro/Desktop/WRF/BUILD_WRF/WRF/main -I/home/hnavarro/Desktop/WRF/BUILD_WRF/WRF/external/io_netcdf -I/home/hnavarro/Desktop/WRF/BUILD_WRF/WRF/external/io_int -I/home/hnavarro/Desktop/WRF/BUILD_WRF/WRF/frame -I/home/hnavarro/Desktop/WRF/BUILD_WRF/WRF/share -I/home/hnavarro/Desktop/WRF/BUILD_WRF/WRF/phys -I/home/hnavarro/Desktop/WRF/BUILD_WRF/WRF/wrftladj -I/home/hnavarro/Desktop/WRF/BUILD_WRF/WRF/chem -I/home/hnavarro/Desktop/WRF/BUILD_WRF/WRF/inc -I/home/hnavarro/Desktop/WRF/Install-WRF-Chem/LIBRARIES/netcdf/include " chemics ; fi
make[1]: Entering directory '/home/hnavarro/Desktop/WRF/BUILD_WRF/WRF'
--------------------------------------
if [ 0 -eq 1 ] ; then ( cd chem ; make -i -r ) ; fi
if [ 0 -eq 0 ] ; then \
  if  [ "`echo -j 2 | sed -e 's/-j//g' -e 's/ \+//g'`" -gt "16" ] ; then \
    ( cd chem ; make -i -r -j 16 ) ;  \
  else \
    ( cd chem ; make -i -r -j 2 ) ; \
  fi \
fi
make[2]: Entering directory '/home/hnavarro/Desktop/WRF/BUILD_WRF/WRF/chem'
rm -f module_data_isrpia_data.o
rm -f module_data_isrpia_asrc.o
sed -e "s/^\!.*'.*//" -e "s/^ *\!.*'.*//" module_data_isrpia_data.F > module_data_isrpia_data.G
sed -e "s/^\!.*'.*//" -e "s/^ *\!.*'.*//" module_data_isrpia_asrc.F > module_data_isrpia_asrc.G
/lib/cpp -P -nostdinc -I/home/hnavarro/Desktop/WRF/BUILD_WRF/WRF/inc -DEM_CORE=1 -DNMM_CORE=0 -DNMM_MAX_DIM=2600 -DDA_CORE=0 -DWRFPLUS=0 -DIWORDSIZE=4 -DDWORDSIZE=8 -DRWORDSIZE=4 -DLWORDSIZE=4 -DNONSTANDARD_SYSTEM_SUBR  -DWRF_USE_CLM  -DDM_PARALLEL -DNETCDF -DLANDREAD_STUB=1 -DUSE_ALLOCATABLES -Dwrfmodel -DGRIB1 -DINTIO -DKEEP_INT_AROUND -DLIMIT_ARGS -DBUILD_RRTMG_FAST=0 -DBUILD_RRTMK=0 -DBUILD_SBM_FAST=1 -DSHOW_ALL_VARS_USED=0 -DCONFIG_BUF_LEN=65536 -DMAX_DOMAINS_F=21 -DMAX_HISTORY=25 -DNMM_NEST=0 -DWRF_CHEM -DBUILD_CHEM=1 -I. -traditional-cpp   module_data_isrpia_data.G  > module_data_isrpia_data.bb
/lib/cpp -P -nostdinc -I/home/hnavarro/Desktop/WRF/BUILD_WRF/WRF/inc -DEM_CORE=1 -DNMM_CORE=0 -DNMM_MAX_DIM=2600 -DDA_CORE=0 -DWRFPLUS=0 -DIWORDSIZE=4 -DDWORDSIZE=8 -DRWORDSIZE=4 -DLWORDSIZE=4 -DNONSTANDARD_SYSTEM_SUBR  -DWRF_USE_CLM  -DDM_PARALLEL -DNETCDF -DLANDREAD_STUB=1 -DUSE_ALLOCATABLES -Dwrfmodel -DGRIB1 -DINTIO -DKEEP_INT_AROUND -DLIMIT_ARGS -DBUILD_RRTMG_FAST=0 -DBUILD_RRTMK=0 -DBUILD_SBM_FAST=1 -DSHOW_ALL_VARS_USED=0 -DCONFIG_BUF_LEN=65536 -DMAX_DOMAINS_F=21 -DMAX_HISTORY=25 -DNMM_NEST=0 -DWRF_CHEM -DBUILD_CHEM=1 -I. -traditional-cpp   module_data_isrpia_asrc.G  > module_data_isrpia_asrc.bb
/home/hnavarro/Desktop/WRF/BUILD_WRF/WRF/tools/standard.exe module_data_isrpia_asrc.bb | /lib/cpp -P -nostdinc -traditional-cpp > module_data_isrpia_asrc.f90
/home/hnavarro/Desktop/WRF/BUILD_WRF/WRF/tools/standard.exe module_data_isrpia_data.bb | /lib/cpp -P -nostdinc -traditional-cpp > module_data_isrpia_data.f90
rm -f module_data_isrpia_asrc.G module_data_isrpia_asrc.bb
rm -f module_data_isrpia_data.G module_data_isrpia_data.bb
time mpif90 -f90=gfortran -o module_data_isrpia_asrc.o -c -O2 -ftree-vectorize -funroll-loops -w -ffree-form -ffree-line-length-none -fconvert=big-endian -frecord-marker=4 -fallow-argument-mismatch -fallow-invalid-boz   -I../dyn_em  -I/home/hnavarro/Desktop/WRF/BUILD_WRF/WRF/external/esmf_time_f90  -I/home/hnavarro/Desktop/WRF/BUILD_WRF/WRF/main -I/home/hnavarro/Desktop/WRF/BUILD_WRF/WRF/external/io_netcdf -I/home/hnavarro/Desktop/WRF/BUILD_WRF/WRF/external/io_int -I/home/hnavarro/Desktop/WRF/BUILD_WRF/WRF/frame -I/home/hnavarro/Desktop/WRF/BUILD_WRF/WRF/share -I/home/hnavarro/Desktop/WRF/BUILD_WRF/WRF/phys -I/home/hnavarro/Desktop/WRF/BUILD_WRF/WRF/wrftladj -I/home/hnavarro/Desktop/WRF/BUILD_WRF/WRF/chem -I/home/hnavarro/Desktop/WRF/BUILD_WRF/WRF/inc -I/home/hnavarro/Desktop/WRF/Install-WRF-Chem/LIBRARIES/netcdf/include    module_data_isrpia_asrc.f90
time mpif90 -f90=gfortran -o module_data_isrpia_data.o -c -O2 -ftree-vectorize -funroll-loops -w -ffree-form -ffree-line-length-none -fconvert=big-endian -frecord-marker=4 -fallow-argument-mismatch -fallow-invalid-boz   -I../dyn_em  -I/home/hnavarro/Desktop/WRF/BUILD_WRF/WRF/external/esmf_time_f90  -I/home/hnavarro/Desktop/WRF/BUILD_WRF/WRF/main -I/home/hnavarro/Desktop/WRF/BUILD_WRF/WRF/external/io_netcdf -I/home/hnavarro/Desktop/WRF/BUILD_WRF/WRF/external/io_int -I/home/hnavarro/Desktop/WRF/BUILD_WRF/WRF/frame -I/home/hnavarro/Desktop/WRF/BUILD_WRF/WRF/share -I/home/hnavarro/Desktop/WRF/BUILD_WRF/WRF/phys -I/home/hnavarro/Desktop/WRF/BUILD_WRF/WRF/wrftladj -I/home/hnavarro/Desktop/WRF/BUILD_WRF/WRF/chem -I/home/hnavarro/Desktop/WRF/BUILD_WRF/WRF/inc -I/home/hnavarro/Desktop/WRF/Install-WRF-Chem/LIBRARIES/netcdf/include    module_data_isrpia_data.f90
0.04user 0.05system 0:00.09elapsed 102%CPU (0avgtext+0avgdata 16112maxresident)k
0inputs+40outputs (7major+7188minor)pagefaults 0swaps
rm -f module_data_isrpia_solut.o
sed -e "s/^\!.*'.*//" -e "s/^ *\!.*'.*//" module_data_isrpia_solut.F > module_data_isrpia_solut.G
/lib/cpp -P -nostdinc -I/home/hnavarro/Desktop/WRF/BUILD_WRF/WRF/inc -DEM_CORE=1 -DNMM_CORE=0 -DNMM_MAX_DIM=2600 -DDA_CORE=0 -DWRFPLUS=0 -DIWORDSIZE=4 -DDWORDSIZE=8 -DRWORDSIZE=4 -DLWORDSIZE=4 -DNONSTANDARD_SYSTEM_SUBR  -DWRF_USE_CLM  -DDM_PARALLEL -DNETCDF -DLANDREAD_STUB=1 -DUSE_ALLOCATABLES -Dwrfmodel -DGRIB1 -DINTIO -DKEEP_INT_AROUND -DLIMIT_ARGS -DBUILD_RRTMG_FAST=0 -DBUILD_RRTMK=0 -DBUILD_SBM_FAST=1 -DSHOW_ALL_VARS_USED=0 -DCONFIG_BUF_LEN=65536 -DMAX_DOMAINS_F=21 -DMAX_HISTORY=25 -DNMM_NEST=0 -DWRF_CHEM -DBUILD_CHEM=1 -I. -traditional-cpp   module_data_isrpia_solut.G  > module_data_isrpia_solut.bb
0.06user 0.06system 0:00.12elapsed 101%CPU (0avgtext+0avgdata 17408maxresident)k
0inputs+152outputs (3major+7520minor)pagefaults 0swaps
rm -f module_data_isrpia_kmc198.o
sed -e "s/^\!.*'.*//" -e "s/^ *\!.*'.*//" module_data_isrpia_kmc198.F > module_data_isrpia_kmc198.G
/lib/cpp -P -nostdinc -I/home/hnavarro/Desktop/WRF/BUILD_WRF/WRF/inc -DEM_CORE=1 -DNMM_CORE=0 -DNMM_MAX_DIM=2600 -DDA_CORE=0 -DWRFPLUS=0 -DIWORDSIZE=4 -DDWORDSIZE=8 -DRWORDSIZE=4 -DLWORDSIZE=4 -DNONSTANDARD_SYSTEM_SUBR  -DWRF_USE_CLM  -DDM_PARALLEL -DNETCDF -DLANDREAD_STUB=1 -DUSE_ALLOCATABLES -Dwrfmodel -DGRIB1 -DINTIO -DKEEP_INT_AROUND -DLIMIT_ARGS -DBUILD_RRTMG_FAST=0 -DBUILD_RRTMK=0 -DBUILD_SBM_FAST=1 -DSHOW_ALL_VARS_USED=0 -DCONFIG_BUF_LEN=65536 -DMAX_DOMAINS_F=21 -DMAX_HISTORY=25 -DNMM_NEST=0 -DWRF_CHEM -DBUILD_CHEM=1 -I. -traditional-cpp   module_data_isrpia_kmc198.G  > module_data_isrpia_kmc198.bb
/home/hnavarro/Desktop/WRF/BUILD_WRF/WRF/tools/standard.exe module_data_isrpia_solut.bb | /lib/cpp -P -nostdinc -traditional-cpp > module_data_isrpia_solut.f90
rm -f module_data_isrpia_solut.G module_data_isrpia_solut.bb
/home/hnavarro/Desktop/WRF/BUILD_WRF/WRF/tools/standard.exe module_data_isrpia_kmc198.bb | /lib/cpp -P -nostdinc -traditional-cpp > module_data_isrpia_kmc198.f90
time mpif90 -f90=gfortran -o module_data_isrpia_solut.o -c -O2 -ftree-vectorize -funroll-loops -w -ffree-form -ffree-line-length-none -fconvert=big-endian -frecord-marker=4 -fallow-argument-mismatch -fallow-invalid-boz   -I../dyn_em  -I/home/hnavarro/Desktop/WRF/BUILD_WRF/WRF/external/esmf_time_f90  -I/home/hnavarro/Desktop/WRF/BUILD_WRF/WRF/main -I/home/hnavarro/Desktop/WRF/BUILD_WRF/WRF/external/io_netcdf -I/home/hnavarro/Desktop/WRF/BUILD_WRF/WRF/external/io_int -I/home/hnavarro/Desktop/WRF/BUILD_WRF/WRF/frame -I/home/hnavarro/Desktop/WRF/BUILD_WRF/WRF/share -I/home/hnavarro/Desktop/WRF/BUILD_WRF/WRF/phys -I/home/hnavarro/Desktop/WRF/BUILD_WRF/WRF/wrftladj -I/home/hnavarro/Desktop/WRF/BUILD_WRF/WRF/chem -I/home/hnavarro/Desktop/WRF/BUILD_WRF/WRF/inc -I/home/hnavarro/Desktop/WRF/Install-WRF-Chem/LIBRARIES/netcdf/include    module_data_isrpia_solut.f90
rm -f module_data_isrpia_kmc198.G module_data_isrpia_kmc198.bb
time mpif90 -f90=gfortran -o module_data_isrpia_kmc198.o -c -O2 -ftree-vectorize -funroll-loops -w -ffree-form -ffree-line-length-none -fconvert=big-endian -frecord-marker=4 -fallow-argument-mismatch -fallow-invalid-boz   -I../dyn_em  -I/home/hnavarro/Desktop/WRF/BUILD_WRF/WRF/external/esmf_time_f90  -I/home/hnavarro/Desktop/WRF/BUILD_WRF/WRF/main -I/home/hnavarro/Desktop/WRF/BUILD_WRF/WRF/external/io_netcdf -I/home/hnavarro/Desktop/WRF/BUILD_WRF/WRF/external/io_int -I/home/hnavarro/Desktop/WRF/BUILD_WRF/WRF/frame -I/home/hnavarro/Desktop/WRF/BUILD_WRF/WRF/share -I/home/hnavarro/Desktop/WRF/BUILD_WRF/WRF/phys -I/home/hnavarro/Desktop/WRF/BUILD_WRF/WRF/wrftladj -I/home/hnavarro/Desktop/WRF/BUILD_WRF/WRF/chem -I/home/hnavarro/Desktop/WRF/BUILD_WRF/WRF/inc -I/home/hnavarro/Desktop/WRF/Install-WRF-Chem/LIBRARIES/netcdf/include    module_data_isrpia_kmc198.f90
0.03user 0.05system 0:00.08elapsed 96%CPU (0avgtext+0avgdata 15232maxresident)k
0inputs+24outputs (4major+7154minor)pagefaults 0swaps
rm -f module_data_isrpia_kmc223.o
sed -e "s/^\!.*'.*//" -e "s/^ *\!.*'.*//" module_data_isrpia_kmc223.F > module_data_isrpia_kmc223.G
/lib/cpp -P -nostdinc -I/home/hnavarro/Desktop/WRF/BUILD_WRF/WRF/inc -DEM_CORE=1 -DNMM_CORE=0 -DNMM_MAX_DIM=2600 -DDA_CORE=0 -DWRFPLUS=0 -DIWORDSIZE=4 -DDWORDSIZE=8 -DRWORDSIZE=4 -DLWORDSIZE=4 -DNONSTANDARD_SYSTEM_SUBR  -DWRF_USE_CLM  -DDM_PARALLEL -DNETCDF -DLANDREAD_STUB=1 -DUSE_ALLOCATABLES -Dwrfmodel -DGRIB1 -DINTIO -DKEEP_INT_AROUND -DLIMIT_ARGS -DBUILD_RRTMG_FAST=0 -DBUILD_RRTMK=0 -DBUILD_SBM_FAST=1 -DSHOW_ALL_VARS_USED=0 -DCONFIG_BUF_LEN=65536 -DMAX_DOMAINS_F=21 -DMAX_HISTORY=25 -DNMM_NEST=0 -DWRF_CHEM -DBUILD_CHEM=1 -I. -traditional-cpp   module_data_isrpia_kmc223.G  > module_data_isrpia_kmc223.bb
/home/hnavarro/Desktop/WRF/BUILD_WRF/WRF/tools/standard.exe module_data_isrpia_kmc223.bb | /lib/cpp -P -nostdinc -traditional-cpp > module_data_isrpia_kmc223.f90
rm -f module_data_isrpia_kmc223.G module_data_isrpia_kmc223.bb
time mpif90 -f90=gfortran -o module_data_isrpia_kmc223.o -c -O2 -ftree-vectorize -funroll-loops -w -ffree-form -ffree-line-length-none -fconvert=big-endian -frecord-marker=4 -fallow-argument-mismatch -fallow-invalid-boz   -I../dyn_em  -I/home/hnavarro/Desktop/WRF/BUILD_WRF/WRF/external/esmf_time_f90  -I/home/hnavarro/Desktop/WRF/BUILD_WRF/WRF/main -I/home/hnavarro/Desktop/WRF/BUILD_WRF/WRF/external/io_netcdf -I/home/hnavarro/Desktop/WRF/BUILD_WRF/WRF/external/io_int -I/home/hnavarro/Desktop/WRF/BUILD_WRF/WRF/frame -I/home/hnavarro/Desktop/WRF/BUILD_WRF/WRF/share -I/home/hnavarro/Desktop/WRF/BUILD_WRF/WRF/phys -I/home/hnavarro/Desktop/WRF/BUILD_WRF/WRF/wrftladj -I/home/hnavarro/Desktop/WRF/BUILD_WRF/WRF/chem -I/home/hnavarro/Desktop/WRF/BUILD_WRF/WRF/inc -I/home/hnavarro/Desktop/WRF/Install-WRF-Chem/LIBRARIES/netcdf/include    module_data_isrpia_kmc223.f90
0.09user 0.06system 0:00.15elapsed 100%CPU (0avgtext+0avgdata 25984maxresident)k
0inputs+848outputs (4major+9595minor)pagefaults 0swaps
rm -f module_data_isrpia_kmc248.o
sed -e "s/^\!.*'.*//" -e "s/^ *\!.*'.*//" module_data_isrpia_kmc248.F > module_data_isrpia_kmc248.G
/lib/cpp -P -nostdinc -I/home/hnavarro/Desktop/WRF/BUILD_WRF/WRF/inc -DEM_CORE=1 -DNMM_CORE=0 -DNMM_MAX_DIM=2600 -DDA_CORE=0 -DWRFPLUS=0 -DIWORDSIZE=4 -DDWORDSIZE=8 -DRWORDSIZE=4 -DLWORDSIZE=4 -DNONSTANDARD_SYSTEM_SUBR  -DWRF_USE_CLM  -DDM_PARALLEL -DNETCDF -DLANDREAD_STUB=1 -DUSE_ALLOCATABLES -Dwrfmodel -DGRIB1 -DINTIO -DKEEP_INT_AROUND -DLIMIT_ARGS -DBUILD_RRTMG_FAST=0 -DBUILD_RRTMK=0 -DBUILD_SBM_FAST=1 -DSHOW_ALL_VARS_USED=0 -DCONFIG_BUF_LEN=65536 -DMAX_DOMAINS_F=21 -DMAX_HISTORY=25 -DNMM_NEST=0 -DWRF_CHEM -DBUILD_CHEM=1 -I. -traditional-cpp   module_data_isrpia_kmc248.G  > module_data_isrpia_kmc248.bb
/home/hnavarro/Desktop/WRF/BUILD_WRF/WRF/tools/standard.exe module_data_isrpia_kmc248.bb | /lib/cpp -P -nostdinc -traditional-cpp > module_data_isrpia_kmc248.f90
rm -f module_data_isrpia_kmc248.G module_data_isrpia_kmc248.bb
time mpif90 -f90=gfortran -o module_data_isrpia_kmc248.o -c -O2 -ftree-vectorize -funroll-loops -w -ffree-form -ffree-line-length-none -fconvert=big-endian -frecord-marker=4 -fallow-argument-mismatch -fallow-invalid-boz   -I../dyn_em  -I/home/hnavarro/Desktop/WRF/BUILD_WRF/WRF/external/esmf_time_f90  -I/home/hnavarro/Desktop/WRF/BUILD_WRF/WRF/main -I/home/hnavarro/Desktop/WRF/BUILD_WRF/WRF/external/io_netcdf -I/home/hnavarro/Desktop/WRF/BUILD_WRF/WRF/external/io_int -I/home/hnavarro/Desktop/WRF/BUILD_WRF/WRF/frame -I/home/hnavarro/Desktop/WRF/BUILD_WRF/WRF/share -I/home/hnavarro/Desktop/WRF/BUILD_WRF/WRF/phys -I/home/hnavarro/Desktop/WRF/BUILD_WRF/WRF/wrftladj -I/home/hnavarro/Desktop/WRF/BUILD_WRF/WRF/chem -I/home/hnavarro/Desktop/WRF/BUILD_WRF/WRF/inc -I/home/hnavarro/Desktop/WRF/Install-WRF-Chem/LIBRARIES/netcdf/include    module_data_isrpia_kmc248.f90
0.09user 0.06system 0:00.16elapsed 96%CPU (0avgtext+0avgdata 25984maxresident)k
0inputs+848outputs (0major+9634minor)pagefaults 0swaps
rm -f module_data_isrpia_kmc273.o
sed -e "s/^\!.*'.*//" -e "s/^ *\!.*'.*//" module_data_isrpia_kmc273.F > module_data_isrpia_kmc273.G
/lib/cpp -P -nostdinc -I/home/hnavarro/Desktop/WRF/BUILD_WRF/WRF/inc -DEM_CORE=1 -DNMM_CORE=0 -DNMM_MAX_DIM=2600 -DDA_CORE=0 -DWRFPLUS=0 -DIWORDSIZE=4 -DDWORDSIZE=8 -DRWORDSIZE=4 -DLWORDSIZE=4 -DNONSTANDARD_SYSTEM_SUBR  -DWRF_USE_CLM  -DDM_PARALLEL -DNETCDF -DLANDREAD_STUB=1 -DUSE_ALLOCATABLES -Dwrfmodel -DGRIB1 -DINTIO -DKEEP_INT_AROUND -DLIMIT_ARGS -DBUILD_RRTMG_FAST=0 -DBUILD_RRTMK=0 -DBUILD_SBM_FAST=1 -DSHOW_ALL_VARS_USED=0 -DCONFIG_BUF_LEN=65536 -DMAX_DOMAINS_F=21 -DMAX_HISTORY=25 -DNMM_NEST=0 -DWRF_CHEM -DBUILD_CHEM=1 -I. -traditional-cpp   module_data_isrpia_kmc273.G  > module_data_isrpia_kmc273.bb
/home/hnavarro/Desktop/WRF/BUILD_WRF/WRF/tools/standard.exe module_data_isrpia_kmc273.bb | /lib/cpp -P -nostdinc -traditional-cpp > module_data_isrpia_kmc273.f90
rm -f module_data_isrpia_kmc273.G module_data_isrpia_kmc273.bb
time mpif90 -f90=gfortran -o module_data_isrpia_kmc273.o -c -O2 -ftree-vectorize -funroll-loops -w -ffree-form -ffree-line-length-none -fconvert=big-endian -frecord-marker=4 -fallow-argument-mismatch -fallow-invalid-boz   -I../dyn_em  -I/home/hnavarro/Desktop/WRF/BUILD_WRF/WRF/external/esmf_time_f90  -I/home/hnavarro/Desktop/WRF/BUILD_WRF/WRF/main -I/home/hnavarro/Desktop/WRF/BUILD_WRF/WRF/external/io_netcdf -I/home/hnavarro/Desktop/WRF/BUILD_WRF/WRF/external/io_int -I/home/hnavarro/Desktop/WRF/BUILD_WRF/WRF/frame -I/home/hnavarro/Desktop/WRF/BUILD_WRF/WRF/share -I/home/hnavarro/Desktop/WRF/BUILD_WRF/WRF/phys -I/home/hnavarro/Desktop/WRF/BUILD_WRF/WRF/wrftladj -I/home/hnavarro/Desktop/WRF/BUILD_WRF/WRF/chem -I/home/hnavarro/Desktop/WRF/BUILD_WRF/WRF/inc -I/home/hnavarro/Desktop/WRF/Install-WRF-Chem/LIBRARIES/netcdf/include    module_data_isrpia_kmc273.f90
0.13user 0.06system 0:00.19elapsed 97%CPU (0avgtext+0avgdata 26240maxresident)k
0inputs+848outputs (0major+9692minor)pagefaults 0swaps
rm -f module_data_isrpia_kmc298.o
sed -e "s/^\!.*'.*//" -e "s/^ *\!.*'.*//" module_data_isrpia_kmc298.F > module_data_isrpia_kmc298.G
/lib/cpp -P -nostdinc -I/home/hnavarro/Desktop/WRF/BUILD_WRF/WRF/inc -DEM_CORE=1 -DNMM_CORE=0 -DNMM_MAX_DIM=2600 -DDA_CORE=0 -DWRFPLUS=0 -DIWORDSIZE=4 -DDWORDSIZE=8 -DRWORDSIZE=4 -DLWORDSIZE=4 -DNONSTANDARD_SYSTEM_SUBR  -DWRF_USE_CLM  -DDM_PARALLEL -DNETCDF -DLANDREAD_STUB=1 -DUSE_ALLOCATABLES -Dwrfmodel -DGRIB1 -DINTIO -DKEEP_INT_AROUND -DLIMIT_ARGS -DBUILD_RRTMG_FAST=0 -DBUILD_RRTMK=0 -DBUILD_SBM_FAST=1 -DSHOW_ALL_VARS_USED=0 -DCONFIG_BUF_LEN=65536 -DMAX_DOMAINS_F=21 -DMAX_HISTORY=25 -DNMM_NEST=0 -DWRF_CHEM -DBUILD_CHEM=1 -I. -traditional-cpp   module_data_isrpia_kmc298.G  > module_data_isrpia_kmc298.bb
/home/hnavarro/Desktop/WRF/BUILD_WRF/WRF/tools/standard.exe module_data_isrpia_kmc298.bb | /lib/cpp -P -nostdinc -traditional-cpp > module_data_isrpia_kmc298.f90
rm -f module_data_isrpia_kmc298.G module_data_isrpia_kmc298.bb
time mpif90 -f90=gfortran -o module_data_isrpia_kmc298.o -c -O2 -ftree-vectorize -funroll-loops -w -ffree-form -ffree-line-length-none -fconvert=big-endian -frecord-marker=4 -fallow-argument-mismatch -fallow-invalid-boz   -I../dyn_em  -I/home/hnavarro/Desktop/WRF/BUILD_WRF/WRF/external/esmf_time_f90  -I/home/hnavarro/Desktop/WRF/BUILD_WRF/WRF/main -I/home/hnavarro/Desktop/WRF/BUILD_WRF/WRF/external/io_netcdf -I/home/hnavarro/Desktop/WRF/BUILD_WRF/WRF/external/io_int -I/home/hnavarro/Desktop/WRF/BUILD_WRF/WRF/frame -I/home/hnavarro/Desktop/WRF/BUILD_WRF/WRF/share -I/home/hnavarro/Desktop/WRF/BUILD_WRF/WRF/phys -I/home/hnavarro/Desktop/WRF/BUILD_WRF/WRF/wrftladj -I/home/hnavarro/Desktop/WRF/BUILD_WRF/WRF/chem -I/home/hnavarro/Desktop/WRF/BUILD_WRF/WRF/inc -I/home/hnavarro/Desktop/WRF/Install-WRF-Chem/LIBRARIES/netcdf/include    module_data_isrpia_kmc298.f90
0.10user 0.06system 0:00.17elapsed 96%CPU (0avgtext+0avgdata 26112maxresident)k
0inputs+848outputs (0major+9541minor)pagefaults 0swaps
rm -f module_data_isrpia_kmc323.o
sed -e "s/^\!.*'.*//" -e "s/^ *\!.*'.*//" module_data_isrpia_kmc323.F > module_data_isrpia_kmc323.G
/lib/cpp -P -nostdinc -I/home/hnavarro/Desktop/WRF/BUILD_WRF/WRF/inc -DEM_CORE=1 -DNMM_CORE=0 -DNMM_MAX_DIM=2600 -DDA_CORE=0 -DWRFPLUS=0 -DIWORDSIZE=4 -DDWORDSIZE=8 -DRWORDSIZE=4 -DLWORDSIZE=4 -DNONSTANDARD_SYSTEM_SUBR  -DWRF_USE_CLM  -DDM_PARALLEL -DNETCDF -DLANDREAD_STUB=1 -DUSE_ALLOCATABLES -Dwrfmodel -DGRIB1 -DINTIO -DKEEP_INT_AROUND -DLIMIT_ARGS -DBUILD_RRTMG_FAST=0 -DBUILD_RRTMK=0 -DBUILD_SBM_FAST=1 -DSHOW_ALL_VARS_USED=0 -DCONFIG_BUF_LEN=65536 -DMAX_DOMAINS_F=21 -DMAX_HISTORY=25 -DNMM_NEST=0 -DWRF_CHEM -DBUILD_CHEM=1 -I. -traditional-cpp   module_data_isrpia_kmc323.G  > module_data_isrpia_kmc323.bb
/home/hnavarro/Desktop/WRF/BUILD_WRF/WRF/tools/standard.exe module_data_isrpia_kmc323.bb | /lib/cpp -P -nostdinc -traditional-cpp > module_data_isrpia_kmc323.f90
rm -f module_data_isrpia_kmc323.G module_data_isrpia_kmc323.bb
time mpif90 -f90=gfortran -o module_data_isrpia_kmc323.o -c -O2 -ftree-vectorize -funroll-loops -w -ffree-form -ffree-line-length-none -fconvert=big-endian -frecord-marker=4 -fallow-argument-mismatch -fallow-invalid-boz   -I../dyn_em  -I/home/hnavarro/Desktop/WRF/BUILD_WRF/WRF/external/esmf_time_f90  -I/home/hnavarro/Desktop/WRF/BUILD_WRF/WRF/main -I/home/hnavarro/Desktop/WRF/BUILD_WRF/WRF/external/io_netcdf -I/home/hnavarro/Desktop/WRF/BUILD_WRF/WRF/external/io_int -I/home/hnavarro/Desktop/WRF/BUILD_WRF/WRF/frame -I/home/hnavarro/Desktop/WRF/BUILD_WRF/WRF/share -I/home/hnavarro/Desktop/WRF/BUILD_WRF/WRF/phys -I/home/hnavarro/Desktop/WRF/BUILD_WRF/WRF/wrftladj -I/home/hnavarro/Desktop/WRF/BUILD_WRF/WRF/chem -I/home/hnavarro/Desktop/WRF/BUILD_WRF/WRF/inc -I/home/hnavarro/Desktop/WRF/Install-WRF-Chem/LIBRARIES/netcdf/include    module_data_isrpia_kmc323.f90
0.11user 0.07system 0:00.19elapsed 98%CPU (0avgtext+0avgdata 26160maxresident)k
0inputs+848outputs (0major+9681minor)pagefaults 0swaps
rm -f module_data_isrpia_expnc.o
sed -e "s/^\!.*'.*//" -e "s/^ *\!.*'.*//" module_data_isrpia_expnc.F > module_data_isrpia_expnc.G
/lib/cpp -P -nostdinc -I/home/hnavarro/Desktop/WRF/BUILD_WRF/WRF/inc -DEM_CORE=1 -DNMM_CORE=0 -DNMM_MAX_DIM=2600 -DDA_CORE=0 -DWRFPLUS=0 -DIWORDSIZE=4 -DDWORDSIZE=8 -DRWORDSIZE=4 -DLWORDSIZE=4 -DNONSTANDARD_SYSTEM_SUBR  -DWRF_USE_CLM  -DDM_PARALLEL -DNETCDF -DLANDREAD_STUB=1 -DUSE_ALLOCATABLES -Dwrfmodel -DGRIB1 -DINTIO -DKEEP_INT_AROUND -DLIMIT_ARGS -DBUILD_RRTMG_FAST=0 -DBUILD_RRTMK=0 -DBUILD_SBM_FAST=1 -DSHOW_ALL_VARS_USED=0 -DCONFIG_BUF_LEN=65536 -DMAX_DOMAINS_F=21 -DMAX_HISTORY=25 -DNMM_NEST=0 -DWRF_CHEM -DBUILD_CHEM=1 -I. -traditional-cpp   module_data_isrpia_expnc.G  > module_data_isrpia_expnc.bb
/home/hnavarro/Desktop/WRF/BUILD_WRF/WRF/tools/standard.exe module_data_isrpia_expnc.bb | /lib/cpp -P -nostdinc -traditional-cpp > module_data_isrpia_expnc.f90
rm -f module_data_isrpia_expnc.G module_data_isrpia_expnc.bb
time mpif90 -f90=gfortran -o module_data_isrpia_expnc.o -c -O2 -ftree-vectorize -funroll-loops -w -ffree-form -ffree-line-length-none -fconvert=big-endian -frecord-marker=4 -fallow-argument-mismatch -fallow-invalid-boz   -I../dyn_em  -I/home/hnavarro/Desktop/WRF/BUILD_WRF/WRF/external/esmf_time_f90  -I/home/hnavarro/Desktop/WRF/BUILD_WRF/WRF/main -I/home/hnavarro/Desktop/WRF/BUILD_WRF/WRF/external/io_netcdf -I/home/hnavarro/Desktop/WRF/BUILD_WRF/WRF/external/io_int -I/home/hnavarro/Desktop/WRF/BUILD_WRF/WRF/frame -I/home/hnavarro/Desktop/WRF/BUILD_WRF/WRF/share -I/home/hnavarro/Desktop/WRF/BUILD_WRF/WRF/phys -I/home/hnavarro/Desktop/WRF/BUILD_WRF/WRF/wrftladj -I/home/hnavarro/Desktop/WRF/BUILD_WRF/WRF/chem -I/home/hnavarro/Desktop/WRF/BUILD_WRF/WRF/inc -I/home/hnavarro/Desktop/WRF/Install-WRF-Chem/LIBRARIES/netcdf/include    module_data_isrpia_expnc.f90
0.14user 0.06system 0:00.20elapsed 99%CPU (0avgtext+0avgdata 25984maxresident)k
0inputs+848outputs (1major+9691minor)pagefaults 0swaps
rm -f module_data_isrpia_caseg.o
sed -e "s/^\!.*'.*//" -e "s/^ *\!.*'.*//" module_data_isrpia_caseg.F > module_data_isrpia_caseg.G
/lib/cpp -P -nostdinc -I/home/hnavarro/Desktop/WRF/BUILD_WRF/WRF/inc -DEM_CORE=1 -DNMM_CORE=0 -DNMM_MAX_DIM=2600 -DDA_CORE=0 -DWRFPLUS=0 -DIWORDSIZE=4 -DDWORDSIZE=8 -DRWORDSIZE=4 -DLWORDSIZE=4 -DNONSTANDARD_SYSTEM_SUBR  -DWRF_USE_CLM  -DDM_PARALLEL -DNETCDF -DLANDREAD_STUB=1 -DUSE_ALLOCATABLES -Dwrfmodel -DGRIB1 -DINTIO -DKEEP_INT_AROUND -DLIMIT_ARGS -DBUILD_RRTMG_FAST=0 -DBUILD_RRTMK=0 -DBUILD_SBM_FAST=1 -DSHOW_ALL_VARS_USED=0 -DCONFIG_BUF_LEN=65536 -DMAX_DOMAINS_F=21 -DMAX_HISTORY=25 -DNMM_NEST=0 -DWRF_CHEM -DBUILD_CHEM=1 -I. -traditional-cpp   module_data_isrpia_caseg.G  > module_data_isrpia_caseg.bb
0.02user 0.06system 0:00.09elapsed 95%CPU (0avgtext+0avgdata 16384maxresident)k
0inputs+32outputs (0major+7184minor)pagefaults 0swaps
rm -f module_data_isrpia_casej.o
/home/hnavarro/Desktop/WRF/BUILD_WRF/WRF/tools/standard.exe module_data_isrpia_caseg.bb | /lib/cpp -P -nostdinc -traditional-cpp > module_data_isrpia_caseg.f90
sed -e "s/^\!.*'.*//" -e "s/^ *\!.*'.*//" module_data_isrpia_casej.F > module_data_isrpia_casej.G
/lib/cpp -P -nostdinc -I/home/hnavarro/Desktop/WRF/BUILD_WRF/WRF/inc -DEM_CORE=1 -DNMM_CORE=0 -DNMM_MAX_DIM=2600 -DDA_CORE=0 -DWRFPLUS=0 -DIWORDSIZE=4 -DDWORDSIZE=8 -DRWORDSIZE=4 -DLWORDSIZE=4 -DNONSTANDARD_SYSTEM_SUBR  -DWRF_USE_CLM  -DDM_PARALLEL -DNETCDF -DLANDREAD_STUB=1 -DUSE_ALLOCATABLES -Dwrfmodel -DGRIB1 -DINTIO -DKEEP_INT_AROUND -DLIMIT_ARGS -DBUILD_RRTMG_FAST=0 -DBUILD_RRTMK=0 -DBUILD_SBM_FAST=1 -DSHOW_ALL_VARS_USED=0 -DCONFIG_BUF_LEN=65536 -DMAX_DOMAINS_F=21 -DMAX_HISTORY=25 -DNMM_NEST=0 -DWRF_CHEM -DBUILD_CHEM=1 -I. -traditional-cpp   module_data_isrpia_casej.G  > module_data_isrpia_casej.bb
rm -f module_data_isrpia_caseg.G module_data_isrpia_caseg.bb
/home/hnavarro/Desktop/WRF/BUILD_WRF/WRF/tools/standard.exe module_data_isrpia_casej.bb | /lib/cpp -P -nostdinc -traditional-cpp > module_data_isrpia_casej.f90
time mpif90 -f90=gfortran -o module_data_isrpia_caseg.o -c -O2 -ftree-vectorize -funroll-loops -w -ffree-form -ffree-line-length-none -fconvert=big-endian -frecord-marker=4 -fallow-argument-mismatch -fallow-invalid-boz   -I../dyn_em  -I/home/hnavarro/Desktop/WRF/BUILD_WRF/WRF/external/esmf_time_f90  -I/home/hnavarro/Desktop/WRF/BUILD_WRF/WRF/main -I/home/hnavarro/Desktop/WRF/BUILD_WRF/WRF/external/io_netcdf -I/home/hnavarro/Desktop/WRF/BUILD_WRF/WRF/external/io_int -I/home/hnavarro/Desktop/WRF/BUILD_WRF/WRF/frame -I/home/hnavarro/Desktop/WRF/BUILD_WRF/WRF/share -I/home/hnavarro/Desktop/WRF/BUILD_WRF/WRF/phys -I/home/hnavarro/Desktop/WRF/BUILD_WRF/WRF/wrftladj -I/home/hnavarro/Desktop/WRF/BUILD_WRF/WRF/chem -I/home/hnavarro/Desktop/WRF/BUILD_WRF/WRF/inc -I/home/hnavarro/Desktop/WRF/Install-WRF-Chem/LIBRARIES/netcdf/include    module_data_isrpia_caseg.f90
rm -f module_data_isrpia_casej.G module_data_isrpia_casej.bb
time mpif90 -f90=gfortran -o module_data_isrpia_casej.o -c -O2 -ftree-vectorize -funroll-loops -w -ffree-form -ffree-line-length-none -fconvert=big-endian -frecord-marker=4 -fallow-argument-mismatch -fallow-invalid-boz   -I../dyn_em  -I/home/hnavarro/Desktop/WRF/BUILD_WRF/WRF/external/esmf_time_f90  -I/home/hnavarro/Desktop/WRF/BUILD_WRF/WRF/main -I/home/hnavarro/Desktop/WRF/BUILD_WRF/WRF/external/io_netcdf -I/home/hnavarro/Desktop/WRF/BUILD_WRF/WRF/external/io_int -I/home/hnavarro/Desktop/WRF/BUILD_WRF/WRF/frame -I/home/hnavarro/Desktop/WRF/BUILD_WRF/WRF/share -I/home/hnavarro/Desktop/WRF/BUILD_WRF/WRF/phys -I/home/hnavarro/Desktop/WRF/BUILD_WRF/WRF/wrftladj -I/home/hnavarro/Desktop/WRF/BUILD_WRF/WRF/chem -I/home/hnavarro/Desktop/WRF/BUILD_WRF/WRF/inc -I/home/hnavarro/Desktop/WRF/Install-WRF-Chem/LIBRARIES/netcdf/include    module_data_isrpia_casej.f90
0.01user 0.03system 0:00.05elapsed 98%CPU (0avgtext+0avgdata 15104maxresident)k
0inputs+24outputs (1major+7004minor)pagefaults 0swaps
rm -f moduleHETDATA.o
sed -e "s/^\!.*'.*//" -e "s/^ *\!.*'.*//" moduleHETDATA.F > moduleHETDATA.G
0.01user 0.03system 0:00.04elapsed 100%CPU (0avgtext+0avgdata 15488maxresident)k
0inputs+24outputs (2major+7025minor)pagefaults 0swaps
rm -f moduleAERODATA.o
/lib/cpp -P -nostdinc -I/home/hnavarro/Desktop/WRF/BUILD_WRF/WRF/inc -DEM_CORE=1 -DNMM_CORE=0 -DNMM_MAX_DIM=2600 -DDA_CORE=0 -DWRFPLUS=0 -DIWORDSIZE=4 -DDWORDSIZE=8 -DRWORDSIZE=4 -DLWORDSIZE=4 -DNONSTANDARD_SYSTEM_SUBR  -DWRF_USE_CLM  -DDM_PARALLEL -DNETCDF -DLANDREAD_STUB=1 -DUSE_ALLOCATABLES -Dwrfmodel -DGRIB1 -DINTIO -DKEEP_INT_AROUND -DLIMIT_ARGS -DBUILD_RRTMG_FAST=0 -DBUILD_RRTMK=0 -DBUILD_SBM_FAST=1 -DSHOW_ALL_VARS_USED=0 -DCONFIG_BUF_LEN=65536 -DMAX_DOMAINS_F=21 -DMAX_HISTORY=25 -DNMM_NEST=0 -DWRF_CHEM -DBUILD_CHEM=1 -I. -traditional-cpp   moduleHETDATA.G  > moduleHETDATA.bb
sed -e "s/^\!.*'.*//" -e "s/^ *\!.*'.*//" moduleAERODATA.F > moduleAERODATA.G
/lib/cpp -P -nostdinc -I/home/hnavarro/Desktop/WRF/BUILD_WRF/WRF/inc -DEM_CORE=1 -DNMM_CORE=0 -DNMM_MAX_DIM=2600 -DDA_CORE=0 -DWRFPLUS=0 -DIWORDSIZE=4 -DDWORDSIZE=8 -DRWORDSIZE=4 -DLWORDSIZE=4 -DNONSTANDARD_SYSTEM_SUBR  -DWRF_USE_CLM  -DDM_PARALLEL -DNETCDF -DLANDREAD_STUB=1 -DUSE_ALLOCATABLES -Dwrfmodel -DGRIB1 -DINTIO -DKEEP_INT_AROUND -DLIMIT_ARGS -DBUILD_RRTMG_FAST=0 -DBUILD_RRTMK=0 -DBUILD_SBM_FAST=1 -DSHOW_ALL_VARS_USED=0 -DCONFIG_BUF_LEN=65536 -DMAX_DOMAINS_F=21 -DMAX_HISTORY=25 -DNMM_NEST=0 -DWRF_CHEM -DBUILD_CHEM=1 -I. -traditional-cpp   moduleAERODATA.G  > moduleAERODATA.bb
/home/hnavarro/Desktop/WRF/BUILD_WRF/WRF/tools/standard.exe moduleHETDATA.bb | /lib/cpp -P -nostdinc -traditional-cpp > moduleHETDATA.f90
/home/hnavarro/Desktop/WRF/BUILD_WRF/WRF/tools/standard.exe moduleAERODATA.bb | /lib/cpp -P -nostdinc -traditional-cpp > moduleAERODATA.f90
rm -f moduleHETDATA.G moduleHETDATA.bb
time mpif90 -f90=gfortran -o moduleHETDATA.o -c -O2 -ftree-vectorize -funroll-loops -w -ffree-form -ffree-line-length-none -fconvert=big-endian -frecord-marker=4 -fallow-argument-mismatch -fallow-invalid-boz   -I../dyn_em  -I/home/hnavarro/Desktop/WRF/BUILD_WRF/WRF/external/esmf_time_f90  -I/home/hnavarro/Desktop/WRF/BUILD_WRF/WRF/main -I/home/hnavarro/Desktop/WRF/BUILD_WRF/WRF/external/io_netcdf -I/home/hnavarro/Desktop/WRF/BUILD_WRF/WRF/external/io_int -I/home/hnavarro/Desktop/WRF/BUILD_WRF/WRF/frame -I/home/hnavarro/Desktop/WRF/BUILD_WRF/WRF/share -I/home/hnavarro/Desktop/WRF/BUILD_WRF/WRF/phys -I/home/hnavarro/Desktop/WRF/BUILD_WRF/WRF/wrftladj -I/home/hnavarro/Desktop/WRF/BUILD_WRF/WRF/chem -I/home/hnavarro/Desktop/WRF/BUILD_WRF/WRF/inc -I/home/hnavarro/Desktop/WRF/Install-WRF-Chem/LIBRARIES/netcdf/include    moduleHETDATA.f90
rm -f moduleAERODATA.G moduleAERODATA.bb
time mpif90 -f90=gfortran -o moduleAERODATA.o -c -O2 -ftree-vectorize -funroll-loops -w -ffree-form -ffree-line-length-none -fconvert=big-endian -frecord-marker=4 -fallow-argument-mismatch -fallow-invalid-boz   -I../dyn_em  -I/home/hnavarro/Desktop/WRF/BUILD_WRF/WRF/external/esmf_time_f90  -I/home/hnavarro/Desktop/WRF/BUILD_WRF/WRF/main -I/home/hnavarro/Desktop/WRF/BUILD_WRF/WRF/external/io_netcdf -I/home/hnavarro/Desktop/WRF/BUILD_WRF/WRF/external/io_int -I/home/hnavarro/Desktop/WRF/BUILD_WRF/WRF/frame -I/home/hnavarro/Desktop/WRF/BUILD_WRF/WRF/share -I/home/hnavarro/Desktop/WRF/BUILD_WRF/WRF/phys -I/home/hnavarro/Desktop/WRF/BUILD_WRF/WRF/wrftladj -I/home/hnavarro/Desktop/WRF/BUILD_WRF/WRF/chem -I/home/hnavarro/Desktop/WRF/BUILD_WRF/WRF/inc -I/home/hnavarro/Desktop/WRF/Install-WRF-Chem/LIBRARIES/netcdf/include    moduleAERODATA.f90
0.02user 0.06system 0:00.08elapsed 96%CPU (0avgtext+0avgdata 15232maxresident)k
0inputs+24outputs (8major+7255minor)pagefaults 0swaps
rm -f module_aer_opt_out.o
sed -e "s/^\!.*'.*//" -e "s/^ *\!.*'.*//" module_aer_opt_out.F > module_aer_opt_out.G
/lib/cpp -P -nostdinc -I/home/hnavarro/Desktop/WRF/BUILD_WRF/WRF/inc -DEM_CORE=1 -DNMM_CORE=0 -DNMM_MAX_DIM=2600 -DDA_CORE=0 -DWRFPLUS=0 -DIWORDSIZE=4 -DDWORDSIZE=8 -DRWORDSIZE=4 -DLWORDSIZE=4 -DNONSTANDARD_SYSTEM_SUBR  -DWRF_USE_CLM  -DDM_PARALLEL -DNETCDF -DLANDREAD_STUB=1 -DUSE_ALLOCATABLES -Dwrfmodel -DGRIB1 -DINTIO -DKEEP_INT_AROUND -DLIMIT_ARGS -DBUILD_RRTMG_FAST=0 -DBUILD_RRTMK=0 -DBUILD_SBM_FAST=1 -DSHOW_ALL_VARS_USED=0 -DCONFIG_BUF_LEN=65536 -DMAX_DOMAINS_F=21 -DMAX_HISTORY=25 -DNMM_NEST=0 -DWRF_CHEM -DBUILD_CHEM=1 -I. -traditional-cpp   module_aer_opt_out.G  > module_aer_opt_out.bb
0.03user 0.04system 0:00.08elapsed 96%CPU (0avgtext+0avgdata 15616maxresident)k
0inputs+24outputs (6major+7216minor)pagefaults 0swaps
rm -f module_add_emiss_burn.o
sed -e "s/^\!.*'.*//" -e "s/^ *\!.*'.*//" module_add_emiss_burn.F > module_add_emiss_burn.G
/lib/cpp -P -nostdinc -I/home/hnavarro/Desktop/WRF/BUILD_WRF/WRF/inc -DEM_CORE=1 -DNMM_CORE=0 -DNMM_MAX_DIM=2600 -DDA_CORE=0 -DWRFPLUS=0 -DIWORDSIZE=4 -DDWORDSIZE=8 -DRWORDSIZE=4 -DLWORDSIZE=4 -DNONSTANDARD_SYSTEM_SUBR  -DWRF_USE_CLM  -DDM_PARALLEL -DNETCDF -DLANDREAD_STUB=1 -DUSE_ALLOCATABLES -Dwrfmodel -DGRIB1 -DINTIO -DKEEP_INT_AROUND -DLIMIT_ARGS -DBUILD_RRTMG_FAST=0 -DBUILD_RRTMK=0 -DBUILD_SBM_FAST=1 -DSHOW_ALL_VARS_USED=0 -DCONFIG_BUF_LEN=65536 -DMAX_DOMAINS_F=21 -DMAX_HISTORY=25 -DNMM_NEST=0 -DWRF_CHEM -DBUILD_CHEM=1 -I. -traditional-cpp   module_add_emiss_burn.G  > module_add_emiss_burn.bb
/home/hnavarro/Desktop/WRF/BUILD_WRF/WRF/tools/standard.exe module_aer_opt_out.bb | /lib/cpp -P -nostdinc -traditional-cpp > module_aer_opt_out.f90
/home/hnavarro/Desktop/WRF/BUILD_WRF/WRF/tools/standard.exe module_add_emiss_burn.bb | /lib/cpp -P -nostdinc -traditional-cpp > module_add_emiss_burn.f90
rm -f module_aer_opt_out.G module_aer_opt_out.bb
time mpif90 -f90=gfortran -o module_aer_opt_out.o -c -O2 -ftree-vectorize -funroll-loops -w -ffree-form -ffree-line-length-none -fconvert=big-endian -frecord-marker=4 -fallow-argument-mismatch -fallow-invalid-boz   -I../dyn_em  -I/home/hnavarro/Desktop/WRF/BUILD_WRF/WRF/external/esmf_time_f90  -I/home/hnavarro/Desktop/WRF/BUILD_WRF/WRF/main -I/home/hnavarro/Desktop/WRF/BUILD_WRF/WRF/external/io_netcdf -I/home/hnavarro/Desktop/WRF/BUILD_WRF/WRF/external/io_int -I/home/hnavarro/Desktop/WRF/BUILD_WRF/WRF/frame -I/home/hnavarro/Desktop/WRF/BUILD_WRF/WRF/share -I/home/hnavarro/Desktop/WRF/BUILD_WRF/WRF/phys -I/home/hnavarro/Desktop/WRF/BUILD_WRF/WRF/wrftladj -I/home/hnavarro/Desktop/WRF/BUILD_WRF/WRF/chem -I/home/hnavarro/Desktop/WRF/BUILD_WRF/WRF/inc -I/home/hnavarro/Desktop/WRF/Install-WRF-Chem/LIBRARIES/netcdf/include    module_aer_opt_out.f90
rm -f module_add_emiss_burn.G module_add_emiss_burn.bb
time mpif90 -f90=gfortran -o module_add_emiss_burn.o -c -O2 -ftree-vectorize -funroll-loops -w -ffree-form -ffree-line-length-none -fconvert=big-endian -frecord-marker=4 -fallow-argument-mismatch -fallow-invalid-boz   -I../dyn_em  -I/home/hnavarro/Desktop/WRF/BUILD_WRF/WRF/external/esmf_time_f90  -I/home/hnavarro/Desktop/WRF/BUILD_WRF/WRF/main -I/home/hnavarro/Desktop/WRF/BUILD_WRF/WRF/external/io_netcdf -I/home/hnavarro/Desktop/WRF/BUILD_WRF/WRF/external/io_int -I/home/hnavarro/Desktop/WRF/BUILD_WRF/WRF/frame -I/home/hnavarro/Desktop/WRF/BUILD_WRF/WRF/share -I/home/hnavarro/Desktop/WRF/BUILD_WRF/WRF/phys -I/home/hnavarro/Desktop/WRF/BUILD_WRF/WRF/wrftladj -I/home/hnavarro/Desktop/WRF/BUILD_WRF/WRF/chem -I/home/hnavarro/Desktop/WRF/BUILD_WRF/WRF/inc -I/home/hnavarro/Desktop/WRF/Install-WRF-Chem/LIBRARIES/netcdf/include    module_add_emiss_burn.f90
0.15user 0.06system 0:00.22elapsed 99%CPU (0avgtext+0avgdata 35704maxresident)k
0inputs+56outputs (5major+10603minor)pagefaults 0swaps
rm -f module_add_emis_cptec.o
sed -e "s/^\!.*'.*//" -e "s/^ *\!.*'.*//" module_add_emis_cptec.F > module_add_emis_cptec.G
/lib/cpp -P -nostdinc -I/home/hnavarro/Desktop/WRF/BUILD_WRF/WRF/inc -DEM_CORE=1 -DNMM_CORE=0 -DNMM_MAX_DIM=2600 -DDA_CORE=0 -DWRFPLUS=0 -DIWORDSIZE=4 -DDWORDSIZE=8 -DRWORDSIZE=4 -DLWORDSIZE=4 -DNONSTANDARD_SYSTEM_SUBR  -DWRF_USE_CLM  -DDM_PARALLEL -DNETCDF -DLANDREAD_STUB=1 -DUSE_ALLOCATABLES -Dwrfmodel -DGRIB1 -DINTIO -DKEEP_INT_AROUND -DLIMIT_ARGS -DBUILD_RRTMG_FAST=0 -DBUILD_RRTMK=0 -DBUILD_SBM_FAST=1 -DSHOW_ALL_VARS_USED=0 -DCONFIG_BUF_LEN=65536 -DMAX_DOMAINS_F=21 -DMAX_HISTORY=25 -DNMM_NEST=0 -DWRF_CHEM -DBUILD_CHEM=1 -I. -traditional-cpp   module_add_emis_cptec.G  > module_add_emis_cptec.bb
/home/hnavarro/Desktop/WRF/BUILD_WRF/WRF/tools/standard.exe module_add_emis_cptec.bb | /lib/cpp -P -nostdinc -traditional-cpp > module_add_emis_cptec.f90
rm -f module_add_emis_cptec.G module_add_emis_cptec.bb
time mpif90 -f90=gfortran -o module_add_emis_cptec.o -c -O2 -ftree-vectorize -funroll-loops -w -ffree-form -ffree-line-length-none -fconvert=big-endian -frecord-marker=4 -fallow-argument-mismatch -fallow-invalid-boz   -I../dyn_em  -I/home/hnavarro/Desktop/WRF/BUILD_WRF/WRF/external/esmf_time_f90  -I/home/hnavarro/Desktop/WRF/BUILD_WRF/WRF/main -I/home/hnavarro/Desktop/WRF/BUILD_WRF/WRF/external/io_netcdf -I/home/hnavarro/Desktop/WRF/BUILD_WRF/WRF/external/io_int -I/home/hnavarro/Desktop/WRF/BUILD_WRF/WRF/frame -I/home/hnavarro/Desktop/WRF/BUILD_WRF/WRF/share -I/home/hnavarro/Desktop/WRF/BUILD_WRF/WRF/phys -I/home/hnavarro/Desktop/WRF/BUILD_WRF/WRF/wrftladj -I/home/hnavarro/Desktop/WRF/BUILD_WRF/WRF/chem -I/home/hnavarro/Desktop/WRF/BUILD_WRF/WRF/inc -I/home/hnavarro/Desktop/WRF/Install-WRF-Chem/LIBRARIES/netcdf/include    module_add_emis_cptec.f90
1.88user 0.11system 0:01.99elapsed 99%CPU (0avgtext+0avgdata 124932maxresident)k
0inputs+632outputs (5major+33731minor)pagefaults 0swaps
rm -f module_bioemi_beis314.o
sed -e "s/^\!.*'.*//" -e "s/^ *\!.*'.*//" module_bioemi_beis314.F > module_bioemi_beis314.G
/lib/cpp -P -nostdinc -I/home/hnavarro/Desktop/WRF/BUILD_WRF/WRF/inc -DEM_CORE=1 -DNMM_CORE=0 -DNMM_MAX_DIM=2600 -DDA_CORE=0 -DWRFPLUS=0 -DIWORDSIZE=4 -DDWORDSIZE=8 -DRWORDSIZE=4 -DLWORDSIZE=4 -DNONSTANDARD_SYSTEM_SUBR  -DWRF_USE_CLM  -DDM_PARALLEL -DNETCDF -DLANDREAD_STUB=1 -DUSE_ALLOCATABLES -Dwrfmodel -DGRIB1 -DINTIO -DKEEP_INT_AROUND -DLIMIT_ARGS -DBUILD_RRTMG_FAST=0 -DBUILD_RRTMK=0 -DBUILD_SBM_FAST=1 -DSHOW_ALL_VARS_USED=0 -DCONFIG_BUF_LEN=65536 -DMAX_DOMAINS_F=21 -DMAX_HISTORY=25 -DNMM_NEST=0 -DWRF_CHEM -DBUILD_CHEM=1 -I. -traditional-cpp   module_bioemi_beis314.G  > module_bioemi_beis314.bb
/home/hnavarro/Desktop/WRF/BUILD_WRF/WRF/tools/standard.exe module_bioemi_beis314.bb | /lib/cpp -P -nostdinc -traditional-cpp > module_bioemi_beis314.f90
rm -f module_bioemi_beis314.G module_bioemi_beis314.bb
time mpif90 -f90=gfortran -o module_bioemi_beis314.o -c -O2 -ftree-vectorize -funroll-loops -w -ffree-form -ffree-line-length-none -fconvert=big-endian -frecord-marker=4 -fallow-argument-mismatch -fallow-invalid-boz   -I../dyn_em  -I/home/hnavarro/Desktop/WRF/BUILD_WRF/WRF/external/esmf_time_f90  -I/home/hnavarro/Desktop/WRF/BUILD_WRF/WRF/main -I/home/hnavarro/Desktop/WRF/BUILD_WRF/WRF/external/io_netcdf -I/home/hnavarro/Desktop/WRF/BUILD_WRF/WRF/external/io_int -I/home/hnavarro/Desktop/WRF/BUILD_WRF/WRF/frame -I/home/hnavarro/Desktop/WRF/BUILD_WRF/WRF/share -I/home/hnavarro/Desktop/WRF/BUILD_WRF/WRF/phys -I/home/hnavarro/Desktop/WRF/BUILD_WRF/WRF/wrftladj -I/home/hnavarro/Desktop/WRF/BUILD_WRF/WRF/chem -I/home/hnavarro/Desktop/WRF/BUILD_WRF/WRF/inc -I/home/hnavarro/Desktop/WRF/Install-WRF-Chem/LIBRARIES/netcdf/include    module_bioemi_beis314.f90
1.29user 0.05system 0:01.35elapsed 99%CPU (0avgtext+0avgdata 45036maxresident)k
0inputs+160outputs (0major+13524minor)pagefaults 0swaps
rm -f module_cmu_dvode_solver.o
sed -e "s/^\!.*'.*//" -e "s/^ *\!.*'.*//" module_cmu_dvode_solver.F > module_cmu_dvode_solver.G
/lib/cpp -P -nostdinc -I/home/hnavarro/Desktop/WRF/BUILD_WRF/WRF/inc -DEM_CORE=1 -DNMM_CORE=0 -DNMM_MAX_DIM=2600 -DDA_CORE=0 -DWRFPLUS=0 -DIWORDSIZE=4 -DDWORDSIZE=8 -DRWORDSIZE=4 -DLWORDSIZE=4 -DNONSTANDARD_SYSTEM_SUBR  -DWRF_USE_CLM  -DDM_PARALLEL -DNETCDF -DLANDREAD_STUB=1 -DUSE_ALLOCATABLES -Dwrfmodel -DGRIB1 -DINTIO -DKEEP_INT_AROUND -DLIMIT_ARGS -DBUILD_RRTMG_FAST=0 -DBUILD_RRTMK=0 -DBUILD_SBM_FAST=1 -DSHOW_ALL_VARS_USED=0 -DCONFIG_BUF_LEN=65536 -DMAX_DOMAINS_F=21 -DMAX_HISTORY=25 -DNMM_NEST=0 -DWRF_CHEM -DBUILD_CHEM=1 -I. -traditional-cpp   module_cmu_dvode_solver.G  > module_cmu_dvode_solver.bb
/home/hnavarro/Desktop/WRF/BUILD_WRF/WRF/tools/standard.exe module_cmu_dvode_solver.bb | /lib/cpp -P -nostdinc -traditional-cpp > module_cmu_dvode_solver.f90
rm -f module_cmu_dvode_solver.G module_cmu_dvode_solver.bb
time mpif90 -f90=gfortran -o module_cmu_dvode_solver.o -c -O2 -ftree-vectorize -funroll-loops -w -ffree-form -ffree-line-length-none -fconvert=big-endian -frecord-marker=4 -fallow-argument-mismatch -fallow-invalid-boz   -I../dyn_em  -I/home/hnavarro/Desktop/WRF/BUILD_WRF/WRF/external/esmf_time_f90  -I/home/hnavarro/Desktop/WRF/BUILD_WRF/WRF/main -I/home/hnavarro/Desktop/WRF/BUILD_WRF/WRF/external/io_netcdf -I/home/hnavarro/Desktop/WRF/BUILD_WRF/WRF/external/io_int -I/home/hnavarro/Desktop/WRF/BUILD_WRF/WRF/frame -I/home/hnavarro/Desktop/WRF/BUILD_WRF/WRF/share -I/home/hnavarro/Desktop/WRF/BUILD_WRF/WRF/phys -I/home/hnavarro/Desktop/WRF/BUILD_WRF/WRF/wrftladj -I/home/hnavarro/Desktop/WRF/BUILD_WRF/WRF/chem -I/home/hnavarro/Desktop/WRF/BUILD_WRF/WRF/inc -I/home/hnavarro/Desktop/WRF/Install-WRF-Chem/LIBRARIES/netcdf/include    module_cmu_dvode_solver.f90
1.20user 0.08system 0:01.30elapsed 99%CPU (0avgtext+0avgdata 67988maxresident)k
0inputs+1032outputs (0major+18829minor)pagefaults 0swaps
rm -f module_peg_util.o
sed -e "s/^\!.*'.*//" -e "s/^ *\!.*'.*//" module_peg_util.F > module_peg_util.G
/lib/cpp -P -nostdinc -I/home/hnavarro/Desktop/WRF/BUILD_WRF/WRF/inc -DEM_CORE=1 -DNMM_CORE=0 -DNMM_MAX_DIM=2600 -DDA_CORE=0 -DWRFPLUS=0 -DIWORDSIZE=4 -DDWORDSIZE=8 -DRWORDSIZE=4 -DLWORDSIZE=4 -DNONSTANDARD_SYSTEM_SUBR  -DWRF_USE_CLM  -DDM_PARALLEL -DNETCDF -DLANDREAD_STUB=1 -DUSE_ALLOCATABLES -Dwrfmodel -DGRIB1 -DINTIO -DKEEP_INT_AROUND -DLIMIT_ARGS -DBUILD_RRTMG_FAST=0 -DBUILD_RRTMK=0 -DBUILD_SBM_FAST=1 -DSHOW_ALL_VARS_USED=0 -DCONFIG_BUF_LEN=65536 -DMAX_DOMAINS_F=21 -DMAX_HISTORY=25 -DNMM_NEST=0 -DWRF_CHEM -DBUILD_CHEM=1 -I. -traditional-cpp   module_peg_util.G  > module_peg_util.bb
/home/hnavarro/Desktop/WRF/BUILD_WRF/WRF/tools/standard.exe module_peg_util.bb | /lib/cpp -P -nostdinc -traditional-cpp > module_peg_util.f90
rm -f module_peg_util.G module_peg_util.bb
time mpif90 -f90=gfortran -o module_peg_util.o -c -O2 -ftree-vectorize -funroll-loops -w -ffree-form -ffree-line-length-none -fconvert=big-endian -frecord-marker=4 -fallow-argument-mismatch -fallow-invalid-boz   -I../dyn_em  -I/home/hnavarro/Desktop/WRF/BUILD_WRF/WRF/external/esmf_time_f90  -I/home/hnavarro/Desktop/WRF/BUILD_WRF/WRF/main -I/home/hnavarro/Desktop/WRF/BUILD_WRF/WRF/external/io_netcdf -I/home/hnavarro/Desktop/WRF/BUILD_WRF/WRF/external/io_int -I/home/hnavarro/Desktop/WRF/BUILD_WRF/WRF/frame -I/home/hnavarro/Desktop/WRF/BUILD_WRF/WRF/share -I/home/hnavarro/Desktop/WRF/BUILD_WRF/WRF/phys -I/home/hnavarro/Desktop/WRF/BUILD_WRF/WRF/wrftladj -I/home/hnavarro/Desktop/WRF/BUILD_WRF/WRF/chem -I/home/hnavarro/Desktop/WRF/BUILD_WRF/WRF/inc -I/home/hnavarro/Desktop/WRF/Install-WRF-Chem/LIBRARIES/netcdf/include    module_peg_util.f90
0.03user 0.05system 0:00.09elapsed 98%CPU (0avgtext+0avgdata 25472maxresident)k
0inputs+32outputs (0major+7614minor)pagefaults 0swaps
rm -f module_data_cmu_bulkaqchem.o
sed -e "s/^\!.*'.*//" -e "s/^ *\!.*'.*//" module_data_cmu_bulkaqchem.F > module_data_cmu_bulkaqchem.G
/lib/cpp -P -nostdinc -I/home/hnavarro/Desktop/WRF/BUILD_WRF/WRF/inc -DEM_CORE=1 -DNMM_CORE=0 -DNMM_MAX_DIM=2600 -DDA_CORE=0 -DWRFPLUS=0 -DIWORDSIZE=4 -DDWORDSIZE=8 -DRWORDSIZE=4 -DLWORDSIZE=4 -DNONSTANDARD_SYSTEM_SUBR  -DWRF_USE_CLM  -DDM_PARALLEL -DNETCDF -DLANDREAD_STUB=1 -DUSE_ALLOCATABLES -Dwrfmodel -DGRIB1 -DINTIO -DKEEP_INT_AROUND -DLIMIT_ARGS -DBUILD_RRTMG_FAST=0 -DBUILD_RRTMK=0 -DBUILD_SBM_FAST=1 -DSHOW_ALL_VARS_USED=0 -DCONFIG_BUF_LEN=65536 -DMAX_DOMAINS_F=21 -DMAX_HISTORY=25 -DNMM_NEST=0 -DWRF_CHEM -DBUILD_CHEM=1 -I. -traditional-cpp   module_data_cmu_bulkaqchem.G  > module_data_cmu_bulkaqchem.bb
/home/hnavarro/Desktop/WRF/BUILD_WRF/WRF/tools/standard.exe module_data_cmu_bulkaqchem.bb | /lib/cpp -P -nostdinc -traditional-cpp > module_data_cmu_bulkaqchem.f90
rm -f module_data_cmu_bulkaqchem.G module_data_cmu_bulkaqchem.bb
time mpif90 -f90=gfortran -o module_data_cmu_bulkaqchem.o -c -O2 -ftree-vectorize -funroll-loops -w -ffree-form -ffree-line-length-none -fconvert=big-endian -frecord-marker=4 -fallow-argument-mismatch -fallow-invalid-boz   -I../dyn_em  -I/home/hnavarro/Desktop/WRF/BUILD_WRF/WRF/external/esmf_time_f90  -I/home/hnavarro/Desktop/WRF/BUILD_WRF/WRF/main -I/home/hnavarro/Desktop/WRF/BUILD_WRF/WRF/external/io_netcdf -I/home/hnavarro/Desktop/WRF/BUILD_WRF/WRF/external/io_int -I/home/hnavarro/Desktop/WRF/BUILD_WRF/WRF/frame -I/home/hnavarro/Desktop/WRF/BUILD_WRF/WRF/share -I/home/hnavarro/Desktop/WRF/BUILD_WRF/WRF/phys -I/home/hnavarro/Desktop/WRF/BUILD_WRF/WRF/wrftladj -I/home/hnavarro/Desktop/WRF/BUILD_WRF/WRF/chem -I/home/hnavarro/Desktop/WRF/BUILD_WRF/WRF/inc -I/home/hnavarro/Desktop/WRF/Install-WRF-Chem/LIBRARIES/netcdf/include    module_data_cmu_bulkaqchem.f90
0.02user 0.04system 0:00.06elapsed 97%CPU (0avgtext+0avgdata 16128maxresident)k
0inputs+32outputs (0major+7085minor)pagefaults 0swaps
rm -f module_data_gocartchem.o
sed -e "s/^\!.*'.*//" -e "s/^ *\!.*'.*//" module_data_gocartchem.F > module_data_gocartchem.G
/lib/cpp -P -nostdinc -I/home/hnavarro/Desktop/WRF/BUILD_WRF/WRF/inc -DEM_CORE=1 -DNMM_CORE=0 -DNMM_MAX_DIM=2600 -DDA_CORE=0 -DWRFPLUS=0 -DIWORDSIZE=4 -DDWORDSIZE=8 -DRWORDSIZE=4 -DLWORDSIZE=4 -DNONSTANDARD_SYSTEM_SUBR  -DWRF_USE_CLM  -DDM_PARALLEL -DNETCDF -DLANDREAD_STUB=1 -DUSE_ALLOCATABLES -Dwrfmodel -DGRIB1 -DINTIO -DKEEP_INT_AROUND -DLIMIT_ARGS -DBUILD_RRTMG_FAST=0 -DBUILD_RRTMK=0 -DBUILD_SBM_FAST=1 -DSHOW_ALL_VARS_USED=0 -DCONFIG_BUF_LEN=65536 -DMAX_DOMAINS_F=21 -DMAX_HISTORY=25 -DNMM_NEST=0 -DWRF_CHEM -DBUILD_CHEM=1 -I. -traditional-cpp   module_data_gocartchem.G  > module_data_gocartchem.bb
/home/hnavarro/Desktop/WRF/BUILD_WRF/WRF/tools/standard.exe module_data_gocartchem.bb | /lib/cpp -P -nostdinc -traditional-cpp > module_data_gocartchem.f90
rm -f module_data_gocartchem.G module_data_gocartchem.bb
time mpif90 -f90=gfortran -o module_data_gocartchem.o -c -O2 -ftree-vectorize -funroll-loops -w -ffree-form -ffree-line-length-none -fconvert=big-endian -frecord-marker=4 -fallow-argument-mismatch -fallow-invalid-boz   -I../dyn_em  -I/home/hnavarro/Desktop/WRF/BUILD_WRF/WRF/external/esmf_time_f90  -I/home/hnavarro/Desktop/WRF/BUILD_WRF/WRF/main -I/home/hnavarro/Desktop/WRF/BUILD_WRF/WRF/external/io_netcdf -I/home/hnavarro/Desktop/WRF/BUILD_WRF/WRF/external/io_int -I/home/hnavarro/Desktop/WRF/BUILD_WRF/WRF/frame -I/home/hnavarro/Desktop/WRF/BUILD_WRF/WRF/share -I/home/hnavarro/Desktop/WRF/BUILD_WRF/WRF/phys -I/home/hnavarro/Desktop/WRF/BUILD_WRF/WRF/wrftladj -I/home/hnavarro/Desktop/WRF/BUILD_WRF/WRF/chem -I/home/hnavarro/Desktop/WRF/BUILD_WRF/WRF/inc -I/home/hnavarro/Desktop/WRF/Install-WRF-Chem/LIBRARIES/netcdf/include    module_data_gocartchem.f90
0.02user 0.05system 0:00.09elapsed 90%CPU (0avgtext+0avgdata 16000maxresident)k
0inputs+24outputs (0major+7055minor)pagefaults 0swaps
rm -f module_data_gocart_seas.o
sed -e "s/^\!.*'.*//" -e "s/^ *\!.*'.*//" module_data_gocart_seas.F > module_data_gocart_seas.G
/lib/cpp -P -nostdinc -I/home/hnavarro/Desktop/WRF/BUILD_WRF/WRF/inc -DEM_CORE=1 -DNMM_CORE=0 -DNMM_MAX_DIM=2600 -DDA_CORE=0 -DWRFPLUS=0 -DIWORDSIZE=4 -DDWORDSIZE=8 -DRWORDSIZE=4 -DLWORDSIZE=4 -DNONSTANDARD_SYSTEM_SUBR  -DWRF_USE_CLM  -DDM_PARALLEL -DNETCDF -DLANDREAD_STUB=1 -DUSE_ALLOCATABLES -Dwrfmodel -DGRIB1 -DINTIO -DKEEP_INT_AROUND -DLIMIT_ARGS -DBUILD_RRTMG_FAST=0 -DBUILD_RRTMK=0 -DBUILD_SBM_FAST=1 -DSHOW_ALL_VARS_USED=0 -DCONFIG_BUF_LEN=65536 -DMAX_DOMAINS_F=21 -DMAX_HISTORY=25 -DNMM_NEST=0 -DWRF_CHEM -DBUILD_CHEM=1 -I. -traditional-cpp   module_data_gocart_seas.G  > module_data_gocart_seas.bb
/home/hnavarro/Desktop/WRF/BUILD_WRF/WRF/tools/standard.exe module_data_gocart_seas.bb | /lib/cpp -P -nostdinc -traditional-cpp > module_data_gocart_seas.f90
rm -f module_data_gocart_seas.G module_data_gocart_seas.bb
time mpif90 -f90=gfortran -o module_data_gocart_seas.o -c -O2 -ftree-vectorize -funroll-loops -w -ffree-form -ffree-line-length-none -fconvert=big-endian -frecord-marker=4 -fallow-argument-mismatch -fallow-invalid-boz   -I../dyn_em  -I/home/hnavarro/Desktop/WRF/BUILD_WRF/WRF/external/esmf_time_f90  -I/home/hnavarro/Desktop/WRF/BUILD_WRF/WRF/main -I/home/hnavarro/Desktop/WRF/BUILD_WRF/WRF/external/io_netcdf -I/home/hnavarro/Desktop/WRF/BUILD_WRF/WRF/external/io_int -I/home/hnavarro/Desktop/WRF/BUILD_WRF/WRF/frame -I/home/hnavarro/Desktop/WRF/BUILD_WRF/WRF/share -I/home/hnavarro/Desktop/WRF/BUILD_WRF/WRF/phys -I/home/hnavarro/Desktop/WRF/BUILD_WRF/WRF/wrftladj -I/home/hnavarro/Desktop/WRF/BUILD_WRF/WRF/chem -I/home/hnavarro/Desktop/WRF/BUILD_WRF/WRF/inc -I/home/hnavarro/Desktop/WRF/Install-WRF-Chem/LIBRARIES/netcdf/include    module_data_gocart_seas.f90
0.02user 0.05system 0:00.07elapsed 96%CPU (0avgtext+0avgdata 16000maxresident)k
0inputs+24outputs (0major+7057minor)pagefaults 0swaps
rm -f module_data_mosaic_kind.o
sed -e "s/^\!.*'.*//" -e "s/^ *\!.*'.*//" module_data_mosaic_kind.F > module_data_mosaic_kind.G
/lib/cpp -P -nostdinc -I/home/hnavarro/Desktop/WRF/BUILD_WRF/WRF/inc -DEM_CORE=1 -DNMM_CORE=0 -DNMM_MAX_DIM=2600 -DDA_CORE=0 -DWRFPLUS=0 -DIWORDSIZE=4 -DDWORDSIZE=8 -DRWORDSIZE=4 -DLWORDSIZE=4 -DNONSTANDARD_SYSTEM_SUBR  -DWRF_USE_CLM  -DDM_PARALLEL -DNETCDF -DLANDREAD_STUB=1 -DUSE_ALLOCATABLES -Dwrfmodel -DGRIB1 -DINTIO -DKEEP_INT_AROUND -DLIMIT_ARGS -DBUILD_RRTMG_FAST=0 -DBUILD_RRTMK=0 -DBUILD_SBM_FAST=1 -DSHOW_ALL_VARS_USED=0 -DCONFIG_BUF_LEN=65536 -DMAX_DOMAINS_F=21 -DMAX_HISTORY=25 -DNMM_NEST=0 -DWRF_CHEM -DBUILD_CHEM=1 -I. -traditional-cpp   module_data_mosaic_kind.G  > module_data_mosaic_kind.bb
/home/hnavarro/Desktop/WRF/BUILD_WRF/WRF/tools/standard.exe module_data_mosaic_kind.bb | /lib/cpp -P -nostdinc -traditional-cpp > module_data_mosaic_kind.f90
4.93user 0.07system 0:05.01elapsed 99%CPU (0avgtext+0avgdata 45356maxresident)k
0inputs+120outputs (0major+14463minor)pagefaults 0swaps
rm -f module_data_mosaic_other.o
sed -e "s/^\!.*'.*//" -e "s/^ *\!.*'.*//" module_data_mosaic_other.F > module_data_mosaic_other.G
/lib/cpp -P -nostdinc -I/home/hnavarro/Desktop/WRF/BUILD_WRF/WRF/inc -DEM_CORE=1 -DNMM_CORE=0 -DNMM_MAX_DIM=2600 -DDA_CORE=0 -DWRFPLUS=0 -DIWORDSIZE=4 -DDWORDSIZE=8 -DRWORDSIZE=4 -DLWORDSIZE=4 -DNONSTANDARD_SYSTEM_SUBR  -DWRF_USE_CLM  -DDM_PARALLEL -DNETCDF -DLANDREAD_STUB=1 -DUSE_ALLOCATABLES -Dwrfmodel -DGRIB1 -DINTIO -DKEEP_INT_AROUND -DLIMIT_ARGS -DBUILD_RRTMG_FAST=0 -DBUILD_RRTMK=0 -DBUILD_SBM_FAST=1 -DSHOW_ALL_VARS_USED=0 -DCONFIG_BUF_LEN=65536 -DMAX_DOMAINS_F=21 -DMAX_HISTORY=25 -DNMM_NEST=0 -DWRF_CHEM -DBUILD_CHEM=1 -I. -traditional-cpp   module_data_mosaic_other.G  > module_data_mosaic_other.bb
rm -f module_data_mosaic_kind.G module_data_mosaic_kind.bb
time mpif90 -f90=gfortran -o module_data_mosaic_kind.o -c -O2 -ftree-vectorize -funroll-loops -w -ffree-form -ffree-line-length-none -fconvert=big-endian -frecord-marker=4 -fallow-argument-mismatch -fallow-invalid-boz   -I../dyn_em  -I/home/hnavarro/Desktop/WRF/BUILD_WRF/WRF/external/esmf_time_f90  -I/home/hnavarro/Desktop/WRF/BUILD_WRF/WRF/main -I/home/hnavarro/Desktop/WRF/BUILD_WRF/WRF/external/io_netcdf -I/home/hnavarro/Desktop/WRF/BUILD_WRF/WRF/external/io_int -I/home/hnavarro/Desktop/WRF/BUILD_WRF/WRF/frame -I/home/hnavarro/Desktop/WRF/BUILD_WRF/WRF/share -I/home/hnavarro/Desktop/WRF/BUILD_WRF/WRF/phys -I/home/hnavarro/Desktop/WRF/BUILD_WRF/WRF/wrftladj -I/home/hnavarro/Desktop/WRF/BUILD_WRF/WRF/chem -I/home/hnavarro/Desktop/WRF/BUILD_WRF/WRF/inc -I/home/hnavarro/Desktop/WRF/Install-WRF-Chem/LIBRARIES/netcdf/include    module_data_mosaic_kind.f90
/home/hnavarro/Desktop/WRF/BUILD_WRF/WRF/tools/standard.exe module_data_mosaic_other.bb | /lib/cpp -P -nostdinc -traditional-cpp > module_data_mosaic_other.f90
rm -f module_data_mosaic_other.G module_data_mosaic_other.bb
time mpif90 -f90=gfortran -o module_data_mosaic_other.o -c -O2 -ftree-vectorize -funroll-loops -w -ffree-form -ffree-line-length-none -fconvert=big-endian -frecord-marker=4 -fallow-argument-mismatch -fallow-invalid-boz   -I../dyn_em  -I/home/hnavarro/Desktop/WRF/BUILD_WRF/WRF/external/esmf_time_f90  -I/home/hnavarro/Desktop/WRF/BUILD_WRF/WRF/main -I/home/hnavarro/Desktop/WRF/BUILD_WRF/WRF/external/io_netcdf -I/home/hnavarro/Desktop/WRF/BUILD_WRF/WRF/external/io_int -I/home/hnavarro/Desktop/WRF/BUILD_WRF/WRF/frame -I/home/hnavarro/Desktop/WRF/BUILD_WRF/WRF/share -I/home/hnavarro/Desktop/WRF/BUILD_WRF/WRF/phys -I/home/hnavarro/Desktop/WRF/BUILD_WRF/WRF/wrftladj -I/home/hnavarro/Desktop/WRF/BUILD_WRF/WRF/chem -I/home/hnavarro/Desktop/WRF/BUILD_WRF/WRF/inc -I/home/hnavarro/Desktop/WRF/Install-WRF-Chem/LIBRARIES/netcdf/include    module_data_mosaic_other.f90
0.01user 0.04system 0:00.06elapsed 101%CPU (0avgtext+0avgdata 15488maxresident)k
0inputs+24outputs (0major+7035minor)pagefaults 0swaps
rm -f module_data_radm2.o
sed -e "s/^\!.*'.*//" -e "s/^ *\!.*'.*//" module_data_radm2.F > module_data_radm2.G
/lib/cpp -P -nostdinc -I/home/hnavarro/Desktop/WRF/BUILD_WRF/WRF/inc -DEM_CORE=1 -DNMM_CORE=0 -DNMM_MAX_DIM=2600 -DDA_CORE=0 -DWRFPLUS=0 -DIWORDSIZE=4 -DDWORDSIZE=8 -DRWORDSIZE=4 -DLWORDSIZE=4 -DNONSTANDARD_SYSTEM_SUBR  -DWRF_USE_CLM  -DDM_PARALLEL -DNETCDF -DLANDREAD_STUB=1 -DUSE_ALLOCATABLES -Dwrfmodel -DGRIB1 -DINTIO -DKEEP_INT_AROUND -DLIMIT_ARGS -DBUILD_RRTMG_FAST=0 -DBUILD_RRTMK=0 -DBUILD_SBM_FAST=1 -DSHOW_ALL_VARS_USED=0 -DCONFIG_BUF_LEN=65536 -DMAX_DOMAINS_F=21 -DMAX_HISTORY=25 -DNMM_NEST=0 -DWRF_CHEM -DBUILD_CHEM=1 -I. -traditional-cpp   module_data_radm2.G  > module_data_radm2.bb
/home/hnavarro/Desktop/WRF/BUILD_WRF/WRF/tools/standard.exe module_data_radm2.bb | /lib/cpp -P -nostdinc -traditional-cpp > module_data_radm2.f90
rm -f module_data_radm2.G module_data_radm2.bb
time mpif90 -f90=gfortran -o module_data_radm2.o -c -O2 -ftree-vectorize -funroll-loops -w -ffree-form -ffree-line-length-none -fconvert=big-endian -frecord-marker=4 -fallow-argument-mismatch -fallow-invalid-boz   -I../dyn_em  -I/home/hnavarro/Desktop/WRF/BUILD_WRF/WRF/external/esmf_time_f90  -I/home/hnavarro/Desktop/WRF/BUILD_WRF/WRF/main -I/home/hnavarro/Desktop/WRF/BUILD_WRF/WRF/external/io_netcdf -I/home/hnavarro/Desktop/WRF/BUILD_WRF/WRF/external/io_int -I/home/hnavarro/Desktop/WRF/BUILD_WRF/WRF/frame -I/home/hnavarro/Desktop/WRF/BUILD_WRF/WRF/share -I/home/hnavarro/Desktop/WRF/BUILD_WRF/WRF/phys -I/home/hnavarro/Desktop/WRF/BUILD_WRF/WRF/wrftladj -I/home/hnavarro/Desktop/WRF/BUILD_WRF/WRF/chem -I/home/hnavarro/Desktop/WRF/BUILD_WRF/WRF/inc -I/home/hnavarro/Desktop/WRF/Install-WRF-Chem/LIBRARIES/netcdf/include    module_data_radm2.f90
0.02user 0.03system 0:00.06elapsed 101%CPU (0avgtext+0avgdata 16256maxresident)k
0inputs+104outputs (0major+7174minor)pagefaults 0swaps
rm -f module_data_rrtmgaeropt.o
sed -e "s/^\!.*'.*//" -e "s/^ *\!.*'.*//" module_data_rrtmgaeropt.F > module_data_rrtmgaeropt.G
/lib/cpp -P -nostdinc -I/home/hnavarro/Desktop/WRF/BUILD_WRF/WRF/inc -DEM_CORE=1 -DNMM_CORE=0 -DNMM_MAX_DIM=2600 -DDA_CORE=0 -DWRFPLUS=0 -DIWORDSIZE=4 -DDWORDSIZE=8 -DRWORDSIZE=4 -DLWORDSIZE=4 -DNONSTANDARD_SYSTEM_SUBR  -DWRF_USE_CLM  -DDM_PARALLEL -DNETCDF -DLANDREAD_STUB=1 -DUSE_ALLOCATABLES -Dwrfmodel -DGRIB1 -DINTIO -DKEEP_INT_AROUND -DLIMIT_ARGS -DBUILD_RRTMG_FAST=0 -DBUILD_RRTMK=0 -DBUILD_SBM_FAST=1 -DSHOW_ALL_VARS_USED=0 -DCONFIG_BUF_LEN=65536 -DMAX_DOMAINS_F=21 -DMAX_HISTORY=25 -DNMM_NEST=0 -DWRF_CHEM -DBUILD_CHEM=1 -I. -traditional-cpp   module_data_rrtmgaeropt.G  > module_data_rrtmgaeropt.bb
/home/hnavarro/Desktop/WRF/BUILD_WRF/WRF/tools/standard.exe module_data_rrtmgaeropt.bb | /lib/cpp -P -nostdinc -traditional-cpp > module_data_rrtmgaeropt.f90
rm -f module_data_rrtmgaeropt.G module_data_rrtmgaeropt.bb
time mpif90 -f90=gfortran -o module_data_rrtmgaeropt.o -c -O2 -ftree-vectorize -funroll-loops -w -ffree-form -ffree-line-length-none -fconvert=big-endian -frecord-marker=4 -fallow-argument-mismatch -fallow-invalid-boz   -I../dyn_em  -I/home/hnavarro/Desktop/WRF/BUILD_WRF/WRF/external/esmf_time_f90  -I/home/hnavarro/Desktop/WRF/BUILD_WRF/WRF/main -I/home/hnavarro/Desktop/WRF/BUILD_WRF/WRF/external/io_netcdf -I/home/hnavarro/Desktop/WRF/BUILD_WRF/WRF/external/io_int -I/home/hnavarro/Desktop/WRF/BUILD_WRF/WRF/frame -I/home/hnavarro/Desktop/WRF/BUILD_WRF/WRF/share -I/home/hnavarro/Desktop/WRF/BUILD_WRF/WRF/phys -I/home/hnavarro/Desktop/WRF/BUILD_WRF/WRF/wrftladj -I/home/hnavarro/Desktop/WRF/BUILD_WRF/WRF/chem -I/home/hnavarro/Desktop/WRF/BUILD_WRF/WRF/inc -I/home/hnavarro/Desktop/WRF/Install-WRF-Chem/LIBRARIES/netcdf/include    module_data_rrtmgaeropt.f90
0.04user 0.07system 0:00.12elapsed 101%CPU (0avgtext+0avgdata 16896maxresident)k
0inputs+40outputs (0major+7323minor)pagefaults 0swaps
rm -f module_data_megan2.o
sed -e "s/^\!.*'.*//" -e "s/^ *\!.*'.*//" module_data_megan2.F > module_data_megan2.G
/lib/cpp -P -nostdinc -I/home/hnavarro/Desktop/WRF/BUILD_WRF/WRF/inc -DEM_CORE=1 -DNMM_CORE=0 -DNMM_MAX_DIM=2600 -DDA_CORE=0 -DWRFPLUS=0 -DIWORDSIZE=4 -DDWORDSIZE=8 -DRWORDSIZE=4 -DLWORDSIZE=4 -DNONSTANDARD_SYSTEM_SUBR  -DWRF_USE_CLM  -DDM_PARALLEL -DNETCDF -DLANDREAD_STUB=1 -DUSE_ALLOCATABLES -Dwrfmodel -DGRIB1 -DINTIO -DKEEP_INT_AROUND -DLIMIT_ARGS -DBUILD_RRTMG_FAST=0 -DBUILD_RRTMK=0 -DBUILD_SBM_FAST=1 -DSHOW_ALL_VARS_USED=0 -DCONFIG_BUF_LEN=65536 -DMAX_DOMAINS_F=21 -DMAX_HISTORY=25 -DNMM_NEST=0 -DWRF_CHEM -DBUILD_CHEM=1 -I. -traditional-cpp   module_data_megan2.G  > module_data_megan2.bb
/home/hnavarro/Desktop/WRF/BUILD_WRF/WRF/tools/standard.exe module_data_megan2.bb | /lib/cpp -P -nostdinc -traditional-cpp > module_data_megan2.f90
rm -f module_data_megan2.G module_data_megan2.bb
time mpif90 -f90=gfortran -o module_data_megan2.o -c -O2 -ftree-vectorize -funroll-loops -w -ffree-form -ffree-line-length-none -fconvert=big-endian -frecord-marker=4 -fallow-argument-mismatch -fallow-invalid-boz   -I../dyn_em  -I/home/hnavarro/Desktop/WRF/BUILD_WRF/WRF/external/esmf_time_f90  -I/home/hnavarro/Desktop/WRF/BUILD_WRF/WRF/main -I/home/hnavarro/Desktop/WRF/BUILD_WRF/WRF/external/io_netcdf -I/home/hnavarro/Desktop/WRF/BUILD_WRF/WRF/external/io_int -I/home/hnavarro/Desktop/WRF/BUILD_WRF/WRF/frame -I/home/hnavarro/Desktop/WRF/BUILD_WRF/WRF/share -I/home/hnavarro/Desktop/WRF/BUILD_WRF/WRF/phys -I/home/hnavarro/Desktop/WRF/BUILD_WRF/WRF/wrftladj -I/home/hnavarro/Desktop/WRF/BUILD_WRF/WRF/chem -I/home/hnavarro/Desktop/WRF/BUILD_WRF/WRF/inc -I/home/hnavarro/Desktop/WRF/Install-WRF-Chem/LIBRARIES/netcdf/include    module_data_megan2.f90
0.04user 0.07system 0:00.11elapsed 101%CPU (0avgtext+0avgdata 16768maxresident)k
0inputs+56outputs (1major+7317minor)pagefaults 0swaps
rm -f module_data_soa_vbs.o
sed -e "s/^\!.*'.*//" -e "s/^ *\!.*'.*//" module_data_soa_vbs.F > module_data_soa_vbs.G
/lib/cpp -P -nostdinc -I/home/hnavarro/Desktop/WRF/BUILD_WRF/WRF/inc -DEM_CORE=1 -DNMM_CORE=0 -DNMM_MAX_DIM=2600 -DDA_CORE=0 -DWRFPLUS=0 -DIWORDSIZE=4 -DDWORDSIZE=8 -DRWORDSIZE=4 -DLWORDSIZE=4 -DNONSTANDARD_SYSTEM_SUBR  -DWRF_USE_CLM  -DDM_PARALLEL -DNETCDF -DLANDREAD_STUB=1 -DUSE_ALLOCATABLES -Dwrfmodel -DGRIB1 -DINTIO -DKEEP_INT_AROUND -DLIMIT_ARGS -DBUILD_RRTMG_FAST=0 -DBUILD_RRTMK=0 -DBUILD_SBM_FAST=1 -DSHOW_ALL_VARS_USED=0 -DCONFIG_BUF_LEN=65536 -DMAX_DOMAINS_F=21 -DMAX_HISTORY=25 -DNMM_NEST=0 -DWRF_CHEM -DBUILD_CHEM=1 -I. -traditional-cpp   module_data_soa_vbs.G  > module_data_soa_vbs.bb
/home/hnavarro/Desktop/WRF/BUILD_WRF/WRF/tools/standard.exe module_data_soa_vbs.bb | /lib/cpp -P -nostdinc -traditional-cpp > module_data_soa_vbs.f90
rm -f module_data_soa_vbs.G module_data_soa_vbs.bb
time mpif90 -f90=gfortran -o module_data_soa_vbs.o -c -O2 -ftree-vectorize -funroll-loops -w -ffree-form -ffree-line-length-none -fconvert=big-endian -frecord-marker=4 -fallow-argument-mismatch -fallow-invalid-boz   -I../dyn_em  -I/home/hnavarro/Desktop/WRF/BUILD_WRF/WRF/external/esmf_time_f90  -I/home/hnavarro/Desktop/WRF/BUILD_WRF/WRF/main -I/home/hnavarro/Desktop/WRF/BUILD_WRF/WRF/external/io_netcdf -I/home/hnavarro/Desktop/WRF/BUILD_WRF/WRF/external/io_int -I/home/hnavarro/Desktop/WRF/BUILD_WRF/WRF/frame -I/home/hnavarro/Desktop/WRF/BUILD_WRF/WRF/share -I/home/hnavarro/Desktop/WRF/BUILD_WRF/WRF/phys -I/home/hnavarro/Desktop/WRF/BUILD_WRF/WRF/wrftladj -I/home/hnavarro/Desktop/WRF/BUILD_WRF/WRF/chem -I/home/hnavarro/Desktop/WRF/BUILD_WRF/WRF/inc -I/home/hnavarro/Desktop/WRF/Install-WRF-Chem/LIBRARIES/netcdf/include    module_data_soa_vbs.f90
0.05user 0.04system 0:00.09elapsed 97%CPU (0avgtext+0avgdata 18944maxresident)k
0inputs+72outputs (0major+7794minor)pagefaults 0swaps
rm -f module_data_soa_vbs_het.o
sed -e "s/^\!.*'.*//" -e "s/^ *\!.*'.*//" module_data_soa_vbs_het.F > module_data_soa_vbs_het.G
/lib/cpp -P -nostdinc -I/home/hnavarro/Desktop/WRF/BUILD_WRF/WRF/inc -DEM_CORE=1 -DNMM_CORE=0 -DNMM_MAX_DIM=2600 -DDA_CORE=0 -DWRFPLUS=0 -DIWORDSIZE=4 -DDWORDSIZE=8 -DRWORDSIZE=4 -DLWORDSIZE=4 -DNONSTANDARD_SYSTEM_SUBR  -DWRF_USE_CLM  -DDM_PARALLEL -DNETCDF -DLANDREAD_STUB=1 -DUSE_ALLOCATABLES -Dwrfmodel -DGRIB1 -DINTIO -DKEEP_INT_AROUND -DLIMIT_ARGS -DBUILD_RRTMG_FAST=0 -DBUILD_RRTMK=0 -DBUILD_SBM_FAST=1 -DSHOW_ALL_VARS_USED=0 -DCONFIG_BUF_LEN=65536 -DMAX_DOMAINS_F=21 -DMAX_HISTORY=25 -DNMM_NEST=0 -DWRF_CHEM -DBUILD_CHEM=1 -I. -traditional-cpp   module_data_soa_vbs_het.G  > module_data_soa_vbs_het.bb
0.02user 0.03system 0:00.06elapsed 98%CPU (0avgtext+0avgdata 16640maxresident)k
0inputs+96outputs (0major+7379minor)pagefaults 0swaps
rm -f module_data_sorgam.o
sed -e "s/^\!.*'.*//" -e "s/^ *\!.*'.*//" module_data_sorgam.F > module_data_sorgam.G
/lib/cpp -P -nostdinc -I/home/hnavarro/Desktop/WRF/BUILD_WRF/WRF/inc -DEM_CORE=1 -DNMM_CORE=0 -DNMM_MAX_DIM=2600 -DDA_CORE=0 -DWRFPLUS=0 -DIWORDSIZE=4 -DDWORDSIZE=8 -DRWORDSIZE=4 -DLWORDSIZE=4 -DNONSTANDARD_SYSTEM_SUBR  -DWRF_USE_CLM  -DDM_PARALLEL -DNETCDF -DLANDREAD_STUB=1 -DUSE_ALLOCATABLES -Dwrfmodel -DGRIB1 -DINTIO -DKEEP_INT_AROUND -DLIMIT_ARGS -DBUILD_RRTMG_FAST=0 -DBUILD_RRTMK=0 -DBUILD_SBM_FAST=1 -DSHOW_ALL_VARS_USED=0 -DCONFIG_BUF_LEN=65536 -DMAX_DOMAINS_F=21 -DMAX_HISTORY=25 -DNMM_NEST=0 -DWRF_CHEM -DBUILD_CHEM=1 -I. -traditional-cpp   module_data_sorgam.G  > module_data_sorgam.bb
/home/hnavarro/Desktop/WRF/BUILD_WRF/WRF/tools/standard.exe module_data_soa_vbs_het.bb | /lib/cpp -P -nostdinc -traditional-cpp > module_data_soa_vbs_het.f90
/home/hnavarro/Desktop/WRF/BUILD_WRF/WRF/tools/standard.exe module_data_sorgam.bb | /lib/cpp -P -nostdinc -traditional-cpp > module_data_sorgam.f90
rm -f module_data_soa_vbs_het.G module_data_soa_vbs_het.bb
time mpif90 -f90=gfortran -o module_data_soa_vbs_het.o -c -O2 -ftree-vectorize -funroll-loops -w -ffree-form -ffree-line-length-none -fconvert=big-endian -frecord-marker=4 -fallow-argument-mismatch -fallow-invalid-boz   -I../dyn_em  -I/home/hnavarro/Desktop/WRF/BUILD_WRF/WRF/external/esmf_time_f90  -I/home/hnavarro/Desktop/WRF/BUILD_WRF/WRF/main -I/home/hnavarro/Desktop/WRF/BUILD_WRF/WRF/external/io_netcdf -I/home/hnavarro/Desktop/WRF/BUILD_WRF/WRF/external/io_int -I/home/hnavarro/Desktop/WRF/BUILD_WRF/WRF/frame -I/home/hnavarro/Desktop/WRF/BUILD_WRF/WRF/share -I/home/hnavarro/Desktop/WRF/BUILD_WRF/WRF/phys -I/home/hnavarro/Desktop/WRF/BUILD_WRF/WRF/wrftladj -I/home/hnavarro/Desktop/WRF/BUILD_WRF/WRF/chem -I/home/hnavarro/Desktop/WRF/BUILD_WRF/WRF/inc -I/home/hnavarro/Desktop/WRF/Install-WRF-Chem/LIBRARIES/netcdf/include    module_data_soa_vbs_het.f90
rm -f module_data_sorgam.G module_data_sorgam.bb
time mpif90 -f90=gfortran -o module_data_sorgam.o -c -O2 -ftree-vectorize -funroll-loops -w -ffree-form -ffree-line-length-none -fconvert=big-endian -frecord-marker=4 -fallow-argument-mismatch -fallow-invalid-boz   -I../dyn_em  -I/home/hnavarro/Desktop/WRF/BUILD_WRF/WRF/external/esmf_time_f90  -I/home/hnavarro/Desktop/WRF/BUILD_WRF/WRF/main -I/home/hnavarro/Desktop/WRF/BUILD_WRF/WRF/external/io_netcdf -I/home/hnavarro/Desktop/WRF/BUILD_WRF/WRF/external/io_int -I/home/hnavarro/Desktop/WRF/BUILD_WRF/WRF/frame -I/home/hnavarro/Desktop/WRF/BUILD_WRF/WRF/share -I/home/hnavarro/Desktop/WRF/BUILD_WRF/WRF/phys -I/home/hnavarro/Desktop/WRF/BUILD_WRF/WRF/wrftladj -I/home/hnavarro/Desktop/WRF/BUILD_WRF/WRF/chem -I/home/hnavarro/Desktop/WRF/BUILD_WRF/WRF/inc -I/home/hnavarro/Desktop/WRF/Install-WRF-Chem/LIBRARIES/netcdf/include    module_data_sorgam.f90
0.02user 0.04system 0:00.06elapsed 100%CPU (0avgtext+0avgdata 16512maxresident)k
0inputs+96outputs (5major+7426minor)pagefaults 0swaps
rm -f module_data_sorgam_vbs.o
sed -e "s/^\!.*'.*//" -e "s/^ *\!.*'.*//" module_data_sorgam_vbs.F > module_data_sorgam_vbs.G
/lib/cpp -P -nostdinc -I/home/hnavarro/Desktop/WRF/BUILD_WRF/WRF/inc -DEM_CORE=1 -DNMM_CORE=0 -DNMM_MAX_DIM=2600 -DDA_CORE=0 -DWRFPLUS=0 -DIWORDSIZE=4 -DDWORDSIZE=8 -DRWORDSIZE=4 -DLWORDSIZE=4 -DNONSTANDARD_SYSTEM_SUBR  -DWRF_USE_CLM  -DDM_PARALLEL -DNETCDF -DLANDREAD_STUB=1 -DUSE_ALLOCATABLES -Dwrfmodel -DGRIB1 -DINTIO -DKEEP_INT_AROUND -DLIMIT_ARGS -DBUILD_RRTMG_FAST=0 -DBUILD_RRTMK=0 -DBUILD_SBM_FAST=1 -DSHOW_ALL_VARS_USED=0 -DCONFIG_BUF_LEN=65536 -DMAX_DOMAINS_F=21 -DMAX_HISTORY=25 -DNMM_NEST=0 -DWRF_CHEM -DBUILD_CHEM=1 -I. -traditional-cpp   module_data_sorgam_vbs.G  > module_data_sorgam_vbs.bb
/home/hnavarro/Desktop/WRF/BUILD_WRF/WRF/tools/standard.exe module_data_sorgam_vbs.bb | /lib/cpp -P -nostdinc -traditional-cpp > module_data_sorgam_vbs.f90
0.03user 0.05system 0:00.08elapsed 98%CPU (0avgtext+0avgdata 16500maxresident)k
0inputs+88outputs (5major+7367minor)pagefaults 0swaps
rm -f module_wave_data.o
sed -e "s/^\!.*'.*//" -e "s/^ *\!.*'.*//" module_wave_data.F > module_wave_data.G
/lib/cpp -P -nostdinc -I/home/hnavarro/Desktop/WRF/BUILD_WRF/WRF/inc -DEM_CORE=1 -DNMM_CORE=0 -DNMM_MAX_DIM=2600 -DDA_CORE=0 -DWRFPLUS=0 -DIWORDSIZE=4 -DDWORDSIZE=8 -DRWORDSIZE=4 -DLWORDSIZE=4 -DNONSTANDARD_SYSTEM_SUBR  -DWRF_USE_CLM  -DDM_PARALLEL -DNETCDF -DLANDREAD_STUB=1 -DUSE_ALLOCATABLES -Dwrfmodel -DGRIB1 -DINTIO -DKEEP_INT_AROUND -DLIMIT_ARGS -DBUILD_RRTMG_FAST=0 -DBUILD_RRTMK=0 -DBUILD_SBM_FAST=1 -DSHOW_ALL_VARS_USED=0 -DCONFIG_BUF_LEN=65536 -DMAX_DOMAINS_F=21 -DMAX_HISTORY=25 -DNMM_NEST=0 -DWRF_CHEM -DBUILD_CHEM=1 -I. -traditional-cpp   module_wave_data.G  > module_wave_data.bb
rm -f module_data_sorgam_vbs.G module_data_sorgam_vbs.bb
time mpif90 -f90=gfortran -o module_data_sorgam_vbs.o -c -O2 -ftree-vectorize -funroll-loops -w -ffree-form -ffree-line-length-none -fconvert=big-endian -frecord-marker=4 -fallow-argument-mismatch -fallow-invalid-boz   -I../dyn_em  -I/home/hnavarro/Desktop/WRF/BUILD_WRF/WRF/external/esmf_time_f90  -I/home/hnavarro/Desktop/WRF/BUILD_WRF/WRF/main -I/home/hnavarro/Desktop/WRF/BUILD_WRF/WRF/external/io_netcdf -I/home/hnavarro/Desktop/WRF/BUILD_WRF/WRF/external/io_int -I/home/hnavarro/Desktop/WRF/BUILD_WRF/WRF/frame -I/home/hnavarro/Desktop/WRF/BUILD_WRF/WRF/share -I/home/hnavarro/Desktop/WRF/BUILD_WRF/WRF/phys -I/home/hnavarro/Desktop/WRF/BUILD_WRF/WRF/wrftladj -I/home/hnavarro/Desktop/WRF/BUILD_WRF/WRF/chem -I/home/hnavarro/Desktop/WRF/BUILD_WRF/WRF/inc -I/home/hnavarro/Desktop/WRF/Install-WRF-Chem/LIBRARIES/netcdf/include    module_data_sorgam_vbs.f90
/home/hnavarro/Desktop/WRF/BUILD_WRF/WRF/tools/standard.exe module_wave_data.bb | /lib/cpp -P -nostdinc -traditional-cpp > module_wave_data.f90
rm -f module_wave_data.G module_wave_data.bb
time mpif90 -f90=gfortran -o module_wave_data.o -c -O2 -ftree-vectorize -funroll-loops -w -ffree-form -ffree-line-length-none -fconvert=big-endian -frecord-marker=4 -fallow-argument-mismatch -fallow-invalid-boz   -I../dyn_em  -I/home/hnavarro/Desktop/WRF/BUILD_WRF/WRF/external/esmf_time_f90  -I/home/hnavarro/Desktop/WRF/BUILD_WRF/WRF/main -I/home/hnavarro/Desktop/WRF/BUILD_WRF/WRF/external/io_netcdf -I/home/hnavarro/Desktop/WRF/BUILD_WRF/WRF/external/io_int -I/home/hnavarro/Desktop/WRF/BUILD_WRF/WRF/frame -I/home/hnavarro/Desktop/WRF/BUILD_WRF/WRF/share -I/home/hnavarro/Desktop/WRF/BUILD_WRF/WRF/phys -I/home/hnavarro/Desktop/WRF/BUILD_WRF/WRF/wrftladj -I/home/hnavarro/Desktop/WRF/BUILD_WRF/WRF/chem -I/home/hnavarro/Desktop/WRF/BUILD_WRF/WRF/inc -I/home/hnavarro/Desktop/WRF/Install-WRF-Chem/LIBRARIES/netcdf/include    module_wave_data.f90
0.02user 0.04system 0:00.07elapsed 94%CPU (0avgtext+0avgdata 16512maxresident)k
0inputs+96outputs (3major+7415minor)pagefaults 0swaps
rm -f module_ghg_fluxes.o
sed -e "s/^\!.*'.*//" -e "s/^ *\!.*'.*//" module_ghg_fluxes.F > module_ghg_fluxes.G
/lib/cpp -P -nostdinc -I/home/hnavarro/Desktop/WRF/BUILD_WRF/WRF/inc -DEM_CORE=1 -DNMM_CORE=0 -DNMM_MAX_DIM=2600 -DDA_CORE=0 -DWRFPLUS=0 -DIWORDSIZE=4 -DDWORDSIZE=8 -DRWORDSIZE=4 -DLWORDSIZE=4 -DNONSTANDARD_SYSTEM_SUBR  -DWRF_USE_CLM  -DDM_PARALLEL -DNETCDF -DLANDREAD_STUB=1 -DUSE_ALLOCATABLES -Dwrfmodel -DGRIB1 -DINTIO -DKEEP_INT_AROUND -DLIMIT_ARGS -DBUILD_RRTMG_FAST=0 -DBUILD_RRTMK=0 -DBUILD_SBM_FAST=1 -DSHOW_ALL_VARS_USED=0 -DCONFIG_BUF_LEN=65536 -DMAX_DOMAINS_F=21 -DMAX_HISTORY=25 -DNMM_NEST=0 -DWRF_CHEM -DBUILD_CHEM=1 -I. -traditional-cpp   module_ghg_fluxes.G  > module_ghg_fluxes.bb
/home/hnavarro/Desktop/WRF/BUILD_WRF/WRF/tools/standard.exe module_ghg_fluxes.bb | /lib/cpp -P -nostdinc -traditional-cpp > module_ghg_fluxes.f90
rm -f module_ghg_fluxes.G module_ghg_fluxes.bb
time mpif90 -f90=gfortran -o module_ghg_fluxes.o -c -O2 -ftree-vectorize -funroll-loops -w -ffree-form -ffree-line-length-none -fconvert=big-endian -frecord-marker=4 -fallow-argument-mismatch -fallow-invalid-boz   -I../dyn_em  -I/home/hnavarro/Desktop/WRF/BUILD_WRF/WRF/external/esmf_time_f90  -I/home/hnavarro/Desktop/WRF/BUILD_WRF/WRF/main -I/home/hnavarro/Desktop/WRF/BUILD_WRF/WRF/external/io_netcdf -I/home/hnavarro/Desktop/WRF/BUILD_WRF/WRF/external/io_int -I/home/hnavarro/Desktop/WRF/BUILD_WRF/WRF/frame -I/home/hnavarro/Desktop/WRF/BUILD_WRF/WRF/share -I/home/hnavarro/Desktop/WRF/BUILD_WRF/WRF/phys -I/home/hnavarro/Desktop/WRF/BUILD_WRF/WRF/wrftladj -I/home/hnavarro/Desktop/WRF/BUILD_WRF/WRF/chem -I/home/hnavarro/Desktop/WRF/BUILD_WRF/WRF/inc -I/home/hnavarro/Desktop/WRF/Install-WRF-Chem/LIBRARIES/netcdf/include    module_ghg_fluxes.f90
0.33user 0.04system 0:00.38elapsed 99%CPU (0avgtext+0avgdata 40812maxresident)k
0inputs+560outputs (8major+10787minor)pagefaults 0swaps
rm -f module_gocart_drydep.o
sed -e "s/^\!.*'.*//" -e "s/^ *\!.*'.*//" module_gocart_drydep.F > module_gocart_drydep.G
/lib/cpp -P -nostdinc -I/home/hnavarro/Desktop/WRF/BUILD_WRF/WRF/inc -DEM_CORE=1 -DNMM_CORE=0 -DNMM_MAX_DIM=2600 -DDA_CORE=0 -DWRFPLUS=0 -DIWORDSIZE=4 -DDWORDSIZE=8 -DRWORDSIZE=4 -DLWORDSIZE=4 -DNONSTANDARD_SYSTEM_SUBR  -DWRF_USE_CLM  -DDM_PARALLEL -DNETCDF -DLANDREAD_STUB=1 -DUSE_ALLOCATABLES -Dwrfmodel -DGRIB1 -DINTIO -DKEEP_INT_AROUND -DLIMIT_ARGS -DBUILD_RRTMG_FAST=0 -DBUILD_RRTMK=0 -DBUILD_SBM_FAST=1 -DSHOW_ALL_VARS_USED=0 -DCONFIG_BUF_LEN=65536 -DMAX_DOMAINS_F=21 -DMAX_HISTORY=25 -DNMM_NEST=0 -DWRF_CHEM -DBUILD_CHEM=1 -I. -traditional-cpp   module_gocart_drydep.G  > module_gocart_drydep.bb
/home/hnavarro/Desktop/WRF/BUILD_WRF/WRF/tools/standard.exe module_gocart_drydep.bb | /lib/cpp -P -nostdinc -traditional-cpp > module_gocart_drydep.f90
rm -f module_gocart_drydep.G module_gocart_drydep.bb
time mpif90 -f90=gfortran -o module_gocart_drydep.o -c -O2 -ftree-vectorize -funroll-loops -w -ffree-form -ffree-line-length-none -fconvert=big-endian -frecord-marker=4 -fallow-argument-mismatch -fallow-invalid-boz   -I../dyn_em  -I/home/hnavarro/Desktop/WRF/BUILD_WRF/WRF/external/esmf_time_f90  -I/home/hnavarro/Desktop/WRF/BUILD_WRF/WRF/main -I/home/hnavarro/Desktop/WRF/BUILD_WRF/WRF/external/io_netcdf -I/home/hnavarro/Desktop/WRF/BUILD_WRF/WRF/external/io_int -I/home/hnavarro/Desktop/WRF/BUILD_WRF/WRF/frame -I/home/hnavarro/Desktop/WRF/BUILD_WRF/WRF/share -I/home/hnavarro/Desktop/WRF/BUILD_WRF/WRF/phys -I/home/hnavarro/Desktop/WRF/BUILD_WRF/WRF/wrftladj -I/home/hnavarro/Desktop/WRF/BUILD_WRF/WRF/chem -I/home/hnavarro/Desktop/WRF/BUILD_WRF/WRF/inc -I/home/hnavarro/Desktop/WRF/Install-WRF-Chem/LIBRARIES/netcdf/include    module_gocart_drydep.f90
1.59user 0.07system 0:01.67elapsed 100%CPU (0avgtext+0avgdata 51756maxresident)k
0inputs+592outputs (0major+15140minor)pagefaults 0swaps
rm -f module_gocart_settling.o
sed -e "s/^\!.*'.*//" -e "s/^ *\!.*'.*//" module_gocart_settling.F > module_gocart_settling.G
/lib/cpp -P -nostdinc -I/home/hnavarro/Desktop/WRF/BUILD_WRF/WRF/inc -DEM_CORE=1 -DNMM_CORE=0 -DNMM_MAX_DIM=2600 -DDA_CORE=0 -DWRFPLUS=0 -DIWORDSIZE=4 -DDWORDSIZE=8 -DRWORDSIZE=4 -DLWORDSIZE=4 -DNONSTANDARD_SYSTEM_SUBR  -DWRF_USE_CLM  -DDM_PARALLEL -DNETCDF -DLANDREAD_STUB=1 -DUSE_ALLOCATABLES -Dwrfmodel -DGRIB1 -DINTIO -DKEEP_INT_AROUND -DLIMIT_ARGS -DBUILD_RRTMG_FAST=0 -DBUILD_RRTMK=0 -DBUILD_SBM_FAST=1 -DSHOW_ALL_VARS_USED=0 -DCONFIG_BUF_LEN=65536 -DMAX_DOMAINS_F=21 -DMAX_HISTORY=25 -DNMM_NEST=0 -DWRF_CHEM -DBUILD_CHEM=1 -I. -traditional-cpp   module_gocart_settling.G  > module_gocart_settling.bb
/home/hnavarro/Desktop/WRF/BUILD_WRF/WRF/tools/standard.exe module_gocart_settling.bb | /lib/cpp -P -nostdinc -traditional-cpp > module_gocart_settling.f90
rm -f module_gocart_settling.G module_gocart_settling.bb
time mpif90 -f90=gfortran -o module_gocart_settling.o -c -O2 -ftree-vectorize -funroll-loops -w -ffree-form -ffree-line-length-none -fconvert=big-endian -frecord-marker=4 -fallow-argument-mismatch -fallow-invalid-boz   -I../dyn_em  -I/home/hnavarro/Desktop/WRF/BUILD_WRF/WRF/external/esmf_time_f90  -I/home/hnavarro/Desktop/WRF/BUILD_WRF/WRF/main -I/home/hnavarro/Desktop/WRF/BUILD_WRF/WRF/external/io_netcdf -I/home/hnavarro/Desktop/WRF/BUILD_WRF/WRF/external/io_int -I/home/hnavarro/Desktop/WRF/BUILD_WRF/WRF/frame -I/home/hnavarro/Desktop/WRF/BUILD_WRF/WRF/share -I/home/hnavarro/Desktop/WRF/BUILD_WRF/WRF/phys -I/home/hnavarro/Desktop/WRF/BUILD_WRF/WRF/wrftladj -I/home/hnavarro/Desktop/WRF/BUILD_WRF/WRF/chem -I/home/hnavarro/Desktop/WRF/BUILD_WRF/WRF/inc -I/home/hnavarro/Desktop/WRF/Install-WRF-Chem/LIBRARIES/netcdf/include    module_gocart_settling.f90
2.11user 0.05system 0:02.17elapsed 99%CPU (0avgtext+0avgdata 51508maxresident)k
0inputs+168outputs (0major+15865minor)pagefaults 0swaps
rm -f module_gocart_so2so4.o
sed -e "s/^\!.*'.*//" -e "s/^ *\!.*'.*//" module_gocart_so2so4.F > module_gocart_so2so4.G
/lib/cpp -P -nostdinc -I/home/hnavarro/Desktop/WRF/BUILD_WRF/WRF/inc -DEM_CORE=1 -DNMM_CORE=0 -DNMM_MAX_DIM=2600 -DDA_CORE=0 -DWRFPLUS=0 -DIWORDSIZE=4 -DDWORDSIZE=8 -DRWORDSIZE=4 -DLWORDSIZE=4 -DNONSTANDARD_SYSTEM_SUBR  -DWRF_USE_CLM  -DDM_PARALLEL -DNETCDF -DLANDREAD_STUB=1 -DUSE_ALLOCATABLES -Dwrfmodel -DGRIB1 -DINTIO -DKEEP_INT_AROUND -DLIMIT_ARGS -DBUILD_RRTMG_FAST=0 -DBUILD_RRTMK=0 -DBUILD_SBM_FAST=1 -DSHOW_ALL_VARS_USED=0 -DCONFIG_BUF_LEN=65536 -DMAX_DOMAINS_F=21 -DMAX_HISTORY=25 -DNMM_NEST=0 -DWRF_CHEM -DBUILD_CHEM=1 -I. -traditional-cpp   module_gocart_so2so4.G  > module_gocart_so2so4.bb
/home/hnavarro/Desktop/WRF/BUILD_WRF/WRF/tools/standard.exe module_gocart_so2so4.bb | /lib/cpp -P -nostdinc -traditional-cpp > module_gocart_so2so4.f90
rm -f module_gocart_so2so4.G module_gocart_so2so4.bb
time mpif90 -f90=gfortran -o module_gocart_so2so4.o -c -O2 -ftree-vectorize -funroll-loops -w -ffree-form -ffree-line-length-none -fconvert=big-endian -frecord-marker=4 -fallow-argument-mismatch -fallow-invalid-boz   -I../dyn_em  -I/home/hnavarro/Desktop/WRF/BUILD_WRF/WRF/external/esmf_time_f90  -I/home/hnavarro/Desktop/WRF/BUILD_WRF/WRF/main -I/home/hnavarro/Desktop/WRF/BUILD_WRF/WRF/external/io_netcdf -I/home/hnavarro/Desktop/WRF/BUILD_WRF/WRF/external/io_int -I/home/hnavarro/Desktop/WRF/BUILD_WRF/WRF/frame -I/home/hnavarro/Desktop/WRF/BUILD_WRF/WRF/share -I/home/hnavarro/Desktop/WRF/BUILD_WRF/WRF/phys -I/home/hnavarro/Desktop/WRF/BUILD_WRF/WRF/wrftladj -I/home/hnavarro/Desktop/WRF/BUILD_WRF/WRF/chem -I/home/hnavarro/Desktop/WRF/BUILD_WRF/WRF/inc -I/home/hnavarro/Desktop/WRF/Install-WRF-Chem/LIBRARIES/netcdf/include    module_gocart_so2so4.f90
0.06user 0.04system 0:00.10elapsed 100%CPU (0avgtext+0avgdata 29440maxresident)k
0inputs+40outputs (0major+8372minor)pagefaults 0swaps
rm -f module_input_tracer_data.o
sed -e "s/^\!.*'.*//" -e "s/^ *\!.*'.*//" module_input_tracer_data.F > module_input_tracer_data.G
/lib/cpp -P -nostdinc -I/home/hnavarro/Desktop/WRF/BUILD_WRF/WRF/inc -DEM_CORE=1 -DNMM_CORE=0 -DNMM_MAX_DIM=2600 -DDA_CORE=0 -DWRFPLUS=0 -DIWORDSIZE=4 -DDWORDSIZE=8 -DRWORDSIZE=4 -DLWORDSIZE=4 -DNONSTANDARD_SYSTEM_SUBR  -DWRF_USE_CLM  -DDM_PARALLEL -DNETCDF -DLANDREAD_STUB=1 -DUSE_ALLOCATABLES -Dwrfmodel -DGRIB1 -DINTIO -DKEEP_INT_AROUND -DLIMIT_ARGS -DBUILD_RRTMG_FAST=0 -DBUILD_RRTMK=0 -DBUILD_SBM_FAST=1 -DSHOW_ALL_VARS_USED=0 -DCONFIG_BUF_LEN=65536 -DMAX_DOMAINS_F=21 -DMAX_HISTORY=25 -DNMM_NEST=0 -DWRF_CHEM -DBUILD_CHEM=1 -I. -traditional-cpp   module_input_tracer_data.G  > module_input_tracer_data.bb
/home/hnavarro/Desktop/WRF/BUILD_WRF/WRF/tools/standard.exe module_input_tracer_data.bb | /lib/cpp -P -nostdinc -traditional-cpp > module_input_tracer_data.f90
rm -f module_input_tracer_data.G module_input_tracer_data.bb
time mpif90 -f90=gfortran -o module_input_tracer_data.o -c -O2 -ftree-vectorize -funroll-loops -w -ffree-form -ffree-line-length-none -fconvert=big-endian -frecord-marker=4 -fallow-argument-mismatch -fallow-invalid-boz   -I../dyn_em  -I/home/hnavarro/Desktop/WRF/BUILD_WRF/WRF/external/esmf_time_f90  -I/home/hnavarro/Desktop/WRF/BUILD_WRF/WRF/main -I/home/hnavarro/Desktop/WRF/BUILD_WRF/WRF/external/io_netcdf -I/home/hnavarro/Desktop/WRF/BUILD_WRF/WRF/external/io_int -I/home/hnavarro/Desktop/WRF/BUILD_WRF/WRF/frame -I/home/hnavarro/Desktop/WRF/BUILD_WRF/WRF/share -I/home/hnavarro/Desktop/WRF/BUILD_WRF/WRF/phys -I/home/hnavarro/Desktop/WRF/BUILD_WRF/WRF/wrftladj -I/home/hnavarro/Desktop/WRF/BUILD_WRF/WRF/chem -I/home/hnavarro/Desktop/WRF/BUILD_WRF/WRF/inc -I/home/hnavarro/Desktop/WRF/Install-WRF-Chem/LIBRARIES/netcdf/include    module_input_tracer_data.f90
0.02user 0.05system 0:00.07elapsed 98%CPU (0avgtext+0avgdata 15488maxresident)k
0inputs+24outputs (0major+7096minor)pagefaults 0swaps
rm -f module_interpolate.o
sed -e "s/^\!.*'.*//" -e "s/^ *\!.*'.*//" module_interpolate.F > module_interpolate.G
/lib/cpp -P -nostdinc -I/home/hnavarro/Desktop/WRF/BUILD_WRF/WRF/inc -DEM_CORE=1 -DNMM_CORE=0 -DNMM_MAX_DIM=2600 -DDA_CORE=0 -DWRFPLUS=0 -DIWORDSIZE=4 -DDWORDSIZE=8 -DRWORDSIZE=4 -DLWORDSIZE=4 -DNONSTANDARD_SYSTEM_SUBR  -DWRF_USE_CLM  -DDM_PARALLEL -DNETCDF -DLANDREAD_STUB=1 -DUSE_ALLOCATABLES -Dwrfmodel -DGRIB1 -DINTIO -DKEEP_INT_AROUND -DLIMIT_ARGS -DBUILD_RRTMG_FAST=0 -DBUILD_RRTMK=0 -DBUILD_SBM_FAST=1 -DSHOW_ALL_VARS_USED=0 -DCONFIG_BUF_LEN=65536 -DMAX_DOMAINS_F=21 -DMAX_HISTORY=25 -DNMM_NEST=0 -DWRF_CHEM -DBUILD_CHEM=1 -I. -traditional-cpp   module_interpolate.G  > module_interpolate.bb
/home/hnavarro/Desktop/WRF/BUILD_WRF/WRF/tools/standard.exe module_interpolate.bb | /lib/cpp -P -nostdinc -traditional-cpp > module_interpolate.f90
rm -f module_interpolate.G module_interpolate.bb
time mpif90 -f90=gfortran -o module_interpolate.o -c -O2 -ftree-vectorize -funroll-loops -w -ffree-form -ffree-line-length-none -fconvert=big-endian -frecord-marker=4 -fallow-argument-mismatch -fallow-invalid-boz   -I../dyn_em  -I/home/hnavarro/Desktop/WRF/BUILD_WRF/WRF/external/esmf_time_f90  -I/home/hnavarro/Desktop/WRF/BUILD_WRF/WRF/main -I/home/hnavarro/Desktop/WRF/BUILD_WRF/WRF/external/io_netcdf -I/home/hnavarro/Desktop/WRF/BUILD_WRF/WRF/external/io_int -I/home/hnavarro/Desktop/WRF/BUILD_WRF/WRF/frame -I/home/hnavarro/Desktop/WRF/BUILD_WRF/WRF/share -I/home/hnavarro/Desktop/WRF/BUILD_WRF/WRF/phys -I/home/hnavarro/Desktop/WRF/BUILD_WRF/WRF/wrftladj -I/home/hnavarro/Desktop/WRF/BUILD_WRF/WRF/chem -I/home/hnavarro/Desktop/WRF/BUILD_WRF/WRF/inc -I/home/hnavarro/Desktop/WRF/Install-WRF-Chem/LIBRARIES/netcdf/include    module_interpolate.f90
1.67user 0.07system 0:01.74elapsed 99%CPU (0avgtext+0avgdata 53540maxresident)k
0inputs+280outputs (0major+15435minor)pagefaults 0swaps
rm -f module_mosaic_csuesat.o
sed -e "s/^\!.*'.*//" -e "s/^ *\!.*'.*//" module_mosaic_csuesat.F > module_mosaic_csuesat.G
/lib/cpp -P -nostdinc -I/home/hnavarro/Desktop/WRF/BUILD_WRF/WRF/inc -DEM_CORE=1 -DNMM_CORE=0 -DNMM_MAX_DIM=2600 -DDA_CORE=0 -DWRFPLUS=0 -DIWORDSIZE=4 -DDWORDSIZE=8 -DRWORDSIZE=4 -DLWORDSIZE=4 -DNONSTANDARD_SYSTEM_SUBR  -DWRF_USE_CLM  -DDM_PARALLEL -DNETCDF -DLANDREAD_STUB=1 -DUSE_ALLOCATABLES -Dwrfmodel -DGRIB1 -DINTIO -DKEEP_INT_AROUND -DLIMIT_ARGS -DBUILD_RRTMG_FAST=0 -DBUILD_RRTMK=0 -DBUILD_SBM_FAST=1 -DSHOW_ALL_VARS_USED=0 -DCONFIG_BUF_LEN=65536 -DMAX_DOMAINS_F=21 -DMAX_HISTORY=25 -DNMM_NEST=0 -DWRF_CHEM -DBUILD_CHEM=1 -I. -traditional-cpp   module_mosaic_csuesat.G  > module_mosaic_csuesat.bb
/home/hnavarro/Desktop/WRF/BUILD_WRF/WRF/tools/standard.exe module_mosaic_csuesat.bb | /lib/cpp -P -nostdinc -traditional-cpp > module_mosaic_csuesat.f90
rm -f module_mosaic_csuesat.G module_mosaic_csuesat.bb
time mpif90 -f90=gfortran -o module_mosaic_csuesat.o -c -O2 -ftree-vectorize -funroll-loops -w -ffree-form -ffree-line-length-none -fconvert=big-endian -frecord-marker=4 -fallow-argument-mismatch -fallow-invalid-boz   -I../dyn_em  -I/home/hnavarro/Desktop/WRF/BUILD_WRF/WRF/external/esmf_time_f90  -I/home/hnavarro/Desktop/WRF/BUILD_WRF/WRF/main -I/home/hnavarro/Desktop/WRF/BUILD_WRF/WRF/external/io_netcdf -I/home/hnavarro/Desktop/WRF/BUILD_WRF/WRF/external/io_int -I/home/hnavarro/Desktop/WRF/BUILD_WRF/WRF/frame -I/home/hnavarro/Desktop/WRF/BUILD_WRF/WRF/share -I/home/hnavarro/Desktop/WRF/BUILD_WRF/WRF/phys -I/home/hnavarro/Desktop/WRF/BUILD_WRF/WRF/wrftladj -I/home/hnavarro/Desktop/WRF/BUILD_WRF/WRF/chem -I/home/hnavarro/Desktop/WRF/BUILD_WRF/WRF/inc -I/home/hnavarro/Desktop/WRF/Install-WRF-Chem/LIBRARIES/netcdf/include    module_mosaic_csuesat.f90
0.62user 0.07system 0:00.70elapsed 99%CPU (0avgtext+0avgdata 53948maxresident)k
0inputs+488outputs (0major+15176minor)pagefaults 0swaps
rm -f module_mozcart_wetscav.o
sed -e "s/^\!.*'.*//" -e "s/^ *\!.*'.*//" module_mozcart_wetscav.F > module_mozcart_wetscav.G
/lib/cpp -P -nostdinc -I/home/hnavarro/Desktop/WRF/BUILD_WRF/WRF/inc -DEM_CORE=1 -DNMM_CORE=0 -DNMM_MAX_DIM=2600 -DDA_CORE=0 -DWRFPLUS=0 -DIWORDSIZE=4 -DDWORDSIZE=8 -DRWORDSIZE=4 -DLWORDSIZE=4 -DNONSTANDARD_SYSTEM_SUBR  -DWRF_USE_CLM  -DDM_PARALLEL -DNETCDF -DLANDREAD_STUB=1 -DUSE_ALLOCATABLES -Dwrfmodel -DGRIB1 -DINTIO -DKEEP_INT_AROUND -DLIMIT_ARGS -DBUILD_RRTMG_FAST=0 -DBUILD_RRTMK=0 -DBUILD_SBM_FAST=1 -DSHOW_ALL_VARS_USED=0 -DCONFIG_BUF_LEN=65536 -DMAX_DOMAINS_F=21 -DMAX_HISTORY=25 -DNMM_NEST=0 -DWRF_CHEM -DBUILD_CHEM=1 -I. -traditional-cpp   module_mozcart_wetscav.G  > module_mozcart_wetscav.bb
/home/hnavarro/Desktop/WRF/BUILD_WRF/WRF/tools/standard.exe module_mozcart_wetscav.bb | /lib/cpp -P -nostdinc -traditional-cpp > module_mozcart_wetscav.f90
rm -f module_mozcart_wetscav.G module_mozcart_wetscav.bb
time mpif90 -f90=gfortran -o module_mozcart_wetscav.o -c -O2 -ftree-vectorize -funroll-loops -w -ffree-form -ffree-line-length-none -fconvert=big-endian -frecord-marker=4 -fallow-argument-mismatch -fallow-invalid-boz   -I../dyn_em  -I/home/hnavarro/Desktop/WRF/BUILD_WRF/WRF/external/esmf_time_f90  -I/home/hnavarro/Desktop/WRF/BUILD_WRF/WRF/main -I/home/hnavarro/Desktop/WRF/BUILD_WRF/WRF/external/io_netcdf -I/home/hnavarro/Desktop/WRF/BUILD_WRF/WRF/external/io_int -I/home/hnavarro/Desktop/WRF/BUILD_WRF/WRF/frame -I/home/hnavarro/Desktop/WRF/BUILD_WRF/WRF/share -I/home/hnavarro/Desktop/WRF/BUILD_WRF/WRF/phys -I/home/hnavarro/Desktop/WRF/BUILD_WRF/WRF/wrftladj -I/home/hnavarro/Desktop/WRF/BUILD_WRF/WRF/chem -I/home/hnavarro/Desktop/WRF/BUILD_WRF/WRF/inc -I/home/hnavarro/Desktop/WRF/Install-WRF-Chem/LIBRARIES/netcdf/include    module_mozcart_wetscav.f90
0.10user 0.05system 0:00.16elapsed 100%CPU (0avgtext+0avgdata 28288maxresident)k
0inputs+48outputs (0major+7872minor)pagefaults 0swaps
rm -f module_tropopause.o
sed -e "s/^\!.*'.*//" -e "s/^ *\!.*'.*//" module_tropopause.F > module_tropopause.G
/lib/cpp -P -nostdinc -I/home/hnavarro/Desktop/WRF/BUILD_WRF/WRF/inc -DEM_CORE=1 -DNMM_CORE=0 -DNMM_MAX_DIM=2600 -DDA_CORE=0 -DWRFPLUS=0 -DIWORDSIZE=4 -DDWORDSIZE=8 -DRWORDSIZE=4 -DLWORDSIZE=4 -DNONSTANDARD_SYSTEM_SUBR  -DWRF_USE_CLM  -DDM_PARALLEL -DNETCDF -DLANDREAD_STUB=1 -DUSE_ALLOCATABLES -Dwrfmodel -DGRIB1 -DINTIO -DKEEP_INT_AROUND -DLIMIT_ARGS -DBUILD_RRTMG_FAST=0 -DBUILD_RRTMK=0 -DBUILD_SBM_FAST=1 -DSHOW_ALL_VARS_USED=0 -DCONFIG_BUF_LEN=65536 -DMAX_DOMAINS_F=21 -DMAX_HISTORY=25 -DNMM_NEST=0 -DWRF_CHEM -DBUILD_CHEM=1 -I. -traditional-cpp   module_tropopause.G  > module_tropopause.bb
/home/hnavarro/Desktop/WRF/BUILD_WRF/WRF/tools/standard.exe module_tropopause.bb | /lib/cpp -P -nostdinc -traditional-cpp > module_tropopause.f90
rm -f module_tropopause.G module_tropopause.bb
time mpif90 -f90=gfortran -o module_tropopause.o -c -O2 -ftree-vectorize -funroll-loops -w -ffree-form -ffree-line-length-none -fconvert=big-endian -frecord-marker=4 -fallow-argument-mismatch -fallow-invalid-boz   -I../dyn_em  -I/home/hnavarro/Desktop/WRF/BUILD_WRF/WRF/external/esmf_time_f90  -I/home/hnavarro/Desktop/WRF/BUILD_WRF/WRF/main -I/home/hnavarro/Desktop/WRF/BUILD_WRF/WRF/external/io_netcdf -I/home/hnavarro/Desktop/WRF/BUILD_WRF/WRF/external/io_int -I/home/hnavarro/Desktop/WRF/BUILD_WRF/WRF/frame -I/home/hnavarro/Desktop/WRF/BUILD_WRF/WRF/share -I/home/hnavarro/Desktop/WRF/BUILD_WRF/WRF/phys -I/home/hnavarro/Desktop/WRF/BUILD_WRF/WRF/wrftladj -I/home/hnavarro/Desktop/WRF/BUILD_WRF/WRF/chem -I/home/hnavarro/Desktop/WRF/BUILD_WRF/WRF/inc -I/home/hnavarro/Desktop/WRF/Install-WRF-Chem/LIBRARIES/netcdf/include    module_tropopause.f90
0.35user 0.06system 0:00.42elapsed 97%CPU (0avgtext+0avgdata 48220maxresident)k
0inputs+336outputs (0major+14204minor)pagefaults 0swaps
rm -f module_vertmx_wrf.o
sed -e "s/^\!.*'.*//" -e "s/^ *\!.*'.*//" module_vertmx_wrf.F > module_vertmx_wrf.G
/lib/cpp -P -nostdinc -I/home/hnavarro/Desktop/WRF/BUILD_WRF/WRF/inc -DEM_CORE=1 -DNMM_CORE=0 -DNMM_MAX_DIM=2600 -DDA_CORE=0 -DWRFPLUS=0 -DIWORDSIZE=4 -DDWORDSIZE=8 -DRWORDSIZE=4 -DLWORDSIZE=4 -DNONSTANDARD_SYSTEM_SUBR  -DWRF_USE_CLM  -DDM_PARALLEL -DNETCDF -DLANDREAD_STUB=1 -DUSE_ALLOCATABLES -Dwrfmodel -DGRIB1 -DINTIO -DKEEP_INT_AROUND -DLIMIT_ARGS -DBUILD_RRTMG_FAST=0 -DBUILD_RRTMK=0 -DBUILD_SBM_FAST=1 -DSHOW_ALL_VARS_USED=0 -DCONFIG_BUF_LEN=65536 -DMAX_DOMAINS_F=21 -DMAX_HISTORY=25 -DNMM_NEST=0 -DWRF_CHEM -DBUILD_CHEM=1 -I. -traditional-cpp   module_vertmx_wrf.G  > module_vertmx_wrf.bb
/home/hnavarro/Desktop/WRF/BUILD_WRF/WRF/tools/standard.exe module_vertmx_wrf.bb | /lib/cpp -P -nostdinc -traditional-cpp > module_vertmx_wrf.f90
rm -f module_vertmx_wrf.G module_vertmx_wrf.bb
time mpif90 -f90=gfortran -o module_vertmx_wrf.o -c -O2 -ftree-vectorize -funroll-loops -w -ffree-form -ffree-line-length-none -fconvert=big-endian -frecord-marker=4 -fallow-argument-mismatch -fallow-invalid-boz   -I../dyn_em  -I/home/hnavarro/Desktop/WRF/BUILD_WRF/WRF/external/esmf_time_f90  -I/home/hnavarro/Desktop/WRF/BUILD_WRF/WRF/main -I/home/hnavarro/Desktop/WRF/BUILD_WRF/WRF/external/io_netcdf -I/home/hnavarro/Desktop/WRF/BUILD_WRF/WRF/external/io_int -I/home/hnavarro/Desktop/WRF/BUILD_WRF/WRF/frame -I/home/hnavarro/Desktop/WRF/BUILD_WRF/WRF/share -I/home/hnavarro/Desktop/WRF/BUILD_WRF/WRF/phys -I/home/hnavarro/Desktop/WRF/BUILD_WRF/WRF/wrftladj -I/home/hnavarro/Desktop/WRF/BUILD_WRF/WRF/chem -I/home/hnavarro/Desktop/WRF/BUILD_WRF/WRF/inc -I/home/hnavarro/Desktop/WRF/Install-WRF-Chem/LIBRARIES/netcdf/include    module_vertmx_wrf.f90
0.12user 0.04system 0:00.16elapsed 100%CPU (0avgtext+0avgdata 32128maxresident)k
0inputs+80outputs (0major+8664minor)pagefaults 0swaps
rm -f module_wetdep_ls.o
sed -e "s/^\!.*'.*//" -e "s/^ *\!.*'.*//" module_wetdep_ls.F > module_wetdep_ls.G
/lib/cpp -P -nostdinc -I/home/hnavarro/Desktop/WRF/BUILD_WRF/WRF/inc -DEM_CORE=1 -DNMM_CORE=0 -DNMM_MAX_DIM=2600 -DDA_CORE=0 -DWRFPLUS=0 -DIWORDSIZE=4 -DDWORDSIZE=8 -DRWORDSIZE=4 -DLWORDSIZE=4 -DNONSTANDARD_SYSTEM_SUBR  -DWRF_USE_CLM  -DDM_PARALLEL -DNETCDF -DLANDREAD_STUB=1 -DUSE_ALLOCATABLES -Dwrfmodel -DGRIB1 -DINTIO -DKEEP_INT_AROUND -DLIMIT_ARGS -DBUILD_RRTMG_FAST=0 -DBUILD_RRTMK=0 -DBUILD_SBM_FAST=1 -DSHOW_ALL_VARS_USED=0 -DCONFIG_BUF_LEN=65536 -DMAX_DOMAINS_F=21 -DMAX_HISTORY=25 -DNMM_NEST=0 -DWRF_CHEM -DBUILD_CHEM=1 -I. -traditional-cpp   module_wetdep_ls.G  > module_wetdep_ls.bb
/home/hnavarro/Desktop/WRF/BUILD_WRF/WRF/tools/standard.exe module_wetdep_ls.bb | /lib/cpp -P -nostdinc -traditional-cpp > module_wetdep_ls.f90
rm -f module_wetdep_ls.G module_wetdep_ls.bb
time mpif90 -f90=gfortran -o module_wetdep_ls.o -c -O2 -ftree-vectorize -funroll-loops -w -ffree-form -ffree-line-length-none -fconvert=big-endian -frecord-marker=4 -fallow-argument-mismatch -fallow-invalid-boz   -I../dyn_em  -I/home/hnavarro/Desktop/WRF/BUILD_WRF/WRF/external/esmf_time_f90  -I/home/hnavarro/Desktop/WRF/BUILD_WRF/WRF/main -I/home/hnavarro/Desktop/WRF/BUILD_WRF/WRF/external/io_netcdf -I/home/hnavarro/Desktop/WRF/BUILD_WRF/WRF/external/io_int -I/home/hnavarro/Desktop/WRF/BUILD_WRF/WRF/frame -I/home/hnavarro/Desktop/WRF/BUILD_WRF/WRF/share -I/home/hnavarro/Desktop/WRF/BUILD_WRF/WRF/phys -I/home/hnavarro/Desktop/WRF/BUILD_WRF/WRF/wrftladj -I/home/hnavarro/Desktop/WRF/BUILD_WRF/WRF/chem -I/home/hnavarro/Desktop/WRF/BUILD_WRF/WRF/inc -I/home/hnavarro/Desktop/WRF/Install-WRF-Chem/LIBRARIES/netcdf/include    module_wetdep_ls.f90
0.12user 0.05system 0:00.18elapsed 100%CPU (0avgtext+0avgdata 34116maxresident)k
0inputs+64outputs (0major+10097minor)pagefaults 0swaps
rm -f module_zero_plumegen_coms.o
sed -e "s/^\!.*'.*//" -e "s/^ *\!.*'.*//" module_zero_plumegen_coms.F > module_zero_plumegen_coms.G
/lib/cpp -P -nostdinc -I/home/hnavarro/Desktop/WRF/BUILD_WRF/WRF/inc -DEM_CORE=1 -DNMM_CORE=0 -DNMM_MAX_DIM=2600 -DDA_CORE=0 -DWRFPLUS=0 -DIWORDSIZE=4 -DDWORDSIZE=8 -DRWORDSIZE=4 -DLWORDSIZE=4 -DNONSTANDARD_SYSTEM_SUBR  -DWRF_USE_CLM  -DDM_PARALLEL -DNETCDF -DLANDREAD_STUB=1 -DUSE_ALLOCATABLES -Dwrfmodel -DGRIB1 -DINTIO -DKEEP_INT_AROUND -DLIMIT_ARGS -DBUILD_RRTMG_FAST=0 -DBUILD_RRTMK=0 -DBUILD_SBM_FAST=1 -DSHOW_ALL_VARS_USED=0 -DCONFIG_BUF_LEN=65536 -DMAX_DOMAINS_F=21 -DMAX_HISTORY=25 -DNMM_NEST=0 -DWRF_CHEM -DBUILD_CHEM=1 -I. -traditional-cpp   module_zero_plumegen_coms.G  > module_zero_plumegen_coms.bb
/home/hnavarro/Desktop/WRF/BUILD_WRF/WRF/tools/standard.exe module_zero_plumegen_coms.bb | /lib/cpp -P -nostdinc -traditional-cpp > module_zero_plumegen_coms.f90
rm -f module_zero_plumegen_coms.G module_zero_plumegen_coms.bb
time mpif90 -f90=gfortran -o module_zero_plumegen_coms.o -c -O2 -ftree-vectorize -funroll-loops -w -ffree-form -ffree-line-length-none -fconvert=big-endian -frecord-marker=4 -fallow-argument-mismatch -fallow-invalid-boz   -I../dyn_em  -I/home/hnavarro/Desktop/WRF/BUILD_WRF/WRF/external/esmf_time_f90  -I/home/hnavarro/Desktop/WRF/BUILD_WRF/WRF/main -I/home/hnavarro/Desktop/WRF/BUILD_WRF/WRF/external/io_netcdf -I/home/hnavarro/Desktop/WRF/BUILD_WRF/WRF/external/io_int -I/home/hnavarro/Desktop/WRF/BUILD_WRF/WRF/frame -I/home/hnavarro/Desktop/WRF/BUILD_WRF/WRF/share -I/home/hnavarro/Desktop/WRF/BUILD_WRF/WRF/phys -I/home/hnavarro/Desktop/WRF/BUILD_WRF/WRF/wrftladj -I/home/hnavarro/Desktop/WRF/BUILD_WRF/WRF/chem -I/home/hnavarro/Desktop/WRF/BUILD_WRF/WRF/inc -I/home/hnavarro/Desktop/WRF/Install-WRF-Chem/LIBRARIES/netcdf/include    module_zero_plumegen_coms.f90
0.06user 0.06system 0:00.13elapsed 95%CPU (0avgtext+0avgdata 26368maxresident)k
0inputs+96outputs (0major+7909minor)pagefaults 0swaps
rm -f module_vash_settling.o
sed -e "s/^\!.*'.*//" -e "s/^ *\!.*'.*//" module_vash_settling.F > module_vash_settling.G
/lib/cpp -P -nostdinc -I/home/hnavarro/Desktop/WRF/BUILD_WRF/WRF/inc -DEM_CORE=1 -DNMM_CORE=0 -DNMM_MAX_DIM=2600 -DDA_CORE=0 -DWRFPLUS=0 -DIWORDSIZE=4 -DDWORDSIZE=8 -DRWORDSIZE=4 -DLWORDSIZE=4 -DNONSTANDARD_SYSTEM_SUBR  -DWRF_USE_CLM  -DDM_PARALLEL -DNETCDF -DLANDREAD_STUB=1 -DUSE_ALLOCATABLES -Dwrfmodel -DGRIB1 -DINTIO -DKEEP_INT_AROUND -DLIMIT_ARGS -DBUILD_RRTMG_FAST=0 -DBUILD_RRTMK=0 -DBUILD_SBM_FAST=1 -DSHOW_ALL_VARS_USED=0 -DCONFIG_BUF_LEN=65536 -DMAX_DOMAINS_F=21 -DMAX_HISTORY=25 -DNMM_NEST=0 -DWRF_CHEM -DBUILD_CHEM=1 -I. -traditional-cpp   module_vash_settling.G  > module_vash_settling.bb
/home/hnavarro/Desktop/WRF/BUILD_WRF/WRF/tools/standard.exe module_vash_settling.bb | /lib/cpp -P -nostdinc -traditional-cpp > module_vash_settling.f90
rm -f module_vash_settling.G module_vash_settling.bb
time mpif90 -f90=gfortran -o module_vash_settling.o -c -O2 -ftree-vectorize -funroll-loops -w -ffree-form -ffree-line-length-none -fconvert=big-endian -frecord-marker=4 -fallow-argument-mismatch -fallow-invalid-boz   -I../dyn_em  -I/home/hnavarro/Desktop/WRF/BUILD_WRF/WRF/external/esmf_time_f90  -I/home/hnavarro/Desktop/WRF/BUILD_WRF/WRF/main -I/home/hnavarro/Desktop/WRF/BUILD_WRF/WRF/external/io_netcdf -I/home/hnavarro/Desktop/WRF/BUILD_WRF/WRF/external/io_int -I/home/hnavarro/Desktop/WRF/BUILD_WRF/WRF/frame -I/home/hnavarro/Desktop/WRF/BUILD_WRF/WRF/share -I/home/hnavarro/Desktop/WRF/BUILD_WRF/WRF/phys -I/home/hnavarro/Desktop/WRF/BUILD_WRF/WRF/wrftladj -I/home/hnavarro/Desktop/WRF/BUILD_WRF/WRF/chem -I/home/hnavarro/Desktop/WRF/BUILD_WRF/WRF/inc -I/home/hnavarro/Desktop/WRF/Install-WRF-Chem/LIBRARIES/netcdf/include    module_vash_settling.f90
1.90user 0.08system 0:02.01elapsed 98%CPU (0avgtext+0avgdata 52416maxresident)k
0inputs+264outputs (0major+15194minor)pagefaults 0swaps
rm -f module_chem_plumerise_scalar.o
sed -e "s/^\!.*'.*//" -e "s/^ *\!.*'.*//" module_chem_plumerise_scalar.F > module_chem_plumerise_scalar.G
/lib/cpp -P -nostdinc -I/home/hnavarro/Desktop/WRF/BUILD_WRF/WRF/inc -DEM_CORE=1 -DNMM_CORE=0 -DNMM_MAX_DIM=2600 -DDA_CORE=0 -DWRFPLUS=0 -DIWORDSIZE=4 -DDWORDSIZE=8 -DRWORDSIZE=4 -DLWORDSIZE=4 -DNONSTANDARD_SYSTEM_SUBR  -DWRF_USE_CLM  -DDM_PARALLEL -DNETCDF -DLANDREAD_STUB=1 -DUSE_ALLOCATABLES -Dwrfmodel -DGRIB1 -DINTIO -DKEEP_INT_AROUND -DLIMIT_ARGS -DBUILD_RRTMG_FAST=0 -DBUILD_RRTMK=0 -DBUILD_SBM_FAST=1 -DSHOW_ALL_VARS_USED=0 -DCONFIG_BUF_LEN=65536 -DMAX_DOMAINS_F=21 -DMAX_HISTORY=25 -DNMM_NEST=0 -DWRF_CHEM -DBUILD_CHEM=1 -I. -traditional-cpp   module_chem_plumerise_scalar.G  > module_chem_plumerise_scalar.bb
/home/hnavarro/Desktop/WRF/BUILD_WRF/WRF/tools/standard.exe module_chem_plumerise_scalar.bb | /lib/cpp -P -nostdinc -traditional-cpp > module_chem_plumerise_scalar.f90
rm -f module_chem_plumerise_scalar.G module_chem_plumerise_scalar.bb
time mpif90 -f90=gfortran -o module_chem_plumerise_scalar.o -c -O2 -ftree-vectorize -funroll-loops -w -ffree-form -ffree-line-length-none -fconvert=big-endian -frecord-marker=4 -fallow-argument-mismatch -fallow-invalid-boz   -I../dyn_em  -I/home/hnavarro/Desktop/WRF/BUILD_WRF/WRF/external/esmf_time_f90  -I/home/hnavarro/Desktop/WRF/BUILD_WRF/WRF/main -I/home/hnavarro/Desktop/WRF/BUILD_WRF/WRF/external/io_netcdf -I/home/hnavarro/Desktop/WRF/BUILD_WRF/WRF/external/io_int -I/home/hnavarro/Desktop/WRF/BUILD_WRF/WRF/frame -I/home/hnavarro/Desktop/WRF/BUILD_WRF/WRF/share -I/home/hnavarro/Desktop/WRF/BUILD_WRF/WRF/phys -I/home/hnavarro/Desktop/WRF/BUILD_WRF/WRF/wrftladj -I/home/hnavarro/Desktop/WRF/BUILD_WRF/WRF/chem -I/home/hnavarro/Desktop/WRF/BUILD_WRF/WRF/inc -I/home/hnavarro/Desktop/WRF/Install-WRF-Chem/LIBRARIES/netcdf/include    module_chem_plumerise_scalar.f90
1.57user 0.14system 0:01.74elapsed 98%CPU (0avgtext+0avgdata 60260maxresident)k
0inputs+912outputs (0major+16359minor)pagefaults 0swaps
rm -f module_radm.o
sed -e "s/^\!.*'.*//" -e "s/^ *\!.*'.*//" module_radm.F > module_radm.G
/lib/cpp -P -nostdinc -I/home/hnavarro/Desktop/WRF/BUILD_WRF/WRF/inc -DEM_CORE=1 -DNMM_CORE=0 -DNMM_MAX_DIM=2600 -DDA_CORE=0 -DWRFPLUS=0 -DIWORDSIZE=4 -DDWORDSIZE=8 -DRWORDSIZE=4 -DLWORDSIZE=4 -DNONSTANDARD_SYSTEM_SUBR  -DWRF_USE_CLM  -DDM_PARALLEL -DNETCDF -DLANDREAD_STUB=1 -DUSE_ALLOCATABLES -Dwrfmodel -DGRIB1 -DINTIO -DKEEP_INT_AROUND -DLIMIT_ARGS -DBUILD_RRTMG_FAST=0 -DBUILD_RRTMK=0 -DBUILD_SBM_FAST=1 -DSHOW_ALL_VARS_USED=0 -DCONFIG_BUF_LEN=65536 -DMAX_DOMAINS_F=21 -DMAX_HISTORY=25 -DNMM_NEST=0 -DWRF_CHEM -DBUILD_CHEM=1 -I. -traditional-cpp   module_radm.G  > module_radm.bb
/home/hnavarro/Desktop/WRF/BUILD_WRF/WRF/tools/standard.exe module_radm.bb | /lib/cpp -P -nostdinc -traditional-cpp > module_radm.f90
rm -f module_radm.G module_radm.bb
time mpif90 -f90=gfortran -o module_radm.o -c -O2 -ftree-vectorize -funroll-loops -w -ffree-form -ffree-line-length-none -fconvert=big-endian -frecord-marker=4 -fallow-argument-mismatch -fallow-invalid-boz   -I../dyn_em  -I/home/hnavarro/Desktop/WRF/BUILD_WRF/WRF/external/esmf_time_f90  -I/home/hnavarro/Desktop/WRF/BUILD_WRF/WRF/main -I/home/hnavarro/Desktop/WRF/BUILD_WRF/WRF/external/io_netcdf -I/home/hnavarro/Desktop/WRF/BUILD_WRF/WRF/external/io_int -I/home/hnavarro/Desktop/WRF/BUILD_WRF/WRF/frame -I/home/hnavarro/Desktop/WRF/BUILD_WRF/WRF/share -I/home/hnavarro/Desktop/WRF/BUILD_WRF/WRF/phys -I/home/hnavarro/Desktop/WRF/BUILD_WRF/WRF/wrftladj -I/home/hnavarro/Desktop/WRF/BUILD_WRF/WRF/chem -I/home/hnavarro/Desktop/WRF/BUILD_WRF/WRF/inc -I/home/hnavarro/Desktop/WRF/Install-WRF-Chem/LIBRARIES/netcdf/include    module_radm.f90
5.65user 0.17system 0:05.87elapsed 99%CPU (0avgtext+0avgdata 123548maxresident)k
0inputs+800outputs (0major+35217minor)pagefaults 0swaps
rm -f module_gocart_dust.o
sed -e "s/^\!.*'.*//" -e "s/^ *\!.*'.*//" module_gocart_dust.F > module_gocart_dust.G
/lib/cpp -P -nostdinc -I/home/hnavarro/Desktop/WRF/BUILD_WRF/WRF/inc -DEM_CORE=1 -DNMM_CORE=0 -DNMM_MAX_DIM=2600 -DDA_CORE=0 -DWRFPLUS=0 -DIWORDSIZE=4 -DDWORDSIZE=8 -DRWORDSIZE=4 -DLWORDSIZE=4 -DNONSTANDARD_SYSTEM_SUBR  -DWRF_USE_CLM  -DDM_PARALLEL -DNETCDF -DLANDREAD_STUB=1 -DUSE_ALLOCATABLES -Dwrfmodel -DGRIB1 -DINTIO -DKEEP_INT_AROUND -DLIMIT_ARGS -DBUILD_RRTMG_FAST=0 -DBUILD_RRTMK=0 -DBUILD_SBM_FAST=1 -DSHOW_ALL_VARS_USED=0 -DCONFIG_BUF_LEN=65536 -DMAX_DOMAINS_F=21 -DMAX_HISTORY=25 -DNMM_NEST=0 -DWRF_CHEM -DBUILD_CHEM=1 -I. -traditional-cpp   module_gocart_dust.G  > module_gocart_dust.bb
/home/hnavarro/Desktop/WRF/BUILD_WRF/WRF/tools/standard.exe module_gocart_dust.bb | /lib/cpp -P -nostdinc -traditional-cpp > module_gocart_dust.f90
rm -f module_gocart_dust.G module_gocart_dust.bb
time mpif90 -f90=gfortran -o module_gocart_dust.o -c -O2 -ftree-vectorize -funroll-loops -w -ffree-form -ffree-line-length-none -fconvert=big-endian -frecord-marker=4 -fallow-argument-mismatch -fallow-invalid-boz   -I../dyn_em  -I/home/hnavarro/Desktop/WRF/BUILD_WRF/WRF/external/esmf_time_f90  -I/home/hnavarro/Desktop/WRF/BUILD_WRF/WRF/main -I/home/hnavarro/Desktop/WRF/BUILD_WRF/WRF/external/io_netcdf -I/home/hnavarro/Desktop/WRF/BUILD_WRF/WRF/external/io_int -I/home/hnavarro/Desktop/WRF/BUILD_WRF/WRF/frame -I/home/hnavarro/Desktop/WRF/BUILD_WRF/WRF/share -I/home/hnavarro/Desktop/WRF/BUILD_WRF/WRF/phys -I/home/hnavarro/Desktop/WRF/BUILD_WRF/WRF/wrftladj -I/home/hnavarro/Desktop/WRF/BUILD_WRF/WRF/chem -I/home/hnavarro/Desktop/WRF/BUILD_WRF/WRF/inc -I/home/hnavarro/Desktop/WRF/Install-WRF-Chem/LIBRARIES/netcdf/include    module_gocart_dust.f90
2.36user 0.07system 0:02.44elapsed 99%CPU (0avgtext+0avgdata 45864maxresident)k
0inputs+128outputs (0major+13398minor)pagefaults 0swaps
rm -f module_isofwd.o
sed -e "s/^\!.*'.*//" -e "s/^ *\!.*'.*//" module_isofwd.F > module_isofwd.G
/lib/cpp -P -nostdinc -I/home/hnavarro/Desktop/WRF/BUILD_WRF/WRF/inc -DEM_CORE=1 -DNMM_CORE=0 -DNMM_MAX_DIM=2600 -DDA_CORE=0 -DWRFPLUS=0 -DIWORDSIZE=4 -DDWORDSIZE=8 -DRWORDSIZE=4 -DLWORDSIZE=4 -DNONSTANDARD_SYSTEM_SUBR  -DWRF_USE_CLM  -DDM_PARALLEL -DNETCDF -DLANDREAD_STUB=1 -DUSE_ALLOCATABLES -Dwrfmodel -DGRIB1 -DINTIO -DKEEP_INT_AROUND -DLIMIT_ARGS -DBUILD_RRTMG_FAST=0 -DBUILD_RRTMK=0 -DBUILD_SBM_FAST=1 -DSHOW_ALL_VARS_USED=0 -DCONFIG_BUF_LEN=65536 -DMAX_DOMAINS_F=21 -DMAX_HISTORY=25 -DNMM_NEST=0 -DWRF_CHEM -DBUILD_CHEM=1 -I. -traditional-cpp   module_isofwd.G  > module_isofwd.bb
/home/hnavarro/Desktop/WRF/BUILD_WRF/WRF/tools/standard.exe module_isofwd.bb | /lib/cpp -P -nostdinc -traditional-cpp > module_isofwd.f90
rm -f module_isofwd.G module_isofwd.bb
time mpif90 -f90=gfortran -o module_isofwd.o -c -O2 -ftree-vectorize -funroll-loops -w -ffree-form -ffree-line-length-none -fconvert=big-endian -frecord-marker=4 -fallow-argument-mismatch -fallow-invalid-boz   -I../dyn_em  -I/home/hnavarro/Desktop/WRF/BUILD_WRF/WRF/external/esmf_time_f90  -I/home/hnavarro/Desktop/WRF/BUILD_WRF/WRF/main -I/home/hnavarro/Desktop/WRF/BUILD_WRF/WRF/external/io_netcdf -I/home/hnavarro/Desktop/WRF/BUILD_WRF/WRF/external/io_int -I/home/hnavarro/Desktop/WRF/BUILD_WRF/WRF/frame -I/home/hnavarro/Desktop/WRF/BUILD_WRF/WRF/share -I/home/hnavarro/Desktop/WRF/BUILD_WRF/WRF/phys -I/home/hnavarro/Desktop/WRF/BUILD_WRF/WRF/wrftladj -I/home/hnavarro/Desktop/WRF/BUILD_WRF/WRF/chem -I/home/hnavarro/Desktop/WRF/BUILD_WRF/WRF/inc -I/home/hnavarro/Desktop/WRF/Install-WRF-Chem/LIBRARIES/netcdf/include    module_isofwd.f90
5.52user 0.16system 0:05.71elapsed 99%CPU (0avgtext+0avgdata 200452maxresident)k
0inputs+2216outputs (0major+56730minor)pagefaults 0swaps
rm -f module_isorev.o
sed -e "s/^\!.*'.*//" -e "s/^ *\!.*'.*//" module_isorev.F > module_isorev.G
/lib/cpp -P -nostdinc -I/home/hnavarro/Desktop/WRF/BUILD_WRF/WRF/inc -DEM_CORE=1 -DNMM_CORE=0 -DNMM_MAX_DIM=2600 -DDA_CORE=0 -DWRFPLUS=0 -DIWORDSIZE=4 -DDWORDSIZE=8 -DRWORDSIZE=4 -DLWORDSIZE=4 -DNONSTANDARD_SYSTEM_SUBR  -DWRF_USE_CLM  -DDM_PARALLEL -DNETCDF -DLANDREAD_STUB=1 -DUSE_ALLOCATABLES -Dwrfmodel -DGRIB1 -DINTIO -DKEEP_INT_AROUND -DLIMIT_ARGS -DBUILD_RRTMG_FAST=0 -DBUILD_RRTMK=0 -DBUILD_SBM_FAST=1 -DSHOW_ALL_VARS_USED=0 -DCONFIG_BUF_LEN=65536 -DMAX_DOMAINS_F=21 -DMAX_HISTORY=25 -DNMM_NEST=0 -DWRF_CHEM -DBUILD_CHEM=1 -I. -traditional-cpp   module_isorev.G  > module_isorev.bb
/home/hnavarro/Desktop/WRF/BUILD_WRF/WRF/tools/standard.exe module_isorev.bb | /lib/cpp -P -nostdinc -traditional-cpp > module_isorev.f90
rm -f module_isorev.G module_isorev.bb
time mpif90 -f90=gfortran -o module_isorev.o -c -O2 -ftree-vectorize -funroll-loops -w -ffree-form -ffree-line-length-none -fconvert=big-endian -frecord-marker=4 -fallow-argument-mismatch -fallow-invalid-boz   -I../dyn_em  -I/home/hnavarro/Desktop/WRF/BUILD_WRF/WRF/external/esmf_time_f90  -I/home/hnavarro/Desktop/WRF/BUILD_WRF/WRF/main -I/home/hnavarro/Desktop/WRF/BUILD_WRF/WRF/external/io_netcdf -I/home/hnavarro/Desktop/WRF/BUILD_WRF/WRF/external/io_int -I/home/hnavarro/Desktop/WRF/BUILD_WRF/WRF/frame -I/home/hnavarro/Desktop/WRF/BUILD_WRF/WRF/share -I/home/hnavarro/Desktop/WRF/BUILD_WRF/WRF/phys -I/home/hnavarro/Desktop/WRF/BUILD_WRF/WRF/wrftladj -I/home/hnavarro/Desktop/WRF/BUILD_WRF/WRF/chem -I/home/hnavarro/Desktop/WRF/BUILD_WRF/WRF/inc -I/home/hnavarro/Desktop/WRF/Install-WRF-Chem/LIBRARIES/netcdf/include    module_isorev.f90
3.24user 0.14system 0:03.39elapsed 99%CPU (0avgtext+0avgdata 175488maxresident)k
16inputs+3656outputs (0major+46183minor)pagefaults 0swaps
rm -f module_gocart_dmsemis.o
sed -e "s/^\!.*'.*//" -e "s/^ *\!.*'.*//" module_gocart_dmsemis.F > module_gocart_dmsemis.G
/lib/cpp -P -nostdinc -I/home/hnavarro/Desktop/WRF/BUILD_WRF/WRF/inc -DEM_CORE=1 -DNMM_CORE=0 -DNMM_MAX_DIM=2600 -DDA_CORE=0 -DWRFPLUS=0 -DIWORDSIZE=4 -DDWORDSIZE=8 -DRWORDSIZE=4 -DLWORDSIZE=4 -DNONSTANDARD_SYSTEM_SUBR  -DWRF_USE_CLM  -DDM_PARALLEL -DNETCDF -DLANDREAD_STUB=1 -DUSE_ALLOCATABLES -Dwrfmodel -DGRIB1 -DINTIO -DKEEP_INT_AROUND -DLIMIT_ARGS -DBUILD_RRTMG_FAST=0 -DBUILD_RRTMK=0 -DBUILD_SBM_FAST=1 -DSHOW_ALL_VARS_USED=0 -DCONFIG_BUF_LEN=65536 -DMAX_DOMAINS_F=21 -DMAX_HISTORY=25 -DNMM_NEST=0 -DWRF_CHEM -DBUILD_CHEM=1 -I. -traditional-cpp   module_gocart_dmsemis.G  > module_gocart_dmsemis.bb
/home/hnavarro/Desktop/WRF/BUILD_WRF/WRF/tools/standard.exe module_gocart_dmsemis.bb | /lib/cpp -P -nostdinc -traditional-cpp > module_gocart_dmsemis.f90
rm -f module_gocart_dmsemis.G module_gocart_dmsemis.bb
time mpif90 -f90=gfortran -o module_gocart_dmsemis.o -c -O2 -ftree-vectorize -funroll-loops -w -ffree-form -ffree-line-length-none -fconvert=big-endian -frecord-marker=4 -fallow-argument-mismatch -fallow-invalid-boz   -I../dyn_em  -I/home/hnavarro/Desktop/WRF/BUILD_WRF/WRF/external/esmf_time_f90  -I/home/hnavarro/Desktop/WRF/BUILD_WRF/WRF/main -I/home/hnavarro/Desktop/WRF/BUILD_WRF/WRF/external/io_netcdf -I/home/hnavarro/Desktop/WRF/BUILD_WRF/WRF/external/io_int -I/home/hnavarro/Desktop/WRF/BUILD_WRF/WRF/frame -I/home/hnavarro/Desktop/WRF/BUILD_WRF/WRF/share -I/home/hnavarro/Desktop/WRF/BUILD_WRF/WRF/phys -I/home/hnavarro/Desktop/WRF/BUILD_WRF/WRF/wrftladj -I/home/hnavarro/Desktop/WRF/BUILD_WRF/WRF/chem -I/home/hnavarro/Desktop/WRF/BUILD_WRF/WRF/inc -I/home/hnavarro/Desktop/WRF/Install-WRF-Chem/LIBRARIES/netcdf/include    module_gocart_dmsemis.f90
1.83user 0.08system 0:01.92elapsed 99%CPU (0avgtext+0avgdata 105344maxresident)k
0inputs+1720outputs (0major+27666minor)pagefaults 0swaps
rm -f module_gocart_aerosols.o
sed -e "s/^\!.*'.*//" -e "s/^ *\!.*'.*//" module_gocart_aerosols.F > module_gocart_aerosols.G
/lib/cpp -P -nostdinc -I/home/hnavarro/Desktop/WRF/BUILD_WRF/WRF/inc -DEM_CORE=1 -DNMM_CORE=0 -DNMM_MAX_DIM=2600 -DDA_CORE=0 -DWRFPLUS=0 -DIWORDSIZE=4 -DDWORDSIZE=8 -DRWORDSIZE=4 -DLWORDSIZE=4 -DNONSTANDARD_SYSTEM_SUBR  -DWRF_USE_CLM  -DDM_PARALLEL -DNETCDF -DLANDREAD_STUB=1 -DUSE_ALLOCATABLES -Dwrfmodel -DGRIB1 -DINTIO -DKEEP_INT_AROUND -DLIMIT_ARGS -DBUILD_RRTMG_FAST=0 -DBUILD_RRTMK=0 -DBUILD_SBM_FAST=1 -DSHOW_ALL_VARS_USED=0 -DCONFIG_BUF_LEN=65536 -DMAX_DOMAINS_F=21 -DMAX_HISTORY=25 -DNMM_NEST=0 -DWRF_CHEM -DBUILD_CHEM=1 -I. -traditional-cpp   module_gocart_aerosols.G  > module_gocart_aerosols.bb
/home/hnavarro/Desktop/WRF/BUILD_WRF/WRF/tools/standard.exe module_gocart_aerosols.bb | /lib/cpp -P -nostdinc -traditional-cpp > module_gocart_aerosols.f90
rm -f module_gocart_aerosols.G module_gocart_aerosols.bb
time mpif90 -f90=gfortran -o module_gocart_aerosols.o -c -O2 -ftree-vectorize -funroll-loops -w -ffree-form -ffree-line-length-none -fconvert=big-endian -frecord-marker=4 -fallow-argument-mismatch -fallow-invalid-boz   -I../dyn_em  -I/home/hnavarro/Desktop/WRF/BUILD_WRF/WRF/external/esmf_time_f90  -I/home/hnavarro/Desktop/WRF/BUILD_WRF/WRF/main -I/home/hnavarro/Desktop/WRF/BUILD_WRF/WRF/external/io_netcdf -I/home/hnavarro/Desktop/WRF/BUILD_WRF/WRF/external/io_int -I/home/hnavarro/Desktop/WRF/BUILD_WRF/WRF/frame -I/home/hnavarro/Desktop/WRF/BUILD_WRF/WRF/share -I/home/hnavarro/Desktop/WRF/BUILD_WRF/WRF/phys -I/home/hnavarro/Desktop/WRF/BUILD_WRF/WRF/wrftladj -I/home/hnavarro/Desktop/WRF/BUILD_WRF/WRF/chem -I/home/hnavarro/Desktop/WRF/BUILD_WRF/WRF/inc -I/home/hnavarro/Desktop/WRF/Install-WRF-Chem/LIBRARIES/netcdf/include    module_gocart_aerosols.f90
1.33user 0.05system 0:01.39elapsed 99%CPU (0avgtext+0avgdata 43612maxresident)k
0inputs+104outputs (0major+13166minor)pagefaults 0swaps
rm -f module_gocart_dust_afwa.o
sed -e "s/^\!.*'.*//" -e "s/^ *\!.*'.*//" module_gocart_dust_afwa.F > module_gocart_dust_afwa.G
/lib/cpp -P -nostdinc -I/home/hnavarro/Desktop/WRF/BUILD_WRF/WRF/inc -DEM_CORE=1 -DNMM_CORE=0 -DNMM_MAX_DIM=2600 -DDA_CORE=0 -DWRFPLUS=0 -DIWORDSIZE=4 -DDWORDSIZE=8 -DRWORDSIZE=4 -DLWORDSIZE=4 -DNONSTANDARD_SYSTEM_SUBR  -DWRF_USE_CLM  -DDM_PARALLEL -DNETCDF -DLANDREAD_STUB=1 -DUSE_ALLOCATABLES -Dwrfmodel -DGRIB1 -DINTIO -DKEEP_INT_AROUND -DLIMIT_ARGS -DBUILD_RRTMG_FAST=0 -DBUILD_RRTMK=0 -DBUILD_SBM_FAST=1 -DSHOW_ALL_VARS_USED=0 -DCONFIG_BUF_LEN=65536 -DMAX_DOMAINS_F=21 -DMAX_HISTORY=25 -DNMM_NEST=0 -DWRF_CHEM -DBUILD_CHEM=1 -I. -traditional-cpp   module_gocart_dust_afwa.G  > module_gocart_dust_afwa.bb
/home/hnavarro/Desktop/WRF/BUILD_WRF/WRF/tools/standard.exe module_gocart_dust_afwa.bb | /lib/cpp -P -nostdinc -traditional-cpp > module_gocart_dust_afwa.f90
rm -f module_gocart_dust_afwa.G module_gocart_dust_afwa.bb
time mpif90 -f90=gfortran -o module_gocart_dust_afwa.o -c -O2 -ftree-vectorize -funroll-loops -w -ffree-form -ffree-line-length-none -fconvert=big-endian -frecord-marker=4 -fallow-argument-mismatch -fallow-invalid-boz   -I../dyn_em  -I/home/hnavarro/Desktop/WRF/BUILD_WRF/WRF/external/esmf_time_f90  -I/home/hnavarro/Desktop/WRF/BUILD_WRF/WRF/main -I/home/hnavarro/Desktop/WRF/BUILD_WRF/WRF/external/io_netcdf -I/home/hnavarro/Desktop/WRF/BUILD_WRF/WRF/external/io_int -I/home/hnavarro/Desktop/WRF/BUILD_WRF/WRF/frame -I/home/hnavarro/Desktop/WRF/BUILD_WRF/WRF/share -I/home/hnavarro/Desktop/WRF/BUILD_WRF/WRF/phys -I/home/hnavarro/Desktop/WRF/BUILD_WRF/WRF/wrftladj -I/home/hnavarro/Desktop/WRF/BUILD_WRF/WRF/chem -I/home/hnavarro/Desktop/WRF/BUILD_WRF/WRF/inc -I/home/hnavarro/Desktop/WRF/Install-WRF-Chem/LIBRARIES/netcdf/include    module_gocart_dust_afwa.f90
1.49user 0.04system 0:01.53elapsed 99%CPU (0avgtext+0avgdata 49428maxresident)k
0inputs+200outputs (0major+14379minor)pagefaults 0swaps
rm -f module_gocart_seasalt.o
sed -e "s/^\!.*'.*//" -e "s/^ *\!.*'.*//" module_gocart_seasalt.F > module_gocart_seasalt.G
/lib/cpp -P -nostdinc -I/home/hnavarro/Desktop/WRF/BUILD_WRF/WRF/inc -DEM_CORE=1 -DNMM_CORE=0 -DNMM_MAX_DIM=2600 -DDA_CORE=0 -DWRFPLUS=0 -DIWORDSIZE=4 -DDWORDSIZE=8 -DRWORDSIZE=4 -DLWORDSIZE=4 -DNONSTANDARD_SYSTEM_SUBR  -DWRF_USE_CLM  -DDM_PARALLEL -DNETCDF -DLANDREAD_STUB=1 -DUSE_ALLOCATABLES -Dwrfmodel -DGRIB1 -DINTIO -DKEEP_INT_AROUND -DLIMIT_ARGS -DBUILD_RRTMG_FAST=0 -DBUILD_RRTMK=0 -DBUILD_SBM_FAST=1 -DSHOW_ALL_VARS_USED=0 -DCONFIG_BUF_LEN=65536 -DMAX_DOMAINS_F=21 -DMAX_HISTORY=25 -DNMM_NEST=0 -DWRF_CHEM -DBUILD_CHEM=1 -I. -traditional-cpp   module_gocart_seasalt.G  > module_gocart_seasalt.bb
/home/hnavarro/Desktop/WRF/BUILD_WRF/WRF/tools/standard.exe module_gocart_seasalt.bb | /lib/cpp -P -nostdinc -traditional-cpp > module_gocart_seasalt.f90
rm -f module_gocart_seasalt.G module_gocart_seasalt.bb
time mpif90 -f90=gfortran -o module_gocart_seasalt.o -c -O2 -ftree-vectorize -funroll-loops -w -ffree-form -ffree-line-length-none -fconvert=big-endian -frecord-marker=4 -fallow-argument-mismatch -fallow-invalid-boz   -I../dyn_em  -I/home/hnavarro/Desktop/WRF/BUILD_WRF/WRF/external/esmf_time_f90  -I/home/hnavarro/Desktop/WRF/BUILD_WRF/WRF/main -I/home/hnavarro/Desktop/WRF/BUILD_WRF/WRF/external/io_netcdf -I/home/hnavarro/Desktop/WRF/BUILD_WRF/WRF/external/io_int -I/home/hnavarro/Desktop/WRF/BUILD_WRF/WRF/frame -I/home/hnavarro/Desktop/WRF/BUILD_WRF/WRF/share -I/home/hnavarro/Desktop/WRF/BUILD_WRF/WRF/phys -I/home/hnavarro/Desktop/WRF/BUILD_WRF/WRF/wrftladj -I/home/hnavarro/Desktop/WRF/BUILD_WRF/WRF/chem -I/home/hnavarro/Desktop/WRF/BUILD_WRF/WRF/inc -I/home/hnavarro/Desktop/WRF/Install-WRF-Chem/LIBRARIES/netcdf/include    module_gocart_seasalt.f90
2.70user 0.07system 0:02.78elapsed 99%CPU (0avgtext+0avgdata 57748maxresident)k
0inputs+176outputs (0major+17870minor)pagefaults 0swaps
rm -f module_qf03.o
sed -e "s/^\!.*'.*//" -e "s/^ *\!.*'.*//" module_qf03.F > module_qf03.G
/lib/cpp -P -nostdinc -I/home/hnavarro/Desktop/WRF/BUILD_WRF/WRF/inc -DEM_CORE=1 -DNMM_CORE=0 -DNMM_MAX_DIM=2600 -DDA_CORE=0 -DWRFPLUS=0 -DIWORDSIZE=4 -DDWORDSIZE=8 -DRWORDSIZE=4 -DLWORDSIZE=4 -DNONSTANDARD_SYSTEM_SUBR  -DWRF_USE_CLM  -DDM_PARALLEL -DNETCDF -DLANDREAD_STUB=1 -DUSE_ALLOCATABLES -Dwrfmodel -DGRIB1 -DINTIO -DKEEP_INT_AROUND -DLIMIT_ARGS -DBUILD_RRTMG_FAST=0 -DBUILD_RRTMK=0 -DBUILD_SBM_FAST=1 -DSHOW_ALL_VARS_USED=0 -DCONFIG_BUF_LEN=65536 -DMAX_DOMAINS_F=21 -DMAX_HISTORY=25 -DNMM_NEST=0 -DWRF_CHEM -DBUILD_CHEM=1 -I. -traditional-cpp   module_qf03.G  > module_qf03.bb
/home/hnavarro/Desktop/WRF/BUILD_WRF/WRF/tools/standard.exe module_qf03.bb | /lib/cpp -P -nostdinc -traditional-cpp > module_qf03.f90
rm -f module_qf03.G module_qf03.bb
time mpif90 -f90=gfortran -o module_qf03.o -c -O2 -ftree-vectorize -funroll-loops -w -ffree-form -ffree-line-length-none -fconvert=big-endian -frecord-marker=4 -fallow-argument-mismatch -fallow-invalid-boz   -I../dyn_em  -I/home/hnavarro/Desktop/WRF/BUILD_WRF/WRF/external/esmf_time_f90  -I/home/hnavarro/Desktop/WRF/BUILD_WRF/WRF/main -I/home/hnavarro/Desktop/WRF/BUILD_WRF/WRF/external/io_netcdf -I/home/hnavarro/Desktop/WRF/BUILD_WRF/WRF/external/io_int -I/home/hnavarro/Desktop/WRF/BUILD_WRF/WRF/frame -I/home/hnavarro/Desktop/WRF/BUILD_WRF/WRF/share -I/home/hnavarro/Desktop/WRF/BUILD_WRF/WRF/phys -I/home/hnavarro/Desktop/WRF/BUILD_WRF/WRF/wrftladj -I/home/hnavarro/Desktop/WRF/BUILD_WRF/WRF/chem -I/home/hnavarro/Desktop/WRF/BUILD_WRF/WRF/inc -I/home/hnavarro/Desktop/WRF/Install-WRF-Chem/LIBRARIES/netcdf/include    module_qf03.f90
0.24user 0.04system 0:00.28elapsed 99%CPU (0avgtext+0avgdata 46832maxresident)k
0inputs+208outputs (0major+12768minor)pagefaults 0swaps
rm -f module_soilpsd.o
sed -e "s/^\!.*'.*//" -e "s/^ *\!.*'.*//" module_soilpsd.F > module_soilpsd.G
/lib/cpp -P -nostdinc -I/home/hnavarro/Desktop/WRF/BUILD_WRF/WRF/inc -DEM_CORE=1 -DNMM_CORE=0 -DNMM_MAX_DIM=2600 -DDA_CORE=0 -DWRFPLUS=0 -DIWORDSIZE=4 -DDWORDSIZE=8 -DRWORDSIZE=4 -DLWORDSIZE=4 -DNONSTANDARD_SYSTEM_SUBR  -DWRF_USE_CLM  -DDM_PARALLEL -DNETCDF -DLANDREAD_STUB=1 -DUSE_ALLOCATABLES -Dwrfmodel -DGRIB1 -DINTIO -DKEEP_INT_AROUND -DLIMIT_ARGS -DBUILD_RRTMG_FAST=0 -DBUILD_RRTMK=0 -DBUILD_SBM_FAST=1 -DSHOW_ALL_VARS_USED=0 -DCONFIG_BUF_LEN=65536 -DMAX_DOMAINS_F=21 -DMAX_HISTORY=25 -DNMM_NEST=0 -DWRF_CHEM -DBUILD_CHEM=1 -I. -traditional-cpp   module_soilpsd.G  > module_soilpsd.bb
/home/hnavarro/Desktop/WRF/BUILD_WRF/WRF/tools/standard.exe module_soilpsd.bb | /lib/cpp -P -nostdinc -traditional-cpp > module_soilpsd.f90
rm -f module_soilpsd.G module_soilpsd.bb
time mpif90 -f90=gfortran -o module_soilpsd.o -c -O2 -ftree-vectorize -funroll-loops -w -ffree-form -ffree-line-length-none -fconvert=big-endian -frecord-marker=4 -fallow-argument-mismatch -fallow-invalid-boz   -I../dyn_em  -I/home/hnavarro/Desktop/WRF/BUILD_WRF/WRF/external/esmf_time_f90  -I/home/hnavarro/Desktop/WRF/BUILD_WRF/WRF/main -I/home/hnavarro/Desktop/WRF/BUILD_WRF/WRF/external/io_netcdf -I/home/hnavarro/Desktop/WRF/BUILD_WRF/WRF/external/io_int -I/home/hnavarro/Desktop/WRF/BUILD_WRF/WRF/frame -I/home/hnavarro/Desktop/WRF/BUILD_WRF/WRF/share -I/home/hnavarro/Desktop/WRF/BUILD_WRF/WRF/phys -I/home/hnavarro/Desktop/WRF/BUILD_WRF/WRF/wrftladj -I/home/hnavarro/Desktop/WRF/BUILD_WRF/WRF/chem -I/home/hnavarro/Desktop/WRF/BUILD_WRF/WRF/inc -I/home/hnavarro/Desktop/WRF/Install-WRF-Chem/LIBRARIES/netcdf/include    module_soilpsd.f90
0.02user 0.04system 0:00.08elapsed 97%CPU (0avgtext+0avgdata 16768maxresident)k
0inputs+56outputs (0major+7161minor)pagefaults 0swaps
rm -f module_dust_load.o
sed -e "s/^\!.*'.*//" -e "s/^ *\!.*'.*//" module_dust_load.F > module_dust_load.G
/lib/cpp -P -nostdinc -I/home/hnavarro/Desktop/WRF/BUILD_WRF/WRF/inc -DEM_CORE=1 -DNMM_CORE=0 -DNMM_MAX_DIM=2600 -DDA_CORE=0 -DWRFPLUS=0 -DIWORDSIZE=4 -DDWORDSIZE=8 -DRWORDSIZE=4 -DLWORDSIZE=4 -DNONSTANDARD_SYSTEM_SUBR  -DWRF_USE_CLM  -DDM_PARALLEL -DNETCDF -DLANDREAD_STUB=1 -DUSE_ALLOCATABLES -Dwrfmodel -DGRIB1 -DINTIO -DKEEP_INT_AROUND -DLIMIT_ARGS -DBUILD_RRTMG_FAST=0 -DBUILD_RRTMK=0 -DBUILD_SBM_FAST=1 -DSHOW_ALL_VARS_USED=0 -DCONFIG_BUF_LEN=65536 -DMAX_DOMAINS_F=21 -DMAX_HISTORY=25 -DNMM_NEST=0 -DWRF_CHEM -DBUILD_CHEM=1 -I. -traditional-cpp   module_dust_load.G  > module_dust_load.bb
/home/hnavarro/Desktop/WRF/BUILD_WRF/WRF/tools/standard.exe module_dust_load.bb | /lib/cpp -P -nostdinc -traditional-cpp > module_dust_load.f90
rm -f module_dust_load.G module_dust_load.bb
time mpif90 -f90=gfortran -o module_dust_load.o -c -O2 -ftree-vectorize -funroll-loops -w -ffree-form -ffree-line-length-none -fconvert=big-endian -frecord-marker=4 -fallow-argument-mismatch -fallow-invalid-boz   -I../dyn_em  -I/home/hnavarro/Desktop/WRF/BUILD_WRF/WRF/external/esmf_time_f90  -I/home/hnavarro/Desktop/WRF/BUILD_WRF/WRF/main -I/home/hnavarro/Desktop/WRF/BUILD_WRF/WRF/external/io_netcdf -I/home/hnavarro/Desktop/WRF/BUILD_WRF/WRF/external/io_int -I/home/hnavarro/Desktop/WRF/BUILD_WRF/WRF/frame -I/home/hnavarro/Desktop/WRF/BUILD_WRF/WRF/share -I/home/hnavarro/Desktop/WRF/BUILD_WRF/WRF/phys -I/home/hnavarro/Desktop/WRF/BUILD_WRF/WRF/wrftladj -I/home/hnavarro/Desktop/WRF/BUILD_WRF/WRF/chem -I/home/hnavarro/Desktop/WRF/BUILD_WRF/WRF/inc -I/home/hnavarro/Desktop/WRF/Install-WRF-Chem/LIBRARIES/netcdf/include    module_dust_load.f90
1.34user 0.06system 0:01.42elapsed 99%CPU (0avgtext+0avgdata 45312maxresident)k
0inputs+120outputs (0major+13486minor)pagefaults 0swaps
rm -f module_data_uoc_wd.o
sed -e "s/^\!.*'.*//" -e "s/^ *\!.*'.*//" module_data_uoc_wd.F > module_data_uoc_wd.G
/lib/cpp -P -nostdinc -I/home/hnavarro/Desktop/WRF/BUILD_WRF/WRF/inc -DEM_CORE=1 -DNMM_CORE=0 -DNMM_MAX_DIM=2600 -DDA_CORE=0 -DWRFPLUS=0 -DIWORDSIZE=4 -DDWORDSIZE=8 -DRWORDSIZE=4 -DLWORDSIZE=4 -DNONSTANDARD_SYSTEM_SUBR  -DWRF_USE_CLM  -DDM_PARALLEL -DNETCDF -DLANDREAD_STUB=1 -DUSE_ALLOCATABLES -Dwrfmodel -DGRIB1 -DINTIO -DKEEP_INT_AROUND -DLIMIT_ARGS -DBUILD_RRTMG_FAST=0 -DBUILD_RRTMK=0 -DBUILD_SBM_FAST=1 -DSHOW_ALL_VARS_USED=0 -DCONFIG_BUF_LEN=65536 -DMAX_DOMAINS_F=21 -DMAX_HISTORY=25 -DNMM_NEST=0 -DWRF_CHEM -DBUILD_CHEM=1 -I. -traditional-cpp   module_data_uoc_wd.G  > module_data_uoc_wd.bb
/home/hnavarro/Desktop/WRF/BUILD_WRF/WRF/tools/standard.exe module_data_uoc_wd.bb | /lib/cpp -P -nostdinc -traditional-cpp > module_data_uoc_wd.f90
rm -f module_data_uoc_wd.G module_data_uoc_wd.bb
time mpif90 -f90=gfortran -o module_data_uoc_wd.o -c -O2 -ftree-vectorize -funroll-loops -w -ffree-form -ffree-line-length-none -fconvert=big-endian -frecord-marker=4 -fallow-argument-mismatch -fallow-invalid-boz   -I../dyn_em  -I/home/hnavarro/Desktop/WRF/BUILD_WRF/WRF/external/esmf_time_f90  -I/home/hnavarro/Desktop/WRF/BUILD_WRF/WRF/main -I/home/hnavarro/Desktop/WRF/BUILD_WRF/WRF/external/io_netcdf -I/home/hnavarro/Desktop/WRF/BUILD_WRF/WRF/external/io_int -I/home/hnavarro/Desktop/WRF/BUILD_WRF/WRF/frame -I/home/hnavarro/Desktop/WRF/BUILD_WRF/WRF/share -I/home/hnavarro/Desktop/WRF/BUILD_WRF/WRF/phys -I/home/hnavarro/Desktop/WRF/BUILD_WRF/WRF/wrftladj -I/home/hnavarro/Desktop/WRF/BUILD_WRF/WRF/chem -I/home/hnavarro/Desktop/WRF/BUILD_WRF/WRF/inc -I/home/hnavarro/Desktop/WRF/Install-WRF-Chem/LIBRARIES/netcdf/include    module_data_uoc_wd.f90
0.01user 0.03system 0:00.04elapsed 100%CPU (0avgtext+0avgdata 16384maxresident)k
0inputs+32outputs (0major+7169minor)pagefaults 0swaps
rm -f module_mosaic_initmixrats.o
sed -e "s/^\!.*'.*//" -e "s/^ *\!.*'.*//" module_mosaic_initmixrats.F > module_mosaic_initmixrats.G
/lib/cpp -P -nostdinc -I/home/hnavarro/Desktop/WRF/BUILD_WRF/WRF/inc -DEM_CORE=1 -DNMM_CORE=0 -DNMM_MAX_DIM=2600 -DDA_CORE=0 -DWRFPLUS=0 -DIWORDSIZE=4 -DDWORDSIZE=8 -DRWORDSIZE=4 -DLWORDSIZE=4 -DNONSTANDARD_SYSTEM_SUBR  -DWRF_USE_CLM  -DDM_PARALLEL -DNETCDF -DLANDREAD_STUB=1 -DUSE_ALLOCATABLES -Dwrfmodel -DGRIB1 -DINTIO -DKEEP_INT_AROUND -DLIMIT_ARGS -DBUILD_RRTMG_FAST=0 -DBUILD_RRTMK=0 -DBUILD_SBM_FAST=1 -DSHOW_ALL_VARS_USED=0 -DCONFIG_BUF_LEN=65536 -DMAX_DOMAINS_F=21 -DMAX_HISTORY=25 -DNMM_NEST=0 -DWRF_CHEM -DBUILD_CHEM=1 -I. -traditional-cpp   module_mosaic_initmixrats.G  > module_mosaic_initmixrats.bb
/home/hnavarro/Desktop/WRF/BUILD_WRF/WRF/tools/standard.exe module_mosaic_initmixrats.bb | /lib/cpp -P -nostdinc -traditional-cpp > module_mosaic_initmixrats.f90
rm -f module_mosaic_initmixrats.G module_mosaic_initmixrats.bb
time mpif90 -f90=gfortran -o module_mosaic_initmixrats.o -c -O2 -ftree-vectorize -funroll-loops -w -ffree-form -ffree-line-length-none -fconvert=big-endian -frecord-marker=4 -fallow-argument-mismatch -fallow-invalid-boz   -I../dyn_em  -I/home/hnavarro/Desktop/WRF/BUILD_WRF/WRF/external/esmf_time_f90  -I/home/hnavarro/Desktop/WRF/BUILD_WRF/WRF/main -I/home/hnavarro/Desktop/WRF/BUILD_WRF/WRF/external/io_netcdf -I/home/hnavarro/Desktop/WRF/BUILD_WRF/WRF/external/io_int -I/home/hnavarro/Desktop/WRF/BUILD_WRF/WRF/frame -I/home/hnavarro/Desktop/WRF/BUILD_WRF/WRF/share -I/home/hnavarro/Desktop/WRF/BUILD_WRF/WRF/phys -I/home/hnavarro/Desktop/WRF/BUILD_WRF/WRF/wrftladj -I/home/hnavarro/Desktop/WRF/BUILD_WRF/WRF/chem -I/home/hnavarro/Desktop/WRF/BUILD_WRF/WRF/inc -I/home/hnavarro/Desktop/WRF/Install-WRF-Chem/LIBRARIES/netcdf/include    module_mosaic_initmixrats.f90
0.81user 0.07system 0:00.89elapsed 99%CPU (0avgtext+0avgdata 42672maxresident)k
0inputs+128outputs (0major+12214minor)pagefaults 0swaps
rm -f module_mosaic_movesect.o
sed -e "s/^\!.*'.*//" -e "s/^ *\!.*'.*//" module_mosaic_movesect.F > module_mosaic_movesect.G
/lib/cpp -P -nostdinc -I/home/hnavarro/Desktop/WRF/BUILD_WRF/WRF/inc -DEM_CORE=1 -DNMM_CORE=0 -DNMM_MAX_DIM=2600 -DDA_CORE=0 -DWRFPLUS=0 -DIWORDSIZE=4 -DDWORDSIZE=8 -DRWORDSIZE=4 -DLWORDSIZE=4 -DNONSTANDARD_SYSTEM_SUBR  -DWRF_USE_CLM  -DDM_PARALLEL -DNETCDF -DLANDREAD_STUB=1 -DUSE_ALLOCATABLES -Dwrfmodel -DGRIB1 -DINTIO -DKEEP_INT_AROUND -DLIMIT_ARGS -DBUILD_RRTMG_FAST=0 -DBUILD_RRTMK=0 -DBUILD_SBM_FAST=1 -DSHOW_ALL_VARS_USED=0 -DCONFIG_BUF_LEN=65536 -DMAX_DOMAINS_F=21 -DMAX_HISTORY=25 -DNMM_NEST=0 -DWRF_CHEM -DBUILD_CHEM=1 -I. -traditional-cpp   module_mosaic_movesect.G  > module_mosaic_movesect.bb
/home/hnavarro/Desktop/WRF/BUILD_WRF/WRF/tools/standard.exe module_mosaic_movesect.bb | /lib/cpp -P -nostdinc -traditional-cpp > module_mosaic_movesect.f90
rm -f module_mosaic_movesect.G module_mosaic_movesect.bb
time mpif90 -f90=gfortran -o module_mosaic_movesect.o -c -O2 -ftree-vectorize -funroll-loops -w -ffree-form -ffree-line-length-none -fconvert=big-endian -frecord-marker=4 -fallow-argument-mismatch -fallow-invalid-boz   -I../dyn_em  -I/home/hnavarro/Desktop/WRF/BUILD_WRF/WRF/external/esmf_time_f90  -I/home/hnavarro/Desktop/WRF/BUILD_WRF/WRF/main -I/home/hnavarro/Desktop/WRF/BUILD_WRF/WRF/external/io_netcdf -I/home/hnavarro/Desktop/WRF/BUILD_WRF/WRF/external/io_int -I/home/hnavarro/Desktop/WRF/BUILD_WRF/WRF/frame -I/home/hnavarro/Desktop/WRF/BUILD_WRF/WRF/share -I/home/hnavarro/Desktop/WRF/BUILD_WRF/WRF/phys -I/home/hnavarro/Desktop/WRF/BUILD_WRF/WRF/wrftladj -I/home/hnavarro/Desktop/WRF/BUILD_WRF/WRF/chem -I/home/hnavarro/Desktop/WRF/BUILD_WRF/WRF/inc -I/home/hnavarro/Desktop/WRF/Install-WRF-Chem/LIBRARIES/netcdf/include    module_mosaic_movesect.f90
1.24user 0.08system 0:01.32elapsed 99%CPU (0avgtext+0avgdata 62696maxresident)k
0inputs+704outputs (0major+21999minor)pagefaults 0swaps
rm -f module_cbmz_lsodes_solver.o
sed -e "s/^\!.*'.*//" -e "s/^ *\!.*'.*//" module_cbmz_lsodes_solver.F > module_cbmz_lsodes_solver.G
/lib/cpp -P -nostdinc -I/home/hnavarro/Desktop/WRF/BUILD_WRF/WRF/inc -DEM_CORE=1 -DNMM_CORE=0 -DNMM_MAX_DIM=2600 -DDA_CORE=0 -DWRFPLUS=0 -DIWORDSIZE=4 -DDWORDSIZE=8 -DRWORDSIZE=4 -DLWORDSIZE=4 -DNONSTANDARD_SYSTEM_SUBR  -DWRF_USE_CLM  -DDM_PARALLEL -DNETCDF -DLANDREAD_STUB=1 -DUSE_ALLOCATABLES -Dwrfmodel -DGRIB1 -DINTIO -DKEEP_INT_AROUND -DLIMIT_ARGS -DBUILD_RRTMG_FAST=0 -DBUILD_RRTMK=0 -DBUILD_SBM_FAST=1 -DSHOW_ALL_VARS_USED=0 -DCONFIG_BUF_LEN=65536 -DMAX_DOMAINS_F=21 -DMAX_HISTORY=25 -DNMM_NEST=0 -DWRF_CHEM -DBUILD_CHEM=1 -I. -traditional-cpp   module_cbmz_lsodes_solver.G  > module_cbmz_lsodes_solver.bb
0.66user 0.06system 0:00.72elapsed 100%CPU (0avgtext+0avgdata 50812maxresident)k
0inputs+536outputs (0major+13974minor)pagefaults 0swaps
rm -f module_cbmz_rodas3_solver.o
sed -e "s/^\!.*'.*//" -e "s/^ *\!.*'.*//" module_cbmz_rodas3_solver.F > module_cbmz_rodas3_solver.G
/home/hnavarro/Desktop/WRF/BUILD_WRF/WRF/tools/standard.exe module_cbmz_lsodes_solver.bb | /lib/cpp -P -nostdinc -traditional-cpp > module_cbmz_lsodes_solver.f90
/lib/cpp -P -nostdinc -I/home/hnavarro/Desktop/WRF/BUILD_WRF/WRF/inc -DEM_CORE=1 -DNMM_CORE=0 -DNMM_MAX_DIM=2600 -DDA_CORE=0 -DWRFPLUS=0 -DIWORDSIZE=4 -DDWORDSIZE=8 -DRWORDSIZE=4 -DLWORDSIZE=4 -DNONSTANDARD_SYSTEM_SUBR  -DWRF_USE_CLM  -DDM_PARALLEL -DNETCDF -DLANDREAD_STUB=1 -DUSE_ALLOCATABLES -Dwrfmodel -DGRIB1 -DINTIO -DKEEP_INT_AROUND -DLIMIT_ARGS -DBUILD_RRTMG_FAST=0 -DBUILD_RRTMK=0 -DBUILD_SBM_FAST=1 -DSHOW_ALL_VARS_USED=0 -DCONFIG_BUF_LEN=65536 -DMAX_DOMAINS_F=21 -DMAX_HISTORY=25 -DNMM_NEST=0 -DWRF_CHEM -DBUILD_CHEM=1 -I. -traditional-cpp   module_cbmz_rodas3_solver.G  > module_cbmz_rodas3_solver.bb
rm -f module_cbmz_lsodes_solver.G module_cbmz_lsodes_solver.bb
/home/hnavarro/Desktop/WRF/BUILD_WRF/WRF/tools/standard.exe module_cbmz_rodas3_solver.bb | /lib/cpp -P -nostdinc -traditional-cpp > module_cbmz_rodas3_solver.f90
time mpif90 -f90=gfortran -o module_cbmz_lsodes_solver.o -c -O2 -ftree-vectorize -funroll-loops -w -ffree-form -ffree-line-length-none -fconvert=big-endian -frecord-marker=4 -fallow-argument-mismatch -fallow-invalid-boz   -I../dyn_em  -I/home/hnavarro/Desktop/WRF/BUILD_WRF/WRF/external/esmf_time_f90  -I/home/hnavarro/Desktop/WRF/BUILD_WRF/WRF/main -I/home/hnavarro/Desktop/WRF/BUILD_WRF/WRF/external/io_netcdf -I/home/hnavarro/Desktop/WRF/BUILD_WRF/WRF/external/io_int -I/home/hnavarro/Desktop/WRF/BUILD_WRF/WRF/frame -I/home/hnavarro/Desktop/WRF/BUILD_WRF/WRF/share -I/home/hnavarro/Desktop/WRF/BUILD_WRF/WRF/phys -I/home/hnavarro/Desktop/WRF/BUILD_WRF/WRF/wrftladj -I/home/hnavarro/Desktop/WRF/BUILD_WRF/WRF/chem -I/home/hnavarro/Desktop/WRF/BUILD_WRF/WRF/inc -I/home/hnavarro/Desktop/WRF/Install-WRF-Chem/LIBRARIES/netcdf/include    module_cbmz_lsodes_solver.f90
rm -f module_cbmz_rodas3_solver.G module_cbmz_rodas3_solver.bb
time mpif90 -f90=gfortran -o module_cbmz_rodas3_solver.o -c -O2 -ftree-vectorize -funroll-loops -w -ffree-form -ffree-line-length-none -fconvert=big-endian -frecord-marker=4 -fallow-argument-mismatch -fallow-invalid-boz   -I../dyn_em  -I/home/hnavarro/Desktop/WRF/BUILD_WRF/WRF/external/esmf_time_f90  -I/home/hnavarro/Desktop/WRF/BUILD_WRF/WRF/main -I/home/hnavarro/Desktop/WRF/BUILD_WRF/WRF/external/io_netcdf -I/home/hnavarro/Desktop/WRF/BUILD_WRF/WRF/external/io_int -I/home/hnavarro/Desktop/WRF/BUILD_WRF/WRF/frame -I/home/hnavarro/Desktop/WRF/BUILD_WRF/WRF/share -I/home/hnavarro/Desktop/WRF/BUILD_WRF/WRF/phys -I/home/hnavarro/Desktop/WRF/BUILD_WRF/WRF/wrftladj -I/home/hnavarro/Desktop/WRF/BUILD_WRF/WRF/chem -I/home/hnavarro/Desktop/WRF/BUILD_WRF/WRF/inc -I/home/hnavarro/Desktop/WRF/Install-WRF-Chem/LIBRARIES/netcdf/include    module_cbmz_rodas3_solver.f90
0.19user 0.05system 0:00.25elapsed 100%CPU (0avgtext+0avgdata 41828maxresident)k
0inputs+160outputs (0major+11253minor)pagefaults 0swaps
rm -f module_cmu_bulkaqchem.o
sed -e "s/^\!.*'.*//" -e "s/^ *\!.*'.*//" module_cmu_bulkaqchem.F > module_cmu_bulkaqchem.G
/lib/cpp -P -nostdinc -I/home/hnavarro/Desktop/WRF/BUILD_WRF/WRF/inc -DEM_CORE=1 -DNMM_CORE=0 -DNMM_MAX_DIM=2600 -DDA_CORE=0 -DWRFPLUS=0 -DIWORDSIZE=4 -DDWORDSIZE=8 -DRWORDSIZE=4 -DLWORDSIZE=4 -DNONSTANDARD_SYSTEM_SUBR  -DWRF_USE_CLM  -DDM_PARALLEL -DNETCDF -DLANDREAD_STUB=1 -DUSE_ALLOCATABLES -Dwrfmodel -DGRIB1 -DINTIO -DKEEP_INT_AROUND -DLIMIT_ARGS -DBUILD_RRTMG_FAST=0 -DBUILD_RRTMK=0 -DBUILD_SBM_FAST=1 -DSHOW_ALL_VARS_USED=0 -DCONFIG_BUF_LEN=65536 -DMAX_DOMAINS_F=21 -DMAX_HISTORY=25 -DNMM_NEST=0 -DWRF_CHEM -DBUILD_CHEM=1 -I. -traditional-cpp   module_cmu_bulkaqchem.G  > module_cmu_bulkaqchem.bb
/home/hnavarro/Desktop/WRF/BUILD_WRF/WRF/tools/standard.exe module_cmu_bulkaqchem.bb | /lib/cpp -P -nostdinc -traditional-cpp > module_cmu_bulkaqchem.f90
rm -f module_cmu_bulkaqchem.G module_cmu_bulkaqchem.bb
time mpif90 -f90=gfortran -o module_cmu_bulkaqchem.o -c -O2 -ftree-vectorize -funroll-loops -w -ffree-form -ffree-line-length-none -fconvert=big-endian -frecord-marker=4 -fallow-argument-mismatch -fallow-invalid-boz   -I../dyn_em  -I/home/hnavarro/Desktop/WRF/BUILD_WRF/WRF/external/esmf_time_f90  -I/home/hnavarro/Desktop/WRF/BUILD_WRF/WRF/main -I/home/hnavarro/Desktop/WRF/BUILD_WRF/WRF/external/io_netcdf -I/home/hnavarro/Desktop/WRF/BUILD_WRF/WRF/external/io_int -I/home/hnavarro/Desktop/WRF/BUILD_WRF/WRF/frame -I/home/hnavarro/Desktop/WRF/BUILD_WRF/WRF/share -I/home/hnavarro/Desktop/WRF/BUILD_WRF/WRF/phys -I/home/hnavarro/Desktop/WRF/BUILD_WRF/WRF/wrftladj -I/home/hnavarro/Desktop/WRF/BUILD_WRF/WRF/chem -I/home/hnavarro/Desktop/WRF/BUILD_WRF/WRF/inc -I/home/hnavarro/Desktop/WRF/Install-WRF-Chem/LIBRARIES/netcdf/include    module_cmu_bulkaqchem.f90
0.44user 0.06system 0:00.51elapsed 99%CPU (0avgtext+0avgdata 46208maxresident)k
0inputs+456outputs (0major+12140minor)pagefaults 0swaps
rm -f module_data_mgn2mech.o
sed -e "s/^\!.*'.*//" -e "s/^ *\!.*'.*//" module_data_mgn2mech.F > module_data_mgn2mech.G
/lib/cpp -P -nostdinc -I/home/hnavarro/Desktop/WRF/BUILD_WRF/WRF/inc -DEM_CORE=1 -DNMM_CORE=0 -DNMM_MAX_DIM=2600 -DDA_CORE=0 -DWRFPLUS=0 -DIWORDSIZE=4 -DDWORDSIZE=8 -DRWORDSIZE=4 -DLWORDSIZE=4 -DNONSTANDARD_SYSTEM_SUBR  -DWRF_USE_CLM  -DDM_PARALLEL -DNETCDF -DLANDREAD_STUB=1 -DUSE_ALLOCATABLES -Dwrfmodel -DGRIB1 -DINTIO -DKEEP_INT_AROUND -DLIMIT_ARGS -DBUILD_RRTMG_FAST=0 -DBUILD_RRTMK=0 -DBUILD_SBM_FAST=1 -DSHOW_ALL_VARS_USED=0 -DCONFIG_BUF_LEN=65536 -DMAX_DOMAINS_F=21 -DMAX_HISTORY=25 -DNMM_NEST=0 -DWRF_CHEM -DBUILD_CHEM=1 -I. -traditional-cpp   module_data_mgn2mech.G  > module_data_mgn2mech.bb
/home/hnavarro/Desktop/WRF/BUILD_WRF/WRF/tools/standard.exe module_data_mgn2mech.bb | /lib/cpp -P -nostdinc -traditional-cpp > module_data_mgn2mech.f90
rm -f module_data_mgn2mech.G module_data_mgn2mech.bb
time mpif90 -f90=gfortran -o module_data_mgn2mech.o -c -O2 -ftree-vectorize -funroll-loops -w -ffree-form -ffree-line-length-none -fconvert=big-endian -frecord-marker=4 -fallow-argument-mismatch -fallow-invalid-boz   -I../dyn_em  -I/home/hnavarro/Desktop/WRF/BUILD_WRF/WRF/external/esmf_time_f90  -I/home/hnavarro/Desktop/WRF/BUILD_WRF/WRF/main -I/home/hnavarro/Desktop/WRF/BUILD_WRF/WRF/external/io_netcdf -I/home/hnavarro/Desktop/WRF/BUILD_WRF/WRF/external/io_int -I/home/hnavarro/Desktop/WRF/BUILD_WRF/WRF/frame -I/home/hnavarro/Desktop/WRF/BUILD_WRF/WRF/share -I/home/hnavarro/Desktop/WRF/BUILD_WRF/WRF/phys -I/home/hnavarro/Desktop/WRF/BUILD_WRF/WRF/wrftladj -I/home/hnavarro/Desktop/WRF/BUILD_WRF/WRF/chem -I/home/hnavarro/Desktop/WRF/BUILD_WRF/WRF/inc -I/home/hnavarro/Desktop/WRF/Install-WRF-Chem/LIBRARIES/netcdf/include    module_data_mgn2mech.f90
1.32user 0.08system 0:01.40elapsed 100%CPU (0avgtext+0avgdata 78880maxresident)k
0inputs+1104outputs (5major+22027minor)pagefaults 0swaps
rm -f module_fastj_data.o
sed -e "s/^\!.*'.*//" -e "s/^ *\!.*'.*//" module_fastj_data.F > module_fastj_data.G
/lib/cpp -P -nostdinc -I/home/hnavarro/Desktop/WRF/BUILD_WRF/WRF/inc -DEM_CORE=1 -DNMM_CORE=0 -DNMM_MAX_DIM=2600 -DDA_CORE=0 -DWRFPLUS=0 -DIWORDSIZE=4 -DDWORDSIZE=8 -DRWORDSIZE=4 -DLWORDSIZE=4 -DNONSTANDARD_SYSTEM_SUBR  -DWRF_USE_CLM  -DDM_PARALLEL -DNETCDF -DLANDREAD_STUB=1 -DUSE_ALLOCATABLES -Dwrfmodel -DGRIB1 -DINTIO -DKEEP_INT_AROUND -DLIMIT_ARGS -DBUILD_RRTMG_FAST=0 -DBUILD_RRTMK=0 -DBUILD_SBM_FAST=1 -DSHOW_ALL_VARS_USED=0 -DCONFIG_BUF_LEN=65536 -DMAX_DOMAINS_F=21 -DMAX_HISTORY=25 -DNMM_NEST=0 -DWRF_CHEM -DBUILD_CHEM=1 -I. -traditional-cpp   module_fastj_data.G  > module_fastj_data.bb
/home/hnavarro/Desktop/WRF/BUILD_WRF/WRF/tools/standard.exe module_fastj_data.bb | /lib/cpp -P -nostdinc -traditional-cpp > module_fastj_data.f90
rm -f module_fastj_data.G module_fastj_data.bb
time mpif90 -f90=gfortran -o module_fastj_data.o -c -O2 -ftree-vectorize -funroll-loops -w -ffree-form -ffree-line-length-none -fconvert=big-endian -frecord-marker=4 -fallow-argument-mismatch -fallow-invalid-boz   -I../dyn_em  -I/home/hnavarro/Desktop/WRF/BUILD_WRF/WRF/external/esmf_time_f90  -I/home/hnavarro/Desktop/WRF/BUILD_WRF/WRF/main -I/home/hnavarro/Desktop/WRF/BUILD_WRF/WRF/external/io_netcdf -I/home/hnavarro/Desktop/WRF/BUILD_WRF/WRF/external/io_int -I/home/hnavarro/Desktop/WRF/BUILD_WRF/WRF/frame -I/home/hnavarro/Desktop/WRF/BUILD_WRF/WRF/share -I/home/hnavarro/Desktop/WRF/BUILD_WRF/WRF/phys -I/home/hnavarro/Desktop/WRF/BUILD_WRF/WRF/wrftladj -I/home/hnavarro/Desktop/WRF/BUILD_WRF/WRF/chem -I/home/hnavarro/Desktop/WRF/BUILD_WRF/WRF/inc -I/home/hnavarro/Desktop/WRF/Install-WRF-Chem/LIBRARIES/netcdf/include    module_fastj_data.f90
0.23user 0.06system 0:00.29elapsed 99%CPU (0avgtext+0avgdata 46848maxresident)k
0inputs+2016outputs (0major+14957minor)pagefaults 0swaps
rm -f module_cam_mam_rename.o
sed -e "s/^\!.*'.*//" -e "s/^ *\!.*'.*//" module_cam_mam_rename.F > module_cam_mam_rename.G
/lib/cpp -P -nostdinc -I/home/hnavarro/Desktop/WRF/BUILD_WRF/WRF/inc -DEM_CORE=1 -DNMM_CORE=0 -DNMM_MAX_DIM=2600 -DDA_CORE=0 -DWRFPLUS=0 -DIWORDSIZE=4 -DDWORDSIZE=8 -DRWORDSIZE=4 -DLWORDSIZE=4 -DNONSTANDARD_SYSTEM_SUBR  -DWRF_USE_CLM  -DDM_PARALLEL -DNETCDF -DLANDREAD_STUB=1 -DUSE_ALLOCATABLES -Dwrfmodel -DGRIB1 -DINTIO -DKEEP_INT_AROUND -DLIMIT_ARGS -DBUILD_RRTMG_FAST=0 -DBUILD_RRTMK=0 -DBUILD_SBM_FAST=1 -DSHOW_ALL_VARS_USED=0 -DCONFIG_BUF_LEN=65536 -DMAX_DOMAINS_F=21 -DMAX_HISTORY=25 -DNMM_NEST=0 -DWRF_CHEM -DBUILD_CHEM=1 -I. -traditional-cpp   module_cam_mam_rename.G  > module_cam_mam_rename.bb
/home/hnavarro/Desktop/WRF/BUILD_WRF/WRF/tools/standard.exe module_cam_mam_rename.bb | /lib/cpp -P -nostdinc -traditional-cpp > module_cam_mam_rename.f90
rm -f module_cam_mam_rename.G module_cam_mam_rename.bb
time mpif90 -f90=gfortran -o module_cam_mam_rename.o -c -O2 -ftree-vectorize -funroll-loops -w -ffree-form -ffree-line-length-none -fconvert=big-endian -frecord-marker=4 -fallow-argument-mismatch -fallow-invalid-boz   -I../dyn_em  -I/home/hnavarro/Desktop/WRF/BUILD_WRF/WRF/external/esmf_time_f90  -I/home/hnavarro/Desktop/WRF/BUILD_WRF/WRF/main -I/home/hnavarro/Desktop/WRF/BUILD_WRF/WRF/external/io_netcdf -I/home/hnavarro/Desktop/WRF/BUILD_WRF/WRF/external/io_int -I/home/hnavarro/Desktop/WRF/BUILD_WRF/WRF/frame -I/home/hnavarro/Desktop/WRF/BUILD_WRF/WRF/share -I/home/hnavarro/Desktop/WRF/BUILD_WRF/WRF/phys -I/home/hnavarro/Desktop/WRF/BUILD_WRF/WRF/wrftladj -I/home/hnavarro/Desktop/WRF/BUILD_WRF/WRF/chem -I/home/hnavarro/Desktop/WRF/BUILD_WRF/WRF/inc -I/home/hnavarro/Desktop/WRF/Install-WRF-Chem/LIBRARIES/netcdf/include    module_cam_mam_rename.f90
0.24user 0.05system 0:00.29elapsed 100%CPU (0avgtext+0avgdata 44132maxresident)k
0inputs+200outputs (0major+11966minor)pagefaults 0swaps
rm -f module_cam_mam_wetdep.o
sed -e "s/^\!.*'.*//" -e "s/^ *\!.*'.*//" module_cam_mam_wetdep.F > module_cam_mam_wetdep.G
/lib/cpp -P -nostdinc -I/home/hnavarro/Desktop/WRF/BUILD_WRF/WRF/inc -DEM_CORE=1 -DNMM_CORE=0 -DNMM_MAX_DIM=2600 -DDA_CORE=0 -DWRFPLUS=0 -DIWORDSIZE=4 -DDWORDSIZE=8 -DRWORDSIZE=4 -DLWORDSIZE=4 -DNONSTANDARD_SYSTEM_SUBR  -DWRF_USE_CLM  -DDM_PARALLEL -DNETCDF -DLANDREAD_STUB=1 -DUSE_ALLOCATABLES -Dwrfmodel -DGRIB1 -DINTIO -DKEEP_INT_AROUND -DLIMIT_ARGS -DBUILD_RRTMG_FAST=0 -DBUILD_RRTMK=0 -DBUILD_SBM_FAST=1 -DSHOW_ALL_VARS_USED=0 -DCONFIG_BUF_LEN=65536 -DMAX_DOMAINS_F=21 -DMAX_HISTORY=25 -DNMM_NEST=0 -DWRF_CHEM -DBUILD_CHEM=1 -I. -traditional-cpp   module_cam_mam_wetdep.G  > module_cam_mam_wetdep.bb
/home/hnavarro/Desktop/WRF/BUILD_WRF/WRF/tools/standard.exe module_cam_mam_wetdep.bb | /lib/cpp -P -nostdinc -traditional-cpp > module_cam_mam_wetdep.f90
rm -f module_cam_mam_wetdep.G module_cam_mam_wetdep.bb
time mpif90 -f90=gfortran -o module_cam_mam_wetdep.o -c -O2 -ftree-vectorize -funroll-loops -w -ffree-form -ffree-line-length-none -fconvert=big-endian -frecord-marker=4 -fallow-argument-mismatch -fallow-invalid-boz   -I../dyn_em  -I/home/hnavarro/Desktop/WRF/BUILD_WRF/WRF/external/esmf_time_f90  -I/home/hnavarro/Desktop/WRF/BUILD_WRF/WRF/main -I/home/hnavarro/Desktop/WRF/BUILD_WRF/WRF/external/io_netcdf -I/home/hnavarro/Desktop/WRF/BUILD_WRF/WRF/external/io_int -I/home/hnavarro/Desktop/WRF/BUILD_WRF/WRF/frame -I/home/hnavarro/Desktop/WRF/BUILD_WRF/WRF/share -I/home/hnavarro/Desktop/WRF/BUILD_WRF/WRF/phys -I/home/hnavarro/Desktop/WRF/BUILD_WRF/WRF/wrftladj -I/home/hnavarro/Desktop/WRF/BUILD_WRF/WRF/chem -I/home/hnavarro/Desktop/WRF/BUILD_WRF/WRF/inc -I/home/hnavarro/Desktop/WRF/Install-WRF-Chem/LIBRARIES/netcdf/include    module_cam_mam_wetdep.f90
0.14user 0.04system 0:00.19elapsed 99%CPU (0avgtext+0avgdata 34764maxresident)k
0inputs+112outputs (0major+9685minor)pagefaults 0swaps
rm -f module_cam_mam_mo_chem_utls.o
sed -e "s/^\!.*'.*//" -e "s/^ *\!.*'.*//" module_cam_mam_mo_chem_utls.F > module_cam_mam_mo_chem_utls.G
/lib/cpp -P -nostdinc -I/home/hnavarro/Desktop/WRF/BUILD_WRF/WRF/inc -DEM_CORE=1 -DNMM_CORE=0 -DNMM_MAX_DIM=2600 -DDA_CORE=0 -DWRFPLUS=0 -DIWORDSIZE=4 -DDWORDSIZE=8 -DRWORDSIZE=4 -DLWORDSIZE=4 -DNONSTANDARD_SYSTEM_SUBR  -DWRF_USE_CLM  -DDM_PARALLEL -DNETCDF -DLANDREAD_STUB=1 -DUSE_ALLOCATABLES -Dwrfmodel -DGRIB1 -DINTIO -DKEEP_INT_AROUND -DLIMIT_ARGS -DBUILD_RRTMG_FAST=0 -DBUILD_RRTMK=0 -DBUILD_SBM_FAST=1 -DSHOW_ALL_VARS_USED=0 -DCONFIG_BUF_LEN=65536 -DMAX_DOMAINS_F=21 -DMAX_HISTORY=25 -DNMM_NEST=0 -DWRF_CHEM -DBUILD_CHEM=1 -I. -traditional-cpp   module_cam_mam_mo_chem_utls.G  > module_cam_mam_mo_chem_utls.bb
/home/hnavarro/Desktop/WRF/BUILD_WRF/WRF/tools/standard.exe module_cam_mam_mo_chem_utls.bb | /lib/cpp -P -nostdinc -traditional-cpp > module_cam_mam_mo_chem_utls.f90
rm -f module_cam_mam_mo_chem_utls.G module_cam_mam_mo_chem_utls.bb
time mpif90 -f90=gfortran -o module_cam_mam_mo_chem_utls.o -c -O2 -ftree-vectorize -funroll-loops -w -ffree-form -ffree-line-length-none -fconvert=big-endian -frecord-marker=4 -fallow-argument-mismatch -fallow-invalid-boz   -I../dyn_em  -I/home/hnavarro/Desktop/WRF/BUILD_WRF/WRF/external/esmf_time_f90  -I/home/hnavarro/Desktop/WRF/BUILD_WRF/WRF/main -I/home/hnavarro/Desktop/WRF/BUILD_WRF/WRF/external/io_netcdf -I/home/hnavarro/Desktop/WRF/BUILD_WRF/WRF/external/io_int -I/home/hnavarro/Desktop/WRF/BUILD_WRF/WRF/frame -I/home/hnavarro/Desktop/WRF/BUILD_WRF/WRF/share -I/home/hnavarro/Desktop/WRF/BUILD_WRF/WRF/phys -I/home/hnavarro/Desktop/WRF/BUILD_WRF/WRF/wrftladj -I/home/hnavarro/Desktop/WRF/BUILD_WRF/WRF/chem -I/home/hnavarro/Desktop/WRF/BUILD_WRF/WRF/inc -I/home/hnavarro/Desktop/WRF/Install-WRF-Chem/LIBRARIES/netcdf/include    module_cam_mam_mo_chem_utls.f90
0.03user 0.04system 0:00.06elapsed 101%CPU (0avgtext+0avgdata 26240maxresident)k
0inputs+24outputs (0major+7734minor)pagefaults 0swaps
rm -f module_mosaic_coag.o
sed -e "s/^\!.*'.*//" -e "s/^ *\!.*'.*//" module_mosaic_coag.F > module_mosaic_coag.G
/lib/cpp -P -nostdinc -I/home/hnavarro/Desktop/WRF/BUILD_WRF/WRF/inc -DEM_CORE=1 -DNMM_CORE=0 -DNMM_MAX_DIM=2600 -DDA_CORE=0 -DWRFPLUS=0 -DIWORDSIZE=4 -DDWORDSIZE=8 -DRWORDSIZE=4 -DLWORDSIZE=4 -DNONSTANDARD_SYSTEM_SUBR  -DWRF_USE_CLM  -DDM_PARALLEL -DNETCDF -DLANDREAD_STUB=1 -DUSE_ALLOCATABLES -Dwrfmodel -DGRIB1 -DINTIO -DKEEP_INT_AROUND -DLIMIT_ARGS -DBUILD_RRTMG_FAST=0 -DBUILD_RRTMK=0 -DBUILD_SBM_FAST=1 -DSHOW_ALL_VARS_USED=0 -DCONFIG_BUF_LEN=65536 -DMAX_DOMAINS_F=21 -DMAX_HISTORY=25 -DNMM_NEST=0 -DWRF_CHEM -DBUILD_CHEM=1 -I. -traditional-cpp   module_mosaic_coag.G  > module_mosaic_coag.bb
/home/hnavarro/Desktop/WRF/BUILD_WRF/WRF/tools/standard.exe module_mosaic_coag.bb | /lib/cpp -P -nostdinc -traditional-cpp > module_mosaic_coag.f90
rm -f module_mosaic_coag.G module_mosaic_coag.bb
time mpif90 -f90=gfortran -o module_mosaic_coag.o -c -O2 -ftree-vectorize -funroll-loops -w -ffree-form -ffree-line-length-none -fconvert=big-endian -frecord-marker=4 -fallow-argument-mismatch -fallow-invalid-boz   -I../dyn_em  -I/home/hnavarro/Desktop/WRF/BUILD_WRF/WRF/external/esmf_time_f90  -I/home/hnavarro/Desktop/WRF/BUILD_WRF/WRF/main -I/home/hnavarro/Desktop/WRF/BUILD_WRF/WRF/external/io_netcdf -I/home/hnavarro/Desktop/WRF/BUILD_WRF/WRF/external/io_int -I/home/hnavarro/Desktop/WRF/BUILD_WRF/WRF/frame -I/home/hnavarro/Desktop/WRF/BUILD_WRF/WRF/share -I/home/hnavarro/Desktop/WRF/BUILD_WRF/WRF/phys -I/home/hnavarro/Desktop/WRF/BUILD_WRF/WRF/wrftladj -I/home/hnavarro/Desktop/WRF/BUILD_WRF/WRF/chem -I/home/hnavarro/Desktop/WRF/BUILD_WRF/WRF/inc -I/home/hnavarro/Desktop/WRF/Install-WRF-Chem/LIBRARIES/netcdf/include    module_mosaic_coag.f90
0.41user 0.05system 0:00.47elapsed 99%CPU (0avgtext+0avgdata 53672maxresident)k
0inputs+352outputs (0major+14573minor)pagefaults 0swaps
rm -f module_phot_mad.o
sed -e "s/^\!.*'.*//" -e "s/^ *\!.*'.*//" module_phot_mad.F > module_phot_mad.G
/lib/cpp -P -nostdinc -I/home/hnavarro/Desktop/WRF/BUILD_WRF/WRF/inc -DEM_CORE=1 -DNMM_CORE=0 -DNMM_MAX_DIM=2600 -DDA_CORE=0 -DWRFPLUS=0 -DIWORDSIZE=4 -DDWORDSIZE=8 -DRWORDSIZE=4 -DLWORDSIZE=4 -DNONSTANDARD_SYSTEM_SUBR  -DWRF_USE_CLM  -DDM_PARALLEL -DNETCDF -DLANDREAD_STUB=1 -DUSE_ALLOCATABLES -Dwrfmodel -DGRIB1 -DINTIO -DKEEP_INT_AROUND -DLIMIT_ARGS -DBUILD_RRTMG_FAST=0 -DBUILD_RRTMK=0 -DBUILD_SBM_FAST=1 -DSHOW_ALL_VARS_USED=0 -DCONFIG_BUF_LEN=65536 -DMAX_DOMAINS_F=21 -DMAX_HISTORY=25 -DNMM_NEST=0 -DWRF_CHEM -DBUILD_CHEM=1 -I. -traditional-cpp   module_phot_mad.G  > module_phot_mad.bb
/home/hnavarro/Desktop/WRF/BUILD_WRF/WRF/tools/standard.exe module_phot_mad.bb | /lib/cpp -P -nostdinc -traditional-cpp > module_phot_mad.f90
rm -f module_phot_mad.G module_phot_mad.bb
time mpif90 -f90=gfortran -o module_phot_mad.o -c -O2 -ftree-vectorize -funroll-loops -w -ffree-form -ffree-line-length-none -fconvert=big-endian -frecord-marker=4 -fallow-argument-mismatch -fallow-invalid-boz   -I../dyn_em  -I/home/hnavarro/Desktop/WRF/BUILD_WRF/WRF/external/esmf_time_f90  -I/home/hnavarro/Desktop/WRF/BUILD_WRF/WRF/main -I/home/hnavarro/Desktop/WRF/BUILD_WRF/WRF/external/io_netcdf -I/home/hnavarro/Desktop/WRF/BUILD_WRF/WRF/external/io_int -I/home/hnavarro/Desktop/WRF/BUILD_WRF/WRF/frame -I/home/hnavarro/Desktop/WRF/BUILD_WRF/WRF/share -I/home/hnavarro/Desktop/WRF/BUILD_WRF/WRF/phys -I/home/hnavarro/Desktop/WRF/BUILD_WRF/WRF/wrftladj -I/home/hnavarro/Desktop/WRF/BUILD_WRF/WRF/chem -I/home/hnavarro/Desktop/WRF/BUILD_WRF/WRF/inc -I/home/hnavarro/Desktop/WRF/Install-WRF-Chem/LIBRARIES/netcdf/include    module_phot_mad.f90
2.66user 0.13system 0:02.80elapsed 99%CPU (0avgtext+0avgdata 174684maxresident)k
0inputs+992outputs (0major+45606minor)pagefaults 0swaps
rm -f params.mod.o
sed -e "s/^\!.*'.*//" -e "s/^ *\!.*'.*//" params.mod.F > params.mod.G
/lib/cpp -P -nostdinc -I/home/hnavarro/Desktop/WRF/BUILD_WRF/WRF/inc -DEM_CORE=1 -DNMM_CORE=0 -DNMM_MAX_DIM=2600 -DDA_CORE=0 -DWRFPLUS=0 -DIWORDSIZE=4 -DDWORDSIZE=8 -DRWORDSIZE=4 -DLWORDSIZE=4 -DNONSTANDARD_SYSTEM_SUBR  -DWRF_USE_CLM  -DDM_PARALLEL -DNETCDF -DLANDREAD_STUB=1 -DUSE_ALLOCATABLES -Dwrfmodel -DGRIB1 -DINTIO -DKEEP_INT_AROUND -DLIMIT_ARGS -DBUILD_RRTMG_FAST=0 -DBUILD_RRTMK=0 -DBUILD_SBM_FAST=1 -DSHOW_ALL_VARS_USED=0 -DCONFIG_BUF_LEN=65536 -DMAX_DOMAINS_F=21 -DMAX_HISTORY=25 -DNMM_NEST=0 -DWRF_CHEM -DBUILD_CHEM=1 -I. -traditional-cpp   params.mod.G  > params.mod.bb
/home/hnavarro/Desktop/WRF/BUILD_WRF/WRF/tools/standard.exe params.mod.bb | /lib/cpp -P -nostdinc -traditional-cpp > params.mod.f90
rm -f params.mod.G params.mod.bb
time mpif90 -f90=gfortran -o params.mod.o -c -O2 -ftree-vectorize -funroll-loops -w -ffree-form -ffree-line-length-none -fconvert=big-endian -frecord-marker=4 -fallow-argument-mismatch -fallow-invalid-boz   -I../dyn_em  -I/home/hnavarro/Desktop/WRF/BUILD_WRF/WRF/external/esmf_time_f90  -I/home/hnavarro/Desktop/WRF/BUILD_WRF/WRF/main -I/home/hnavarro/Desktop/WRF/BUILD_WRF/WRF/external/io_netcdf -I/home/hnavarro/Desktop/WRF/BUILD_WRF/WRF/external/io_int -I/home/hnavarro/Desktop/WRF/BUILD_WRF/WRF/frame -I/home/hnavarro/Desktop/WRF/BUILD_WRF/WRF/share -I/home/hnavarro/Desktop/WRF/BUILD_WRF/WRF/phys -I/home/hnavarro/Desktop/WRF/BUILD_WRF/WRF/wrftladj -I/home/hnavarro/Desktop/WRF/BUILD_WRF/WRF/chem -I/home/hnavarro/Desktop/WRF/BUILD_WRF/WRF/inc -I/home/hnavarro/Desktop/WRF/Install-WRF-Chem/LIBRARIES/netcdf/include    params.mod.f90
0.02user 0.04system 0:00.06elapsed 98%CPU (0avgtext+0avgdata 14976maxresident)k
0inputs+24outputs (0major+7152minor)pagefaults 0swaps
rm -f numer.o
sed -e "s/^\!.*'.*//" -e "s/^ *\!.*'.*//" numer.F > numer.G
/lib/cpp -P -nostdinc -I/home/hnavarro/Desktop/WRF/BUILD_WRF/WRF/inc -DEM_CORE=1 -DNMM_CORE=0 -DNMM_MAX_DIM=2600 -DDA_CORE=0 -DWRFPLUS=0 -DIWORDSIZE=4 -DDWORDSIZE=8 -DRWORDSIZE=4 -DLWORDSIZE=4 -DNONSTANDARD_SYSTEM_SUBR  -DWRF_USE_CLM  -DDM_PARALLEL -DNETCDF -DLANDREAD_STUB=1 -DUSE_ALLOCATABLES -Dwrfmodel -DGRIB1 -DINTIO -DKEEP_INT_AROUND -DLIMIT_ARGS -DBUILD_RRTMG_FAST=0 -DBUILD_RRTMK=0 -DBUILD_SBM_FAST=1 -DSHOW_ALL_VARS_USED=0 -DCONFIG_BUF_LEN=65536 -DMAX_DOMAINS_F=21 -DMAX_HISTORY=25 -DNMM_NEST=0 -DWRF_CHEM -DBUILD_CHEM=1 -I. -traditional-cpp   numer.G  > numer.bb
/home/hnavarro/Desktop/WRF/BUILD_WRF/WRF/tools/standard.exe numer.bb | /lib/cpp -P -nostdinc -traditional-cpp > numer.f90
rm -f numer.G numer.bb
time mpif90 -f90=gfortran -o numer.o -c -O2 -ftree-vectorize -funroll-loops -w -ffree-form -ffree-line-length-none -fconvert=big-endian -frecord-marker=4 -fallow-argument-mismatch -fallow-invalid-boz   -I../dyn_em  -I/home/hnavarro/Desktop/WRF/BUILD_WRF/WRF/external/esmf_time_f90  -I/home/hnavarro/Desktop/WRF/BUILD_WRF/WRF/main -I/home/hnavarro/Desktop/WRF/BUILD_WRF/WRF/external/io_netcdf -I/home/hnavarro/Desktop/WRF/BUILD_WRF/WRF/external/io_int -I/home/hnavarro/Desktop/WRF/BUILD_WRF/WRF/frame -I/home/hnavarro/Desktop/WRF/BUILD_WRF/WRF/share -I/home/hnavarro/Desktop/WRF/BUILD_WRF/WRF/phys -I/home/hnavarro/Desktop/WRF/BUILD_WRF/WRF/wrftladj -I/home/hnavarro/Desktop/WRF/BUILD_WRF/WRF/chem -I/home/hnavarro/Desktop/WRF/BUILD_WRF/WRF/inc -I/home/hnavarro/Desktop/WRF/Install-WRF-Chem/LIBRARIES/netcdf/include    numer.f90
0.14user 0.06system 0:00.21elapsed 98%CPU (0avgtext+0avgdata 33656maxresident)k
0inputs+104outputs (0major+9185minor)pagefaults 0swaps
rm -f params_mod.o
sed -e "s/^\!.*'.*//" -e "s/^ *\!.*'.*//" params_mod.F > params_mod.G
/lib/cpp -P -nostdinc -I/home/hnavarro/Desktop/WRF/BUILD_WRF/WRF/inc -DEM_CORE=1 -DNMM_CORE=0 -DNMM_MAX_DIM=2600 -DDA_CORE=0 -DWRFPLUS=0 -DIWORDSIZE=4 -DDWORDSIZE=8 -DRWORDSIZE=4 -DLWORDSIZE=4 -DNONSTANDARD_SYSTEM_SUBR  -DWRF_USE_CLM  -DDM_PARALLEL -DNETCDF -DLANDREAD_STUB=1 -DUSE_ALLOCATABLES -Dwrfmodel -DGRIB1 -DINTIO -DKEEP_INT_AROUND -DLIMIT_ARGS -DBUILD_RRTMG_FAST=0 -DBUILD_RRTMK=0 -DBUILD_SBM_FAST=1 -DSHOW_ALL_VARS_USED=0 -DCONFIG_BUF_LEN=65536 -DMAX_DOMAINS_F=21 -DMAX_HISTORY=25 -DNMM_NEST=0 -DWRF_CHEM -DBUILD_CHEM=1 -I. -traditional-cpp   params_mod.G  > params_mod.bb
/home/hnavarro/Desktop/WRF/BUILD_WRF/WRF/tools/standard.exe params_mod.bb | /lib/cpp -P -nostdinc -traditional-cpp > params_mod.f90
rm -f params_mod.G params_mod.bb
time mpif90 -f90=gfortran -o params_mod.o -c -O2 -ftree-vectorize -funroll-loops -w -ffree-form -ffree-line-length-none -fconvert=big-endian -frecord-marker=4 -fallow-argument-mismatch -fallow-invalid-boz   -I../dyn_em  -I/home/hnavarro/Desktop/WRF/BUILD_WRF/WRF/external/esmf_time_f90  -I/home/hnavarro/Desktop/WRF/BUILD_WRF/WRF/main -I/home/hnavarro/Desktop/WRF/BUILD_WRF/WRF/external/io_netcdf -I/home/hnavarro/Desktop/WRF/BUILD_WRF/WRF/external/io_int -I/home/hnavarro/Desktop/WRF/BUILD_WRF/WRF/frame -I/home/hnavarro/Desktop/WRF/BUILD_WRF/WRF/share -I/home/hnavarro/Desktop/WRF/BUILD_WRF/WRF/phys -I/home/hnavarro/Desktop/WRF/BUILD_WRF/WRF/wrftladj -I/home/hnavarro/Desktop/WRF/BUILD_WRF/WRF/chem -I/home/hnavarro/Desktop/WRF/BUILD_WRF/WRF/inc -I/home/hnavarro/Desktop/WRF/Install-WRF-Chem/LIBRARIES/netcdf/include    params_mod.f90
0.02user 0.06system 0:00.09elapsed 100%CPU (0avgtext+0avgdata 15744maxresident)k
0inputs+24outputs (0major+7058minor)pagefaults 0swaps
rm -f module_sorgam_aqchem.o
sed -e "s/^\!.*'.*//" -e "s/^ *\!.*'.*//" module_sorgam_aqchem.F > module_sorgam_aqchem.G
/lib/cpp -P -nostdinc -I/home/hnavarro/Desktop/WRF/BUILD_WRF/WRF/inc -DEM_CORE=1 -DNMM_CORE=0 -DNMM_MAX_DIM=2600 -DDA_CORE=0 -DWRFPLUS=0 -DIWORDSIZE=4 -DDWORDSIZE=8 -DRWORDSIZE=4 -DLWORDSIZE=4 -DNONSTANDARD_SYSTEM_SUBR  -DWRF_USE_CLM  -DDM_PARALLEL -DNETCDF -DLANDREAD_STUB=1 -DUSE_ALLOCATABLES -Dwrfmodel -DGRIB1 -DINTIO -DKEEP_INT_AROUND -DLIMIT_ARGS -DBUILD_RRTMG_FAST=0 -DBUILD_RRTMK=0 -DBUILD_SBM_FAST=1 -DSHOW_ALL_VARS_USED=0 -DCONFIG_BUF_LEN=65536 -DMAX_DOMAINS_F=21 -DMAX_HISTORY=25 -DNMM_NEST=0 -DWRF_CHEM -DBUILD_CHEM=1 -I. -traditional-cpp   module_sorgam_aqchem.G  > module_sorgam_aqchem.bb
/home/hnavarro/Desktop/WRF/BUILD_WRF/WRF/tools/standard.exe module_sorgam_aqchem.bb | /lib/cpp -P -nostdinc -traditional-cpp > module_sorgam_aqchem.f90
rm -f module_sorgam_aqchem.G module_sorgam_aqchem.bb
time mpif90 -f90=gfortran -o module_sorgam_aqchem.o -c -O2 -ftree-vectorize -funroll-loops -w -ffree-form -ffree-line-length-none -fconvert=big-endian -frecord-marker=4 -fallow-argument-mismatch -fallow-invalid-boz   -I../dyn_em  -I/home/hnavarro/Desktop/WRF/BUILD_WRF/WRF/external/esmf_time_f90  -I/home/hnavarro/Desktop/WRF/BUILD_WRF/WRF/main -I/home/hnavarro/Desktop/WRF/BUILD_WRF/WRF/external/io_netcdf -I/home/hnavarro/Desktop/WRF/BUILD_WRF/WRF/external/io_int -I/home/hnavarro/Desktop/WRF/BUILD_WRF/WRF/frame -I/home/hnavarro/Desktop/WRF/BUILD_WRF/WRF/share -I/home/hnavarro/Desktop/WRF/BUILD_WRF/WRF/phys -I/home/hnavarro/Desktop/WRF/BUILD_WRF/WRF/wrftladj -I/home/hnavarro/Desktop/WRF/BUILD_WRF/WRF/chem -I/home/hnavarro/Desktop/WRF/BUILD_WRF/WRF/inc -I/home/hnavarro/Desktop/WRF/Install-WRF-Chem/LIBRARIES/netcdf/include    module_sorgam_aqchem.f90
0.26user 0.05system 0:00.32elapsed 98%CPU (0avgtext+0avgdata 43052maxresident)k
0inputs+224outputs (0major+14424minor)pagefaults 0swaps
rm -f module_sorgam_vbs_aqchem.o
sed -e "s/^\!.*'.*//" -e "s/^ *\!.*'.*//" module_sorgam_vbs_aqchem.F > module_sorgam_vbs_aqchem.G
/lib/cpp -P -nostdinc -I/home/hnavarro/Desktop/WRF/BUILD_WRF/WRF/inc -DEM_CORE=1 -DNMM_CORE=0 -DNMM_MAX_DIM=2600 -DDA_CORE=0 -DWRFPLUS=0 -DIWORDSIZE=4 -DDWORDSIZE=8 -DRWORDSIZE=4 -DLWORDSIZE=4 -DNONSTANDARD_SYSTEM_SUBR  -DWRF_USE_CLM  -DDM_PARALLEL -DNETCDF -DLANDREAD_STUB=1 -DUSE_ALLOCATABLES -Dwrfmodel -DGRIB1 -DINTIO -DKEEP_INT_AROUND -DLIMIT_ARGS -DBUILD_RRTMG_FAST=0 -DBUILD_RRTMK=0 -DBUILD_SBM_FAST=1 -DSHOW_ALL_VARS_USED=0 -DCONFIG_BUF_LEN=65536 -DMAX_DOMAINS_F=21 -DMAX_HISTORY=25 -DNMM_NEST=0 -DWRF_CHEM -DBUILD_CHEM=1 -I. -traditional-cpp   module_sorgam_vbs_aqchem.G  > module_sorgam_vbs_aqchem.bb
/home/hnavarro/Desktop/WRF/BUILD_WRF/WRF/tools/standard.exe module_sorgam_vbs_aqchem.bb | /lib/cpp -P -nostdinc -traditional-cpp > module_sorgam_vbs_aqchem.f90
rm -f module_sorgam_vbs_aqchem.G module_sorgam_vbs_aqchem.bb
time mpif90 -f90=gfortran -o module_sorgam_vbs_aqchem.o -c -O2 -ftree-vectorize -funroll-loops -w -ffree-form -ffree-line-length-none -fconvert=big-endian -frecord-marker=4 -fallow-argument-mismatch -fallow-invalid-boz   -I../dyn_em  -I/home/hnavarro/Desktop/WRF/BUILD_WRF/WRF/external/esmf_time_f90  -I/home/hnavarro/Desktop/WRF/BUILD_WRF/WRF/main -I/home/hnavarro/Desktop/WRF/BUILD_WRF/WRF/external/io_netcdf -I/home/hnavarro/Desktop/WRF/BUILD_WRF/WRF/external/io_int -I/home/hnavarro/Desktop/WRF/BUILD_WRF/WRF/frame -I/home/hnavarro/Desktop/WRF/BUILD_WRF/WRF/share -I/home/hnavarro/Desktop/WRF/BUILD_WRF/WRF/phys -I/home/hnavarro/Desktop/WRF/BUILD_WRF/WRF/wrftladj -I/home/hnavarro/Desktop/WRF/BUILD_WRF/WRF/chem -I/home/hnavarro/Desktop/WRF/BUILD_WRF/WRF/inc -I/home/hnavarro/Desktop/WRF/Install-WRF-Chem/LIBRARIES/netcdf/include    module_sorgam_vbs_aqchem.f90
0.15user 0.05system 0:00.21elapsed 100%CPU (0avgtext+0avgdata 39956maxresident)k
0inputs+128outputs (0major+12023minor)pagefaults 0swaps
rm -f module_bioemi_megan2.o
sed -e "s/^\!.*'.*//" -e "s/^ *\!.*'.*//" module_bioemi_megan2.F > module_bioemi_megan2.G
/lib/cpp -P -nostdinc -I/home/hnavarro/Desktop/WRF/BUILD_WRF/WRF/inc -DEM_CORE=1 -DNMM_CORE=0 -DNMM_MAX_DIM=2600 -DDA_CORE=0 -DWRFPLUS=0 -DIWORDSIZE=4 -DDWORDSIZE=8 -DRWORDSIZE=4 -DLWORDSIZE=4 -DNONSTANDARD_SYSTEM_SUBR  -DWRF_USE_CLM  -DDM_PARALLEL -DNETCDF -DLANDREAD_STUB=1 -DUSE_ALLOCATABLES -Dwrfmodel -DGRIB1 -DINTIO -DKEEP_INT_AROUND -DLIMIT_ARGS -DBUILD_RRTMG_FAST=0 -DBUILD_RRTMK=0 -DBUILD_SBM_FAST=1 -DSHOW_ALL_VARS_USED=0 -DCONFIG_BUF_LEN=65536 -DMAX_DOMAINS_F=21 -DMAX_HISTORY=25 -DNMM_NEST=0 -DWRF_CHEM -DBUILD_CHEM=1 -I. -traditional-cpp   module_bioemi_megan2.G  > module_bioemi_megan2.bb
/home/hnavarro/Desktop/WRF/BUILD_WRF/WRF/tools/standard.exe module_bioemi_megan2.bb | /lib/cpp -P -nostdinc -traditional-cpp > module_bioemi_megan2.f90
rm -f module_bioemi_megan2.G module_bioemi_megan2.bb
time mpif90 -f90=gfortran -o module_bioemi_megan2.o -c -O2 -ftree-vectorize -funroll-loops -w -ffree-form -ffree-line-length-none -fconvert=big-endian -frecord-marker=4 -fallow-argument-mismatch -fallow-invalid-boz   -I../dyn_em  -I/home/hnavarro/Desktop/WRF/BUILD_WRF/WRF/external/esmf_time_f90  -I/home/hnavarro/Desktop/WRF/BUILD_WRF/WRF/main -I/home/hnavarro/Desktop/WRF/BUILD_WRF/WRF/external/io_netcdf -I/home/hnavarro/Desktop/WRF/BUILD_WRF/WRF/external/io_int -I/home/hnavarro/Desktop/WRF/BUILD_WRF/WRF/frame -I/home/hnavarro/Desktop/WRF/BUILD_WRF/WRF/share -I/home/hnavarro/Desktop/WRF/BUILD_WRF/WRF/phys -I/home/hnavarro/Desktop/WRF/BUILD_WRF/WRF/wrftladj -I/home/hnavarro/Desktop/WRF/BUILD_WRF/WRF/chem -I/home/hnavarro/Desktop/WRF/BUILD_WRF/WRF/inc -I/home/hnavarro/Desktop/WRF/Install-WRF-Chem/LIBRARIES/netcdf/include    module_bioemi_megan2.f90
2.20user 0.07system 0:02.28elapsed 99%CPU (0avgtext+0avgdata 79940maxresident)k
0inputs+1160outputs (0major+22097minor)pagefaults 0swaps
rm -f module_bioemi_simple.o
sed -e "s/^\!.*'.*//" -e "s/^ *\!.*'.*//" module_bioemi_simple.F > module_bioemi_simple.G
/lib/cpp -P -nostdinc -I/home/hnavarro/Desktop/WRF/BUILD_WRF/WRF/inc -DEM_CORE=1 -DNMM_CORE=0 -DNMM_MAX_DIM=2600 -DDA_CORE=0 -DWRFPLUS=0 -DIWORDSIZE=4 -DDWORDSIZE=8 -DRWORDSIZE=4 -DLWORDSIZE=4 -DNONSTANDARD_SYSTEM_SUBR  -DWRF_USE_CLM  -DDM_PARALLEL -DNETCDF -DLANDREAD_STUB=1 -DUSE_ALLOCATABLES -Dwrfmodel -DGRIB1 -DINTIO -DKEEP_INT_AROUND -DLIMIT_ARGS -DBUILD_RRTMG_FAST=0 -DBUILD_RRTMK=0 -DBUILD_SBM_FAST=1 -DSHOW_ALL_VARS_USED=0 -DCONFIG_BUF_LEN=65536 -DMAX_DOMAINS_F=21 -DMAX_HISTORY=25 -DNMM_NEST=0 -DWRF_CHEM -DBUILD_CHEM=1 -I. -traditional-cpp   module_bioemi_simple.G  > module_bioemi_simple.bb
/home/hnavarro/Desktop/WRF/BUILD_WRF/WRF/tools/standard.exe module_bioemi_simple.bb | /lib/cpp -P -nostdinc -traditional-cpp > module_bioemi_simple.f90
rm -f module_bioemi_simple.G module_bioemi_simple.bb
time mpif90 -f90=gfortran -o module_bioemi_simple.o -c -O2 -ftree-vectorize -funroll-loops -w -ffree-form -ffree-line-length-none -fconvert=big-endian -frecord-marker=4 -fallow-argument-mismatch -fallow-invalid-boz   -I../dyn_em  -I/home/hnavarro/Desktop/WRF/BUILD_WRF/WRF/external/esmf_time_f90  -I/home/hnavarro/Desktop/WRF/BUILD_WRF/WRF/main -I/home/hnavarro/Desktop/WRF/BUILD_WRF/WRF/external/io_netcdf -I/home/hnavarro/Desktop/WRF/BUILD_WRF/WRF/external/io_int -I/home/hnavarro/Desktop/WRF/BUILD_WRF/WRF/frame -I/home/hnavarro/Desktop/WRF/BUILD_WRF/WRF/share -I/home/hnavarro/Desktop/WRF/BUILD_WRF/WRF/phys -I/home/hnavarro/Desktop/WRF/BUILD_WRF/WRF/wrftladj -I/home/hnavarro/Desktop/WRF/BUILD_WRF/WRF/chem -I/home/hnavarro/Desktop/WRF/BUILD_WRF/WRF/inc -I/home/hnavarro/Desktop/WRF/Install-WRF-Chem/LIBRARIES/netcdf/include    module_bioemi_simple.f90
2.36user 0.06system 0:02.42elapsed 99%CPU (0avgtext+0avgdata 55280maxresident)k
0inputs+216outputs (0major+17376minor)pagefaults 0swaps
rm -f module_gocart_chem.o
sed -e "s/^\!.*'.*//" -e "s/^ *\!.*'.*//" module_gocart_chem.F > module_gocart_chem.G
/lib/cpp -P -nostdinc -I/home/hnavarro/Desktop/WRF/BUILD_WRF/WRF/inc -DEM_CORE=1 -DNMM_CORE=0 -DNMM_MAX_DIM=2600 -DDA_CORE=0 -DWRFPLUS=0 -DIWORDSIZE=4 -DDWORDSIZE=8 -DRWORDSIZE=4 -DLWORDSIZE=4 -DNONSTANDARD_SYSTEM_SUBR  -DWRF_USE_CLM  -DDM_PARALLEL -DNETCDF -DLANDREAD_STUB=1 -DUSE_ALLOCATABLES -Dwrfmodel -DGRIB1 -DINTIO -DKEEP_INT_AROUND -DLIMIT_ARGS -DBUILD_RRTMG_FAST=0 -DBUILD_RRTMK=0 -DBUILD_SBM_FAST=1 -DSHOW_ALL_VARS_USED=0 -DCONFIG_BUF_LEN=65536 -DMAX_DOMAINS_F=21 -DMAX_HISTORY=25 -DNMM_NEST=0 -DWRF_CHEM -DBUILD_CHEM=1 -I. -traditional-cpp   module_gocart_chem.G  > module_gocart_chem.bb
/home/hnavarro/Desktop/WRF/BUILD_WRF/WRF/tools/standard.exe module_gocart_chem.bb | /lib/cpp -P -nostdinc -traditional-cpp > module_gocart_chem.f90
rm -f module_gocart_chem.G module_gocart_chem.bb
time mpif90 -f90=gfortran -o module_gocart_chem.o -c -O2 -ftree-vectorize -funroll-loops -w -ffree-form -ffree-line-length-none -fconvert=big-endian -frecord-marker=4 -fallow-argument-mismatch -fallow-invalid-boz   -I../dyn_em  -I/home/hnavarro/Desktop/WRF/BUILD_WRF/WRF/external/esmf_time_f90  -I/home/hnavarro/Desktop/WRF/BUILD_WRF/WRF/main -I/home/hnavarro/Desktop/WRF/BUILD_WRF/WRF/external/io_netcdf -I/home/hnavarro/Desktop/WRF/BUILD_WRF/WRF/external/io_int -I/home/hnavarro/Desktop/WRF/BUILD_WRF/WRF/frame -I/home/hnavarro/Desktop/WRF/BUILD_WRF/WRF/share -I/home/hnavarro/Desktop/WRF/BUILD_WRF/WRF/phys -I/home/hnavarro/Desktop/WRF/BUILD_WRF/WRF/wrftladj -I/home/hnavarro/Desktop/WRF/BUILD_WRF/WRF/chem -I/home/hnavarro/Desktop/WRF/BUILD_WRF/WRF/inc -I/home/hnavarro/Desktop/WRF/Install-WRF-Chem/LIBRARIES/netcdf/include    module_gocart_chem.f90
1.41user 0.06system 0:01.48elapsed 99%CPU (0avgtext+0avgdata 50152maxresident)k
0inputs+232outputs (0major+14527minor)pagefaults 0swaps
rm -f module_lightning_nox_ott.o
sed -e "s/^\!.*'.*//" -e "s/^ *\!.*'.*//" module_lightning_nox_ott.F > module_lightning_nox_ott.G
/lib/cpp -P -nostdinc -I/home/hnavarro/Desktop/WRF/BUILD_WRF/WRF/inc -DEM_CORE=1 -DNMM_CORE=0 -DNMM_MAX_DIM=2600 -DDA_CORE=0 -DWRFPLUS=0 -DIWORDSIZE=4 -DDWORDSIZE=8 -DRWORDSIZE=4 -DLWORDSIZE=4 -DNONSTANDARD_SYSTEM_SUBR  -DWRF_USE_CLM  -DDM_PARALLEL -DNETCDF -DLANDREAD_STUB=1 -DUSE_ALLOCATABLES -Dwrfmodel -DGRIB1 -DINTIO -DKEEP_INT_AROUND -DLIMIT_ARGS -DBUILD_RRTMG_FAST=0 -DBUILD_RRTMK=0 -DBUILD_SBM_FAST=1 -DSHOW_ALL_VARS_USED=0 -DCONFIG_BUF_LEN=65536 -DMAX_DOMAINS_F=21 -DMAX_HISTORY=25 -DNMM_NEST=0 -DWRF_CHEM -DBUILD_CHEM=1 -I. -traditional-cpp   module_lightning_nox_ott.G  > module_lightning_nox_ott.bb
/home/hnavarro/Desktop/WRF/BUILD_WRF/WRF/tools/standard.exe module_lightning_nox_ott.bb | /lib/cpp -P -nostdinc -traditional-cpp > module_lightning_nox_ott.f90
rm -f module_lightning_nox_ott.G module_lightning_nox_ott.bb
time mpif90 -f90=gfortran -o module_lightning_nox_ott.o -c -O2 -ftree-vectorize -funroll-loops -w -ffree-form -ffree-line-length-none -fconvert=big-endian -frecord-marker=4 -fallow-argument-mismatch -fallow-invalid-boz   -I../dyn_em  -I/home/hnavarro/Desktop/WRF/BUILD_WRF/WRF/external/esmf_time_f90  -I/home/hnavarro/Desktop/WRF/BUILD_WRF/WRF/main -I/home/hnavarro/Desktop/WRF/BUILD_WRF/WRF/external/io_netcdf -I/home/hnavarro/Desktop/WRF/BUILD_WRF/WRF/external/io_int -I/home/hnavarro/Desktop/WRF/BUILD_WRF/WRF/frame -I/home/hnavarro/Desktop/WRF/BUILD_WRF/WRF/share -I/home/hnavarro/Desktop/WRF/BUILD_WRF/WRF/phys -I/home/hnavarro/Desktop/WRF/BUILD_WRF/WRF/wrftladj -I/home/hnavarro/Desktop/WRF/BUILD_WRF/WRF/chem -I/home/hnavarro/Desktop/WRF/BUILD_WRF/WRF/inc -I/home/hnavarro/Desktop/WRF/Install-WRF-Chem/LIBRARIES/netcdf/include    module_lightning_nox_ott.f90
1.06user 0.07system 0:01.14elapsed 99%CPU (0avgtext+0avgdata 35364maxresident)k
0inputs+64outputs (0major+10948minor)pagefaults 0swaps
rm -f module_lightning_nox_decaria.o
sed -e "s/^\!.*'.*//" -e "s/^ *\!.*'.*//" module_lightning_nox_decaria.F > module_lightning_nox_decaria.G
/lib/cpp -P -nostdinc -I/home/hnavarro/Desktop/WRF/BUILD_WRF/WRF/inc -DEM_CORE=1 -DNMM_CORE=0 -DNMM_MAX_DIM=2600 -DDA_CORE=0 -DWRFPLUS=0 -DIWORDSIZE=4 -DDWORDSIZE=8 -DRWORDSIZE=4 -DLWORDSIZE=4 -DNONSTANDARD_SYSTEM_SUBR  -DWRF_USE_CLM  -DDM_PARALLEL -DNETCDF -DLANDREAD_STUB=1 -DUSE_ALLOCATABLES -Dwrfmodel -DGRIB1 -DINTIO -DKEEP_INT_AROUND -DLIMIT_ARGS -DBUILD_RRTMG_FAST=0 -DBUILD_RRTMK=0 -DBUILD_SBM_FAST=1 -DSHOW_ALL_VARS_USED=0 -DCONFIG_BUF_LEN=65536 -DMAX_DOMAINS_F=21 -DMAX_HISTORY=25 -DNMM_NEST=0 -DWRF_CHEM -DBUILD_CHEM=1 -I. -traditional-cpp   module_lightning_nox_decaria.G  > module_lightning_nox_decaria.bb
/home/hnavarro/Desktop/WRF/BUILD_WRF/WRF/tools/standard.exe module_lightning_nox_decaria.bb | /lib/cpp -P -nostdinc -traditional-cpp > module_lightning_nox_decaria.f90
rm -f module_lightning_nox_decaria.G module_lightning_nox_decaria.bb
time mpif90 -f90=gfortran -o module_lightning_nox_decaria.o -c -O2 -ftree-vectorize -funroll-loops -w -ffree-form -ffree-line-length-none -fconvert=big-endian -frecord-marker=4 -fallow-argument-mismatch -fallow-invalid-boz   -I../dyn_em  -I/home/hnavarro/Desktop/WRF/BUILD_WRF/WRF/external/esmf_time_f90  -I/home/hnavarro/Desktop/WRF/BUILD_WRF/WRF/main -I/home/hnavarro/Desktop/WRF/BUILD_WRF/WRF/external/io_netcdf -I/home/hnavarro/Desktop/WRF/BUILD_WRF/WRF/external/io_int -I/home/hnavarro/Desktop/WRF/BUILD_WRF/WRF/frame -I/home/hnavarro/Desktop/WRF/BUILD_WRF/WRF/share -I/home/hnavarro/Desktop/WRF/BUILD_WRF/WRF/phys -I/home/hnavarro/Desktop/WRF/BUILD_WRF/WRF/wrftladj -I/home/hnavarro/Desktop/WRF/BUILD_WRF/WRF/chem -I/home/hnavarro/Desktop/WRF/BUILD_WRF/WRF/inc -I/home/hnavarro/Desktop/WRF/Install-WRF-Chem/LIBRARIES/netcdf/include    module_lightning_nox_decaria.f90
6.73user 0.09system 0:06.83elapsed 99%CPU (0avgtext+0avgdata 137388maxresident)k
0inputs+848outputs (0major+37500minor)pagefaults 0swaps
rm -f module_mixactivate_wrappers.o
sed -e "s/^\!.*'.*//" -e "s/^ *\!.*'.*//" module_mixactivate_wrappers.F > module_mixactivate_wrappers.G
/lib/cpp -P -nostdinc -I/home/hnavarro/Desktop/WRF/BUILD_WRF/WRF/inc -DEM_CORE=1 -DNMM_CORE=0 -DNMM_MAX_DIM=2600 -DDA_CORE=0 -DWRFPLUS=0 -DIWORDSIZE=4 -DDWORDSIZE=8 -DRWORDSIZE=4 -DLWORDSIZE=4 -DNONSTANDARD_SYSTEM_SUBR  -DWRF_USE_CLM  -DDM_PARALLEL -DNETCDF -DLANDREAD_STUB=1 -DUSE_ALLOCATABLES -Dwrfmodel -DGRIB1 -DINTIO -DKEEP_INT_AROUND -DLIMIT_ARGS -DBUILD_RRTMG_FAST=0 -DBUILD_RRTMK=0 -DBUILD_SBM_FAST=1 -DSHOW_ALL_VARS_USED=0 -DCONFIG_BUF_LEN=65536 -DMAX_DOMAINS_F=21 -DMAX_HISTORY=25 -DNMM_NEST=0 -DWRF_CHEM -DBUILD_CHEM=1 -I. -traditional-cpp   module_mixactivate_wrappers.G  > module_mixactivate_wrappers.bb
/home/hnavarro/Desktop/WRF/BUILD_WRF/WRF/tools/standard.exe module_mixactivate_wrappers.bb | /lib/cpp -P -nostdinc -traditional-cpp > module_mixactivate_wrappers.f90
rm -f module_mixactivate_wrappers.G module_mixactivate_wrappers.bb
time mpif90 -f90=gfortran -o module_mixactivate_wrappers.o -c -O2 -ftree-vectorize -funroll-loops -w -ffree-form -ffree-line-length-none -fconvert=big-endian -frecord-marker=4 -fallow-argument-mismatch -fallow-invalid-boz   -I../dyn_em  -I/home/hnavarro/Desktop/WRF/BUILD_WRF/WRF/external/esmf_time_f90  -I/home/hnavarro/Desktop/WRF/BUILD_WRF/WRF/main -I/home/hnavarro/Desktop/WRF/BUILD_WRF/WRF/external/io_netcdf -I/home/hnavarro/Desktop/WRF/BUILD_WRF/WRF/external/io_int -I/home/hnavarro/Desktop/WRF/BUILD_WRF/WRF/frame -I/home/hnavarro/Desktop/WRF/BUILD_WRF/WRF/share -I/home/hnavarro/Desktop/WRF/BUILD_WRF/WRF/phys -I/home/hnavarro/Desktop/WRF/BUILD_WRF/WRF/wrftladj -I/home/hnavarro/Desktop/WRF/BUILD_WRF/WRF/chem -I/home/hnavarro/Desktop/WRF/BUILD_WRF/WRF/inc -I/home/hnavarro/Desktop/WRF/Install-WRF-Chem/LIBRARIES/netcdf/include    module_mixactivate_wrappers.f90
1.62user 0.10system 0:01.74elapsed 99%CPU (0avgtext+0avgdata 63068maxresident)k
0inputs+272outputs (0major+19603minor)pagefaults 0swaps
rm -f module_mosaic_sumpm.o
sed -e "s/^\!.*'.*//" -e "s/^ *\!.*'.*//" module_mosaic_sumpm.F > module_mosaic_sumpm.G
/lib/cpp -P -nostdinc -I/home/hnavarro/Desktop/WRF/BUILD_WRF/WRF/inc -DEM_CORE=1 -DNMM_CORE=0 -DNMM_MAX_DIM=2600 -DDA_CORE=0 -DWRFPLUS=0 -DIWORDSIZE=4 -DDWORDSIZE=8 -DRWORDSIZE=4 -DLWORDSIZE=4 -DNONSTANDARD_SYSTEM_SUBR  -DWRF_USE_CLM  -DDM_PARALLEL -DNETCDF -DLANDREAD_STUB=1 -DUSE_ALLOCATABLES -Dwrfmodel -DGRIB1 -DINTIO -DKEEP_INT_AROUND -DLIMIT_ARGS -DBUILD_RRTMG_FAST=0 -DBUILD_RRTMK=0 -DBUILD_SBM_FAST=1 -DSHOW_ALL_VARS_USED=0 -DCONFIG_BUF_LEN=65536 -DMAX_DOMAINS_F=21 -DMAX_HISTORY=25 -DNMM_NEST=0 -DWRF_CHEM -DBUILD_CHEM=1 -I. -traditional-cpp   module_mosaic_sumpm.G  > module_mosaic_sumpm.bb
/home/hnavarro/Desktop/WRF/BUILD_WRF/WRF/tools/standard.exe module_mosaic_sumpm.bb | /lib/cpp -P -nostdinc -traditional-cpp > module_mosaic_sumpm.f90
rm -f module_mosaic_sumpm.G module_mosaic_sumpm.bb
time mpif90 -f90=gfortran -o module_mosaic_sumpm.o -c -O2 -ftree-vectorize -funroll-loops -w -ffree-form -ffree-line-length-none -fconvert=big-endian -frecord-marker=4 -fallow-argument-mismatch -fallow-invalid-boz   -I../dyn_em  -I/home/hnavarro/Desktop/WRF/BUILD_WRF/WRF/external/esmf_time_f90  -I/home/hnavarro/Desktop/WRF/BUILD_WRF/WRF/main -I/home/hnavarro/Desktop/WRF/BUILD_WRF/WRF/external/io_netcdf -I/home/hnavarro/Desktop/WRF/BUILD_WRF/WRF/external/io_int -I/home/hnavarro/Desktop/WRF/BUILD_WRF/WRF/frame -I/home/hnavarro/Desktop/WRF/BUILD_WRF/WRF/share -I/home/hnavarro/Desktop/WRF/BUILD_WRF/WRF/phys -I/home/hnavarro/Desktop/WRF/BUILD_WRF/WRF/wrftladj -I/home/hnavarro/Desktop/WRF/BUILD_WRF/WRF/chem -I/home/hnavarro/Desktop/WRF/BUILD_WRF/WRF/inc -I/home/hnavarro/Desktop/WRF/Install-WRF-Chem/LIBRARIES/netcdf/include    module_mosaic_sumpm.f90
0.62user 0.08system 0:00.70elapsed 99%CPU (0avgtext+0avgdata 58424maxresident)k
0inputs+456outputs (0major+22314minor)pagefaults 0swaps
rm -f module_plumerise1.o
sed -e "s/^\!.*'.*//" -e "s/^ *\!.*'.*//" module_plumerise1.F > module_plumerise1.G
/lib/cpp -P -nostdinc -I/home/hnavarro/Desktop/WRF/BUILD_WRF/WRF/inc -DEM_CORE=1 -DNMM_CORE=0 -DNMM_MAX_DIM=2600 -DDA_CORE=0 -DWRFPLUS=0 -DIWORDSIZE=4 -DDWORDSIZE=8 -DRWORDSIZE=4 -DLWORDSIZE=4 -DNONSTANDARD_SYSTEM_SUBR  -DWRF_USE_CLM  -DDM_PARALLEL -DNETCDF -DLANDREAD_STUB=1 -DUSE_ALLOCATABLES -Dwrfmodel -DGRIB1 -DINTIO -DKEEP_INT_AROUND -DLIMIT_ARGS -DBUILD_RRTMG_FAST=0 -DBUILD_RRTMK=0 -DBUILD_SBM_FAST=1 -DSHOW_ALL_VARS_USED=0 -DCONFIG_BUF_LEN=65536 -DMAX_DOMAINS_F=21 -DMAX_HISTORY=25 -DNMM_NEST=0 -DWRF_CHEM -DBUILD_CHEM=1 -I. -traditional-cpp   module_plumerise1.G  > module_plumerise1.bb
/home/hnavarro/Desktop/WRF/BUILD_WRF/WRF/tools/standard.exe module_plumerise1.bb | /lib/cpp -P -nostdinc -traditional-cpp > module_plumerise1.f90
rm -f module_plumerise1.G module_plumerise1.bb
time mpif90 -f90=gfortran -o module_plumerise1.o -c -O2 -ftree-vectorize -funroll-loops -w -ffree-form -ffree-line-length-none -fconvert=big-endian -frecord-marker=4 -fallow-argument-mismatch -fallow-invalid-boz   -I../dyn_em  -I/home/hnavarro/Desktop/WRF/BUILD_WRF/WRF/external/esmf_time_f90  -I/home/hnavarro/Desktop/WRF/BUILD_WRF/WRF/main -I/home/hnavarro/Desktop/WRF/BUILD_WRF/WRF/external/io_netcdf -I/home/hnavarro/Desktop/WRF/BUILD_WRF/WRF/external/io_int -I/home/hnavarro/Desktop/WRF/BUILD_WRF/WRF/frame -I/home/hnavarro/Desktop/WRF/BUILD_WRF/WRF/share -I/home/hnavarro/Desktop/WRF/BUILD_WRF/WRF/phys -I/home/hnavarro/Desktop/WRF/BUILD_WRF/WRF/wrftladj -I/home/hnavarro/Desktop/WRF/BUILD_WRF/WRF/chem -I/home/hnavarro/Desktop/WRF/BUILD_WRF/WRF/inc -I/home/hnavarro/Desktop/WRF/Install-WRF-Chem/LIBRARIES/netcdf/include    module_plumerise1.f90
2.00user 0.06system 0:02.08elapsed 99%CPU (0avgtext+0avgdata 73984maxresident)k
0inputs+408outputs (0major+20819minor)pagefaults 0swaps
rm -f module_cam_mam_wateruptake.o
sed -e "s/^\!.*'.*//" -e "s/^ *\!.*'.*//" module_cam_mam_wateruptake.F > module_cam_mam_wateruptake.G
/lib/cpp -P -nostdinc -I/home/hnavarro/Desktop/WRF/BUILD_WRF/WRF/inc -DEM_CORE=1 -DNMM_CORE=0 -DNMM_MAX_DIM=2600 -DDA_CORE=0 -DWRFPLUS=0 -DIWORDSIZE=4 -DDWORDSIZE=8 -DRWORDSIZE=4 -DLWORDSIZE=4 -DNONSTANDARD_SYSTEM_SUBR  -DWRF_USE_CLM  -DDM_PARALLEL -DNETCDF -DLANDREAD_STUB=1 -DUSE_ALLOCATABLES -Dwrfmodel -DGRIB1 -DINTIO -DKEEP_INT_AROUND -DLIMIT_ARGS -DBUILD_RRTMG_FAST=0 -DBUILD_RRTMK=0 -DBUILD_SBM_FAST=1 -DSHOW_ALL_VARS_USED=0 -DCONFIG_BUF_LEN=65536 -DMAX_DOMAINS_F=21 -DMAX_HISTORY=25 -DNMM_NEST=0 -DWRF_CHEM -DBUILD_CHEM=1 -I. -traditional-cpp   module_cam_mam_wateruptake.G  > module_cam_mam_wateruptake.bb
/home/hnavarro/Desktop/WRF/BUILD_WRF/WRF/tools/standard.exe module_cam_mam_wateruptake.bb | /lib/cpp -P -nostdinc -traditional-cpp > module_cam_mam_wateruptake.f90
rm -f module_cam_mam_wateruptake.G module_cam_mam_wateruptake.bb
time mpif90 -f90=gfortran -o module_cam_mam_wateruptake.o -c -O2 -ftree-vectorize -funroll-loops -w -ffree-form -ffree-line-length-none -fconvert=big-endian -frecord-marker=4 -fallow-argument-mismatch -fallow-invalid-boz   -I../dyn_em  -I/home/hnavarro/Desktop/WRF/BUILD_WRF/WRF/external/esmf_time_f90  -I/home/hnavarro/Desktop/WRF/BUILD_WRF/WRF/main -I/home/hnavarro/Desktop/WRF/BUILD_WRF/WRF/external/io_netcdf -I/home/hnavarro/Desktop/WRF/BUILD_WRF/WRF/external/io_int -I/home/hnavarro/Desktop/WRF/BUILD_WRF/WRF/frame -I/home/hnavarro/Desktop/WRF/BUILD_WRF/WRF/share -I/home/hnavarro/Desktop/WRF/BUILD_WRF/WRF/phys -I/home/hnavarro/Desktop/WRF/BUILD_WRF/WRF/wrftladj -I/home/hnavarro/Desktop/WRF/BUILD_WRF/WRF/chem -I/home/hnavarro/Desktop/WRF/BUILD_WRF/WRF/inc -I/home/hnavarro/Desktop/WRF/Install-WRF-Chem/LIBRARIES/netcdf/include    module_cam_mam_wateruptake.f90
0.16user 0.05system 0:00.22elapsed 100%CPU (0avgtext+0avgdata 36852maxresident)k
0inputs+144outputs (0major+9669minor)pagefaults 0swaps
rm -f module_cam_mam_dust_sediment.o
sed -e "s/^\!.*'.*//" -e "s/^ *\!.*'.*//" module_cam_mam_dust_sediment.F > module_cam_mam_dust_sediment.G
/lib/cpp -P -nostdinc -I/home/hnavarro/Desktop/WRF/BUILD_WRF/WRF/inc -DEM_CORE=1 -DNMM_CORE=0 -DNMM_MAX_DIM=2600 -DDA_CORE=0 -DWRFPLUS=0 -DIWORDSIZE=4 -DDWORDSIZE=8 -DRWORDSIZE=4 -DLWORDSIZE=4 -DNONSTANDARD_SYSTEM_SUBR  -DWRF_USE_CLM  -DDM_PARALLEL -DNETCDF -DLANDREAD_STUB=1 -DUSE_ALLOCATABLES -Dwrfmodel -DGRIB1 -DINTIO -DKEEP_INT_AROUND -DLIMIT_ARGS -DBUILD_RRTMG_FAST=0 -DBUILD_RRTMK=0 -DBUILD_SBM_FAST=1 -DSHOW_ALL_VARS_USED=0 -DCONFIG_BUF_LEN=65536 -DMAX_DOMAINS_F=21 -DMAX_HISTORY=25 -DNMM_NEST=0 -DWRF_CHEM -DBUILD_CHEM=1 -I. -traditional-cpp   module_cam_mam_dust_sediment.G  > module_cam_mam_dust_sediment.bb
/home/hnavarro/Desktop/WRF/BUILD_WRF/WRF/tools/standard.exe module_cam_mam_dust_sediment.bb | /lib/cpp -P -nostdinc -traditional-cpp > module_cam_mam_dust_sediment.f90
rm -f module_cam_mam_dust_sediment.G module_cam_mam_dust_sediment.bb
time mpif90 -f90=gfortran -o module_cam_mam_dust_sediment.o -c -O2 -ftree-vectorize -funroll-loops -w -ffree-form -ffree-line-length-none -fconvert=big-endian -frecord-marker=4 -fallow-argument-mismatch -fallow-invalid-boz   -I../dyn_em  -I/home/hnavarro/Desktop/WRF/BUILD_WRF/WRF/external/esmf_time_f90  -I/home/hnavarro/Desktop/WRF/BUILD_WRF/WRF/main -I/home/hnavarro/Desktop/WRF/BUILD_WRF/WRF/external/io_netcdf -I/home/hnavarro/Desktop/WRF/BUILD_WRF/WRF/external/io_int -I/home/hnavarro/Desktop/WRF/BUILD_WRF/WRF/frame -I/home/hnavarro/Desktop/WRF/BUILD_WRF/WRF/share -I/home/hnavarro/Desktop/WRF/BUILD_WRF/WRF/phys -I/home/hnavarro/Desktop/WRF/BUILD_WRF/WRF/wrftladj -I/home/hnavarro/Desktop/WRF/BUILD_WRF/WRF/chem -I/home/hnavarro/Desktop/WRF/BUILD_WRF/WRF/inc -I/home/hnavarro/Desktop/WRF/Install-WRF-Chem/LIBRARIES/netcdf/include    module_cam_mam_dust_sediment.f90
0.05user 0.06system 0:00.11elapsed 100%CPU (0avgtext+0avgdata 23424maxresident)k
0inputs+24outputs (0major+7392minor)pagefaults 0swaps
rm -f module_cam_mam_drydep.o
sed -e "s/^\!.*'.*//" -e "s/^ *\!.*'.*//" module_cam_mam_drydep.F > module_cam_mam_drydep.G
/lib/cpp -P -nostdinc -I/home/hnavarro/Desktop/WRF/BUILD_WRF/WRF/inc -DEM_CORE=1 -DNMM_CORE=0 -DNMM_MAX_DIM=2600 -DDA_CORE=0 -DWRFPLUS=0 -DIWORDSIZE=4 -DDWORDSIZE=8 -DRWORDSIZE=4 -DLWORDSIZE=4 -DNONSTANDARD_SYSTEM_SUBR  -DWRF_USE_CLM  -DDM_PARALLEL -DNETCDF -DLANDREAD_STUB=1 -DUSE_ALLOCATABLES -Dwrfmodel -DGRIB1 -DINTIO -DKEEP_INT_AROUND -DLIMIT_ARGS -DBUILD_RRTMG_FAST=0 -DBUILD_RRTMK=0 -DBUILD_SBM_FAST=1 -DSHOW_ALL_VARS_USED=0 -DCONFIG_BUF_LEN=65536 -DMAX_DOMAINS_F=21 -DMAX_HISTORY=25 -DNMM_NEST=0 -DWRF_CHEM -DBUILD_CHEM=1 -I. -traditional-cpp   module_cam_mam_drydep.G  > module_cam_mam_drydep.bb
/home/hnavarro/Desktop/WRF/BUILD_WRF/WRF/tools/standard.exe module_cam_mam_drydep.bb | /lib/cpp -P -nostdinc -traditional-cpp > module_cam_mam_drydep.f90
rm -f module_cam_mam_drydep.G module_cam_mam_drydep.bb
time mpif90 -f90=gfortran -o module_cam_mam_drydep.o -c -O2 -ftree-vectorize -funroll-loops -w -ffree-form -ffree-line-length-none -fconvert=big-endian -frecord-marker=4 -fallow-argument-mismatch -fallow-invalid-boz   -I../dyn_em  -I/home/hnavarro/Desktop/WRF/BUILD_WRF/WRF/external/esmf_time_f90  -I/home/hnavarro/Desktop/WRF/BUILD_WRF/WRF/main -I/home/hnavarro/Desktop/WRF/BUILD_WRF/WRF/external/io_netcdf -I/home/hnavarro/Desktop/WRF/BUILD_WRF/WRF/external/io_int -I/home/hnavarro/Desktop/WRF/BUILD_WRF/WRF/frame -I/home/hnavarro/Desktop/WRF/BUILD_WRF/WRF/share -I/home/hnavarro/Desktop/WRF/BUILD_WRF/WRF/phys -I/home/hnavarro/Desktop/WRF/BUILD_WRF/WRF/wrftladj -I/home/hnavarro/Desktop/WRF/BUILD_WRF/WRF/chem -I/home/hnavarro/Desktop/WRF/BUILD_WRF/WRF/inc -I/home/hnavarro/Desktop/WRF/Install-WRF-Chem/LIBRARIES/netcdf/include    module_cam_mam_drydep.f90
0.10user 0.04system 0:00.15elapsed 97%CPU (0avgtext+0avgdata 35656maxresident)k
0inputs+72outputs (0major+11391minor)pagefaults 0swaps
rm -f ../dyn_em/module_convtrans_prep.o
sed -e "s/^\!.*'.*//" -e "s/^ *\!.*'.*//" ../dyn_em/module_convtrans_prep.F > ../dyn_em/module_convtrans_prep.G
/lib/cpp -P -nostdinc -I/home/hnavarro/Desktop/WRF/BUILD_WRF/WRF/inc -DEM_CORE=1 -DNMM_CORE=0 -DNMM_MAX_DIM=2600 -DDA_CORE=0 -DWRFPLUS=0 -DIWORDSIZE=4 -DDWORDSIZE=8 -DRWORDSIZE=4 -DLWORDSIZE=4 -DNONSTANDARD_SYSTEM_SUBR  -DWRF_USE_CLM  -DDM_PARALLEL -DNETCDF -DLANDREAD_STUB=1 -DUSE_ALLOCATABLES -Dwrfmodel -DGRIB1 -DINTIO -DKEEP_INT_AROUND -DLIMIT_ARGS -DBUILD_RRTMG_FAST=0 -DBUILD_RRTMK=0 -DBUILD_SBM_FAST=1 -DSHOW_ALL_VARS_USED=0 -DCONFIG_BUF_LEN=65536 -DMAX_DOMAINS_F=21 -DMAX_HISTORY=25 -DNMM_NEST=0 -DWRF_CHEM -DBUILD_CHEM=1 -I. -traditional-cpp   ../dyn_em/module_convtrans_prep.G  > ../dyn_em/module_convtrans_prep.bb
/home/hnavarro/Desktop/WRF/BUILD_WRF/WRF/tools/standard.exe ../dyn_em/module_convtrans_prep.bb | /lib/cpp -P -nostdinc -traditional-cpp > ../dyn_em/module_convtrans_prep.f90
rm -f ../dyn_em/module_convtrans_prep.G ../dyn_em/module_convtrans_prep.bb
time mpif90 -f90=gfortran -o ../dyn_em/module_convtrans_prep.o -c -O2 -ftree-vectorize -funroll-loops -w -ffree-form -ffree-line-length-none -fconvert=big-endian -frecord-marker=4 -fallow-argument-mismatch -fallow-invalid-boz   -I../dyn_em  -I/home/hnavarro/Desktop/WRF/BUILD_WRF/WRF/external/esmf_time_f90  -I/home/hnavarro/Desktop/WRF/BUILD_WRF/WRF/main -I/home/hnavarro/Desktop/WRF/BUILD_WRF/WRF/external/io_netcdf -I/home/hnavarro/Desktop/WRF/BUILD_WRF/WRF/external/io_int -I/home/hnavarro/Desktop/WRF/BUILD_WRF/WRF/frame -I/home/hnavarro/Desktop/WRF/BUILD_WRF/WRF/share -I/home/hnavarro/Desktop/WRF/BUILD_WRF/WRF/phys -I/home/hnavarro/Desktop/WRF/BUILD_WRF/WRF/wrftladj -I/home/hnavarro/Desktop/WRF/BUILD_WRF/WRF/chem -I/home/hnavarro/Desktop/WRF/BUILD_WRF/WRF/inc -I/home/hnavarro/Desktop/WRF/Install-WRF-Chem/LIBRARIES/netcdf/include    ../dyn_em/module_convtrans_prep.f90
0.20user 0.03system 0:00.23elapsed 100%CPU (0avgtext+0avgdata 42624maxresident)k
0inputs+160outputs (0major+11813minor)pagefaults 0swaps
rm -f module_data_ISRPIA.o
sed -e "s/^\!.*'.*//" -e "s/^ *\!.*'.*//" module_data_ISRPIA.F > module_data_ISRPIA.G
/lib/cpp -P -nostdinc -I/home/hnavarro/Desktop/WRF/BUILD_WRF/WRF/inc -DEM_CORE=1 -DNMM_CORE=0 -DNMM_MAX_DIM=2600 -DDA_CORE=0 -DWRFPLUS=0 -DIWORDSIZE=4 -DDWORDSIZE=8 -DRWORDSIZE=4 -DLWORDSIZE=4 -DNONSTANDARD_SYSTEM_SUBR  -DWRF_USE_CLM  -DDM_PARALLEL -DNETCDF -DLANDREAD_STUB=1 -DUSE_ALLOCATABLES -Dwrfmodel -DGRIB1 -DINTIO -DKEEP_INT_AROUND -DLIMIT_ARGS -DBUILD_RRTMG_FAST=0 -DBUILD_RRTMK=0 -DBUILD_SBM_FAST=1 -DSHOW_ALL_VARS_USED=0 -DCONFIG_BUF_LEN=65536 -DMAX_DOMAINS_F=21 -DMAX_HISTORY=25 -DNMM_NEST=0 -DWRF_CHEM -DBUILD_CHEM=1 -I. -traditional-cpp   module_data_ISRPIA.G  > module_data_ISRPIA.bb
/home/hnavarro/Desktop/WRF/BUILD_WRF/WRF/tools/standard.exe module_data_ISRPIA.bb | /lib/cpp -P -nostdinc -traditional-cpp > module_data_ISRPIA.f90
rm -f module_data_ISRPIA.G module_data_ISRPIA.bb
time mpif90 -f90=gfortran -o module_data_ISRPIA.o -c -O2 -ftree-vectorize -funroll-loops -w -ffree-form -ffree-line-length-none -fconvert=big-endian -frecord-marker=4 -fallow-argument-mismatch -fallow-invalid-boz   -I../dyn_em  -I/home/hnavarro/Desktop/WRF/BUILD_WRF/WRF/external/esmf_time_f90  -I/home/hnavarro/Desktop/WRF/BUILD_WRF/WRF/main -I/home/hnavarro/Desktop/WRF/BUILD_WRF/WRF/external/io_netcdf -I/home/hnavarro/Desktop/WRF/BUILD_WRF/WRF/external/io_int -I/home/hnavarro/Desktop/WRF/BUILD_WRF/WRF/frame -I/home/hnavarro/Desktop/WRF/BUILD_WRF/WRF/share -I/home/hnavarro/Desktop/WRF/BUILD_WRF/WRF/phys -I/home/hnavarro/Desktop/WRF/BUILD_WRF/WRF/wrftladj -I/home/hnavarro/Desktop/WRF/BUILD_WRF/WRF/chem -I/home/hnavarro/Desktop/WRF/BUILD_WRF/WRF/inc -I/home/hnavarro/Desktop/WRF/Install-WRF-Chem/LIBRARIES/netcdf/include    module_data_ISRPIA.f90
0.02user 0.03system 0:00.06elapsed 98%CPU (0avgtext+0avgdata 16256maxresident)k
0inputs+32outputs (0major+7182minor)pagefaults 0swaps
rm -f moduleHETAERO.o
sed -e "s/^\!.*'.*//" -e "s/^ *\!.*'.*//" moduleHETAERO.F > moduleHETAERO.G
/lib/cpp -P -nostdinc -I/home/hnavarro/Desktop/WRF/BUILD_WRF/WRF/inc -DEM_CORE=1 -DNMM_CORE=0 -DNMM_MAX_DIM=2600 -DDA_CORE=0 -DWRFPLUS=0 -DIWORDSIZE=4 -DDWORDSIZE=8 -DRWORDSIZE=4 -DLWORDSIZE=4 -DNONSTANDARD_SYSTEM_SUBR  -DWRF_USE_CLM  -DDM_PARALLEL -DNETCDF -DLANDREAD_STUB=1 -DUSE_ALLOCATABLES -Dwrfmodel -DGRIB1 -DINTIO -DKEEP_INT_AROUND -DLIMIT_ARGS -DBUILD_RRTMG_FAST=0 -DBUILD_RRTMK=0 -DBUILD_SBM_FAST=1 -DSHOW_ALL_VARS_USED=0 -DCONFIG_BUF_LEN=65536 -DMAX_DOMAINS_F=21 -DMAX_HISTORY=25 -DNMM_NEST=0 -DWRF_CHEM -DBUILD_CHEM=1 -I. -traditional-cpp   moduleHETAERO.G  > moduleHETAERO.bb
/home/hnavarro/Desktop/WRF/BUILD_WRF/WRF/tools/standard.exe moduleHETAERO.bb | /lib/cpp -P -nostdinc -traditional-cpp > moduleHETAERO.f90
rm -f moduleHETAERO.G moduleHETAERO.bb
time mpif90 -f90=gfortran -o moduleHETAERO.o -c -O2 -ftree-vectorize -funroll-loops -w -ffree-form -ffree-line-length-none -fconvert=big-endian -frecord-marker=4 -fallow-argument-mismatch -fallow-invalid-boz   -I../dyn_em  -I/home/hnavarro/Desktop/WRF/BUILD_WRF/WRF/external/esmf_time_f90  -I/home/hnavarro/Desktop/WRF/BUILD_WRF/WRF/main -I/home/hnavarro/Desktop/WRF/BUILD_WRF/WRF/external/io_netcdf -I/home/hnavarro/Desktop/WRF/BUILD_WRF/WRF/external/io_int -I/home/hnavarro/Desktop/WRF/BUILD_WRF/WRF/frame -I/home/hnavarro/Desktop/WRF/BUILD_WRF/WRF/share -I/home/hnavarro/Desktop/WRF/BUILD_WRF/WRF/phys -I/home/hnavarro/Desktop/WRF/BUILD_WRF/WRF/wrftladj -I/home/hnavarro/Desktop/WRF/BUILD_WRF/WRF/chem -I/home/hnavarro/Desktop/WRF/BUILD_WRF/WRF/inc -I/home/hnavarro/Desktop/WRF/Install-WRF-Chem/LIBRARIES/netcdf/include    moduleHETAERO.f90
0.02user 0.04system 0:00.07elapsed 97%CPU (0avgtext+0avgdata 16384maxresident)k
0inputs+24outputs (0major+7034minor)pagefaults 0swaps
rm -f module_data_cbmz.o
sed -e "s/^\!.*'.*//" -e "s/^ *\!.*'.*//" module_data_cbmz.F > module_data_cbmz.G
/lib/cpp -P -nostdinc -I/home/hnavarro/Desktop/WRF/BUILD_WRF/WRF/inc -DEM_CORE=1 -DNMM_CORE=0 -DNMM_MAX_DIM=2600 -DDA_CORE=0 -DWRFPLUS=0 -DIWORDSIZE=4 -DDWORDSIZE=8 -DRWORDSIZE=4 -DLWORDSIZE=4 -DNONSTANDARD_SYSTEM_SUBR  -DWRF_USE_CLM  -DDM_PARALLEL -DNETCDF -DLANDREAD_STUB=1 -DUSE_ALLOCATABLES -Dwrfmodel -DGRIB1 -DINTIO -DKEEP_INT_AROUND -DLIMIT_ARGS -DBUILD_RRTMG_FAST=0 -DBUILD_RRTMK=0 -DBUILD_SBM_FAST=1 -DSHOW_ALL_VARS_USED=0 -DCONFIG_BUF_LEN=65536 -DMAX_DOMAINS_F=21 -DMAX_HISTORY=25 -DNMM_NEST=0 -DWRF_CHEM -DBUILD_CHEM=1 -I. -traditional-cpp   module_data_cbmz.G  > module_data_cbmz.bb
/home/hnavarro/Desktop/WRF/BUILD_WRF/WRF/tools/standard.exe module_data_cbmz.bb | /lib/cpp -P -nostdinc -traditional-cpp > module_data_cbmz.f90
rm -f module_data_cbmz.G module_data_cbmz.bb
time mpif90 -f90=gfortran -o module_data_cbmz.o -c -O2 -ftree-vectorize -funroll-loops -w -ffree-form -ffree-line-length-none -fconvert=big-endian -frecord-marker=4 -fallow-argument-mismatch -fallow-invalid-boz   -I../dyn_em  -I/home/hnavarro/Desktop/WRF/BUILD_WRF/WRF/external/esmf_time_f90  -I/home/hnavarro/Desktop/WRF/BUILD_WRF/WRF/main -I/home/hnavarro/Desktop/WRF/BUILD_WRF/WRF/external/io_netcdf -I/home/hnavarro/Desktop/WRF/BUILD_WRF/WRF/external/io_int -I/home/hnavarro/Desktop/WRF/BUILD_WRF/WRF/frame -I/home/hnavarro/Desktop/WRF/BUILD_WRF/WRF/share -I/home/hnavarro/Desktop/WRF/BUILD_WRF/WRF/phys -I/home/hnavarro/Desktop/WRF/BUILD_WRF/WRF/wrftladj -I/home/hnavarro/Desktop/WRF/BUILD_WRF/WRF/chem -I/home/hnavarro/Desktop/WRF/BUILD_WRF/WRF/inc -I/home/hnavarro/Desktop/WRF/Install-WRF-Chem/LIBRARIES/netcdf/include    module_data_cbmz.f90
0.04user 0.07system 0:00.11elapsed 101%CPU (0avgtext+0avgdata 16512maxresident)k
0inputs+24outputs (0major+7220minor)pagefaults 0swaps
rm -f module_data_mosaic_constants.o
sed -e "s/^\!.*'.*//" -e "s/^ *\!.*'.*//" module_data_mosaic_constants.F > module_data_mosaic_constants.G
/lib/cpp -P -nostdinc -I/home/hnavarro/Desktop/WRF/BUILD_WRF/WRF/inc -DEM_CORE=1 -DNMM_CORE=0 -DNMM_MAX_DIM=2600 -DDA_CORE=0 -DWRFPLUS=0 -DIWORDSIZE=4 -DDWORDSIZE=8 -DRWORDSIZE=4 -DLWORDSIZE=4 -DNONSTANDARD_SYSTEM_SUBR  -DWRF_USE_CLM  -DDM_PARALLEL -DNETCDF -DLANDREAD_STUB=1 -DUSE_ALLOCATABLES -Dwrfmodel -DGRIB1 -DINTIO -DKEEP_INT_AROUND -DLIMIT_ARGS -DBUILD_RRTMG_FAST=0 -DBUILD_RRTMK=0 -DBUILD_SBM_FAST=1 -DSHOW_ALL_VARS_USED=0 -DCONFIG_BUF_LEN=65536 -DMAX_DOMAINS_F=21 -DMAX_HISTORY=25 -DNMM_NEST=0 -DWRF_CHEM -DBUILD_CHEM=1 -I. -traditional-cpp   module_data_mosaic_constants.G  > module_data_mosaic_constants.bb
/home/hnavarro/Desktop/WRF/BUILD_WRF/WRF/tools/standard.exe module_data_mosaic_constants.bb | /lib/cpp -P -nostdinc -traditional-cpp > module_data_mosaic_constants.f90
rm -f module_data_mosaic_constants.G module_data_mosaic_constants.bb
time mpif90 -f90=gfortran -o module_data_mosaic_constants.o -c -O2 -ftree-vectorize -funroll-loops -w -ffree-form -ffree-line-length-none -fconvert=big-endian -frecord-marker=4 -fallow-argument-mismatch -fallow-invalid-boz   -I../dyn_em  -I/home/hnavarro/Desktop/WRF/BUILD_WRF/WRF/external/esmf_time_f90  -I/home/hnavarro/Desktop/WRF/BUILD_WRF/WRF/main -I/home/hnavarro/Desktop/WRF/BUILD_WRF/WRF/external/io_netcdf -I/home/hnavarro/Desktop/WRF/BUILD_WRF/WRF/external/io_int -I/home/hnavarro/Desktop/WRF/BUILD_WRF/WRF/frame -I/home/hnavarro/Desktop/WRF/BUILD_WRF/WRF/share -I/home/hnavarro/Desktop/WRF/BUILD_WRF/WRF/phys -I/home/hnavarro/Desktop/WRF/BUILD_WRF/WRF/wrftladj -I/home/hnavarro/Desktop/WRF/BUILD_WRF/WRF/chem -I/home/hnavarro/Desktop/WRF/BUILD_WRF/WRF/inc -I/home/hnavarro/Desktop/WRF/Install-WRF-Chem/LIBRARIES/netcdf/include    module_data_mosaic_constants.f90
0.03user 0.08system 0:00.12elapsed 95%CPU (0avgtext+0avgdata 15232maxresident)k
0inputs+24outputs (0major+7157minor)pagefaults 0swaps
rm -f module_data_mosaic_aero.o
sed -e "s/^\!.*'.*//" -e "s/^ *\!.*'.*//" module_data_mosaic_aero.F > module_data_mosaic_aero.G
/lib/cpp -P -nostdinc -I/home/hnavarro/Desktop/WRF/BUILD_WRF/WRF/inc -DEM_CORE=1 -DNMM_CORE=0 -DNMM_MAX_DIM=2600 -DDA_CORE=0 -DWRFPLUS=0 -DIWORDSIZE=4 -DDWORDSIZE=8 -DRWORDSIZE=4 -DLWORDSIZE=4 -DNONSTANDARD_SYSTEM_SUBR  -DWRF_USE_CLM  -DDM_PARALLEL -DNETCDF -DLANDREAD_STUB=1 -DUSE_ALLOCATABLES -Dwrfmodel -DGRIB1 -DINTIO -DKEEP_INT_AROUND -DLIMIT_ARGS -DBUILD_RRTMG_FAST=0 -DBUILD_RRTMK=0 -DBUILD_SBM_FAST=1 -DSHOW_ALL_VARS_USED=0 -DCONFIG_BUF_LEN=65536 -DMAX_DOMAINS_F=21 -DMAX_HISTORY=25 -DNMM_NEST=0 -DWRF_CHEM -DBUILD_CHEM=1 -I. -traditional-cpp   module_data_mosaic_aero.G  > module_data_mosaic_aero.bb
/home/hnavarro/Desktop/WRF/BUILD_WRF/WRF/tools/standard.exe module_data_mosaic_aero.bb | /lib/cpp -P -nostdinc -traditional-cpp > module_data_mosaic_aero.f90
rm -f module_data_mosaic_aero.G module_data_mosaic_aero.bb
time mpif90 -f90=gfortran -o module_data_mosaic_aero.o -c -O2 -ftree-vectorize -funroll-loops -w -ffree-form -ffree-line-length-none -fconvert=big-endian -frecord-marker=4 -fallow-argument-mismatch -fallow-invalid-boz   -I../dyn_em  -I/home/hnavarro/Desktop/WRF/BUILD_WRF/WRF/external/esmf_time_f90  -I/home/hnavarro/Desktop/WRF/BUILD_WRF/WRF/main -I/home/hnavarro/Desktop/WRF/BUILD_WRF/WRF/external/io_netcdf -I/home/hnavarro/Desktop/WRF/BUILD_WRF/WRF/external/io_int -I/home/hnavarro/Desktop/WRF/BUILD_WRF/WRF/frame -I/home/hnavarro/Desktop/WRF/BUILD_WRF/WRF/share -I/home/hnavarro/Desktop/WRF/BUILD_WRF/WRF/phys -I/home/hnavarro/Desktop/WRF/BUILD_WRF/WRF/wrftladj -I/home/hnavarro/Desktop/WRF/BUILD_WRF/WRF/chem -I/home/hnavarro/Desktop/WRF/BUILD_WRF/WRF/inc -I/home/hnavarro/Desktop/WRF/Install-WRF-Chem/LIBRARIES/netcdf/include    module_data_mosaic_aero.f90
0.07user 0.06system 0:00.14elapsed 95%CPU (0avgtext+0avgdata 28800maxresident)k
0inputs+296outputs (0major+8322minor)pagefaults 0swaps
rm -f module_data_mosaic_main.o
sed -e "s/^\!.*'.*//" -e "s/^ *\!.*'.*//" module_data_mosaic_main.F > module_data_mosaic_main.G
/lib/cpp -P -nostdinc -I/home/hnavarro/Desktop/WRF/BUILD_WRF/WRF/inc -DEM_CORE=1 -DNMM_CORE=0 -DNMM_MAX_DIM=2600 -DDA_CORE=0 -DWRFPLUS=0 -DIWORDSIZE=4 -DDWORDSIZE=8 -DRWORDSIZE=4 -DLWORDSIZE=4 -DNONSTANDARD_SYSTEM_SUBR  -DWRF_USE_CLM  -DDM_PARALLEL -DNETCDF -DLANDREAD_STUB=1 -DUSE_ALLOCATABLES -Dwrfmodel -DGRIB1 -DINTIO -DKEEP_INT_AROUND -DLIMIT_ARGS -DBUILD_RRTMG_FAST=0 -DBUILD_RRTMK=0 -DBUILD_SBM_FAST=1 -DSHOW_ALL_VARS_USED=0 -DCONFIG_BUF_LEN=65536 -DMAX_DOMAINS_F=21 -DMAX_HISTORY=25 -DNMM_NEST=0 -DWRF_CHEM -DBUILD_CHEM=1 -I. -traditional-cpp   module_data_mosaic_main.G  > module_data_mosaic_main.bb
/home/hnavarro/Desktop/WRF/BUILD_WRF/WRF/tools/standard.exe module_data_mosaic_main.bb | /lib/cpp -P -nostdinc -traditional-cpp > module_data_mosaic_main.f90
rm -f module_data_mosaic_main.G module_data_mosaic_main.bb
time mpif90 -f90=gfortran -o module_data_mosaic_main.o -c -O2 -ftree-vectorize -funroll-loops -w -ffree-form -ffree-line-length-none -fconvert=big-endian -frecord-marker=4 -fallow-argument-mismatch -fallow-invalid-boz   -I../dyn_em  -I/home/hnavarro/Desktop/WRF/BUILD_WRF/WRF/external/esmf_time_f90  -I/home/hnavarro/Desktop/WRF/BUILD_WRF/WRF/main -I/home/hnavarro/Desktop/WRF/BUILD_WRF/WRF/external/io_netcdf -I/home/hnavarro/Desktop/WRF/BUILD_WRF/WRF/external/io_int -I/home/hnavarro/Desktop/WRF/BUILD_WRF/WRF/frame -I/home/hnavarro/Desktop/WRF/BUILD_WRF/WRF/share -I/home/hnavarro/Desktop/WRF/BUILD_WRF/WRF/phys -I/home/hnavarro/Desktop/WRF/BUILD_WRF/WRF/wrftladj -I/home/hnavarro/Desktop/WRF/BUILD_WRF/WRF/chem -I/home/hnavarro/Desktop/WRF/BUILD_WRF/WRF/inc -I/home/hnavarro/Desktop/WRF/Install-WRF-Chem/LIBRARIES/netcdf/include    module_data_mosaic_main.f90
0.02user 0.03system 0:00.06elapsed 100%CPU (0avgtext+0avgdata 15872maxresident)k
0inputs+24outputs (0major+7184minor)pagefaults 0swaps
rm -f module_data_mosaic_asecthp.o
sed -e "s/^\!.*'.*//" -e "s/^ *\!.*'.*//" module_data_mosaic_asecthp.F > module_data_mosaic_asecthp.G
/lib/cpp -P -nostdinc -I/home/hnavarro/Desktop/WRF/BUILD_WRF/WRF/inc -DEM_CORE=1 -DNMM_CORE=0 -DNMM_MAX_DIM=2600 -DDA_CORE=0 -DWRFPLUS=0 -DIWORDSIZE=4 -DDWORDSIZE=8 -DRWORDSIZE=4 -DLWORDSIZE=4 -DNONSTANDARD_SYSTEM_SUBR  -DWRF_USE_CLM  -DDM_PARALLEL -DNETCDF -DLANDREAD_STUB=1 -DUSE_ALLOCATABLES -Dwrfmodel -DGRIB1 -DINTIO -DKEEP_INT_AROUND -DLIMIT_ARGS -DBUILD_RRTMG_FAST=0 -DBUILD_RRTMK=0 -DBUILD_SBM_FAST=1 -DSHOW_ALL_VARS_USED=0 -DCONFIG_BUF_LEN=65536 -DMAX_DOMAINS_F=21 -DMAX_HISTORY=25 -DNMM_NEST=0 -DWRF_CHEM -DBUILD_CHEM=1 -I. -traditional-cpp   module_data_mosaic_asecthp.G  > module_data_mosaic_asecthp.bb
/home/hnavarro/Desktop/WRF/BUILD_WRF/WRF/tools/standard.exe module_data_mosaic_asecthp.bb | /lib/cpp -P -nostdinc -traditional-cpp > module_data_mosaic_asecthp.f90
rm -f module_data_mosaic_asecthp.G module_data_mosaic_asecthp.bb
time mpif90 -f90=gfortran -o module_data_mosaic_asecthp.o -c -O2 -ftree-vectorize -funroll-loops -w -ffree-form -ffree-line-length-none -fconvert=big-endian -frecord-marker=4 -fallow-argument-mismatch -fallow-invalid-boz   -I../dyn_em  -I/home/hnavarro/Desktop/WRF/BUILD_WRF/WRF/external/esmf_time_f90  -I/home/hnavarro/Desktop/WRF/BUILD_WRF/WRF/main -I/home/hnavarro/Desktop/WRF/BUILD_WRF/WRF/external/io_netcdf -I/home/hnavarro/Desktop/WRF/BUILD_WRF/WRF/external/io_int -I/home/hnavarro/Desktop/WRF/BUILD_WRF/WRF/frame -I/home/hnavarro/Desktop/WRF/BUILD_WRF/WRF/share -I/home/hnavarro/Desktop/WRF/BUILD_WRF/WRF/phys -I/home/hnavarro/Desktop/WRF/BUILD_WRF/WRF/wrftladj -I/home/hnavarro/Desktop/WRF/BUILD_WRF/WRF/chem -I/home/hnavarro/Desktop/WRF/BUILD_WRF/WRF/inc -I/home/hnavarro/Desktop/WRF/Install-WRF-Chem/LIBRARIES/netcdf/include    module_data_mosaic_asecthp.f90
0.02user 0.05system 0:00.07elapsed 97%CPU (0avgtext+0avgdata 17536maxresident)k
0inputs+232outputs (0major+7601minor)pagefaults 0swaps
rm -f module_data_mosaic_boxmod.o
sed -e "s/^\!.*'.*//" -e "s/^ *\!.*'.*//" module_data_mosaic_boxmod.F > module_data_mosaic_boxmod.G
/lib/cpp -P -nostdinc -I/home/hnavarro/Desktop/WRF/BUILD_WRF/WRF/inc -DEM_CORE=1 -DNMM_CORE=0 -DNMM_MAX_DIM=2600 -DDA_CORE=0 -DWRFPLUS=0 -DIWORDSIZE=4 -DDWORDSIZE=8 -DRWORDSIZE=4 -DLWORDSIZE=4 -DNONSTANDARD_SYSTEM_SUBR  -DWRF_USE_CLM  -DDM_PARALLEL -DNETCDF -DLANDREAD_STUB=1 -DUSE_ALLOCATABLES -Dwrfmodel -DGRIB1 -DINTIO -DKEEP_INT_AROUND -DLIMIT_ARGS -DBUILD_RRTMG_FAST=0 -DBUILD_RRTMK=0 -DBUILD_SBM_FAST=1 -DSHOW_ALL_VARS_USED=0 -DCONFIG_BUF_LEN=65536 -DMAX_DOMAINS_F=21 -DMAX_HISTORY=25 -DNMM_NEST=0 -DWRF_CHEM -DBUILD_CHEM=1 -I. -traditional-cpp   module_data_mosaic_boxmod.G  > module_data_mosaic_boxmod.bb
/home/hnavarro/Desktop/WRF/BUILD_WRF/WRF/tools/standard.exe module_data_mosaic_boxmod.bb | /lib/cpp -P -nostdinc -traditional-cpp > module_data_mosaic_boxmod.f90
rm -f module_data_mosaic_boxmod.G module_data_mosaic_boxmod.bb
time mpif90 -f90=gfortran -o module_data_mosaic_boxmod.o -c -O2 -ftree-vectorize -funroll-loops -w -ffree-form -ffree-line-length-none -fconvert=big-endian -frecord-marker=4 -fallow-argument-mismatch -fallow-invalid-boz   -I../dyn_em  -I/home/hnavarro/Desktop/WRF/BUILD_WRF/WRF/external/esmf_time_f90  -I/home/hnavarro/Desktop/WRF/BUILD_WRF/WRF/main -I/home/hnavarro/Desktop/WRF/BUILD_WRF/WRF/external/io_netcdf -I/home/hnavarro/Desktop/WRF/BUILD_WRF/WRF/external/io_int -I/home/hnavarro/Desktop/WRF/BUILD_WRF/WRF/frame -I/home/hnavarro/Desktop/WRF/BUILD_WRF/WRF/share -I/home/hnavarro/Desktop/WRF/BUILD_WRF/WRF/phys -I/home/hnavarro/Desktop/WRF/BUILD_WRF/WRF/wrftladj -I/home/hnavarro/Desktop/WRF/BUILD_WRF/WRF/chem -I/home/hnavarro/Desktop/WRF/BUILD_WRF/WRF/inc -I/home/hnavarro/Desktop/WRF/Install-WRF-Chem/LIBRARIES/netcdf/include    module_data_mosaic_boxmod.f90
0.03user 0.06system 0:00.10elapsed 97%CPU (0avgtext+0avgdata 16256maxresident)k
0inputs+88outputs (0major+7244minor)pagefaults 0swaps
rm -f module_data_mosaic_therm.o
sed -e "s/^\!.*'.*//" -e "s/^ *\!.*'.*//" module_data_mosaic_therm.F > module_data_mosaic_therm.G
/lib/cpp -P -nostdinc -I/home/hnavarro/Desktop/WRF/BUILD_WRF/WRF/inc -DEM_CORE=1 -DNMM_CORE=0 -DNMM_MAX_DIM=2600 -DDA_CORE=0 -DWRFPLUS=0 -DIWORDSIZE=4 -DDWORDSIZE=8 -DRWORDSIZE=4 -DLWORDSIZE=4 -DNONSTANDARD_SYSTEM_SUBR  -DWRF_USE_CLM  -DDM_PARALLEL -DNETCDF -DLANDREAD_STUB=1 -DUSE_ALLOCATABLES -Dwrfmodel -DGRIB1 -DINTIO -DKEEP_INT_AROUND -DLIMIT_ARGS -DBUILD_RRTMG_FAST=0 -DBUILD_RRTMK=0 -DBUILD_SBM_FAST=1 -DSHOW_ALL_VARS_USED=0 -DCONFIG_BUF_LEN=65536 -DMAX_DOMAINS_F=21 -DMAX_HISTORY=25 -DNMM_NEST=0 -DWRF_CHEM -DBUILD_CHEM=1 -I. -traditional-cpp   module_data_mosaic_therm.G  > module_data_mosaic_therm.bb
/home/hnavarro/Desktop/WRF/BUILD_WRF/WRF/tools/standard.exe module_data_mosaic_therm.bb | /lib/cpp -P -nostdinc -traditional-cpp > module_data_mosaic_therm.f90
rm -f module_data_mosaic_therm.G module_data_mosaic_therm.bb
time mpif90 -f90=gfortran -o module_data_mosaic_therm.o -c -O2 -ftree-vectorize -funroll-loops -w -ffree-form -ffree-line-length-none -fconvert=big-endian -frecord-marker=4 -fallow-argument-mismatch -fallow-invalid-boz   -I../dyn_em  -I/home/hnavarro/Desktop/WRF/BUILD_WRF/WRF/external/esmf_time_f90  -I/home/hnavarro/Desktop/WRF/BUILD_WRF/WRF/main -I/home/hnavarro/Desktop/WRF/BUILD_WRF/WRF/external/io_netcdf -I/home/hnavarro/Desktop/WRF/BUILD_WRF/WRF/external/io_int -I/home/hnavarro/Desktop/WRF/BUILD_WRF/WRF/frame -I/home/hnavarro/Desktop/WRF/BUILD_WRF/WRF/share -I/home/hnavarro/Desktop/WRF/BUILD_WRF/WRF/phys -I/home/hnavarro/Desktop/WRF/BUILD_WRF/WRF/wrftladj -I/home/hnavarro/Desktop/WRF/BUILD_WRF/WRF/chem -I/home/hnavarro/Desktop/WRF/BUILD_WRF/WRF/inc -I/home/hnavarro/Desktop/WRF/Install-WRF-Chem/LIBRARIES/netcdf/include    module_data_mosaic_therm.f90
0.03user 0.05system 0:00.09elapsed 97%CPU (0avgtext+0avgdata 17152maxresident)k
0inputs+360outputs (0major+7575minor)pagefaults 0swaps
rm -f module_ftuv_subs.o
sed -e "s/^\!.*'.*//" -e "s/^ *\!.*'.*//" module_ftuv_subs.F > module_ftuv_subs.G
/lib/cpp -P -nostdinc -I/home/hnavarro/Desktop/WRF/BUILD_WRF/WRF/inc -DEM_CORE=1 -DNMM_CORE=0 -DNMM_MAX_DIM=2600 -DDA_CORE=0 -DWRFPLUS=0 -DIWORDSIZE=4 -DDWORDSIZE=8 -DRWORDSIZE=4 -DLWORDSIZE=4 -DNONSTANDARD_SYSTEM_SUBR  -DWRF_USE_CLM  -DDM_PARALLEL -DNETCDF -DLANDREAD_STUB=1 -DUSE_ALLOCATABLES -Dwrfmodel -DGRIB1 -DINTIO -DKEEP_INT_AROUND -DLIMIT_ARGS -DBUILD_RRTMG_FAST=0 -DBUILD_RRTMK=0 -DBUILD_SBM_FAST=1 -DSHOW_ALL_VARS_USED=0 -DCONFIG_BUF_LEN=65536 -DMAX_DOMAINS_F=21 -DMAX_HISTORY=25 -DNMM_NEST=0 -DWRF_CHEM -DBUILD_CHEM=1 -I. -traditional-cpp   module_ftuv_subs.G  > module_ftuv_subs.bb
/home/hnavarro/Desktop/WRF/BUILD_WRF/WRF/tools/standard.exe module_ftuv_subs.bb | /lib/cpp -P -nostdinc -traditional-cpp > module_ftuv_subs.f90
rm -f module_ftuv_subs.G module_ftuv_subs.bb
time mpif90 -f90=gfortran -o module_ftuv_subs.o -c -O2 -ftree-vectorize -funroll-loops -w -ffree-form -ffree-line-length-none -fconvert=big-endian -frecord-marker=4 -fallow-argument-mismatch -fallow-invalid-boz   -I../dyn_em  -I/home/hnavarro/Desktop/WRF/BUILD_WRF/WRF/external/esmf_time_f90  -I/home/hnavarro/Desktop/WRF/BUILD_WRF/WRF/main -I/home/hnavarro/Desktop/WRF/BUILD_WRF/WRF/external/io_netcdf -I/home/hnavarro/Desktop/WRF/BUILD_WRF/WRF/external/io_int -I/home/hnavarro/Desktop/WRF/BUILD_WRF/WRF/frame -I/home/hnavarro/Desktop/WRF/BUILD_WRF/WRF/share -I/home/hnavarro/Desktop/WRF/BUILD_WRF/WRF/phys -I/home/hnavarro/Desktop/WRF/BUILD_WRF/WRF/wrftladj -I/home/hnavarro/Desktop/WRF/BUILD_WRF/WRF/chem -I/home/hnavarro/Desktop/WRF/BUILD_WRF/WRF/inc -I/home/hnavarro/Desktop/WRF/Install-WRF-Chem/LIBRARIES/netcdf/include    module_ftuv_subs.f90
1.77user 0.10system 0:01.88elapsed 99%CPU (0avgtext+0avgdata 98260maxresident)k
0inputs+1584outputs (0major+27673minor)pagefaults 0swaps
rm -f module_upper_bc_driver.o
sed -e "s/^\!.*'.*//" -e "s/^ *\!.*'.*//" module_upper_bc_driver.F > module_upper_bc_driver.G
/lib/cpp -P -nostdinc -I/home/hnavarro/Desktop/WRF/BUILD_WRF/WRF/inc -DEM_CORE=1 -DNMM_CORE=0 -DNMM_MAX_DIM=2600 -DDA_CORE=0 -DWRFPLUS=0 -DIWORDSIZE=4 -DDWORDSIZE=8 -DRWORDSIZE=4 -DLWORDSIZE=4 -DNONSTANDARD_SYSTEM_SUBR  -DWRF_USE_CLM  -DDM_PARALLEL -DNETCDF -DLANDREAD_STUB=1 -DUSE_ALLOCATABLES -Dwrfmodel -DGRIB1 -DINTIO -DKEEP_INT_AROUND -DLIMIT_ARGS -DBUILD_RRTMG_FAST=0 -DBUILD_RRTMK=0 -DBUILD_SBM_FAST=1 -DSHOW_ALL_VARS_USED=0 -DCONFIG_BUF_LEN=65536 -DMAX_DOMAINS_F=21 -DMAX_HISTORY=25 -DNMM_NEST=0 -DWRF_CHEM -DBUILD_CHEM=1 -I. -traditional-cpp   module_upper_bc_driver.G  > module_upper_bc_driver.bb
/home/hnavarro/Desktop/WRF/BUILD_WRF/WRF/tools/standard.exe module_upper_bc_driver.bb | /lib/cpp -P -nostdinc -traditional-cpp > module_upper_bc_driver.f90
rm -f module_upper_bc_driver.G module_upper_bc_driver.bb
time mpif90 -f90=gfortran -o module_upper_bc_driver.o -c -O2 -ftree-vectorize -funroll-loops -w -ffree-form -ffree-line-length-none -fconvert=big-endian -frecord-marker=4 -fallow-argument-mismatch -fallow-invalid-boz   -I../dyn_em  -I/home/hnavarro/Desktop/WRF/BUILD_WRF/WRF/external/esmf_time_f90  -I/home/hnavarro/Desktop/WRF/BUILD_WRF/WRF/main -I/home/hnavarro/Desktop/WRF/BUILD_WRF/WRF/external/io_netcdf -I/home/hnavarro/Desktop/WRF/BUILD_WRF/WRF/external/io_int -I/home/hnavarro/Desktop/WRF/BUILD_WRF/WRF/frame -I/home/hnavarro/Desktop/WRF/BUILD_WRF/WRF/share -I/home/hnavarro/Desktop/WRF/BUILD_WRF/WRF/phys -I/home/hnavarro/Desktop/WRF/BUILD_WRF/WRF/wrftladj -I/home/hnavarro/Desktop/WRF/BUILD_WRF/WRF/chem -I/home/hnavarro/Desktop/WRF/BUILD_WRF/WRF/inc -I/home/hnavarro/Desktop/WRF/Install-WRF-Chem/LIBRARIES/netcdf/include    module_upper_bc_driver.f90
2.79user 0.13system 0:02.93elapsed 99%CPU (0avgtext+0avgdata 79748maxresident)k
0inputs+472outputs (0major+23209minor)pagefaults 0swaps
rm -f module_mosaic_addemiss.o
sed -e "s/^\!.*'.*//" -e "s/^ *\!.*'.*//" module_mosaic_addemiss.F > module_mosaic_addemiss.G
/lib/cpp -P -nostdinc -I/home/hnavarro/Desktop/WRF/BUILD_WRF/WRF/inc -DEM_CORE=1 -DNMM_CORE=0 -DNMM_MAX_DIM=2600 -DDA_CORE=0 -DWRFPLUS=0 -DIWORDSIZE=4 -DDWORDSIZE=8 -DRWORDSIZE=4 -DLWORDSIZE=4 -DNONSTANDARD_SYSTEM_SUBR  -DWRF_USE_CLM  -DDM_PARALLEL -DNETCDF -DLANDREAD_STUB=1 -DUSE_ALLOCATABLES -Dwrfmodel -DGRIB1 -DINTIO -DKEEP_INT_AROUND -DLIMIT_ARGS -DBUILD_RRTMG_FAST=0 -DBUILD_RRTMK=0 -DBUILD_SBM_FAST=1 -DSHOW_ALL_VARS_USED=0 -DCONFIG_BUF_LEN=65536 -DMAX_DOMAINS_F=21 -DMAX_HISTORY=25 -DNMM_NEST=0 -DWRF_CHEM -DBUILD_CHEM=1 -I. -traditional-cpp   module_mosaic_addemiss.G  > module_mosaic_addemiss.bb
/home/hnavarro/Desktop/WRF/BUILD_WRF/WRF/tools/standard.exe module_mosaic_addemiss.bb | /lib/cpp -P -nostdinc -traditional-cpp > module_mosaic_addemiss.f90
rm -f module_mosaic_addemiss.G module_mosaic_addemiss.bb
time mpif90 -f90=gfortran -o module_mosaic_addemiss.o -c -O2 -ftree-vectorize -funroll-loops -w -ffree-form -ffree-line-length-none -fconvert=big-endian -frecord-marker=4 -fallow-argument-mismatch -fallow-invalid-boz   -I../dyn_em  -I/home/hnavarro/Desktop/WRF/BUILD_WRF/WRF/external/esmf_time_f90  -I/home/hnavarro/Desktop/WRF/BUILD_WRF/WRF/main -I/home/hnavarro/Desktop/WRF/BUILD_WRF/WRF/external/io_netcdf -I/home/hnavarro/Desktop/WRF/BUILD_WRF/WRF/external/io_int -I/home/hnavarro/Desktop/WRF/BUILD_WRF/WRF/frame -I/home/hnavarro/Desktop/WRF/BUILD_WRF/WRF/share -I/home/hnavarro/Desktop/WRF/BUILD_WRF/WRF/phys -I/home/hnavarro/Desktop/WRF/BUILD_WRF/WRF/wrftladj -I/home/hnavarro/Desktop/WRF/BUILD_WRF/WRF/chem -I/home/hnavarro/Desktop/WRF/BUILD_WRF/WRF/inc -I/home/hnavarro/Desktop/WRF/Install-WRF-Chem/LIBRARIES/netcdf/include    module_mosaic_addemiss.f90
3.29user 0.09system 0:03.40elapsed 99%CPU (0avgtext+0avgdata 84668maxresident)k
0inputs+560outputs (0major+28691minor)pagefaults 0swaps
rm -f module_isocom.o
sed -e "s/^\!.*'.*//" -e "s/^ *\!.*'.*//" module_isocom.F > module_isocom.G
/lib/cpp -P -nostdinc -I/home/hnavarro/Desktop/WRF/BUILD_WRF/WRF/inc -DEM_CORE=1 -DNMM_CORE=0 -DNMM_MAX_DIM=2600 -DDA_CORE=0 -DWRFPLUS=0 -DIWORDSIZE=4 -DDWORDSIZE=8 -DRWORDSIZE=4 -DLWORDSIZE=4 -DNONSTANDARD_SYSTEM_SUBR  -DWRF_USE_CLM  -DDM_PARALLEL -DNETCDF -DLANDREAD_STUB=1 -DUSE_ALLOCATABLES -Dwrfmodel -DGRIB1 -DINTIO -DKEEP_INT_AROUND -DLIMIT_ARGS -DBUILD_RRTMG_FAST=0 -DBUILD_RRTMK=0 -DBUILD_SBM_FAST=1 -DSHOW_ALL_VARS_USED=0 -DCONFIG_BUF_LEN=65536 -DMAX_DOMAINS_F=21 -DMAX_HISTORY=25 -DNMM_NEST=0 -DWRF_CHEM -DBUILD_CHEM=1 -I. -traditional-cpp   module_isocom.G  > module_isocom.bb
/home/hnavarro/Desktop/WRF/BUILD_WRF/WRF/tools/standard.exe module_isocom.bb | /lib/cpp -P -nostdinc -traditional-cpp > module_isocom.f90
rm -f module_isocom.G module_isocom.bb
time mpif90 -f90=gfortran -o module_isocom.o -c -O2 -ftree-vectorize -funroll-loops -w -ffree-form -ffree-line-length-none -fconvert=big-endian -frecord-marker=4 -fallow-argument-mismatch -fallow-invalid-boz   -I../dyn_em  -I/home/hnavarro/Desktop/WRF/BUILD_WRF/WRF/external/esmf_time_f90  -I/home/hnavarro/Desktop/WRF/BUILD_WRF/WRF/main -I/home/hnavarro/Desktop/WRF/BUILD_WRF/WRF/external/io_netcdf -I/home/hnavarro/Desktop/WRF/BUILD_WRF/WRF/external/io_int -I/home/hnavarro/Desktop/WRF/BUILD_WRF/WRF/frame -I/home/hnavarro/Desktop/WRF/BUILD_WRF/WRF/share -I/home/hnavarro/Desktop/WRF/BUILD_WRF/WRF/phys -I/home/hnavarro/Desktop/WRF/BUILD_WRF/WRF/wrftladj -I/home/hnavarro/Desktop/WRF/BUILD_WRF/WRF/chem -I/home/hnavarro/Desktop/WRF/BUILD_WRF/WRF/inc -I/home/hnavarro/Desktop/WRF/Install-WRF-Chem/LIBRARIES/netcdf/include    module_isocom.f90
1.83user 0.12system 0:01.96elapsed 99%CPU (0avgtext+0avgdata 94208maxresident)k
0inputs+4584outputs (0major+24577minor)pagefaults 0swaps
rm -f module_uoc_dust.o
sed -e "s/^\!.*'.*//" -e "s/^ *\!.*'.*//" module_uoc_dust.F > module_uoc_dust.G
/lib/cpp -P -nostdinc -I/home/hnavarro/Desktop/WRF/BUILD_WRF/WRF/inc -DEM_CORE=1 -DNMM_CORE=0 -DNMM_MAX_DIM=2600 -DDA_CORE=0 -DWRFPLUS=0 -DIWORDSIZE=4 -DDWORDSIZE=8 -DRWORDSIZE=4 -DLWORDSIZE=4 -DNONSTANDARD_SYSTEM_SUBR  -DWRF_USE_CLM  -DDM_PARALLEL -DNETCDF -DLANDREAD_STUB=1 -DUSE_ALLOCATABLES -Dwrfmodel -DGRIB1 -DINTIO -DKEEP_INT_AROUND -DLIMIT_ARGS -DBUILD_RRTMG_FAST=0 -DBUILD_RRTMK=0 -DBUILD_SBM_FAST=1 -DSHOW_ALL_VARS_USED=0 -DCONFIG_BUF_LEN=65536 -DMAX_DOMAINS_F=21 -DMAX_HISTORY=25 -DNMM_NEST=0 -DWRF_CHEM -DBUILD_CHEM=1 -I. -traditional-cpp   module_uoc_dust.G  > module_uoc_dust.bb
/home/hnavarro/Desktop/WRF/BUILD_WRF/WRF/tools/standard.exe module_uoc_dust.bb | /lib/cpp -P -nostdinc -traditional-cpp > module_uoc_dust.f90
rm -f module_uoc_dust.G module_uoc_dust.bb
time mpif90 -f90=gfortran -o module_uoc_dust.o -c -O2 -ftree-vectorize -funroll-loops -w -ffree-form -ffree-line-length-none -fconvert=big-endian -frecord-marker=4 -fallow-argument-mismatch -fallow-invalid-boz   -I../dyn_em  -I/home/hnavarro/Desktop/WRF/BUILD_WRF/WRF/external/esmf_time_f90  -I/home/hnavarro/Desktop/WRF/BUILD_WRF/WRF/main -I/home/hnavarro/Desktop/WRF/BUILD_WRF/WRF/external/io_netcdf -I/home/hnavarro/Desktop/WRF/BUILD_WRF/WRF/external/io_int -I/home/hnavarro/Desktop/WRF/BUILD_WRF/WRF/frame -I/home/hnavarro/Desktop/WRF/BUILD_WRF/WRF/share -I/home/hnavarro/Desktop/WRF/BUILD_WRF/WRF/phys -I/home/hnavarro/Desktop/WRF/BUILD_WRF/WRF/wrftladj -I/home/hnavarro/Desktop/WRF/BUILD_WRF/WRF/chem -I/home/hnavarro/Desktop/WRF/BUILD_WRF/WRF/inc -I/home/hnavarro/Desktop/WRF/Install-WRF-Chem/LIBRARIES/netcdf/include    module_uoc_dust.f90
1.61user 0.07system 0:01.69elapsed 99%CPU (0avgtext+0avgdata 47808maxresident)k
0inputs+200outputs (0major+14055minor)pagefaults 0swaps
rm -f module_uoc_dustwd.o
sed -e "s/^\!.*'.*//" -e "s/^ *\!.*'.*//" module_uoc_dustwd.F > module_uoc_dustwd.G
/lib/cpp -P -nostdinc -I/home/hnavarro/Desktop/WRF/BUILD_WRF/WRF/inc -DEM_CORE=1 -DNMM_CORE=0 -DNMM_MAX_DIM=2600 -DDA_CORE=0 -DWRFPLUS=0 -DIWORDSIZE=4 -DDWORDSIZE=8 -DRWORDSIZE=4 -DLWORDSIZE=4 -DNONSTANDARD_SYSTEM_SUBR  -DWRF_USE_CLM  -DDM_PARALLEL -DNETCDF -DLANDREAD_STUB=1 -DUSE_ALLOCATABLES -Dwrfmodel -DGRIB1 -DINTIO -DKEEP_INT_AROUND -DLIMIT_ARGS -DBUILD_RRTMG_FAST=0 -DBUILD_RRTMK=0 -DBUILD_SBM_FAST=1 -DSHOW_ALL_VARS_USED=0 -DCONFIG_BUF_LEN=65536 -DMAX_DOMAINS_F=21 -DMAX_HISTORY=25 -DNMM_NEST=0 -DWRF_CHEM -DBUILD_CHEM=1 -I. -traditional-cpp   module_uoc_dustwd.G  > module_uoc_dustwd.bb
/home/hnavarro/Desktop/WRF/BUILD_WRF/WRF/tools/standard.exe module_uoc_dustwd.bb | /lib/cpp -P -nostdinc -traditional-cpp > module_uoc_dustwd.f90
rm -f module_uoc_dustwd.G module_uoc_dustwd.bb
time mpif90 -f90=gfortran -o module_uoc_dustwd.o -c -O2 -ftree-vectorize -funroll-loops -w -ffree-form -ffree-line-length-none -fconvert=big-endian -frecord-marker=4 -fallow-argument-mismatch -fallow-invalid-boz   -I../dyn_em  -I/home/hnavarro/Desktop/WRF/BUILD_WRF/WRF/external/esmf_time_f90  -I/home/hnavarro/Desktop/WRF/BUILD_WRF/WRF/main -I/home/hnavarro/Desktop/WRF/BUILD_WRF/WRF/external/io_netcdf -I/home/hnavarro/Desktop/WRF/BUILD_WRF/WRF/external/io_int -I/home/hnavarro/Desktop/WRF/BUILD_WRF/WRF/frame -I/home/hnavarro/Desktop/WRF/BUILD_WRF/WRF/share -I/home/hnavarro/Desktop/WRF/BUILD_WRF/WRF/phys -I/home/hnavarro/Desktop/WRF/BUILD_WRF/WRF/wrftladj -I/home/hnavarro/Desktop/WRF/BUILD_WRF/WRF/chem -I/home/hnavarro/Desktop/WRF/BUILD_WRF/WRF/inc -I/home/hnavarro/Desktop/WRF/Install-WRF-Chem/LIBRARIES/netcdf/include    module_uoc_dustwd.f90
16.16user 0.36system 0:16.54elapsed 99%CPU (0avgtext+0avgdata 585012maxresident)k
0inputs+5408outputs (0major+159498minor)pagefaults 0swaps
rm -f module_mosaic_support.o
sed -e "s/^\!.*'.*//" -e "s/^ *\!.*'.*//" module_mosaic_support.F > module_mosaic_support.G
/lib/cpp -P -nostdinc -I/home/hnavarro/Desktop/WRF/BUILD_WRF/WRF/inc -DEM_CORE=1 -DNMM_CORE=0 -DNMM_MAX_DIM=2600 -DDA_CORE=0 -DWRFPLUS=0 -DIWORDSIZE=4 -DDWORDSIZE=8 -DRWORDSIZE=4 -DLWORDSIZE=4 -DNONSTANDARD_SYSTEM_SUBR  -DWRF_USE_CLM  -DDM_PARALLEL -DNETCDF -DLANDREAD_STUB=1 -DUSE_ALLOCATABLES -Dwrfmodel -DGRIB1 -DINTIO -DKEEP_INT_AROUND -DLIMIT_ARGS -DBUILD_RRTMG_FAST=0 -DBUILD_RRTMK=0 -DBUILD_SBM_FAST=1 -DSHOW_ALL_VARS_USED=0 -DCONFIG_BUF_LEN=65536 -DMAX_DOMAINS_F=21 -DMAX_HISTORY=25 -DNMM_NEST=0 -DWRF_CHEM -DBUILD_CHEM=1 -I. -traditional-cpp   module_mosaic_support.G  > module_mosaic_support.bb
/home/hnavarro/Desktop/WRF/BUILD_WRF/WRF/tools/standard.exe module_mosaic_support.bb | /lib/cpp -P -nostdinc -traditional-cpp > module_mosaic_support.f90
rm -f module_mosaic_support.G module_mosaic_support.bb
time mpif90 -f90=gfortran -o module_mosaic_support.o -c -O2 -ftree-vectorize -funroll-loops -w -ffree-form -ffree-line-length-none -fconvert=big-endian -frecord-marker=4 -fallow-argument-mismatch -fallow-invalid-boz   -I../dyn_em  -I/home/hnavarro/Desktop/WRF/BUILD_WRF/WRF/external/esmf_time_f90  -I/home/hnavarro/Desktop/WRF/BUILD_WRF/WRF/main -I/home/hnavarro/Desktop/WRF/BUILD_WRF/WRF/external/io_netcdf -I/home/hnavarro/Desktop/WRF/BUILD_WRF/WRF/external/io_int -I/home/hnavarro/Desktop/WRF/BUILD_WRF/WRF/frame -I/home/hnavarro/Desktop/WRF/BUILD_WRF/WRF/share -I/home/hnavarro/Desktop/WRF/BUILD_WRF/WRF/phys -I/home/hnavarro/Desktop/WRF/BUILD_WRF/WRF/wrftladj -I/home/hnavarro/Desktop/WRF/BUILD_WRF/WRF/chem -I/home/hnavarro/Desktop/WRF/BUILD_WRF/WRF/inc -I/home/hnavarro/Desktop/WRF/Install-WRF-Chem/LIBRARIES/netcdf/include    module_mosaic_support.f90
0.07user 0.09system 0:00.16elapsed 98%CPU (0avgtext+0avgdata 26240maxresident)k
0inputs+32outputs (0major+7802minor)pagefaults 0swaps
rm -f module_mosaic_soa_vbs.o
sed -e "s/^\!.*'.*//" -e "s/^ *\!.*'.*//" module_mosaic_soa_vbs.F > module_mosaic_soa_vbs.G
/lib/cpp -P -nostdinc -I/home/hnavarro/Desktop/WRF/BUILD_WRF/WRF/inc -DEM_CORE=1 -DNMM_CORE=0 -DNMM_MAX_DIM=2600 -DDA_CORE=0 -DWRFPLUS=0 -DIWORDSIZE=4 -DDWORDSIZE=8 -DRWORDSIZE=4 -DLWORDSIZE=4 -DNONSTANDARD_SYSTEM_SUBR  -DWRF_USE_CLM  -DDM_PARALLEL -DNETCDF -DLANDREAD_STUB=1 -DUSE_ALLOCATABLES -Dwrfmodel -DGRIB1 -DINTIO -DKEEP_INT_AROUND -DLIMIT_ARGS -DBUILD_RRTMG_FAST=0 -DBUILD_RRTMK=0 -DBUILD_SBM_FAST=1 -DSHOW_ALL_VARS_USED=0 -DCONFIG_BUF_LEN=65536 -DMAX_DOMAINS_F=21 -DMAX_HISTORY=25 -DNMM_NEST=0 -DWRF_CHEM -DBUILD_CHEM=1 -I. -traditional-cpp   module_mosaic_soa_vbs.G  > module_mosaic_soa_vbs.bb
/home/hnavarro/Desktop/WRF/BUILD_WRF/WRF/tools/standard.exe module_mosaic_soa_vbs.bb | /lib/cpp -P -nostdinc -traditional-cpp > module_mosaic_soa_vbs.f90
rm -f module_mosaic_soa_vbs.G module_mosaic_soa_vbs.bb
time mpif90 -f90=gfortran -o module_mosaic_soa_vbs.o -c -O2 -ftree-vectorize -funroll-loops -w -ffree-form -ffree-line-length-none -fconvert=big-endian -frecord-marker=4 -fallow-argument-mismatch -fallow-invalid-boz   -I../dyn_em  -I/home/hnavarro/Desktop/WRF/BUILD_WRF/WRF/external/esmf_time_f90  -I/home/hnavarro/Desktop/WRF/BUILD_WRF/WRF/main -I/home/hnavarro/Desktop/WRF/BUILD_WRF/WRF/external/io_netcdf -I/home/hnavarro/Desktop/WRF/BUILD_WRF/WRF/external/io_int -I/home/hnavarro/Desktop/WRF/BUILD_WRF/WRF/frame -I/home/hnavarro/Desktop/WRF/BUILD_WRF/WRF/share -I/home/hnavarro/Desktop/WRF/BUILD_WRF/WRF/phys -I/home/hnavarro/Desktop/WRF/BUILD_WRF/WRF/wrftladj -I/home/hnavarro/Desktop/WRF/BUILD_WRF/WRF/chem -I/home/hnavarro/Desktop/WRF/BUILD_WRF/WRF/inc -I/home/hnavarro/Desktop/WRF/Install-WRF-Chem/LIBRARIES/netcdf/include    module_mosaic_soa_vbs.f90
0.77user 0.07system 0:00.85elapsed 99%CPU (0avgtext+0avgdata 68660maxresident)k
0inputs+584outputs (0major+18181minor)pagefaults 0swaps
rm -f module_mosaic_coag1d.o
sed -e "s/^\!.*'.*//" -e "s/^ *\!.*'.*//" module_mosaic_coag1d.F > module_mosaic_coag1d.G
/lib/cpp -P -nostdinc -I/home/hnavarro/Desktop/WRF/BUILD_WRF/WRF/inc -DEM_CORE=1 -DNMM_CORE=0 -DNMM_MAX_DIM=2600 -DDA_CORE=0 -DWRFPLUS=0 -DIWORDSIZE=4 -DDWORDSIZE=8 -DRWORDSIZE=4 -DLWORDSIZE=4 -DNONSTANDARD_SYSTEM_SUBR  -DWRF_USE_CLM  -DDM_PARALLEL -DNETCDF -DLANDREAD_STUB=1 -DUSE_ALLOCATABLES -Dwrfmodel -DGRIB1 -DINTIO -DKEEP_INT_AROUND -DLIMIT_ARGS -DBUILD_RRTMG_FAST=0 -DBUILD_RRTMK=0 -DBUILD_SBM_FAST=1 -DSHOW_ALL_VARS_USED=0 -DCONFIG_BUF_LEN=65536 -DMAX_DOMAINS_F=21 -DMAX_HISTORY=25 -DNMM_NEST=0 -DWRF_CHEM -DBUILD_CHEM=1 -I. -traditional-cpp   module_mosaic_coag1d.G  > module_mosaic_coag1d.bb
/home/hnavarro/Desktop/WRF/BUILD_WRF/WRF/tools/standard.exe module_mosaic_coag1d.bb | /lib/cpp -P -nostdinc -traditional-cpp > module_mosaic_coag1d.f90
rm -f module_mosaic_coag1d.G module_mosaic_coag1d.bb
time mpif90 -f90=gfortran -o module_mosaic_coag1d.o -c -O2 -ftree-vectorize -funroll-loops -w -ffree-form -ffree-line-length-none -fconvert=big-endian -frecord-marker=4 -fallow-argument-mismatch -fallow-invalid-boz   -I../dyn_em  -I/home/hnavarro/Desktop/WRF/BUILD_WRF/WRF/external/esmf_time_f90  -I/home/hnavarro/Desktop/WRF/BUILD_WRF/WRF/main -I/home/hnavarro/Desktop/WRF/BUILD_WRF/WRF/external/io_netcdf -I/home/hnavarro/Desktop/WRF/BUILD_WRF/WRF/external/io_int -I/home/hnavarro/Desktop/WRF/BUILD_WRF/WRF/frame -I/home/hnavarro/Desktop/WRF/BUILD_WRF/WRF/share -I/home/hnavarro/Desktop/WRF/BUILD_WRF/WRF/phys -I/home/hnavarro/Desktop/WRF/BUILD_WRF/WRF/wrftladj -I/home/hnavarro/Desktop/WRF/BUILD_WRF/WRF/chem -I/home/hnavarro/Desktop/WRF/BUILD_WRF/WRF/inc -I/home/hnavarro/Desktop/WRF/Install-WRF-Chem/LIBRARIES/netcdf/include    module_mosaic_coag1d.f90
1.47user 0.07system 0:01.55elapsed 99%CPU (0avgtext+0avgdata 64048maxresident)k
0inputs+760outputs (0major+18890minor)pagefaults 0swaps
rm -f module_mosaic_coag3d.o
sed -e "s/^\!.*'.*//" -e "s/^ *\!.*'.*//" module_mosaic_coag3d.F > module_mosaic_coag3d.G
/lib/cpp -P -nostdinc -I/home/hnavarro/Desktop/WRF/BUILD_WRF/WRF/inc -DEM_CORE=1 -DNMM_CORE=0 -DNMM_MAX_DIM=2600 -DDA_CORE=0 -DWRFPLUS=0 -DIWORDSIZE=4 -DDWORDSIZE=8 -DRWORDSIZE=4 -DLWORDSIZE=4 -DNONSTANDARD_SYSTEM_SUBR  -DWRF_USE_CLM  -DDM_PARALLEL -DNETCDF -DLANDREAD_STUB=1 -DUSE_ALLOCATABLES -Dwrfmodel -DGRIB1 -DINTIO -DKEEP_INT_AROUND -DLIMIT_ARGS -DBUILD_RRTMG_FAST=0 -DBUILD_RRTMK=0 -DBUILD_SBM_FAST=1 -DSHOW_ALL_VARS_USED=0 -DCONFIG_BUF_LEN=65536 -DMAX_DOMAINS_F=21 -DMAX_HISTORY=25 -DNMM_NEST=0 -DWRF_CHEM -DBUILD_CHEM=1 -I. -traditional-cpp   module_mosaic_coag3d.G  > module_mosaic_coag3d.bb
/home/hnavarro/Desktop/WRF/BUILD_WRF/WRF/tools/standard.exe module_mosaic_coag3d.bb | /lib/cpp -P -nostdinc -traditional-cpp > module_mosaic_coag3d.f90
rm -f module_mosaic_coag3d.G module_mosaic_coag3d.bb
time mpif90 -f90=gfortran -o module_mosaic_coag3d.o -c -O2 -ftree-vectorize -funroll-loops -w -ffree-form -ffree-line-length-none -fconvert=big-endian -frecord-marker=4 -fallow-argument-mismatch -fallow-invalid-boz   -I../dyn_em  -I/home/hnavarro/Desktop/WRF/BUILD_WRF/WRF/external/esmf_time_f90  -I/home/hnavarro/Desktop/WRF/BUILD_WRF/WRF/main -I/home/hnavarro/Desktop/WRF/BUILD_WRF/WRF/external/io_netcdf -I/home/hnavarro/Desktop/WRF/BUILD_WRF/WRF/external/io_int -I/home/hnavarro/Desktop/WRF/BUILD_WRF/WRF/frame -I/home/hnavarro/Desktop/WRF/BUILD_WRF/WRF/share -I/home/hnavarro/Desktop/WRF/BUILD_WRF/WRF/phys -I/home/hnavarro/Desktop/WRF/BUILD_WRF/WRF/wrftladj -I/home/hnavarro/Desktop/WRF/BUILD_WRF/WRF/chem -I/home/hnavarro/Desktop/WRF/BUILD_WRF/WRF/inc -I/home/hnavarro/Desktop/WRF/Install-WRF-Chem/LIBRARIES/netcdf/include    module_mosaic_coag3d.f90
0.87user 0.10system 0:00.99elapsed 98%CPU (0avgtext+0avgdata 53220maxresident)k
0inputs+520outputs (1major+14925minor)pagefaults 0swaps
rm -f module_mosaic_movesect1d.o
sed -e "s/^\!.*'.*//" -e "s/^ *\!.*'.*//" module_mosaic_movesect1d.F > module_mosaic_movesect1d.G
/lib/cpp -P -nostdinc -I/home/hnavarro/Desktop/WRF/BUILD_WRF/WRF/inc -DEM_CORE=1 -DNMM_CORE=0 -DNMM_MAX_DIM=2600 -DDA_CORE=0 -DWRFPLUS=0 -DIWORDSIZE=4 -DDWORDSIZE=8 -DRWORDSIZE=4 -DLWORDSIZE=4 -DNONSTANDARD_SYSTEM_SUBR  -DWRF_USE_CLM  -DDM_PARALLEL -DNETCDF -DLANDREAD_STUB=1 -DUSE_ALLOCATABLES -Dwrfmodel -DGRIB1 -DINTIO -DKEEP_INT_AROUND -DLIMIT_ARGS -DBUILD_RRTMG_FAST=0 -DBUILD_RRTMK=0 -DBUILD_SBM_FAST=1 -DSHOW_ALL_VARS_USED=0 -DCONFIG_BUF_LEN=65536 -DMAX_DOMAINS_F=21 -DMAX_HISTORY=25 -DNMM_NEST=0 -DWRF_CHEM -DBUILD_CHEM=1 -I. -traditional-cpp   module_mosaic_movesect1d.G  > module_mosaic_movesect1d.bb
/home/hnavarro/Desktop/WRF/BUILD_WRF/WRF/tools/standard.exe module_mosaic_movesect1d.bb | /lib/cpp -P -nostdinc -traditional-cpp > module_mosaic_movesect1d.f90
rm -f module_mosaic_movesect1d.G module_mosaic_movesect1d.bb
time mpif90 -f90=gfortran -o module_mosaic_movesect1d.o -c -O2 -ftree-vectorize -funroll-loops -w -ffree-form -ffree-line-length-none -fconvert=big-endian -frecord-marker=4 -fallow-argument-mismatch -fallow-invalid-boz   -I../dyn_em  -I/home/hnavarro/Desktop/WRF/BUILD_WRF/WRF/external/esmf_time_f90  -I/home/hnavarro/Desktop/WRF/BUILD_WRF/WRF/main -I/home/hnavarro/Desktop/WRF/BUILD_WRF/WRF/external/io_netcdf -I/home/hnavarro/Desktop/WRF/BUILD_WRF/WRF/external/io_int -I/home/hnavarro/Desktop/WRF/BUILD_WRF/WRF/frame -I/home/hnavarro/Desktop/WRF/BUILD_WRF/WRF/share -I/home/hnavarro/Desktop/WRF/BUILD_WRF/WRF/phys -I/home/hnavarro/Desktop/WRF/BUILD_WRF/WRF/wrftladj -I/home/hnavarro/Desktop/WRF/BUILD_WRF/WRF/chem -I/home/hnavarro/Desktop/WRF/BUILD_WRF/WRF/inc -I/home/hnavarro/Desktop/WRF/Install-WRF-Chem/LIBRARIES/netcdf/include    module_mosaic_movesect1d.f90
0.90user 0.13system 0:01.03elapsed 99%CPU (0avgtext+0avgdata 55740maxresident)k
0inputs+456outputs (0major+15878minor)pagefaults 0swaps
rm -f module_mosaic_movesect3d.o
sed -e "s/^\!.*'.*//" -e "s/^ *\!.*'.*//" module_mosaic_movesect3d.F > module_mosaic_movesect3d.G
/lib/cpp -P -nostdinc -I/home/hnavarro/Desktop/WRF/BUILD_WRF/WRF/inc -DEM_CORE=1 -DNMM_CORE=0 -DNMM_MAX_DIM=2600 -DDA_CORE=0 -DWRFPLUS=0 -DIWORDSIZE=4 -DDWORDSIZE=8 -DRWORDSIZE=4 -DLWORDSIZE=4 -DNONSTANDARD_SYSTEM_SUBR  -DWRF_USE_CLM  -DDM_PARALLEL -DNETCDF -DLANDREAD_STUB=1 -DUSE_ALLOCATABLES -Dwrfmodel -DGRIB1 -DINTIO -DKEEP_INT_AROUND -DLIMIT_ARGS -DBUILD_RRTMG_FAST=0 -DBUILD_RRTMK=0 -DBUILD_SBM_FAST=1 -DSHOW_ALL_VARS_USED=0 -DCONFIG_BUF_LEN=65536 -DMAX_DOMAINS_F=21 -DMAX_HISTORY=25 -DNMM_NEST=0 -DWRF_CHEM -DBUILD_CHEM=1 -I. -traditional-cpp   module_mosaic_movesect3d.G  > module_mosaic_movesect3d.bb
/home/hnavarro/Desktop/WRF/BUILD_WRF/WRF/tools/standard.exe module_mosaic_movesect3d.bb | /lib/cpp -P -nostdinc -traditional-cpp > module_mosaic_movesect3d.f90
rm -f module_mosaic_movesect3d.G module_mosaic_movesect3d.bb
time mpif90 -f90=gfortran -o module_mosaic_movesect3d.o -c -O2 -ftree-vectorize -funroll-loops -w -ffree-form -ffree-line-length-none -fconvert=big-endian -frecord-marker=4 -fallow-argument-mismatch -fallow-invalid-boz   -I../dyn_em  -I/home/hnavarro/Desktop/WRF/BUILD_WRF/WRF/external/esmf_time_f90  -I/home/hnavarro/Desktop/WRF/BUILD_WRF/WRF/main -I/home/hnavarro/Desktop/WRF/BUILD_WRF/WRF/external/io_netcdf -I/home/hnavarro/Desktop/WRF/BUILD_WRF/WRF/external/io_int -I/home/hnavarro/Desktop/WRF/BUILD_WRF/WRF/frame -I/home/hnavarro/Desktop/WRF/BUILD_WRF/WRF/share -I/home/hnavarro/Desktop/WRF/BUILD_WRF/WRF/phys -I/home/hnavarro/Desktop/WRF/BUILD_WRF/WRF/wrftladj -I/home/hnavarro/Desktop/WRF/BUILD_WRF/WRF/chem -I/home/hnavarro/Desktop/WRF/BUILD_WRF/WRF/inc -I/home/hnavarro/Desktop/WRF/Install-WRF-Chem/LIBRARIES/netcdf/include    module_mosaic_movesect3d.f90
0.74user 0.12system 0:00.87elapsed 99%CPU (0avgtext+0avgdata 48784maxresident)k
0inputs+472outputs (0major+13578minor)pagefaults 0swaps
rm -f module_mosaic_newnucb.o
sed -e "s/^\!.*'.*//" -e "s/^ *\!.*'.*//" module_mosaic_newnucb.F > module_mosaic_newnucb.G
/lib/cpp -P -nostdinc -I/home/hnavarro/Desktop/WRF/BUILD_WRF/WRF/inc -DEM_CORE=1 -DNMM_CORE=0 -DNMM_MAX_DIM=2600 -DDA_CORE=0 -DWRFPLUS=0 -DIWORDSIZE=4 -DDWORDSIZE=8 -DRWORDSIZE=4 -DLWORDSIZE=4 -DNONSTANDARD_SYSTEM_SUBR  -DWRF_USE_CLM  -DDM_PARALLEL -DNETCDF -DLANDREAD_STUB=1 -DUSE_ALLOCATABLES -Dwrfmodel -DGRIB1 -DINTIO -DKEEP_INT_AROUND -DLIMIT_ARGS -DBUILD_RRTMG_FAST=0 -DBUILD_RRTMK=0 -DBUILD_SBM_FAST=1 -DSHOW_ALL_VARS_USED=0 -DCONFIG_BUF_LEN=65536 -DMAX_DOMAINS_F=21 -DMAX_HISTORY=25 -DNMM_NEST=0 -DWRF_CHEM -DBUILD_CHEM=1 -I. -traditional-cpp   module_mosaic_newnucb.G  > module_mosaic_newnucb.bb
/home/hnavarro/Desktop/WRF/BUILD_WRF/WRF/tools/standard.exe module_mosaic_newnucb.bb | /lib/cpp -P -nostdinc -traditional-cpp > module_mosaic_newnucb.f90
rm -f module_mosaic_newnucb.G module_mosaic_newnucb.bb
time mpif90 -f90=gfortran -o module_mosaic_newnucb.o -c -O2 -ftree-vectorize -funroll-loops -w -ffree-form -ffree-line-length-none -fconvert=big-endian -frecord-marker=4 -fallow-argument-mismatch -fallow-invalid-boz   -I../dyn_em  -I/home/hnavarro/Desktop/WRF/BUILD_WRF/WRF/external/esmf_time_f90  -I/home/hnavarro/Desktop/WRF/BUILD_WRF/WRF/main -I/home/hnavarro/Desktop/WRF/BUILD_WRF/WRF/external/io_netcdf -I/home/hnavarro/Desktop/WRF/BUILD_WRF/WRF/external/io_int -I/home/hnavarro/Desktop/WRF/BUILD_WRF/WRF/frame -I/home/hnavarro/Desktop/WRF/BUILD_WRF/WRF/share -I/home/hnavarro/Desktop/WRF/BUILD_WRF/WRF/phys -I/home/hnavarro/Desktop/WRF/BUILD_WRF/WRF/wrftladj -I/home/hnavarro/Desktop/WRF/BUILD_WRF/WRF/chem -I/home/hnavarro/Desktop/WRF/BUILD_WRF/WRF/inc -I/home/hnavarro/Desktop/WRF/Install-WRF-Chem/LIBRARIES/netcdf/include    module_mosaic_newnucb.f90
0.28user 0.05system 0:00.33elapsed 99%CPU (0avgtext+0avgdata 41088maxresident)k
0inputs+392outputs (0major+11091minor)pagefaults 0swaps
rm -f module_mosaic_newnuc.o
sed -e "s/^\!.*'.*//" -e "s/^ *\!.*'.*//" module_mosaic_newnuc.F > module_mosaic_newnuc.G
/lib/cpp -P -nostdinc -I/home/hnavarro/Desktop/WRF/BUILD_WRF/WRF/inc -DEM_CORE=1 -DNMM_CORE=0 -DNMM_MAX_DIM=2600 -DDA_CORE=0 -DWRFPLUS=0 -DIWORDSIZE=4 -DDWORDSIZE=8 -DRWORDSIZE=4 -DLWORDSIZE=4 -DNONSTANDARD_SYSTEM_SUBR  -DWRF_USE_CLM  -DDM_PARALLEL -DNETCDF -DLANDREAD_STUB=1 -DUSE_ALLOCATABLES -Dwrfmodel -DGRIB1 -DINTIO -DKEEP_INT_AROUND -DLIMIT_ARGS -DBUILD_RRTMG_FAST=0 -DBUILD_RRTMK=0 -DBUILD_SBM_FAST=1 -DSHOW_ALL_VARS_USED=0 -DCONFIG_BUF_LEN=65536 -DMAX_DOMAINS_F=21 -DMAX_HISTORY=25 -DNMM_NEST=0 -DWRF_CHEM -DBUILD_CHEM=1 -I. -traditional-cpp   module_mosaic_newnuc.G  > module_mosaic_newnuc.bb
/home/hnavarro/Desktop/WRF/BUILD_WRF/WRF/tools/standard.exe module_mosaic_newnuc.bb | /lib/cpp -P -nostdinc -traditional-cpp > module_mosaic_newnuc.f90
rm -f module_mosaic_newnuc.G module_mosaic_newnuc.bb
time mpif90 -f90=gfortran -o module_mosaic_newnuc.o -c -O2 -ftree-vectorize -funroll-loops -w -ffree-form -ffree-line-length-none -fconvert=big-endian -frecord-marker=4 -fallow-argument-mismatch -fallow-invalid-boz   -I../dyn_em  -I/home/hnavarro/Desktop/WRF/BUILD_WRF/WRF/external/esmf_time_f90  -I/home/hnavarro/Desktop/WRF/BUILD_WRF/WRF/main -I/home/hnavarro/Desktop/WRF/BUILD_WRF/WRF/external/io_netcdf -I/home/hnavarro/Desktop/WRF/BUILD_WRF/WRF/external/io_int -I/home/hnavarro/Desktop/WRF/BUILD_WRF/WRF/frame -I/home/hnavarro/Desktop/WRF/BUILD_WRF/WRF/share -I/home/hnavarro/Desktop/WRF/BUILD_WRF/WRF/phys -I/home/hnavarro/Desktop/WRF/BUILD_WRF/WRF/wrftladj -I/home/hnavarro/Desktop/WRF/BUILD_WRF/WRF/chem -I/home/hnavarro/Desktop/WRF/BUILD_WRF/WRF/inc -I/home/hnavarro/Desktop/WRF/Install-WRF-Chem/LIBRARIES/netcdf/include    module_mosaic_newnuc.f90
0.74user 0.10system 0:00.85elapsed 99%CPU (0avgtext+0avgdata 54816maxresident)k
0inputs+560outputs (0major+15259minor)pagefaults 0swaps
rm -f module_ftuv_driver.o
sed -e "s/^\!.*'.*//" -e "s/^ *\!.*'.*//" module_ftuv_driver.F > module_ftuv_driver.G
/lib/cpp -P -nostdinc -I/home/hnavarro/Desktop/WRF/BUILD_WRF/WRF/inc -DEM_CORE=1 -DNMM_CORE=0 -DNMM_MAX_DIM=2600 -DDA_CORE=0 -DWRFPLUS=0 -DIWORDSIZE=4 -DDWORDSIZE=8 -DRWORDSIZE=4 -DLWORDSIZE=4 -DNONSTANDARD_SYSTEM_SUBR  -DWRF_USE_CLM  -DDM_PARALLEL -DNETCDF -DLANDREAD_STUB=1 -DUSE_ALLOCATABLES -Dwrfmodel -DGRIB1 -DINTIO -DKEEP_INT_AROUND -DLIMIT_ARGS -DBUILD_RRTMG_FAST=0 -DBUILD_RRTMK=0 -DBUILD_SBM_FAST=1 -DSHOW_ALL_VARS_USED=0 -DCONFIG_BUF_LEN=65536 -DMAX_DOMAINS_F=21 -DMAX_HISTORY=25 -DNMM_NEST=0 -DWRF_CHEM -DBUILD_CHEM=1 -I. -traditional-cpp   module_ftuv_driver.G  > module_ftuv_driver.bb
/home/hnavarro/Desktop/WRF/BUILD_WRF/WRF/tools/standard.exe module_ftuv_driver.bb | /lib/cpp -P -nostdinc -traditional-cpp > module_ftuv_driver.f90
rm -f module_ftuv_driver.G module_ftuv_driver.bb
time mpif90 -f90=gfortran -o module_ftuv_driver.o -c -O2 -ftree-vectorize -funroll-loops -w -ffree-form -ffree-line-length-none -fconvert=big-endian -frecord-marker=4 -fallow-argument-mismatch -fallow-invalid-boz   -I../dyn_em  -I/home/hnavarro/Desktop/WRF/BUILD_WRF/WRF/external/esmf_time_f90  -I/home/hnavarro/Desktop/WRF/BUILD_WRF/WRF/main -I/home/hnavarro/Desktop/WRF/BUILD_WRF/WRF/external/io_netcdf -I/home/hnavarro/Desktop/WRF/BUILD_WRF/WRF/external/io_int -I/home/hnavarro/Desktop/WRF/BUILD_WRF/WRF/frame -I/home/hnavarro/Desktop/WRF/BUILD_WRF/WRF/share -I/home/hnavarro/Desktop/WRF/BUILD_WRF/WRF/phys -I/home/hnavarro/Desktop/WRF/BUILD_WRF/WRF/wrftladj -I/home/hnavarro/Desktop/WRF/BUILD_WRF/WRF/chem -I/home/hnavarro/Desktop/WRF/BUILD_WRF/WRF/inc -I/home/hnavarro/Desktop/WRF/Install-WRF-Chem/LIBRARIES/netcdf/include    module_ftuv_driver.f90
0.31user 0.10system 0:00.42elapsed 96%CPU (0avgtext+0avgdata 37256maxresident)k
0inputs+168outputs (0major+10534minor)pagefaults 0swaps
rm -f module_fastj_mie.o
sed -e "s/^\!.*'.*//" -e "s/^ *\!.*'.*//" module_fastj_mie.F > module_fastj_mie.G
/lib/cpp -P -nostdinc -I/home/hnavarro/Desktop/WRF/BUILD_WRF/WRF/inc -DEM_CORE=1 -DNMM_CORE=0 -DNMM_MAX_DIM=2600 -DDA_CORE=0 -DWRFPLUS=0 -DIWORDSIZE=4 -DDWORDSIZE=8 -DRWORDSIZE=4 -DLWORDSIZE=4 -DNONSTANDARD_SYSTEM_SUBR  -DWRF_USE_CLM  -DDM_PARALLEL -DNETCDF -DLANDREAD_STUB=1 -DUSE_ALLOCATABLES -Dwrfmodel -DGRIB1 -DINTIO -DKEEP_INT_AROUND -DLIMIT_ARGS -DBUILD_RRTMG_FAST=0 -DBUILD_RRTMK=0 -DBUILD_SBM_FAST=1 -DSHOW_ALL_VARS_USED=0 -DCONFIG_BUF_LEN=65536 -DMAX_DOMAINS_F=21 -DMAX_HISTORY=25 -DNMM_NEST=0 -DWRF_CHEM -DBUILD_CHEM=1 -I. -traditional-cpp   module_fastj_mie.G  > module_fastj_mie.bb
/home/hnavarro/Desktop/WRF/BUILD_WRF/WRF/tools/standard.exe module_fastj_mie.bb | /lib/cpp -P -nostdinc -traditional-cpp > module_fastj_mie.f90
rm -f module_fastj_mie.G module_fastj_mie.bb
time mpif90 -f90=gfortran -o module_fastj_mie.o -c -O2 -ftree-vectorize -funroll-loops -w -ffree-form -ffree-line-length-none -fconvert=big-endian -frecord-marker=4 -fallow-argument-mismatch -fallow-invalid-boz   -I../dyn_em  -I/home/hnavarro/Desktop/WRF/BUILD_WRF/WRF/external/esmf_time_f90  -I/home/hnavarro/Desktop/WRF/BUILD_WRF/WRF/main -I/home/hnavarro/Desktop/WRF/BUILD_WRF/WRF/external/io_netcdf -I/home/hnavarro/Desktop/WRF/BUILD_WRF/WRF/external/io_int -I/home/hnavarro/Desktop/WRF/BUILD_WRF/WRF/frame -I/home/hnavarro/Desktop/WRF/BUILD_WRF/WRF/share -I/home/hnavarro/Desktop/WRF/BUILD_WRF/WRF/phys -I/home/hnavarro/Desktop/WRF/BUILD_WRF/WRF/wrftladj -I/home/hnavarro/Desktop/WRF/BUILD_WRF/WRF/chem -I/home/hnavarro/Desktop/WRF/BUILD_WRF/WRF/inc -I/home/hnavarro/Desktop/WRF/Install-WRF-Chem/LIBRARIES/netcdf/include    module_fastj_mie.f90
1.33user 0.11system 0:01.45elapsed 99%CPU (0avgtext+0avgdata 73652maxresident)k
0inputs+944outputs (0major+19933minor)pagefaults 0swaps
rm -f module_cam_mam_calcsize.o
sed -e "s/^\!.*'.*//" -e "s/^ *\!.*'.*//" module_cam_mam_calcsize.F > module_cam_mam_calcsize.G
/lib/cpp -P -nostdinc -I/home/hnavarro/Desktop/WRF/BUILD_WRF/WRF/inc -DEM_CORE=1 -DNMM_CORE=0 -DNMM_MAX_DIM=2600 -DDA_CORE=0 -DWRFPLUS=0 -DIWORDSIZE=4 -DDWORDSIZE=8 -DRWORDSIZE=4 -DLWORDSIZE=4 -DNONSTANDARD_SYSTEM_SUBR  -DWRF_USE_CLM  -DDM_PARALLEL -DNETCDF -DLANDREAD_STUB=1 -DUSE_ALLOCATABLES -Dwrfmodel -DGRIB1 -DINTIO -DKEEP_INT_AROUND -DLIMIT_ARGS -DBUILD_RRTMG_FAST=0 -DBUILD_RRTMK=0 -DBUILD_SBM_FAST=1 -DSHOW_ALL_VARS_USED=0 -DCONFIG_BUF_LEN=65536 -DMAX_DOMAINS_F=21 -DMAX_HISTORY=25 -DNMM_NEST=0 -DWRF_CHEM -DBUILD_CHEM=1 -I. -traditional-cpp   module_cam_mam_calcsize.G  > module_cam_mam_calcsize.bb
/home/hnavarro/Desktop/WRF/BUILD_WRF/WRF/tools/standard.exe module_cam_mam_calcsize.bb | /lib/cpp -P -nostdinc -traditional-cpp > module_cam_mam_calcsize.f90
rm -f module_cam_mam_calcsize.G module_cam_mam_calcsize.bb
time mpif90 -f90=gfortran -o module_cam_mam_calcsize.o -c -O2 -ftree-vectorize -funroll-loops -w -ffree-form -ffree-line-length-none -fconvert=big-endian -frecord-marker=4 -fallow-argument-mismatch -fallow-invalid-boz   -I../dyn_em  -I/home/hnavarro/Desktop/WRF/BUILD_WRF/WRF/external/esmf_time_f90  -I/home/hnavarro/Desktop/WRF/BUILD_WRF/WRF/main -I/home/hnavarro/Desktop/WRF/BUILD_WRF/WRF/external/io_netcdf -I/home/hnavarro/Desktop/WRF/BUILD_WRF/WRF/external/io_int -I/home/hnavarro/Desktop/WRF/BUILD_WRF/WRF/frame -I/home/hnavarro/Desktop/WRF/BUILD_WRF/WRF/share -I/home/hnavarro/Desktop/WRF/BUILD_WRF/WRF/phys -I/home/hnavarro/Desktop/WRF/BUILD_WRF/WRF/wrftladj -I/home/hnavarro/Desktop/WRF/BUILD_WRF/WRF/chem -I/home/hnavarro/Desktop/WRF/BUILD_WRF/WRF/inc -I/home/hnavarro/Desktop/WRF/Install-WRF-Chem/LIBRARIES/netcdf/include    module_cam_mam_calcsize.f90
0.80user 0.06system 0:00.87elapsed 100%CPU (0avgtext+0avgdata 65948maxresident)k
0inputs+400outputs (0major+18107minor)pagefaults 0swaps
rm -f module_cam_mam_gasaerexch.o
sed -e "s/^\!.*'.*//" -e "s/^ *\!.*'.*//" module_cam_mam_gasaerexch.F > module_cam_mam_gasaerexch.G
/lib/cpp -P -nostdinc -I/home/hnavarro/Desktop/WRF/BUILD_WRF/WRF/inc -DEM_CORE=1 -DNMM_CORE=0 -DNMM_MAX_DIM=2600 -DDA_CORE=0 -DWRFPLUS=0 -DIWORDSIZE=4 -DDWORDSIZE=8 -DRWORDSIZE=4 -DLWORDSIZE=4 -DNONSTANDARD_SYSTEM_SUBR  -DWRF_USE_CLM  -DDM_PARALLEL -DNETCDF -DLANDREAD_STUB=1 -DUSE_ALLOCATABLES -Dwrfmodel -DGRIB1 -DINTIO -DKEEP_INT_AROUND -DLIMIT_ARGS -DBUILD_RRTMG_FAST=0 -DBUILD_RRTMK=0 -DBUILD_SBM_FAST=1 -DSHOW_ALL_VARS_USED=0 -DCONFIG_BUF_LEN=65536 -DMAX_DOMAINS_F=21 -DMAX_HISTORY=25 -DNMM_NEST=0 -DWRF_CHEM -DBUILD_CHEM=1 -I. -traditional-cpp   module_cam_mam_gasaerexch.G  > module_cam_mam_gasaerexch.bb
/home/hnavarro/Desktop/WRF/BUILD_WRF/WRF/tools/standard.exe module_cam_mam_gasaerexch.bb | /lib/cpp -P -nostdinc -traditional-cpp > module_cam_mam_gasaerexch.f90
rm -f module_cam_mam_gasaerexch.G module_cam_mam_gasaerexch.bb
time mpif90 -f90=gfortran -o module_cam_mam_gasaerexch.o -c -O2 -ftree-vectorize -funroll-loops -w -ffree-form -ffree-line-length-none -fconvert=big-endian -frecord-marker=4 -fallow-argument-mismatch -fallow-invalid-boz   -I../dyn_em  -I/home/hnavarro/Desktop/WRF/BUILD_WRF/WRF/external/esmf_time_f90  -I/home/hnavarro/Desktop/WRF/BUILD_WRF/WRF/main -I/home/hnavarro/Desktop/WRF/BUILD_WRF/WRF/external/io_netcdf -I/home/hnavarro/Desktop/WRF/BUILD_WRF/WRF/external/io_int -I/home/hnavarro/Desktop/WRF/BUILD_WRF/WRF/frame -I/home/hnavarro/Desktop/WRF/BUILD_WRF/WRF/share -I/home/hnavarro/Desktop/WRF/BUILD_WRF/WRF/phys -I/home/hnavarro/Desktop/WRF/BUILD_WRF/WRF/wrftladj -I/home/hnavarro/Desktop/WRF/BUILD_WRF/WRF/chem -I/home/hnavarro/Desktop/WRF/BUILD_WRF/WRF/inc -I/home/hnavarro/Desktop/WRF/Install-WRF-Chem/LIBRARIES/netcdf/include    module_cam_mam_gasaerexch.f90
3.54user 0.14system 0:03.70elapsed 99%CPU (0avgtext+0avgdata 77940maxresident)k
0inputs+824outputs (0major+23673minor)pagefaults 0swaps
rm -f module_cam_mam_newnuc.o
sed -e "s/^\!.*'.*//" -e "s/^ *\!.*'.*//" module_cam_mam_newnuc.F > module_cam_mam_newnuc.G
/lib/cpp -P -nostdinc -I/home/hnavarro/Desktop/WRF/BUILD_WRF/WRF/inc -DEM_CORE=1 -DNMM_CORE=0 -DNMM_MAX_DIM=2600 -DDA_CORE=0 -DWRFPLUS=0 -DIWORDSIZE=4 -DDWORDSIZE=8 -DRWORDSIZE=4 -DLWORDSIZE=4 -DNONSTANDARD_SYSTEM_SUBR  -DWRF_USE_CLM  -DDM_PARALLEL -DNETCDF -DLANDREAD_STUB=1 -DUSE_ALLOCATABLES -Dwrfmodel -DGRIB1 -DINTIO -DKEEP_INT_AROUND -DLIMIT_ARGS -DBUILD_RRTMG_FAST=0 -DBUILD_RRTMK=0 -DBUILD_SBM_FAST=1 -DSHOW_ALL_VARS_USED=0 -DCONFIG_BUF_LEN=65536 -DMAX_DOMAINS_F=21 -DMAX_HISTORY=25 -DNMM_NEST=0 -DWRF_CHEM -DBUILD_CHEM=1 -I. -traditional-cpp   module_cam_mam_newnuc.G  > module_cam_mam_newnuc.bb
module_cam_mam_newnuc.G:1750: warning: extra tokens at end of #endif directive [-Wendif-labels]
 1750 | #endif ! (defined MODAL_AERO)
      | 
/home/hnavarro/Desktop/WRF/BUILD_WRF/WRF/tools/standard.exe module_cam_mam_newnuc.bb | /lib/cpp -P -nostdinc -traditional-cpp > module_cam_mam_newnuc.f90
rm -f module_cam_mam_newnuc.G module_cam_mam_newnuc.bb
time mpif90 -f90=gfortran -o module_cam_mam_newnuc.o -c -O2 -ftree-vectorize -funroll-loops -w -ffree-form -ffree-line-length-none -fconvert=big-endian -frecord-marker=4 -fallow-argument-mismatch -fallow-invalid-boz   -I../dyn_em  -I/home/hnavarro/Desktop/WRF/BUILD_WRF/WRF/external/esmf_time_f90  -I/home/hnavarro/Desktop/WRF/BUILD_WRF/WRF/main -I/home/hnavarro/Desktop/WRF/BUILD_WRF/WRF/external/io_netcdf -I/home/hnavarro/Desktop/WRF/BUILD_WRF/WRF/external/io_int -I/home/hnavarro/Desktop/WRF/BUILD_WRF/WRF/frame -I/home/hnavarro/Desktop/WRF/BUILD_WRF/WRF/share -I/home/hnavarro/Desktop/WRF/BUILD_WRF/WRF/phys -I/home/hnavarro/Desktop/WRF/BUILD_WRF/WRF/wrftladj -I/home/hnavarro/Desktop/WRF/BUILD_WRF/WRF/chem -I/home/hnavarro/Desktop/WRF/BUILD_WRF/WRF/inc -I/home/hnavarro/Desktop/WRF/Install-WRF-Chem/LIBRARIES/netcdf/include    module_cam_mam_newnuc.f90
1.01user 0.10system 0:01.12elapsed 99%CPU (0avgtext+0avgdata 69356maxresident)k
0inputs+424outputs (0major+18798minor)pagefaults 0swaps
rm -f module_cam_mam_mz_aerosols_intr.o
sed -e "s/^\!.*'.*//" -e "s/^ *\!.*'.*//" module_cam_mam_mz_aerosols_intr.F > module_cam_mam_mz_aerosols_intr.G
/lib/cpp -P -nostdinc -I/home/hnavarro/Desktop/WRF/BUILD_WRF/WRF/inc -DEM_CORE=1 -DNMM_CORE=0 -DNMM_MAX_DIM=2600 -DDA_CORE=0 -DWRFPLUS=0 -DIWORDSIZE=4 -DDWORDSIZE=8 -DRWORDSIZE=4 -DLWORDSIZE=4 -DNONSTANDARD_SYSTEM_SUBR  -DWRF_USE_CLM  -DDM_PARALLEL -DNETCDF -DLANDREAD_STUB=1 -DUSE_ALLOCATABLES -Dwrfmodel -DGRIB1 -DINTIO -DKEEP_INT_AROUND -DLIMIT_ARGS -DBUILD_RRTMG_FAST=0 -DBUILD_RRTMK=0 -DBUILD_SBM_FAST=1 -DSHOW_ALL_VARS_USED=0 -DCONFIG_BUF_LEN=65536 -DMAX_DOMAINS_F=21 -DMAX_HISTORY=25 -DNMM_NEST=0 -DWRF_CHEM -DBUILD_CHEM=1 -I. -traditional-cpp   module_cam_mam_mz_aerosols_intr.G  > module_cam_mam_mz_aerosols_intr.bb
/home/hnavarro/Desktop/WRF/BUILD_WRF/WRF/tools/standard.exe module_cam_mam_mz_aerosols_intr.bb | /lib/cpp -P -nostdinc -traditional-cpp > module_cam_mam_mz_aerosols_intr.f90
rm -f module_cam_mam_mz_aerosols_intr.G module_cam_mam_mz_aerosols_intr.bb
time mpif90 -f90=gfortran -o module_cam_mam_mz_aerosols_intr.o -c -O2 -ftree-vectorize -funroll-loops -w -ffree-form -ffree-line-length-none -fconvert=big-endian -frecord-marker=4 -fallow-argument-mismatch -fallow-invalid-boz   -I../dyn_em  -I/home/hnavarro/Desktop/WRF/BUILD_WRF/WRF/external/esmf_time_f90  -I/home/hnavarro/Desktop/WRF/BUILD_WRF/WRF/main -I/home/hnavarro/Desktop/WRF/BUILD_WRF/WRF/external/io_netcdf -I/home/hnavarro/Desktop/WRF/BUILD_WRF/WRF/external/io_int -I/home/hnavarro/Desktop/WRF/BUILD_WRF/WRF/frame -I/home/hnavarro/Desktop/WRF/BUILD_WRF/WRF/share -I/home/hnavarro/Desktop/WRF/BUILD_WRF/WRF/phys -I/home/hnavarro/Desktop/WRF/BUILD_WRF/WRF/wrftladj -I/home/hnavarro/Desktop/WRF/BUILD_WRF/WRF/chem -I/home/hnavarro/Desktop/WRF/BUILD_WRF/WRF/inc -I/home/hnavarro/Desktop/WRF/Install-WRF-Chem/LIBRARIES/netcdf/include    module_cam_mam_mz_aerosols_intr.f90
0.32user 0.04system 0:00.37elapsed 100%CPU (0avgtext+0avgdata 41072maxresident)k
0inputs+320outputs (0major+11213minor)pagefaults 0swaps
rm -f module_cam_mam_setsox.o
sed -e "s/^\!.*'.*//" -e "s/^ *\!.*'.*//" module_cam_mam_setsox.F > module_cam_mam_setsox.G
/lib/cpp -P -nostdinc -I/home/hnavarro/Desktop/WRF/BUILD_WRF/WRF/inc -DEM_CORE=1 -DNMM_CORE=0 -DNMM_MAX_DIM=2600 -DDA_CORE=0 -DWRFPLUS=0 -DIWORDSIZE=4 -DDWORDSIZE=8 -DRWORDSIZE=4 -DLWORDSIZE=4 -DNONSTANDARD_SYSTEM_SUBR  -DWRF_USE_CLM  -DDM_PARALLEL -DNETCDF -DLANDREAD_STUB=1 -DUSE_ALLOCATABLES -Dwrfmodel -DGRIB1 -DINTIO -DKEEP_INT_AROUND -DLIMIT_ARGS -DBUILD_RRTMG_FAST=0 -DBUILD_RRTMK=0 -DBUILD_SBM_FAST=1 -DSHOW_ALL_VARS_USED=0 -DCONFIG_BUF_LEN=65536 -DMAX_DOMAINS_F=21 -DMAX_HISTORY=25 -DNMM_NEST=0 -DWRF_CHEM -DBUILD_CHEM=1 -I. -traditional-cpp   module_cam_mam_setsox.G  > module_cam_mam_setsox.bb
/home/hnavarro/Desktop/WRF/BUILD_WRF/WRF/tools/standard.exe module_cam_mam_setsox.bb | /lib/cpp -P -nostdinc -traditional-cpp > module_cam_mam_setsox.f90
rm -f module_cam_mam_setsox.G module_cam_mam_setsox.bb
time mpif90 -f90=gfortran -o module_cam_mam_setsox.o -c -O2 -ftree-vectorize -funroll-loops -w -ffree-form -ffree-line-length-none -fconvert=big-endian -frecord-marker=4 -fallow-argument-mismatch -fallow-invalid-boz   -I../dyn_em  -I/home/hnavarro/Desktop/WRF/BUILD_WRF/WRF/external/esmf_time_f90  -I/home/hnavarro/Desktop/WRF/BUILD_WRF/WRF/main -I/home/hnavarro/Desktop/WRF/BUILD_WRF/WRF/external/io_netcdf -I/home/hnavarro/Desktop/WRF/BUILD_WRF/WRF/external/io_int -I/home/hnavarro/Desktop/WRF/BUILD_WRF/WRF/frame -I/home/hnavarro/Desktop/WRF/BUILD_WRF/WRF/share -I/home/hnavarro/Desktop/WRF/BUILD_WRF/WRF/phys -I/home/hnavarro/Desktop/WRF/BUILD_WRF/WRF/wrftladj -I/home/hnavarro/Desktop/WRF/BUILD_WRF/WRF/chem -I/home/hnavarro/Desktop/WRF/BUILD_WRF/WRF/inc -I/home/hnavarro/Desktop/WRF/Install-WRF-Chem/LIBRARIES/netcdf/include    module_cam_mam_setsox.f90
0.79user 0.06system 0:00.86elapsed 98%CPU (0avgtext+0avgdata 64152maxresident)k
0inputs+384outputs (0major+17816minor)pagefaults 0swaps
rm -f module_cam_mam_mo_sethet.o
sed -e "s/^\!.*'.*//" -e "s/^ *\!.*'.*//" module_cam_mam_mo_sethet.F > module_cam_mam_mo_sethet.G
/lib/cpp -P -nostdinc -I/home/hnavarro/Desktop/WRF/BUILD_WRF/WRF/inc -DEM_CORE=1 -DNMM_CORE=0 -DNMM_MAX_DIM=2600 -DDA_CORE=0 -DWRFPLUS=0 -DIWORDSIZE=4 -DDWORDSIZE=8 -DRWORDSIZE=4 -DLWORDSIZE=4 -DNONSTANDARD_SYSTEM_SUBR  -DWRF_USE_CLM  -DDM_PARALLEL -DNETCDF -DLANDREAD_STUB=1 -DUSE_ALLOCATABLES -Dwrfmodel -DGRIB1 -DINTIO -DKEEP_INT_AROUND -DLIMIT_ARGS -DBUILD_RRTMG_FAST=0 -DBUILD_RRTMK=0 -DBUILD_SBM_FAST=1 -DSHOW_ALL_VARS_USED=0 -DCONFIG_BUF_LEN=65536 -DMAX_DOMAINS_F=21 -DMAX_HISTORY=25 -DNMM_NEST=0 -DWRF_CHEM -DBUILD_CHEM=1 -I. -traditional-cpp   module_cam_mam_mo_sethet.G  > module_cam_mam_mo_sethet.bb
/home/hnavarro/Desktop/WRF/BUILD_WRF/WRF/tools/standard.exe module_cam_mam_mo_sethet.bb | /lib/cpp -P -nostdinc -traditional-cpp > module_cam_mam_mo_sethet.f90
rm -f module_cam_mam_mo_sethet.G module_cam_mam_mo_sethet.bb
time mpif90 -f90=gfortran -o module_cam_mam_mo_sethet.o -c -O2 -ftree-vectorize -funroll-loops -w -ffree-form -ffree-line-length-none -fconvert=big-endian -frecord-marker=4 -fallow-argument-mismatch -fallow-invalid-boz   -I../dyn_em  -I/home/hnavarro/Desktop/WRF/BUILD_WRF/WRF/external/esmf_time_f90  -I/home/hnavarro/Desktop/WRF/BUILD_WRF/WRF/main -I/home/hnavarro/Desktop/WRF/BUILD_WRF/WRF/external/io_netcdf -I/home/hnavarro/Desktop/WRF/BUILD_WRF/WRF/external/io_int -I/home/hnavarro/Desktop/WRF/BUILD_WRF/WRF/frame -I/home/hnavarro/Desktop/WRF/BUILD_WRF/WRF/share -I/home/hnavarro/Desktop/WRF/BUILD_WRF/WRF/phys -I/home/hnavarro/Desktop/WRF/BUILD_WRF/WRF/wrftladj -I/home/hnavarro/Desktop/WRF/BUILD_WRF/WRF/chem -I/home/hnavarro/Desktop/WRF/BUILD_WRF/WRF/inc -I/home/hnavarro/Desktop/WRF/Install-WRF-Chem/LIBRARIES/netcdf/include    module_cam_mam_mo_sethet.f90
0.61user 0.08system 0:00.70elapsed 99%CPU (0avgtext+0avgdata 59920maxresident)k
0inputs+344outputs (0major+17047minor)pagefaults 0swaps
rm -f module_mosaic_gly.o
sed -e "s/^\!.*'.*//" -e "s/^ *\!.*'.*//" module_mosaic_gly.F > module_mosaic_gly.G
/lib/cpp -P -nostdinc -I/home/hnavarro/Desktop/WRF/BUILD_WRF/WRF/inc -DEM_CORE=1 -DNMM_CORE=0 -DNMM_MAX_DIM=2600 -DDA_CORE=0 -DWRFPLUS=0 -DIWORDSIZE=4 -DDWORDSIZE=8 -DRWORDSIZE=4 -DLWORDSIZE=4 -DNONSTANDARD_SYSTEM_SUBR  -DWRF_USE_CLM  -DDM_PARALLEL -DNETCDF -DLANDREAD_STUB=1 -DUSE_ALLOCATABLES -Dwrfmodel -DGRIB1 -DINTIO -DKEEP_INT_AROUND -DLIMIT_ARGS -DBUILD_RRTMG_FAST=0 -DBUILD_RRTMK=0 -DBUILD_SBM_FAST=1 -DSHOW_ALL_VARS_USED=0 -DCONFIG_BUF_LEN=65536 -DMAX_DOMAINS_F=21 -DMAX_HISTORY=25 -DNMM_NEST=0 -DWRF_CHEM -DBUILD_CHEM=1 -I. -traditional-cpp   module_mosaic_gly.G  > module_mosaic_gly.bb
/home/hnavarro/Desktop/WRF/BUILD_WRF/WRF/tools/standard.exe module_mosaic_gly.bb | /lib/cpp -P -nostdinc -traditional-cpp > module_mosaic_gly.f90
rm -f module_mosaic_gly.G module_mosaic_gly.bb
time mpif90 -f90=gfortran -o module_mosaic_gly.o -c -O2 -ftree-vectorize -funroll-loops -w -ffree-form -ffree-line-length-none -fconvert=big-endian -frecord-marker=4 -fallow-argument-mismatch -fallow-invalid-boz   -I../dyn_em  -I/home/hnavarro/Desktop/WRF/BUILD_WRF/WRF/external/esmf_time_f90  -I/home/hnavarro/Desktop/WRF/BUILD_WRF/WRF/main -I/home/hnavarro/Desktop/WRF/BUILD_WRF/WRF/external/io_netcdf -I/home/hnavarro/Desktop/WRF/BUILD_WRF/WRF/external/io_int -I/home/hnavarro/Desktop/WRF/BUILD_WRF/WRF/frame -I/home/hnavarro/Desktop/WRF/BUILD_WRF/WRF/share -I/home/hnavarro/Desktop/WRF/BUILD_WRF/WRF/phys -I/home/hnavarro/Desktop/WRF/BUILD_WRF/WRF/wrftladj -I/home/hnavarro/Desktop/WRF/BUILD_WRF/WRF/chem -I/home/hnavarro/Desktop/WRF/BUILD_WRF/WRF/inc -I/home/hnavarro/Desktop/WRF/Install-WRF-Chem/LIBRARIES/netcdf/include    module_mosaic_gly.f90
0.11user 0.06system 0:00.18elapsed 101%CPU (0avgtext+0avgdata 33024maxresident)k
0inputs+104outputs (0major+8896minor)pagefaults 0swaps
rm -f rdxs.o
sed -e "s/^\!.*'.*//" -e "s/^ *\!.*'.*//" rdxs.F > rdxs.G
/lib/cpp -P -nostdinc -I/home/hnavarro/Desktop/WRF/BUILD_WRF/WRF/inc -DEM_CORE=1 -DNMM_CORE=0 -DNMM_MAX_DIM=2600 -DDA_CORE=0 -DWRFPLUS=0 -DIWORDSIZE=4 -DDWORDSIZE=8 -DRWORDSIZE=4 -DLWORDSIZE=4 -DNONSTANDARD_SYSTEM_SUBR  -DWRF_USE_CLM  -DDM_PARALLEL -DNETCDF -DLANDREAD_STUB=1 -DUSE_ALLOCATABLES -Dwrfmodel -DGRIB1 -DINTIO -DKEEP_INT_AROUND -DLIMIT_ARGS -DBUILD_RRTMG_FAST=0 -DBUILD_RRTMK=0 -DBUILD_SBM_FAST=1 -DSHOW_ALL_VARS_USED=0 -DCONFIG_BUF_LEN=65536 -DMAX_DOMAINS_F=21 -DMAX_HISTORY=25 -DNMM_NEST=0 -DWRF_CHEM -DBUILD_CHEM=1 -I. -traditional-cpp   rdxs.G  > rdxs.bb
/home/hnavarro/Desktop/WRF/BUILD_WRF/WRF/tools/standard.exe rdxs.bb | /lib/cpp -P -nostdinc -traditional-cpp > rdxs.f90
rm -f rdxs.G rdxs.bb
time mpif90 -f90=gfortran -o rdxs.o -c -O2 -ftree-vectorize -funroll-loops -w -ffree-form -ffree-line-length-none -fconvert=big-endian -frecord-marker=4 -fallow-argument-mismatch -fallow-invalid-boz   -I../dyn_em  -I/home/hnavarro/Desktop/WRF/BUILD_WRF/WRF/external/esmf_time_f90  -I/home/hnavarro/Desktop/WRF/BUILD_WRF/WRF/main -I/home/hnavarro/Desktop/WRF/BUILD_WRF/WRF/external/io_netcdf -I/home/hnavarro/Desktop/WRF/BUILD_WRF/WRF/external/io_int -I/home/hnavarro/Desktop/WRF/BUILD_WRF/WRF/frame -I/home/hnavarro/Desktop/WRF/BUILD_WRF/WRF/share -I/home/hnavarro/Desktop/WRF/BUILD_WRF/WRF/phys -I/home/hnavarro/Desktop/WRF/BUILD_WRF/WRF/wrftladj -I/home/hnavarro/Desktop/WRF/BUILD_WRF/WRF/chem -I/home/hnavarro/Desktop/WRF/BUILD_WRF/WRF/inc -I/home/hnavarro/Desktop/WRF/Install-WRF-Chem/LIBRARIES/netcdf/include    rdxs.f90
0.68user 0.07system 0:00.76elapsed 99%CPU (0avgtext+0avgdata 77560maxresident)k
0inputs+496outputs (2major+20878minor)pagefaults 0swaps
rm -f la_srb.o
sed -e "s/^\!.*'.*//" -e "s/^ *\!.*'.*//" la_srb.F > la_srb.G
/lib/cpp -P -nostdinc -I/home/hnavarro/Desktop/WRF/BUILD_WRF/WRF/inc -DEM_CORE=1 -DNMM_CORE=0 -DNMM_MAX_DIM=2600 -DDA_CORE=0 -DWRFPLUS=0 -DIWORDSIZE=4 -DDWORDSIZE=8 -DRWORDSIZE=4 -DLWORDSIZE=4 -DNONSTANDARD_SYSTEM_SUBR  -DWRF_USE_CLM  -DDM_PARALLEL -DNETCDF -DLANDREAD_STUB=1 -DUSE_ALLOCATABLES -Dwrfmodel -DGRIB1 -DINTIO -DKEEP_INT_AROUND -DLIMIT_ARGS -DBUILD_RRTMG_FAST=0 -DBUILD_RRTMK=0 -DBUILD_SBM_FAST=1 -DSHOW_ALL_VARS_USED=0 -DCONFIG_BUF_LEN=65536 -DMAX_DOMAINS_F=21 -DMAX_HISTORY=25 -DNMM_NEST=0 -DWRF_CHEM -DBUILD_CHEM=1 -I. -traditional-cpp   la_srb.G  > la_srb.bb
/home/hnavarro/Desktop/WRF/BUILD_WRF/WRF/tools/standard.exe la_srb.bb | /lib/cpp -P -nostdinc -traditional-cpp > la_srb.f90
rm -f la_srb.G la_srb.bb
time mpif90 -f90=gfortran -o la_srb.o -c -O2 -ftree-vectorize -funroll-loops -w -ffree-form -ffree-line-length-none -fconvert=big-endian -frecord-marker=4 -fallow-argument-mismatch -fallow-invalid-boz   -I../dyn_em  -I/home/hnavarro/Desktop/WRF/BUILD_WRF/WRF/external/esmf_time_f90  -I/home/hnavarro/Desktop/WRF/BUILD_WRF/WRF/main -I/home/hnavarro/Desktop/WRF/BUILD_WRF/WRF/external/io_netcdf -I/home/hnavarro/Desktop/WRF/BUILD_WRF/WRF/external/io_int -I/home/hnavarro/Desktop/WRF/BUILD_WRF/WRF/frame -I/home/hnavarro/Desktop/WRF/BUILD_WRF/WRF/share -I/home/hnavarro/Desktop/WRF/BUILD_WRF/WRF/phys -I/home/hnavarro/Desktop/WRF/BUILD_WRF/WRF/wrftladj -I/home/hnavarro/Desktop/WRF/BUILD_WRF/WRF/chem -I/home/hnavarro/Desktop/WRF/BUILD_WRF/WRF/inc -I/home/hnavarro/Desktop/WRF/Install-WRF-Chem/LIBRARIES/netcdf/include    la_srb.f90
0.55user 0.04system 0:00.60elapsed 100%CPU (0avgtext+0avgdata 56008maxresident)k
0inputs+656outputs (0major+15798minor)pagefaults 0swaps
rm -f rtrans.o
sed -e "s/^\!.*'.*//" -e "s/^ *\!.*'.*//" rtrans.F > rtrans.G
/lib/cpp -P -nostdinc -I/home/hnavarro/Desktop/WRF/BUILD_WRF/WRF/inc -DEM_CORE=1 -DNMM_CORE=0 -DNMM_MAX_DIM=2600 -DDA_CORE=0 -DWRFPLUS=0 -DIWORDSIZE=4 -DDWORDSIZE=8 -DRWORDSIZE=4 -DLWORDSIZE=4 -DNONSTANDARD_SYSTEM_SUBR  -DWRF_USE_CLM  -DDM_PARALLEL -DNETCDF -DLANDREAD_STUB=1 -DUSE_ALLOCATABLES -Dwrfmodel -DGRIB1 -DINTIO -DKEEP_INT_AROUND -DLIMIT_ARGS -DBUILD_RRTMG_FAST=0 -DBUILD_RRTMK=0 -DBUILD_SBM_FAST=1 -DSHOW_ALL_VARS_USED=0 -DCONFIG_BUF_LEN=65536 -DMAX_DOMAINS_F=21 -DMAX_HISTORY=25 -DNMM_NEST=0 -DWRF_CHEM -DBUILD_CHEM=1 -I. -traditional-cpp   rtrans.G  > rtrans.bb
/home/hnavarro/Desktop/WRF/BUILD_WRF/WRF/tools/standard.exe rtrans.bb | /lib/cpp -P -nostdinc -traditional-cpp > rtrans.f90
rm -f rtrans.G rtrans.bb
time mpif90 -f90=gfortran -o rtrans.o -c -O2 -ftree-vectorize -funroll-loops -w -ffree-form -ffree-line-length-none -fconvert=big-endian -frecord-marker=4 -fallow-argument-mismatch -fallow-invalid-boz   -I../dyn_em  -I/home/hnavarro/Desktop/WRF/BUILD_WRF/WRF/external/esmf_time_f90  -I/home/hnavarro/Desktop/WRF/BUILD_WRF/WRF/main -I/home/hnavarro/Desktop/WRF/BUILD_WRF/WRF/external/io_netcdf -I/home/hnavarro/Desktop/WRF/BUILD_WRF/WRF/external/io_int -I/home/hnavarro/Desktop/WRF/BUILD_WRF/WRF/frame -I/home/hnavarro/Desktop/WRF/BUILD_WRF/WRF/share -I/home/hnavarro/Desktop/WRF/BUILD_WRF/WRF/phys -I/home/hnavarro/Desktop/WRF/BUILD_WRF/WRF/wrftladj -I/home/hnavarro/Desktop/WRF/BUILD_WRF/WRF/chem -I/home/hnavarro/Desktop/WRF/BUILD_WRF/WRF/inc -I/home/hnavarro/Desktop/WRF/Install-WRF-Chem/LIBRARIES/netcdf/include    rtrans.f90
0.34user 0.05system 0:00.40elapsed 100%CPU (0avgtext+0avgdata 47732maxresident)k
0inputs+216outputs (0major+13012minor)pagefaults 0swaps
rm -f module_cbmz_rodas_prep.o
sed -e "s/^\!.*'.*//" -e "s/^ *\!.*'.*//" module_cbmz_rodas_prep.F > module_cbmz_rodas_prep.G
/lib/cpp -P -nostdinc -I/home/hnavarro/Desktop/WRF/BUILD_WRF/WRF/inc -DEM_CORE=1 -DNMM_CORE=0 -DNMM_MAX_DIM=2600 -DDA_CORE=0 -DWRFPLUS=0 -DIWORDSIZE=4 -DDWORDSIZE=8 -DRWORDSIZE=4 -DLWORDSIZE=4 -DNONSTANDARD_SYSTEM_SUBR  -DWRF_USE_CLM  -DDM_PARALLEL -DNETCDF -DLANDREAD_STUB=1 -DUSE_ALLOCATABLES -Dwrfmodel -DGRIB1 -DINTIO -DKEEP_INT_AROUND -DLIMIT_ARGS -DBUILD_RRTMG_FAST=0 -DBUILD_RRTMK=0 -DBUILD_SBM_FAST=1 -DSHOW_ALL_VARS_USED=0 -DCONFIG_BUF_LEN=65536 -DMAX_DOMAINS_F=21 -DMAX_HISTORY=25 -DNMM_NEST=0 -DWRF_CHEM -DBUILD_CHEM=1 -I. -traditional-cpp   module_cbmz_rodas_prep.G  > module_cbmz_rodas_prep.bb
/home/hnavarro/Desktop/WRF/BUILD_WRF/WRF/tools/standard.exe module_cbmz_rodas_prep.bb | /lib/cpp -P -nostdinc -traditional-cpp > module_cbmz_rodas_prep.f90
rm -f module_cbmz_rodas_prep.G module_cbmz_rodas_prep.bb
time mpif90 -f90=gfortran -o module_cbmz_rodas_prep.o -c -O2 -ftree-vectorize -funroll-loops -w -ffree-form -ffree-line-length-none -fconvert=big-endian -frecord-marker=4 -fallow-argument-mismatch -fallow-invalid-boz   -I../dyn_em  -I/home/hnavarro/Desktop/WRF/BUILD_WRF/WRF/external/esmf_time_f90  -I/home/hnavarro/Desktop/WRF/BUILD_WRF/WRF/main -I/home/hnavarro/Desktop/WRF/BUILD_WRF/WRF/external/io_netcdf -I/home/hnavarro/Desktop/WRF/BUILD_WRF/WRF/external/io_int -I/home/hnavarro/Desktop/WRF/BUILD_WRF/WRF/frame -I/home/hnavarro/Desktop/WRF/BUILD_WRF/WRF/share -I/home/hnavarro/Desktop/WRF/BUILD_WRF/WRF/phys -I/home/hnavarro/Desktop/WRF/BUILD_WRF/WRF/wrftladj -I/home/hnavarro/Desktop/WRF/BUILD_WRF/WRF/chem -I/home/hnavarro/Desktop/WRF/BUILD_WRF/WRF/inc -I/home/hnavarro/Desktop/WRF/Install-WRF-Chem/LIBRARIES/netcdf/include    module_cbmz_rodas_prep.f90
0.39user 0.06system 0:00.45elapsed 98%CPU (0avgtext+0avgdata 52404maxresident)k
0inputs+280outputs (0major+14164minor)pagefaults 0swaps
rm -f module_lightning_nox_driver.o
sed -e "s/^\!.*'.*//" -e "s/^ *\!.*'.*//" module_lightning_nox_driver.F > module_lightning_nox_driver.G
/lib/cpp -P -nostdinc -I/home/hnavarro/Desktop/WRF/BUILD_WRF/WRF/inc -DEM_CORE=1 -DNMM_CORE=0 -DNMM_MAX_DIM=2600 -DDA_CORE=0 -DWRFPLUS=0 -DIWORDSIZE=4 -DDWORDSIZE=8 -DRWORDSIZE=4 -DLWORDSIZE=4 -DNONSTANDARD_SYSTEM_SUBR  -DWRF_USE_CLM  -DDM_PARALLEL -DNETCDF -DLANDREAD_STUB=1 -DUSE_ALLOCATABLES -Dwrfmodel -DGRIB1 -DINTIO -DKEEP_INT_AROUND -DLIMIT_ARGS -DBUILD_RRTMG_FAST=0 -DBUILD_RRTMK=0 -DBUILD_SBM_FAST=1 -DSHOW_ALL_VARS_USED=0 -DCONFIG_BUF_LEN=65536 -DMAX_DOMAINS_F=21 -DMAX_HISTORY=25 -DNMM_NEST=0 -DWRF_CHEM -DBUILD_CHEM=1 -I. -traditional-cpp   module_lightning_nox_driver.G  > module_lightning_nox_driver.bb
/home/hnavarro/Desktop/WRF/BUILD_WRF/WRF/tools/standard.exe module_lightning_nox_driver.bb | /lib/cpp -P -nostdinc -traditional-cpp > module_lightning_nox_driver.f90
rm -f module_lightning_nox_driver.G module_lightning_nox_driver.bb
time mpif90 -f90=gfortran -o module_lightning_nox_driver.o -c -O2 -ftree-vectorize -funroll-loops -w -ffree-form -ffree-line-length-none -fconvert=big-endian -frecord-marker=4 -fallow-argument-mismatch -fallow-invalid-boz   -I../dyn_em  -I/home/hnavarro/Desktop/WRF/BUILD_WRF/WRF/external/esmf_time_f90  -I/home/hnavarro/Desktop/WRF/BUILD_WRF/WRF/main -I/home/hnavarro/Desktop/WRF/BUILD_WRF/WRF/external/io_netcdf -I/home/hnavarro/Desktop/WRF/BUILD_WRF/WRF/external/io_int -I/home/hnavarro/Desktop/WRF/BUILD_WRF/WRF/frame -I/home/hnavarro/Desktop/WRF/BUILD_WRF/WRF/share -I/home/hnavarro/Desktop/WRF/BUILD_WRF/WRF/phys -I/home/hnavarro/Desktop/WRF/BUILD_WRF/WRF/wrftladj -I/home/hnavarro/Desktop/WRF/BUILD_WRF/WRF/chem -I/home/hnavarro/Desktop/WRF/BUILD_WRF/WRF/inc -I/home/hnavarro/Desktop/WRF/Install-WRF-Chem/LIBRARIES/netcdf/include    module_lightning_nox_driver.f90
0.85user 0.05system 0:00.90elapsed 99%CPU (0avgtext+0avgdata 42976maxresident)k
0inputs+160outputs (0major+13476minor)pagefaults 0swaps
rm -f module_optical_averaging.o
sed -e "s/^\!.*'.*//" -e "s/^ *\!.*'.*//" module_optical_averaging.F > module_optical_averaging.G
/lib/cpp -P -nostdinc -I/home/hnavarro/Desktop/WRF/BUILD_WRF/WRF/inc -DEM_CORE=1 -DNMM_CORE=0 -DNMM_MAX_DIM=2600 -DDA_CORE=0 -DWRFPLUS=0 -DIWORDSIZE=4 -DDWORDSIZE=8 -DRWORDSIZE=4 -DLWORDSIZE=4 -DNONSTANDARD_SYSTEM_SUBR  -DWRF_USE_CLM  -DDM_PARALLEL -DNETCDF -DLANDREAD_STUB=1 -DUSE_ALLOCATABLES -Dwrfmodel -DGRIB1 -DINTIO -DKEEP_INT_AROUND -DLIMIT_ARGS -DBUILD_RRTMG_FAST=0 -DBUILD_RRTMK=0 -DBUILD_SBM_FAST=1 -DSHOW_ALL_VARS_USED=0 -DCONFIG_BUF_LEN=65536 -DMAX_DOMAINS_F=21 -DMAX_HISTORY=25 -DNMM_NEST=0 -DWRF_CHEM -DBUILD_CHEM=1 -I. -traditional-cpp   module_optical_averaging.G  > module_optical_averaging.bb
/home/hnavarro/Desktop/WRF/BUILD_WRF/WRF/tools/standard.exe module_optical_averaging.bb | /lib/cpp -P -nostdinc -traditional-cpp > module_optical_averaging.f90
rm -f module_optical_averaging.G module_optical_averaging.bb
time mpif90 -f90=gfortran -o module_optical_averaging.o -c -O2 -ftree-vectorize -funroll-loops -w -ffree-form -ffree-line-length-none -fconvert=big-endian -frecord-marker=4 -fallow-argument-mismatch -fallow-invalid-boz   -I../dyn_em  -I/home/hnavarro/Desktop/WRF/BUILD_WRF/WRF/external/esmf_time_f90  -I/home/hnavarro/Desktop/WRF/BUILD_WRF/WRF/main -I/home/hnavarro/Desktop/WRF/BUILD_WRF/WRF/external/io_netcdf -I/home/hnavarro/Desktop/WRF/BUILD_WRF/WRF/external/io_int -I/home/hnavarro/Desktop/WRF/BUILD_WRF/WRF/frame -I/home/hnavarro/Desktop/WRF/BUILD_WRF/WRF/share -I/home/hnavarro/Desktop/WRF/BUILD_WRF/WRF/phys -I/home/hnavarro/Desktop/WRF/BUILD_WRF/WRF/wrftladj -I/home/hnavarro/Desktop/WRF/BUILD_WRF/WRF/chem -I/home/hnavarro/Desktop/WRF/BUILD_WRF/WRF/inc -I/home/hnavarro/Desktop/WRF/Install-WRF-Chem/LIBRARIES/netcdf/include    module_optical_averaging.f90
4.52user 0.13system 0:04.67elapsed 99%CPU (0avgtext+0avgdata 196224maxresident)k
0inputs+2408outputs (0major+49837minor)pagefaults 0swaps
rm -f module_cam_mam_wetscav.o
sed -e "s/^\!.*'.*//" -e "s/^ *\!.*'.*//" module_cam_mam_wetscav.F > module_cam_mam_wetscav.G
/lib/cpp -P -nostdinc -I/home/hnavarro/Desktop/WRF/BUILD_WRF/WRF/inc -DEM_CORE=1 -DNMM_CORE=0 -DNMM_MAX_DIM=2600 -DDA_CORE=0 -DWRFPLUS=0 -DIWORDSIZE=4 -DDWORDSIZE=8 -DRWORDSIZE=4 -DLWORDSIZE=4 -DNONSTANDARD_SYSTEM_SUBR  -DWRF_USE_CLM  -DDM_PARALLEL -DNETCDF -DLANDREAD_STUB=1 -DUSE_ALLOCATABLES -Dwrfmodel -DGRIB1 -DINTIO -DKEEP_INT_AROUND -DLIMIT_ARGS -DBUILD_RRTMG_FAST=0 -DBUILD_RRTMK=0 -DBUILD_SBM_FAST=1 -DSHOW_ALL_VARS_USED=0 -DCONFIG_BUF_LEN=65536 -DMAX_DOMAINS_F=21 -DMAX_HISTORY=25 -DNMM_NEST=0 -DWRF_CHEM -DBUILD_CHEM=1 -I. -traditional-cpp   module_cam_mam_wetscav.G  > module_cam_mam_wetscav.bb
/home/hnavarro/Desktop/WRF/BUILD_WRF/WRF/tools/standard.exe module_cam_mam_wetscav.bb | /lib/cpp -P -nostdinc -traditional-cpp > module_cam_mam_wetscav.f90
rm -f module_cam_mam_wetscav.G module_cam_mam_wetscav.bb
time mpif90 -f90=gfortran -o module_cam_mam_wetscav.o -c -O2 -ftree-vectorize -funroll-loops -w -ffree-form -ffree-line-length-none -fconvert=big-endian -frecord-marker=4 -fallow-argument-mismatch -fallow-invalid-boz   -I../dyn_em  -I/home/hnavarro/Desktop/WRF/BUILD_WRF/WRF/external/esmf_time_f90  -I/home/hnavarro/Desktop/WRF/BUILD_WRF/WRF/main -I/home/hnavarro/Desktop/WRF/BUILD_WRF/WRF/external/io_netcdf -I/home/hnavarro/Desktop/WRF/BUILD_WRF/WRF/external/io_int -I/home/hnavarro/Desktop/WRF/BUILD_WRF/WRF/frame -I/home/hnavarro/Desktop/WRF/BUILD_WRF/WRF/share -I/home/hnavarro/Desktop/WRF/BUILD_WRF/WRF/phys -I/home/hnavarro/Desktop/WRF/BUILD_WRF/WRF/wrftladj -I/home/hnavarro/Desktop/WRF/BUILD_WRF/WRF/chem -I/home/hnavarro/Desktop/WRF/BUILD_WRF/WRF/inc -I/home/hnavarro/Desktop/WRF/Install-WRF-Chem/LIBRARIES/netcdf/include    module_cam_mam_wetscav.f90
0.38user 0.05system 0:00.44elapsed 99%CPU (0avgtext+0avgdata 52104maxresident)k
0inputs+256outputs (0major+15221minor)pagefaults 0swaps
rm -f isofwd.o
sed -e "s/^\!.*'.*//" -e "s/^ *\!.*'.*//" isofwd.F > isofwd.G
/lib/cpp -P -nostdinc -I/home/hnavarro/Desktop/WRF/BUILD_WRF/WRF/inc -DEM_CORE=1 -DNMM_CORE=0 -DNMM_MAX_DIM=2600 -DDA_CORE=0 -DWRFPLUS=0 -DIWORDSIZE=4 -DDWORDSIZE=8 -DRWORDSIZE=4 -DLWORDSIZE=4 -DNONSTANDARD_SYSTEM_SUBR  -DWRF_USE_CLM  -DDM_PARALLEL -DNETCDF -DLANDREAD_STUB=1 -DUSE_ALLOCATABLES -Dwrfmodel -DGRIB1 -DINTIO -DKEEP_INT_AROUND -DLIMIT_ARGS -DBUILD_RRTMG_FAST=0 -DBUILD_RRTMK=0 -DBUILD_SBM_FAST=1 -DSHOW_ALL_VARS_USED=0 -DCONFIG_BUF_LEN=65536 -DMAX_DOMAINS_F=21 -DMAX_HISTORY=25 -DNMM_NEST=0 -DWRF_CHEM -DBUILD_CHEM=1 -I. -traditional-cpp   isofwd.G  > isofwd.bb
/home/hnavarro/Desktop/WRF/BUILD_WRF/WRF/tools/standard.exe isofwd.bb | /lib/cpp -P -nostdinc -traditional-cpp > isofwd.f90
rm -f isofwd.G isofwd.bb
time mpif90 -f90=gfortran -o isofwd.o -c -O2 -ftree-vectorize -funroll-loops -w -ffree-form -ffree-line-length-none -fconvert=big-endian -frecord-marker=4 -fallow-argument-mismatch -fallow-invalid-boz   -I../dyn_em  -I/home/hnavarro/Desktop/WRF/BUILD_WRF/WRF/external/esmf_time_f90  -I/home/hnavarro/Desktop/WRF/BUILD_WRF/WRF/main -I/home/hnavarro/Desktop/WRF/BUILD_WRF/WRF/external/io_netcdf -I/home/hnavarro/Desktop/WRF/BUILD_WRF/WRF/external/io_int -I/home/hnavarro/Desktop/WRF/BUILD_WRF/WRF/frame -I/home/hnavarro/Desktop/WRF/BUILD_WRF/WRF/share -I/home/hnavarro/Desktop/WRF/BUILD_WRF/WRF/phys -I/home/hnavarro/Desktop/WRF/BUILD_WRF/WRF/wrftladj -I/home/hnavarro/Desktop/WRF/BUILD_WRF/WRF/chem -I/home/hnavarro/Desktop/WRF/BUILD_WRF/WRF/inc -I/home/hnavarro/Desktop/WRF/Install-WRF-Chem/LIBRARIES/netcdf/include    isofwd.f90
1.07user 0.07system 0:01.14elapsed 99%CPU (0avgtext+0avgdata 62464maxresident)k
0inputs+1368outputs (0major+16937minor)pagefaults 0swaps
rm -f isorev.o
sed -e "s/^\!.*'.*//" -e "s/^ *\!.*'.*//" isorev.F > isorev.G
/lib/cpp -P -nostdinc -I/home/hnavarro/Desktop/WRF/BUILD_WRF/WRF/inc -DEM_CORE=1 -DNMM_CORE=0 -DNMM_MAX_DIM=2600 -DDA_CORE=0 -DWRFPLUS=0 -DIWORDSIZE=4 -DDWORDSIZE=8 -DRWORDSIZE=4 -DLWORDSIZE=4 -DNONSTANDARD_SYSTEM_SUBR  -DWRF_USE_CLM  -DDM_PARALLEL -DNETCDF -DLANDREAD_STUB=1 -DUSE_ALLOCATABLES -Dwrfmodel -DGRIB1 -DINTIO -DKEEP_INT_AROUND -DLIMIT_ARGS -DBUILD_RRTMG_FAST=0 -DBUILD_RRTMK=0 -DBUILD_SBM_FAST=1 -DSHOW_ALL_VARS_USED=0 -DCONFIG_BUF_LEN=65536 -DMAX_DOMAINS_F=21 -DMAX_HISTORY=25 -DNMM_NEST=0 -DWRF_CHEM -DBUILD_CHEM=1 -I. -traditional-cpp   isorev.G  > isorev.bb
/home/hnavarro/Desktop/WRF/BUILD_WRF/WRF/tools/standard.exe isorev.bb | /lib/cpp -P -nostdinc -traditional-cpp > isorev.f90
rm -f isorev.G isorev.bb
time mpif90 -f90=gfortran -o isorev.o -c -O2 -ftree-vectorize -funroll-loops -w -ffree-form -ffree-line-length-none -fconvert=big-endian -frecord-marker=4 -fallow-argument-mismatch -fallow-invalid-boz   -I../dyn_em  -I/home/hnavarro/Desktop/WRF/BUILD_WRF/WRF/external/esmf_time_f90  -I/home/hnavarro/Desktop/WRF/BUILD_WRF/WRF/main -I/home/hnavarro/Desktop/WRF/BUILD_WRF/WRF/external/io_netcdf -I/home/hnavarro/Desktop/WRF/BUILD_WRF/WRF/external/io_int -I/home/hnavarro/Desktop/WRF/BUILD_WRF/WRF/frame -I/home/hnavarro/Desktop/WRF/BUILD_WRF/WRF/share -I/home/hnavarro/Desktop/WRF/BUILD_WRF/WRF/phys -I/home/hnavarro/Desktop/WRF/BUILD_WRF/WRF/wrftladj -I/home/hnavarro/Desktop/WRF/BUILD_WRF/WRF/chem -I/home/hnavarro/Desktop/WRF/BUILD_WRF/WRF/inc -I/home/hnavarro/Desktop/WRF/Install-WRF-Chem/LIBRARIES/netcdf/include    isorev.f90
0.49user 0.04system 0:00.54elapsed 99%CPU (0avgtext+0avgdata 46080maxresident)k
0inputs+640outputs (0major+12351minor)pagefaults 0swaps
rm -f aerorate_so2.o
sed -e "s/^\!.*'.*//" -e "s/^ *\!.*'.*//" aerorate_so2.F > aerorate_so2.G
/lib/cpp -P -nostdinc -I/home/hnavarro/Desktop/WRF/BUILD_WRF/WRF/inc -DEM_CORE=1 -DNMM_CORE=0 -DNMM_MAX_DIM=2600 -DDA_CORE=0 -DWRFPLUS=0 -DIWORDSIZE=4 -DDWORDSIZE=8 -DRWORDSIZE=4 -DLWORDSIZE=4 -DNONSTANDARD_SYSTEM_SUBR  -DWRF_USE_CLM  -DDM_PARALLEL -DNETCDF -DLANDREAD_STUB=1 -DUSE_ALLOCATABLES -Dwrfmodel -DGRIB1 -DINTIO -DKEEP_INT_AROUND -DLIMIT_ARGS -DBUILD_RRTMG_FAST=0 -DBUILD_RRTMK=0 -DBUILD_SBM_FAST=1 -DSHOW_ALL_VARS_USED=0 -DCONFIG_BUF_LEN=65536 -DMAX_DOMAINS_F=21 -DMAX_HISTORY=25 -DNMM_NEST=0 -DWRF_CHEM -DBUILD_CHEM=1 -I. -traditional-cpp   aerorate_so2.G  > aerorate_so2.bb
/home/hnavarro/Desktop/WRF/BUILD_WRF/WRF/tools/standard.exe aerorate_so2.bb | /lib/cpp -P -nostdinc -traditional-cpp > aerorate_so2.f90
rm -f aerorate_so2.G aerorate_so2.bb
time mpif90 -f90=gfortran -o aerorate_so2.o -c -O2 -ftree-vectorize -funroll-loops -w -ffree-form -ffree-line-length-none -fconvert=big-endian -frecord-marker=4 -fallow-argument-mismatch -fallow-invalid-boz   -I../dyn_em  -I/home/hnavarro/Desktop/WRF/BUILD_WRF/WRF/external/esmf_time_f90  -I/home/hnavarro/Desktop/WRF/BUILD_WRF/WRF/main -I/home/hnavarro/Desktop/WRF/BUILD_WRF/WRF/external/io_netcdf -I/home/hnavarro/Desktop/WRF/BUILD_WRF/WRF/external/io_int -I/home/hnavarro/Desktop/WRF/BUILD_WRF/WRF/frame -I/home/hnavarro/Desktop/WRF/BUILD_WRF/WRF/share -I/home/hnavarro/Desktop/WRF/BUILD_WRF/WRF/phys -I/home/hnavarro/Desktop/WRF/BUILD_WRF/WRF/wrftladj -I/home/hnavarro/Desktop/WRF/BUILD_WRF/WRF/chem -I/home/hnavarro/Desktop/WRF/BUILD_WRF/WRF/inc -I/home/hnavarro/Desktop/WRF/Install-WRF-Chem/LIBRARIES/netcdf/include    aerorate_so2.f90
0.06user 0.07system 0:00.13elapsed 95%CPU (0avgtext+0avgdata 28416maxresident)k
0inputs+32outputs (0major+7869minor)pagefaults 0swaps
rm -f module_aerosols_soa_vbs.o
sed -e "s/^\!.*'.*//" -e "s/^ *\!.*'.*//" module_aerosols_soa_vbs.F > module_aerosols_soa_vbs.G
/lib/cpp -P -nostdinc -I/home/hnavarro/Desktop/WRF/BUILD_WRF/WRF/inc -DEM_CORE=1 -DNMM_CORE=0 -DNMM_MAX_DIM=2600 -DDA_CORE=0 -DWRFPLUS=0 -DIWORDSIZE=4 -DDWORDSIZE=8 -DRWORDSIZE=4 -DLWORDSIZE=4 -DNONSTANDARD_SYSTEM_SUBR  -DWRF_USE_CLM  -DDM_PARALLEL -DNETCDF -DLANDREAD_STUB=1 -DUSE_ALLOCATABLES -Dwrfmodel -DGRIB1 -DINTIO -DKEEP_INT_AROUND -DLIMIT_ARGS -DBUILD_RRTMG_FAST=0 -DBUILD_RRTMK=0 -DBUILD_SBM_FAST=1 -DSHOW_ALL_VARS_USED=0 -DCONFIG_BUF_LEN=65536 -DMAX_DOMAINS_F=21 -DMAX_HISTORY=25 -DNMM_NEST=0 -DWRF_CHEM -DBUILD_CHEM=1 -I. -traditional-cpp   module_aerosols_soa_vbs.G  > module_aerosols_soa_vbs.bb
/home/hnavarro/Desktop/WRF/BUILD_WRF/WRF/tools/standard.exe module_aerosols_soa_vbs.bb | /lib/cpp -P -nostdinc -traditional-cpp > module_aerosols_soa_vbs.f90
rm -f module_aerosols_soa_vbs.G module_aerosols_soa_vbs.bb
time mpif90 -f90=gfortran -o module_aerosols_soa_vbs.o -c -O2 -ftree-vectorize -funroll-loops -w -ffree-form -ffree-line-length-none -fconvert=big-endian -frecord-marker=4 -fallow-argument-mismatch -fallow-invalid-boz   -I../dyn_em  -I/home/hnavarro/Desktop/WRF/BUILD_WRF/WRF/external/esmf_time_f90  -I/home/hnavarro/Desktop/WRF/BUILD_WRF/WRF/main -I/home/hnavarro/Desktop/WRF/BUILD_WRF/WRF/external/io_netcdf -I/home/hnavarro/Desktop/WRF/BUILD_WRF/WRF/external/io_int -I/home/hnavarro/Desktop/WRF/BUILD_WRF/WRF/frame -I/home/hnavarro/Desktop/WRF/BUILD_WRF/WRF/share -I/home/hnavarro/Desktop/WRF/BUILD_WRF/WRF/phys -I/home/hnavarro/Desktop/WRF/BUILD_WRF/WRF/wrftladj -I/home/hnavarro/Desktop/WRF/BUILD_WRF/WRF/chem -I/home/hnavarro/Desktop/WRF/BUILD_WRF/WRF/inc -I/home/hnavarro/Desktop/WRF/Install-WRF-Chem/LIBRARIES/netcdf/include    module_aerosols_soa_vbs.f90
4.61user 0.12system 0:04.74elapsed 99%CPU (0avgtext+0avgdata 190904maxresident)k
0inputs+2200outputs (0major+57876minor)pagefaults 0swaps
rm -f module_aerosols_soa_vbs_het.o
sed -e "s/^\!.*'.*//" -e "s/^ *\!.*'.*//" module_aerosols_soa_vbs_het.F > module_aerosols_soa_vbs_het.G
/lib/cpp -P -nostdinc -I/home/hnavarro/Desktop/WRF/BUILD_WRF/WRF/inc -DEM_CORE=1 -DNMM_CORE=0 -DNMM_MAX_DIM=2600 -DDA_CORE=0 -DWRFPLUS=0 -DIWORDSIZE=4 -DDWORDSIZE=8 -DRWORDSIZE=4 -DLWORDSIZE=4 -DNONSTANDARD_SYSTEM_SUBR  -DWRF_USE_CLM  -DDM_PARALLEL -DNETCDF -DLANDREAD_STUB=1 -DUSE_ALLOCATABLES -Dwrfmodel -DGRIB1 -DINTIO -DKEEP_INT_AROUND -DLIMIT_ARGS -DBUILD_RRTMG_FAST=0 -DBUILD_RRTMK=0 -DBUILD_SBM_FAST=1 -DSHOW_ALL_VARS_USED=0 -DCONFIG_BUF_LEN=65536 -DMAX_DOMAINS_F=21 -DMAX_HISTORY=25 -DNMM_NEST=0 -DWRF_CHEM -DBUILD_CHEM=1 -I. -traditional-cpp   module_aerosols_soa_vbs_het.G  > module_aerosols_soa_vbs_het.bb
/home/hnavarro/Desktop/WRF/BUILD_WRF/WRF/tools/standard.exe module_aerosols_soa_vbs_het.bb | /lib/cpp -P -nostdinc -traditional-cpp > module_aerosols_soa_vbs_het.f90
rm -f module_aerosols_soa_vbs_het.G module_aerosols_soa_vbs_het.bb
time mpif90 -f90=gfortran -o module_aerosols_soa_vbs_het.o -c -O2 -ftree-vectorize -funroll-loops -w -ffree-form -ffree-line-length-none -fconvert=big-endian -frecord-marker=4 -fallow-argument-mismatch -fallow-invalid-boz   -I../dyn_em  -I/home/hnavarro/Desktop/WRF/BUILD_WRF/WRF/external/esmf_time_f90  -I/home/hnavarro/Desktop/WRF/BUILD_WRF/WRF/main -I/home/hnavarro/Desktop/WRF/BUILD_WRF/WRF/external/io_netcdf -I/home/hnavarro/Desktop/WRF/BUILD_WRF/WRF/external/io_int -I/home/hnavarro/Desktop/WRF/BUILD_WRF/WRF/frame -I/home/hnavarro/Desktop/WRF/BUILD_WRF/WRF/share -I/home/hnavarro/Desktop/WRF/BUILD_WRF/WRF/phys -I/home/hnavarro/Desktop/WRF/BUILD_WRF/WRF/wrftladj -I/home/hnavarro/Desktop/WRF/BUILD_WRF/WRF/chem -I/home/hnavarro/Desktop/WRF/BUILD_WRF/WRF/inc -I/home/hnavarro/Desktop/WRF/Install-WRF-Chem/LIBRARIES/netcdf/include    module_aerosols_soa_vbs_het.f90
12.54user 0.15system 0:12.73elapsed 99%CPU (0avgtext+0avgdata 241852maxresident)k
0inputs+3056outputs (0major+70791minor)pagefaults 0swaps
rm -f module_mosaic_init_aerpar.o
sed -e "s/^\!.*'.*//" -e "s/^ *\!.*'.*//" module_mosaic_init_aerpar.F > module_mosaic_init_aerpar.G
/lib/cpp -P -nostdinc -I/home/hnavarro/Desktop/WRF/BUILD_WRF/WRF/inc -DEM_CORE=1 -DNMM_CORE=0 -DNMM_MAX_DIM=2600 -DDA_CORE=0 -DWRFPLUS=0 -DIWORDSIZE=4 -DDWORDSIZE=8 -DRWORDSIZE=4 -DLWORDSIZE=4 -DNONSTANDARD_SYSTEM_SUBR  -DWRF_USE_CLM  -DDM_PARALLEL -DNETCDF -DLANDREAD_STUB=1 -DUSE_ALLOCATABLES -Dwrfmodel -DGRIB1 -DINTIO -DKEEP_INT_AROUND -DLIMIT_ARGS -DBUILD_RRTMG_FAST=0 -DBUILD_RRTMK=0 -DBUILD_SBM_FAST=1 -DSHOW_ALL_VARS_USED=0 -DCONFIG_BUF_LEN=65536 -DMAX_DOMAINS_F=21 -DMAX_HISTORY=25 -DNMM_NEST=0 -DWRF_CHEM -DBUILD_CHEM=1 -I. -traditional-cpp   module_mosaic_init_aerpar.G  > module_mosaic_init_aerpar.bb
/home/hnavarro/Desktop/WRF/BUILD_WRF/WRF/tools/standard.exe module_mosaic_init_aerpar.bb | /lib/cpp -P -nostdinc -traditional-cpp > module_mosaic_init_aerpar.f90
rm -f module_mosaic_init_aerpar.G module_mosaic_init_aerpar.bb
time mpif90 -f90=gfortran -o module_mosaic_init_aerpar.o -c -O2 -ftree-vectorize -funroll-loops -w -ffree-form -ffree-line-length-none -fconvert=big-endian -frecord-marker=4 -fallow-argument-mismatch -fallow-invalid-boz   -I../dyn_em  -I/home/hnavarro/Desktop/WRF/BUILD_WRF/WRF/external/esmf_time_f90  -I/home/hnavarro/Desktop/WRF/BUILD_WRF/WRF/main -I/home/hnavarro/Desktop/WRF/BUILD_WRF/WRF/external/io_netcdf -I/home/hnavarro/Desktop/WRF/BUILD_WRF/WRF/external/io_int -I/home/hnavarro/Desktop/WRF/BUILD_WRF/WRF/frame -I/home/hnavarro/Desktop/WRF/BUILD_WRF/WRF/share -I/home/hnavarro/Desktop/WRF/BUILD_WRF/WRF/phys -I/home/hnavarro/Desktop/WRF/BUILD_WRF/WRF/wrftladj -I/home/hnavarro/Desktop/WRF/BUILD_WRF/WRF/chem -I/home/hnavarro/Desktop/WRF/BUILD_WRF/WRF/inc -I/home/hnavarro/Desktop/WRF/Install-WRF-Chem/LIBRARIES/netcdf/include    module_mosaic_init_aerpar.f90
0.73user 0.07system 0:00.81elapsed 99%CPU (0avgtext+0avgdata 56104maxresident)k
0inputs+568outputs (0major+15906minor)pagefaults 0swaps
rm -f module_mosaic_sect_intr.o
sed -e "s/^\!.*'.*//" -e "s/^ *\!.*'.*//" module_mosaic_sect_intr.F > module_mosaic_sect_intr.G
/lib/cpp -P -nostdinc -I/home/hnavarro/Desktop/WRF/BUILD_WRF/WRF/inc -DEM_CORE=1 -DNMM_CORE=0 -DNMM_MAX_DIM=2600 -DDA_CORE=0 -DWRFPLUS=0 -DIWORDSIZE=4 -DDWORDSIZE=8 -DRWORDSIZE=4 -DLWORDSIZE=4 -DNONSTANDARD_SYSTEM_SUBR  -DWRF_USE_CLM  -DDM_PARALLEL -DNETCDF -DLANDREAD_STUB=1 -DUSE_ALLOCATABLES -Dwrfmodel -DGRIB1 -DINTIO -DKEEP_INT_AROUND -DLIMIT_ARGS -DBUILD_RRTMG_FAST=0 -DBUILD_RRTMK=0 -DBUILD_SBM_FAST=1 -DSHOW_ALL_VARS_USED=0 -DCONFIG_BUF_LEN=65536 -DMAX_DOMAINS_F=21 -DMAX_HISTORY=25 -DNMM_NEST=0 -DWRF_CHEM -DBUILD_CHEM=1 -I. -traditional-cpp   module_mosaic_sect_intr.G  > module_mosaic_sect_intr.bb
/home/hnavarro/Desktop/WRF/BUILD_WRF/WRF/tools/standard.exe module_mosaic_sect_intr.bb | /lib/cpp -P -nostdinc -traditional-cpp > module_mosaic_sect_intr.f90
rm -f module_mosaic_sect_intr.G module_mosaic_sect_intr.bb
time mpif90 -f90=gfortran -o module_mosaic_sect_intr.o -c -O2 -ftree-vectorize -funroll-loops -w -ffree-form -ffree-line-length-none -fconvert=big-endian -frecord-marker=4 -fallow-argument-mismatch -fallow-invalid-boz   -I../dyn_em  -I/home/hnavarro/Desktop/WRF/BUILD_WRF/WRF/external/esmf_time_f90  -I/home/hnavarro/Desktop/WRF/BUILD_WRF/WRF/main -I/home/hnavarro/Desktop/WRF/BUILD_WRF/WRF/external/io_netcdf -I/home/hnavarro/Desktop/WRF/BUILD_WRF/WRF/external/io_int -I/home/hnavarro/Desktop/WRF/BUILD_WRF/WRF/frame -I/home/hnavarro/Desktop/WRF/BUILD_WRF/WRF/share -I/home/hnavarro/Desktop/WRF/BUILD_WRF/WRF/phys -I/home/hnavarro/Desktop/WRF/BUILD_WRF/WRF/wrftladj -I/home/hnavarro/Desktop/WRF/BUILD_WRF/WRF/chem -I/home/hnavarro/Desktop/WRF/BUILD_WRF/WRF/inc -I/home/hnavarro/Desktop/WRF/Install-WRF-Chem/LIBRARIES/netcdf/include    module_mosaic_sect_intr.f90
0.21user 0.05system 0:00.26elapsed 99%CPU (0avgtext+0avgdata 35168maxresident)k
0inputs+224outputs (0major+10034minor)pagefaults 0swaps
rm -f module_cam_mam_coag.o
sed -e "s/^\!.*'.*//" -e "s/^ *\!.*'.*//" module_cam_mam_coag.F > module_cam_mam_coag.G
/lib/cpp -P -nostdinc -I/home/hnavarro/Desktop/WRF/BUILD_WRF/WRF/inc -DEM_CORE=1 -DNMM_CORE=0 -DNMM_MAX_DIM=2600 -DDA_CORE=0 -DWRFPLUS=0 -DIWORDSIZE=4 -DDWORDSIZE=8 -DRWORDSIZE=4 -DLWORDSIZE=4 -DNONSTANDARD_SYSTEM_SUBR  -DWRF_USE_CLM  -DDM_PARALLEL -DNETCDF -DLANDREAD_STUB=1 -DUSE_ALLOCATABLES -Dwrfmodel -DGRIB1 -DINTIO -DKEEP_INT_AROUND -DLIMIT_ARGS -DBUILD_RRTMG_FAST=0 -DBUILD_RRTMK=0 -DBUILD_SBM_FAST=1 -DSHOW_ALL_VARS_USED=0 -DCONFIG_BUF_LEN=65536 -DMAX_DOMAINS_F=21 -DMAX_HISTORY=25 -DNMM_NEST=0 -DWRF_CHEM -DBUILD_CHEM=1 -I. -traditional-cpp   module_cam_mam_coag.G  > module_cam_mam_coag.bb
/home/hnavarro/Desktop/WRF/BUILD_WRF/WRF/tools/standard.exe module_cam_mam_coag.bb | /lib/cpp -P -nostdinc -traditional-cpp > module_cam_mam_coag.f90
rm -f module_cam_mam_coag.G module_cam_mam_coag.bb
time mpif90 -f90=gfortran -o module_cam_mam_coag.o -c -O2 -ftree-vectorize -funroll-loops -w -ffree-form -ffree-line-length-none -fconvert=big-endian -frecord-marker=4 -fallow-argument-mismatch -fallow-invalid-boz   -I../dyn_em  -I/home/hnavarro/Desktop/WRF/BUILD_WRF/WRF/external/esmf_time_f90  -I/home/hnavarro/Desktop/WRF/BUILD_WRF/WRF/main -I/home/hnavarro/Desktop/WRF/BUILD_WRF/WRF/external/io_netcdf -I/home/hnavarro/Desktop/WRF/BUILD_WRF/WRF/external/io_int -I/home/hnavarro/Desktop/WRF/BUILD_WRF/WRF/frame -I/home/hnavarro/Desktop/WRF/BUILD_WRF/WRF/share -I/home/hnavarro/Desktop/WRF/BUILD_WRF/WRF/phys -I/home/hnavarro/Desktop/WRF/BUILD_WRF/WRF/wrftladj -I/home/hnavarro/Desktop/WRF/BUILD_WRF/WRF/chem -I/home/hnavarro/Desktop/WRF/BUILD_WRF/WRF/inc -I/home/hnavarro/Desktop/WRF/Install-WRF-Chem/LIBRARIES/netcdf/include    module_cam_mam_coag.f90
0.29user 0.08system 0:00.37elapsed 97%CPU (0avgtext+0avgdata 44032maxresident)k
0inputs+280outputs (0major+11458minor)pagefaults 0swaps
rm -f module_cam_mam_cloudchem.o
sed -e "s/^\!.*'.*//" -e "s/^ *\!.*'.*//" module_cam_mam_cloudchem.F > module_cam_mam_cloudchem.G
/lib/cpp -P -nostdinc -I/home/hnavarro/Desktop/WRF/BUILD_WRF/WRF/inc -DEM_CORE=1 -DNMM_CORE=0 -DNMM_MAX_DIM=2600 -DDA_CORE=0 -DWRFPLUS=0 -DIWORDSIZE=4 -DDWORDSIZE=8 -DRWORDSIZE=4 -DLWORDSIZE=4 -DNONSTANDARD_SYSTEM_SUBR  -DWRF_USE_CLM  -DDM_PARALLEL -DNETCDF -DLANDREAD_STUB=1 -DUSE_ALLOCATABLES -Dwrfmodel -DGRIB1 -DINTIO -DKEEP_INT_AROUND -DLIMIT_ARGS -DBUILD_RRTMG_FAST=0 -DBUILD_RRTMK=0 -DBUILD_SBM_FAST=1 -DSHOW_ALL_VARS_USED=0 -DCONFIG_BUF_LEN=65536 -DMAX_DOMAINS_F=21 -DMAX_HISTORY=25 -DNMM_NEST=0 -DWRF_CHEM -DBUILD_CHEM=1 -I. -traditional-cpp   module_cam_mam_cloudchem.G  > module_cam_mam_cloudchem.bb
/home/hnavarro/Desktop/WRF/BUILD_WRF/WRF/tools/standard.exe module_cam_mam_cloudchem.bb | /lib/cpp -P -nostdinc -traditional-cpp > module_cam_mam_cloudchem.f90
rm -f module_cam_mam_cloudchem.G module_cam_mam_cloudchem.bb
time mpif90 -f90=gfortran -o module_cam_mam_cloudchem.o -c -O2 -ftree-vectorize -funroll-loops -w -ffree-form -ffree-line-length-none -fconvert=big-endian -frecord-marker=4 -fallow-argument-mismatch -fallow-invalid-boz   -I../dyn_em  -I/home/hnavarro/Desktop/WRF/BUILD_WRF/WRF/external/esmf_time_f90  -I/home/hnavarro/Desktop/WRF/BUILD_WRF/WRF/main -I/home/hnavarro/Desktop/WRF/BUILD_WRF/WRF/external/io_netcdf -I/home/hnavarro/Desktop/WRF/BUILD_WRF/WRF/external/io_int -I/home/hnavarro/Desktop/WRF/BUILD_WRF/WRF/frame -I/home/hnavarro/Desktop/WRF/BUILD_WRF/WRF/share -I/home/hnavarro/Desktop/WRF/BUILD_WRF/WRF/phys -I/home/hnavarro/Desktop/WRF/BUILD_WRF/WRF/wrftladj -I/home/hnavarro/Desktop/WRF/BUILD_WRF/WRF/chem -I/home/hnavarro/Desktop/WRF/BUILD_WRF/WRF/inc -I/home/hnavarro/Desktop/WRF/Install-WRF-Chem/LIBRARIES/netcdf/include    module_cam_mam_cloudchem.f90
0.32user 0.05system 0:00.37elapsed 99%CPU (0avgtext+0avgdata 50840maxresident)k
0inputs+208outputs (0major+14881minor)pagefaults 0swaps
rm -f module_cam_mam_gas_wetdep_driver.o
sed -e "s/^\!.*'.*//" -e "s/^ *\!.*'.*//" module_cam_mam_gas_wetdep_driver.F > module_cam_mam_gas_wetdep_driver.G
/lib/cpp -P -nostdinc -I/home/hnavarro/Desktop/WRF/BUILD_WRF/WRF/inc -DEM_CORE=1 -DNMM_CORE=0 -DNMM_MAX_DIM=2600 -DDA_CORE=0 -DWRFPLUS=0 -DIWORDSIZE=4 -DDWORDSIZE=8 -DRWORDSIZE=4 -DLWORDSIZE=4 -DNONSTANDARD_SYSTEM_SUBR  -DWRF_USE_CLM  -DDM_PARALLEL -DNETCDF -DLANDREAD_STUB=1 -DUSE_ALLOCATABLES -Dwrfmodel -DGRIB1 -DINTIO -DKEEP_INT_AROUND -DLIMIT_ARGS -DBUILD_RRTMG_FAST=0 -DBUILD_RRTMK=0 -DBUILD_SBM_FAST=1 -DSHOW_ALL_VARS_USED=0 -DCONFIG_BUF_LEN=65536 -DMAX_DOMAINS_F=21 -DMAX_HISTORY=25 -DNMM_NEST=0 -DWRF_CHEM -DBUILD_CHEM=1 -I. -traditional-cpp   module_cam_mam_gas_wetdep_driver.G  > module_cam_mam_gas_wetdep_driver.bb
/home/hnavarro/Desktop/WRF/BUILD_WRF/WRF/tools/standard.exe module_cam_mam_gas_wetdep_driver.bb | /lib/cpp -P -nostdinc -traditional-cpp > module_cam_mam_gas_wetdep_driver.f90
rm -f module_cam_mam_gas_wetdep_driver.G module_cam_mam_gas_wetdep_driver.bb
time mpif90 -f90=gfortran -o module_cam_mam_gas_wetdep_driver.o -c -O2 -ftree-vectorize -funroll-loops -w -ffree-form -ffree-line-length-none -fconvert=big-endian -frecord-marker=4 -fallow-argument-mismatch -fallow-invalid-boz   -I../dyn_em  -I/home/hnavarro/Desktop/WRF/BUILD_WRF/WRF/external/esmf_time_f90  -I/home/hnavarro/Desktop/WRF/BUILD_WRF/WRF/main -I/home/hnavarro/Desktop/WRF/BUILD_WRF/WRF/external/io_netcdf -I/home/hnavarro/Desktop/WRF/BUILD_WRF/WRF/external/io_int -I/home/hnavarro/Desktop/WRF/BUILD_WRF/WRF/frame -I/home/hnavarro/Desktop/WRF/BUILD_WRF/WRF/share -I/home/hnavarro/Desktop/WRF/BUILD_WRF/WRF/phys -I/home/hnavarro/Desktop/WRF/BUILD_WRF/WRF/wrftladj -I/home/hnavarro/Desktop/WRF/BUILD_WRF/WRF/chem -I/home/hnavarro/Desktop/WRF/BUILD_WRF/WRF/inc -I/home/hnavarro/Desktop/WRF/Install-WRF-Chem/LIBRARIES/netcdf/include    module_cam_mam_gas_wetdep_driver.f90
0.20user 0.04system 0:00.25elapsed 100%CPU (0avgtext+0avgdata 41684maxresident)k
0inputs+160outputs (0major+12455minor)pagefaults 0swaps
rm -f module_mosaic_therm.o
sed -e "s/^\!.*'.*//" -e "s/^ *\!.*'.*//" module_mosaic_therm.F > module_mosaic_therm.G
/lib/cpp -P -nostdinc -I/home/hnavarro/Desktop/WRF/BUILD_WRF/WRF/inc -DEM_CORE=1 -DNMM_CORE=0 -DNMM_MAX_DIM=2600 -DDA_CORE=0 -DWRFPLUS=0 -DIWORDSIZE=4 -DDWORDSIZE=8 -DRWORDSIZE=4 -DLWORDSIZE=4 -DNONSTANDARD_SYSTEM_SUBR  -DWRF_USE_CLM  -DDM_PARALLEL -DNETCDF -DLANDREAD_STUB=1 -DUSE_ALLOCATABLES -Dwrfmodel -DGRIB1 -DINTIO -DKEEP_INT_AROUND -DLIMIT_ARGS -DBUILD_RRTMG_FAST=0 -DBUILD_RRTMK=0 -DBUILD_SBM_FAST=1 -DSHOW_ALL_VARS_USED=0 -DCONFIG_BUF_LEN=65536 -DMAX_DOMAINS_F=21 -DMAX_HISTORY=25 -DNMM_NEST=0 -DWRF_CHEM -DBUILD_CHEM=1 -I. -traditional-cpp   module_mosaic_therm.G  > module_mosaic_therm.bb
/home/hnavarro/Desktop/WRF/BUILD_WRF/WRF/tools/standard.exe module_mosaic_therm.bb | /lib/cpp -P -nostdinc -traditional-cpp > module_mosaic_therm.f90
rm -f module_mosaic_therm.G module_mosaic_therm.bb
time mpif90 -f90=gfortran -o module_mosaic_therm.o -c -O2 -ftree-vectorize -funroll-loops -w -ffree-form -ffree-line-length-none -fconvert=big-endian -frecord-marker=4 -fallow-argument-mismatch -fallow-invalid-boz   -I../dyn_em  -I/home/hnavarro/Desktop/WRF/BUILD_WRF/WRF/external/esmf_time_f90  -I/home/hnavarro/Desktop/WRF/BUILD_WRF/WRF/main -I/home/hnavarro/Desktop/WRF/BUILD_WRF/WRF/external/io_netcdf -I/home/hnavarro/Desktop/WRF/BUILD_WRF/WRF/external/io_int -I/home/hnavarro/Desktop/WRF/BUILD_WRF/WRF/frame -I/home/hnavarro/Desktop/WRF/BUILD_WRF/WRF/share -I/home/hnavarro/Desktop/WRF/BUILD_WRF/WRF/phys -I/home/hnavarro/Desktop/WRF/BUILD_WRF/WRF/wrftladj -I/home/hnavarro/Desktop/WRF/BUILD_WRF/WRF/chem -I/home/hnavarro/Desktop/WRF/BUILD_WRF/WRF/inc -I/home/hnavarro/Desktop/WRF/Install-WRF-Chem/LIBRARIES/netcdf/include    module_mosaic_therm.f90
5.21user 0.14system 0:05.36elapsed 99%CPU (0avgtext+0avgdata 206984maxresident)k
0inputs+2304outputs (0major+59091minor)pagefaults 0swaps
rm -f rxn.o
sed -e "s/^\!.*'.*//" -e "s/^ *\!.*'.*//" rxn.F > rxn.G
/lib/cpp -P -nostdinc -I/home/hnavarro/Desktop/WRF/BUILD_WRF/WRF/inc -DEM_CORE=1 -DNMM_CORE=0 -DNMM_MAX_DIM=2600 -DDA_CORE=0 -DWRFPLUS=0 -DIWORDSIZE=4 -DDWORDSIZE=8 -DRWORDSIZE=4 -DLWORDSIZE=4 -DNONSTANDARD_SYSTEM_SUBR  -DWRF_USE_CLM  -DDM_PARALLEL -DNETCDF -DLANDREAD_STUB=1 -DUSE_ALLOCATABLES -Dwrfmodel -DGRIB1 -DINTIO -DKEEP_INT_AROUND -DLIMIT_ARGS -DBUILD_RRTMG_FAST=0 -DBUILD_RRTMK=0 -DBUILD_SBM_FAST=1 -DSHOW_ALL_VARS_USED=0 -DCONFIG_BUF_LEN=65536 -DMAX_DOMAINS_F=21 -DMAX_HISTORY=25 -DNMM_NEST=0 -DWRF_CHEM -DBUILD_CHEM=1 -I. -traditional-cpp   rxn.G  > rxn.bb
/home/hnavarro/Desktop/WRF/BUILD_WRF/WRF/tools/standard.exe rxn.bb | /lib/cpp -P -nostdinc -traditional-cpp > rxn.f90
rm -f rxn.G rxn.bb
time mpif90 -f90=gfortran -o rxn.o -c -O2 -ftree-vectorize -funroll-loops -w -ffree-form -ffree-line-length-none -fconvert=big-endian -frecord-marker=4 -fallow-argument-mismatch -fallow-invalid-boz   -I../dyn_em  -I/home/hnavarro/Desktop/WRF/BUILD_WRF/WRF/external/esmf_time_f90  -I/home/hnavarro/Desktop/WRF/BUILD_WRF/WRF/main -I/home/hnavarro/Desktop/WRF/BUILD_WRF/WRF/external/io_netcdf -I/home/hnavarro/Desktop/WRF/BUILD_WRF/WRF/external/io_int -I/home/hnavarro/Desktop/WRF/BUILD_WRF/WRF/frame -I/home/hnavarro/Desktop/WRF/BUILD_WRF/WRF/share -I/home/hnavarro/Desktop/WRF/BUILD_WRF/WRF/phys -I/home/hnavarro/Desktop/WRF/BUILD_WRF/WRF/wrftladj -I/home/hnavarro/Desktop/WRF/BUILD_WRF/WRF/chem -I/home/hnavarro/Desktop/WRF/BUILD_WRF/WRF/inc -I/home/hnavarro/Desktop/WRF/Install-WRF-Chem/LIBRARIES/netcdf/include    rxn.f90
5.23user 0.12system 0:05.36elapsed 99%CPU (0avgtext+0avgdata 208984maxresident)k
0inputs+4072outputs (0major+55044minor)pagefaults 0swaps
rm -f module_subs_tuv.o
sed -e "s/^\!.*'.*//" -e "s/^ *\!.*'.*//" module_subs_tuv.F > module_subs_tuv.G
/lib/cpp -P -nostdinc -I/home/hnavarro/Desktop/WRF/BUILD_WRF/WRF/inc -DEM_CORE=1 -DNMM_CORE=0 -DNMM_MAX_DIM=2600 -DDA_CORE=0 -DWRFPLUS=0 -DIWORDSIZE=4 -DDWORDSIZE=8 -DRWORDSIZE=4 -DLWORDSIZE=4 -DNONSTANDARD_SYSTEM_SUBR  -DWRF_USE_CLM  -DDM_PARALLEL -DNETCDF -DLANDREAD_STUB=1 -DUSE_ALLOCATABLES -Dwrfmodel -DGRIB1 -DINTIO -DKEEP_INT_AROUND -DLIMIT_ARGS -DBUILD_RRTMG_FAST=0 -DBUILD_RRTMK=0 -DBUILD_SBM_FAST=1 -DSHOW_ALL_VARS_USED=0 -DCONFIG_BUF_LEN=65536 -DMAX_DOMAINS_F=21 -DMAX_HISTORY=25 -DNMM_NEST=0 -DWRF_CHEM -DBUILD_CHEM=1 -I. -traditional-cpp   module_subs_tuv.G  > module_subs_tuv.bb
/home/hnavarro/Desktop/WRF/BUILD_WRF/WRF/tools/standard.exe module_subs_tuv.bb | /lib/cpp -P -nostdinc -traditional-cpp > module_subs_tuv.f90
rm -f module_subs_tuv.G module_subs_tuv.bb
time mpif90 -f90=gfortran -o module_subs_tuv.o -c -O2 -ftree-vectorize -funroll-loops -w -ffree-form -ffree-line-length-none -fconvert=big-endian -frecord-marker=4 -fallow-argument-mismatch -fallow-invalid-boz   -I../dyn_em  -I/home/hnavarro/Desktop/WRF/BUILD_WRF/WRF/external/esmf_time_f90  -I/home/hnavarro/Desktop/WRF/BUILD_WRF/WRF/main -I/home/hnavarro/Desktop/WRF/BUILD_WRF/WRF/external/io_netcdf -I/home/hnavarro/Desktop/WRF/BUILD_WRF/WRF/external/io_int -I/home/hnavarro/Desktop/WRF/BUILD_WRF/WRF/frame -I/home/hnavarro/Desktop/WRF/BUILD_WRF/WRF/share -I/home/hnavarro/Desktop/WRF/BUILD_WRF/WRF/phys -I/home/hnavarro/Desktop/WRF/BUILD_WRF/WRF/wrftladj -I/home/hnavarro/Desktop/WRF/BUILD_WRF/WRF/chem -I/home/hnavarro/Desktop/WRF/BUILD_WRF/WRF/inc -I/home/hnavarro/Desktop/WRF/Install-WRF-Chem/LIBRARIES/netcdf/include    module_subs_tuv.f90
0.61user 0.05system 0:00.67elapsed 100%CPU (0avgtext+0avgdata 94524maxresident)k
0inputs+408outputs (0major+25624minor)pagefaults 0swaps
rm -f module_cbmz.o
sed -e "s/^\!.*'.*//" -e "s/^ *\!.*'.*//" module_cbmz.F > module_cbmz.G
/lib/cpp -P -nostdinc -I/home/hnavarro/Desktop/WRF/BUILD_WRF/WRF/inc -DEM_CORE=1 -DNMM_CORE=0 -DNMM_MAX_DIM=2600 -DDA_CORE=0 -DWRFPLUS=0 -DIWORDSIZE=4 -DDWORDSIZE=8 -DRWORDSIZE=4 -DLWORDSIZE=4 -DNONSTANDARD_SYSTEM_SUBR  -DWRF_USE_CLM  -DDM_PARALLEL -DNETCDF -DLANDREAD_STUB=1 -DUSE_ALLOCATABLES -Dwrfmodel -DGRIB1 -DINTIO -DKEEP_INT_AROUND -DLIMIT_ARGS -DBUILD_RRTMG_FAST=0 -DBUILD_RRTMK=0 -DBUILD_SBM_FAST=1 -DSHOW_ALL_VARS_USED=0 -DCONFIG_BUF_LEN=65536 -DMAX_DOMAINS_F=21 -DMAX_HISTORY=25 -DNMM_NEST=0 -DWRF_CHEM -DBUILD_CHEM=1 -I. -traditional-cpp   module_cbmz.G  > module_cbmz.bb
/home/hnavarro/Desktop/WRF/BUILD_WRF/WRF/tools/standard.exe module_cbmz.bb | /lib/cpp -P -nostdinc -traditional-cpp > module_cbmz.f90
rm -f module_cbmz.G module_cbmz.bb
time mpif90 -f90=gfortran -o module_cbmz.o -c -O2 -ftree-vectorize -funroll-loops -w -ffree-form -ffree-line-length-none -fconvert=big-endian -frecord-marker=4 -fallow-argument-mismatch -fallow-invalid-boz   -I../dyn_em  -I/home/hnavarro/Desktop/WRF/BUILD_WRF/WRF/external/esmf_time_f90  -I/home/hnavarro/Desktop/WRF/BUILD_WRF/WRF/main -I/home/hnavarro/Desktop/WRF/BUILD_WRF/WRF/external/io_netcdf -I/home/hnavarro/Desktop/WRF/BUILD_WRF/WRF/external/io_int -I/home/hnavarro/Desktop/WRF/BUILD_WRF/WRF/frame -I/home/hnavarro/Desktop/WRF/BUILD_WRF/WRF/share -I/home/hnavarro/Desktop/WRF/BUILD_WRF/WRF/phys -I/home/hnavarro/Desktop/WRF/BUILD_WRF/WRF/wrftladj -I/home/hnavarro/Desktop/WRF/BUILD_WRF/WRF/chem -I/home/hnavarro/Desktop/WRF/BUILD_WRF/WRF/inc -I/home/hnavarro/Desktop/WRF/Install-WRF-Chem/LIBRARIES/netcdf/include    module_cbmz.f90
5.03user 0.16system 0:05.21elapsed 99%CPU (0avgtext+0avgdata 193404maxresident)k
0inputs+4424outputs (0major+52323minor)pagefaults 0swaps
rm -f module_cam_mam_aerchem_driver.o
sed -e "s/^\!.*'.*//" -e "s/^ *\!.*'.*//" module_cam_mam_aerchem_driver.F > module_cam_mam_aerchem_driver.G
/lib/cpp -P -nostdinc -I/home/hnavarro/Desktop/WRF/BUILD_WRF/WRF/inc -DEM_CORE=1 -DNMM_CORE=0 -DNMM_MAX_DIM=2600 -DDA_CORE=0 -DWRFPLUS=0 -DIWORDSIZE=4 -DDWORDSIZE=8 -DRWORDSIZE=4 -DLWORDSIZE=4 -DNONSTANDARD_SYSTEM_SUBR  -DWRF_USE_CLM  -DDM_PARALLEL -DNETCDF -DLANDREAD_STUB=1 -DUSE_ALLOCATABLES -Dwrfmodel -DGRIB1 -DINTIO -DKEEP_INT_AROUND -DLIMIT_ARGS -DBUILD_RRTMG_FAST=0 -DBUILD_RRTMK=0 -DBUILD_SBM_FAST=1 -DSHOW_ALL_VARS_USED=0 -DCONFIG_BUF_LEN=65536 -DMAX_DOMAINS_F=21 -DMAX_HISTORY=25 -DNMM_NEST=0 -DWRF_CHEM -DBUILD_CHEM=1 -I. -traditional-cpp   module_cam_mam_aerchem_driver.G  > module_cam_mam_aerchem_driver.bb
/home/hnavarro/Desktop/WRF/BUILD_WRF/WRF/tools/standard.exe module_cam_mam_aerchem_driver.bb | /lib/cpp -P -nostdinc -traditional-cpp > module_cam_mam_aerchem_driver.f90
rm -f module_cam_mam_aerchem_driver.G module_cam_mam_aerchem_driver.bb
time mpif90 -f90=gfortran -o module_cam_mam_aerchem_driver.o -c -O2 -ftree-vectorize -funroll-loops -w -ffree-form -ffree-line-length-none -fconvert=big-endian -frecord-marker=4 -fallow-argument-mismatch -fallow-invalid-boz   -I../dyn_em  -I/home/hnavarro/Desktop/WRF/BUILD_WRF/WRF/external/esmf_time_f90  -I/home/hnavarro/Desktop/WRF/BUILD_WRF/WRF/main -I/home/hnavarro/Desktop/WRF/BUILD_WRF/WRF/external/io_netcdf -I/home/hnavarro/Desktop/WRF/BUILD_WRF/WRF/external/io_int -I/home/hnavarro/Desktop/WRF/BUILD_WRF/WRF/frame -I/home/hnavarro/Desktop/WRF/BUILD_WRF/WRF/share -I/home/hnavarro/Desktop/WRF/BUILD_WRF/WRF/phys -I/home/hnavarro/Desktop/WRF/BUILD_WRF/WRF/wrftladj -I/home/hnavarro/Desktop/WRF/BUILD_WRF/WRF/chem -I/home/hnavarro/Desktop/WRF/BUILD_WRF/WRF/inc -I/home/hnavarro/Desktop/WRF/Install-WRF-Chem/LIBRARIES/netcdf/include    module_cam_mam_aerchem_driver.f90
0.55user 0.07system 0:00.63elapsed 99%CPU (0avgtext+0avgdata 66508maxresident)k
0inputs+360outputs (0major+19263minor)pagefaults 0swaps
rm -f optical_driver.o
sed -e "s/^\!.*'.*//" -e "s/^ *\!.*'.*//" optical_driver.F > optical_driver.G
/lib/cpp -P -nostdinc -I/home/hnavarro/Desktop/WRF/BUILD_WRF/WRF/inc -DEM_CORE=1 -DNMM_CORE=0 -DNMM_MAX_DIM=2600 -DDA_CORE=0 -DWRFPLUS=0 -DIWORDSIZE=4 -DDWORDSIZE=8 -DRWORDSIZE=4 -DLWORDSIZE=4 -DNONSTANDARD_SYSTEM_SUBR  -DWRF_USE_CLM  -DDM_PARALLEL -DNETCDF -DLANDREAD_STUB=1 -DUSE_ALLOCATABLES -Dwrfmodel -DGRIB1 -DINTIO -DKEEP_INT_AROUND -DLIMIT_ARGS -DBUILD_RRTMG_FAST=0 -DBUILD_RRTMK=0 -DBUILD_SBM_FAST=1 -DSHOW_ALL_VARS_USED=0 -DCONFIG_BUF_LEN=65536 -DMAX_DOMAINS_F=21 -DMAX_HISTORY=25 -DNMM_NEST=0 -DWRF_CHEM -DBUILD_CHEM=1 -I. -traditional-cpp   optical_driver.G  > optical_driver.bb
/home/hnavarro/Desktop/WRF/BUILD_WRF/WRF/tools/standard.exe optical_driver.bb | /lib/cpp -P -nostdinc -traditional-cpp > optical_driver.f90
rm -f optical_driver.G optical_driver.bb
time mpif90 -f90=gfortran -o optical_driver.o -c -O2 -ftree-vectorize -funroll-loops -w -ffree-form -ffree-line-length-none -fconvert=big-endian -frecord-marker=4 -fallow-argument-mismatch -fallow-invalid-boz   -I../dyn_em  -I/home/hnavarro/Desktop/WRF/BUILD_WRF/WRF/external/esmf_time_f90  -I/home/hnavarro/Desktop/WRF/BUILD_WRF/WRF/main -I/home/hnavarro/Desktop/WRF/BUILD_WRF/WRF/external/io_netcdf -I/home/hnavarro/Desktop/WRF/BUILD_WRF/WRF/external/io_int -I/home/hnavarro/Desktop/WRF/BUILD_WRF/WRF/frame -I/home/hnavarro/Desktop/WRF/BUILD_WRF/WRF/share -I/home/hnavarro/Desktop/WRF/BUILD_WRF/WRF/phys -I/home/hnavarro/Desktop/WRF/BUILD_WRF/WRF/wrftladj -I/home/hnavarro/Desktop/WRF/BUILD_WRF/WRF/chem -I/home/hnavarro/Desktop/WRF/BUILD_WRF/WRF/inc -I/home/hnavarro/Desktop/WRF/Install-WRF-Chem/LIBRARIES/netcdf/include    optical_driver.f90
0.92user 0.06system 0:00.99elapsed 100%CPU (0avgtext+0avgdata 79200maxresident)k
0inputs+864outputs (0major+23457minor)pagefaults 0swaps
rm -f isocom.o
sed -e "s/^\!.*'.*//" -e "s/^ *\!.*'.*//" isocom.F > isocom.G
/lib/cpp -P -nostdinc -I/home/hnavarro/Desktop/WRF/BUILD_WRF/WRF/inc -DEM_CORE=1 -DNMM_CORE=0 -DNMM_MAX_DIM=2600 -DDA_CORE=0 -DWRFPLUS=0 -DIWORDSIZE=4 -DDWORDSIZE=8 -DRWORDSIZE=4 -DLWORDSIZE=4 -DNONSTANDARD_SYSTEM_SUBR  -DWRF_USE_CLM  -DDM_PARALLEL -DNETCDF -DLANDREAD_STUB=1 -DUSE_ALLOCATABLES -Dwrfmodel -DGRIB1 -DINTIO -DKEEP_INT_AROUND -DLIMIT_ARGS -DBUILD_RRTMG_FAST=0 -DBUILD_RRTMK=0 -DBUILD_SBM_FAST=1 -DSHOW_ALL_VARS_USED=0 -DCONFIG_BUF_LEN=65536 -DMAX_DOMAINS_F=21 -DMAX_HISTORY=25 -DNMM_NEST=0 -DWRF_CHEM -DBUILD_CHEM=1 -I. -traditional-cpp   isocom.G  > isocom.bb
/home/hnavarro/Desktop/WRF/BUILD_WRF/WRF/tools/standard.exe isocom.bb | /lib/cpp -P -nostdinc -traditional-cpp > isocom.f90
rm -f isocom.G isocom.bb
time mpif90 -f90=gfortran -o isocom.o -c -O2 -ftree-vectorize -funroll-loops -w -ffree-form -ffree-line-length-none -fconvert=big-endian -frecord-marker=4 -fallow-argument-mismatch -fallow-invalid-boz   -I../dyn_em  -I/home/hnavarro/Desktop/WRF/BUILD_WRF/WRF/external/esmf_time_f90  -I/home/hnavarro/Desktop/WRF/BUILD_WRF/WRF/main -I/home/hnavarro/Desktop/WRF/BUILD_WRF/WRF/external/io_netcdf -I/home/hnavarro/Desktop/WRF/BUILD_WRF/WRF/external/io_int -I/home/hnavarro/Desktop/WRF/BUILD_WRF/WRF/frame -I/home/hnavarro/Desktop/WRF/BUILD_WRF/WRF/share -I/home/hnavarro/Desktop/WRF/BUILD_WRF/WRF/phys -I/home/hnavarro/Desktop/WRF/BUILD_WRF/WRF/wrftladj -I/home/hnavarro/Desktop/WRF/BUILD_WRF/WRF/chem -I/home/hnavarro/Desktop/WRF/BUILD_WRF/WRF/inc -I/home/hnavarro/Desktop/WRF/Install-WRF-Chem/LIBRARIES/netcdf/include    isocom.f90
0.49user 0.05system 0:00.54elapsed 100%CPU (0avgtext+0avgdata 50816maxresident)k
0inputs+752outputs (0major+13430minor)pagefaults 0swaps
rm -f module_dep_simple.o
sed -e "s/^\!.*'.*//" -e "s/^ *\!.*'.*//" module_dep_simple.F > module_dep_simple.G
/lib/cpp -P -nostdinc -I/home/hnavarro/Desktop/WRF/BUILD_WRF/WRF/inc -DEM_CORE=1 -DNMM_CORE=0 -DNMM_MAX_DIM=2600 -DDA_CORE=0 -DWRFPLUS=0 -DIWORDSIZE=4 -DDWORDSIZE=8 -DRWORDSIZE=4 -DLWORDSIZE=4 -DNONSTANDARD_SYSTEM_SUBR  -DWRF_USE_CLM  -DDM_PARALLEL -DNETCDF -DLANDREAD_STUB=1 -DUSE_ALLOCATABLES -Dwrfmodel -DGRIB1 -DINTIO -DKEEP_INT_AROUND -DLIMIT_ARGS -DBUILD_RRTMG_FAST=0 -DBUILD_RRTMK=0 -DBUILD_SBM_FAST=1 -DSHOW_ALL_VARS_USED=0 -DCONFIG_BUF_LEN=65536 -DMAX_DOMAINS_F=21 -DMAX_HISTORY=25 -DNMM_NEST=0 -DWRF_CHEM -DBUILD_CHEM=1 -I. -traditional-cpp   module_dep_simple.G  > module_dep_simple.bb
/home/hnavarro/Desktop/WRF/BUILD_WRF/WRF/tools/standard.exe module_dep_simple.bb | /lib/cpp -P -nostdinc -traditional-cpp > module_dep_simple.f90
rm -f module_dep_simple.G module_dep_simple.bb
time mpif90 -f90=gfortran -o module_dep_simple.o -c -O2 -ftree-vectorize -funroll-loops -w -ffree-form -ffree-line-length-none -fconvert=big-endian -frecord-marker=4 -fallow-argument-mismatch -fallow-invalid-boz   -I../dyn_em  -I/home/hnavarro/Desktop/WRF/BUILD_WRF/WRF/external/esmf_time_f90  -I/home/hnavarro/Desktop/WRF/BUILD_WRF/WRF/main -I/home/hnavarro/Desktop/WRF/BUILD_WRF/WRF/external/io_netcdf -I/home/hnavarro/Desktop/WRF/BUILD_WRF/WRF/external/io_int -I/home/hnavarro/Desktop/WRF/BUILD_WRF/WRF/frame -I/home/hnavarro/Desktop/WRF/BUILD_WRF/WRF/share -I/home/hnavarro/Desktop/WRF/BUILD_WRF/WRF/phys -I/home/hnavarro/Desktop/WRF/BUILD_WRF/WRF/wrftladj -I/home/hnavarro/Desktop/WRF/BUILD_WRF/WRF/chem -I/home/hnavarro/Desktop/WRF/BUILD_WRF/WRF/inc -I/home/hnavarro/Desktop/WRF/Install-WRF-Chem/LIBRARIES/netcdf/include    module_dep_simple.f90
1.96user 0.06system 0:02.03elapsed 99%CPU (0avgtext+0avgdata 110776maxresident)k
0inputs+520outputs (0major+30720minor)pagefaults 0swaps
rm -f module_mosaic_ext.o
sed -e "s/^\!.*'.*//" -e "s/^ *\!.*'.*//" module_mosaic_ext.F > module_mosaic_ext.G
/lib/cpp -P -nostdinc -I/home/hnavarro/Desktop/WRF/BUILD_WRF/WRF/inc -DEM_CORE=1 -DNMM_CORE=0 -DNMM_MAX_DIM=2600 -DDA_CORE=0 -DWRFPLUS=0 -DIWORDSIZE=4 -DDWORDSIZE=8 -DRWORDSIZE=4 -DLWORDSIZE=4 -DNONSTANDARD_SYSTEM_SUBR  -DWRF_USE_CLM  -DDM_PARALLEL -DNETCDF -DLANDREAD_STUB=1 -DUSE_ALLOCATABLES -Dwrfmodel -DGRIB1 -DINTIO -DKEEP_INT_AROUND -DLIMIT_ARGS -DBUILD_RRTMG_FAST=0 -DBUILD_RRTMK=0 -DBUILD_SBM_FAST=1 -DSHOW_ALL_VARS_USED=0 -DCONFIG_BUF_LEN=65536 -DMAX_DOMAINS_F=21 -DMAX_HISTORY=25 -DNMM_NEST=0 -DWRF_CHEM -DBUILD_CHEM=1 -I. -traditional-cpp   module_mosaic_ext.G  > module_mosaic_ext.bb
/home/hnavarro/Desktop/WRF/BUILD_WRF/WRF/tools/standard.exe module_mosaic_ext.bb | /lib/cpp -P -nostdinc -traditional-cpp > module_mosaic_ext.f90
rm -f module_mosaic_ext.G module_mosaic_ext.bb
time mpif90 -f90=gfortran -o module_mosaic_ext.o -c -O2 -ftree-vectorize -funroll-loops -w -ffree-form -ffree-line-length-none -fconvert=big-endian -frecord-marker=4 -fallow-argument-mismatch -fallow-invalid-boz   -I../dyn_em  -I/home/hnavarro/Desktop/WRF/BUILD_WRF/WRF/external/esmf_time_f90  -I/home/hnavarro/Desktop/WRF/BUILD_WRF/WRF/main -I/home/hnavarro/Desktop/WRF/BUILD_WRF/WRF/external/io_netcdf -I/home/hnavarro/Desktop/WRF/BUILD_WRF/WRF/external/io_int -I/home/hnavarro/Desktop/WRF/BUILD_WRF/WRF/frame -I/home/hnavarro/Desktop/WRF/BUILD_WRF/WRF/share -I/home/hnavarro/Desktop/WRF/BUILD_WRF/WRF/phys -I/home/hnavarro/Desktop/WRF/BUILD_WRF/WRF/wrftladj -I/home/hnavarro/Desktop/WRF/BUILD_WRF/WRF/chem -I/home/hnavarro/Desktop/WRF/BUILD_WRF/WRF/inc -I/home/hnavarro/Desktop/WRF/Install-WRF-Chem/LIBRARIES/netcdf/include    module_mosaic_ext.f90
1.27user 0.07system 0:01.34elapsed 99%CPU (0avgtext+0avgdata 78768maxresident)k
0inputs+1040outputs (0major+21541minor)pagefaults 0swaps
rm -f module_cam_mam_initaerodata.o
sed -e "s/^\!.*'.*//" -e "s/^ *\!.*'.*//" module_cam_mam_initaerodata.F > module_cam_mam_initaerodata.G
/lib/cpp -P -nostdinc -I/home/hnavarro/Desktop/WRF/BUILD_WRF/WRF/inc -DEM_CORE=1 -DNMM_CORE=0 -DNMM_MAX_DIM=2600 -DDA_CORE=0 -DWRFPLUS=0 -DIWORDSIZE=4 -DDWORDSIZE=8 -DRWORDSIZE=4 -DLWORDSIZE=4 -DNONSTANDARD_SYSTEM_SUBR  -DWRF_USE_CLM  -DDM_PARALLEL -DNETCDF -DLANDREAD_STUB=1 -DUSE_ALLOCATABLES -Dwrfmodel -DGRIB1 -DINTIO -DKEEP_INT_AROUND -DLIMIT_ARGS -DBUILD_RRTMG_FAST=0 -DBUILD_RRTMK=0 -DBUILD_SBM_FAST=1 -DSHOW_ALL_VARS_USED=0 -DCONFIG_BUF_LEN=65536 -DMAX_DOMAINS_F=21 -DMAX_HISTORY=25 -DNMM_NEST=0 -DWRF_CHEM -DBUILD_CHEM=1 -I. -traditional-cpp   module_cam_mam_initaerodata.G  > module_cam_mam_initaerodata.bb
/home/hnavarro/Desktop/WRF/BUILD_WRF/WRF/tools/standard.exe module_cam_mam_initaerodata.bb | /lib/cpp -P -nostdinc -traditional-cpp > module_cam_mam_initaerodata.f90
rm -f module_cam_mam_initaerodata.G module_cam_mam_initaerodata.bb
time mpif90 -f90=gfortran -o module_cam_mam_initaerodata.o -c -O2 -ftree-vectorize -funroll-loops -w -ffree-form -ffree-line-length-none -fconvert=big-endian -frecord-marker=4 -fallow-argument-mismatch -fallow-invalid-boz   -I../dyn_em  -I/home/hnavarro/Desktop/WRF/BUILD_WRF/WRF/external/esmf_time_f90  -I/home/hnavarro/Desktop/WRF/BUILD_WRF/WRF/main -I/home/hnavarro/Desktop/WRF/BUILD_WRF/WRF/external/io_netcdf -I/home/hnavarro/Desktop/WRF/BUILD_WRF/WRF/external/io_int -I/home/hnavarro/Desktop/WRF/BUILD_WRF/WRF/frame -I/home/hnavarro/Desktop/WRF/BUILD_WRF/WRF/share -I/home/hnavarro/Desktop/WRF/BUILD_WRF/WRF/phys -I/home/hnavarro/Desktop/WRF/BUILD_WRF/WRF/wrftladj -I/home/hnavarro/Desktop/WRF/BUILD_WRF/WRF/chem -I/home/hnavarro/Desktop/WRF/BUILD_WRF/WRF/inc -I/home/hnavarro/Desktop/WRF/Install-WRF-Chem/LIBRARIES/netcdf/include    module_cam_mam_initaerodata.f90
0.44user 0.07system 0:00.52elapsed 98%CPU (0avgtext+0avgdata 41752maxresident)k
0inputs+392outputs (0major+11437minor)pagefaults 0swaps
rm -f module_phot_tuv.o
sed -e "s/^\!.*'.*//" -e "s/^ *\!.*'.*//" module_phot_tuv.F > module_phot_tuv.G
/lib/cpp -P -nostdinc -I/home/hnavarro/Desktop/WRF/BUILD_WRF/WRF/inc -DEM_CORE=1 -DNMM_CORE=0 -DNMM_MAX_DIM=2600 -DDA_CORE=0 -DWRFPLUS=0 -DIWORDSIZE=4 -DDWORDSIZE=8 -DRWORDSIZE=4 -DLWORDSIZE=4 -DNONSTANDARD_SYSTEM_SUBR  -DWRF_USE_CLM  -DDM_PARALLEL -DNETCDF -DLANDREAD_STUB=1 -DUSE_ALLOCATABLES -Dwrfmodel -DGRIB1 -DINTIO -DKEEP_INT_AROUND -DLIMIT_ARGS -DBUILD_RRTMG_FAST=0 -DBUILD_RRTMK=0 -DBUILD_SBM_FAST=1 -DSHOW_ALL_VARS_USED=0 -DCONFIG_BUF_LEN=65536 -DMAX_DOMAINS_F=21 -DMAX_HISTORY=25 -DNMM_NEST=0 -DWRF_CHEM -DBUILD_CHEM=1 -I. -traditional-cpp   module_phot_tuv.G  > module_phot_tuv.bb
/home/hnavarro/Desktop/WRF/BUILD_WRF/WRF/tools/standard.exe module_phot_tuv.bb | /lib/cpp -P -nostdinc -traditional-cpp > module_phot_tuv.f90
rm -f module_phot_tuv.G module_phot_tuv.bb
time mpif90 -f90=gfortran -o module_phot_tuv.o -c -O2 -ftree-vectorize -funroll-loops -w -ffree-form -ffree-line-length-none -fconvert=big-endian -frecord-marker=4 -fallow-argument-mismatch -fallow-invalid-boz   -I../dyn_em  -I/home/hnavarro/Desktop/WRF/BUILD_WRF/WRF/external/esmf_time_f90  -I/home/hnavarro/Desktop/WRF/BUILD_WRF/WRF/main -I/home/hnavarro/Desktop/WRF/BUILD_WRF/WRF/external/io_netcdf -I/home/hnavarro/Desktop/WRF/BUILD_WRF/WRF/external/io_int -I/home/hnavarro/Desktop/WRF/BUILD_WRF/WRF/frame -I/home/hnavarro/Desktop/WRF/BUILD_WRF/WRF/share -I/home/hnavarro/Desktop/WRF/BUILD_WRF/WRF/phys -I/home/hnavarro/Desktop/WRF/BUILD_WRF/WRF/wrftladj -I/home/hnavarro/Desktop/WRF/BUILD_WRF/WRF/chem -I/home/hnavarro/Desktop/WRF/BUILD_WRF/WRF/inc -I/home/hnavarro/Desktop/WRF/Install-WRF-Chem/LIBRARIES/netcdf/include    module_phot_tuv.f90
5.61user 0.11system 0:05.76elapsed 99%CPU (0avgtext+0avgdata 130496maxresident)k
0inputs+1448outputs (0major+39681minor)pagefaults 0swaps
rm -f module_mosaic_astem.o
sed -e "s/^\!.*'.*//" -e "s/^ *\!.*'.*//" module_mosaic_astem.F > module_mosaic_astem.G
/lib/cpp -P -nostdinc -I/home/hnavarro/Desktop/WRF/BUILD_WRF/WRF/inc -DEM_CORE=1 -DNMM_CORE=0 -DNMM_MAX_DIM=2600 -DDA_CORE=0 -DWRFPLUS=0 -DIWORDSIZE=4 -DDWORDSIZE=8 -DRWORDSIZE=4 -DLWORDSIZE=4 -DNONSTANDARD_SYSTEM_SUBR  -DWRF_USE_CLM  -DDM_PARALLEL -DNETCDF -DLANDREAD_STUB=1 -DUSE_ALLOCATABLES -Dwrfmodel -DGRIB1 -DINTIO -DKEEP_INT_AROUND -DLIMIT_ARGS -DBUILD_RRTMG_FAST=0 -DBUILD_RRTMK=0 -DBUILD_SBM_FAST=1 -DSHOW_ALL_VARS_USED=0 -DCONFIG_BUF_LEN=65536 -DMAX_DOMAINS_F=21 -DMAX_HISTORY=25 -DNMM_NEST=0 -DWRF_CHEM -DBUILD_CHEM=1 -I. -traditional-cpp   module_mosaic_astem.G  > module_mosaic_astem.bb
/home/hnavarro/Desktop/WRF/BUILD_WRF/WRF/tools/standard.exe module_mosaic_astem.bb | /lib/cpp -P -nostdinc -traditional-cpp > module_mosaic_astem.f90
rm -f module_mosaic_astem.G module_mosaic_astem.bb
time mpif90 -f90=gfortran -o module_mosaic_astem.o -c -O2 -ftree-vectorize -funroll-loops -w -ffree-form -ffree-line-length-none -fconvert=big-endian -frecord-marker=4 -fallow-argument-mismatch -fallow-invalid-boz   -I../dyn_em  -I/home/hnavarro/Desktop/WRF/BUILD_WRF/WRF/external/esmf_time_f90  -I/home/hnavarro/Desktop/WRF/BUILD_WRF/WRF/main -I/home/hnavarro/Desktop/WRF/BUILD_WRF/WRF/external/io_netcdf -I/home/hnavarro/Desktop/WRF/BUILD_WRF/WRF/external/io_int -I/home/hnavarro/Desktop/WRF/BUILD_WRF/WRF/frame -I/home/hnavarro/Desktop/WRF/BUILD_WRF/WRF/share -I/home/hnavarro/Desktop/WRF/BUILD_WRF/WRF/phys -I/home/hnavarro/Desktop/WRF/BUILD_WRF/WRF/wrftladj -I/home/hnavarro/Desktop/WRF/BUILD_WRF/WRF/chem -I/home/hnavarro/Desktop/WRF/BUILD_WRF/WRF/inc -I/home/hnavarro/Desktop/WRF/Install-WRF-Chem/LIBRARIES/netcdf/include    module_mosaic_astem.f90
0.85user 0.04system 0:00.91elapsed 99%CPU (0avgtext+0avgdata 62908maxresident)k
0inputs+848outputs (0major+17376minor)pagefaults 0swaps
rm -f module_mosaic_wetscav.o
sed -e "s/^\!.*'.*//" -e "s/^ *\!.*'.*//" module_mosaic_wetscav.F > module_mosaic_wetscav.G
/lib/cpp -P -nostdinc -I/home/hnavarro/Desktop/WRF/BUILD_WRF/WRF/inc -DEM_CORE=1 -DNMM_CORE=0 -DNMM_MAX_DIM=2600 -DDA_CORE=0 -DWRFPLUS=0 -DIWORDSIZE=4 -DDWORDSIZE=8 -DRWORDSIZE=4 -DLWORDSIZE=4 -DNONSTANDARD_SYSTEM_SUBR  -DWRF_USE_CLM  -DDM_PARALLEL -DNETCDF -DLANDREAD_STUB=1 -DUSE_ALLOCATABLES -Dwrfmodel -DGRIB1 -DINTIO -DKEEP_INT_AROUND -DLIMIT_ARGS -DBUILD_RRTMG_FAST=0 -DBUILD_RRTMK=0 -DBUILD_SBM_FAST=1 -DSHOW_ALL_VARS_USED=0 -DCONFIG_BUF_LEN=65536 -DMAX_DOMAINS_F=21 -DMAX_HISTORY=25 -DNMM_NEST=0 -DWRF_CHEM -DBUILD_CHEM=1 -I. -traditional-cpp   module_mosaic_wetscav.G  > module_mosaic_wetscav.bb
/home/hnavarro/Desktop/WRF/BUILD_WRF/WRF/tools/standard.exe module_mosaic_wetscav.bb | /lib/cpp -P -nostdinc -traditional-cpp > module_mosaic_wetscav.f90
rm -f module_mosaic_wetscav.G module_mosaic_wetscav.bb
time mpif90 -f90=gfortran -o module_mosaic_wetscav.o -c -O2 -ftree-vectorize -funroll-loops -w -ffree-form -ffree-line-length-none -fconvert=big-endian -frecord-marker=4 -fallow-argument-mismatch -fallow-invalid-boz   -I../dyn_em  -I/home/hnavarro/Desktop/WRF/BUILD_WRF/WRF/external/esmf_time_f90  -I/home/hnavarro/Desktop/WRF/BUILD_WRF/WRF/main -I/home/hnavarro/Desktop/WRF/BUILD_WRF/WRF/external/io_netcdf -I/home/hnavarro/Desktop/WRF/BUILD_WRF/WRF/external/io_int -I/home/hnavarro/Desktop/WRF/BUILD_WRF/WRF/frame -I/home/hnavarro/Desktop/WRF/BUILD_WRF/WRF/share -I/home/hnavarro/Desktop/WRF/BUILD_WRF/WRF/phys -I/home/hnavarro/Desktop/WRF/BUILD_WRF/WRF/wrftladj -I/home/hnavarro/Desktop/WRF/BUILD_WRF/WRF/chem -I/home/hnavarro/Desktop/WRF/BUILD_WRF/WRF/inc -I/home/hnavarro/Desktop/WRF/Install-WRF-Chem/LIBRARIES/netcdf/include    module_mosaic_wetscav.f90
2.67user 0.07system 0:02.75elapsed 99%CPU (0avgtext+0avgdata 81472maxresident)k
0inputs+608outputs (0major+26573minor)pagefaults 0swaps
rm -f module_cam_mam_init.o
sed -e "s/^\!.*'.*//" -e "s/^ *\!.*'.*//" module_cam_mam_init.F > module_cam_mam_init.G
/lib/cpp -P -nostdinc -I/home/hnavarro/Desktop/WRF/BUILD_WRF/WRF/inc -DEM_CORE=1 -DNMM_CORE=0 -DNMM_MAX_DIM=2600 -DDA_CORE=0 -DWRFPLUS=0 -DIWORDSIZE=4 -DDWORDSIZE=8 -DRWORDSIZE=4 -DLWORDSIZE=4 -DNONSTANDARD_SYSTEM_SUBR  -DWRF_USE_CLM  -DDM_PARALLEL -DNETCDF -DLANDREAD_STUB=1 -DUSE_ALLOCATABLES -Dwrfmodel -DGRIB1 -DINTIO -DKEEP_INT_AROUND -DLIMIT_ARGS -DBUILD_RRTMG_FAST=0 -DBUILD_RRTMK=0 -DBUILD_SBM_FAST=1 -DSHOW_ALL_VARS_USED=0 -DCONFIG_BUF_LEN=65536 -DMAX_DOMAINS_F=21 -DMAX_HISTORY=25 -DNMM_NEST=0 -DWRF_CHEM -DBUILD_CHEM=1 -I. -traditional-cpp   module_cam_mam_init.G  > module_cam_mam_init.bb
/home/hnavarro/Desktop/WRF/BUILD_WRF/WRF/tools/standard.exe module_cam_mam_init.bb | /lib/cpp -P -nostdinc -traditional-cpp > module_cam_mam_init.f90
rm -f module_cam_mam_init.G module_cam_mam_init.bb
time mpif90 -f90=gfortran -o module_cam_mam_init.o -c -O2 -ftree-vectorize -funroll-loops -w -ffree-form -ffree-line-length-none -fconvert=big-endian -frecord-marker=4 -fallow-argument-mismatch -fallow-invalid-boz   -I../dyn_em  -I/home/hnavarro/Desktop/WRF/BUILD_WRF/WRF/external/esmf_time_f90  -I/home/hnavarro/Desktop/WRF/BUILD_WRF/WRF/main -I/home/hnavarro/Desktop/WRF/BUILD_WRF/WRF/external/io_netcdf -I/home/hnavarro/Desktop/WRF/BUILD_WRF/WRF/external/io_int -I/home/hnavarro/Desktop/WRF/BUILD_WRF/WRF/frame -I/home/hnavarro/Desktop/WRF/BUILD_WRF/WRF/share -I/home/hnavarro/Desktop/WRF/BUILD_WRF/WRF/phys -I/home/hnavarro/Desktop/WRF/BUILD_WRF/WRF/wrftladj -I/home/hnavarro/Desktop/WRF/BUILD_WRF/WRF/chem -I/home/hnavarro/Desktop/WRF/BUILD_WRF/WRF/inc -I/home/hnavarro/Desktop/WRF/Install-WRF-Chem/LIBRARIES/netcdf/include    module_cam_mam_init.f90
6.42user 0.16system 0:06.60elapsed 99%CPU (0avgtext+0avgdata 308392maxresident)k
0inputs+1864outputs (0major+83871minor)pagefaults 0swaps
rm -f module_aerosols_sorgam_vbs.o
sed -e "s/^\!.*'.*//" -e "s/^ *\!.*'.*//" module_aerosols_sorgam_vbs.F > module_aerosols_sorgam_vbs.G
/lib/cpp -P -nostdinc -I/home/hnavarro/Desktop/WRF/BUILD_WRF/WRF/inc -DEM_CORE=1 -DNMM_CORE=0 -DNMM_MAX_DIM=2600 -DDA_CORE=0 -DWRFPLUS=0 -DIWORDSIZE=4 -DDWORDSIZE=8 -DRWORDSIZE=4 -DLWORDSIZE=4 -DNONSTANDARD_SYSTEM_SUBR  -DWRF_USE_CLM  -DDM_PARALLEL -DNETCDF -DLANDREAD_STUB=1 -DUSE_ALLOCATABLES -Dwrfmodel -DGRIB1 -DINTIO -DKEEP_INT_AROUND -DLIMIT_ARGS -DBUILD_RRTMG_FAST=0 -DBUILD_RRTMK=0 -DBUILD_SBM_FAST=1 -DSHOW_ALL_VARS_USED=0 -DCONFIG_BUF_LEN=65536 -DMAX_DOMAINS_F=21 -DMAX_HISTORY=25 -DNMM_NEST=0 -DWRF_CHEM -DBUILD_CHEM=1 -I. -traditional-cpp   module_aerosols_sorgam_vbs.G  > module_aerosols_sorgam_vbs.bb
/home/hnavarro/Desktop/WRF/BUILD_WRF/WRF/tools/standard.exe module_aerosols_sorgam_vbs.bb | /lib/cpp -P -nostdinc -traditional-cpp > module_aerosols_sorgam_vbs.f90
rm -f module_aerosols_sorgam_vbs.G module_aerosols_sorgam_vbs.bb
time mpif90 -f90=gfortran -o module_aerosols_sorgam_vbs.o -c -O2 -ftree-vectorize -funroll-loops -w -ffree-form -ffree-line-length-none -fconvert=big-endian -frecord-marker=4 -fallow-argument-mismatch -fallow-invalid-boz   -I../dyn_em  -I/home/hnavarro/Desktop/WRF/BUILD_WRF/WRF/external/esmf_time_f90  -I/home/hnavarro/Desktop/WRF/BUILD_WRF/WRF/main -I/home/hnavarro/Desktop/WRF/BUILD_WRF/WRF/external/io_netcdf -I/home/hnavarro/Desktop/WRF/BUILD_WRF/WRF/external/io_int -I/home/hnavarro/Desktop/WRF/BUILD_WRF/WRF/frame -I/home/hnavarro/Desktop/WRF/BUILD_WRF/WRF/share -I/home/hnavarro/Desktop/WRF/BUILD_WRF/WRF/phys -I/home/hnavarro/Desktop/WRF/BUILD_WRF/WRF/wrftladj -I/home/hnavarro/Desktop/WRF/BUILD_WRF/WRF/chem -I/home/hnavarro/Desktop/WRF/BUILD_WRF/WRF/inc -I/home/hnavarro/Desktop/WRF/Install-WRF-Chem/LIBRARIES/netcdf/include    module_aerosols_sorgam_vbs.f90
0.81user 0.06system 0:00.89elapsed 99%CPU (0avgtext+0avgdata 66836maxresident)k
0inputs+528outputs (0major+27332minor)pagefaults 0swaps
rm -f module_prep_wetscav_sorgam.o
sed -e "s/^\!.*'.*//" -e "s/^ *\!.*'.*//" module_prep_wetscav_sorgam.F > module_prep_wetscav_sorgam.G
/lib/cpp -P -nostdinc -I/home/hnavarro/Desktop/WRF/BUILD_WRF/WRF/inc -DEM_CORE=1 -DNMM_CORE=0 -DNMM_MAX_DIM=2600 -DDA_CORE=0 -DWRFPLUS=0 -DIWORDSIZE=4 -DDWORDSIZE=8 -DRWORDSIZE=4 -DLWORDSIZE=4 -DNONSTANDARD_SYSTEM_SUBR  -DWRF_USE_CLM  -DDM_PARALLEL -DNETCDF -DLANDREAD_STUB=1 -DUSE_ALLOCATABLES -Dwrfmodel -DGRIB1 -DINTIO -DKEEP_INT_AROUND -DLIMIT_ARGS -DBUILD_RRTMG_FAST=0 -DBUILD_RRTMK=0 -DBUILD_SBM_FAST=1 -DSHOW_ALL_VARS_USED=0 -DCONFIG_BUF_LEN=65536 -DMAX_DOMAINS_F=21 -DMAX_HISTORY=25 -DNMM_NEST=0 -DWRF_CHEM -DBUILD_CHEM=1 -I. -traditional-cpp   module_prep_wetscav_sorgam.G  > module_prep_wetscav_sorgam.bb
/home/hnavarro/Desktop/WRF/BUILD_WRF/WRF/tools/standard.exe module_prep_wetscav_sorgam.bb | /lib/cpp -P -nostdinc -traditional-cpp > module_prep_wetscav_sorgam.f90
rm -f module_prep_wetscav_sorgam.G module_prep_wetscav_sorgam.bb
time mpif90 -f90=gfortran -o module_prep_wetscav_sorgam.o -c -O2 -ftree-vectorize -funroll-loops -w -ffree-form -ffree-line-length-none -fconvert=big-endian -frecord-marker=4 -fallow-argument-mismatch -fallow-invalid-boz   -I../dyn_em  -I/home/hnavarro/Desktop/WRF/BUILD_WRF/WRF/external/esmf_time_f90  -I/home/hnavarro/Desktop/WRF/BUILD_WRF/WRF/main -I/home/hnavarro/Desktop/WRF/BUILD_WRF/WRF/external/io_netcdf -I/home/hnavarro/Desktop/WRF/BUILD_WRF/WRF/external/io_int -I/home/hnavarro/Desktop/WRF/BUILD_WRF/WRF/frame -I/home/hnavarro/Desktop/WRF/BUILD_WRF/WRF/share -I/home/hnavarro/Desktop/WRF/BUILD_WRF/WRF/phys -I/home/hnavarro/Desktop/WRF/BUILD_WRF/WRF/wrftladj -I/home/hnavarro/Desktop/WRF/BUILD_WRF/WRF/chem -I/home/hnavarro/Desktop/WRF/BUILD_WRF/WRF/inc -I/home/hnavarro/Desktop/WRF/Install-WRF-Chem/LIBRARIES/netcdf/include    module_prep_wetscav_sorgam.f90
2.76user 0.09system 0:02.87elapsed 99%CPU (0avgtext+0avgdata 57684maxresident)k
0inputs+680outputs (0major+16906minor)pagefaults 0swaps
rm -f module_cam_mam_addemiss.o
sed -e "s/^\!.*'.*//" -e "s/^ *\!.*'.*//" module_cam_mam_addemiss.F > module_cam_mam_addemiss.G
/lib/cpp -P -nostdinc -I/home/hnavarro/Desktop/WRF/BUILD_WRF/WRF/inc -DEM_CORE=1 -DNMM_CORE=0 -DNMM_MAX_DIM=2600 -DDA_CORE=0 -DWRFPLUS=0 -DIWORDSIZE=4 -DDWORDSIZE=8 -DRWORDSIZE=4 -DLWORDSIZE=4 -DNONSTANDARD_SYSTEM_SUBR  -DWRF_USE_CLM  -DDM_PARALLEL -DNETCDF -DLANDREAD_STUB=1 -DUSE_ALLOCATABLES -Dwrfmodel -DGRIB1 -DINTIO -DKEEP_INT_AROUND -DLIMIT_ARGS -DBUILD_RRTMG_FAST=0 -DBUILD_RRTMK=0 -DBUILD_SBM_FAST=1 -DSHOW_ALL_VARS_USED=0 -DCONFIG_BUF_LEN=65536 -DMAX_DOMAINS_F=21 -DMAX_HISTORY=25 -DNMM_NEST=0 -DWRF_CHEM -DBUILD_CHEM=1 -I. -traditional-cpp   module_cam_mam_addemiss.G  > module_cam_mam_addemiss.bb
/home/hnavarro/Desktop/WRF/BUILD_WRF/WRF/tools/standard.exe module_cam_mam_addemiss.bb | /lib/cpp -P -nostdinc -traditional-cpp > module_cam_mam_addemiss.f90
rm -f module_cam_mam_addemiss.G module_cam_mam_addemiss.bb
time mpif90 -f90=gfortran -o module_cam_mam_addemiss.o -c -O2 -ftree-vectorize -funroll-loops -w -ffree-form -ffree-line-length-none -fconvert=big-endian -frecord-marker=4 -fallow-argument-mismatch -fallow-invalid-boz   -I../dyn_em  -I/home/hnavarro/Desktop/WRF/BUILD_WRF/WRF/external/esmf_time_f90  -I/home/hnavarro/Desktop/WRF/BUILD_WRF/WRF/main -I/home/hnavarro/Desktop/WRF/BUILD_WRF/WRF/external/io_netcdf -I/home/hnavarro/Desktop/WRF/BUILD_WRF/WRF/external/io_int -I/home/hnavarro/Desktop/WRF/BUILD_WRF/WRF/frame -I/home/hnavarro/Desktop/WRF/BUILD_WRF/WRF/share -I/home/hnavarro/Desktop/WRF/BUILD_WRF/WRF/phys -I/home/hnavarro/Desktop/WRF/BUILD_WRF/WRF/wrftladj -I/home/hnavarro/Desktop/WRF/BUILD_WRF/WRF/chem -I/home/hnavarro/Desktop/WRF/BUILD_WRF/WRF/inc -I/home/hnavarro/Desktop/WRF/Install-WRF-Chem/LIBRARIES/netcdf/include    module_cam_mam_addemiss.f90
0.91user 0.05system 0:00.97elapsed 99%CPU (0avgtext+0avgdata 60188maxresident)k
0inputs+280outputs (0major+19663minor)pagefaults 0swaps
rm -f module_mosaic_lsode.o
sed -e "s/^\!.*'.*//" -e "s/^ *\!.*'.*//" module_mosaic_lsode.F > module_mosaic_lsode.G
/lib/cpp -P -nostdinc -I/home/hnavarro/Desktop/WRF/BUILD_WRF/WRF/inc -DEM_CORE=1 -DNMM_CORE=0 -DNMM_MAX_DIM=2600 -DDA_CORE=0 -DWRFPLUS=0 -DIWORDSIZE=4 -DDWORDSIZE=8 -DRWORDSIZE=4 -DLWORDSIZE=4 -DNONSTANDARD_SYSTEM_SUBR  -DWRF_USE_CLM  -DDM_PARALLEL -DNETCDF -DLANDREAD_STUB=1 -DUSE_ALLOCATABLES -Dwrfmodel -DGRIB1 -DINTIO -DKEEP_INT_AROUND -DLIMIT_ARGS -DBUILD_RRTMG_FAST=0 -DBUILD_RRTMK=0 -DBUILD_SBM_FAST=1 -DSHOW_ALL_VARS_USED=0 -DCONFIG_BUF_LEN=65536 -DMAX_DOMAINS_F=21 -DMAX_HISTORY=25 -DNMM_NEST=0 -DWRF_CHEM -DBUILD_CHEM=1 -I. -traditional-cpp   module_mosaic_lsode.G  > module_mosaic_lsode.bb
/home/hnavarro/Desktop/WRF/BUILD_WRF/WRF/tools/standard.exe module_mosaic_lsode.bb | /lib/cpp -P -nostdinc -traditional-cpp > module_mosaic_lsode.f90
rm -f module_mosaic_lsode.G module_mosaic_lsode.bb
time mpif90 -f90=gfortran -o module_mosaic_lsode.o -c -O2 -ftree-vectorize -funroll-loops -w -ffree-form -ffree-line-length-none -fconvert=big-endian -frecord-marker=4 -fallow-argument-mismatch -fallow-invalid-boz   -I../dyn_em  -I/home/hnavarro/Desktop/WRF/BUILD_WRF/WRF/external/esmf_time_f90  -I/home/hnavarro/Desktop/WRF/BUILD_WRF/WRF/main -I/home/hnavarro/Desktop/WRF/BUILD_WRF/WRF/external/io_netcdf -I/home/hnavarro/Desktop/WRF/BUILD_WRF/WRF/external/io_int -I/home/hnavarro/Desktop/WRF/BUILD_WRF/WRF/frame -I/home/hnavarro/Desktop/WRF/BUILD_WRF/WRF/share -I/home/hnavarro/Desktop/WRF/BUILD_WRF/WRF/phys -I/home/hnavarro/Desktop/WRF/BUILD_WRF/WRF/wrftladj -I/home/hnavarro/Desktop/WRF/BUILD_WRF/WRF/chem -I/home/hnavarro/Desktop/WRF/BUILD_WRF/WRF/inc -I/home/hnavarro/Desktop/WRF/Install-WRF-Chem/LIBRARIES/netcdf/include    module_mosaic_lsode.f90
0.02user 0.04system 0:00.06elapsed 96%CPU (0avgtext+0avgdata 23936maxresident)k
0inputs+24outputs (0major+7460minor)pagefaults 0swaps
rm -f module_aerosols_sorgam.o
sed -e "s/^\!.*'.*//" -e "s/^ *\!.*'.*//" module_aerosols_sorgam.F > module_aerosols_sorgam.G
/lib/cpp -P -nostdinc -I/home/hnavarro/Desktop/WRF/BUILD_WRF/WRF/inc -DEM_CORE=1 -DNMM_CORE=0 -DNMM_MAX_DIM=2600 -DDA_CORE=0 -DWRFPLUS=0 -DIWORDSIZE=4 -DDWORDSIZE=8 -DRWORDSIZE=4 -DLWORDSIZE=4 -DNONSTANDARD_SYSTEM_SUBR  -DWRF_USE_CLM  -DDM_PARALLEL -DNETCDF -DLANDREAD_STUB=1 -DUSE_ALLOCATABLES -Dwrfmodel -DGRIB1 -DINTIO -DKEEP_INT_AROUND -DLIMIT_ARGS -DBUILD_RRTMG_FAST=0 -DBUILD_RRTMK=0 -DBUILD_SBM_FAST=1 -DSHOW_ALL_VARS_USED=0 -DCONFIG_BUF_LEN=65536 -DMAX_DOMAINS_F=21 -DMAX_HISTORY=25 -DNMM_NEST=0 -DWRF_CHEM -DBUILD_CHEM=1 -I. -traditional-cpp   module_aerosols_sorgam.G  > module_aerosols_sorgam.bb
/home/hnavarro/Desktop/WRF/BUILD_WRF/WRF/tools/standard.exe module_aerosols_sorgam.bb | /lib/cpp -P -nostdinc -traditional-cpp > module_aerosols_sorgam.f90
rm -f module_aerosols_sorgam.G module_aerosols_sorgam.bb
time mpif90 -f90=gfortran -o module_aerosols_sorgam.o -c -O2 -ftree-vectorize -funroll-loops -w -ffree-form -ffree-line-length-none -fconvert=big-endian -frecord-marker=4 -fallow-argument-mismatch -fallow-invalid-boz   -I../dyn_em  -I/home/hnavarro/Desktop/WRF/BUILD_WRF/WRF/external/esmf_time_f90  -I/home/hnavarro/Desktop/WRF/BUILD_WRF/WRF/main -I/home/hnavarro/Desktop/WRF/BUILD_WRF/WRF/external/io_netcdf -I/home/hnavarro/Desktop/WRF/BUILD_WRF/WRF/external/io_int -I/home/hnavarro/Desktop/WRF/BUILD_WRF/WRF/frame -I/home/hnavarro/Desktop/WRF/BUILD_WRF/WRF/share -I/home/hnavarro/Desktop/WRF/BUILD_WRF/WRF/phys -I/home/hnavarro/Desktop/WRF/BUILD_WRF/WRF/wrftladj -I/home/hnavarro/Desktop/WRF/BUILD_WRF/WRF/chem -I/home/hnavarro/Desktop/WRF/BUILD_WRF/WRF/inc -I/home/hnavarro/Desktop/WRF/Install-WRF-Chem/LIBRARIES/netcdf/include    module_aerosols_sorgam.f90
8.45user 0.15system 0:08.64elapsed 99%CPU (0avgtext+0avgdata 221420maxresident)k
0inputs+2600outputs (0major+65815minor)pagefaults 0swaps
rm -f module_cam_mam_initmixrats.o
sed -e "s/^\!.*'.*//" -e "s/^ *\!.*'.*//" module_cam_mam_initmixrats.F > module_cam_mam_initmixrats.G
/lib/cpp -P -nostdinc -I/home/hnavarro/Desktop/WRF/BUILD_WRF/WRF/inc -DEM_CORE=1 -DNMM_CORE=0 -DNMM_MAX_DIM=2600 -DDA_CORE=0 -DWRFPLUS=0 -DIWORDSIZE=4 -DDWORDSIZE=8 -DRWORDSIZE=4 -DLWORDSIZE=4 -DNONSTANDARD_SYSTEM_SUBR  -DWRF_USE_CLM  -DDM_PARALLEL -DNETCDF -DLANDREAD_STUB=1 -DUSE_ALLOCATABLES -Dwrfmodel -DGRIB1 -DINTIO -DKEEP_INT_AROUND -DLIMIT_ARGS -DBUILD_RRTMG_FAST=0 -DBUILD_RRTMK=0 -DBUILD_SBM_FAST=1 -DSHOW_ALL_VARS_USED=0 -DCONFIG_BUF_LEN=65536 -DMAX_DOMAINS_F=21 -DMAX_HISTORY=25 -DNMM_NEST=0 -DWRF_CHEM -DBUILD_CHEM=1 -I. -traditional-cpp   module_cam_mam_initmixrats.G  > module_cam_mam_initmixrats.bb
/home/hnavarro/Desktop/WRF/BUILD_WRF/WRF/tools/standard.exe module_cam_mam_initmixrats.bb | /lib/cpp -P -nostdinc -traditional-cpp > module_cam_mam_initmixrats.f90
rm -f module_cam_mam_initmixrats.G module_cam_mam_initmixrats.bb
time mpif90 -f90=gfortran -o module_cam_mam_initmixrats.o -c -O2 -ftree-vectorize -funroll-loops -w -ffree-form -ffree-line-length-none -fconvert=big-endian -frecord-marker=4 -fallow-argument-mismatch -fallow-invalid-boz   -I../dyn_em  -I/home/hnavarro/Desktop/WRF/BUILD_WRF/WRF/external/esmf_time_f90  -I/home/hnavarro/Desktop/WRF/BUILD_WRF/WRF/main -I/home/hnavarro/Desktop/WRF/BUILD_WRF/WRF/external/io_netcdf -I/home/hnavarro/Desktop/WRF/BUILD_WRF/WRF/external/io_int -I/home/hnavarro/Desktop/WRF/BUILD_WRF/WRF/frame -I/home/hnavarro/Desktop/WRF/BUILD_WRF/WRF/share -I/home/hnavarro/Desktop/WRF/BUILD_WRF/WRF/phys -I/home/hnavarro/Desktop/WRF/BUILD_WRF/WRF/wrftladj -I/home/hnavarro/Desktop/WRF/BUILD_WRF/WRF/chem -I/home/hnavarro/Desktop/WRF/BUILD_WRF/WRF/inc -I/home/hnavarro/Desktop/WRF/Install-WRF-Chem/LIBRARIES/netcdf/include    module_cam_mam_initmixrats.f90
0.38user 0.06system 0:00.44elapsed 98%CPU (0avgtext+0avgdata 48308maxresident)k
0inputs+208outputs (0major+17736minor)pagefaults 0swaps
rm -f module_sorgam_vbs_cloudchem.o
sed -e "s/^\!.*'.*//" -e "s/^ *\!.*'.*//" module_sorgam_vbs_cloudchem.F > module_sorgam_vbs_cloudchem.G
/lib/cpp -P -nostdinc -I/home/hnavarro/Desktop/WRF/BUILD_WRF/WRF/inc -DEM_CORE=1 -DNMM_CORE=0 -DNMM_MAX_DIM=2600 -DDA_CORE=0 -DWRFPLUS=0 -DIWORDSIZE=4 -DDWORDSIZE=8 -DRWORDSIZE=4 -DLWORDSIZE=4 -DNONSTANDARD_SYSTEM_SUBR  -DWRF_USE_CLM  -DDM_PARALLEL -DNETCDF -DLANDREAD_STUB=1 -DUSE_ALLOCATABLES -Dwrfmodel -DGRIB1 -DINTIO -DKEEP_INT_AROUND -DLIMIT_ARGS -DBUILD_RRTMG_FAST=0 -DBUILD_RRTMK=0 -DBUILD_SBM_FAST=1 -DSHOW_ALL_VARS_USED=0 -DCONFIG_BUF_LEN=65536 -DMAX_DOMAINS_F=21 -DMAX_HISTORY=25 -DNMM_NEST=0 -DWRF_CHEM -DBUILD_CHEM=1 -I. -traditional-cpp   module_sorgam_vbs_cloudchem.G  > module_sorgam_vbs_cloudchem.bb
/home/hnavarro/Desktop/WRF/BUILD_WRF/WRF/tools/standard.exe module_sorgam_vbs_cloudchem.bb | /lib/cpp -P -nostdinc -traditional-cpp > module_sorgam_vbs_cloudchem.f90
rm -f module_sorgam_vbs_cloudchem.G module_sorgam_vbs_cloudchem.bb
time mpif90 -f90=gfortran -o module_sorgam_vbs_cloudchem.o -c -O2 -ftree-vectorize -funroll-loops -w -ffree-form -ffree-line-length-none -fconvert=big-endian -frecord-marker=4 -fallow-argument-mismatch -fallow-invalid-boz   -I../dyn_em  -I/home/hnavarro/Desktop/WRF/BUILD_WRF/WRF/external/esmf_time_f90  -I/home/hnavarro/Desktop/WRF/BUILD_WRF/WRF/main -I/home/hnavarro/Desktop/WRF/BUILD_WRF/WRF/external/io_netcdf -I/home/hnavarro/Desktop/WRF/BUILD_WRF/WRF/external/io_int -I/home/hnavarro/Desktop/WRF/BUILD_WRF/WRF/frame -I/home/hnavarro/Desktop/WRF/BUILD_WRF/WRF/share -I/home/hnavarro/Desktop/WRF/BUILD_WRF/WRF/phys -I/home/hnavarro/Desktop/WRF/BUILD_WRF/WRF/wrftladj -I/home/hnavarro/Desktop/WRF/BUILD_WRF/WRF/chem -I/home/hnavarro/Desktop/WRF/BUILD_WRF/WRF/inc -I/home/hnavarro/Desktop/WRF/Install-WRF-Chem/LIBRARIES/netcdf/include    module_sorgam_vbs_cloudchem.f90
0.80user 0.07system 0:00.87elapsed 99%CPU (0avgtext+0avgdata 68244maxresident)k
0inputs+568outputs (0major+28329minor)pagefaults 0swaps
rm -f module_mosaic_box_aerchem.o
sed -e "s/^\!.*'.*//" -e "s/^ *\!.*'.*//" module_mosaic_box_aerchem.F > module_mosaic_box_aerchem.G
/lib/cpp -P -nostdinc -I/home/hnavarro/Desktop/WRF/BUILD_WRF/WRF/inc -DEM_CORE=1 -DNMM_CORE=0 -DNMM_MAX_DIM=2600 -DDA_CORE=0 -DWRFPLUS=0 -DIWORDSIZE=4 -DDWORDSIZE=8 -DRWORDSIZE=4 -DLWORDSIZE=4 -DNONSTANDARD_SYSTEM_SUBR  -DWRF_USE_CLM  -DDM_PARALLEL -DNETCDF -DLANDREAD_STUB=1 -DUSE_ALLOCATABLES -Dwrfmodel -DGRIB1 -DINTIO -DKEEP_INT_AROUND -DLIMIT_ARGS -DBUILD_RRTMG_FAST=0 -DBUILD_RRTMK=0 -DBUILD_SBM_FAST=1 -DSHOW_ALL_VARS_USED=0 -DCONFIG_BUF_LEN=65536 -DMAX_DOMAINS_F=21 -DMAX_HISTORY=25 -DNMM_NEST=0 -DWRF_CHEM -DBUILD_CHEM=1 -I. -traditional-cpp   module_mosaic_box_aerchem.G  > module_mosaic_box_aerchem.bb
/home/hnavarro/Desktop/WRF/BUILD_WRF/WRF/tools/standard.exe module_mosaic_box_aerchem.bb | /lib/cpp -P -nostdinc -traditional-cpp > module_mosaic_box_aerchem.f90
rm -f module_mosaic_box_aerchem.G module_mosaic_box_aerchem.bb
time mpif90 -f90=gfortran -o module_mosaic_box_aerchem.o -c -O2 -ftree-vectorize -funroll-loops -w -ffree-form -ffree-line-length-none -fconvert=big-endian -frecord-marker=4 -fallow-argument-mismatch -fallow-invalid-boz   -I../dyn_em  -I/home/hnavarro/Desktop/WRF/BUILD_WRF/WRF/external/esmf_time_f90  -I/home/hnavarro/Desktop/WRF/BUILD_WRF/WRF/main -I/home/hnavarro/Desktop/WRF/BUILD_WRF/WRF/external/io_netcdf -I/home/hnavarro/Desktop/WRF/BUILD_WRF/WRF/external/io_int -I/home/hnavarro/Desktop/WRF/BUILD_WRF/WRF/frame -I/home/hnavarro/Desktop/WRF/BUILD_WRF/WRF/share -I/home/hnavarro/Desktop/WRF/BUILD_WRF/WRF/phys -I/home/hnavarro/Desktop/WRF/BUILD_WRF/WRF/wrftladj -I/home/hnavarro/Desktop/WRF/BUILD_WRF/WRF/chem -I/home/hnavarro/Desktop/WRF/BUILD_WRF/WRF/inc -I/home/hnavarro/Desktop/WRF/Install-WRF-Chem/LIBRARIES/netcdf/include    module_mosaic_box_aerchem.f90
5.53user 0.15system 0:05.70elapsed 99%CPU (0avgtext+0avgdata 203216maxresident)k
0inputs+2528outputs (0major+61671minor)pagefaults 0swaps
rm -f module_input_chem_data.o
sed -e "s/^\!.*'.*//" -e "s/^ *\!.*'.*//" module_input_chem_data.F > module_input_chem_data.G
/lib/cpp -P -nostdinc -I/home/hnavarro/Desktop/WRF/BUILD_WRF/WRF/inc -DEM_CORE=1 -DNMM_CORE=0 -DNMM_MAX_DIM=2600 -DDA_CORE=0 -DWRFPLUS=0 -DIWORDSIZE=4 -DDWORDSIZE=8 -DRWORDSIZE=4 -DLWORDSIZE=4 -DNONSTANDARD_SYSTEM_SUBR  -DWRF_USE_CLM  -DDM_PARALLEL -DNETCDF -DLANDREAD_STUB=1 -DUSE_ALLOCATABLES -Dwrfmodel -DGRIB1 -DINTIO -DKEEP_INT_AROUND -DLIMIT_ARGS -DBUILD_RRTMG_FAST=0 -DBUILD_RRTMK=0 -DBUILD_SBM_FAST=1 -DSHOW_ALL_VARS_USED=0 -DCONFIG_BUF_LEN=65536 -DMAX_DOMAINS_F=21 -DMAX_HISTORY=25 -DNMM_NEST=0 -DWRF_CHEM -DBUILD_CHEM=1 -I. -traditional-cpp   module_input_chem_data.G  > module_input_chem_data.bb
/home/hnavarro/Desktop/WRF/BUILD_WRF/WRF/tools/standard.exe module_input_chem_data.bb | /lib/cpp -P -nostdinc -traditional-cpp > module_input_chem_data.f90
rm -f module_input_chem_data.G module_input_chem_data.bb
time mpif90 -f90=gfortran -o module_input_chem_data.o -c -O2 -ftree-vectorize -funroll-loops -w -ffree-form -ffree-line-length-none -fconvert=big-endian -frecord-marker=4 -fallow-argument-mismatch -fallow-invalid-boz   -I../dyn_em  -I/home/hnavarro/Desktop/WRF/BUILD_WRF/WRF/external/esmf_time_f90  -I/home/hnavarro/Desktop/WRF/BUILD_WRF/WRF/main -I/home/hnavarro/Desktop/WRF/BUILD_WRF/WRF/external/io_netcdf -I/home/hnavarro/Desktop/WRF/BUILD_WRF/WRF/external/io_int -I/home/hnavarro/Desktop/WRF/BUILD_WRF/WRF/frame -I/home/hnavarro/Desktop/WRF/BUILD_WRF/WRF/share -I/home/hnavarro/Desktop/WRF/BUILD_WRF/WRF/phys -I/home/hnavarro/Desktop/WRF/BUILD_WRF/WRF/wrftladj -I/home/hnavarro/Desktop/WRF/BUILD_WRF/WRF/chem -I/home/hnavarro/Desktop/WRF/BUILD_WRF/WRF/inc -I/home/hnavarro/Desktop/WRF/Install-WRF-Chem/LIBRARIES/netcdf/include    module_input_chem_data.f90
0.42user 0.05system 0:00.47elapsed 100%CPU (0avgtext+0avgdata 49756maxresident)k
0inputs+480outputs (0major+13382minor)pagefaults 0swaps
rm -f module_wetscav_driver.o
sed -e "s/^\!.*'.*//" -e "s/^ *\!.*'.*//" module_wetscav_driver.F > module_wetscav_driver.G
/lib/cpp -P -nostdinc -I/home/hnavarro/Desktop/WRF/BUILD_WRF/WRF/inc -DEM_CORE=1 -DNMM_CORE=0 -DNMM_MAX_DIM=2600 -DDA_CORE=0 -DWRFPLUS=0 -DIWORDSIZE=4 -DDWORDSIZE=8 -DRWORDSIZE=4 -DLWORDSIZE=4 -DNONSTANDARD_SYSTEM_SUBR  -DWRF_USE_CLM  -DDM_PARALLEL -DNETCDF -DLANDREAD_STUB=1 -DUSE_ALLOCATABLES -Dwrfmodel -DGRIB1 -DINTIO -DKEEP_INT_AROUND -DLIMIT_ARGS -DBUILD_RRTMG_FAST=0 -DBUILD_RRTMK=0 -DBUILD_SBM_FAST=1 -DSHOW_ALL_VARS_USED=0 -DCONFIG_BUF_LEN=65536 -DMAX_DOMAINS_F=21 -DMAX_HISTORY=25 -DNMM_NEST=0 -DWRF_CHEM -DBUILD_CHEM=1 -I. -traditional-cpp   module_wetscav_driver.G  > module_wetscav_driver.bb
/home/hnavarro/Desktop/WRF/BUILD_WRF/WRF/tools/standard.exe module_wetscav_driver.bb | /lib/cpp -P -nostdinc -traditional-cpp > module_wetscav_driver.f90
rm -f module_wetscav_driver.G module_wetscav_driver.bb
time mpif90 -f90=gfortran -o module_wetscav_driver.o -c -O2 -ftree-vectorize -funroll-loops -w -ffree-form -ffree-line-length-none -fconvert=big-endian -frecord-marker=4 -fallow-argument-mismatch -fallow-invalid-boz   -I../dyn_em  -I/home/hnavarro/Desktop/WRF/BUILD_WRF/WRF/external/esmf_time_f90  -I/home/hnavarro/Desktop/WRF/BUILD_WRF/WRF/main -I/home/hnavarro/Desktop/WRF/BUILD_WRF/WRF/external/io_netcdf -I/home/hnavarro/Desktop/WRF/BUILD_WRF/WRF/external/io_int -I/home/hnavarro/Desktop/WRF/BUILD_WRF/WRF/frame -I/home/hnavarro/Desktop/WRF/BUILD_WRF/WRF/share -I/home/hnavarro/Desktop/WRF/BUILD_WRF/WRF/phys -I/home/hnavarro/Desktop/WRF/BUILD_WRF/WRF/wrftladj -I/home/hnavarro/Desktop/WRF/BUILD_WRF/WRF/chem -I/home/hnavarro/Desktop/WRF/BUILD_WRF/WRF/inc -I/home/hnavarro/Desktop/WRF/Install-WRF-Chem/LIBRARIES/netcdf/include    module_wetscav_driver.f90
1.87user 0.07system 0:01.94elapsed 99%CPU (0avgtext+0avgdata 94724maxresident)k
0inputs+576outputs (0major+27876minor)pagefaults 0swaps
rm -f module_input_chem_bioemiss.o
sed -e "s/^\!.*'.*//" -e "s/^ *\!.*'.*//" module_input_chem_bioemiss.F > module_input_chem_bioemiss.G
/lib/cpp -P -nostdinc -I/home/hnavarro/Desktop/WRF/BUILD_WRF/WRF/inc -DEM_CORE=1 -DNMM_CORE=0 -DNMM_MAX_DIM=2600 -DDA_CORE=0 -DWRFPLUS=0 -DIWORDSIZE=4 -DDWORDSIZE=8 -DRWORDSIZE=4 -DLWORDSIZE=4 -DNONSTANDARD_SYSTEM_SUBR  -DWRF_USE_CLM  -DDM_PARALLEL -DNETCDF -DLANDREAD_STUB=1 -DUSE_ALLOCATABLES -Dwrfmodel -DGRIB1 -DINTIO -DKEEP_INT_AROUND -DLIMIT_ARGS -DBUILD_RRTMG_FAST=0 -DBUILD_RRTMK=0 -DBUILD_SBM_FAST=1 -DSHOW_ALL_VARS_USED=0 -DCONFIG_BUF_LEN=65536 -DMAX_DOMAINS_F=21 -DMAX_HISTORY=25 -DNMM_NEST=0 -DWRF_CHEM -DBUILD_CHEM=1 -I. -traditional-cpp   module_input_chem_bioemiss.G  > module_input_chem_bioemiss.bb
/home/hnavarro/Desktop/WRF/BUILD_WRF/WRF/tools/standard.exe module_input_chem_bioemiss.bb | /lib/cpp -P -nostdinc -traditional-cpp > module_input_chem_bioemiss.f90
rm -f module_input_chem_bioemiss.G module_input_chem_bioemiss.bb
time mpif90 -f90=gfortran -o module_input_chem_bioemiss.o -c -O2 -ftree-vectorize -funroll-loops -w -ffree-form -ffree-line-length-none -fconvert=big-endian -frecord-marker=4 -fallow-argument-mismatch -fallow-invalid-boz   -I../dyn_em  -I/home/hnavarro/Desktop/WRF/BUILD_WRF/WRF/external/esmf_time_f90  -I/home/hnavarro/Desktop/WRF/BUILD_WRF/WRF/main -I/home/hnavarro/Desktop/WRF/BUILD_WRF/WRF/external/io_netcdf -I/home/hnavarro/Desktop/WRF/BUILD_WRF/WRF/external/io_int -I/home/hnavarro/Desktop/WRF/BUILD_WRF/WRF/frame -I/home/hnavarro/Desktop/WRF/BUILD_WRF/WRF/share -I/home/hnavarro/Desktop/WRF/BUILD_WRF/WRF/phys -I/home/hnavarro/Desktop/WRF/BUILD_WRF/WRF/wrftladj -I/home/hnavarro/Desktop/WRF/BUILD_WRF/WRF/chem -I/home/hnavarro/Desktop/WRF/BUILD_WRF/WRF/inc -I/home/hnavarro/Desktop/WRF/Install-WRF-Chem/LIBRARIES/netcdf/include    module_input_chem_bioemiss.f90
4.57user 0.08system 0:04.66elapsed 99%CPU (0avgtext+0avgdata 141924maxresident)k
0inputs+2352outputs (0major+39496minor)pagefaults 0swaps
rm -f module_input_dust_errosion.o
sed -e "s/^\!.*'.*//" -e "s/^ *\!.*'.*//" module_input_dust_errosion.F > module_input_dust_errosion.G
/lib/cpp -P -nostdinc -I/home/hnavarro/Desktop/WRF/BUILD_WRF/WRF/inc -DEM_CORE=1 -DNMM_CORE=0 -DNMM_MAX_DIM=2600 -DDA_CORE=0 -DWRFPLUS=0 -DIWORDSIZE=4 -DDWORDSIZE=8 -DRWORDSIZE=4 -DLWORDSIZE=4 -DNONSTANDARD_SYSTEM_SUBR  -DWRF_USE_CLM  -DDM_PARALLEL -DNETCDF -DLANDREAD_STUB=1 -DUSE_ALLOCATABLES -Dwrfmodel -DGRIB1 -DINTIO -DKEEP_INT_AROUND -DLIMIT_ARGS -DBUILD_RRTMG_FAST=0 -DBUILD_RRTMK=0 -DBUILD_SBM_FAST=1 -DSHOW_ALL_VARS_USED=0 -DCONFIG_BUF_LEN=65536 -DMAX_DOMAINS_F=21 -DMAX_HISTORY=25 -DNMM_NEST=0 -DWRF_CHEM -DBUILD_CHEM=1 -I. -traditional-cpp   module_input_dust_errosion.G  > module_input_dust_errosion.bb
/home/hnavarro/Desktop/WRF/BUILD_WRF/WRF/tools/standard.exe module_input_dust_errosion.bb | /lib/cpp -P -nostdinc -traditional-cpp > module_input_dust_errosion.f90
rm -f module_input_dust_errosion.G module_input_dust_errosion.bb
time mpif90 -f90=gfortran -o module_input_dust_errosion.o -c -O2 -ftree-vectorize -funroll-loops -w -ffree-form -ffree-line-length-none -fconvert=big-endian -frecord-marker=4 -fallow-argument-mismatch -fallow-invalid-boz   -I../dyn_em  -I/home/hnavarro/Desktop/WRF/BUILD_WRF/WRF/external/esmf_time_f90  -I/home/hnavarro/Desktop/WRF/BUILD_WRF/WRF/main -I/home/hnavarro/Desktop/WRF/BUILD_WRF/WRF/external/io_netcdf -I/home/hnavarro/Desktop/WRF/BUILD_WRF/WRF/external/io_int -I/home/hnavarro/Desktop/WRF/BUILD_WRF/WRF/frame -I/home/hnavarro/Desktop/WRF/BUILD_WRF/WRF/share -I/home/hnavarro/Desktop/WRF/BUILD_WRF/WRF/phys -I/home/hnavarro/Desktop/WRF/BUILD_WRF/WRF/wrftladj -I/home/hnavarro/Desktop/WRF/BUILD_WRF/WRF/chem -I/home/hnavarro/Desktop/WRF/BUILD_WRF/WRF/inc -I/home/hnavarro/Desktop/WRF/Install-WRF-Chem/LIBRARIES/netcdf/include    module_input_dust_errosion.f90
27.95user 0.08system 0:28.05elapsed 99%CPU (0avgtext+0avgdata 100768maxresident)k
0inputs+1400outputs (0major+29244minor)pagefaults 0swaps
rm -f module_input_gocart_dms.o
sed -e "s/^\!.*'.*//" -e "s/^ *\!.*'.*//" module_input_gocart_dms.F > module_input_gocart_dms.G
/lib/cpp -P -nostdinc -I/home/hnavarro/Desktop/WRF/BUILD_WRF/WRF/inc -DEM_CORE=1 -DNMM_CORE=0 -DNMM_MAX_DIM=2600 -DDA_CORE=0 -DWRFPLUS=0 -DIWORDSIZE=4 -DDWORDSIZE=8 -DRWORDSIZE=4 -DLWORDSIZE=4 -DNONSTANDARD_SYSTEM_SUBR  -DWRF_USE_CLM  -DDM_PARALLEL -DNETCDF -DLANDREAD_STUB=1 -DUSE_ALLOCATABLES -Dwrfmodel -DGRIB1 -DINTIO -DKEEP_INT_AROUND -DLIMIT_ARGS -DBUILD_RRTMG_FAST=0 -DBUILD_RRTMK=0 -DBUILD_SBM_FAST=1 -DSHOW_ALL_VARS_USED=0 -DCONFIG_BUF_LEN=65536 -DMAX_DOMAINS_F=21 -DMAX_HISTORY=25 -DNMM_NEST=0 -DWRF_CHEM -DBUILD_CHEM=1 -I. -traditional-cpp   module_input_gocart_dms.G  > module_input_gocart_dms.bb
/home/hnavarro/Desktop/WRF/BUILD_WRF/WRF/tools/standard.exe module_input_gocart_dms.bb | /lib/cpp -P -nostdinc -traditional-cpp > module_input_gocart_dms.f90
rm -f module_input_gocart_dms.G module_input_gocart_dms.bb
time mpif90 -f90=gfortran -o module_input_gocart_dms.o -c -O2 -ftree-vectorize -funroll-loops -w -ffree-form -ffree-line-length-none -fconvert=big-endian -frecord-marker=4 -fallow-argument-mismatch -fallow-invalid-boz   -I../dyn_em  -I/home/hnavarro/Desktop/WRF/BUILD_WRF/WRF/external/esmf_time_f90  -I/home/hnavarro/Desktop/WRF/BUILD_WRF/WRF/main -I/home/hnavarro/Desktop/WRF/BUILD_WRF/WRF/external/io_netcdf -I/home/hnavarro/Desktop/WRF/BUILD_WRF/WRF/external/io_int -I/home/hnavarro/Desktop/WRF/BUILD_WRF/WRF/frame -I/home/hnavarro/Desktop/WRF/BUILD_WRF/WRF/share -I/home/hnavarro/Desktop/WRF/BUILD_WRF/WRF/phys -I/home/hnavarro/Desktop/WRF/BUILD_WRF/WRF/wrftladj -I/home/hnavarro/Desktop/WRF/BUILD_WRF/WRF/chem -I/home/hnavarro/Desktop/WRF/BUILD_WRF/WRF/inc -I/home/hnavarro/Desktop/WRF/Install-WRF-Chem/LIBRARIES/netcdf/include    module_input_gocart_dms.f90
31.75user 0.08system 0:31.87elapsed 99%CPU (0avgtext+0avgdata 78832maxresident)k
0inputs+1032outputs (0major+23594minor)pagefaults 0swaps
rm -f module_cbmz_addemiss.o
sed -e "s/^\!.*'.*//" -e "s/^ *\!.*'.*//" module_cbmz_addemiss.F > module_cbmz_addemiss.G
/lib/cpp -P -nostdinc -I/home/hnavarro/Desktop/WRF/BUILD_WRF/WRF/inc -DEM_CORE=1 -DNMM_CORE=0 -DNMM_MAX_DIM=2600 -DDA_CORE=0 -DWRFPLUS=0 -DIWORDSIZE=4 -DDWORDSIZE=8 -DRWORDSIZE=4 -DLWORDSIZE=4 -DNONSTANDARD_SYSTEM_SUBR  -DWRF_USE_CLM  -DDM_PARALLEL -DNETCDF -DLANDREAD_STUB=1 -DUSE_ALLOCATABLES -Dwrfmodel -DGRIB1 -DINTIO -DKEEP_INT_AROUND -DLIMIT_ARGS -DBUILD_RRTMG_FAST=0 -DBUILD_RRTMK=0 -DBUILD_SBM_FAST=1 -DSHOW_ALL_VARS_USED=0 -DCONFIG_BUF_LEN=65536 -DMAX_DOMAINS_F=21 -DMAX_HISTORY=25 -DNMM_NEST=0 -DWRF_CHEM -DBUILD_CHEM=1 -I. -traditional-cpp   module_cbmz_addemiss.G  > module_cbmz_addemiss.bb
/home/hnavarro/Desktop/WRF/BUILD_WRF/WRF/tools/standard.exe module_cbmz_addemiss.bb | /lib/cpp -P -nostdinc -traditional-cpp > module_cbmz_addemiss.f90
rm -f module_cbmz_addemiss.G module_cbmz_addemiss.bb
time mpif90 -f90=gfortran -o module_cbmz_addemiss.o -c -O2 -ftree-vectorize -funroll-loops -w -ffree-form -ffree-line-length-none -fconvert=big-endian -frecord-marker=4 -fallow-argument-mismatch -fallow-invalid-boz   -I../dyn_em  -I/home/hnavarro/Desktop/WRF/BUILD_WRF/WRF/external/esmf_time_f90  -I/home/hnavarro/Desktop/WRF/BUILD_WRF/WRF/main -I/home/hnavarro/Desktop/WRF/BUILD_WRF/WRF/external/io_netcdf -I/home/hnavarro/Desktop/WRF/BUILD_WRF/WRF/external/io_int -I/home/hnavarro/Desktop/WRF/BUILD_WRF/WRF/frame -I/home/hnavarro/Desktop/WRF/BUILD_WRF/WRF/share -I/home/hnavarro/Desktop/WRF/BUILD_WRF/WRF/phys -I/home/hnavarro/Desktop/WRF/BUILD_WRF/WRF/wrftladj -I/home/hnavarro/Desktop/WRF/BUILD_WRF/WRF/chem -I/home/hnavarro/Desktop/WRF/BUILD_WRF/WRF/inc -I/home/hnavarro/Desktop/WRF/Install-WRF-Chem/LIBRARIES/netcdf/include    module_cbmz_addemiss.f90
4.60user 0.06system 0:04.68elapsed 99%CPU (0avgtext+0avgdata 65352maxresident)k
0inputs+256outputs (0major+21152minor)pagefaults 0swaps
rm -f module_cbm4_addemiss.o
sed -e "s/^\!.*'.*//" -e "s/^ *\!.*'.*//" module_cbm4_addemiss.F > module_cbm4_addemiss.G
/lib/cpp -P -nostdinc -I/home/hnavarro/Desktop/WRF/BUILD_WRF/WRF/inc -DEM_CORE=1 -DNMM_CORE=0 -DNMM_MAX_DIM=2600 -DDA_CORE=0 -DWRFPLUS=0 -DIWORDSIZE=4 -DDWORDSIZE=8 -DRWORDSIZE=4 -DLWORDSIZE=4 -DNONSTANDARD_SYSTEM_SUBR  -DWRF_USE_CLM  -DDM_PARALLEL -DNETCDF -DLANDREAD_STUB=1 -DUSE_ALLOCATABLES -Dwrfmodel -DGRIB1 -DINTIO -DKEEP_INT_AROUND -DLIMIT_ARGS -DBUILD_RRTMG_FAST=0 -DBUILD_RRTMK=0 -DBUILD_SBM_FAST=1 -DSHOW_ALL_VARS_USED=0 -DCONFIG_BUF_LEN=65536 -DMAX_DOMAINS_F=21 -DMAX_HISTORY=25 -DNMM_NEST=0 -DWRF_CHEM -DBUILD_CHEM=1 -I. -traditional-cpp   module_cbm4_addemiss.G  > module_cbm4_addemiss.bb
/home/hnavarro/Desktop/WRF/BUILD_WRF/WRF/tools/standard.exe module_cbm4_addemiss.bb | /lib/cpp -P -nostdinc -traditional-cpp > module_cbm4_addemiss.f90
rm -f module_cbm4_addemiss.G module_cbm4_addemiss.bb
time mpif90 -f90=gfortran -o module_cbm4_addemiss.o -c -O2 -ftree-vectorize -funroll-loops -w -ffree-form -ffree-line-length-none -fconvert=big-endian -frecord-marker=4 -fallow-argument-mismatch -fallow-invalid-boz   -I../dyn_em  -I/home/hnavarro/Desktop/WRF/BUILD_WRF/WRF/external/esmf_time_f90  -I/home/hnavarro/Desktop/WRF/BUILD_WRF/WRF/main -I/home/hnavarro/Desktop/WRF/BUILD_WRF/WRF/external/io_netcdf -I/home/hnavarro/Desktop/WRF/BUILD_WRF/WRF/external/io_int -I/home/hnavarro/Desktop/WRF/BUILD_WRF/WRF/frame -I/home/hnavarro/Desktop/WRF/BUILD_WRF/WRF/share -I/home/hnavarro/Desktop/WRF/BUILD_WRF/WRF/phys -I/home/hnavarro/Desktop/WRF/BUILD_WRF/WRF/wrftladj -I/home/hnavarro/Desktop/WRF/BUILD_WRF/WRF/chem -I/home/hnavarro/Desktop/WRF/BUILD_WRF/WRF/inc -I/home/hnavarro/Desktop/WRF/Install-WRF-Chem/LIBRARIES/netcdf/include    module_cbm4_addemiss.f90
4.91user 0.12system 0:05.04elapsed 99%CPU (0avgtext+0avgdata 62068maxresident)k
0inputs+208outputs (0major+20177minor)pagefaults 0swaps
rm -f module_cb05_addemiss.o
sed -e "s/^\!.*'.*//" -e "s/^ *\!.*'.*//" module_cb05_addemiss.F > module_cb05_addemiss.G
/lib/cpp -P -nostdinc -I/home/hnavarro/Desktop/WRF/BUILD_WRF/WRF/inc -DEM_CORE=1 -DNMM_CORE=0 -DNMM_MAX_DIM=2600 -DDA_CORE=0 -DWRFPLUS=0 -DIWORDSIZE=4 -DDWORDSIZE=8 -DRWORDSIZE=4 -DLWORDSIZE=4 -DNONSTANDARD_SYSTEM_SUBR  -DWRF_USE_CLM  -DDM_PARALLEL -DNETCDF -DLANDREAD_STUB=1 -DUSE_ALLOCATABLES -Dwrfmodel -DGRIB1 -DINTIO -DKEEP_INT_AROUND -DLIMIT_ARGS -DBUILD_RRTMG_FAST=0 -DBUILD_RRTMK=0 -DBUILD_SBM_FAST=1 -DSHOW_ALL_VARS_USED=0 -DCONFIG_BUF_LEN=65536 -DMAX_DOMAINS_F=21 -DMAX_HISTORY=25 -DNMM_NEST=0 -DWRF_CHEM -DBUILD_CHEM=1 -I. -traditional-cpp   module_cb05_addemiss.G  > module_cb05_addemiss.bb
/home/hnavarro/Desktop/WRF/BUILD_WRF/WRF/tools/standard.exe module_cb05_addemiss.bb | /lib/cpp -P -nostdinc -traditional-cpp > module_cb05_addemiss.f90
rm -f module_cb05_addemiss.G module_cb05_addemiss.bb
time mpif90 -f90=gfortran -o module_cb05_addemiss.o -c -O2 -ftree-vectorize -funroll-loops -w -ffree-form -ffree-line-length-none -fconvert=big-endian -frecord-marker=4 -fallow-argument-mismatch -fallow-invalid-boz   -I../dyn_em  -I/home/hnavarro/Desktop/WRF/BUILD_WRF/WRF/external/esmf_time_f90  -I/home/hnavarro/Desktop/WRF/BUILD_WRF/WRF/main -I/home/hnavarro/Desktop/WRF/BUILD_WRF/WRF/external/io_netcdf -I/home/hnavarro/Desktop/WRF/BUILD_WRF/WRF/external/io_int -I/home/hnavarro/Desktop/WRF/BUILD_WRF/WRF/frame -I/home/hnavarro/Desktop/WRF/BUILD_WRF/WRF/share -I/home/hnavarro/Desktop/WRF/BUILD_WRF/WRF/phys -I/home/hnavarro/Desktop/WRF/BUILD_WRF/WRF/wrftladj -I/home/hnavarro/Desktop/WRF/BUILD_WRF/WRF/chem -I/home/hnavarro/Desktop/WRF/BUILD_WRF/WRF/inc -I/home/hnavarro/Desktop/WRF/Install-WRF-Chem/LIBRARIES/netcdf/include    module_cb05_addemiss.f90
4.68user 0.07system 0:04.76elapsed 99%CPU (0avgtext+0avgdata 63164maxresident)k
0inputs+216outputs (0major+20601minor)pagefaults 0swaps
rm -f module_emissions_anthropogenics.o
sed -e "s/^\!.*'.*//" -e "s/^ *\!.*'.*//" module_emissions_anthropogenics.F > module_emissions_anthropogenics.G
/lib/cpp -P -nostdinc -I/home/hnavarro/Desktop/WRF/BUILD_WRF/WRF/inc -DEM_CORE=1 -DNMM_CORE=0 -DNMM_MAX_DIM=2600 -DDA_CORE=0 -DWRFPLUS=0 -DIWORDSIZE=4 -DDWORDSIZE=8 -DRWORDSIZE=4 -DLWORDSIZE=4 -DNONSTANDARD_SYSTEM_SUBR  -DWRF_USE_CLM  -DDM_PARALLEL -DNETCDF -DLANDREAD_STUB=1 -DUSE_ALLOCATABLES -Dwrfmodel -DGRIB1 -DINTIO -DKEEP_INT_AROUND -DLIMIT_ARGS -DBUILD_RRTMG_FAST=0 -DBUILD_RRTMK=0 -DBUILD_SBM_FAST=1 -DSHOW_ALL_VARS_USED=0 -DCONFIG_BUF_LEN=65536 -DMAX_DOMAINS_F=21 -DMAX_HISTORY=25 -DNMM_NEST=0 -DWRF_CHEM -DBUILD_CHEM=1 -I. -traditional-cpp   module_emissions_anthropogenics.G  > module_emissions_anthropogenics.bb
/home/hnavarro/Desktop/WRF/BUILD_WRF/WRF/tools/standard.exe module_emissions_anthropogenics.bb | /lib/cpp -P -nostdinc -traditional-cpp > module_emissions_anthropogenics.f90
rm -f module_emissions_anthropogenics.G module_emissions_anthropogenics.bb
time mpif90 -f90=gfortran -o module_emissions_anthropogenics.o -c -O2 -ftree-vectorize -funroll-loops -w -ffree-form -ffree-line-length-none -fconvert=big-endian -frecord-marker=4 -fallow-argument-mismatch -fallow-invalid-boz   -I../dyn_em  -I/home/hnavarro/Desktop/WRF/BUILD_WRF/WRF/external/esmf_time_f90  -I/home/hnavarro/Desktop/WRF/BUILD_WRF/WRF/main -I/home/hnavarro/Desktop/WRF/BUILD_WRF/WRF/external/io_netcdf -I/home/hnavarro/Desktop/WRF/BUILD_WRF/WRF/external/io_int -I/home/hnavarro/Desktop/WRF/BUILD_WRF/WRF/frame -I/home/hnavarro/Desktop/WRF/BUILD_WRF/WRF/share -I/home/hnavarro/Desktop/WRF/BUILD_WRF/WRF/phys -I/home/hnavarro/Desktop/WRF/BUILD_WRF/WRF/wrftladj -I/home/hnavarro/Desktop/WRF/BUILD_WRF/WRF/chem -I/home/hnavarro/Desktop/WRF/BUILD_WRF/WRF/inc -I/home/hnavarro/Desktop/WRF/Install-WRF-Chem/LIBRARIES/netcdf/include    module_emissions_anthropogenics.f90
26.57user 0.11system 0:26.71elapsed 99%CPU (0avgtext+0avgdata 77928maxresident)k
0inputs+1024outputs (0major+23359minor)pagefaults 0swaps
rm -f module_sorgam_cloudchem.o
sed -e "s/^\!.*'.*//" -e "s/^ *\!.*'.*//" module_sorgam_cloudchem.F > module_sorgam_cloudchem.G
/lib/cpp -P -nostdinc -I/home/hnavarro/Desktop/WRF/BUILD_WRF/WRF/inc -DEM_CORE=1 -DNMM_CORE=0 -DNMM_MAX_DIM=2600 -DDA_CORE=0 -DWRFPLUS=0 -DIWORDSIZE=4 -DDWORDSIZE=8 -DRWORDSIZE=4 -DLWORDSIZE=4 -DNONSTANDARD_SYSTEM_SUBR  -DWRF_USE_CLM  -DDM_PARALLEL -DNETCDF -DLANDREAD_STUB=1 -DUSE_ALLOCATABLES -Dwrfmodel -DGRIB1 -DINTIO -DKEEP_INT_AROUND -DLIMIT_ARGS -DBUILD_RRTMG_FAST=0 -DBUILD_RRTMK=0 -DBUILD_SBM_FAST=1 -DSHOW_ALL_VARS_USED=0 -DCONFIG_BUF_LEN=65536 -DMAX_DOMAINS_F=21 -DMAX_HISTORY=25 -DNMM_NEST=0 -DWRF_CHEM -DBUILD_CHEM=1 -I. -traditional-cpp   module_sorgam_cloudchem.G  > module_sorgam_cloudchem.bb
/home/hnavarro/Desktop/WRF/BUILD_WRF/WRF/tools/standard.exe module_sorgam_cloudchem.bb | /lib/cpp -P -nostdinc -traditional-cpp > module_sorgam_cloudchem.f90
rm -f module_sorgam_cloudchem.G module_sorgam_cloudchem.bb
time mpif90 -f90=gfortran -o module_sorgam_cloudchem.o -c -O2 -ftree-vectorize -funroll-loops -w -ffree-form -ffree-line-length-none -fconvert=big-endian -frecord-marker=4 -fallow-argument-mismatch -fallow-invalid-boz   -I../dyn_em  -I/home/hnavarro/Desktop/WRF/BUILD_WRF/WRF/external/esmf_time_f90  -I/home/hnavarro/Desktop/WRF/BUILD_WRF/WRF/main -I/home/hnavarro/Desktop/WRF/BUILD_WRF/WRF/external/io_netcdf -I/home/hnavarro/Desktop/WRF/BUILD_WRF/WRF/external/io_int -I/home/hnavarro/Desktop/WRF/BUILD_WRF/WRF/frame -I/home/hnavarro/Desktop/WRF/BUILD_WRF/WRF/share -I/home/hnavarro/Desktop/WRF/BUILD_WRF/WRF/phys -I/home/hnavarro/Desktop/WRF/BUILD_WRF/WRF/wrftladj -I/home/hnavarro/Desktop/WRF/BUILD_WRF/WRF/chem -I/home/hnavarro/Desktop/WRF/BUILD_WRF/WRF/inc -I/home/hnavarro/Desktop/WRF/Install-WRF-Chem/LIBRARIES/netcdf/include    module_sorgam_cloudchem.f90
0.84user 0.07system 0:00.91elapsed 100%CPU (0avgtext+0avgdata 68472maxresident)k
0inputs+568outputs (0major+28388minor)pagefaults 0swaps
rm -f mechanism_driver.o
sed -e "s/^\!.*'.*//" -e "s/^ *\!.*'.*//" mechanism_driver.F > mechanism_driver.G
/lib/cpp -P -nostdinc -I/home/hnavarro/Desktop/WRF/BUILD_WRF/WRF/inc -DEM_CORE=1 -DNMM_CORE=0 -DNMM_MAX_DIM=2600 -DDA_CORE=0 -DWRFPLUS=0 -DIWORDSIZE=4 -DDWORDSIZE=8 -DRWORDSIZE=4 -DLWORDSIZE=4 -DNONSTANDARD_SYSTEM_SUBR  -DWRF_USE_CLM  -DDM_PARALLEL -DNETCDF -DLANDREAD_STUB=1 -DUSE_ALLOCATABLES -Dwrfmodel -DGRIB1 -DINTIO -DKEEP_INT_AROUND -DLIMIT_ARGS -DBUILD_RRTMG_FAST=0 -DBUILD_RRTMK=0 -DBUILD_SBM_FAST=1 -DSHOW_ALL_VARS_USED=0 -DCONFIG_BUF_LEN=65536 -DMAX_DOMAINS_F=21 -DMAX_HISTORY=25 -DNMM_NEST=0 -DWRF_CHEM -DBUILD_CHEM=1 -I. -traditional-cpp   mechanism_driver.G  > mechanism_driver.bb
/home/hnavarro/Desktop/WRF/BUILD_WRF/WRF/tools/standard.exe mechanism_driver.bb | /lib/cpp -P -nostdinc -traditional-cpp > mechanism_driver.f90
rm -f mechanism_driver.G mechanism_driver.bb
time mpif90 -f90=gfortran -o mechanism_driver.o -c -O2 -ftree-vectorize -funroll-loops -w -ffree-form -ffree-line-length-none -fconvert=big-endian -frecord-marker=4 -fallow-argument-mismatch -fallow-invalid-boz   -I../dyn_em  -I/home/hnavarro/Desktop/WRF/BUILD_WRF/WRF/external/esmf_time_f90  -I/home/hnavarro/Desktop/WRF/BUILD_WRF/WRF/main -I/home/hnavarro/Desktop/WRF/BUILD_WRF/WRF/external/io_netcdf -I/home/hnavarro/Desktop/WRF/BUILD_WRF/WRF/external/io_int -I/home/hnavarro/Desktop/WRF/BUILD_WRF/WRF/frame -I/home/hnavarro/Desktop/WRF/BUILD_WRF/WRF/share -I/home/hnavarro/Desktop/WRF/BUILD_WRF/WRF/phys -I/home/hnavarro/Desktop/WRF/BUILD_WRF/WRF/wrftladj -I/home/hnavarro/Desktop/WRF/BUILD_WRF/WRF/chem -I/home/hnavarro/Desktop/WRF/BUILD_WRF/WRF/inc -I/home/hnavarro/Desktop/WRF/Install-WRF-Chem/LIBRARIES/netcdf/include    mechanism_driver.f90
7.55user 0.18system 0:07.75elapsed 99%CPU (0avgtext+0avgdata 343672maxresident)k
0inputs+1432outputs (0major+95219minor)pagefaults 0swaps
rm -f module_mosaic_aerchem_intr.o
sed -e "s/^\!.*'.*//" -e "s/^ *\!.*'.*//" module_mosaic_aerchem_intr.F > module_mosaic_aerchem_intr.G
/lib/cpp -P -nostdinc -I/home/hnavarro/Desktop/WRF/BUILD_WRF/WRF/inc -DEM_CORE=1 -DNMM_CORE=0 -DNMM_MAX_DIM=2600 -DDA_CORE=0 -DWRFPLUS=0 -DIWORDSIZE=4 -DDWORDSIZE=8 -DRWORDSIZE=4 -DLWORDSIZE=4 -DNONSTANDARD_SYSTEM_SUBR  -DWRF_USE_CLM  -DDM_PARALLEL -DNETCDF -DLANDREAD_STUB=1 -DUSE_ALLOCATABLES -Dwrfmodel -DGRIB1 -DINTIO -DKEEP_INT_AROUND -DLIMIT_ARGS -DBUILD_RRTMG_FAST=0 -DBUILD_RRTMK=0 -DBUILD_SBM_FAST=1 -DSHOW_ALL_VARS_USED=0 -DCONFIG_BUF_LEN=65536 -DMAX_DOMAINS_F=21 -DMAX_HISTORY=25 -DNMM_NEST=0 -DWRF_CHEM -DBUILD_CHEM=1 -I. -traditional-cpp   module_mosaic_aerchem_intr.G  > module_mosaic_aerchem_intr.bb
/home/hnavarro/Desktop/WRF/BUILD_WRF/WRF/tools/standard.exe module_mosaic_aerchem_intr.bb | /lib/cpp -P -nostdinc -traditional-cpp > module_mosaic_aerchem_intr.f90
rm -f module_mosaic_aerchem_intr.G module_mosaic_aerchem_intr.bb
time mpif90 -f90=gfortran -o module_mosaic_aerchem_intr.o -c -O2 -ftree-vectorize -funroll-loops -w -ffree-form -ffree-line-length-none -fconvert=big-endian -frecord-marker=4 -fallow-argument-mismatch -fallow-invalid-boz   -I../dyn_em  -I/home/hnavarro/Desktop/WRF/BUILD_WRF/WRF/external/esmf_time_f90  -I/home/hnavarro/Desktop/WRF/BUILD_WRF/WRF/main -I/home/hnavarro/Desktop/WRF/BUILD_WRF/WRF/external/io_netcdf -I/home/hnavarro/Desktop/WRF/BUILD_WRF/WRF/external/io_int -I/home/hnavarro/Desktop/WRF/BUILD_WRF/WRF/frame -I/home/hnavarro/Desktop/WRF/BUILD_WRF/WRF/share -I/home/hnavarro/Desktop/WRF/BUILD_WRF/WRF/phys -I/home/hnavarro/Desktop/WRF/BUILD_WRF/WRF/wrftladj -I/home/hnavarro/Desktop/WRF/BUILD_WRF/WRF/chem -I/home/hnavarro/Desktop/WRF/BUILD_WRF/WRF/inc -I/home/hnavarro/Desktop/WRF/Install-WRF-Chem/LIBRARIES/netcdf/include    module_mosaic_aerchem_intr.f90
0.28user 0.05system 0:00.33elapsed 99%CPU (0avgtext+0avgdata 38824maxresident)k
0inputs+224outputs (0major+10631minor)pagefaults 0swaps
rm -f module_cbm4_initmixrats.o
sed -e "s/^\!.*'.*//" -e "s/^ *\!.*'.*//" module_cbm4_initmixrats.F > module_cbm4_initmixrats.G
/lib/cpp -P -nostdinc -I/home/hnavarro/Desktop/WRF/BUILD_WRF/WRF/inc -DEM_CORE=1 -DNMM_CORE=0 -DNMM_MAX_DIM=2600 -DDA_CORE=0 -DWRFPLUS=0 -DIWORDSIZE=4 -DDWORDSIZE=8 -DRWORDSIZE=4 -DLWORDSIZE=4 -DNONSTANDARD_SYSTEM_SUBR  -DWRF_USE_CLM  -DDM_PARALLEL -DNETCDF -DLANDREAD_STUB=1 -DUSE_ALLOCATABLES -Dwrfmodel -DGRIB1 -DINTIO -DKEEP_INT_AROUND -DLIMIT_ARGS -DBUILD_RRTMG_FAST=0 -DBUILD_RRTMK=0 -DBUILD_SBM_FAST=1 -DSHOW_ALL_VARS_USED=0 -DCONFIG_BUF_LEN=65536 -DMAX_DOMAINS_F=21 -DMAX_HISTORY=25 -DNMM_NEST=0 -DWRF_CHEM -DBUILD_CHEM=1 -I. -traditional-cpp   module_cbm4_initmixrats.G  > module_cbm4_initmixrats.bb
/home/hnavarro/Desktop/WRF/BUILD_WRF/WRF/tools/standard.exe module_cbm4_initmixrats.bb | /lib/cpp -P -nostdinc -traditional-cpp > module_cbm4_initmixrats.f90
rm -f module_cbm4_initmixrats.G module_cbm4_initmixrats.bb
time mpif90 -f90=gfortran -o module_cbm4_initmixrats.o -c -O2 -ftree-vectorize -funroll-loops -w -ffree-form -ffree-line-length-none -fconvert=big-endian -frecord-marker=4 -fallow-argument-mismatch -fallow-invalid-boz   -I../dyn_em  -I/home/hnavarro/Desktop/WRF/BUILD_WRF/WRF/external/esmf_time_f90  -I/home/hnavarro/Desktop/WRF/BUILD_WRF/WRF/main -I/home/hnavarro/Desktop/WRF/BUILD_WRF/WRF/external/io_netcdf -I/home/hnavarro/Desktop/WRF/BUILD_WRF/WRF/external/io_int -I/home/hnavarro/Desktop/WRF/BUILD_WRF/WRF/frame -I/home/hnavarro/Desktop/WRF/BUILD_WRF/WRF/share -I/home/hnavarro/Desktop/WRF/BUILD_WRF/WRF/phys -I/home/hnavarro/Desktop/WRF/BUILD_WRF/WRF/wrftladj -I/home/hnavarro/Desktop/WRF/BUILD_WRF/WRF/chem -I/home/hnavarro/Desktop/WRF/BUILD_WRF/WRF/inc -I/home/hnavarro/Desktop/WRF/Install-WRF-Chem/LIBRARIES/netcdf/include    module_cbm4_initmixrats.f90
0.25user 0.06system 0:00.32elapsed 99%CPU (0avgtext+0avgdata 47512maxresident)k
0inputs+104outputs (0major+17900minor)pagefaults 0swaps
rm -f module_cb05_initmixrats.o
sed -e "s/^\!.*'.*//" -e "s/^ *\!.*'.*//" module_cb05_initmixrats.F > module_cb05_initmixrats.G
/lib/cpp -P -nostdinc -I/home/hnavarro/Desktop/WRF/BUILD_WRF/WRF/inc -DEM_CORE=1 -DNMM_CORE=0 -DNMM_MAX_DIM=2600 -DDA_CORE=0 -DWRFPLUS=0 -DIWORDSIZE=4 -DDWORDSIZE=8 -DRWORDSIZE=4 -DLWORDSIZE=4 -DNONSTANDARD_SYSTEM_SUBR  -DWRF_USE_CLM  -DDM_PARALLEL -DNETCDF -DLANDREAD_STUB=1 -DUSE_ALLOCATABLES -Dwrfmodel -DGRIB1 -DINTIO -DKEEP_INT_AROUND -DLIMIT_ARGS -DBUILD_RRTMG_FAST=0 -DBUILD_RRTMK=0 -DBUILD_SBM_FAST=1 -DSHOW_ALL_VARS_USED=0 -DCONFIG_BUF_LEN=65536 -DMAX_DOMAINS_F=21 -DMAX_HISTORY=25 -DNMM_NEST=0 -DWRF_CHEM -DBUILD_CHEM=1 -I. -traditional-cpp   module_cb05_initmixrats.G  > module_cb05_initmixrats.bb
/home/hnavarro/Desktop/WRF/BUILD_WRF/WRF/tools/standard.exe module_cb05_initmixrats.bb | /lib/cpp -P -nostdinc -traditional-cpp > module_cb05_initmixrats.f90
rm -f module_cb05_initmixrats.G module_cb05_initmixrats.bb
time mpif90 -f90=gfortran -o module_cb05_initmixrats.o -c -O2 -ftree-vectorize -funroll-loops -w -ffree-form -ffree-line-length-none -fconvert=big-endian -frecord-marker=4 -fallow-argument-mismatch -fallow-invalid-boz   -I../dyn_em  -I/home/hnavarro/Desktop/WRF/BUILD_WRF/WRF/external/esmf_time_f90  -I/home/hnavarro/Desktop/WRF/BUILD_WRF/WRF/main -I/home/hnavarro/Desktop/WRF/BUILD_WRF/WRF/external/io_netcdf -I/home/hnavarro/Desktop/WRF/BUILD_WRF/WRF/external/io_int -I/home/hnavarro/Desktop/WRF/BUILD_WRF/WRF/frame -I/home/hnavarro/Desktop/WRF/BUILD_WRF/WRF/share -I/home/hnavarro/Desktop/WRF/BUILD_WRF/WRF/phys -I/home/hnavarro/Desktop/WRF/BUILD_WRF/WRF/wrftladj -I/home/hnavarro/Desktop/WRF/BUILD_WRF/WRF/chem -I/home/hnavarro/Desktop/WRF/BUILD_WRF/WRF/inc -I/home/hnavarro/Desktop/WRF/Install-WRF-Chem/LIBRARIES/netcdf/include    module_cb05_initmixrats.f90
0.17user 0.06system 0:00.24elapsed 99%CPU (0avgtext+0avgdata 40596maxresident)k
0inputs+408outputs (0major+14292minor)pagefaults 0swaps
rm -f module_cb05_vbs_initmixrats.o
sed -e "s/^\!.*'.*//" -e "s/^ *\!.*'.*//" module_cb05_vbs_initmixrats.F > module_cb05_vbs_initmixrats.G
/lib/cpp -P -nostdinc -I/home/hnavarro/Desktop/WRF/BUILD_WRF/WRF/inc -DEM_CORE=1 -DNMM_CORE=0 -DNMM_MAX_DIM=2600 -DDA_CORE=0 -DWRFPLUS=0 -DIWORDSIZE=4 -DDWORDSIZE=8 -DRWORDSIZE=4 -DLWORDSIZE=4 -DNONSTANDARD_SYSTEM_SUBR  -DWRF_USE_CLM  -DDM_PARALLEL -DNETCDF -DLANDREAD_STUB=1 -DUSE_ALLOCATABLES -Dwrfmodel -DGRIB1 -DINTIO -DKEEP_INT_AROUND -DLIMIT_ARGS -DBUILD_RRTMG_FAST=0 -DBUILD_RRTMK=0 -DBUILD_SBM_FAST=1 -DSHOW_ALL_VARS_USED=0 -DCONFIG_BUF_LEN=65536 -DMAX_DOMAINS_F=21 -DMAX_HISTORY=25 -DNMM_NEST=0 -DWRF_CHEM -DBUILD_CHEM=1 -I. -traditional-cpp   module_cb05_vbs_initmixrats.G  > module_cb05_vbs_initmixrats.bb
/home/hnavarro/Desktop/WRF/BUILD_WRF/WRF/tools/standard.exe module_cb05_vbs_initmixrats.bb | /lib/cpp -P -nostdinc -traditional-cpp > module_cb05_vbs_initmixrats.f90
rm -f module_cb05_vbs_initmixrats.G module_cb05_vbs_initmixrats.bb
time mpif90 -f90=gfortran -o module_cb05_vbs_initmixrats.o -c -O2 -ftree-vectorize -funroll-loops -w -ffree-form -ffree-line-length-none -fconvert=big-endian -frecord-marker=4 -fallow-argument-mismatch -fallow-invalid-boz   -I../dyn_em  -I/home/hnavarro/Desktop/WRF/BUILD_WRF/WRF/external/esmf_time_f90  -I/home/hnavarro/Desktop/WRF/BUILD_WRF/WRF/main -I/home/hnavarro/Desktop/WRF/BUILD_WRF/WRF/external/io_netcdf -I/home/hnavarro/Desktop/WRF/BUILD_WRF/WRF/external/io_int -I/home/hnavarro/Desktop/WRF/BUILD_WRF/WRF/frame -I/home/hnavarro/Desktop/WRF/BUILD_WRF/WRF/share -I/home/hnavarro/Desktop/WRF/BUILD_WRF/WRF/phys -I/home/hnavarro/Desktop/WRF/BUILD_WRF/WRF/wrftladj -I/home/hnavarro/Desktop/WRF/BUILD_WRF/WRF/chem -I/home/hnavarro/Desktop/WRF/BUILD_WRF/WRF/inc -I/home/hnavarro/Desktop/WRF/Install-WRF-Chem/LIBRARIES/netcdf/include    module_cb05_vbs_initmixrats.f90
0.19user 0.06system 0:00.25elapsed 99%CPU (0avgtext+0avgdata 41236maxresident)k
0inputs+432outputs (0major+14481minor)pagefaults 0swaps
rm -f module_cbmz_initmixrats.o
sed -e "s/^\!.*'.*//" -e "s/^ *\!.*'.*//" module_cbmz_initmixrats.F > module_cbmz_initmixrats.G
/lib/cpp -P -nostdinc -I/home/hnavarro/Desktop/WRF/BUILD_WRF/WRF/inc -DEM_CORE=1 -DNMM_CORE=0 -DNMM_MAX_DIM=2600 -DDA_CORE=0 -DWRFPLUS=0 -DIWORDSIZE=4 -DDWORDSIZE=8 -DRWORDSIZE=4 -DLWORDSIZE=4 -DNONSTANDARD_SYSTEM_SUBR  -DWRF_USE_CLM  -DDM_PARALLEL -DNETCDF -DLANDREAD_STUB=1 -DUSE_ALLOCATABLES -Dwrfmodel -DGRIB1 -DINTIO -DKEEP_INT_AROUND -DLIMIT_ARGS -DBUILD_RRTMG_FAST=0 -DBUILD_RRTMK=0 -DBUILD_SBM_FAST=1 -DSHOW_ALL_VARS_USED=0 -DCONFIG_BUF_LEN=65536 -DMAX_DOMAINS_F=21 -DMAX_HISTORY=25 -DNMM_NEST=0 -DWRF_CHEM -DBUILD_CHEM=1 -I. -traditional-cpp   module_cbmz_initmixrats.G  > module_cbmz_initmixrats.bb
/home/hnavarro/Desktop/WRF/BUILD_WRF/WRF/tools/standard.exe module_cbmz_initmixrats.bb | /lib/cpp -P -nostdinc -traditional-cpp > module_cbmz_initmixrats.f90
rm -f module_cbmz_initmixrats.G module_cbmz_initmixrats.bb
time mpif90 -f90=gfortran -o module_cbmz_initmixrats.o -c -O2 -ftree-vectorize -funroll-loops -w -ffree-form -ffree-line-length-none -fconvert=big-endian -frecord-marker=4 -fallow-argument-mismatch -fallow-invalid-boz   -I../dyn_em  -I/home/hnavarro/Desktop/WRF/BUILD_WRF/WRF/external/esmf_time_f90  -I/home/hnavarro/Desktop/WRF/BUILD_WRF/WRF/main -I/home/hnavarro/Desktop/WRF/BUILD_WRF/WRF/external/io_netcdf -I/home/hnavarro/Desktop/WRF/BUILD_WRF/WRF/external/io_int -I/home/hnavarro/Desktop/WRF/BUILD_WRF/WRF/frame -I/home/hnavarro/Desktop/WRF/BUILD_WRF/WRF/share -I/home/hnavarro/Desktop/WRF/BUILD_WRF/WRF/phys -I/home/hnavarro/Desktop/WRF/BUILD_WRF/WRF/wrftladj -I/home/hnavarro/Desktop/WRF/BUILD_WRF/WRF/chem -I/home/hnavarro/Desktop/WRF/BUILD_WRF/WRF/inc -I/home/hnavarro/Desktop/WRF/Install-WRF-Chem/LIBRARIES/netcdf/include    module_cbmz_initmixrats.f90
0.26user 0.06system 0:00.33elapsed 99%CPU (0avgtext+0avgdata 48372maxresident)k
0inputs+104outputs (0major+18071minor)pagefaults 0swaps
rm -f module_ctrans_grell.o
sed -e "s/^\!.*'.*//" -e "s/^ *\!.*'.*//" module_ctrans_grell.F > module_ctrans_grell.G
/lib/cpp -P -nostdinc -I/home/hnavarro/Desktop/WRF/BUILD_WRF/WRF/inc -DEM_CORE=1 -DNMM_CORE=0 -DNMM_MAX_DIM=2600 -DDA_CORE=0 -DWRFPLUS=0 -DIWORDSIZE=4 -DDWORDSIZE=8 -DRWORDSIZE=4 -DLWORDSIZE=4 -DNONSTANDARD_SYSTEM_SUBR  -DWRF_USE_CLM  -DDM_PARALLEL -DNETCDF -DLANDREAD_STUB=1 -DUSE_ALLOCATABLES -Dwrfmodel -DGRIB1 -DINTIO -DKEEP_INT_AROUND -DLIMIT_ARGS -DBUILD_RRTMG_FAST=0 -DBUILD_RRTMK=0 -DBUILD_SBM_FAST=1 -DSHOW_ALL_VARS_USED=0 -DCONFIG_BUF_LEN=65536 -DMAX_DOMAINS_F=21 -DMAX_HISTORY=25 -DNMM_NEST=0 -DWRF_CHEM -DBUILD_CHEM=1 -I. -traditional-cpp   module_ctrans_grell.G  > module_ctrans_grell.bb
/home/hnavarro/Desktop/WRF/BUILD_WRF/WRF/tools/standard.exe module_ctrans_grell.bb | /lib/cpp -P -nostdinc -traditional-cpp > module_ctrans_grell.f90
rm -f module_ctrans_grell.G module_ctrans_grell.bb
time mpif90 -f90=gfortran -o module_ctrans_grell.o -c -O2 -ftree-vectorize -funroll-loops -w -ffree-form -ffree-line-length-none -fconvert=big-endian -frecord-marker=4 -fallow-argument-mismatch -fallow-invalid-boz   -I../dyn_em  -I/home/hnavarro/Desktop/WRF/BUILD_WRF/WRF/external/esmf_time_f90  -I/home/hnavarro/Desktop/WRF/BUILD_WRF/WRF/main -I/home/hnavarro/Desktop/WRF/BUILD_WRF/WRF/external/io_netcdf -I/home/hnavarro/Desktop/WRF/BUILD_WRF/WRF/external/io_int -I/home/hnavarro/Desktop/WRF/BUILD_WRF/WRF/frame -I/home/hnavarro/Desktop/WRF/BUILD_WRF/WRF/share -I/home/hnavarro/Desktop/WRF/BUILD_WRF/WRF/phys -I/home/hnavarro/Desktop/WRF/BUILD_WRF/WRF/wrftladj -I/home/hnavarro/Desktop/WRF/BUILD_WRF/WRF/chem -I/home/hnavarro/Desktop/WRF/BUILD_WRF/WRF/inc -I/home/hnavarro/Desktop/WRF/Install-WRF-Chem/LIBRARIES/netcdf/include    module_ctrans_grell.f90
2.22user 0.11system 0:02.33elapsed 100%CPU (0avgtext+0avgdata 183604maxresident)k
0inputs+1840outputs (0major+51627minor)pagefaults 0swaps
rm -f module_input_tracer.o
sed -e "s/^\!.*'.*//" -e "s/^ *\!.*'.*//" module_input_tracer.F > module_input_tracer.G
/lib/cpp -P -nostdinc -I/home/hnavarro/Desktop/WRF/BUILD_WRF/WRF/inc -DEM_CORE=1 -DNMM_CORE=0 -DNMM_MAX_DIM=2600 -DDA_CORE=0 -DWRFPLUS=0 -DIWORDSIZE=4 -DDWORDSIZE=8 -DRWORDSIZE=4 -DLWORDSIZE=4 -DNONSTANDARD_SYSTEM_SUBR  -DWRF_USE_CLM  -DDM_PARALLEL -DNETCDF -DLANDREAD_STUB=1 -DUSE_ALLOCATABLES -Dwrfmodel -DGRIB1 -DINTIO -DKEEP_INT_AROUND -DLIMIT_ARGS -DBUILD_RRTMG_FAST=0 -DBUILD_RRTMK=0 -DBUILD_SBM_FAST=1 -DSHOW_ALL_VARS_USED=0 -DCONFIG_BUF_LEN=65536 -DMAX_DOMAINS_F=21 -DMAX_HISTORY=25 -DNMM_NEST=0 -DWRF_CHEM -DBUILD_CHEM=1 -I. -traditional-cpp   module_input_tracer.G  > module_input_tracer.bb
/home/hnavarro/Desktop/WRF/BUILD_WRF/WRF/tools/standard.exe module_input_tracer.bb | /lib/cpp -P -nostdinc -traditional-cpp > module_input_tracer.f90
rm -f module_input_tracer.G module_input_tracer.bb
time mpif90 -f90=gfortran -o module_input_tracer.o -c -O2 -ftree-vectorize -funroll-loops -w -ffree-form -ffree-line-length-none -fconvert=big-endian -frecord-marker=4 -fallow-argument-mismatch -fallow-invalid-boz   -I../dyn_em  -I/home/hnavarro/Desktop/WRF/BUILD_WRF/WRF/external/esmf_time_f90  -I/home/hnavarro/Desktop/WRF/BUILD_WRF/WRF/main -I/home/hnavarro/Desktop/WRF/BUILD_WRF/WRF/external/io_netcdf -I/home/hnavarro/Desktop/WRF/BUILD_WRF/WRF/external/io_int -I/home/hnavarro/Desktop/WRF/BUILD_WRF/WRF/frame -I/home/hnavarro/Desktop/WRF/BUILD_WRF/WRF/share -I/home/hnavarro/Desktop/WRF/BUILD_WRF/WRF/phys -I/home/hnavarro/Desktop/WRF/BUILD_WRF/WRF/wrftladj -I/home/hnavarro/Desktop/WRF/BUILD_WRF/WRF/chem -I/home/hnavarro/Desktop/WRF/BUILD_WRF/WRF/inc -I/home/hnavarro/Desktop/WRF/Install-WRF-Chem/LIBRARIES/netcdf/include    module_input_tracer.f90
4.95user 0.09system 0:05.05elapsed 99%CPU (0avgtext+0avgdata 77668maxresident)k
0inputs+312outputs (0major+23070minor)pagefaults 0swaps
rm -f emissions_driver.o
sed -e "s/^\!.*'.*//" -e "s/^ *\!.*'.*//" emissions_driver.F > emissions_driver.G
/lib/cpp -P -nostdinc -I/home/hnavarro/Desktop/WRF/BUILD_WRF/WRF/inc -DEM_CORE=1 -DNMM_CORE=0 -DNMM_MAX_DIM=2600 -DDA_CORE=0 -DWRFPLUS=0 -DIWORDSIZE=4 -DDWORDSIZE=8 -DRWORDSIZE=4 -DLWORDSIZE=4 -DNONSTANDARD_SYSTEM_SUBR  -DWRF_USE_CLM  -DDM_PARALLEL -DNETCDF -DLANDREAD_STUB=1 -DUSE_ALLOCATABLES -Dwrfmodel -DGRIB1 -DINTIO -DKEEP_INT_AROUND -DLIMIT_ARGS -DBUILD_RRTMG_FAST=0 -DBUILD_RRTMK=0 -DBUILD_SBM_FAST=1 -DSHOW_ALL_VARS_USED=0 -DCONFIG_BUF_LEN=65536 -DMAX_DOMAINS_F=21 -DMAX_HISTORY=25 -DNMM_NEST=0 -DWRF_CHEM -DBUILD_CHEM=1 -I. -traditional-cpp   emissions_driver.G  > emissions_driver.bb
/home/hnavarro/Desktop/WRF/BUILD_WRF/WRF/tools/standard.exe emissions_driver.bb | /lib/cpp -P -nostdinc -traditional-cpp > emissions_driver.f90
rm -f emissions_driver.G emissions_driver.bb
time mpif90 -f90=gfortran -o emissions_driver.o -c -O2 -ftree-vectorize -funroll-loops -w -ffree-form -ffree-line-length-none -fconvert=big-endian -frecord-marker=4 -fallow-argument-mismatch -fallow-invalid-boz   -I../dyn_em  -I/home/hnavarro/Desktop/WRF/BUILD_WRF/WRF/external/esmf_time_f90  -I/home/hnavarro/Desktop/WRF/BUILD_WRF/WRF/main -I/home/hnavarro/Desktop/WRF/BUILD_WRF/WRF/external/io_netcdf -I/home/hnavarro/Desktop/WRF/BUILD_WRF/WRF/external/io_int -I/home/hnavarro/Desktop/WRF/BUILD_WRF/WRF/frame -I/home/hnavarro/Desktop/WRF/BUILD_WRF/WRF/share -I/home/hnavarro/Desktop/WRF/BUILD_WRF/WRF/phys -I/home/hnavarro/Desktop/WRF/BUILD_WRF/WRF/wrftladj -I/home/hnavarro/Desktop/WRF/BUILD_WRF/WRF/chem -I/home/hnavarro/Desktop/WRF/BUILD_WRF/WRF/inc -I/home/hnavarro/Desktop/WRF/Install-WRF-Chem/LIBRARIES/netcdf/include    emissions_driver.f90
0.37user 0.04system 0:00.42elapsed 99%CPU (0avgtext+0avgdata 48944maxresident)k
0inputs+248outputs (0major+13470minor)pagefaults 0swaps
rm -f module_mosaic_aerdynam_intr.o
sed -e "s/^\!.*'.*//" -e "s/^ *\!.*'.*//" module_mosaic_aerdynam_intr.F > module_mosaic_aerdynam_intr.G
/lib/cpp -P -nostdinc -I/home/hnavarro/Desktop/WRF/BUILD_WRF/WRF/inc -DEM_CORE=1 -DNMM_CORE=0 -DNMM_MAX_DIM=2600 -DDA_CORE=0 -DWRFPLUS=0 -DIWORDSIZE=4 -DDWORDSIZE=8 -DRWORDSIZE=4 -DLWORDSIZE=4 -DNONSTANDARD_SYSTEM_SUBR  -DWRF_USE_CLM  -DDM_PARALLEL -DNETCDF -DLANDREAD_STUB=1 -DUSE_ALLOCATABLES -Dwrfmodel -DGRIB1 -DINTIO -DKEEP_INT_AROUND -DLIMIT_ARGS -DBUILD_RRTMG_FAST=0 -DBUILD_RRTMK=0 -DBUILD_SBM_FAST=1 -DSHOW_ALL_VARS_USED=0 -DCONFIG_BUF_LEN=65536 -DMAX_DOMAINS_F=21 -DMAX_HISTORY=25 -DNMM_NEST=0 -DWRF_CHEM -DBUILD_CHEM=1 -I. -traditional-cpp   module_mosaic_aerdynam_intr.G  > module_mosaic_aerdynam_intr.bb
/home/hnavarro/Desktop/WRF/BUILD_WRF/WRF/tools/standard.exe module_mosaic_aerdynam_intr.bb | /lib/cpp -P -nostdinc -traditional-cpp > module_mosaic_aerdynam_intr.f90
rm -f module_mosaic_aerdynam_intr.G module_mosaic_aerdynam_intr.bb
time mpif90 -f90=gfortran -o module_mosaic_aerdynam_intr.o -c -O2 -ftree-vectorize -funroll-loops -w -ffree-form -ffree-line-length-none -fconvert=big-endian -frecord-marker=4 -fallow-argument-mismatch -fallow-invalid-boz   -I../dyn_em  -I/home/hnavarro/Desktop/WRF/BUILD_WRF/WRF/external/esmf_time_f90  -I/home/hnavarro/Desktop/WRF/BUILD_WRF/WRF/main -I/home/hnavarro/Desktop/WRF/BUILD_WRF/WRF/external/io_netcdf -I/home/hnavarro/Desktop/WRF/BUILD_WRF/WRF/external/io_int -I/home/hnavarro/Desktop/WRF/BUILD_WRF/WRF/frame -I/home/hnavarro/Desktop/WRF/BUILD_WRF/WRF/share -I/home/hnavarro/Desktop/WRF/BUILD_WRF/WRF/phys -I/home/hnavarro/Desktop/WRF/BUILD_WRF/WRF/wrftladj -I/home/hnavarro/Desktop/WRF/BUILD_WRF/WRF/chem -I/home/hnavarro/Desktop/WRF/BUILD_WRF/WRF/inc -I/home/hnavarro/Desktop/WRF/Install-WRF-Chem/LIBRARIES/netcdf/include    module_mosaic_aerdynam_intr.f90
0.12user 0.03system 0:00.15elapsed 100%CPU (0avgtext+0avgdata 32988maxresident)k
0inputs+120outputs (0major+8961minor)pagefaults 0swaps
rm -f module_mosaic2_driver.o
sed -e "s/^\!.*'.*//" -e "s/^ *\!.*'.*//" module_mosaic2_driver.F > module_mosaic2_driver.G
/lib/cpp -P -nostdinc -I/home/hnavarro/Desktop/WRF/BUILD_WRF/WRF/inc -DEM_CORE=1 -DNMM_CORE=0 -DNMM_MAX_DIM=2600 -DDA_CORE=0 -DWRFPLUS=0 -DIWORDSIZE=4 -DDWORDSIZE=8 -DRWORDSIZE=4 -DLWORDSIZE=4 -DNONSTANDARD_SYSTEM_SUBR  -DWRF_USE_CLM  -DDM_PARALLEL -DNETCDF -DLANDREAD_STUB=1 -DUSE_ALLOCATABLES -Dwrfmodel -DGRIB1 -DINTIO -DKEEP_INT_AROUND -DLIMIT_ARGS -DBUILD_RRTMG_FAST=0 -DBUILD_RRTMK=0 -DBUILD_SBM_FAST=1 -DSHOW_ALL_VARS_USED=0 -DCONFIG_BUF_LEN=65536 -DMAX_DOMAINS_F=21 -DMAX_HISTORY=25 -DNMM_NEST=0 -DWRF_CHEM -DBUILD_CHEM=1 -I. -traditional-cpp   module_mosaic2_driver.G  > module_mosaic2_driver.bb
/home/hnavarro/Desktop/WRF/BUILD_WRF/WRF/tools/standard.exe module_mosaic2_driver.bb | /lib/cpp -P -nostdinc -traditional-cpp > module_mosaic2_driver.f90
rm -f module_mosaic2_driver.G module_mosaic2_driver.bb
time mpif90 -f90=gfortran -o module_mosaic2_driver.o -c -O2 -ftree-vectorize -funroll-loops -w -ffree-form -ffree-line-length-none -fconvert=big-endian -frecord-marker=4 -fallow-argument-mismatch -fallow-invalid-boz   -I../dyn_em  -I/home/hnavarro/Desktop/WRF/BUILD_WRF/WRF/external/esmf_time_f90  -I/home/hnavarro/Desktop/WRF/BUILD_WRF/WRF/main -I/home/hnavarro/Desktop/WRF/BUILD_WRF/WRF/external/io_netcdf -I/home/hnavarro/Desktop/WRF/BUILD_WRF/WRF/external/io_int -I/home/hnavarro/Desktop/WRF/BUILD_WRF/WRF/frame -I/home/hnavarro/Desktop/WRF/BUILD_WRF/WRF/share -I/home/hnavarro/Desktop/WRF/BUILD_WRF/WRF/phys -I/home/hnavarro/Desktop/WRF/BUILD_WRF/WRF/wrftladj -I/home/hnavarro/Desktop/WRF/BUILD_WRF/WRF/chem -I/home/hnavarro/Desktop/WRF/BUILD_WRF/WRF/inc -I/home/hnavarro/Desktop/WRF/Install-WRF-Chem/LIBRARIES/netcdf/include    module_mosaic2_driver.f90
3.22user 0.10system 0:03.34elapsed 99%CPU (0avgtext+0avgdata 117824maxresident)k
0inputs+1344outputs (0major+44765minor)pagefaults 0swaps
rm -f module_mosaic_driver.o
sed -e "s/^\!.*'.*//" -e "s/^ *\!.*'.*//" module_mosaic_driver.F > module_mosaic_driver.G
/lib/cpp -P -nostdinc -I/home/hnavarro/Desktop/WRF/BUILD_WRF/WRF/inc -DEM_CORE=1 -DNMM_CORE=0 -DNMM_MAX_DIM=2600 -DDA_CORE=0 -DWRFPLUS=0 -DIWORDSIZE=4 -DDWORDSIZE=8 -DRWORDSIZE=4 -DLWORDSIZE=4 -DNONSTANDARD_SYSTEM_SUBR  -DWRF_USE_CLM  -DDM_PARALLEL -DNETCDF -DLANDREAD_STUB=1 -DUSE_ALLOCATABLES -Dwrfmodel -DGRIB1 -DINTIO -DKEEP_INT_AROUND -DLIMIT_ARGS -DBUILD_RRTMG_FAST=0 -DBUILD_RRTMK=0 -DBUILD_SBM_FAST=1 -DSHOW_ALL_VARS_USED=0 -DCONFIG_BUF_LEN=65536 -DMAX_DOMAINS_F=21 -DMAX_HISTORY=25 -DNMM_NEST=0 -DWRF_CHEM -DBUILD_CHEM=1 -I. -traditional-cpp   module_mosaic_driver.G  > module_mosaic_driver.bb
/home/hnavarro/Desktop/WRF/BUILD_WRF/WRF/tools/standard.exe module_mosaic_driver.bb | /lib/cpp -P -nostdinc -traditional-cpp > module_mosaic_driver.f90
rm -f module_mosaic_driver.G module_mosaic_driver.bb
time mpif90 -f90=gfortran -o module_mosaic_driver.o -c -O2 -ftree-vectorize -funroll-loops -w -ffree-form -ffree-line-length-none -fconvert=big-endian -frecord-marker=4 -fallow-argument-mismatch -fallow-invalid-boz   -I../dyn_em  -I/home/hnavarro/Desktop/WRF/BUILD_WRF/WRF/external/esmf_time_f90  -I/home/hnavarro/Desktop/WRF/BUILD_WRF/WRF/main -I/home/hnavarro/Desktop/WRF/BUILD_WRF/WRF/external/io_netcdf -I/home/hnavarro/Desktop/WRF/BUILD_WRF/WRF/external/io_int -I/home/hnavarro/Desktop/WRF/BUILD_WRF/WRF/frame -I/home/hnavarro/Desktop/WRF/BUILD_WRF/WRF/share -I/home/hnavarro/Desktop/WRF/BUILD_WRF/WRF/phys -I/home/hnavarro/Desktop/WRF/BUILD_WRF/WRF/wrftladj -I/home/hnavarro/Desktop/WRF/BUILD_WRF/WRF/chem -I/home/hnavarro/Desktop/WRF/BUILD_WRF/WRF/inc -I/home/hnavarro/Desktop/WRF/Install-WRF-Chem/LIBRARIES/netcdf/include    module_mosaic_driver.f90
13.30user 0.18system 0:13.50elapsed 99%CPU (0avgtext+0avgdata 378840maxresident)k
0inputs+1376outputs (0major+106631minor)pagefaults 0swaps
13.17user 0.31system 0:13.51elapsed 99%CPU (0avgtext+0avgdata 462424maxresident)k
8inputs+6672outputs (0major+179725minor)pagefaults 0swaps
rm -f module_mosaic_drydep.o
rm -f module_mosaic_cloudchem.o
sed -e "s/^\!.*'.*//" -e "s/^ *\!.*'.*//" module_mosaic_drydep.F > module_mosaic_drydep.G
sed -e "s/^\!.*'.*//" -e "s/^ *\!.*'.*//" module_mosaic_cloudchem.F > module_mosaic_cloudchem.G
/lib/cpp -P -nostdinc -I/home/hnavarro/Desktop/WRF/BUILD_WRF/WRF/inc -DEM_CORE=1 -DNMM_CORE=0 -DNMM_MAX_DIM=2600 -DDA_CORE=0 -DWRFPLUS=0 -DIWORDSIZE=4 -DDWORDSIZE=8 -DRWORDSIZE=4 -DLWORDSIZE=4 -DNONSTANDARD_SYSTEM_SUBR  -DWRF_USE_CLM  -DDM_PARALLEL -DNETCDF -DLANDREAD_STUB=1 -DUSE_ALLOCATABLES -Dwrfmodel -DGRIB1 -DINTIO -DKEEP_INT_AROUND -DLIMIT_ARGS -DBUILD_RRTMG_FAST=0 -DBUILD_RRTMK=0 -DBUILD_SBM_FAST=1 -DSHOW_ALL_VARS_USED=0 -DCONFIG_BUF_LEN=65536 -DMAX_DOMAINS_F=21 -DMAX_HISTORY=25 -DNMM_NEST=0 -DWRF_CHEM -DBUILD_CHEM=1 -I. -traditional-cpp   module_mosaic_drydep.G  > module_mosaic_drydep.bb
/lib/cpp -P -nostdinc -I/home/hnavarro/Desktop/WRF/BUILD_WRF/WRF/inc -DEM_CORE=1 -DNMM_CORE=0 -DNMM_MAX_DIM=2600 -DDA_CORE=0 -DWRFPLUS=0 -DIWORDSIZE=4 -DDWORDSIZE=8 -DRWORDSIZE=4 -DLWORDSIZE=4 -DNONSTANDARD_SYSTEM_SUBR  -DWRF_USE_CLM  -DDM_PARALLEL -DNETCDF -DLANDREAD_STUB=1 -DUSE_ALLOCATABLES -Dwrfmodel -DGRIB1 -DINTIO -DKEEP_INT_AROUND -DLIMIT_ARGS -DBUILD_RRTMG_FAST=0 -DBUILD_RRTMK=0 -DBUILD_SBM_FAST=1 -DSHOW_ALL_VARS_USED=0 -DCONFIG_BUF_LEN=65536 -DMAX_DOMAINS_F=21 -DMAX_HISTORY=25 -DNMM_NEST=0 -DWRF_CHEM -DBUILD_CHEM=1 -I. -traditional-cpp   module_mosaic_cloudchem.G  > module_mosaic_cloudchem.bb
/home/hnavarro/Desktop/WRF/BUILD_WRF/WRF/tools/standard.exe module_mosaic_drydep.bb | /lib/cpp -P -nostdinc -traditional-cpp > module_mosaic_drydep.f90
/home/hnavarro/Desktop/WRF/BUILD_WRF/WRF/tools/standard.exe module_mosaic_cloudchem.bb | /lib/cpp -P -nostdinc -traditional-cpp > module_mosaic_cloudchem.f90
rm -f module_mosaic_drydep.G module_mosaic_drydep.bb
rm -f module_mosaic_cloudchem.G module_mosaic_cloudchem.bb
time mpif90 -f90=gfortran -o module_mosaic_drydep.o -c -O2 -ftree-vectorize -funroll-loops -w -ffree-form -ffree-line-length-none -fconvert=big-endian -frecord-marker=4 -fallow-argument-mismatch -fallow-invalid-boz   -I../dyn_em  -I/home/hnavarro/Desktop/WRF/BUILD_WRF/WRF/external/esmf_time_f90  -I/home/hnavarro/Desktop/WRF/BUILD_WRF/WRF/main -I/home/hnavarro/Desktop/WRF/BUILD_WRF/WRF/external/io_netcdf -I/home/hnavarro/Desktop/WRF/BUILD_WRF/WRF/external/io_int -I/home/hnavarro/Desktop/WRF/BUILD_WRF/WRF/frame -I/home/hnavarro/Desktop/WRF/BUILD_WRF/WRF/share -I/home/hnavarro/Desktop/WRF/BUILD_WRF/WRF/phys -I/home/hnavarro/Desktop/WRF/BUILD_WRF/WRF/wrftladj -I/home/hnavarro/Desktop/WRF/BUILD_WRF/WRF/chem -I/home/hnavarro/Desktop/WRF/BUILD_WRF/WRF/inc -I/home/hnavarro/Desktop/WRF/Install-WRF-Chem/LIBRARIES/netcdf/include    module_mosaic_drydep.f90
time mpif90 -f90=gfortran -o module_mosaic_cloudchem.o -c -O2 -ftree-vectorize -funroll-loops -w -ffree-form -ffree-line-length-none -fconvert=big-endian -frecord-marker=4 -fallow-argument-mismatch -fallow-invalid-boz   -I../dyn_em  -I/home/hnavarro/Desktop/WRF/BUILD_WRF/WRF/external/esmf_time_f90  -I/home/hnavarro/Desktop/WRF/BUILD_WRF/WRF/main -I/home/hnavarro/Desktop/WRF/BUILD_WRF/WRF/external/io_netcdf -I/home/hnavarro/Desktop/WRF/BUILD_WRF/WRF/external/io_int -I/home/hnavarro/Desktop/WRF/BUILD_WRF/WRF/frame -I/home/hnavarro/Desktop/WRF/BUILD_WRF/WRF/share -I/home/hnavarro/Desktop/WRF/BUILD_WRF/WRF/phys -I/home/hnavarro/Desktop/WRF/BUILD_WRF/WRF/wrftladj -I/home/hnavarro/Desktop/WRF/BUILD_WRF/WRF/chem -I/home/hnavarro/Desktop/WRF/BUILD_WRF/WRF/inc -I/home/hnavarro/Desktop/WRF/Install-WRF-Chem/LIBRARIES/netcdf/include    module_mosaic_cloudchem.f90
0.22user 0.08system 0:00.30elapsed 100%CPU (0avgtext+0avgdata 41156maxresident)k
0inputs+136outputs (3major+13149minor)pagefaults 0swaps
rm -f module_phot_fastj.o
sed -e "s/^\!.*'.*//" -e "s/^ *\!.*'.*//" module_phot_fastj.F > module_phot_fastj.G
/lib/cpp -P -nostdinc -I/home/hnavarro/Desktop/WRF/BUILD_WRF/WRF/inc -DEM_CORE=1 -DNMM_CORE=0 -DNMM_MAX_DIM=2600 -DDA_CORE=0 -DWRFPLUS=0 -DIWORDSIZE=4 -DDWORDSIZE=8 -DRWORDSIZE=4 -DLWORDSIZE=4 -DNONSTANDARD_SYSTEM_SUBR  -DWRF_USE_CLM  -DDM_PARALLEL -DNETCDF -DLANDREAD_STUB=1 -DUSE_ALLOCATABLES -Dwrfmodel -DGRIB1 -DINTIO -DKEEP_INT_AROUND -DLIMIT_ARGS -DBUILD_RRTMG_FAST=0 -DBUILD_RRTMK=0 -DBUILD_SBM_FAST=1 -DSHOW_ALL_VARS_USED=0 -DCONFIG_BUF_LEN=65536 -DMAX_DOMAINS_F=21 -DMAX_HISTORY=25 -DNMM_NEST=0 -DWRF_CHEM -DBUILD_CHEM=1 -I. -traditional-cpp   module_phot_fastj.G  > module_phot_fastj.bb
/home/hnavarro/Desktop/WRF/BUILD_WRF/WRF/tools/standard.exe module_phot_fastj.bb | /lib/cpp -P -nostdinc -traditional-cpp > module_phot_fastj.f90
rm -f module_phot_fastj.G module_phot_fastj.bb
time mpif90 -f90=gfortran -o module_phot_fastj.o -c -O2 -ftree-vectorize -funroll-loops -w -ffree-form -ffree-line-length-none -fconvert=big-endian -frecord-marker=4 -fallow-argument-mismatch -fallow-invalid-boz   -I../dyn_em  -I/home/hnavarro/Desktop/WRF/BUILD_WRF/WRF/external/esmf_time_f90  -I/home/hnavarro/Desktop/WRF/BUILD_WRF/WRF/main -I/home/hnavarro/Desktop/WRF/BUILD_WRF/WRF/external/io_netcdf -I/home/hnavarro/Desktop/WRF/BUILD_WRF/WRF/external/io_int -I/home/hnavarro/Desktop/WRF/BUILD_WRF/WRF/frame -I/home/hnavarro/Desktop/WRF/BUILD_WRF/WRF/share -I/home/hnavarro/Desktop/WRF/BUILD_WRF/WRF/phys -I/home/hnavarro/Desktop/WRF/BUILD_WRF/WRF/wrftladj -I/home/hnavarro/Desktop/WRF/BUILD_WRF/WRF/chem -I/home/hnavarro/Desktop/WRF/BUILD_WRF/WRF/inc -I/home/hnavarro/Desktop/WRF/Install-WRF-Chem/LIBRARIES/netcdf/include    module_phot_fastj.f90
0.68user 0.09system 0:00.78elapsed 100%CPU (0avgtext+0avgdata 52396maxresident)k
0inputs+448outputs (0major+19165minor)pagefaults 0swaps
rm -f chemics_init.o
sed -e "s/^\!.*'.*//" -e "s/^ *\!.*'.*//" chemics_init.F > chemics_init.G
/lib/cpp -P -nostdinc -I/home/hnavarro/Desktop/WRF/BUILD_WRF/WRF/inc -DEM_CORE=1 -DNMM_CORE=0 -DNMM_MAX_DIM=2600 -DDA_CORE=0 -DWRFPLUS=0 -DIWORDSIZE=4 -DDWORDSIZE=8 -DRWORDSIZE=4 -DLWORDSIZE=4 -DNONSTANDARD_SYSTEM_SUBR  -DWRF_USE_CLM  -DDM_PARALLEL -DNETCDF -DLANDREAD_STUB=1 -DUSE_ALLOCATABLES -Dwrfmodel -DGRIB1 -DINTIO -DKEEP_INT_AROUND -DLIMIT_ARGS -DBUILD_RRTMG_FAST=0 -DBUILD_RRTMK=0 -DBUILD_SBM_FAST=1 -DSHOW_ALL_VARS_USED=0 -DCONFIG_BUF_LEN=65536 -DMAX_DOMAINS_F=21 -DMAX_HISTORY=25 -DNMM_NEST=0 -DWRF_CHEM -DBUILD_CHEM=1 -I. -traditional-cpp   chemics_init.G  > chemics_init.bb
/home/hnavarro/Desktop/WRF/BUILD_WRF/WRF/tools/standard.exe chemics_init.bb | /lib/cpp -P -nostdinc -traditional-cpp > chemics_init.f90
rm -f chemics_init.G chemics_init.bb
time mpif90 -f90=gfortran -o chemics_init.o -c -O2 -ftree-vectorize -funroll-loops -w -ffree-form -ffree-line-length-none -fconvert=big-endian -frecord-marker=4 -fallow-argument-mismatch -fallow-invalid-boz   -I../dyn_em  -I/home/hnavarro/Desktop/WRF/BUILD_WRF/WRF/external/esmf_time_f90  -I/home/hnavarro/Desktop/WRF/BUILD_WRF/WRF/main -I/home/hnavarro/Desktop/WRF/BUILD_WRF/WRF/external/io_netcdf -I/home/hnavarro/Desktop/WRF/BUILD_WRF/WRF/external/io_int -I/home/hnavarro/Desktop/WRF/BUILD_WRF/WRF/frame -I/home/hnavarro/Desktop/WRF/BUILD_WRF/WRF/share -I/home/hnavarro/Desktop/WRF/BUILD_WRF/WRF/phys -I/home/hnavarro/Desktop/WRF/BUILD_WRF/WRF/wrftladj -I/home/hnavarro/Desktop/WRF/BUILD_WRF/WRF/chem -I/home/hnavarro/Desktop/WRF/BUILD_WRF/WRF/inc -I/home/hnavarro/Desktop/WRF/Install-WRF-Chem/LIBRARIES/netcdf/include    chemics_init.f90
2.15user 0.07system 0:02.23elapsed 99%CPU (0avgtext+0avgdata 85260maxresident)k
0inputs+1112outputs (0major+23585minor)pagefaults 0swaps
rm -f cloudchem_driver.o
sed -e "s/^\!.*'.*//" -e "s/^ *\!.*'.*//" cloudchem_driver.F > cloudchem_driver.G
/lib/cpp -P -nostdinc -I/home/hnavarro/Desktop/WRF/BUILD_WRF/WRF/inc -DEM_CORE=1 -DNMM_CORE=0 -DNMM_MAX_DIM=2600 -DDA_CORE=0 -DWRFPLUS=0 -DIWORDSIZE=4 -DDWORDSIZE=8 -DRWORDSIZE=4 -DLWORDSIZE=4 -DNONSTANDARD_SYSTEM_SUBR  -DWRF_USE_CLM  -DDM_PARALLEL -DNETCDF -DLANDREAD_STUB=1 -DUSE_ALLOCATABLES -Dwrfmodel -DGRIB1 -DINTIO -DKEEP_INT_AROUND -DLIMIT_ARGS -DBUILD_RRTMG_FAST=0 -DBUILD_RRTMK=0 -DBUILD_SBM_FAST=1 -DSHOW_ALL_VARS_USED=0 -DCONFIG_BUF_LEN=65536 -DMAX_DOMAINS_F=21 -DMAX_HISTORY=25 -DNMM_NEST=0 -DWRF_CHEM -DBUILD_CHEM=1 -I. -traditional-cpp   cloudchem_driver.G  > cloudchem_driver.bb
/home/hnavarro/Desktop/WRF/BUILD_WRF/WRF/tools/standard.exe cloudchem_driver.bb | /lib/cpp -P -nostdinc -traditional-cpp > cloudchem_driver.f90
rm -f cloudchem_driver.G cloudchem_driver.bb
time mpif90 -f90=gfortran -o cloudchem_driver.o -c -O2 -ftree-vectorize -funroll-loops -w -ffree-form -ffree-line-length-none -fconvert=big-endian -frecord-marker=4 -fallow-argument-mismatch -fallow-invalid-boz   -I../dyn_em  -I/home/hnavarro/Desktop/WRF/BUILD_WRF/WRF/external/esmf_time_f90  -I/home/hnavarro/Desktop/WRF/BUILD_WRF/WRF/main -I/home/hnavarro/Desktop/WRF/BUILD_WRF/WRF/external/io_netcdf -I/home/hnavarro/Desktop/WRF/BUILD_WRF/WRF/external/io_int -I/home/hnavarro/Desktop/WRF/BUILD_WRF/WRF/frame -I/home/hnavarro/Desktop/WRF/BUILD_WRF/WRF/share -I/home/hnavarro/Desktop/WRF/BUILD_WRF/WRF/phys -I/home/hnavarro/Desktop/WRF/BUILD_WRF/WRF/wrftladj -I/home/hnavarro/Desktop/WRF/BUILD_WRF/WRF/chem -I/home/hnavarro/Desktop/WRF/BUILD_WRF/WRF/inc -I/home/hnavarro/Desktop/WRF/Install-WRF-Chem/LIBRARIES/netcdf/include    cloudchem_driver.f90
1.12user 0.04system 0:01.17elapsed 99%CPU (0avgtext+0avgdata 40516maxresident)k
0inputs+48outputs (0major+12963minor)pagefaults 0swaps
rm -f photolysis_driver.o
sed -e "s/^\!.*'.*//" -e "s/^ *\!.*'.*//" photolysis_driver.F > photolysis_driver.G
/lib/cpp -P -nostdinc -I/home/hnavarro/Desktop/WRF/BUILD_WRF/WRF/inc -DEM_CORE=1 -DNMM_CORE=0 -DNMM_MAX_DIM=2600 -DDA_CORE=0 -DWRFPLUS=0 -DIWORDSIZE=4 -DDWORDSIZE=8 -DRWORDSIZE=4 -DLWORDSIZE=4 -DNONSTANDARD_SYSTEM_SUBR  -DWRF_USE_CLM  -DDM_PARALLEL -DNETCDF -DLANDREAD_STUB=1 -DUSE_ALLOCATABLES -Dwrfmodel -DGRIB1 -DINTIO -DKEEP_INT_AROUND -DLIMIT_ARGS -DBUILD_RRTMG_FAST=0 -DBUILD_RRTMK=0 -DBUILD_SBM_FAST=1 -DSHOW_ALL_VARS_USED=0 -DCONFIG_BUF_LEN=65536 -DMAX_DOMAINS_F=21 -DMAX_HISTORY=25 -DNMM_NEST=0 -DWRF_CHEM -DBUILD_CHEM=1 -I. -traditional-cpp   photolysis_driver.G  > photolysis_driver.bb
/home/hnavarro/Desktop/WRF/BUILD_WRF/WRF/tools/standard.exe photolysis_driver.bb | /lib/cpp -P -nostdinc -traditional-cpp > photolysis_driver.f90
rm -f photolysis_driver.G photolysis_driver.bb
time mpif90 -f90=gfortran -o photolysis_driver.o -c -O2 -ftree-vectorize -funroll-loops -w -ffree-form -ffree-line-length-none -fconvert=big-endian -frecord-marker=4 -fallow-argument-mismatch -fallow-invalid-boz   -I../dyn_em  -I/home/hnavarro/Desktop/WRF/BUILD_WRF/WRF/external/esmf_time_f90  -I/home/hnavarro/Desktop/WRF/BUILD_WRF/WRF/main -I/home/hnavarro/Desktop/WRF/BUILD_WRF/WRF/external/io_netcdf -I/home/hnavarro/Desktop/WRF/BUILD_WRF/WRF/external/io_int -I/home/hnavarro/Desktop/WRF/BUILD_WRF/WRF/frame -I/home/hnavarro/Desktop/WRF/BUILD_WRF/WRF/share -I/home/hnavarro/Desktop/WRF/BUILD_WRF/WRF/phys -I/home/hnavarro/Desktop/WRF/BUILD_WRF/WRF/wrftladj -I/home/hnavarro/Desktop/WRF/BUILD_WRF/WRF/chem -I/home/hnavarro/Desktop/WRF/BUILD_WRF/WRF/inc -I/home/hnavarro/Desktop/WRF/Install-WRF-Chem/LIBRARIES/netcdf/include    photolysis_driver.f90
1.34user 0.04system 0:01.39elapsed 99%CPU (0avgtext+0avgdata 44160maxresident)k
0inputs+80outputs (0major+13499minor)pagefaults 0swaps
rm -f aerosol_driver.o
sed -e "s/^\!.*'.*//" -e "s/^ *\!.*'.*//" aerosol_driver.F > aerosol_driver.G
/lib/cpp -P -nostdinc -I/home/hnavarro/Desktop/WRF/BUILD_WRF/WRF/inc -DEM_CORE=1 -DNMM_CORE=0 -DNMM_MAX_DIM=2600 -DDA_CORE=0 -DWRFPLUS=0 -DIWORDSIZE=4 -DDWORDSIZE=8 -DRWORDSIZE=4 -DLWORDSIZE=4 -DNONSTANDARD_SYSTEM_SUBR  -DWRF_USE_CLM  -DDM_PARALLEL -DNETCDF -DLANDREAD_STUB=1 -DUSE_ALLOCATABLES -Dwrfmodel -DGRIB1 -DINTIO -DKEEP_INT_AROUND -DLIMIT_ARGS -DBUILD_RRTMG_FAST=0 -DBUILD_RRTMK=0 -DBUILD_SBM_FAST=1 -DSHOW_ALL_VARS_USED=0 -DCONFIG_BUF_LEN=65536 -DMAX_DOMAINS_F=21 -DMAX_HISTORY=25 -DNMM_NEST=0 -DWRF_CHEM -DBUILD_CHEM=1 -I. -traditional-cpp   aerosol_driver.G  > aerosol_driver.bb
/home/hnavarro/Desktop/WRF/BUILD_WRF/WRF/tools/standard.exe aerosol_driver.bb | /lib/cpp -P -nostdinc -traditional-cpp > aerosol_driver.f90
rm -f aerosol_driver.G aerosol_driver.bb
time mpif90 -f90=gfortran -o aerosol_driver.o -c -O2 -ftree-vectorize -funroll-loops -w -ffree-form -ffree-line-length-none -fconvert=big-endian -frecord-marker=4 -fallow-argument-mismatch -fallow-invalid-boz   -I../dyn_em  -I/home/hnavarro/Desktop/WRF/BUILD_WRF/WRF/external/esmf_time_f90  -I/home/hnavarro/Desktop/WRF/BUILD_WRF/WRF/main -I/home/hnavarro/Desktop/WRF/BUILD_WRF/WRF/external/io_netcdf -I/home/hnavarro/Desktop/WRF/BUILD_WRF/WRF/external/io_int -I/home/hnavarro/Desktop/WRF/BUILD_WRF/WRF/frame -I/home/hnavarro/Desktop/WRF/BUILD_WRF/WRF/share -I/home/hnavarro/Desktop/WRF/BUILD_WRF/WRF/phys -I/home/hnavarro/Desktop/WRF/BUILD_WRF/WRF/wrftladj -I/home/hnavarro/Desktop/WRF/BUILD_WRF/WRF/chem -I/home/hnavarro/Desktop/WRF/BUILD_WRF/WRF/inc -I/home/hnavarro/Desktop/WRF/Install-WRF-Chem/LIBRARIES/netcdf/include    aerosol_driver.f90
4.89user 0.08system 0:04.98elapsed 99%CPU (0avgtext+0avgdata 72440maxresident)k
0inputs+232outputs (0major+27715minor)pagefaults 0swaps
rm -f module_aer_drydep.o
sed -e "s/^\!.*'.*//" -e "s/^ *\!.*'.*//" module_aer_drydep.F > module_aer_drydep.G
/lib/cpp -P -nostdinc -I/home/hnavarro/Desktop/WRF/BUILD_WRF/WRF/inc -DEM_CORE=1 -DNMM_CORE=0 -DNMM_MAX_DIM=2600 -DDA_CORE=0 -DWRFPLUS=0 -DIWORDSIZE=4 -DDWORDSIZE=8 -DRWORDSIZE=4 -DLWORDSIZE=4 -DNONSTANDARD_SYSTEM_SUBR  -DWRF_USE_CLM  -DDM_PARALLEL -DNETCDF -DLANDREAD_STUB=1 -DUSE_ALLOCATABLES -Dwrfmodel -DGRIB1 -DINTIO -DKEEP_INT_AROUND -DLIMIT_ARGS -DBUILD_RRTMG_FAST=0 -DBUILD_RRTMK=0 -DBUILD_SBM_FAST=1 -DSHOW_ALL_VARS_USED=0 -DCONFIG_BUF_LEN=65536 -DMAX_DOMAINS_F=21 -DMAX_HISTORY=25 -DNMM_NEST=0 -DWRF_CHEM -DBUILD_CHEM=1 -I. -traditional-cpp   module_aer_drydep.G  > module_aer_drydep.bb
/home/hnavarro/Desktop/WRF/BUILD_WRF/WRF/tools/standard.exe module_aer_drydep.bb | /lib/cpp -P -nostdinc -traditional-cpp > module_aer_drydep.f90
rm -f module_aer_drydep.G module_aer_drydep.bb
time mpif90 -f90=gfortran -o module_aer_drydep.o -c -O2 -ftree-vectorize -funroll-loops -w -ffree-form -ffree-line-length-none -fconvert=big-endian -frecord-marker=4 -fallow-argument-mismatch -fallow-invalid-boz   -I../dyn_em  -I/home/hnavarro/Desktop/WRF/BUILD_WRF/WRF/external/esmf_time_f90  -I/home/hnavarro/Desktop/WRF/BUILD_WRF/WRF/main -I/home/hnavarro/Desktop/WRF/BUILD_WRF/WRF/external/io_netcdf -I/home/hnavarro/Desktop/WRF/BUILD_WRF/WRF/external/io_int -I/home/hnavarro/Desktop/WRF/BUILD_WRF/WRF/frame -I/home/hnavarro/Desktop/WRF/BUILD_WRF/WRF/share -I/home/hnavarro/Desktop/WRF/BUILD_WRF/WRF/phys -I/home/hnavarro/Desktop/WRF/BUILD_WRF/WRF/wrftladj -I/home/hnavarro/Desktop/WRF/BUILD_WRF/WRF/chem -I/home/hnavarro/Desktop/WRF/BUILD_WRF/WRF/inc -I/home/hnavarro/Desktop/WRF/Install-WRF-Chem/LIBRARIES/netcdf/include    module_aer_drydep.f90
1.55user 0.06system 0:01.62elapsed 99%CPU (0avgtext+0avgdata 74724maxresident)k
0inputs+696outputs (0major+29698minor)pagefaults 0swaps
rm -f module_chem_cup.o
sed -e "s/^\!.*'.*//" -e "s/^ *\!.*'.*//" module_chem_cup.F > module_chem_cup.G
/lib/cpp -P -nostdinc -I/home/hnavarro/Desktop/WRF/BUILD_WRF/WRF/inc -DEM_CORE=1 -DNMM_CORE=0 -DNMM_MAX_DIM=2600 -DDA_CORE=0 -DWRFPLUS=0 -DIWORDSIZE=4 -DDWORDSIZE=8 -DRWORDSIZE=4 -DLWORDSIZE=4 -DNONSTANDARD_SYSTEM_SUBR  -DWRF_USE_CLM  -DDM_PARALLEL -DNETCDF -DLANDREAD_STUB=1 -DUSE_ALLOCATABLES -Dwrfmodel -DGRIB1 -DINTIO -DKEEP_INT_AROUND -DLIMIT_ARGS -DBUILD_RRTMG_FAST=0 -DBUILD_RRTMK=0 -DBUILD_SBM_FAST=1 -DSHOW_ALL_VARS_USED=0 -DCONFIG_BUF_LEN=65536 -DMAX_DOMAINS_F=21 -DMAX_HISTORY=25 -DNMM_NEST=0 -DWRF_CHEM -DBUILD_CHEM=1 -I. -traditional-cpp   module_chem_cup.G  > module_chem_cup.bb
/home/hnavarro/Desktop/WRF/BUILD_WRF/WRF/tools/standard.exe module_chem_cup.bb | /lib/cpp -P -nostdinc -traditional-cpp > module_chem_cup.f90
rm -f module_chem_cup.G module_chem_cup.bb
time mpif90 -f90=gfortran -o module_chem_cup.o -c -O2 -ftree-vectorize -funroll-loops -w -ffree-form -ffree-line-length-none -fconvert=big-endian -frecord-marker=4 -fallow-argument-mismatch -fallow-invalid-boz   -I../dyn_em  -I/home/hnavarro/Desktop/WRF/BUILD_WRF/WRF/external/esmf_time_f90  -I/home/hnavarro/Desktop/WRF/BUILD_WRF/WRF/main -I/home/hnavarro/Desktop/WRF/BUILD_WRF/WRF/external/io_netcdf -I/home/hnavarro/Desktop/WRF/BUILD_WRF/WRF/external/io_int -I/home/hnavarro/Desktop/WRF/BUILD_WRF/WRF/frame -I/home/hnavarro/Desktop/WRF/BUILD_WRF/WRF/share -I/home/hnavarro/Desktop/WRF/BUILD_WRF/WRF/phys -I/home/hnavarro/Desktop/WRF/BUILD_WRF/WRF/wrftladj -I/home/hnavarro/Desktop/WRF/BUILD_WRF/WRF/chem -I/home/hnavarro/Desktop/WRF/BUILD_WRF/WRF/inc -I/home/hnavarro/Desktop/WRF/Install-WRF-Chem/LIBRARIES/netcdf/include    module_chem_cup.f90
13.23user 0.15system 0:13.40elapsed 99%CPU (0avgtext+0avgdata 308632maxresident)k
0inputs+1904outputs (0major+93696minor)pagefaults 0swaps
rm -f dry_dep_driver.o
sed -e "s/^\!.*'.*//" -e "s/^ *\!.*'.*//" dry_dep_driver.F > dry_dep_driver.G
/lib/cpp -P -nostdinc -I/home/hnavarro/Desktop/WRF/BUILD_WRF/WRF/inc -DEM_CORE=1 -DNMM_CORE=0 -DNMM_MAX_DIM=2600 -DDA_CORE=0 -DWRFPLUS=0 -DIWORDSIZE=4 -DDWORDSIZE=8 -DRWORDSIZE=4 -DLWORDSIZE=4 -DNONSTANDARD_SYSTEM_SUBR  -DWRF_USE_CLM  -DDM_PARALLEL -DNETCDF -DLANDREAD_STUB=1 -DUSE_ALLOCATABLES -Dwrfmodel -DGRIB1 -DINTIO -DKEEP_INT_AROUND -DLIMIT_ARGS -DBUILD_RRTMG_FAST=0 -DBUILD_RRTMK=0 -DBUILD_SBM_FAST=1 -DSHOW_ALL_VARS_USED=0 -DCONFIG_BUF_LEN=65536 -DMAX_DOMAINS_F=21 -DMAX_HISTORY=25 -DNMM_NEST=0 -DWRF_CHEM -DBUILD_CHEM=1 -I. -traditional-cpp   dry_dep_driver.G  > dry_dep_driver.bb
/home/hnavarro/Desktop/WRF/BUILD_WRF/WRF/tools/standard.exe dry_dep_driver.bb | /lib/cpp -P -nostdinc -traditional-cpp > dry_dep_driver.f90
rm -f dry_dep_driver.G dry_dep_driver.bb
time mpif90 -f90=gfortran -o dry_dep_driver.o -c -O2 -ftree-vectorize -funroll-loops -w -ffree-form -ffree-line-length-none -fconvert=big-endian -frecord-marker=4 -fallow-argument-mismatch -fallow-invalid-boz   -I../dyn_em  -I/home/hnavarro/Desktop/WRF/BUILD_WRF/WRF/external/esmf_time_f90  -I/home/hnavarro/Desktop/WRF/BUILD_WRF/WRF/main -I/home/hnavarro/Desktop/WRF/BUILD_WRF/WRF/external/io_netcdf -I/home/hnavarro/Desktop/WRF/BUILD_WRF/WRF/external/io_int -I/home/hnavarro/Desktop/WRF/BUILD_WRF/WRF/frame -I/home/hnavarro/Desktop/WRF/BUILD_WRF/WRF/share -I/home/hnavarro/Desktop/WRF/BUILD_WRF/WRF/phys -I/home/hnavarro/Desktop/WRF/BUILD_WRF/WRF/wrftladj -I/home/hnavarro/Desktop/WRF/BUILD_WRF/WRF/chem -I/home/hnavarro/Desktop/WRF/BUILD_WRF/WRF/inc -I/home/hnavarro/Desktop/WRF/Install-WRF-Chem/LIBRARIES/netcdf/include    dry_dep_driver.f90
9.83user 0.19system 0:10.04elapsed 99%CPU (0avgtext+0avgdata 483372maxresident)k
0inputs+2208outputs (0major+145011minor)pagefaults 0swaps
10.02user 0.18system 0:10.22elapsed 99%CPU (0avgtext+0avgdata 330888maxresident)k
0inputs+2712outputs (0major+119714minor)pagefaults 0swaps
rm -f chem_driver.o
sed -e "s/^\!.*'.*//" -e "s/^ *\!.*'.*//" chem_driver.F > chem_driver.G
/lib/cpp -P -nostdinc -I/home/hnavarro/Desktop/WRF/BUILD_WRF/WRF/inc -DEM_CORE=1 -DNMM_CORE=0 -DNMM_MAX_DIM=2600 -DDA_CORE=0 -DWRFPLUS=0 -DIWORDSIZE=4 -DDWORDSIZE=8 -DRWORDSIZE=4 -DLWORDSIZE=4 -DNONSTANDARD_SYSTEM_SUBR  -DWRF_USE_CLM  -DDM_PARALLEL -DNETCDF -DLANDREAD_STUB=1 -DUSE_ALLOCATABLES -Dwrfmodel -DGRIB1 -DINTIO -DKEEP_INT_AROUND -DLIMIT_ARGS -DBUILD_RRTMG_FAST=0 -DBUILD_RRTMK=0 -DBUILD_SBM_FAST=1 -DSHOW_ALL_VARS_USED=0 -DCONFIG_BUF_LEN=65536 -DMAX_DOMAINS_F=21 -DMAX_HISTORY=25 -DNMM_NEST=0 -DWRF_CHEM -DBUILD_CHEM=1 -I. -traditional-cpp   chem_driver.G  > chem_driver.bb
/home/hnavarro/Desktop/WRF/BUILD_WRF/WRF/tools/standard.exe chem_driver.bb | /lib/cpp -P -nostdinc -traditional-cpp > chem_driver.f90
rm -f chem_driver.G chem_driver.bb
time mpif90 -f90=gfortran -o chem_driver.o -c -O2 -ftree-vectorize -funroll-loops -w -ffree-form -ffree-line-length-none -fconvert=big-endian -frecord-marker=4 -fallow-argument-mismatch -fallow-invalid-boz   -I../dyn_em  -I/home/hnavarro/Desktop/WRF/BUILD_WRF/WRF/external/esmf_time_f90  -I/home/hnavarro/Desktop/WRF/BUILD_WRF/WRF/main -I/home/hnavarro/Desktop/WRF/BUILD_WRF/WRF/external/io_netcdf -I/home/hnavarro/Desktop/WRF/BUILD_WRF/WRF/external/io_int -I/home/hnavarro/Desktop/WRF/BUILD_WRF/WRF/frame -I/home/hnavarro/Desktop/WRF/BUILD_WRF/WRF/share -I/home/hnavarro/Desktop/WRF/BUILD_WRF/WRF/phys -I/home/hnavarro/Desktop/WRF/BUILD_WRF/WRF/wrftladj -I/home/hnavarro/Desktop/WRF/BUILD_WRF/WRF/chem -I/home/hnavarro/Desktop/WRF/BUILD_WRF/WRF/inc -I/home/hnavarro/Desktop/WRF/Install-WRF-Chem/LIBRARIES/netcdf/include    chem_driver.f90
107.70user 0.72system 1:48.47elapsed 99%CPU (0avgtext+0avgdata 1795500maxresident)k
8inputs+12760outputs (0major+558887minor)pagefaults 0swaps
ar ru ../main/libwrflib.a module_data_isrpia_data.o module_data_ISRPIA.o module_data_isrpia_asrc.o module_data_isrpia_solut.o module_data_isrpia_kmc198.o module_data_isrpia_kmc223.o module_data_isrpia_kmc248.o module_data_isrpia_kmc273.o module_data_isrpia_kmc298.o module_data_isrpia_kmc323.o module_data_isrpia_expnc.o module_data_isrpia_caseg.o module_data_isrpia_casej.o isofwd.o isorev.o isocom.o moduleHETDATA.o moduleHETAERO.o moduleAERODATA.o aerorate_so2.o module_aer_opt_out.o module_add_emiss_burn.o module_add_emis_cptec.o module_bioemi_beis314.o module_chem_utilities.o module_cmu_dvode_solver.o module_data_cbmz.o module_data_cmu_bulkaqchem.o module_data_gocartchem.o module_data_gocart_seas.o module_data_mosaic_kind.o module_data_mosaic_constants.o module_data_mosaic_aero.o module_data_mosaic_main.o module_data_mosaic_asect.o module_data_mosaic_asecthp.o module_data_mosaic_boxmod.o module_data_mosaic_other.o module_data_mosaic_therm.o module_data_radm2.o module_data_rrtmgaeropt.o module_data_megan2.o module_data_soa_vbs.o module_data_soa_vbs_het.o module_data_sorgam.o module_data_sorgam_vbs.o module_ftuv_subs.o module_ghg_fluxes.o module_gocart_drydep.o module_gocart_settling.o module_gocart_so2so4.o module_input_tracer_data.o module_interpolate.o module_mosaic_csuesat.o module_mozcart_wetscav.o module_peg_util.o module_tropopause.o module_upper_bc_driver.o module_vertmx_wrf.o module_wave_data.o module_wetdep_ls.o module_zero_plumegen_coms.o module_vash_settling.o module_chem_plumerise_scalar.o module_dep_simple.o module_gocart_dmsemis.o module_gocart_aerosols.o module_gocart_dust.o module_gocart_dust_afwa.o module_gocart_seasalt.o module_uoc_dust.o module_qf03.o module_soilpsd.o module_dust_load.o module_uoc_dustwd.o module_data_uoc_wd.o module_mosaic_addemiss.o module_mosaic_initmixrats.o module_mosaic_support.o module_mosaic_init_aerpar.o module_mosaic_ext.o module_mosaic_astem.o module_mosaic_lsode.o module_mosaic_box_aerchem.o module_mosaic_aerchem_intr.o module_mosaic_coag1d.o module_mosaic_coag3d.o module_mosaic_movesect1d.o module_mosaic_movesect3d.o module_mosaic_newnucb.o module_mosaic_sect_intr.o module_mosaic_aerdynam_intr.o module_mosaic_movesect.o module_mosaic_newnuc.o module_mosaic_soa_vbs.o module_cbmz_lsodes_solver.o module_cbmz_rodas3_solver.o module_cmu_bulkaqchem.o module_data_mgn2mech.o module_ftuv_driver.o module_fastj_data.o module_fastj_mie.o module_input_chem_data.o module_mosaic_coag.o module_mosaic_gly.o module_mosaic_wetscav.o module_mosaic_therm.o module_phot_mad.o params.mod.o numer.o rdxs.o rxn.o params_mod.o module_phot_tuv.o module_subs_tuv.o rtrans.o la_srb.o module_radm.o module_sorgam_aqchem.o module_sorgam_vbs_aqchem.o module_aerosols_soa_vbs.o module_aerosols_soa_vbs_het.o module_aerosols_sorgam.o module_aerosols_sorgam_vbs.o module_bioemi_megan2.o module_bioemi_simple.o module_cbm4_initmixrats.o module_cb05_initmixrats.o module_cb05_vbs_initmixrats.o module_cbmz.o module_cbmz_initmixrats.o module_cbmz_rodas_prep.o module_ctrans_grell.o module_gocart_chem.o module_input_tracer.o module_lightning_nox_driver.o module_lightning_nox_ott.o module_lightning_nox_decaria.o module_mixactivate_wrappers.o module_mosaic_init_aerpar.o module_mosaic2_driver.o module_mosaic_sumpm.o module_mosaic_driver.o module_optical_averaging.o module_plumerise1.o module_mosaic_drydep.o module_wetscav_driver.o module_prep_wetscav_sorgam.o module_input_chem_bioemiss.o module_input_dust_errosion.o module_input_gocart_dms.o module_cbmz_addemiss.o module_cbm4_addemiss.o module_cb05_addemiss.o module_emissions_anthropogenics.o module_aer_drydep.o module_cam_mam_calcsize.o module_cam_mam_dust_sediment.o module_cam_mam_drydep.o module_cam_mam_init.o module_cam_mam_initaerodata.o module_cam_mam_initmixrats.o module_cam_mam_rename.o module_cam_mam_wateruptake.o module_cam_mam_gasaerexch.o module_cam_mam_coag.o module_cam_mam_newnuc.o module_cam_mam_aerchem_driver.o module_cam_mam_addemiss.o module_cam_mam_wetscav.o module_cam_mam_mz_aerosols_intr.o module_cam_mam_wetdep.o module_cam_mam_cloudchem.o module_cam_mam_setsox.o module_cam_mam_mo_chem_utls.o module_mosaic_cloudchem.o module_sorgam_cloudchem.o module_sorgam_vbs_cloudchem.o module_cam_mam_gas_wetdep_driver.o module_cam_mam_mo_sethet.o module_phot_fastj.o module_chem_cup.o module_isocom.o module_isofwd.o module_isorev.o chemics_init.o chem_driver.o cloudchem_driver.o photolysis_driver.o optical_driver.o mechanism_driver.o emissions_driver.o dry_dep_driver.o aerosol_driver.o 
ar: `u' modifier ignored since `D' is the default (see `U')
make[2]: Leaving directory '/home/hnavarro/Desktop/WRF/BUILD_WRF/WRF/chem'
make[1]: Leaving directory '/home/hnavarro/Desktop/WRF/BUILD_WRF/WRF'
if [ 1 -eq 1 ]    ; then make -i -r MODULE_DIRS="-I../dyn_em  -I/home/hnavarro/Desktop/WRF/BUILD_WRF/WRF/external/esmf_time_f90  -I/home/hnavarro/Desktop/WRF/BUILD_WRF/WRF/main -I/home/hnavarro/Desktop/WRF/BUILD_WRF/WRF/external/io_netcdf -I/home/hnavarro/Desktop/WRF/BUILD_WRF/WRF/external/io_int -I/home/hnavarro/Desktop/WRF/BUILD_WRF/WRF/frame -I/home/hnavarro/Desktop/WRF/BUILD_WRF/WRF/share -I/home/hnavarro/Desktop/WRF/BUILD_WRF/WRF/phys -I/home/hnavarro/Desktop/WRF/BUILD_WRF/WRF/wrftladj -I/home/hnavarro/Desktop/WRF/BUILD_WRF/WRF/chem -I/home/hnavarro/Desktop/WRF/BUILD_WRF/WRF/inc -I/home/hnavarro/Desktop/WRF/Install-WRF-Chem/LIBRARIES/netcdf/include " em_core ; fi
make[1]: Entering directory '/home/hnavarro/Desktop/WRF/BUILD_WRF/WRF'
--------------------------------------
if [ 1  -eq 0 ] ; then \
	CF= ; \
else \
	CF="../chem/module_aerosols_sorgam.o ../chem/module_gocart_aerosols.o ../chem/module_mosaic_driver.o ../chem/module_input_tracer.o ../chem/module_aerosols_soa_vbs.o" ; \
fi
( cd dyn_em ; make -i -r -j 2 CF="" )
make[2]: Entering directory '/home/hnavarro/Desktop/WRF/BUILD_WRF/WRF/dyn_em'
rm -f module_advect_em.o
rm -f module_ieva_em.o
sed -e "s/^\!.*'.*//" -e "s/^ *\!.*'.*//" module_advect_em.F > module_advect_em.G
sed -e "s/^\!.*'.*//" -e "s/^ *\!.*'.*//" module_ieva_em.F > module_ieva_em.G
/lib/cpp -P -nostdinc -I/home/hnavarro/Desktop/WRF/BUILD_WRF/WRF/inc -DEM_CORE=1 -DNMM_CORE=0 -DNMM_MAX_DIM=2600 -DDA_CORE=0 -DWRFPLUS=0 -DIWORDSIZE=4 -DDWORDSIZE=8 -DRWORDSIZE=4 -DLWORDSIZE=4 -DNONSTANDARD_SYSTEM_SUBR  -DWRF_USE_CLM  -DDM_PARALLEL -DNETCDF -DLANDREAD_STUB=1 -DUSE_ALLOCATABLES -Dwrfmodel -DGRIB1 -DINTIO -DKEEP_INT_AROUND -DLIMIT_ARGS -DBUILD_RRTMG_FAST=0 -DBUILD_RRTMK=0 -DBUILD_SBM_FAST=1 -DSHOW_ALL_VARS_USED=0 -DCONFIG_BUF_LEN=65536 -DMAX_DOMAINS_F=21 -DMAX_HISTORY=25 -DNMM_NEST=0 -DWRF_CHEM -DBUILD_CHEM=1 -I. -traditional-cpp   module_ieva_em.G  > module_ieva_em.bb
/lib/cpp -P -nostdinc -I/home/hnavarro/Desktop/WRF/BUILD_WRF/WRF/inc -DEM_CORE=1 -DNMM_CORE=0 -DNMM_MAX_DIM=2600 -DDA_CORE=0 -DWRFPLUS=0 -DIWORDSIZE=4 -DDWORDSIZE=8 -DRWORDSIZE=4 -DLWORDSIZE=4 -DNONSTANDARD_SYSTEM_SUBR  -DWRF_USE_CLM  -DDM_PARALLEL -DNETCDF -DLANDREAD_STUB=1 -DUSE_ALLOCATABLES -Dwrfmodel -DGRIB1 -DINTIO -DKEEP_INT_AROUND -DLIMIT_ARGS -DBUILD_RRTMG_FAST=0 -DBUILD_RRTMK=0 -DBUILD_SBM_FAST=1 -DSHOW_ALL_VARS_USED=0 -DCONFIG_BUF_LEN=65536 -DMAX_DOMAINS_F=21 -DMAX_HISTORY=25 -DNMM_NEST=0 -DWRF_CHEM -DBUILD_CHEM=1 -I. -traditional-cpp   module_advect_em.G  > module_advect_em.bb
/home/hnavarro/Desktop/WRF/BUILD_WRF/WRF/tools/standard.exe module_ieva_em.bb | /lib/cpp -P -nostdinc -traditional-cpp > module_ieva_em.f90
/home/hnavarro/Desktop/WRF/BUILD_WRF/WRF/tools/standard.exe module_advect_em.bb | /lib/cpp -P -nostdinc -traditional-cpp > module_advect_em.f90
rm -f module_ieva_em.G module_ieva_em.bb
time mpif90 -f90=gfortran -o module_ieva_em.o -c -O2 -ftree-vectorize -funroll-loops -w -ffree-form -ffree-line-length-none -fconvert=big-endian -frecord-marker=4 -fallow-argument-mismatch -fallow-invalid-boz   -I../dyn_em  -I/home/hnavarro/Desktop/WRF/BUILD_WRF/WRF/external/esmf_time_f90  -I/home/hnavarro/Desktop/WRF/BUILD_WRF/WRF/main -I/home/hnavarro/Desktop/WRF/BUILD_WRF/WRF/external/io_netcdf -I/home/hnavarro/Desktop/WRF/BUILD_WRF/WRF/external/io_int -I/home/hnavarro/Desktop/WRF/BUILD_WRF/WRF/frame -I/home/hnavarro/Desktop/WRF/BUILD_WRF/WRF/share -I/home/hnavarro/Desktop/WRF/BUILD_WRF/WRF/phys -I/home/hnavarro/Desktop/WRF/BUILD_WRF/WRF/wrftladj -I/home/hnavarro/Desktop/WRF/BUILD_WRF/WRF/chem -I/home/hnavarro/Desktop/WRF/BUILD_WRF/WRF/inc -I/home/hnavarro/Desktop/WRF/Install-WRF-Chem/LIBRARIES/netcdf/include    module_ieva_em.f90
rm -f module_advect_em.G module_advect_em.bb
time mpif90 -f90=gfortran -o module_advect_em.o -c -O2 -ftree-vectorize -funroll-loops -w -ffree-form -ffree-line-length-none -fconvert=big-endian -frecord-marker=4 -fallow-argument-mismatch -fallow-invalid-boz   -I../dyn_em  -I/home/hnavarro/Desktop/WRF/BUILD_WRF/WRF/external/esmf_time_f90  -I/home/hnavarro/Desktop/WRF/BUILD_WRF/WRF/main -I/home/hnavarro/Desktop/WRF/BUILD_WRF/WRF/external/io_netcdf -I/home/hnavarro/Desktop/WRF/BUILD_WRF/WRF/external/io_int -I/home/hnavarro/Desktop/WRF/BUILD_WRF/WRF/frame -I/home/hnavarro/Desktop/WRF/BUILD_WRF/WRF/share -I/home/hnavarro/Desktop/WRF/BUILD_WRF/WRF/phys -I/home/hnavarro/Desktop/WRF/BUILD_WRF/WRF/wrftladj -I/home/hnavarro/Desktop/WRF/BUILD_WRF/WRF/chem -I/home/hnavarro/Desktop/WRF/BUILD_WRF/WRF/inc -I/home/hnavarro/Desktop/WRF/Install-WRF-Chem/LIBRARIES/netcdf/include    module_advect_em.f90
1.28user 0.08system 0:01.37elapsed 99%CPU (0avgtext+0avgdata 64524maxresident)k
0inputs+896outputs (4major+17636minor)pagefaults 0swaps
rm -f module_big_step_utilities_em.o
sed -e "s/^\!.*'.*//" -e "s/^ *\!.*'.*//" module_big_step_utilities_em.F > module_big_step_utilities_em.G
/lib/cpp -P -nostdinc -I/home/hnavarro/Desktop/WRF/BUILD_WRF/WRF/inc -DEM_CORE=1 -DNMM_CORE=0 -DNMM_MAX_DIM=2600 -DDA_CORE=0 -DWRFPLUS=0 -DIWORDSIZE=4 -DDWORDSIZE=8 -DRWORDSIZE=4 -DLWORDSIZE=4 -DNONSTANDARD_SYSTEM_SUBR  -DWRF_USE_CLM  -DDM_PARALLEL -DNETCDF -DLANDREAD_STUB=1 -DUSE_ALLOCATABLES -Dwrfmodel -DGRIB1 -DINTIO -DKEEP_INT_AROUND -DLIMIT_ARGS -DBUILD_RRTMG_FAST=0 -DBUILD_RRTMK=0 -DBUILD_SBM_FAST=1 -DSHOW_ALL_VARS_USED=0 -DCONFIG_BUF_LEN=65536 -DMAX_DOMAINS_F=21 -DMAX_HISTORY=25 -DNMM_NEST=0 -DWRF_CHEM -DBUILD_CHEM=1 -I. -traditional-cpp   module_big_step_utilities_em.G  > module_big_step_utilities_em.bb
/home/hnavarro/Desktop/WRF/BUILD_WRF/WRF/tools/standard.exe module_big_step_utilities_em.bb | /lib/cpp -P -nostdinc -traditional-cpp > module_big_step_utilities_em.f90
rm -f module_big_step_utilities_em.G module_big_step_utilities_em.bb
time mpif90 -f90=gfortran -o module_big_step_utilities_em.o -c -O2 -ftree-vectorize -funroll-loops -w -ffree-form -ffree-line-length-none -fconvert=big-endian -frecord-marker=4 -fallow-argument-mismatch -fallow-invalid-boz   -I../dyn_em  -I/home/hnavarro/Desktop/WRF/BUILD_WRF/WRF/external/esmf_time_f90  -I/home/hnavarro/Desktop/WRF/BUILD_WRF/WRF/main -I/home/hnavarro/Desktop/WRF/BUILD_WRF/WRF/external/io_netcdf -I/home/hnavarro/Desktop/WRF/BUILD_WRF/WRF/external/io_int -I/home/hnavarro/Desktop/WRF/BUILD_WRF/WRF/frame -I/home/hnavarro/Desktop/WRF/BUILD_WRF/WRF/share -I/home/hnavarro/Desktop/WRF/BUILD_WRF/WRF/phys -I/home/hnavarro/Desktop/WRF/BUILD_WRF/WRF/wrftladj -I/home/hnavarro/Desktop/WRF/BUILD_WRF/WRF/chem -I/home/hnavarro/Desktop/WRF/BUILD_WRF/WRF/inc -I/home/hnavarro/Desktop/WRF/Install-WRF-Chem/LIBRARIES/netcdf/include    module_big_step_utilities_em.f90
6.60user 0.20system 0:06.81elapsed 99%CPU (0avgtext+0avgdata 421748maxresident)k
0inputs+4920outputs (0major+108771minor)pagefaults 0swaps
rm -f module_small_step_em.o
sed -e "s/^\!.*'.*//" -e "s/^ *\!.*'.*//" module_small_step_em.F > module_small_step_em.G
/lib/cpp -P -nostdinc -I/home/hnavarro/Desktop/WRF/BUILD_WRF/WRF/inc -DEM_CORE=1 -DNMM_CORE=0 -DNMM_MAX_DIM=2600 -DDA_CORE=0 -DWRFPLUS=0 -DIWORDSIZE=4 -DDWORDSIZE=8 -DRWORDSIZE=4 -DLWORDSIZE=4 -DNONSTANDARD_SYSTEM_SUBR  -DWRF_USE_CLM  -DDM_PARALLEL -DNETCDF -DLANDREAD_STUB=1 -DUSE_ALLOCATABLES -Dwrfmodel -DGRIB1 -DINTIO -DKEEP_INT_AROUND -DLIMIT_ARGS -DBUILD_RRTMG_FAST=0 -DBUILD_RRTMK=0 -DBUILD_SBM_FAST=1 -DSHOW_ALL_VARS_USED=0 -DCONFIG_BUF_LEN=65536 -DMAX_DOMAINS_F=21 -DMAX_HISTORY=25 -DNMM_NEST=0 -DWRF_CHEM -DBUILD_CHEM=1 -I. -traditional-cpp   module_small_step_em.G  > module_small_step_em.bb
/home/hnavarro/Desktop/WRF/BUILD_WRF/WRF/tools/standard.exe module_small_step_em.bb | /lib/cpp -P -nostdinc -traditional-cpp > module_small_step_em.f90
rm -f module_small_step_em.G module_small_step_em.bb
time mpif90 -f90=gfortran -o module_small_step_em.o -c -O2 -ftree-vectorize -funroll-loops -w -ffree-form -ffree-line-length-none -fconvert=big-endian -frecord-marker=4 -fallow-argument-mismatch -fallow-invalid-boz   -I../dyn_em  -I/home/hnavarro/Desktop/WRF/BUILD_WRF/WRF/external/esmf_time_f90  -I/home/hnavarro/Desktop/WRF/BUILD_WRF/WRF/main -I/home/hnavarro/Desktop/WRF/BUILD_WRF/WRF/external/io_netcdf -I/home/hnavarro/Desktop/WRF/BUILD_WRF/WRF/external/io_int -I/home/hnavarro/Desktop/WRF/BUILD_WRF/WRF/frame -I/home/hnavarro/Desktop/WRF/BUILD_WRF/WRF/share -I/home/hnavarro/Desktop/WRF/BUILD_WRF/WRF/phys -I/home/hnavarro/Desktop/WRF/BUILD_WRF/WRF/wrftladj -I/home/hnavarro/Desktop/WRF/BUILD_WRF/WRF/chem -I/home/hnavarro/Desktop/WRF/BUILD_WRF/WRF/inc -I/home/hnavarro/Desktop/WRF/Install-WRF-Chem/LIBRARIES/netcdf/include    module_small_step_em.f90
2.35user 0.08system 0:02.44elapsed 99%CPU (0avgtext+0avgdata 125776maxresident)k
0inputs+1720outputs (0major+33185minor)pagefaults 0swaps
rm -f module_damping_em.o
sed -e "s/^\!.*'.*//" -e "s/^ *\!.*'.*//" module_damping_em.F > module_damping_em.G
/lib/cpp -P -nostdinc -I/home/hnavarro/Desktop/WRF/BUILD_WRF/WRF/inc -DEM_CORE=1 -DNMM_CORE=0 -DNMM_MAX_DIM=2600 -DDA_CORE=0 -DWRFPLUS=0 -DIWORDSIZE=4 -DDWORDSIZE=8 -DRWORDSIZE=4 -DLWORDSIZE=4 -DNONSTANDARD_SYSTEM_SUBR  -DWRF_USE_CLM  -DDM_PARALLEL -DNETCDF -DLANDREAD_STUB=1 -DUSE_ALLOCATABLES -Dwrfmodel -DGRIB1 -DINTIO -DKEEP_INT_AROUND -DLIMIT_ARGS -DBUILD_RRTMG_FAST=0 -DBUILD_RRTMK=0 -DBUILD_SBM_FAST=1 -DSHOW_ALL_VARS_USED=0 -DCONFIG_BUF_LEN=65536 -DMAX_DOMAINS_F=21 -DMAX_HISTORY=25 -DNMM_NEST=0 -DWRF_CHEM -DBUILD_CHEM=1 -I. -traditional-cpp   module_damping_em.G  > module_damping_em.bb
/home/hnavarro/Desktop/WRF/BUILD_WRF/WRF/tools/standard.exe module_damping_em.bb | /lib/cpp -P -nostdinc -traditional-cpp > module_damping_em.f90
rm -f module_damping_em.G module_damping_em.bb
time mpif90 -f90=gfortran -o module_damping_em.o -c -O2 -ftree-vectorize -funroll-loops -w -ffree-form -ffree-line-length-none -fconvert=big-endian -frecord-marker=4 -fallow-argument-mismatch -fallow-invalid-boz   -I../dyn_em  -I/home/hnavarro/Desktop/WRF/BUILD_WRF/WRF/external/esmf_time_f90  -I/home/hnavarro/Desktop/WRF/BUILD_WRF/WRF/main -I/home/hnavarro/Desktop/WRF/BUILD_WRF/WRF/external/io_netcdf -I/home/hnavarro/Desktop/WRF/BUILD_WRF/WRF/external/io_int -I/home/hnavarro/Desktop/WRF/BUILD_WRF/WRF/frame -I/home/hnavarro/Desktop/WRF/BUILD_WRF/WRF/share -I/home/hnavarro/Desktop/WRF/BUILD_WRF/WRF/phys -I/home/hnavarro/Desktop/WRF/BUILD_WRF/WRF/wrftladj -I/home/hnavarro/Desktop/WRF/BUILD_WRF/WRF/chem -I/home/hnavarro/Desktop/WRF/BUILD_WRF/WRF/inc -I/home/hnavarro/Desktop/WRF/Install-WRF-Chem/LIBRARIES/netcdf/include    module_damping_em.f90
0.10user 0.06system 0:00.17elapsed 100%CPU (0avgtext+0avgdata 31940maxresident)k
0inputs+64outputs (0major+8908minor)pagefaults 0swaps
rm -f module_solvedebug_em.o
sed -e "s/^\!.*'.*//" -e "s/^ *\!.*'.*//" module_solvedebug_em.F > module_solvedebug_em.G
/lib/cpp -P -nostdinc -I/home/hnavarro/Desktop/WRF/BUILD_WRF/WRF/inc -DEM_CORE=1 -DNMM_CORE=0 -DNMM_MAX_DIM=2600 -DDA_CORE=0 -DWRFPLUS=0 -DIWORDSIZE=4 -DDWORDSIZE=8 -DRWORDSIZE=4 -DLWORDSIZE=4 -DNONSTANDARD_SYSTEM_SUBR  -DWRF_USE_CLM  -DDM_PARALLEL -DNETCDF -DLANDREAD_STUB=1 -DUSE_ALLOCATABLES -Dwrfmodel -DGRIB1 -DINTIO -DKEEP_INT_AROUND -DLIMIT_ARGS -DBUILD_RRTMG_FAST=0 -DBUILD_RRTMK=0 -DBUILD_SBM_FAST=1 -DSHOW_ALL_VARS_USED=0 -DCONFIG_BUF_LEN=65536 -DMAX_DOMAINS_F=21 -DMAX_HISTORY=25 -DNMM_NEST=0 -DWRF_CHEM -DBUILD_CHEM=1 -I. -traditional-cpp   module_solvedebug_em.G  > module_solvedebug_em.bb
/home/hnavarro/Desktop/WRF/BUILD_WRF/WRF/tools/standard.exe module_solvedebug_em.bb | /lib/cpp -P -nostdinc -traditional-cpp > module_solvedebug_em.f90
rm -f module_solvedebug_em.G module_solvedebug_em.bb
time mpif90 -f90=gfortran -o module_solvedebug_em.o -c -O2 -ftree-vectorize -funroll-loops -w -ffree-form -ffree-line-length-none -fconvert=big-endian -frecord-marker=4 -fallow-argument-mismatch -fallow-invalid-boz   -I../dyn_em  -I/home/hnavarro/Desktop/WRF/BUILD_WRF/WRF/external/esmf_time_f90  -I/home/hnavarro/Desktop/WRF/BUILD_WRF/WRF/main -I/home/hnavarro/Desktop/WRF/BUILD_WRF/WRF/external/io_netcdf -I/home/hnavarro/Desktop/WRF/BUILD_WRF/WRF/external/io_int -I/home/hnavarro/Desktop/WRF/BUILD_WRF/WRF/frame -I/home/hnavarro/Desktop/WRF/BUILD_WRF/WRF/share -I/home/hnavarro/Desktop/WRF/BUILD_WRF/WRF/phys -I/home/hnavarro/Desktop/WRF/BUILD_WRF/WRF/wrftladj -I/home/hnavarro/Desktop/WRF/BUILD_WRF/WRF/chem -I/home/hnavarro/Desktop/WRF/BUILD_WRF/WRF/inc -I/home/hnavarro/Desktop/WRF/Install-WRF-Chem/LIBRARIES/netcdf/include    module_solvedebug_em.f90
0.19user 0.03system 0:00.22elapsed 100%CPU (0avgtext+0avgdata 36976maxresident)k
0inputs+176outputs (0major+10544minor)pagefaults 0swaps
rm -f module_init_utilities.o
sed -e "s/^\!.*'.*//" -e "s/^ *\!.*'.*//" module_init_utilities.F > module_init_utilities.G
/lib/cpp -P -nostdinc -I/home/hnavarro/Desktop/WRF/BUILD_WRF/WRF/inc -DEM_CORE=1 -DNMM_CORE=0 -DNMM_MAX_DIM=2600 -DDA_CORE=0 -DWRFPLUS=0 -DIWORDSIZE=4 -DDWORDSIZE=8 -DRWORDSIZE=4 -DLWORDSIZE=4 -DNONSTANDARD_SYSTEM_SUBR  -DWRF_USE_CLM  -DDM_PARALLEL -DNETCDF -DLANDREAD_STUB=1 -DUSE_ALLOCATABLES -Dwrfmodel -DGRIB1 -DINTIO -DKEEP_INT_AROUND -DLIMIT_ARGS -DBUILD_RRTMG_FAST=0 -DBUILD_RRTMK=0 -DBUILD_SBM_FAST=1 -DSHOW_ALL_VARS_USED=0 -DCONFIG_BUF_LEN=65536 -DMAX_DOMAINS_F=21 -DMAX_HISTORY=25 -DNMM_NEST=0 -DWRF_CHEM -DBUILD_CHEM=1 -I. -traditional-cpp   module_init_utilities.G  > module_init_utilities.bb
/home/hnavarro/Desktop/WRF/BUILD_WRF/WRF/tools/standard.exe module_init_utilities.bb | /lib/cpp -P -nostdinc -traditional-cpp > module_init_utilities.f90
rm -f module_init_utilities.G module_init_utilities.bb
time mpif90 -f90=gfortran -o module_init_utilities.o -c -O2 -ftree-vectorize -funroll-loops -w -ffree-form -ffree-line-length-none -fconvert=big-endian -frecord-marker=4 -fallow-argument-mismatch -fallow-invalid-boz   -I../dyn_em  -I/home/hnavarro/Desktop/WRF/BUILD_WRF/WRF/external/esmf_time_f90  -I/home/hnavarro/Desktop/WRF/BUILD_WRF/WRF/main -I/home/hnavarro/Desktop/WRF/BUILD_WRF/WRF/external/io_netcdf -I/home/hnavarro/Desktop/WRF/BUILD_WRF/WRF/external/io_int -I/home/hnavarro/Desktop/WRF/BUILD_WRF/WRF/frame -I/home/hnavarro/Desktop/WRF/BUILD_WRF/WRF/share -I/home/hnavarro/Desktop/WRF/BUILD_WRF/WRF/phys -I/home/hnavarro/Desktop/WRF/BUILD_WRF/WRF/wrftladj -I/home/hnavarro/Desktop/WRF/BUILD_WRF/WRF/chem -I/home/hnavarro/Desktop/WRF/BUILD_WRF/WRF/inc -I/home/hnavarro/Desktop/WRF/Install-WRF-Chem/LIBRARIES/netcdf/include    module_init_utilities.f90
0.04user 0.05system 0:00.09elapsed 100%CPU (0avgtext+0avgdata 27008maxresident)k
0inputs+24outputs (0major+7865minor)pagefaults 0swaps
rm -f module_wps_io_arw.o
/home/hnavarro/Desktop/WRF/BUILD_WRF/WRF/tools/standard.exe module_wps_io_arw.F > module_wps_io_arw.b 
/lib/cpp -P -nostdinc -I/home/hnavarro/Desktop/WRF/BUILD_WRF/WRF/inc -DEM_CORE=1 -DNMM_CORE=0 -DNMM_MAX_DIM=2600 -DDA_CORE=0 -DWRFPLUS=0 -DIWORDSIZE=4 -DDWORDSIZE=8 -DRWORDSIZE=4 -DLWORDSIZE=4 -DNONSTANDARD_SYSTEM_SUBR  -DWRF_USE_CLM  -DDM_PARALLEL -DNETCDF -DLANDREAD_STUB=1 -DUSE_ALLOCATABLES -Dwrfmodel -DGRIB1 -DINTIO -DKEEP_INT_AROUND -DLIMIT_ARGS -DBUILD_RRTMG_FAST=0 -DBUILD_RRTMK=0 -DBUILD_SBM_FAST=1 -DSHOW_ALL_VARS_USED=0 -DCONFIG_BUF_LEN=65536 -DMAX_DOMAINS_F=21 -DMAX_HISTORY=25 -DNMM_NEST=0 -DWRF_CHEM -DBUILD_CHEM=1 -I. -traditional-cpp   module_wps_io_arw.b  > module_wps_io_arw.f90
rm -f module_wps_io_arw.b
time mpif90 -f90=gfortran -c  -O0 -w -ffree-form -ffree-line-length-none -fconvert=big-endian -frecord-marker=4 -fallow-argument-mismatch -fallow-invalid-boz  -I../dyn_em  -I/home/hnavarro/Desktop/WRF/BUILD_WRF/WRF/external/esmf_time_f90  -I/home/hnavarro/Desktop/WRF/BUILD_WRF/WRF/main -I/home/hnavarro/Desktop/WRF/BUILD_WRF/WRF/external/io_netcdf -I/home/hnavarro/Desktop/WRF/BUILD_WRF/WRF/external/io_int -I/home/hnavarro/Desktop/WRF/BUILD_WRF/WRF/frame -I/home/hnavarro/Desktop/WRF/BUILD_WRF/WRF/share -I/home/hnavarro/Desktop/WRF/BUILD_WRF/WRF/phys -I/home/hnavarro/Desktop/WRF/BUILD_WRF/WRF/wrftladj -I/home/hnavarro/Desktop/WRF/BUILD_WRF/WRF/chem -I/home/hnavarro/Desktop/WRF/BUILD_WRF/WRF/inc -I/home/hnavarro/Desktop/WRF/Install-WRF-Chem/LIBRARIES/netcdf/include    module_wps_io_arw.f90
3.22user 0.07system 0:03.30elapsed 99%CPU (0avgtext+0avgdata 115744maxresident)k
0inputs+2800outputs (0major+33701minor)pagefaults 0swaps
rm -f module_polarfft.o
sed -e "s/^\!.*'.*//" -e "s/^ *\!.*'.*//" module_polarfft.F > module_polarfft.G
/lib/cpp -P -nostdinc -I/home/hnavarro/Desktop/WRF/BUILD_WRF/WRF/inc -DEM_CORE=1 -DNMM_CORE=0 -DNMM_MAX_DIM=2600 -DDA_CORE=0 -DWRFPLUS=0 -DIWORDSIZE=4 -DDWORDSIZE=8 -DRWORDSIZE=4 -DLWORDSIZE=4 -DNONSTANDARD_SYSTEM_SUBR  -DWRF_USE_CLM  -DDM_PARALLEL -DNETCDF -DLANDREAD_STUB=1 -DUSE_ALLOCATABLES -Dwrfmodel -DGRIB1 -DINTIO -DKEEP_INT_AROUND -DLIMIT_ARGS -DBUILD_RRTMG_FAST=0 -DBUILD_RRTMK=0 -DBUILD_SBM_FAST=1 -DSHOW_ALL_VARS_USED=0 -DCONFIG_BUF_LEN=65536 -DMAX_DOMAINS_F=21 -DMAX_HISTORY=25 -DNMM_NEST=0 -DWRF_CHEM -DBUILD_CHEM=1 -I. -traditional-cpp   module_polarfft.G  > module_polarfft.bb
/home/hnavarro/Desktop/WRF/BUILD_WRF/WRF/tools/standard.exe module_polarfft.bb | /lib/cpp -P -nostdinc -traditional-cpp > module_polarfft.f90
rm -f module_polarfft.G module_polarfft.bb
time mpif90 -f90=gfortran -o module_polarfft.o -c -O2 -ftree-vectorize -funroll-loops -w -ffree-form -ffree-line-length-none -fconvert=big-endian -frecord-marker=4 -fallow-argument-mismatch -fallow-invalid-boz   -I../dyn_em  -I/home/hnavarro/Desktop/WRF/BUILD_WRF/WRF/external/esmf_time_f90  -I/home/hnavarro/Desktop/WRF/BUILD_WRF/WRF/main -I/home/hnavarro/Desktop/WRF/BUILD_WRF/WRF/external/io_netcdf -I/home/hnavarro/Desktop/WRF/BUILD_WRF/WRF/external/io_int -I/home/hnavarro/Desktop/WRF/BUILD_WRF/WRF/frame -I/home/hnavarro/Desktop/WRF/BUILD_WRF/WRF/share -I/home/hnavarro/Desktop/WRF/BUILD_WRF/WRF/phys -I/home/hnavarro/Desktop/WRF/BUILD_WRF/WRF/wrftladj -I/home/hnavarro/Desktop/WRF/BUILD_WRF/WRF/chem -I/home/hnavarro/Desktop/WRF/BUILD_WRF/WRF/inc -I/home/hnavarro/Desktop/WRF/Install-WRF-Chem/LIBRARIES/netcdf/include    module_polarfft.f90
4.77user 0.15system 0:04.93elapsed 99%CPU (0avgtext+0avgdata 273552maxresident)k
0inputs+2024outputs (0major+78374minor)pagefaults 0swaps
rm -f module_force_scm.o
sed -e "s/^\!.*'.*//" -e "s/^ *\!.*'.*//" module_force_scm.F > module_force_scm.G
/lib/cpp -P -nostdinc -I/home/hnavarro/Desktop/WRF/BUILD_WRF/WRF/inc -DEM_CORE=1 -DNMM_CORE=0 -DNMM_MAX_DIM=2600 -DDA_CORE=0 -DWRFPLUS=0 -DIWORDSIZE=4 -DDWORDSIZE=8 -DRWORDSIZE=4 -DLWORDSIZE=4 -DNONSTANDARD_SYSTEM_SUBR  -DWRF_USE_CLM  -DDM_PARALLEL -DNETCDF -DLANDREAD_STUB=1 -DUSE_ALLOCATABLES -Dwrfmodel -DGRIB1 -DINTIO -DKEEP_INT_AROUND -DLIMIT_ARGS -DBUILD_RRTMG_FAST=0 -DBUILD_RRTMK=0 -DBUILD_SBM_FAST=1 -DSHOW_ALL_VARS_USED=0 -DCONFIG_BUF_LEN=65536 -DMAX_DOMAINS_F=21 -DMAX_HISTORY=25 -DNMM_NEST=0 -DWRF_CHEM -DBUILD_CHEM=1 -I. -traditional-cpp   module_force_scm.G  > module_force_scm.bb
/home/hnavarro/Desktop/WRF/BUILD_WRF/WRF/tools/standard.exe module_force_scm.bb | /lib/cpp -P -nostdinc -traditional-cpp > module_force_scm.f90
rm -f module_force_scm.G module_force_scm.bb
time mpif90 -f90=gfortran -o module_force_scm.o -c -O2 -ftree-vectorize -funroll-loops -w -ffree-form -ffree-line-length-none -fconvert=big-endian -frecord-marker=4 -fallow-argument-mismatch -fallow-invalid-boz   -I../dyn_em  -I/home/hnavarro/Desktop/WRF/BUILD_WRF/WRF/external/esmf_time_f90  -I/home/hnavarro/Desktop/WRF/BUILD_WRF/WRF/main -I/home/hnavarro/Desktop/WRF/BUILD_WRF/WRF/external/io_netcdf -I/home/hnavarro/Desktop/WRF/BUILD_WRF/WRF/external/io_int -I/home/hnavarro/Desktop/WRF/BUILD_WRF/WRF/frame -I/home/hnavarro/Desktop/WRF/BUILD_WRF/WRF/share -I/home/hnavarro/Desktop/WRF/BUILD_WRF/WRF/phys -I/home/hnavarro/Desktop/WRF/BUILD_WRF/WRF/wrftladj -I/home/hnavarro/Desktop/WRF/BUILD_WRF/WRF/chem -I/home/hnavarro/Desktop/WRF/BUILD_WRF/WRF/inc -I/home/hnavarro/Desktop/WRF/Install-WRF-Chem/LIBRARIES/netcdf/include    module_force_scm.f90
1.35user 0.08system 0:01.44elapsed 99%CPU (0avgtext+0avgdata 106856maxresident)k
0inputs+640outputs (0major+30418minor)pagefaults 0swaps
rm -f module_stoch.o
sed -e "s/^\!.*'.*//" -e "s/^ *\!.*'.*//" module_stoch.F > module_stoch.G
/lib/cpp -P -nostdinc -I/home/hnavarro/Desktop/WRF/BUILD_WRF/WRF/inc -DEM_CORE=1 -DNMM_CORE=0 -DNMM_MAX_DIM=2600 -DDA_CORE=0 -DWRFPLUS=0 -DIWORDSIZE=4 -DDWORDSIZE=8 -DRWORDSIZE=4 -DLWORDSIZE=4 -DNONSTANDARD_SYSTEM_SUBR  -DWRF_USE_CLM  -DDM_PARALLEL -DNETCDF -DLANDREAD_STUB=1 -DUSE_ALLOCATABLES -Dwrfmodel -DGRIB1 -DINTIO -DKEEP_INT_AROUND -DLIMIT_ARGS -DBUILD_RRTMG_FAST=0 -DBUILD_RRTMK=0 -DBUILD_SBM_FAST=1 -DSHOW_ALL_VARS_USED=0 -DCONFIG_BUF_LEN=65536 -DMAX_DOMAINS_F=21 -DMAX_HISTORY=25 -DNMM_NEST=0 -DWRF_CHEM -DBUILD_CHEM=1 -I. -traditional-cpp   module_stoch.G  > module_stoch.bb
/home/hnavarro/Desktop/WRF/BUILD_WRF/WRF/tools/standard.exe module_stoch.bb | /lib/cpp -P -nostdinc -traditional-cpp > module_stoch.f90
rm -f module_stoch.G module_stoch.bb
time mpif90 -f90=gfortran -o module_stoch.o -c -O2 -ftree-vectorize -funroll-loops -w -ffree-form -ffree-line-length-none -fconvert=big-endian -frecord-marker=4 -fallow-argument-mismatch -fallow-invalid-boz   -I../dyn_em  -I/home/hnavarro/Desktop/WRF/BUILD_WRF/WRF/external/esmf_time_f90  -I/home/hnavarro/Desktop/WRF/BUILD_WRF/WRF/main -I/home/hnavarro/Desktop/WRF/BUILD_WRF/WRF/external/io_netcdf -I/home/hnavarro/Desktop/WRF/BUILD_WRF/WRF/external/io_int -I/home/hnavarro/Desktop/WRF/BUILD_WRF/WRF/frame -I/home/hnavarro/Desktop/WRF/BUILD_WRF/WRF/share -I/home/hnavarro/Desktop/WRF/BUILD_WRF/WRF/phys -I/home/hnavarro/Desktop/WRF/BUILD_WRF/WRF/wrftladj -I/home/hnavarro/Desktop/WRF/BUILD_WRF/WRF/chem -I/home/hnavarro/Desktop/WRF/BUILD_WRF/WRF/inc -I/home/hnavarro/Desktop/WRF/Install-WRF-Chem/LIBRARIES/netcdf/include    module_stoch.f90
22.98user 0.26system 0:23.26elapsed 99%CPU (0avgtext+0avgdata 579608maxresident)k
0inputs+10432outputs (6major+154123minor)pagefaults 0swaps
rm -f module_sfs_nba.o
sed -e "s/^\!.*'.*//" -e "s/^ *\!.*'.*//" module_sfs_nba.F > module_sfs_nba.G
/lib/cpp -P -nostdinc -I/home/hnavarro/Desktop/WRF/BUILD_WRF/WRF/inc -DEM_CORE=1 -DNMM_CORE=0 -DNMM_MAX_DIM=2600 -DDA_CORE=0 -DWRFPLUS=0 -DIWORDSIZE=4 -DDWORDSIZE=8 -DRWORDSIZE=4 -DLWORDSIZE=4 -DNONSTANDARD_SYSTEM_SUBR  -DWRF_USE_CLM  -DDM_PARALLEL -DNETCDF -DLANDREAD_STUB=1 -DUSE_ALLOCATABLES -Dwrfmodel -DGRIB1 -DINTIO -DKEEP_INT_AROUND -DLIMIT_ARGS -DBUILD_RRTMG_FAST=0 -DBUILD_RRTMK=0 -DBUILD_SBM_FAST=1 -DSHOW_ALL_VARS_USED=0 -DCONFIG_BUF_LEN=65536 -DMAX_DOMAINS_F=21 -DMAX_HISTORY=25 -DNMM_NEST=0 -DWRF_CHEM -DBUILD_CHEM=1 -I. -traditional-cpp   module_sfs_nba.G  > module_sfs_nba.bb
/home/hnavarro/Desktop/WRF/BUILD_WRF/WRF/tools/standard.exe module_sfs_nba.bb | /lib/cpp -P -nostdinc -traditional-cpp > module_sfs_nba.f90
rm -f module_sfs_nba.G module_sfs_nba.bb
time mpif90 -f90=gfortran -o module_sfs_nba.o -c -O2 -ftree-vectorize -funroll-loops -w -ffree-form -ffree-line-length-none -fconvert=big-endian -frecord-marker=4 -fallow-argument-mismatch -fallow-invalid-boz   -I../dyn_em  -I/home/hnavarro/Desktop/WRF/BUILD_WRF/WRF/external/esmf_time_f90  -I/home/hnavarro/Desktop/WRF/BUILD_WRF/WRF/main -I/home/hnavarro/Desktop/WRF/BUILD_WRF/WRF/external/io_netcdf -I/home/hnavarro/Desktop/WRF/BUILD_WRF/WRF/external/io_int -I/home/hnavarro/Desktop/WRF/BUILD_WRF/WRF/frame -I/home/hnavarro/Desktop/WRF/BUILD_WRF/WRF/share -I/home/hnavarro/Desktop/WRF/BUILD_WRF/WRF/phys -I/home/hnavarro/Desktop/WRF/BUILD_WRF/WRF/wrftladj -I/home/hnavarro/Desktop/WRF/BUILD_WRF/WRF/chem -I/home/hnavarro/Desktop/WRF/BUILD_WRF/WRF/inc -I/home/hnavarro/Desktop/WRF/Install-WRF-Chem/LIBRARIES/netcdf/include    module_sfs_nba.f90
0.89user 0.06system 0:00.95elapsed 99%CPU (0avgtext+0avgdata 73592maxresident)k
0inputs+712outputs (0major+19894minor)pagefaults 0swaps
rm -f module_avgflx_em.o
sed -e "s/^\!.*'.*//" -e "s/^ *\!.*'.*//" module_avgflx_em.F > module_avgflx_em.G
/lib/cpp -P -nostdinc -I/home/hnavarro/Desktop/WRF/BUILD_WRF/WRF/inc -DEM_CORE=1 -DNMM_CORE=0 -DNMM_MAX_DIM=2600 -DDA_CORE=0 -DWRFPLUS=0 -DIWORDSIZE=4 -DDWORDSIZE=8 -DRWORDSIZE=4 -DLWORDSIZE=4 -DNONSTANDARD_SYSTEM_SUBR  -DWRF_USE_CLM  -DDM_PARALLEL -DNETCDF -DLANDREAD_STUB=1 -DUSE_ALLOCATABLES -Dwrfmodel -DGRIB1 -DINTIO -DKEEP_INT_AROUND -DLIMIT_ARGS -DBUILD_RRTMG_FAST=0 -DBUILD_RRTMK=0 -DBUILD_SBM_FAST=1 -DSHOW_ALL_VARS_USED=0 -DCONFIG_BUF_LEN=65536 -DMAX_DOMAINS_F=21 -DMAX_HISTORY=25 -DNMM_NEST=0 -DWRF_CHEM -DBUILD_CHEM=1 -I. -traditional-cpp   module_avgflx_em.G  > module_avgflx_em.bb
/home/hnavarro/Desktop/WRF/BUILD_WRF/WRF/tools/standard.exe module_avgflx_em.bb | /lib/cpp -P -nostdinc -traditional-cpp > module_avgflx_em.f90
rm -f module_avgflx_em.G module_avgflx_em.bb
time mpif90 -f90=gfortran -o module_avgflx_em.o -c -O2 -ftree-vectorize -funroll-loops -w -ffree-form -ffree-line-length-none -fconvert=big-endian -frecord-marker=4 -fallow-argument-mismatch -fallow-invalid-boz   -I../dyn_em  -I/home/hnavarro/Desktop/WRF/BUILD_WRF/WRF/external/esmf_time_f90  -I/home/hnavarro/Desktop/WRF/BUILD_WRF/WRF/main -I/home/hnavarro/Desktop/WRF/BUILD_WRF/WRF/external/io_netcdf -I/home/hnavarro/Desktop/WRF/BUILD_WRF/WRF/external/io_int -I/home/hnavarro/Desktop/WRF/BUILD_WRF/WRF/frame -I/home/hnavarro/Desktop/WRF/BUILD_WRF/WRF/share -I/home/hnavarro/Desktop/WRF/BUILD_WRF/WRF/phys -I/home/hnavarro/Desktop/WRF/BUILD_WRF/WRF/wrftladj -I/home/hnavarro/Desktop/WRF/BUILD_WRF/WRF/chem -I/home/hnavarro/Desktop/WRF/BUILD_WRF/WRF/inc -I/home/hnavarro/Desktop/WRF/Install-WRF-Chem/LIBRARIES/netcdf/include    module_avgflx_em.f90
0.77user 0.04system 0:00.82elapsed 99%CPU (0avgtext+0avgdata 44508maxresident)k
0inputs+512outputs (0major+12915minor)pagefaults 0swaps
rm -f module_after_all_rk_steps.o
sed -e "s/^\!.*'.*//" -e "s/^ *\!.*'.*//" module_after_all_rk_steps.F > module_after_all_rk_steps.G
/lib/cpp -P -nostdinc -I/home/hnavarro/Desktop/WRF/BUILD_WRF/WRF/inc -DEM_CORE=1 -DNMM_CORE=0 -DNMM_MAX_DIM=2600 -DDA_CORE=0 -DWRFPLUS=0 -DIWORDSIZE=4 -DDWORDSIZE=8 -DRWORDSIZE=4 -DLWORDSIZE=4 -DNONSTANDARD_SYSTEM_SUBR  -DWRF_USE_CLM  -DDM_PARALLEL -DNETCDF -DLANDREAD_STUB=1 -DUSE_ALLOCATABLES -Dwrfmodel -DGRIB1 -DINTIO -DKEEP_INT_AROUND -DLIMIT_ARGS -DBUILD_RRTMG_FAST=0 -DBUILD_RRTMK=0 -DBUILD_SBM_FAST=1 -DSHOW_ALL_VARS_USED=0 -DCONFIG_BUF_LEN=65536 -DMAX_DOMAINS_F=21 -DMAX_HISTORY=25 -DNMM_NEST=0 -DWRF_CHEM -DBUILD_CHEM=1 -I. -traditional-cpp   module_after_all_rk_steps.G  > module_after_all_rk_steps.bb
/home/hnavarro/Desktop/WRF/BUILD_WRF/WRF/tools/standard.exe module_after_all_rk_steps.bb | /lib/cpp -P -nostdinc -traditional-cpp > module_after_all_rk_steps.f90
rm -f module_after_all_rk_steps.G module_after_all_rk_steps.bb
time mpif90 -f90=gfortran -o module_after_all_rk_steps.o -c -O2 -ftree-vectorize -funroll-loops -w -ffree-form -ffree-line-length-none -fconvert=big-endian -frecord-marker=4 -fallow-argument-mismatch -fallow-invalid-boz   -I../dyn_em  -I/home/hnavarro/Desktop/WRF/BUILD_WRF/WRF/external/esmf_time_f90  -I/home/hnavarro/Desktop/WRF/BUILD_WRF/WRF/main -I/home/hnavarro/Desktop/WRF/BUILD_WRF/WRF/external/io_netcdf -I/home/hnavarro/Desktop/WRF/BUILD_WRF/WRF/external/io_int -I/home/hnavarro/Desktop/WRF/BUILD_WRF/WRF/frame -I/home/hnavarro/Desktop/WRF/BUILD_WRF/WRF/share -I/home/hnavarro/Desktop/WRF/BUILD_WRF/WRF/phys -I/home/hnavarro/Desktop/WRF/BUILD_WRF/WRF/wrftladj -I/home/hnavarro/Desktop/WRF/BUILD_WRF/WRF/chem -I/home/hnavarro/Desktop/WRF/BUILD_WRF/WRF/inc -I/home/hnavarro/Desktop/WRF/Install-WRF-Chem/LIBRARIES/netcdf/include    module_after_all_rk_steps.f90
1.41user 0.16system 0:01.58elapsed 99%CPU (0avgtext+0avgdata 310104maxresident)k
0inputs+200outputs (0major+86730minor)pagefaults 0swaps
rm -f init_modules_em.o
/home/hnavarro/Desktop/WRF/BUILD_WRF/WRF/tools/standard.exe init_modules_em.F > init_modules_em.b 
/lib/cpp -P -nostdinc -I/home/hnavarro/Desktop/WRF/BUILD_WRF/WRF/inc -DEM_CORE=1 -DNMM_CORE=0 -DNMM_MAX_DIM=2600 -DDA_CORE=0 -DWRFPLUS=0 -DIWORDSIZE=4 -DDWORDSIZE=8 -DRWORDSIZE=4 -DLWORDSIZE=4 -DNONSTANDARD_SYSTEM_SUBR  -DWRF_USE_CLM  -DDM_PARALLEL -DNETCDF -DLANDREAD_STUB=1 -DUSE_ALLOCATABLES -Dwrfmodel -DGRIB1 -DINTIO -DKEEP_INT_AROUND -DLIMIT_ARGS -DBUILD_RRTMG_FAST=0 -DBUILD_RRTMK=0 -DBUILD_SBM_FAST=1 -DSHOW_ALL_VARS_USED=0 -DCONFIG_BUF_LEN=65536 -DMAX_DOMAINS_F=21 -DMAX_HISTORY=25 -DNMM_NEST=0 -DWRF_CHEM -DBUILD_CHEM=1 -I. -traditional-cpp   init_modules_em.b  > init_modules_em.f90
rm -f init_modules_em.b
time mpif90 -f90=gfortran -c  -O0 -w -ffree-form -ffree-line-length-none -fconvert=big-endian -frecord-marker=4 -fallow-argument-mismatch -fallow-invalid-boz  -I../dyn_em  -I/home/hnavarro/Desktop/WRF/BUILD_WRF/WRF/external/esmf_time_f90  -I/home/hnavarro/Desktop/WRF/BUILD_WRF/WRF/main -I/home/hnavarro/Desktop/WRF/BUILD_WRF/WRF/external/io_netcdf -I/home/hnavarro/Desktop/WRF/BUILD_WRF/WRF/external/io_int -I/home/hnavarro/Desktop/WRF/BUILD_WRF/WRF/frame -I/home/hnavarro/Desktop/WRF/BUILD_WRF/WRF/share -I/home/hnavarro/Desktop/WRF/BUILD_WRF/WRF/phys -I/home/hnavarro/Desktop/WRF/BUILD_WRF/WRF/wrftladj -I/home/hnavarro/Desktop/WRF/BUILD_WRF/WRF/chem -I/home/hnavarro/Desktop/WRF/BUILD_WRF/WRF/inc -I/home/hnavarro/Desktop/WRF/Install-WRF-Chem/LIBRARIES/netcdf/include    init_modules_em.f90
0.02user 0.03system 0:00.05elapsed 96%CPU (0avgtext+0avgdata 19456maxresident)k
0inputs+16outputs (0major+6609minor)pagefaults 0swaps
rm -f shift_domain_em.o
sed -e "s/^\!.*'.*//" -e "s/^ *\!.*'.*//" shift_domain_em.F > shift_domain_em.G
/lib/cpp -P -nostdinc -I/home/hnavarro/Desktop/WRF/BUILD_WRF/WRF/inc -DEM_CORE=1 -DNMM_CORE=0 -DNMM_MAX_DIM=2600 -DDA_CORE=0 -DWRFPLUS=0 -DIWORDSIZE=4 -DDWORDSIZE=8 -DRWORDSIZE=4 -DLWORDSIZE=4 -DNONSTANDARD_SYSTEM_SUBR  -DWRF_USE_CLM  -DDM_PARALLEL -DNETCDF -DLANDREAD_STUB=1 -DUSE_ALLOCATABLES -Dwrfmodel -DGRIB1 -DINTIO -DKEEP_INT_AROUND -DLIMIT_ARGS -DBUILD_RRTMG_FAST=0 -DBUILD_RRTMK=0 -DBUILD_SBM_FAST=1 -DSHOW_ALL_VARS_USED=0 -DCONFIG_BUF_LEN=65536 -DMAX_DOMAINS_F=21 -DMAX_HISTORY=25 -DNMM_NEST=0 -DWRF_CHEM -DBUILD_CHEM=1 -I. -traditional-cpp   shift_domain_em.G  > shift_domain_em.bb
/home/hnavarro/Desktop/WRF/BUILD_WRF/WRF/tools/standard.exe shift_domain_em.bb | /lib/cpp -P -nostdinc -traditional-cpp > shift_domain_em.f90
rm -f shift_domain_em.G shift_domain_em.bb
time mpif90 -f90=gfortran -o shift_domain_em.o -c -O2 -ftree-vectorize -funroll-loops -w -ffree-form -ffree-line-length-none -fconvert=big-endian -frecord-marker=4 -fallow-argument-mismatch -fallow-invalid-boz   -I../dyn_em  -I/home/hnavarro/Desktop/WRF/BUILD_WRF/WRF/external/esmf_time_f90  -I/home/hnavarro/Desktop/WRF/BUILD_WRF/WRF/main -I/home/hnavarro/Desktop/WRF/BUILD_WRF/WRF/external/io_netcdf -I/home/hnavarro/Desktop/WRF/BUILD_WRF/WRF/external/io_int -I/home/hnavarro/Desktop/WRF/BUILD_WRF/WRF/frame -I/home/hnavarro/Desktop/WRF/BUILD_WRF/WRF/share -I/home/hnavarro/Desktop/WRF/BUILD_WRF/WRF/phys -I/home/hnavarro/Desktop/WRF/BUILD_WRF/WRF/wrftladj -I/home/hnavarro/Desktop/WRF/BUILD_WRF/WRF/chem -I/home/hnavarro/Desktop/WRF/BUILD_WRF/WRF/inc -I/home/hnavarro/Desktop/WRF/Install-WRF-Chem/LIBRARIES/netcdf/include    shift_domain_em.f90
6.36user 0.16system 0:06.53elapsed 99%CPU (0avgtext+0avgdata 243396maxresident)k
0inputs+2624outputs (0major+70312minor)pagefaults 0swaps
rm -f couple_or_uncouple_em.o
sed -e "s/^\!.*'.*//" -e "s/^ *\!.*'.*//" couple_or_uncouple_em.F > couple_or_uncouple_em.G
/lib/cpp -P -nostdinc -I/home/hnavarro/Desktop/WRF/BUILD_WRF/WRF/inc -DEM_CORE=1 -DNMM_CORE=0 -DNMM_MAX_DIM=2600 -DDA_CORE=0 -DWRFPLUS=0 -DIWORDSIZE=4 -DDWORDSIZE=8 -DRWORDSIZE=4 -DLWORDSIZE=4 -DNONSTANDARD_SYSTEM_SUBR  -DWRF_USE_CLM  -DDM_PARALLEL -DNETCDF -DLANDREAD_STUB=1 -DUSE_ALLOCATABLES -Dwrfmodel -DGRIB1 -DINTIO -DKEEP_INT_AROUND -DLIMIT_ARGS -DBUILD_RRTMG_FAST=0 -DBUILD_RRTMK=0 -DBUILD_SBM_FAST=1 -DSHOW_ALL_VARS_USED=0 -DCONFIG_BUF_LEN=65536 -DMAX_DOMAINS_F=21 -DMAX_HISTORY=25 -DNMM_NEST=0 -DWRF_CHEM -DBUILD_CHEM=1 -I. -traditional-cpp   couple_or_uncouple_em.G  > couple_or_uncouple_em.bb
/home/hnavarro/Desktop/WRF/BUILD_WRF/WRF/tools/standard.exe couple_or_uncouple_em.bb | /lib/cpp -P -nostdinc -traditional-cpp > couple_or_uncouple_em.f90
rm -f couple_or_uncouple_em.G couple_or_uncouple_em.bb
time mpif90 -f90=gfortran -o couple_or_uncouple_em.o -c -O2 -ftree-vectorize -funroll-loops -w -ffree-form -ffree-line-length-none -fconvert=big-endian -frecord-marker=4 -fallow-argument-mismatch -fallow-invalid-boz   -I../dyn_em  -I/home/hnavarro/Desktop/WRF/BUILD_WRF/WRF/external/esmf_time_f90  -I/home/hnavarro/Desktop/WRF/BUILD_WRF/WRF/main -I/home/hnavarro/Desktop/WRF/BUILD_WRF/WRF/external/io_netcdf -I/home/hnavarro/Desktop/WRF/BUILD_WRF/WRF/external/io_int -I/home/hnavarro/Desktop/WRF/BUILD_WRF/WRF/frame -I/home/hnavarro/Desktop/WRF/BUILD_WRF/WRF/share -I/home/hnavarro/Desktop/WRF/BUILD_WRF/WRF/phys -I/home/hnavarro/Desktop/WRF/BUILD_WRF/WRF/wrftladj -I/home/hnavarro/Desktop/WRF/BUILD_WRF/WRF/chem -I/home/hnavarro/Desktop/WRF/BUILD_WRF/WRF/inc -I/home/hnavarro/Desktop/WRF/Install-WRF-Chem/LIBRARIES/netcdf/include    couple_or_uncouple_em.f90
4.10user 0.23system 0:04.34elapsed 99%CPU (0avgtext+0avgdata 344544maxresident)k
0inputs+16outputs (0major+133589minor)pagefaults 0swaps
rm -f nest_init_utils.o
sed -e "s/^\!.*'.*//" -e "s/^ *\!.*'.*//" nest_init_utils.F > nest_init_utils.G
/lib/cpp -P -nostdinc -I/home/hnavarro/Desktop/WRF/BUILD_WRF/WRF/inc -DEM_CORE=1 -DNMM_CORE=0 -DNMM_MAX_DIM=2600 -DDA_CORE=0 -DWRFPLUS=0 -DIWORDSIZE=4 -DDWORDSIZE=8 -DRWORDSIZE=4 -DLWORDSIZE=4 -DNONSTANDARD_SYSTEM_SUBR  -DWRF_USE_CLM  -DDM_PARALLEL -DNETCDF -DLANDREAD_STUB=1 -DUSE_ALLOCATABLES -Dwrfmodel -DGRIB1 -DINTIO -DKEEP_INT_AROUND -DLIMIT_ARGS -DBUILD_RRTMG_FAST=0 -DBUILD_RRTMK=0 -DBUILD_SBM_FAST=1 -DSHOW_ALL_VARS_USED=0 -DCONFIG_BUF_LEN=65536 -DMAX_DOMAINS_F=21 -DMAX_HISTORY=25 -DNMM_NEST=0 -DWRF_CHEM -DBUILD_CHEM=1 -I. -traditional-cpp   nest_init_utils.G  > nest_init_utils.bb
/home/hnavarro/Desktop/WRF/BUILD_WRF/WRF/tools/standard.exe nest_init_utils.bb | /lib/cpp -P -nostdinc -traditional-cpp > nest_init_utils.f90
rm -f nest_init_utils.G nest_init_utils.bb
time mpif90 -f90=gfortran -o nest_init_utils.o -c -O2 -ftree-vectorize -funroll-loops -w -ffree-form -ffree-line-length-none -fconvert=big-endian -frecord-marker=4 -fallow-argument-mismatch -fallow-invalid-boz   -I../dyn_em  -I/home/hnavarro/Desktop/WRF/BUILD_WRF/WRF/external/esmf_time_f90  -I/home/hnavarro/Desktop/WRF/BUILD_WRF/WRF/main -I/home/hnavarro/Desktop/WRF/BUILD_WRF/WRF/external/io_netcdf -I/home/hnavarro/Desktop/WRF/BUILD_WRF/WRF/external/io_int -I/home/hnavarro/Desktop/WRF/BUILD_WRF/WRF/frame -I/home/hnavarro/Desktop/WRF/BUILD_WRF/WRF/share -I/home/hnavarro/Desktop/WRF/BUILD_WRF/WRF/phys -I/home/hnavarro/Desktop/WRF/BUILD_WRF/WRF/wrftladj -I/home/hnavarro/Desktop/WRF/BUILD_WRF/WRF/chem -I/home/hnavarro/Desktop/WRF/BUILD_WRF/WRF/inc -I/home/hnavarro/Desktop/WRF/Install-WRF-Chem/LIBRARIES/netcdf/include    nest_init_utils.f90
6.34user 0.19system 0:06.54elapsed 99%CPU (0avgtext+0avgdata 316280maxresident)k
0inputs+728outputs (0major+98680minor)pagefaults 0swaps
rm -f adapt_timestep_em.o
sed -e "s/^\!.*'.*//" -e "s/^ *\!.*'.*//" adapt_timestep_em.F > adapt_timestep_em.G
/lib/cpp -P -nostdinc -I/home/hnavarro/Desktop/WRF/BUILD_WRF/WRF/inc -DEM_CORE=1 -DNMM_CORE=0 -DNMM_MAX_DIM=2600 -DDA_CORE=0 -DWRFPLUS=0 -DIWORDSIZE=4 -DDWORDSIZE=8 -DRWORDSIZE=4 -DLWORDSIZE=4 -DNONSTANDARD_SYSTEM_SUBR  -DWRF_USE_CLM  -DDM_PARALLEL -DNETCDF -DLANDREAD_STUB=1 -DUSE_ALLOCATABLES -Dwrfmodel -DGRIB1 -DINTIO -DKEEP_INT_AROUND -DLIMIT_ARGS -DBUILD_RRTMG_FAST=0 -DBUILD_RRTMK=0 -DBUILD_SBM_FAST=1 -DSHOW_ALL_VARS_USED=0 -DCONFIG_BUF_LEN=65536 -DMAX_DOMAINS_F=21 -DMAX_HISTORY=25 -DNMM_NEST=0 -DWRF_CHEM -DBUILD_CHEM=1 -I. -traditional-cpp   adapt_timestep_em.G  > adapt_timestep_em.bb
/home/hnavarro/Desktop/WRF/BUILD_WRF/WRF/tools/standard.exe adapt_timestep_em.bb | /lib/cpp -P -nostdinc -traditional-cpp > adapt_timestep_em.f90
rm -f adapt_timestep_em.G adapt_timestep_em.bb
time mpif90 -f90=gfortran -o adapt_timestep_em.o -c -O2 -ftree-vectorize -funroll-loops -w -ffree-form -ffree-line-length-none -fconvert=big-endian -frecord-marker=4 -fallow-argument-mismatch -fallow-invalid-boz   -I../dyn_em  -I/home/hnavarro/Desktop/WRF/BUILD_WRF/WRF/external/esmf_time_f90  -I/home/hnavarro/Desktop/WRF/BUILD_WRF/WRF/main -I/home/hnavarro/Desktop/WRF/BUILD_WRF/WRF/external/io_netcdf -I/home/hnavarro/Desktop/WRF/BUILD_WRF/WRF/external/io_int -I/home/hnavarro/Desktop/WRF/BUILD_WRF/WRF/frame -I/home/hnavarro/Desktop/WRF/BUILD_WRF/WRF/share -I/home/hnavarro/Desktop/WRF/BUILD_WRF/WRF/phys -I/home/hnavarro/Desktop/WRF/BUILD_WRF/WRF/wrftladj -I/home/hnavarro/Desktop/WRF/BUILD_WRF/WRF/chem -I/home/hnavarro/Desktop/WRF/BUILD_WRF/WRF/inc -I/home/hnavarro/Desktop/WRF/Install-WRF-Chem/LIBRARIES/netcdf/include    adapt_timestep_em.f90
4.19user 0.07system 0:04.27elapsed 99%CPU (0avgtext+0avgdata 97064maxresident)k
0inputs+120outputs (0major+29664minor)pagefaults 0swaps
rm -f interp_domain_em.o
sed -e "s/^\!.*'.*//" -e "s/^ *\!.*'.*//" interp_domain_em.F > interp_domain_em.G
/lib/cpp -P -nostdinc -I/home/hnavarro/Desktop/WRF/BUILD_WRF/WRF/inc -DEM_CORE=1 -DNMM_CORE=0 -DNMM_MAX_DIM=2600 -DDA_CORE=0 -DWRFPLUS=0 -DIWORDSIZE=4 -DDWORDSIZE=8 -DRWORDSIZE=4 -DLWORDSIZE=4 -DNONSTANDARD_SYSTEM_SUBR  -DWRF_USE_CLM  -DDM_PARALLEL -DNETCDF -DLANDREAD_STUB=1 -DUSE_ALLOCATABLES -Dwrfmodel -DGRIB1 -DINTIO -DKEEP_INT_AROUND -DLIMIT_ARGS -DBUILD_RRTMG_FAST=0 -DBUILD_RRTMK=0 -DBUILD_SBM_FAST=1 -DSHOW_ALL_VARS_USED=0 -DCONFIG_BUF_LEN=65536 -DMAX_DOMAINS_F=21 -DMAX_HISTORY=25 -DNMM_NEST=0 -DWRF_CHEM -DBUILD_CHEM=1 -I. -traditional-cpp   interp_domain_em.G  > interp_domain_em.bb
/home/hnavarro/Desktop/WRF/BUILD_WRF/WRF/tools/standard.exe interp_domain_em.bb | /lib/cpp -P -nostdinc -traditional-cpp > interp_domain_em.f90
rm -f interp_domain_em.G interp_domain_em.bb
time mpif90 -f90=gfortran -o interp_domain_em.o -c -O2 -ftree-vectorize -funroll-loops -w -ffree-form -ffree-line-length-none -fconvert=big-endian -frecord-marker=4 -fallow-argument-mismatch -fallow-invalid-boz   -I../dyn_em  -I/home/hnavarro/Desktop/WRF/BUILD_WRF/WRF/external/esmf_time_f90  -I/home/hnavarro/Desktop/WRF/BUILD_WRF/WRF/main -I/home/hnavarro/Desktop/WRF/BUILD_WRF/WRF/external/io_netcdf -I/home/hnavarro/Desktop/WRF/BUILD_WRF/WRF/external/io_int -I/home/hnavarro/Desktop/WRF/BUILD_WRF/WRF/frame -I/home/hnavarro/Desktop/WRF/BUILD_WRF/WRF/share -I/home/hnavarro/Desktop/WRF/BUILD_WRF/WRF/phys -I/home/hnavarro/Desktop/WRF/BUILD_WRF/WRF/wrftladj -I/home/hnavarro/Desktop/WRF/BUILD_WRF/WRF/chem -I/home/hnavarro/Desktop/WRF/BUILD_WRF/WRF/inc -I/home/hnavarro/Desktop/WRF/Install-WRF-Chem/LIBRARIES/netcdf/include    interp_domain_em.f90
0.03user 0.04system 0:00.07elapsed 101%CPU (0avgtext+0avgdata 22528maxresident)k
0inputs+16outputs (0major+7350minor)pagefaults 0swaps
rm -f module_diffusion_em.o
sed -e "s/^\!.*'.*//" -e "s/^ *\!.*'.*//" module_diffusion_em.F > module_diffusion_em.G
/lib/cpp -P -nostdinc -I/home/hnavarro/Desktop/WRF/BUILD_WRF/WRF/inc -DEM_CORE=1 -DNMM_CORE=0 -DNMM_MAX_DIM=2600 -DDA_CORE=0 -DWRFPLUS=0 -DIWORDSIZE=4 -DDWORDSIZE=8 -DRWORDSIZE=4 -DLWORDSIZE=4 -DNONSTANDARD_SYSTEM_SUBR  -DWRF_USE_CLM  -DDM_PARALLEL -DNETCDF -DLANDREAD_STUB=1 -DUSE_ALLOCATABLES -Dwrfmodel -DGRIB1 -DINTIO -DKEEP_INT_AROUND -DLIMIT_ARGS -DBUILD_RRTMG_FAST=0 -DBUILD_RRTMK=0 -DBUILD_SBM_FAST=1 -DSHOW_ALL_VARS_USED=0 -DCONFIG_BUF_LEN=65536 -DMAX_DOMAINS_F=21 -DMAX_HISTORY=25 -DNMM_NEST=0 -DWRF_CHEM -DBUILD_CHEM=1 -I. -traditional-cpp   module_diffusion_em.G  > module_diffusion_em.bb
/home/hnavarro/Desktop/WRF/BUILD_WRF/WRF/tools/standard.exe module_diffusion_em.bb | /lib/cpp -P -nostdinc -traditional-cpp > module_diffusion_em.f90
rm -f module_diffusion_em.G module_diffusion_em.bb
time mpif90 -f90=gfortran -o module_diffusion_em.o -c -O2 -ftree-vectorize -funroll-loops -w -ffree-form -ffree-line-length-none -fconvert=big-endian -frecord-marker=4 -fallow-argument-mismatch -fallow-invalid-boz   -I../dyn_em  -I/home/hnavarro/Desktop/WRF/BUILD_WRF/WRF/external/esmf_time_f90  -I/home/hnavarro/Desktop/WRF/BUILD_WRF/WRF/main -I/home/hnavarro/Desktop/WRF/BUILD_WRF/WRF/external/io_netcdf -I/home/hnavarro/Desktop/WRF/BUILD_WRF/WRF/external/io_int -I/home/hnavarro/Desktop/WRF/BUILD_WRF/WRF/frame -I/home/hnavarro/Desktop/WRF/BUILD_WRF/WRF/share -I/home/hnavarro/Desktop/WRF/BUILD_WRF/WRF/phys -I/home/hnavarro/Desktop/WRF/BUILD_WRF/WRF/wrftladj -I/home/hnavarro/Desktop/WRF/BUILD_WRF/WRF/chem -I/home/hnavarro/Desktop/WRF/BUILD_WRF/WRF/inc -I/home/hnavarro/Desktop/WRF/Install-WRF-Chem/LIBRARIES/netcdf/include    module_diffusion_em.f90
17.54user 0.25system 0:17.81elapsed 99%CPU (0avgtext+0avgdata 394072maxresident)k
0inputs+768outputs (0major+123849minor)pagefaults 0swaps
rm -f module_em.o
sed -e "s/^\!.*'.*//" -e "s/^ *\!.*'.*//" module_em.F > module_em.G
/lib/cpp -P -nostdinc -I/home/hnavarro/Desktop/WRF/BUILD_WRF/WRF/inc -DEM_CORE=1 -DNMM_CORE=0 -DNMM_MAX_DIM=2600 -DDA_CORE=0 -DWRFPLUS=0 -DIWORDSIZE=4 -DDWORDSIZE=8 -DRWORDSIZE=4 -DLWORDSIZE=4 -DNONSTANDARD_SYSTEM_SUBR  -DWRF_USE_CLM  -DDM_PARALLEL -DNETCDF -DLANDREAD_STUB=1 -DUSE_ALLOCATABLES -Dwrfmodel -DGRIB1 -DINTIO -DKEEP_INT_AROUND -DLIMIT_ARGS -DBUILD_RRTMG_FAST=0 -DBUILD_RRTMK=0 -DBUILD_SBM_FAST=1 -DSHOW_ALL_VARS_USED=0 -DCONFIG_BUF_LEN=65536 -DMAX_DOMAINS_F=21 -DMAX_HISTORY=25 -DNMM_NEST=0 -DWRF_CHEM -DBUILD_CHEM=1 -I. -traditional-cpp   module_em.G  > module_em.bb
/home/hnavarro/Desktop/WRF/BUILD_WRF/WRF/tools/standard.exe module_em.bb | /lib/cpp -P -nostdinc -traditional-cpp > module_em.f90
rm -f module_em.G module_em.bb
time mpif90 -f90=gfortran -o module_em.o -c -O2 -ftree-vectorize -funroll-loops -w -ffree-form -ffree-line-length-none -fconvert=big-endian -frecord-marker=4 -fallow-argument-mismatch -fallow-invalid-boz   -I../dyn_em  -I/home/hnavarro/Desktop/WRF/BUILD_WRF/WRF/external/esmf_time_f90  -I/home/hnavarro/Desktop/WRF/BUILD_WRF/WRF/main -I/home/hnavarro/Desktop/WRF/BUILD_WRF/WRF/external/io_netcdf -I/home/hnavarro/Desktop/WRF/BUILD_WRF/WRF/external/io_int -I/home/hnavarro/Desktop/WRF/BUILD_WRF/WRF/frame -I/home/hnavarro/Desktop/WRF/BUILD_WRF/WRF/share -I/home/hnavarro/Desktop/WRF/BUILD_WRF/WRF/phys -I/home/hnavarro/Desktop/WRF/BUILD_WRF/WRF/wrftladj -I/home/hnavarro/Desktop/WRF/BUILD_WRF/WRF/chem -I/home/hnavarro/Desktop/WRF/BUILD_WRF/WRF/inc -I/home/hnavarro/Desktop/WRF/Install-WRF-Chem/LIBRARIES/netcdf/include    module_em.f90
10.56user 0.25system 0:10.83elapsed 99%CPU (0avgtext+0avgdata 457908maxresident)k
0inputs+5872outputs (0major+124510minor)pagefaults 0swaps
rm -f module_sfs_driver.o
sed -e "s/^\!.*'.*//" -e "s/^ *\!.*'.*//" module_sfs_driver.F > module_sfs_driver.G
/lib/cpp -P -nostdinc -I/home/hnavarro/Desktop/WRF/BUILD_WRF/WRF/inc -DEM_CORE=1 -DNMM_CORE=0 -DNMM_MAX_DIM=2600 -DDA_CORE=0 -DWRFPLUS=0 -DIWORDSIZE=4 -DDWORDSIZE=8 -DRWORDSIZE=4 -DLWORDSIZE=4 -DNONSTANDARD_SYSTEM_SUBR  -DWRF_USE_CLM  -DDM_PARALLEL -DNETCDF -DLANDREAD_STUB=1 -DUSE_ALLOCATABLES -Dwrfmodel -DGRIB1 -DINTIO -DKEEP_INT_AROUND -DLIMIT_ARGS -DBUILD_RRTMG_FAST=0 -DBUILD_RRTMK=0 -DBUILD_SBM_FAST=1 -DSHOW_ALL_VARS_USED=0 -DCONFIG_BUF_LEN=65536 -DMAX_DOMAINS_F=21 -DMAX_HISTORY=25 -DNMM_NEST=0 -DWRF_CHEM -DBUILD_CHEM=1 -I. -traditional-cpp   module_sfs_driver.G  > module_sfs_driver.bb
/home/hnavarro/Desktop/WRF/BUILD_WRF/WRF/tools/standard.exe module_sfs_driver.bb | /lib/cpp -P -nostdinc -traditional-cpp > module_sfs_driver.f90
rm -f module_sfs_driver.G module_sfs_driver.bb
time mpif90 -f90=gfortran -o module_sfs_driver.o -c -O2 -ftree-vectorize -funroll-loops -w -ffree-form -ffree-line-length-none -fconvert=big-endian -frecord-marker=4 -fallow-argument-mismatch -fallow-invalid-boz   -I../dyn_em  -I/home/hnavarro/Desktop/WRF/BUILD_WRF/WRF/external/esmf_time_f90  -I/home/hnavarro/Desktop/WRF/BUILD_WRF/WRF/main -I/home/hnavarro/Desktop/WRF/BUILD_WRF/WRF/external/io_netcdf -I/home/hnavarro/Desktop/WRF/BUILD_WRF/WRF/external/io_int -I/home/hnavarro/Desktop/WRF/BUILD_WRF/WRF/frame -I/home/hnavarro/Desktop/WRF/BUILD_WRF/WRF/share -I/home/hnavarro/Desktop/WRF/BUILD_WRF/WRF/phys -I/home/hnavarro/Desktop/WRF/BUILD_WRF/WRF/wrftladj -I/home/hnavarro/Desktop/WRF/BUILD_WRF/WRF/chem -I/home/hnavarro/Desktop/WRF/BUILD_WRF/WRF/inc -I/home/hnavarro/Desktop/WRF/Install-WRF-Chem/LIBRARIES/netcdf/include    module_sfs_driver.f90
3.57user 0.14system 0:03.73elapsed 99%CPU (0avgtext+0avgdata 139760maxresident)k
0inputs+1840outputs (0major+42892minor)pagefaults 0swaps
rm -f start_em.o
sed -e "s/^\!.*'.*//" -e "s/^ *\!.*'.*//" start_em.F > start_em.G
/lib/cpp -P -nostdinc -I/home/hnavarro/Desktop/WRF/BUILD_WRF/WRF/inc -DEM_CORE=1 -DNMM_CORE=0 -DNMM_MAX_DIM=2600 -DDA_CORE=0 -DWRFPLUS=0 -DIWORDSIZE=4 -DDWORDSIZE=8 -DRWORDSIZE=4 -DLWORDSIZE=4 -DNONSTANDARD_SYSTEM_SUBR  -DWRF_USE_CLM  -DDM_PARALLEL -DNETCDF -DLANDREAD_STUB=1 -DUSE_ALLOCATABLES -Dwrfmodel -DGRIB1 -DINTIO -DKEEP_INT_AROUND -DLIMIT_ARGS -DBUILD_RRTMG_FAST=0 -DBUILD_RRTMK=0 -DBUILD_SBM_FAST=1 -DSHOW_ALL_VARS_USED=0 -DCONFIG_BUF_LEN=65536 -DMAX_DOMAINS_F=21 -DMAX_HISTORY=25 -DNMM_NEST=0 -DWRF_CHEM -DBUILD_CHEM=1 -I. -traditional-cpp   start_em.G  > start_em.bb
/home/hnavarro/Desktop/WRF/BUILD_WRF/WRF/tools/standard.exe start_em.bb | /lib/cpp -P -nostdinc -traditional-cpp > start_em.f90
rm -f start_em.G start_em.bb
time mpif90 -f90=gfortran -o start_em.o -c -O2 -ftree-vectorize -funroll-loops -w -ffree-form -ffree-line-length-none -fconvert=big-endian -frecord-marker=4 -fallow-argument-mismatch -fallow-invalid-boz   -I../dyn_em  -I/home/hnavarro/Desktop/WRF/BUILD_WRF/WRF/external/esmf_time_f90  -I/home/hnavarro/Desktop/WRF/BUILD_WRF/WRF/main -I/home/hnavarro/Desktop/WRF/BUILD_WRF/WRF/external/io_netcdf -I/home/hnavarro/Desktop/WRF/BUILD_WRF/WRF/external/io_int -I/home/hnavarro/Desktop/WRF/BUILD_WRF/WRF/frame -I/home/hnavarro/Desktop/WRF/BUILD_WRF/WRF/share -I/home/hnavarro/Desktop/WRF/BUILD_WRF/WRF/phys -I/home/hnavarro/Desktop/WRF/BUILD_WRF/WRF/wrftladj -I/home/hnavarro/Desktop/WRF/BUILD_WRF/WRF/chem -I/home/hnavarro/Desktop/WRF/BUILD_WRF/WRF/inc -I/home/hnavarro/Desktop/WRF/Install-WRF-Chem/LIBRARIES/netcdf/include    start_em.f90
20.33user 0.19system 0:20.57elapsed 99%CPU (0avgtext+0avgdata 323960maxresident)k
0inputs+648outputs (0major+98046minor)pagefaults 0swaps
rm -f module_first_rk_step_part1.o
sed -e "s/^\!.*'.*//" -e "s/^ *\!.*'.*//" module_first_rk_step_part1.F > module_first_rk_step_part1.G
/lib/cpp -P -nostdinc -I/home/hnavarro/Desktop/WRF/BUILD_WRF/WRF/inc -DEM_CORE=1 -DNMM_CORE=0 -DNMM_MAX_DIM=2600 -DDA_CORE=0 -DWRFPLUS=0 -DIWORDSIZE=4 -DDWORDSIZE=8 -DRWORDSIZE=4 -DLWORDSIZE=4 -DNONSTANDARD_SYSTEM_SUBR  -DWRF_USE_CLM  -DDM_PARALLEL -DNETCDF -DLANDREAD_STUB=1 -DUSE_ALLOCATABLES -Dwrfmodel -DGRIB1 -DINTIO -DKEEP_INT_AROUND -DLIMIT_ARGS -DBUILD_RRTMG_FAST=0 -DBUILD_RRTMK=0 -DBUILD_SBM_FAST=1 -DSHOW_ALL_VARS_USED=0 -DCONFIG_BUF_LEN=65536 -DMAX_DOMAINS_F=21 -DMAX_HISTORY=25 -DNMM_NEST=0 -DWRF_CHEM -DBUILD_CHEM=1 -I. -traditional-cpp   module_first_rk_step_part1.G  > module_first_rk_step_part1.bb
/home/hnavarro/Desktop/WRF/BUILD_WRF/WRF/tools/standard.exe module_first_rk_step_part1.bb | /lib/cpp -P -nostdinc -traditional-cpp > module_first_rk_step_part1.f90
rm -f module_first_rk_step_part1.G module_first_rk_step_part1.bb
time mpif90 -f90=gfortran -o module_first_rk_step_part1.o -c -O2 -ftree-vectorize -funroll-loops -w -ffree-form -ffree-line-length-none -fconvert=big-endian -frecord-marker=4 -fallow-argument-mismatch -fallow-invalid-boz   -I../dyn_em  -I/home/hnavarro/Desktop/WRF/BUILD_WRF/WRF/external/esmf_time_f90  -I/home/hnavarro/Desktop/WRF/BUILD_WRF/WRF/main -I/home/hnavarro/Desktop/WRF/BUILD_WRF/WRF/external/io_netcdf -I/home/hnavarro/Desktop/WRF/BUILD_WRF/WRF/external/io_int -I/home/hnavarro/Desktop/WRF/BUILD_WRF/WRF/frame -I/home/hnavarro/Desktop/WRF/BUILD_WRF/WRF/share -I/home/hnavarro/Desktop/WRF/BUILD_WRF/WRF/phys -I/home/hnavarro/Desktop/WRF/BUILD_WRF/WRF/wrftladj -I/home/hnavarro/Desktop/WRF/BUILD_WRF/WRF/chem -I/home/hnavarro/Desktop/WRF/BUILD_WRF/WRF/inc -I/home/hnavarro/Desktop/WRF/Install-WRF-Chem/LIBRARIES/netcdf/include    module_first_rk_step_part1.f90
117.94user 0.94system 1:58.99elapsed 99%CPU (0avgtext+0avgdata 1366572maxresident)k
0inputs+14656outputs (0major+500218minor)pagefaults 0swaps
rm -f module_first_rk_step_part2.o
sed -e "s/^\!.*'.*//" -e "s/^ *\!.*'.*//" module_first_rk_step_part2.F > module_first_rk_step_part2.G
/lib/cpp -P -nostdinc -I/home/hnavarro/Desktop/WRF/BUILD_WRF/WRF/inc -DEM_CORE=1 -DNMM_CORE=0 -DNMM_MAX_DIM=2600 -DDA_CORE=0 -DWRFPLUS=0 -DIWORDSIZE=4 -DDWORDSIZE=8 -DRWORDSIZE=4 -DLWORDSIZE=4 -DNONSTANDARD_SYSTEM_SUBR  -DWRF_USE_CLM  -DDM_PARALLEL -DNETCDF -DLANDREAD_STUB=1 -DUSE_ALLOCATABLES -Dwrfmodel -DGRIB1 -DINTIO -DKEEP_INT_AROUND -DLIMIT_ARGS -DBUILD_RRTMG_FAST=0 -DBUILD_RRTMK=0 -DBUILD_SBM_FAST=1 -DSHOW_ALL_VARS_USED=0 -DCONFIG_BUF_LEN=65536 -DMAX_DOMAINS_F=21 -DMAX_HISTORY=25 -DNMM_NEST=0 -DWRF_CHEM -DBUILD_CHEM=1 -I. -traditional-cpp   module_first_rk_step_part2.G  > module_first_rk_step_part2.bb
/home/hnavarro/Desktop/WRF/BUILD_WRF/WRF/tools/standard.exe module_first_rk_step_part2.bb | /lib/cpp -P -nostdinc -traditional-cpp > module_first_rk_step_part2.f90
rm -f module_first_rk_step_part2.G module_first_rk_step_part2.bb
time mpif90 -f90=gfortran -o module_first_rk_step_part2.o -c -O2 -ftree-vectorize -funroll-loops -w -ffree-form -ffree-line-length-none -fconvert=big-endian -frecord-marker=4 -fallow-argument-mismatch -fallow-invalid-boz   -I../dyn_em  -I/home/hnavarro/Desktop/WRF/BUILD_WRF/WRF/external/esmf_time_f90  -I/home/hnavarro/Desktop/WRF/BUILD_WRF/WRF/main -I/home/hnavarro/Desktop/WRF/BUILD_WRF/WRF/external/io_netcdf -I/home/hnavarro/Desktop/WRF/BUILD_WRF/WRF/external/io_int -I/home/hnavarro/Desktop/WRF/BUILD_WRF/WRF/frame -I/home/hnavarro/Desktop/WRF/BUILD_WRF/WRF/share -I/home/hnavarro/Desktop/WRF/BUILD_WRF/WRF/phys -I/home/hnavarro/Desktop/WRF/BUILD_WRF/WRF/wrftladj -I/home/hnavarro/Desktop/WRF/BUILD_WRF/WRF/chem -I/home/hnavarro/Desktop/WRF/BUILD_WRF/WRF/inc -I/home/hnavarro/Desktop/WRF/Install-WRF-Chem/LIBRARIES/netcdf/include    module_first_rk_step_part2.f90
22.27user 0.53system 0:22.81elapsed 99%CPU (0avgtext+0avgdata 596056maxresident)k
0inputs+5368outputs (0major+238534minor)pagefaults 0swaps
194.26user 1.22system 3:15.68elapsed 99%CPU (0avgtext+0avgdata 2465164maxresident)k
0inputs+21360outputs (0major+835206minor)pagefaults 0swaps
rm -f solve_em.o
sed -e "s/^\!.*'.*//" -e "s/^ *\!.*'.*//" solve_em.F > solve_em.G
/lib/cpp -P -nostdinc -I/home/hnavarro/Desktop/WRF/BUILD_WRF/WRF/inc -DEM_CORE=1 -DNMM_CORE=0 -DNMM_MAX_DIM=2600 -DDA_CORE=0 -DWRFPLUS=0 -DIWORDSIZE=4 -DDWORDSIZE=8 -DRWORDSIZE=4 -DLWORDSIZE=4 -DNONSTANDARD_SYSTEM_SUBR  -DWRF_USE_CLM  -DDM_PARALLEL -DNETCDF -DLANDREAD_STUB=1 -DUSE_ALLOCATABLES -Dwrfmodel -DGRIB1 -DINTIO -DKEEP_INT_AROUND -DLIMIT_ARGS -DBUILD_RRTMG_FAST=0 -DBUILD_RRTMK=0 -DBUILD_SBM_FAST=1 -DSHOW_ALL_VARS_USED=0 -DCONFIG_BUF_LEN=65536 -DMAX_DOMAINS_F=21 -DMAX_HISTORY=25 -DNMM_NEST=0 -DWRF_CHEM -DBUILD_CHEM=1 -I. -traditional-cpp   solve_em.G  > solve_em.bb
/home/hnavarro/Desktop/WRF/BUILD_WRF/WRF/tools/standard.exe solve_em.bb | /lib/cpp -P -nostdinc -traditional-cpp > solve_em.f90
rm -f solve_em.G solve_em.bb
time mpif90 -f90=gfortran -o solve_em.o -c -O2 -ftree-vectorize -funroll-loops -w -ffree-form -ffree-line-length-none -fconvert=big-endian -frecord-marker=4 -fallow-argument-mismatch -fallow-invalid-boz   -I../dyn_em  -I/home/hnavarro/Desktop/WRF/BUILD_WRF/WRF/external/esmf_time_f90  -I/home/hnavarro/Desktop/WRF/BUILD_WRF/WRF/main -I/home/hnavarro/Desktop/WRF/BUILD_WRF/WRF/external/io_netcdf -I/home/hnavarro/Desktop/WRF/BUILD_WRF/WRF/external/io_int -I/home/hnavarro/Desktop/WRF/BUILD_WRF/WRF/frame -I/home/hnavarro/Desktop/WRF/BUILD_WRF/WRF/share -I/home/hnavarro/Desktop/WRF/BUILD_WRF/WRF/phys -I/home/hnavarro/Desktop/WRF/BUILD_WRF/WRF/wrftladj -I/home/hnavarro/Desktop/WRF/BUILD_WRF/WRF/chem -I/home/hnavarro/Desktop/WRF/BUILD_WRF/WRF/inc -I/home/hnavarro/Desktop/WRF/Install-WRF-Chem/LIBRARIES/netcdf/include    solve_em.f90
168.03user 0.83system 2:49.01elapsed 99%CPU (0avgtext+0avgdata 1847932maxresident)k
0inputs+16136outputs (0major+568319minor)pagefaults 0swaps
ar ru ../main/libwrflib.a module_advect_em.o module_ieva_em.o module_diffusion_em.o module_small_step_em.o module_big_step_utilities_em.o module_em.o module_solvedebug_em.o module_bc_em.o module_init_utilities.o module_wps_io_arw.o module_damping_em.o module_polarfft.o module_force_scm.o module_first_rk_step_part1.o module_first_rk_step_part2.o module_avgflx_em.o module_sfs_nba.o module_convtrans_prep.o module_sfs_driver.o module_stoch.o module_after_all_rk_steps.o  init_modules_em.o solve_em.o start_em.o shift_domain_em.o couple_or_uncouple_em.o nest_init_utils.o adapt_timestep_em.o interp_domain_em.o
ar: `u' modifier ignored since `D' is the default (see `U')
make[2]: Leaving directory '/home/hnavarro/Desktop/WRF/BUILD_WRF/WRF/dyn_em'
make[1]: Leaving directory '/home/hnavarro/Desktop/WRF/BUILD_WRF/WRF'
if [ 0 -eq 1 ]   ; then make -i -r MODULE_DIRS="-I../dyn_em  -I/home/hnavarro/Desktop/WRF/BUILD_WRF/WRF/external/esmf_time_f90  -I/home/hnavarro/Desktop/WRF/BUILD_WRF/WRF/main -I/home/hnavarro/Desktop/WRF/BUILD_WRF/WRF/external/io_netcdf -I/home/hnavarro/Desktop/WRF/BUILD_WRF/WRF/external/io_int -I/home/hnavarro/Desktop/WRF/BUILD_WRF/WRF/frame -I/home/hnavarro/Desktop/WRF/BUILD_WRF/WRF/share -I/home/hnavarro/Desktop/WRF/BUILD_WRF/WRF/phys -I/home/hnavarro/Desktop/WRF/BUILD_WRF/WRF/wrftladj -I/home/hnavarro/Desktop/WRF/BUILD_WRF/WRF/chem -I/home/hnavarro/Desktop/WRF/BUILD_WRF/WRF/inc -I/home/hnavarro/Desktop/WRF/Install-WRF-Chem/LIBRARIES/netcdf/include " wrf_hydro ; fi
( cd main ; make -i -r RLFLAGS="" MODULE_DIRS="-I../dyn_em  -I/home/hnavarro/Desktop/WRF/BUILD_WRF/WRF/external/esmf_time_f90  -I/home/hnavarro/Desktop/WRF/BUILD_WRF/WRF/main -I/home/hnavarro/Desktop/WRF/BUILD_WRF/WRF/external/io_netcdf -I/home/hnavarro/Desktop/WRF/BUILD_WRF/WRF/external/io_int -I/home/hnavarro/Desktop/WRF/BUILD_WRF/WRF/frame -I/home/hnavarro/Desktop/WRF/BUILD_WRF/WRF/share -I/home/hnavarro/Desktop/WRF/BUILD_WRF/WRF/phys -I/home/hnavarro/Desktop/WRF/BUILD_WRF/WRF/wrftladj -I/home/hnavarro/Desktop/WRF/BUILD_WRF/WRF/chem -I/home/hnavarro/Desktop/WRF/BUILD_WRF/WRF/inc -I/home/hnavarro/Desktop/WRF/Install-WRF-Chem/LIBRARIES/netcdf/include " SOLVER=em em_wrf )
make[1]: Entering directory '/home/hnavarro/Desktop/WRF/BUILD_WRF/WRF/main'
rm -f ../main/module_wrf_top.o
sed -e "s/^\!.*'.*//" -e "s/^ *\!.*'.*//" ../main/module_wrf_top.F > ../main/module_wrf_top.G
/lib/cpp -P -nostdinc -I/home/hnavarro/Desktop/WRF/BUILD_WRF/WRF/inc -DEM_CORE=1 -DNMM_CORE=0 -DNMM_MAX_DIM=2600 -DDA_CORE=0 -DWRFPLUS=0 -DIWORDSIZE=4 -DDWORDSIZE=8 -DRWORDSIZE=4 -DLWORDSIZE=4 -DNONSTANDARD_SYSTEM_SUBR  -DWRF_USE_CLM  -DDM_PARALLEL -DNETCDF -DLANDREAD_STUB=1 -DUSE_ALLOCATABLES -Dwrfmodel -DGRIB1 -DINTIO -DKEEP_INT_AROUND -DLIMIT_ARGS -DBUILD_RRTMG_FAST=0 -DBUILD_RRTMK=0 -DBUILD_SBM_FAST=1 -DSHOW_ALL_VARS_USED=0 -DCONFIG_BUF_LEN=65536 -DMAX_DOMAINS_F=21 -DMAX_HISTORY=25 -DNMM_NEST=0 -DWRF_CHEM -DBUILD_CHEM=1 -I. -traditional-cpp   ../main/module_wrf_top.G  > ../main/module_wrf_top.bb
/home/hnavarro/Desktop/WRF/BUILD_WRF/WRF/tools/standard.exe ../main/module_wrf_top.bb | /lib/cpp -P -nostdinc -traditional-cpp > ../main/module_wrf_top.f90
rm -f ../main/module_wrf_top.G ../main/module_wrf_top.bb
time mpif90 -f90=gfortran -o ../main/module_wrf_top.o -c -O2 -ftree-vectorize -funroll-loops -w -ffree-form -ffree-line-length-none -fconvert=big-endian -frecord-marker=4 -fallow-argument-mismatch -fallow-invalid-boz   -I../dyn_em  -I/home/hnavarro/Desktop/WRF/BUILD_WRF/WRF/external/esmf_time_f90  -I/home/hnavarro/Desktop/WRF/BUILD_WRF/WRF/main -I/home/hnavarro/Desktop/WRF/BUILD_WRF/WRF/external/io_netcdf -I/home/hnavarro/Desktop/WRF/BUILD_WRF/WRF/external/io_int -I/home/hnavarro/Desktop/WRF/BUILD_WRF/WRF/frame -I/home/hnavarro/Desktop/WRF/BUILD_WRF/WRF/share -I/home/hnavarro/Desktop/WRF/BUILD_WRF/WRF/phys -I/home/hnavarro/Desktop/WRF/BUILD_WRF/WRF/wrftladj -I/home/hnavarro/Desktop/WRF/BUILD_WRF/WRF/chem -I/home/hnavarro/Desktop/WRF/BUILD_WRF/WRF/inc -I/home/hnavarro/Desktop/WRF/Install-WRF-Chem/LIBRARIES/netcdf/include    ../main/module_wrf_top.f90
11.14user 0.09system 0:11.24elapsed 99%CPU (0avgtext+0avgdata 90440maxresident)k
0inputs+968outputs (0major+28260minor)pagefaults 0swaps
rm -f wrf.o
sed -e "s/^\!.*'.*//" -e "s/^ *\!.*'.*//" wrf.F > wrf.G
/lib/cpp -P -nostdinc -I/home/hnavarro/Desktop/WRF/BUILD_WRF/WRF/inc -DEM_CORE=1 -DNMM_CORE=0 -DNMM_MAX_DIM=2600 -DDA_CORE=0 -DWRFPLUS=0 -DIWORDSIZE=4 -DDWORDSIZE=8 -DRWORDSIZE=4 -DLWORDSIZE=4 -DNONSTANDARD_SYSTEM_SUBR  -DWRF_USE_CLM  -DDM_PARALLEL -DNETCDF -DLANDREAD_STUB=1 -DUSE_ALLOCATABLES -Dwrfmodel -DGRIB1 -DINTIO -DKEEP_INT_AROUND -DLIMIT_ARGS -DBUILD_RRTMG_FAST=0 -DBUILD_RRTMK=0 -DBUILD_SBM_FAST=1 -DSHOW_ALL_VARS_USED=0 -DCONFIG_BUF_LEN=65536 -DMAX_DOMAINS_F=21 -DMAX_HISTORY=25 -DNMM_NEST=0 -DWRF_CHEM -DBUILD_CHEM=1 -I. -traditional-cpp   wrf.G  > wrf.bb
/home/hnavarro/Desktop/WRF/BUILD_WRF/WRF/tools/standard.exe wrf.bb | /lib/cpp -P -nostdinc -traditional-cpp > wrf.f90
rm -f wrf.G wrf.bb
time mpif90 -f90=gfortran -o wrf.o -c -O2 -ftree-vectorize -funroll-loops -w -ffree-form -ffree-line-length-none -fconvert=big-endian -frecord-marker=4 -fallow-argument-mismatch -fallow-invalid-boz   -I../dyn_em  -I/home/hnavarro/Desktop/WRF/BUILD_WRF/WRF/external/esmf_time_f90  -I/home/hnavarro/Desktop/WRF/BUILD_WRF/WRF/main -I/home/hnavarro/Desktop/WRF/BUILD_WRF/WRF/external/io_netcdf -I/home/hnavarro/Desktop/WRF/BUILD_WRF/WRF/external/io_int -I/home/hnavarro/Desktop/WRF/BUILD_WRF/WRF/frame -I/home/hnavarro/Desktop/WRF/BUILD_WRF/WRF/share -I/home/hnavarro/Desktop/WRF/BUILD_WRF/WRF/phys -I/home/hnavarro/Desktop/WRF/BUILD_WRF/WRF/wrftladj -I/home/hnavarro/Desktop/WRF/BUILD_WRF/WRF/chem -I/home/hnavarro/Desktop/WRF/BUILD_WRF/WRF/inc -I/home/hnavarro/Desktop/WRF/Install-WRF-Chem/LIBRARIES/netcdf/include    wrf.f90
0.08user 0.07system 0:00.15elapsed 101%CPU (0avgtext+0avgdata 33912maxresident)k
0inputs+16outputs (0major+11798minor)pagefaults 0swaps
ranlib  libwrflib.a
time mpif90 -f90=gfortran -o wrf.exe  -O2 -ftree-vectorize -funroll-loops -w -ffree-form -ffree-line-length-none -fconvert=big-endian -frecord-marker=4 -fallow-argument-mismatch -fallow-invalid-boz    wrf.o ../main/module_wrf_top.o libwrflib.a  /home/hnavarro/Desktop/WRF/BUILD_WRF/WRF/external/fftpack/fftpack5/libfftpack.a /home/hnavarro/Desktop/WRF/BUILD_WRF/WRF/external/io_grib1/libio_grib1.a /home/hnavarro/Desktop/WRF/BUILD_WRF/WRF/external/io_grib_share/libio_grib_share.a /home/hnavarro/Desktop/WRF/BUILD_WRF/WRF/external/io_int/libwrfio_int.a -L/home/hnavarro/Desktop/WRF/BUILD_WRF/WRF/external/esmf_time_f90 -lesmf_time /home/hnavarro/Desktop/WRF/BUILD_WRF/WRF/external/RSL_LITE/librsl_lite.a /home/hnavarro/Desktop/WRF/BUILD_WRF/WRF/frame/module_internal_header_util.o /home/hnavarro/Desktop/WRF/BUILD_WRF/WRF/frame/pack_utils.o -L/home/hnavarro/Desktop/WRF/BUILD_WRF/WRF/external/io_netcdf -lwrfio_nf -L/home/hnavarro/Desktop/WRF/Install-WRF-Chem/LIBRARIES/netcdf/lib -lnetcdff -lnetcdf           
0.32user 0.23system 0:00.58elapsed 95%CPU (0avgtext+0avgdata 256720maxresident)k
7808inputs+162440outputs (0major+74162minor)pagefaults 0swaps
make[1]: Leaving directory '/home/hnavarro/Desktop/WRF/BUILD_WRF/WRF/main'
( cd run ; /bin/rm -f wrf.exe ; ln -s ../main/wrf.exe . )
if [ 0 -eq 1 ] ; then \
  ( cd main ; make -i -r RLFLAGS="" MODULE_DIRS="-I../dyn_em  -I/home/hnavarro/Desktop/WRF/BUILD_WRF/WRF/external/esmf_time_f90  -I/home/hnavarro/Desktop/WRF/BUILD_WRF/WRF/main -I/home/hnavarro/Desktop/WRF/BUILD_WRF/WRF/external/io_netcdf -I/home/hnavarro/Desktop/WRF/BUILD_WRF/WRF/external/io_int -I/home/hnavarro/Desktop/WRF/BUILD_WRF/WRF/frame -I/home/hnavarro/Desktop/WRF/BUILD_WRF/WRF/share -I/home/hnavarro/Desktop/WRF/BUILD_WRF/WRF/phys -I/home/hnavarro/Desktop/WRF/BUILD_WRF/WRF/wrftladj -I/home/hnavarro/Desktop/WRF/BUILD_WRF/WRF/chem -I/home/hnavarro/Desktop/WRF/BUILD_WRF/WRF/inc -I/home/hnavarro/Desktop/WRF/Install-WRF-Chem/LIBRARIES/netcdf/include " SOLVER=em em_wrf_SST_ESMF ) ; \
fi
build started:   Mon 10 Mar 17:18:58 CET 2025
build completed: Mon 10 Mar 17:48:58 CET 2025
--------------------------------------
( cd main ; make -i -r RLFLAGS="" MODULE_DIRS="-I../dyn_em  -I/home/hnavarro/Desktop/WRF/BUILD_WRF/WRF/external/esmf_time_f90  -I/home/hnavarro/Desktop/WRF/BUILD_WRF/WRF/main -I/home/hnavarro/Desktop/WRF/BUILD_WRF/WRF/external/io_netcdf -I/home/hnavarro/Desktop/WRF/BUILD_WRF/WRF/external/io_int -I/home/hnavarro/Desktop/WRF/BUILD_WRF/WRF/frame -I/home/hnavarro/Desktop/WRF/BUILD_WRF/WRF/share -I/home/hnavarro/Desktop/WRF/BUILD_WRF/WRF/phys -I/home/hnavarro/Desktop/WRF/BUILD_WRF/WRF/wrftladj -I/home/hnavarro/Desktop/WRF/BUILD_WRF/WRF/chem -I/home/hnavarro/Desktop/WRF/BUILD_WRF/WRF/inc -I/home/hnavarro/Desktop/WRF/Install-WRF-Chem/LIBRARIES/netcdf/include " SOLVER=em IDEAL_CASE=real em_real )
make[1]: Entering directory '/home/hnavarro/Desktop/WRF/BUILD_WRF/WRF/main'
rm -f ../dyn_em/module_initialize_real.o
sed -e "s/^\!.*'.*//" -e "s/^ *\!.*'.*//" ../dyn_em/module_initialize_real.F > ../dyn_em/module_initialize_real.G
/lib/cpp -P -nostdinc -I/home/hnavarro/Desktop/WRF/BUILD_WRF/WRF/inc -DEM_CORE=1 -DNMM_CORE=0 -DNMM_MAX_DIM=2600 -DDA_CORE=0 -DWRFPLUS=0 -DIWORDSIZE=4 -DDWORDSIZE=8 -DRWORDSIZE=4 -DLWORDSIZE=4 -DNONSTANDARD_SYSTEM_SUBR  -DWRF_USE_CLM  -DDM_PARALLEL -DNETCDF -DLANDREAD_STUB=1 -DUSE_ALLOCATABLES -Dwrfmodel -DGRIB1 -DINTIO -DKEEP_INT_AROUND -DLIMIT_ARGS -DBUILD_RRTMG_FAST=0 -DBUILD_RRTMK=0 -DBUILD_SBM_FAST=1 -DSHOW_ALL_VARS_USED=0 -DCONFIG_BUF_LEN=65536 -DMAX_DOMAINS_F=21 -DMAX_HISTORY=25 -DNMM_NEST=0 -DWRF_CHEM -DBUILD_CHEM=1 -I. -traditional-cpp   ../dyn_em/module_initialize_real.G  > ../dyn_em/module_initialize_real.bb
/home/hnavarro/Desktop/WRF/BUILD_WRF/WRF/tools/standard.exe ../dyn_em/module_initialize_real.bb | /lib/cpp -P -nostdinc -traditional-cpp > ../dyn_em/module_initialize_real.f90
rm -f ../dyn_em/module_initialize_real.G ../dyn_em/module_initialize_real.bb
time mpif90 -f90=gfortran -o ../dyn_em/module_initialize_real.o -c -O2 -ftree-vectorize -funroll-loops -w -ffree-form -ffree-line-length-none -fconvert=big-endian -frecord-marker=4 -fallow-argument-mismatch -fallow-invalid-boz   -I../dyn_em  -I/home/hnavarro/Desktop/WRF/BUILD_WRF/WRF/external/esmf_time_f90  -I/home/hnavarro/Desktop/WRF/BUILD_WRF/WRF/main -I/home/hnavarro/Desktop/WRF/BUILD_WRF/WRF/external/io_netcdf -I/home/hnavarro/Desktop/WRF/BUILD_WRF/WRF/external/io_int -I/home/hnavarro/Desktop/WRF/BUILD_WRF/WRF/frame -I/home/hnavarro/Desktop/WRF/BUILD_WRF/WRF/share -I/home/hnavarro/Desktop/WRF/BUILD_WRF/WRF/phys -I/home/hnavarro/Desktop/WRF/BUILD_WRF/WRF/wrftladj -I/home/hnavarro/Desktop/WRF/BUILD_WRF/WRF/chem -I/home/hnavarro/Desktop/WRF/BUILD_WRF/WRF/inc -I/home/hnavarro/Desktop/WRF/Install-WRF-Chem/LIBRARIES/netcdf/include    ../dyn_em/module_initialize_real.f90
62.59user 0.50system 1:03.11elapsed 99%CPU (0avgtext+0avgdata 751588maxresident)k
0inputs+13760outputs (0major+361331minor)pagefaults 0swaps
rm -f ndown_em.o
sed -e "s/^\!.*'.*//" -e "s/^ *\!.*'.*//" ndown_em.F > ndown_em.G
/lib/cpp -P -nostdinc -I/home/hnavarro/Desktop/WRF/BUILD_WRF/WRF/inc -DEM_CORE=1 -DNMM_CORE=0 -DNMM_MAX_DIM=2600 -DDA_CORE=0 -DWRFPLUS=0 -DIWORDSIZE=4 -DDWORDSIZE=8 -DRWORDSIZE=4 -DLWORDSIZE=4 -DNONSTANDARD_SYSTEM_SUBR  -DWRF_USE_CLM  -DDM_PARALLEL -DNETCDF -DLANDREAD_STUB=1 -DUSE_ALLOCATABLES -Dwrfmodel -DGRIB1 -DINTIO -DKEEP_INT_AROUND -DLIMIT_ARGS -DBUILD_RRTMG_FAST=0 -DBUILD_RRTMK=0 -DBUILD_SBM_FAST=1 -DSHOW_ALL_VARS_USED=0 -DCONFIG_BUF_LEN=65536 -DMAX_DOMAINS_F=21 -DMAX_HISTORY=25 -DNMM_NEST=0 -DWRF_CHEM -DBUILD_CHEM=1 -I. -traditional-cpp   ndown_em.G  > ndown_em.bb
/home/hnavarro/Desktop/WRF/BUILD_WRF/WRF/tools/standard.exe ndown_em.bb | /lib/cpp -P -nostdinc -traditional-cpp > ndown_em.f90
rm -f ndown_em.G ndown_em.bb
time mpif90 -f90=gfortran -o ndown_em.o -c -O2 -ftree-vectorize -funroll-loops -w -ffree-form -ffree-line-length-none -fconvert=big-endian -frecord-marker=4 -fallow-argument-mismatch -fallow-invalid-boz   -I../dyn_em  -I/home/hnavarro/Desktop/WRF/BUILD_WRF/WRF/external/esmf_time_f90  -I/home/hnavarro/Desktop/WRF/BUILD_WRF/WRF/main -I/home/hnavarro/Desktop/WRF/BUILD_WRF/WRF/external/io_netcdf -I/home/hnavarro/Desktop/WRF/BUILD_WRF/WRF/external/io_int -I/home/hnavarro/Desktop/WRF/BUILD_WRF/WRF/frame -I/home/hnavarro/Desktop/WRF/BUILD_WRF/WRF/share -I/home/hnavarro/Desktop/WRF/BUILD_WRF/WRF/phys -I/home/hnavarro/Desktop/WRF/BUILD_WRF/WRF/wrftladj -I/home/hnavarro/Desktop/WRF/BUILD_WRF/WRF/chem -I/home/hnavarro/Desktop/WRF/BUILD_WRF/WRF/inc -I/home/hnavarro/Desktop/WRF/Install-WRF-Chem/LIBRARIES/netcdf/include    ndown_em.f90
29.65user 0.21system 0:29.88elapsed 99%CPU (0avgtext+0avgdata 491680maxresident)k
0inputs+1872outputs (0major+141466minor)pagefaults 0swaps
rm -f tc_em.o
sed -e "s/^\!.*'.*//" -e "s/^ *\!.*'.*//" tc_em.F > tc_em.G
/lib/cpp -P -nostdinc -I/home/hnavarro/Desktop/WRF/BUILD_WRF/WRF/inc -DEM_CORE=1 -DNMM_CORE=0 -DNMM_MAX_DIM=2600 -DDA_CORE=0 -DWRFPLUS=0 -DIWORDSIZE=4 -DDWORDSIZE=8 -DRWORDSIZE=4 -DLWORDSIZE=4 -DNONSTANDARD_SYSTEM_SUBR  -DWRF_USE_CLM  -DDM_PARALLEL -DNETCDF -DLANDREAD_STUB=1 -DUSE_ALLOCATABLES -Dwrfmodel -DGRIB1 -DINTIO -DKEEP_INT_AROUND -DLIMIT_ARGS -DBUILD_RRTMG_FAST=0 -DBUILD_RRTMK=0 -DBUILD_SBM_FAST=1 -DSHOW_ALL_VARS_USED=0 -DCONFIG_BUF_LEN=65536 -DMAX_DOMAINS_F=21 -DMAX_HISTORY=25 -DNMM_NEST=0 -DWRF_CHEM -DBUILD_CHEM=1 -I. -traditional-cpp   tc_em.G  > tc_em.bb
/home/hnavarro/Desktop/WRF/BUILD_WRF/WRF/tools/standard.exe tc_em.bb | /lib/cpp -P -nostdinc -traditional-cpp > tc_em.f90
rm -f tc_em.G tc_em.bb
time mpif90 -f90=gfortran -o tc_em.o -c -O2 -ftree-vectorize -funroll-loops -w -ffree-form -ffree-line-length-none -fconvert=big-endian -frecord-marker=4 -fallow-argument-mismatch -fallow-invalid-boz   -I../dyn_em  -I/home/hnavarro/Desktop/WRF/BUILD_WRF/WRF/external/esmf_time_f90  -I/home/hnavarro/Desktop/WRF/BUILD_WRF/WRF/main -I/home/hnavarro/Desktop/WRF/BUILD_WRF/WRF/external/io_netcdf -I/home/hnavarro/Desktop/WRF/BUILD_WRF/WRF/external/io_int -I/home/hnavarro/Desktop/WRF/BUILD_WRF/WRF/frame -I/home/hnavarro/Desktop/WRF/BUILD_WRF/WRF/share -I/home/hnavarro/Desktop/WRF/BUILD_WRF/WRF/phys -I/home/hnavarro/Desktop/WRF/BUILD_WRF/WRF/wrftladj -I/home/hnavarro/Desktop/WRF/BUILD_WRF/WRF/chem -I/home/hnavarro/Desktop/WRF/BUILD_WRF/WRF/inc -I/home/hnavarro/Desktop/WRF/Install-WRF-Chem/LIBRARIES/netcdf/include    tc_em.f90
28.05user 0.15system 0:28.22elapsed 99%CPU (0avgtext+0avgdata 297372maxresident)k
0inputs+1704outputs (0major+88580minor)pagefaults 0swaps
rm -f real_em.o
sed -e "s/^\!.*'.*//" -e "s/^ *\!.*'.*//" real_em.F > real_em.G
/lib/cpp -P -nostdinc -I/home/hnavarro/Desktop/WRF/BUILD_WRF/WRF/inc -DEM_CORE=1 -DNMM_CORE=0 -DNMM_MAX_DIM=2600 -DDA_CORE=0 -DWRFPLUS=0 -DIWORDSIZE=4 -DDWORDSIZE=8 -DRWORDSIZE=4 -DLWORDSIZE=4 -DNONSTANDARD_SYSTEM_SUBR  -DWRF_USE_CLM  -DDM_PARALLEL -DNETCDF -DLANDREAD_STUB=1 -DUSE_ALLOCATABLES -Dwrfmodel -DGRIB1 -DINTIO -DKEEP_INT_AROUND -DLIMIT_ARGS -DBUILD_RRTMG_FAST=0 -DBUILD_RRTMK=0 -DBUILD_SBM_FAST=1 -DSHOW_ALL_VARS_USED=0 -DCONFIG_BUF_LEN=65536 -DMAX_DOMAINS_F=21 -DMAX_HISTORY=25 -DNMM_NEST=0 -DWRF_CHEM -DBUILD_CHEM=1 -I. -traditional-cpp   real_em.G  > real_em.bb
/home/hnavarro/Desktop/WRF/BUILD_WRF/WRF/tools/standard.exe real_em.bb | /lib/cpp -P -nostdinc -traditional-cpp > real_em.f90
rm -f real_em.G real_em.bb
time mpif90 -f90=gfortran -o real_em.o -c -O2 -ftree-vectorize -funroll-loops -w -ffree-form -ffree-line-length-none -fconvert=big-endian -frecord-marker=4 -fallow-argument-mismatch -fallow-invalid-boz   -I../dyn_em  -I/home/hnavarro/Desktop/WRF/BUILD_WRF/WRF/external/esmf_time_f90  -I/home/hnavarro/Desktop/WRF/BUILD_WRF/WRF/main -I/home/hnavarro/Desktop/WRF/BUILD_WRF/WRF/external/io_netcdf -I/home/hnavarro/Desktop/WRF/BUILD_WRF/WRF/external/io_int -I/home/hnavarro/Desktop/WRF/BUILD_WRF/WRF/frame -I/home/hnavarro/Desktop/WRF/BUILD_WRF/WRF/share -I/home/hnavarro/Desktop/WRF/BUILD_WRF/WRF/phys -I/home/hnavarro/Desktop/WRF/BUILD_WRF/WRF/wrftladj -I/home/hnavarro/Desktop/WRF/BUILD_WRF/WRF/chem -I/home/hnavarro/Desktop/WRF/BUILD_WRF/WRF/inc -I/home/hnavarro/Desktop/WRF/Install-WRF-Chem/LIBRARIES/netcdf/include    real_em.f90
84.79user 0.25system 1:25.09elapsed 99%CPU (0avgtext+0avgdata 389980maxresident)k
0inputs+3112outputs (0major+125492minor)pagefaults 0swaps
ranlib  libwrflib.a
time mpif90 -f90=gfortran -o ndown.exe  -O2 -ftree-vectorize -funroll-loops -w -ffree-form -ffree-line-length-none -fconvert=big-endian -frecord-marker=4 -fallow-argument-mismatch -fallow-invalid-boz    ndown_em.o  ../dyn_em/module_initialize_real.o libwrflib.a /home/hnavarro/Desktop/WRF/BUILD_WRF/WRF/external/fftpack/fftpack5/libfftpack.a /home/hnavarro/Desktop/WRF/BUILD_WRF/WRF/external/io_grib1/libio_grib1.a /home/hnavarro/Desktop/WRF/BUILD_WRF/WRF/external/io_grib_share/libio_grib_share.a /home/hnavarro/Desktop/WRF/BUILD_WRF/WRF/external/io_int/libwrfio_int.a -L/home/hnavarro/Desktop/WRF/BUILD_WRF/WRF/external/esmf_time_f90 -lesmf_time /home/hnavarro/Desktop/WRF/BUILD_WRF/WRF/external/RSL_LITE/librsl_lite.a /home/hnavarro/Desktop/WRF/BUILD_WRF/WRF/frame/module_internal_header_util.o /home/hnavarro/Desktop/WRF/BUILD_WRF/WRF/frame/pack_utils.o -L/home/hnavarro/Desktop/WRF/BUILD_WRF/WRF/external/io_netcdf -lwrfio_nf -L/home/hnavarro/Desktop/WRF/Install-WRF-Chem/LIBRARIES/netcdf/lib -lnetcdff -lnetcdf          
0.41user 0.25system 0:00.67elapsed 99%CPU (0avgtext+0avgdata 224104maxresident)k
0inputs+138136outputs (0major+65827minor)pagefaults 0swaps
time mpif90 -f90=gfortran -o tc.exe  -O2 -ftree-vectorize -funroll-loops -w -ffree-form -ffree-line-length-none -fconvert=big-endian -frecord-marker=4 -fallow-argument-mismatch -fallow-invalid-boz    tc_em.o  ../dyn_em/module_initialize_real.o libwrflib.a /home/hnavarro/Desktop/WRF/BUILD_WRF/WRF/external/fftpack/fftpack5/libfftpack.a /home/hnavarro/Desktop/WRF/BUILD_WRF/WRF/external/io_grib1/libio_grib1.a /home/hnavarro/Desktop/WRF/BUILD_WRF/WRF/external/io_grib_share/libio_grib_share.a /home/hnavarro/Desktop/WRF/BUILD_WRF/WRF/external/io_int/libwrfio_int.a -L/home/hnavarro/Desktop/WRF/BUILD_WRF/WRF/external/esmf_time_f90 -lesmf_time /home/hnavarro/Desktop/WRF/BUILD_WRF/WRF/external/RSL_LITE/librsl_lite.a /home/hnavarro/Desktop/WRF/BUILD_WRF/WRF/frame/module_internal_header_util.o /home/hnavarro/Desktop/WRF/BUILD_WRF/WRF/frame/pack_utils.o -L/home/hnavarro/Desktop/WRF/BUILD_WRF/WRF/external/io_netcdf -lwrfio_nf -L/home/hnavarro/Desktop/WRF/Install-WRF-Chem/LIBRARIES/netcdf/lib -lnetcdff -lnetcdf          
0.30user 0.21system 0:00.51elapsed 100%CPU (0avgtext+0avgdata 209384maxresident)k
0inputs+126504outputs (0major+62167minor)pagefaults 0swaps
time mpif90 -f90=gfortran -o real.exe  -O2 -ftree-vectorize -funroll-loops -w -ffree-form -ffree-line-length-none -fconvert=big-endian -frecord-marker=4 -fallow-argument-mismatch -fallow-invalid-boz    real_em.o ../dyn_em/module_initialize_real.o libwrflib.a /home/hnavarro/Desktop/WRF/BUILD_WRF/WRF/external/fftpack/fftpack5/libfftpack.a /home/hnavarro/Desktop/WRF/BUILD_WRF/WRF/external/io_grib1/libio_grib1.a /home/hnavarro/Desktop/WRF/BUILD_WRF/WRF/external/io_grib_share/libio_grib_share.a /home/hnavarro/Desktop/WRF/BUILD_WRF/WRF/external/io_int/libwrfio_int.a -L/home/hnavarro/Desktop/WRF/BUILD_WRF/WRF/external/esmf_time_f90 -lesmf_time /home/hnavarro/Desktop/WRF/BUILD_WRF/WRF/external/RSL_LITE/librsl_lite.a /home/hnavarro/Desktop/WRF/BUILD_WRF/WRF/frame/module_internal_header_util.o /home/hnavarro/Desktop/WRF/BUILD_WRF/WRF/frame/pack_utils.o -L/home/hnavarro/Desktop/WRF/BUILD_WRF/WRF/external/io_netcdf -lwrfio_nf -L/home/hnavarro/Desktop/WRF/Install-WRF-Chem/LIBRARIES/netcdf/lib -lnetcdff -lnetcdf          
0.31user 0.18system 0:00.50elapsed 99%CPU (0avgtext+0avgdata 224620maxresident)k
0inputs+138408outputs (0major+66024minor)pagefaults 0swaps
make[1]: Leaving directory '/home/hnavarro/Desktop/WRF/BUILD_WRF/WRF/main'
( cd test/em_real ; /bin/rm -f wrf.exe ; ln -s ../../main/wrf.exe . )
if [ 0 -eq 1 ] ; then \
  ( cd main ; make -i -r RLFLAGS="" MODULE_DIRS="-I../dyn_em  -I/home/hnavarro/Desktop/WRF/BUILD_WRF/WRF/external/esmf_time_f90  -I/home/hnavarro/Desktop/WRF/BUILD_WRF/WRF/main -I/home/hnavarro/Desktop/WRF/BUILD_WRF/WRF/external/io_netcdf -I/home/hnavarro/Desktop/WRF/BUILD_WRF/WRF/external/io_int -I/home/hnavarro/Desktop/WRF/BUILD_WRF/WRF/frame -I/home/hnavarro/Desktop/WRF/BUILD_WRF/WRF/share -I/home/hnavarro/Desktop/WRF/BUILD_WRF/WRF/phys -I/home/hnavarro/Desktop/WRF/BUILD_WRF/WRF/wrftladj -I/home/hnavarro/Desktop/WRF/BUILD_WRF/WRF/chem -I/home/hnavarro/Desktop/WRF/BUILD_WRF/WRF/inc -I/home/hnavarro/Desktop/WRF/Install-WRF-Chem/LIBRARIES/netcdf/include " SOLVER=em IDEAL_CASE=real em_wrf_SST_ESMF ) ; \
  ( cd test/em_esmf_exp ; /bin/rm -f wrf.exe ; ln -s ../../main/wrf.exe . ) ; \
  ( cd test/em_esmf_exp ; /bin/rm -f wrf_SST_ESMF.exe ; ln -s ../../main/wrf_SST_ESMF.exe . ) ; \
  ( cd test/em_esmf_exp ; /bin/rm -f real.exe ; ln -s ../../main/real.exe . ) ; \
  ( cd test/em_esmf_exp ; /bin/rm -f README.namelist ; ln -s ../../run/README.namelist . ) ; \
  ( cd test/em_esmf_exp ; /bin/rm -f ETAMPNEW_DATA.expanded_rain ETAMPNEW_DATA RRTM_DATA RRTMG_LW_DATA RRTMG_SW_DATA ; \
               ln -sf ../../run/ETAMPNEW_DATA . ;                      \
               ln -sf ../../run/ETAMPNEW_DATA.expanded_rain . ;        \
               ln -sf ../../run/RRTM_DATA . ;                          \
               ln -sf ../../run/RRTMG_LW_DATA . ;                      \
               ln -sf ../../run/RRTMG_SW_DATA . ;                      \
               ln -sf ../../run/CAM_ABS_DATA . ;                       \
               ln -sf ../../run/CAM_AEROPT_DATA . ;                    \
               ln -sf ../../run/CAMtr_volume_mixing_ratio.RCP4.5 . ;   \
               ln -sf ../../run/CAMtr_volume_mixing_ratio.RCP6   . ;   \
               ln -sf ../../run/CAMtr_volume_mixing_ratio.RCP8.5 . ;   \
               ln -sf ../../run/CAMtr_volume_mixing_ratio.A1B    . ;   \
               ln -sf ../../run/CAMtr_volume_mixing_ratio.A2     . ;   \
               ln -sf ../../run/CAMtr_volume_mixing_ratio.SSP119 . ;   \
               ln -sf ../../run/CAMtr_volume_mixing_ratio.SSP126 . ;   \
               ln -sf ../../run/CAMtr_volume_mixing_ratio.SSP245 . ;   \
               ln -sf ../../run/CAMtr_volume_mixing_ratio.SSP245 CAMtr_volume_mixing_ratio ;   \
               ln -sf ../../run/CAMtr_volume_mixing_ratio.SSP370 . ;   \
               ln -sf ../../run/CAMtr_volume_mixing_ratio.SSP585 . ;   \
               ln -sf ../../run/CLM_ALB_ICE_DFS_DATA . ;               \
               ln -sf ../../run/CLM_ALB_ICE_DRC_DATA . ;               \
               ln -sf ../../run/CLM_ASM_ICE_DFS_DATA . ;               \
               ln -sf ../../run/CLM_ASM_ICE_DRC_DATA . ;               \
               ln -sf ../../run/CLM_DRDSDT0_DATA . ;                   \
               ln -sf ../../run/CLM_EXT_ICE_DFS_DATA . ;               \
               ln -sf ../../run/CLM_EXT_ICE_DRC_DATA . ;               \
               ln -sf ../../run/CLM_KAPPA_DATA . ;                     \
               ln -sf ../../run/CLM_TAU_DATA . ;                       \
               ln -sf ../../run/ozone.formatted . ;                    \
               ln -sf ../../run/ozone_lat.formatted . ;                \
               ln -sf ../../run/ozone_plev.formatted . ;               \
               ln -sf ../../run/aerosol.formatted . ;                  \
               ln -sf ../../run/aerosol_lat.formatted . ;              \
               ln -sf ../../run/aerosol_lon.formatted . ;              \
               ln -sf ../../run/aerosol_plev.formatted . ;             \
               ln -sf ../../run/eclipse_besselian_elements.dat . ;     \
               ln -sf ../../run/CCN_ACTIVATE.BIN . ;                   \
       ln -sf ../../run/p3_lookupTable_1.dat-v5.4_2momI . ;    \
               ln -sf ../../run/p3_lookupTable_1.dat-v5.4_3momI . ;    \
               ln -sf ../../run/p3_lookupTable_2.dat-v5.3 . ;          \
               ln -sf ../../run/HLC.TBL . ;                            \
               ln -sf ../../run/wind-turbine-1.tbl . ;                 \
               ln -sf ../../run/ishmael-gamma-tab.bin . ;              \
               ln -sf ../../run/ishmael-qi-qc.bin . ;                  \
               ln -sf ../../run/ishmael-qi-qr.bin . ;                  \
               ln -sf ../../run/BROADBAND_CLOUD_GODDARD.bin . ;        \
               ln -sf ../../run/STOCHPERT.TBL . ;                      \
               if [ 4 -eq 8 ] ; then                        \
                  ln -sf ../../run/ETAMPNEW_DATA_DBL ETAMPNEW_DATA ;   \
                  ln -sf ../../run/ETAMPNEW_DATA.expanded_rain_DBL ETAMPNEW_DATA.expanded_rain ;   \
                  ln -sf ../../run/RRTM_DATA_DBL RRTM_DATA         ;   \
                  ln -sf ../../run/RRTMG_LW_DATA_DBL RRTMG_LW_DATA ;   \
                  ln -sf ../../run/RRTMG_SW_DATA_DBL RRTMG_SW_DATA ;   \
               fi ) ; \
  ( cd test/em_esmf_exp ; /bin/rm -f GENPARM.TBL ; ln -s ../../run/GENPARM.TBL . ) ; \
  ( cd test/em_esmf_exp ; /bin/rm -f LANDUSE.TBL ; ln -s ../../run/LANDUSE.TBL . ) ; \
  ( cd test/em_esmf_exp ; /bin/rm -f SOILPARM.TBL ; ln -s ../../run/SOILPARM.TBL . ) ; \
  ( cd test/em_esmf_exp ; /bin/rm -f URBPARM.TBL ; ln -s ../../run/URBPARM.TBL . ) ; \
  ( cd test/em_esmf_exp ; /bin/rm -f URBPARM_LCZ.TBL ; ln -s ../../run/URBPARM_LCZ.TBL . ) ; \
  ( cd test/em_esmf_exp ; /bin/rm -f VEGPARM.TBL ; ln -s ../../run/VEGPARM.TBL . ) ; \
  ( cd test/em_esmf_exp ; /bin/rm -f MPTABLE.TBL ; ln -s ../../run/MPTABLE.TBL . ) ; \
  ( cd test/em_esmf_exp ; /bin/rm -f tr49t67 ; ln -s ../../run/tr49t67 . ) ; \
  ( cd test/em_esmf_exp ; /bin/rm -f tr49t85 ; ln -s ../../run/tr49t85 . ) ; \
  ( cd test/em_esmf_exp ; /bin/rm -f tr67t85 ; ln -s ../../run/tr67t85 . ) ; \
  ( cd test/em_esmf_exp ; /bin/rm -f gribmap.txt ; ln -s ../../run/gribmap.txt . ) ; \
  ( cd test/em_esmf_exp ; /bin/rm -f grib2map.tbl ; ln -s ../../run/grib2map.tbl . ) ; \
fi
( cd test/em_real ; /bin/rm -f real.exe ; ln -s ../../main/real.exe . )
( cd test/em_real ; /bin/rm -f tc.exe ; ln -s ../../main/tc.exe . )
( cd test/em_real ; /bin/rm -f ndown.exe ; ln -s ../../main/ndown.exe . )
( cd test/em_real ; /bin/rm -f README.namelist ; ln -s ../../run/README.namelist . )
( cd test/em_real ; /bin/rm -f README.physics_files ; ln -s ../../run/README.physics_files . )
( cd test/em_real ; /bin/rm -f ETAMPNEW_DATA.expanded_rain ETAMPNEW_DATA RRTM_DATA RRTMG_LW_DATA RRTMG_SW_DATA ;    \
             ln -sf ../../run/ETAMPNEW_DATA . ;                     \
             ln -sf ../../run/ETAMPNEW_DATA.expanded_rain . ;       \
             ln -sf ../../run/RRTM_DATA . ;                         \
             ln -sf ../../run/RRTMG_LW_DATA . ;                     \
             ln -sf ../../run/RRTMG_SW_DATA . ;                     \
             ln -sf ../../run/CAM_ABS_DATA . ;                      \
             ln -sf ../../run/CAM_AEROPT_DATA . ;                   \
             ln -sf ../../run/CAMtr_volume_mixing_ratio.RCP4.5 . ;  \
             ln -sf ../../run/CAMtr_volume_mixing_ratio.RCP6   . ;  \
             ln -sf ../../run/CAMtr_volume_mixing_ratio.RCP8.5 . ;  \
             ln -sf ../../run/CAMtr_volume_mixing_ratio.A1B    . ;  \
             ln -sf ../../run/CAMtr_volume_mixing_ratio.A2     . ;  \
             ln -sf ../../run/CAMtr_volume_mixing_ratio.SSP119 . ;  \
             ln -sf ../../run/CAMtr_volume_mixing_ratio.SSP126 . ;  \
             ln -sf ../../run/CAMtr_volume_mixing_ratio.SSP245 . ;  \
             ln -sf ../../run/CAMtr_volume_mixing_ratio.SSP245 CAMtr_volume_mixing_ratio ;   \
             ln -sf ../../run/CAMtr_volume_mixing_ratio.SSP370 . ;  \
             ln -sf ../../run/CAMtr_volume_mixing_ratio.SSP585 . ;  \
             ln -sf ../../run/CLM_ALB_ICE_DFS_DATA . ;              \
             ln -sf ../../run/CLM_ALB_ICE_DRC_DATA . ;              \
             ln -sf ../../run/CLM_ASM_ICE_DFS_DATA . ;              \
             ln -sf ../../run/CLM_ASM_ICE_DRC_DATA . ;              \
             ln -sf ../../run/CLM_DRDSDT0_DATA . ;                  \
             ln -sf ../../run/CLM_EXT_ICE_DFS_DATA . ;              \
             ln -sf ../../run/CLM_EXT_ICE_DRC_DATA . ;              \
             ln -sf ../../run/CLM_KAPPA_DATA . ;                    \
             ln -sf ../../run/CLM_TAU_DATA . ;                      \
             ln -sf ../../run/ozone.formatted . ;                   \
             ln -sf ../../run/ozone_lat.formatted . ;               \
             ln -sf ../../run/ozone_plev.formatted . ;              \
             ln -sf ../../run/aerosol.formatted . ;                 \
             ln -sf ../../run/aerosol_lat.formatted . ;             \
             ln -sf ../../run/aerosol_lon.formatted . ;             \
             ln -sf ../../run/aerosol_plev.formatted . ;            \
             ln -sf ../../run/eclipse_besselian_elements.dat . ;    \
             ln -sf ../../run/capacity.asc . ;                      \
             ln -sf ../../run/coeff_p.asc . ;                       \
             ln -sf ../../run/coeff_q.asc . ;                       \
             ln -sf ../../run/constants.asc . ;                     \
             ln -sf ../../run/masses.asc . ;                        \
             ln -sf ../../run/termvels.asc . ;                      \
             ln -sf ../../run/kernels.asc_s_0_03_0_9 . ;            \
             ln -sf ../../run/kernels_z.asc . ;                     \
             ln -sf ../../run/bulkdens.asc_s_0_03_0_9 . ;           \
             ln -sf ../../run/bulkradii.asc_s_0_03_0_9 . ;          \
             ln -sf ../../run/CCN_ACTIVATE.BIN . ;                  \
             ln -sf ../../run/p3_lookupTable_1.dat-v5.4_2momI . ;   \
             ln -sf ../../run/p3_lookupTable_1.dat-v5.4_3momI . ;   \
             ln -sf ../../run/p3_lookupTable_2.dat-v5.3 . ;         \
             ln -sf ../../run/HLC.TBL . ;                           \
             ln -sf ../../run/wind-turbine-1.tbl . ;                \
             ln -sf ../../run/ishmael-gamma-tab.bin . ;             \
             ln -sf ../../run/ishmael-qi-qc.bin . ;                 \
             ln -sf ../../run/ishmael-qi-qr.bin . ;                 \
             ln -sf ../../run/BROADBAND_CLOUD_GODDARD.bin . ;       \
             ln -sf ../../run/STOCHPERT.TBL . ;                     \
             if [ 4 -eq 8 ] ; then                       \
                ln -sf ../../run/ETAMPNEW_DATA_DBL ETAMPNEW_DATA ;  \
                ln -sf ../../run/ETAMPNEW_DATA.expanded_rain_DBL ETAMPNEW_DATA.expanded_rain ;   \
                ln -sf ../../run/RRTM_DATA_DBL RRTM_DATA ;          \
                ln -sf ../../run/RRTMG_LW_DATA_DBL RRTMG_LW_DATA ;  \
                ln -sf ../../run/RRTMG_SW_DATA_DBL RRTMG_SW_DATA ;  \
             fi )
( cd test/em_real ; if test -d ../../run/SBM_input_33 ; then				\
             ln -sf ../../run/SBM_input_33 . ;						\
             ln -sf ../../run/scattering_tables_2layer_high_quad_1dT_1%fw_110 . ;	\
             fi )
( cd test/em_real ; /bin/rm -f GENPARM.TBL ; ln -s ../../run/GENPARM.TBL . )
( cd test/em_real ; /bin/rm -f LANDUSE.TBL ; ln -s ../../run/LANDUSE.TBL . )
( cd test/em_real ; /bin/rm -f SOILPARM.TBL ; ln -s ../../run/SOILPARM.TBL . )
( cd test/em_real ; /bin/rm -f URBPARM.TBL ; ln -s ../../run/URBPARM.TBL . )
( cd test/em_real ; /bin/rm -f URBPARM_LCZ.TBL ; ln -s ../../run/URBPARM_LCZ.TBL . )
( cd test/em_real ; /bin/rm -f VEGPARM.TBL ; ln -s ../../run/VEGPARM.TBL . )
( cd test/em_real ; /bin/rm -f MPTABLE.TBL ; ln -s ../../run/MPTABLE.TBL . )
( cd test/em_real ; /bin/rm -f tr49t67 ; ln -s ../../run/tr49t67 . )
( cd test/em_real ; /bin/rm -f tr49t85 ; ln -s ../../run/tr49t85 . )
( cd test/em_real ; /bin/rm -f tr67t85 ; ln -s ../../run/tr67t85 . )
( cd test/em_real ; /bin/rm -f gribmap.txt ; ln -s ../../run/gribmap.txt . )
( cd test/em_real ; /bin/rm -f grib2map.tbl ; ln -s ../../run/grib2map.tbl . )
( cd run ; /bin/rm -f real.exe ; ln -s ../main/real.exe . )
( cd run ; /bin/rm -f tc.exe ; ln -s ../main/tc.exe . )
( cd run ; /bin/rm -f ndown.exe ; ln -s ../main/ndown.exe . )
( cd run ; if test -f namelist.input ; then \
	/bin/cp -f namelist.input namelist.input.backup.`date +%Y-%m-%d_%H_%M_%S` ; fi ; \
	/bin/rm -f namelist.input ; cp ../test/em_real/namelist.input . )
 
==========================================================================
build started:   Mon 10 Mar 17:18:58 CET 2025
build completed: Mon 10 Mar 17:52:27 CET 2025
 
--->                  Executables successfully built                  <---
 
-rwxrwxr-x 1 hnavarro hnavarro 70725104 Mar 10 17:52 main/ndown.exe
-rwxrwxr-x 1 hnavarro hnavarro 70864616 Mar 10 17:52 main/real.exe
-rwxrwxr-x 1 hnavarro hnavarro 64767456 Mar 10 17:52 main/tc.exe
-rwxrwxr-x 1 hnavarro hnavarro 83165776 Mar 10 17:48 main/wrf.exe
 
==========================================================================
 
